Godot Engine v4.7.2.stable.official.ed1daf0bf - https://godotengine.org
OpenGL API 3.3.0 NVIDIA 591.86 - Compatibility - Using Device: NVIDIA - NVIDIA GeForce RTX 4070 SUPER

PLAYER_FLOW_EVIDENCE=C:/Users/lapyin/AppData/Roaming/Godot/app_userdata/PixelArmor/tests/player_flow034_2271019
[PASS] actual rendered Release player-flow verification
[PASS] actual window capture 00_garage_main_menu (review pending)
[PASS] normal UI control is visible before click: /root/AppFlow/@CanvasLayer@2/@Control@4/Frontend/@VBoxContainer@213/@HBoxContainer@226/@PanelContainer@227/@VBoxContainer@228/@ScrollContainer@231/@VBoxContainer@232/@VBoxContainer@233/@Button@243 visible=true disabled=false
[PASS] normal garage challenge button opens task selection
[PASS] actual window capture 01_challenge_rules (review pending)
[PASS] normal UI control is visible before click: /root/AppFlow/@CanvasLayer@2/@Control@4/@Control@300/@PanelContainer@302/@VBoxContainer@303/@Button@332 visible=true disabled=false
[PASS] normal challenge launch and countdown starts actual scene
[PASS] launch click leaks no shot and loads exactly six rounds
[PASS] actual window capture 02_flank_start (review pending)
[PASS] normal Esc pause freezes actual challenge clock
[PASS] normal UI control is visible before click: /root/AppFlow/@Node3D@344/HUD/@Control@554/@CenterContainer@556/@VBoxContainer@557/@Button@559 visible=true disabled=false
[drive] goal=(-16.0, 0.0, 20.0) actual=(-16.57056, 0.005926, 19.82797) elapsed=13.8000000000003
[PASS] WASD drives from start toward visible western approach
[drive] goal=(-16.0, 0.0, -20.0) actual=(-16.21742, 0.017231, -20.48752) elapsed=30.2833333333329
[PASS] WASD reaches side of the static armoured target
[aim] barrel converged miss=0.0257 m on pass 33
[aim] camera=(-27.03519, 6.41, -20.41671) intent=(81.88528, 0.310137, -21.12965) muzzle=(-13.51878, 2.246519, -20.12181) dir=(0.999738, -0.020291, -0.01056)
[PASS] actual window capture 03_flank_aim (review pending)
[normal shot] shots=1 outcome={ "stars": 3, "score": 31816, "elapsed_ms": 48367, "shots": 1, "repairs": 0, "explanation": "★ 目标完成\n★ 用弹 ≤ 2发（实际1发）\n★ 80秒内完成（实际 48.4秒）", "attempt_id": 24001, "best_key": "flank_hunter:v1:normal", "title": "侧翼猎手", "status": "passed", "reason": "objectives_complete" } last=fired
[normal record] { "round_id": 24001, "shooter_id": "A", "shooter_life_id": 1, "shooter_team_id": 1, "shot_id": 1, "projectile_id": 1, "shell_id": "us_m4a3_75w_vvss_1944_m61_m3", "seed": 2392720991 } contacts=[["B1", "turret_wall_4", "penetrated", (-0.945225, 1.989258, -20.25463)]] damage=[["ammo_ready", true]] terminal={ "projectile_id": 1, "round_id": 24001, "shooter_id": "A", "shooter_life_id": 1, "shooter_team_id": 1, "shot_id": 1, "shell_id": "us_m4a3_75w_vvss_1944_m61_m3", "reason": "internal_burst", "flight_time_s": 0.02332641758318, "travelled_m": 14.4331374168396, "impact_point": (0.910522, 1.950939, -20.27423), "impact_velocity": (618.5822, -12.78398, -6.534144), "target_id": "B1", "target_life_id": 2, "surface_id": "", "query_id": "proj_1", "physics_tick": 3188, "detail": "", "armor_policy": "resolve", "rules_version": "armor-test-v1" }
[PASS] normal keyboard and mouse session completes flank challenge
[PASS] result backed by actual side penetration and attributed death
[PASS] actual personal best is saved after verified success
[PASS] new store reloads exact best from disk
[saved profile] user://tests/installation031_2012709/commander best={ "flank_hunter:v1:normal": { "elapsed_ms": 48367, "repairs": 0, "score": 31816, "shots": 1, "stars": 3 } }
[PASS] actual window capture 04_stars_saved (review pending)
[PASS] normal V opens post-result real shot replay
[PASS] visible replay close button is fully inside actual game window
[PASS] actual window capture 05_real_shot_replay (review pending)
[PASS] normal UI control is visible before click: /root/AppFlow/@Node3D@344/HUD/@PanelContainer@623/@VBoxContainer@624/@Button@629 visible=true disabled=false
[PASS] normal return restores garage
[PASS] normal UI control is visible before click: /root/AppFlow/@CanvasLayer@2/@Control@895/Frontend/@VBoxContainer@1104/@HBoxContainer@1117/@PanelContainer@1118/@VBoxContainer@1119/@ScrollContainer@1122/@VBoxContainer@1123/@VBoxContainer@1124/@Button@1134 visible=true disabled=false
[PASS] task selection displays saved personal best after returning
[PASS] actual window capture 06_personal_best (review pending)
[PASS] normal UI control is visible before click: /root/AppFlow/@CanvasLayer@2/@Control@895/@Control@1191/@PanelContainer@1193/@VBoxContainer@1194/@OptionButton@1206 visible=true disabled=false
[PASS] normal UI control is visible before click: /root/AppFlow/@CanvasLayer@2/@Control@895/@Control@1191/@PanelContainer@1193/@VBoxContainer@1194/@Button@1223 visible=true disabled=false
[PASS] normal selector enters industrial finite-wave defense
[PASS] actual window capture 07_defense_start (review pending)
[PASS] normal R retry creates one fresh defense attempt and opponent
[PASS] normal UI control is visible before click: /root/AppFlow/@Node3D@1607/HUD/@Control@1756/@CenterContainer@1758/@VBoxContainer@1759/@Button@1763 visible=true disabled=false
[PASS] normal UI control is visible before click: /root/AppFlow/@CanvasLayer@2/ApplicationDialog/@MarginContainer@1970/@VBoxContainer@1971/@HBoxContainer@1975/@Button@1977 visible=true disabled=false
[PASS] normal live-match confirmation returns to garage
[PASS] normal UI control is visible before click: /root/AppFlow/@CanvasLayer@2/@Control@1980/Frontend/@VBoxContainer@2189/@HBoxContainer@2202/@PanelContainer@2203/@VBoxContainer@2204/@ScrollContainer@2207/@VBoxContainer@2208/@VBoxContainer@2209/@Button@2219 visible=true disabled=false
[PASS] normal UI control is visible before click: /root/AppFlow/@CanvasLayer@2/@Control@1980/@Control@2276/@PanelContainer@2278/@VBoxContainer@2279/@OptionButton@2291 visible=true disabled=false
[PASS] normal UI control is visible before click: /root/AppFlow/@CanvasLayer@2/@Control@1980/@Control@2276/@PanelContainer@2278/@VBoxContainer@2279/@OptionButton@2302 visible=true disabled=false
[PASS] normal UI control is visible before click: /root/AppFlow/@CanvasLayer@2/@Control@1980/@Control@2276/@PanelContainer@2278/@VBoxContainer@2279/@Button@2308 visible=true disabled=false
[PASS] normal selector enters hard M36 route with its actual four-round loadout
[PASS] actual window capture 08_m36_route_start (review pending)
[PASS] normal UI control is visible before click: /root/AppFlow/@Node3D@2320/HUD/@Control@2530/@CenterContainer@2532/@VBoxContainer@2533/@Button@2537 visible=true disabled=false
[PASS] normal UI control is visible before click: /root/AppFlow/@CanvasLayer@2/ApplicationDialog/@MarginContainer@2749/@VBoxContainer@2750/@HBoxContainer@2754/@Button@2756 visible=true disabled=false
[PASS] normal live-match confirmation returns to garage
[PASS] quitting other challenges cannot overwrite or invent personal bests
[PASS] garage frontend exposes its navigation tabs
[PASS] garage frontend exposes a vehicle card per vehicle
[PASS] normal UI control is visible before click: /root/AppFlow/@CanvasLayer@2/@Control@2758/Frontend/@VBoxContainer@2967/@HBoxContainer@2968/@Button@2974 visible=true disabled=false
[PASS] clicking the vehicle tab activates the vehicle systems page
[garage card] wanted=us_m4a3_75w_vvss_1944 before=player_tank rect=[P: (201.0, 595.0), S: (167.0, 74.0)]
[PASS] normal UI control is visible before click: /root/AppFlow/@CanvasLayer@2/@Control@2758/Frontend/@VBoxContainer@2967/@HBoxContainer@3025/@Button@3027 visible=true disabled=false
[PASS] clicking the vehicle card selects it
[PASS] normal UI control is visible before click: /root/AppFlow/@CanvasLayer@2/@Control@2758/Frontend/@VBoxContainer@2967/@HBoxContainer@2968/@Button@2973 visible=true disabled=false
[PASS] clicking the deployment tab activates it
[PASS] normal UI control is visible before click: /root/AppFlow/@CanvasLayer@2/@Control@2758/Frontend/@VBoxContainer@2967/@HBoxContainer@2980/@PanelContainer@2981/@VBoxContainer@2982/@ScrollContainer@2985/@VBoxContainer@2986/@VBoxContainer@2987/@OptionButton@2813 visible=true disabled=false
[PASS] normal UI control is visible before click: /root/AppFlow/@CanvasLayer@2/@Control@2758/Frontend/@VBoxContainer@2967/@HBoxContainer@2980/@PanelContainer@2981/@VBoxContainer@2982/@ScrollContainer@2985/@VBoxContainer@2986/@VBoxContainer@2987/@OptionButton@2838 visible=true disabled=false
[PASS] chosen map is committed by the real control
[garage] map_index=0 page=0 tabs=3 cards=7 selected=us_m4a3_75w_vvss_1944 deploy_visible=true map_choice=0
[PASS] normal UI control is visible before click: /root/AppFlow/@CanvasLayer@2/@Control@2758/Frontend/@VBoxContainer@2967/@HBoxContainer@2980/@PanelContainer@2981/@VBoxContainer@2982/@Button@2998 visible=true disabled=false
[PASS] the real deploy button enters the selected match
[PASS] normal garage button enters complete map 0
[RC natural match] map=0 seconds=0.0 tickets={ 1: 300, 2: 300 }
[PASS] actual window capture 09_battle_0 (review pending)
[RC natural match] map=0 seconds=60.0166666666645 tickets={ 1: 300, 2: 270 }
[RC natural match] map=0 seconds=120.016666666661 tickets={ 1: 270, 2: 224 }
[RC natural match] map=0 seconds=180.000000000035 tickets={ 1: 270, 2: 134 }
[RC natural match] map=0 seconds=240.000000000083 tickets={ 1: 210, 2: 74 }
[RC natural match] map=0 seconds=300.000000000056 tickets={ 1: 135, 2: 42 }
[RC natural match] map=0 seconds=360.000000000001 tickets={ 1: 75, 2: 12 }
TRAFFIC_EVIDENCE user://diagnostics/traffic/match_01.json
[PASS] actual rules naturally finish map 0
[PASS] natural match saves one actual receipt 0
[PASS] fresh profile reader restores settled match from disk 0
[PASS] actual window capture 10_settled_0 (review pending)
[PASS] normal UI control is visible before click: /root/AppFlow/HillVillage/HUD/@PanelContainer@3560/@VBoxContainer@3561/@HBoxContainer@3566/@Button@3567 visible=true disabled=false
[PASS] result button starts fresh match 0
[PASS] normal UI control is visible before click: /root/AppFlow/HillVillage/HUD/@Control@4797/@CenterContainer@4799/@VBoxContainer@4800/@Button@4804 visible=true disabled=false
[PASS] normal UI control is visible before click: /root/AppFlow/@CanvasLayer@2/ApplicationDialog/@MarginContainer@5224/@VBoxContainer@5225/@HBoxContainer@5229/@Button@5231 visible=true disabled=false
[PASS] normal live-match confirmation returns to garage
[PASS] normal exit returns to usable garage 0
[PASS] garage frontend exposes its navigation tabs
[PASS] garage frontend exposes a vehicle card per vehicle
[PASS] normal UI control is visible before click: /root/AppFlow/@CanvasLayer@2/@Control@5233/Frontend/@VBoxContainer@5449/@HBoxContainer@5450/@Button@5456 visible=true disabled=false
[PASS] clicking the vehicle tab activates the vehicle systems page
[garage card] wanted=us_m4a3_75w_vvss_1944 before=us_m4a3_75w_vvss_1944 rect=[P: (201.0, 595.0), S: (167.0, 74.0)]
[PASS] normal UI control is visible before click: /root/AppFlow/@CanvasLayer@2/@Control@5233/Frontend/@VBoxContainer@5449/@HBoxContainer@5507/@Button@5509 visible=true disabled=false
[PASS] clicking the vehicle card selects it
[PASS] normal UI control is visible before click: /root/AppFlow/@CanvasLayer@2/@Control@5233/Frontend/@VBoxContainer@5449/@HBoxContainer@5450/@Button@5455 visible=true disabled=false
[PASS] clicking the deployment tab activates it
[PASS] normal UI control is visible before click: /root/AppFlow/@CanvasLayer@2/@Control@5233/Frontend/@VBoxContainer@5449/@HBoxContainer@5462/@PanelContainer@5463/@VBoxContainer@5464/@ScrollContainer@5467/@VBoxContainer@5468/@VBoxContainer@5469/@OptionButton@5288 visible=true disabled=false
[PASS] normal UI control is visible before click: /root/AppFlow/@CanvasLayer@2/@Control@5233/Frontend/@VBoxContainer@5449/@HBoxContainer@5462/@PanelContainer@5463/@VBoxContainer@5464/@ScrollContainer@5467/@VBoxContainer@5468/@VBoxContainer@5469/@OptionButton@5313 visible=true disabled=false
[PASS] chosen map is committed by the real control
[garage] map_index=1 page=0 tabs=3 cards=7 selected=us_m4a3_75w_vvss_1944 deploy_visible=true map_choice=1
[PASS] normal UI control is visible before click: /root/AppFlow/@CanvasLayer@2/@Control@5233/Frontend/@VBoxContainer@5449/@HBoxContainer@5462/@PanelContainer@5463/@VBoxContainer@5464/@Button@5480 visible=true disabled=false
[PASS] the real deploy button enters the selected match
[PASS] normal garage button enters complete map 1
[RC natural match] map=1 seconds=0.0 tickets={ 1: 300, 2: 300 }
[PASS] actual window capture 09_battle_1 (review pending)
[RC natural match] map=1 seconds=60.0166666666645 tickets={ 1: 300, 2: 300 }
[RC natural match] map=1 seconds=120.016666666661 tickets={ 1: 285, 2: 300 }
[RC natural match] map=1 seconds=180.000000000035 tickets={ 1: 195, 2: 270 }
[RC natural match] map=1 seconds=240.000000000083 tickets={ 1: 135, 2: 270 }
[RC natural match] map=1 seconds=300.000000000056 tickets={ 1: 75, 2: 270 }
TRAFFIC_EVIDENCE user://diagnostics/traffic/match_03.json
[PASS] actual rules naturally finish map 1
[PASS] natural match saves one actual receipt 1
[PASS] fresh profile reader restores settled match from disk 1
[PASS] actual window capture 10_settled_1 (review pending)
[PASS] normal UI control is visible before click: /root/AppFlow/IndustrialEdge/HUD/@PanelContainer@5982/@VBoxContainer@5983/@HBoxContainer@5988/@Button@5989 visible=true disabled=false
[PASS] result button starts fresh match 1
[PASS] normal UI control is visible before click: /root/AppFlow/IndustrialEdge/HUD/@Control@6591/@CenterContainer@6593/@VBoxContainer@6594/@Button@6598 visible=true disabled=false
[PASS] normal UI control is visible before click: /root/AppFlow/@CanvasLayer@2/ApplicationDialog/@MarginContainer@7018/@VBoxContainer@7019/@HBoxContainer@7023/@Button@7025 visible=true disabled=false
[PASS] normal live-match confirmation returns to garage
[PASS] normal exit returns to usable garage 1
[PASS] normal challenge player flow reached its final step
=== 结果: 96 项检查, 0 失败 ===
PLAYER_FLOW_CHECKS_PASS
