Godot Engine v4.7.2.stable.official.ed1daf0bf - https://godotengine.org

[PASS] actual village scene starts the same eight-vehicle match
[PASS] final roof and decoration world preserves the graybox road envelope
[PASS] HUD reads authored village geometry instead of graybox coordinates
[natural battle 5.2s] { "A": { "position": (-27.0, -0.019893, 116.0), "dead": false, "phase": "player", "drive": "player" }, "A2": { "position": (-15.33193, 0.003434, 105.1619), "dead": false, "phase": "patrol", "drive": "following" }, "A3": { "position": (15.332, 0.003436, 105.1618), "dead": false, "phase": "patrol", "drive": "following" }, "A4": { "position": (33.17161, 0.00528, 105.2193), "dead": false, "phase": "patrol", "drive": "following" }, "B": { "position": (-33.17158, 0.005281, -105.2193), "dead": false, "phase": "patrol", "drive": "following" }, "B2": { "position": (-15.332, 0.003434, -105.1618), "dead": false, "phase": "patrol", "drive": "following" }, "B3": { "position": (15.33179, 0.003434, -105.1619), "dead": false, "phase": "patrol", "drive": "following" }, "B4": { "position": (33.17145, 0.005281, -105.2193), "dead": false, "phase": "patrol", "drive": "following" } }
[natural battle 20.4s] { "A": { "position": (-27.0, -0.019893, 116.0), "dead": false, "phase": "player", "drive": "player" }, "A2": { "position": (-70.96481, 0.018444, 114.043), "dead": false, "phase": "patrol", "drive": "following" }, "A3": { "position": (70.96468, 0.018444, 114.0431), "dead": false, "phase": "patrol", "drive": "following" }, "A4": { "position": (71.99228, 0.009937, 94.84223), "dead": false, "phase": "patrol", "drive": "following" }, "B": { "position": (-71.99218, 0.009938, -94.84183), "dead": false, "phase": "patrol", "drive": "following" }, "B2": { "position": (-70.96536, 0.018444, -114.043), "dead": false, "phase": "patrol", "drive": "following" }, "B3": { "position": (70.96397, 0.018444, -114.043), "dead": false, "phase": "patrol", "drive": "following" }, "B4": { "position": (71.99228, 0.009936, -94.84265), "dead": false, "phase": "patrol", "drive": "following" } }
[natural battle 35.6s] { "A": { "position": (-27.0, -0.019893, 116.0), "dead": false, "phase": "player", "drive": "player" }, "A2": { "position": (-72.10662, -0.019058, 77.59036), "dead": false, "phase": "engage", "drive": "idle" }, "A3": { "position": (72.1102, -0.019757, 81.63268), "dead": false, "phase": "patrol", "drive": "yielding" }, "A4": { "position": (72.09638, -0.019486, 76.14954), "dead": false, "phase": "engage", "drive": "idle" }, "B": { "position": (-72.07451, -0.019058, -74.72839), "dead": false, "phase": "repair", "drive": "idle" }, "B2": { "position": (-71.98224, -0.019737, -95.33691), "dead": false, "phase": "repair", "drive": "following" }, "B3": { "position": (72.10947, -0.019525, -81.75569), "dead": false, "phase": "patrol", "drive": "yielding" }, "B4": { "position": (72.0974, -0.019058, -76.27142), "dead": false, "phase": "engage", "drive": "idle" } }
[natural battle 50.8s] { "A": { "position": (-27.0, -0.019893, 116.0), "dead": false, "phase": "player", "drive": "player" }, "A2": { "position": (-60.26893, 0.006694, 38.43134), "dead": false, "phase": "engage", "drive": "following" }, "A3": { "position": (71.89962, -0.019757, 58.14156), "dead": false, "phase": "engage", "drive": "yielding" }, "A4": { "position": (71.84212, -0.019167, 52.66619), "dead": false, "phase": "repair", "drive": "following" }, "B": { "position": (-72.07451, -0.019058, -74.72839), "dead": false, "phase": "repair", "drive": "idle" }, "B2": { "position": (-72.11216, -0.019755, -80.21689), "dead": false, "phase": "repair", "drive": "yielding" }, "B3": { "position": (58.04785, 0.006921, -36.21575), "dead": false, "phase": "engage", "drive": "following" }, "B4": { "position": (47.25294, 0.005336, -25.22614), "dead": false, "phase": "engage", "drive": "following" } }
[natural battle 66.0s] { "A": { "position": (-27.0, -0.019893, 116.0), "dead": false, "phase": "player", "drive": "player" }, "A2": { "position": (-11.15442, 0.010795, 111.3987), "dead": false, "phase": "patrol", "drive": "following" }, "A3": { "position": (72.20266, -0.019058, 58.98465), "dead": false, "phase": "engage", "drive": "yielding" }, "A4": { "position": (71.9187, -0.019058, 52.10195), "dead": false, "phase": "repair", "drive": "idle" }, "B": { "position": (-72.12308, -0.019058, -74.74059), "dead": false, "phase": "repair", "drive": "idle" }, "B2": { "position": (-72.14648, -0.019058, -80.34079), "dead": false, "phase": "patrol", "drive": "yielding" }, "B3": { "position": (47.22675, -0.019058, -26.05709), "dead": false, "phase": "engage", "drive": "yielding" }, "B4": { "position": (43.58086, -0.018929, -21.52016), "dead": false, "phase": "repair", "drive": "idle" } }
[natural battle 81.2s] { "A": { "position": (-27.0, -0.019893, 116.0), "dead": false, "phase": "player", "drive": "player" }, "A2": { "position": (-67.19176, 0.006591, 115.0756), "dead": false, "phase": "patrol", "drive": "following" }, "A3": { "position": (67.82918, 0.00264, 46.43324), "dead": false, "phase": "engage", "drive": "following" }, "A4": { "position": (56.95542, 0.013075, 34.97823), "dead": false, "phase": "engage", "drive": "following" }, "B": { "position": (-72.03494, 0.006966, -51.33323), "dead": false, "phase": "engage", "drive": "following" }, "B2": { "position": (-71.9892, 0.016996, -68.81802), "dead": false, "phase": "patrol", "drive": "following" }, "B3": { "position": (47.03114, -0.019058, -26.66005), "dead": false, "phase": "engage", "drive": "yielding" }, "B4": { "position": (43.58086, -0.018929, -21.52016), "dead": false, "phase": "repair", "drive": "idle" } }
[natural battle 96.4s] { "A": { "position": (-27.0, -0.019893, 116.0), "dead": false, "phase": "player", "drive": "player" }, "A2": { "position": (-71.9408, 0.003986, 58.1944), "dead": false, "phase": "engage", "drive": "following" }, "A3": { "position": (43.08153, -0.019471, 21.09635), "dead": false, "phase": "repair", "drive": "following" }, "A4": { "position": (-1.567078, 0.006983, 9.387444), "dead": false, "phase": "engage", "drive": "following" }, "B": { "position": (-25.67302, 0.008422, -13.28394), "dead": false, "phase": "engage", "drive": "following" }, "B2": { "position": (-38.13539, 0.013677, -19.24345), "dead": false, "phase": "engage", "drive": "following" }, "B3": { "position": (47.02931, -0.019058, -26.89329), "dead": false, "phase": "engage", "drive": "idle" }, "B4": { "position": (43.58086, -0.018929, -21.52016), "dead": false, "phase": "repair", "drive": "idle" } }
[natural battle 111.6s] { "A": { "position": (-27.0, -0.019893, 116.0), "dead": false, "phase": "player", "drive": "player" }, "A2": { "position": (-47.80257, -0.019578, 25.6739), "dead": false, "phase": "engage", "drive": "yielding" }, "A3": { "position": (43.08153, -0.019471, 21.09635), "dead": false, "phase": "repair", "drive": "following" }, "A4": { "position": (6.672577, -0.019058, 6.767548), "dead": false, "phase": "repair", "drive": "arrived" }, "B": { "position": (-9.356939, -0.019058, -6.694946), "dead": false, "phase": "engage", "drive": "arrived" }, "B2": { "position": (-6.807229, -0.00153, -11.43248), "dead": false, "phase": "engage", "drive": "following" }, "B3": { "position": (47.1056, -0.019058, -27.79774), "dead": false, "phase": "engage", "drive": "idle" }, "B4": { "position": (43.58208, -0.019058, -21.77386), "dead": false, "phase": "engage", "drive": "idle" } }
[PASS] 120 seconds of normal eight-actor physics stays finite and within visible bounds
[PASS] all seven autonomous actors leave spawn and reach central approaches: ["B4", "A2", "B3", "A4", "A3", "B", "B2"]
[PASS] normal AI perception and projectile execution produce combat on the map: ["A2", "A4", "B", "B4", "B3", "A3", "B2"]
[PASS] T018-H02 actual projectile stops at visible spawn_screen_1
[PASS] T018-H02 actual projectile stops at visible house_1_1
[PASS] T018-H02 actual projectile stops at visible village_house_1
[PASS] T018-H02 actual projectile stops at visible cover_1
[PASS] T018-H02 actual projectile stops at visible fence_1
[PASS] T018-H02 actual projectile stops at visible boundary_x160
[PASS] T018-H02 actual projectile stops at visible roof
[PASS] short original grass has no physical or AI-only obstruction
[PASS] T018-H03 measured 140m clear main-route gun line side -1
[PASS] T018-H03 measured 140m clear main-route gun line side 1
[sightlines] two actual 140m clear main-route lines
[hill sightline] distance=93.5336380004883 endpoint=(-72.0, 2.4, -80.0)
[PASS] elevated western hill has a measured clear line to main-road approach -1
[hill sightline] distance=93.5336380004883 endpoint=(-72.0, 2.4, 80.0)
[PASS] elevated western hill has a measured clear line to main-road approach 1
[PASS] AppFlow normal team selection resolves the bundled village scene
[PASS] restart preserves selected village and creates a fresh match identity
[PASS] village scene cleanup returns to the ordinary garage
=== 缁撴灉: 21 椤规鏌? 0 澶辫触 ===
VILLAGE_BATTLE_CHECKS_PASS
