Godot Engine v4.7.2.stable.official.ed1daf0bf - https://godotengine.org

[PASS] all historical definitions admitted for physical road matrix
[PASS] us_m4a3_75w_vvss_1944 team 1 slot 0 starts on a clear spawn (0 bodies within margin)
[route] us_m4a3_75w_vvss_1944 team=1 slot=0 phase=arrived peak_speed=2.51837165565704 endpoint=(-6.639709, 0.029515, 5.563774)
[PASS] us_m4a3_75w_vvss_1944: actual hull from team 1 slot 0 reaches capture via roads within movement bounds
[PASS] us_m4a3_75w_vvss_1944 team 1 slot 7 starts on a clear spawn (0 bodies within margin)
[route] us_m4a3_75w_vvss_1944 team=1 slot=7 phase=arrived peak_speed=3.04837949970863 endpoint=(6.82119, 0.034074, 5.720268)
[PASS] us_m4a3_75w_vvss_1944: actual hull from team 1 slot 7 reaches capture via roads within movement bounds
[PASS] us_m4a3_75w_vvss_1944 team 2 slot 0 starts on a clear spawn (0 bodies within margin)
[route] us_m4a3_75w_vvss_1944 team=2 slot=0 phase=arrived peak_speed=2.97075424601083 endpoint=(-6.7071, 0.033785, -5.698082)
[PASS] us_m4a3_75w_vvss_1944: actual hull from team 2 slot 0 reaches capture via roads within movement bounds
[PASS] us_m4a3_75w_vvss_1944 team 2 slot 7 starts on a clear spawn (0 bodies within margin)
[route] us_m4a3_75w_vvss_1944 team=2 slot=7 phase=arrived peak_speed=2.96635484599809 endpoint=(6.719597, 0.033818, -5.700157)
[PASS] us_m4a3_75w_vvss_1944: actual hull from team 2 slot 7 reaches capture via roads within movement bounds
[PASS] us_m24_m6_t85e1_1951 team 1 slot 0 starts on a clear spawn (0 bodies within margin)
[route] us_m24_m6_t85e1_1951 team=1 slot=0 phase=arrived peak_speed=3.42592722970386 endpoint=(-6.737841, 0.027191, 5.675781)
[PASS] us_m24_m6_t85e1_1951: actual hull from team 1 slot 0 reaches capture via roads within movement bounds
[PASS] us_m24_m6_t85e1_1951 team 1 slot 7 starts on a clear spawn (0 bodies within margin)
[route] us_m24_m6_t85e1_1951 team=1 slot=7 phase=arrived peak_speed=3.3745754606596 endpoint=(6.781404, 0.027187, 5.678284)
[PASS] us_m24_m6_t85e1_1951: actual hull from team 1 slot 7 reaches capture via roads within movement bounds
[PASS] us_m24_m6_t85e1_1951 team 2 slot 0 starts on a clear spawn (0 bodies within margin)
[route] us_m24_m6_t85e1_1951 team=2 slot=0 phase=arrived peak_speed=3.42689221531731 endpoint=(-6.76836, 0.027195, -5.681046)
[PASS] us_m24_m6_t85e1_1951: actual hull from team 2 slot 0 reaches capture via roads within movement bounds
[PASS] us_m24_m6_t85e1_1951 team 2 slot 7 starts on a clear spawn (0 bodies within margin)
[route] us_m24_m6_t85e1_1951 team=2 slot=7 phase=arrived peak_speed=3.45888622587006 endpoint=(6.700932, 0.027317, -5.673172)
[PASS] us_m24_m6_t85e1_1951: actual hull from team 2 slot 7 reaches capture via roads within movement bounds
[PASS] us_m26_m3_1945 team 1 slot 0 starts on a clear spawn (0 bodies within margin)
[route] us_m26_m3_1945 team=1 slot=0 phase=failed peak_speed=2.77959013644772 endpoint=(-40.42205, 0.000478, 17.95644)
[FAIL] us_m26_m3_1945: actual hull from team 1 slot 0 reaches capture via roads within movement bounds
[route] trace saved: res://logs/route-traces/historical-us_m26_m3_1945-t1-s0-55994.log
[PASS] us_m26_m3_1945 team 1 slot 7 starts on a clear spawn (0 bodies within margin)
[route] us_m26_m3_1945 team=1 slot=7 phase=failed peak_speed=2.72861202924239 endpoint=(40.41718, 0.000383, 17.89459)
[FAIL] us_m26_m3_1945: actual hull from team 1 slot 7 reaches capture via roads within movement bounds
[route] trace saved: res://logs/route-traces/historical-us_m26_m3_1945-t1-s7-61149.log
[PASS] us_m26_m3_1945 team 2 slot 0 starts on a clear spawn (0 bodies within margin)
[route] us_m26_m3_1945 team=2 slot=0 phase=failed peak_speed=2.90951124432608 endpoint=(-40.21225, 0.000963, -17.67113)
[FAIL] us_m26_m3_1945: actual hull from team 2 slot 0 reaches capture via roads within movement bounds
[route] trace saved: res://logs/route-traces/historical-us_m26_m3_1945-t2-s0-66365.log
[PASS] us_m26_m3_1945 team 2 slot 7 starts on a clear spawn (0 bodies within margin)
[route] us_m26_m3_1945 team=2 slot=7 phase=failed peak_speed=2.8275431716129 endpoint=(40.25918, 0.000961, -17.63853)
[FAIL] us_m26_m3_1945: actual hull from team 2 slot 7 reaches capture via roads within movement bounds
[route] trace saved: res://logs/route-traces/historical-us_m26_m3_1945-t2-s7-71492.log
[PASS] us_m36_m4a1_1945 team 1 slot 0 starts on a clear spawn (0 bodies within margin)
[route] us_m36_m4a1_1945 team=1 slot=0 phase=arrived peak_speed=3.15748235074119 endpoint=(-6.684597, 0.031659, 5.555084)
[PASS] us_m36_m4a1_1945: actual hull from team 1 slot 0 reaches capture via roads within movement bounds
[PASS] us_m36_m4a1_1945 team 1 slot 7 starts on a clear spawn (0 bodies within margin)
[route] us_m36_m4a1_1945 team=1 slot=7 phase=arrived peak_speed=3.13802875811739 endpoint=(6.734413, 0.031618, 5.569016)
[PASS] us_m36_m4a1_1945: actual hull from team 1 slot 7 reaches capture via roads within movement bounds
[PASS] us_m36_m4a1_1945 team 2 slot 0 starts on a clear spawn (0 bodies within margin)
[route] us_m36_m4a1_1945 team=2 slot=0 phase=arrived peak_speed=3.31076370011196 endpoint=(-6.672411, 0.032114, -5.593414)
[PASS] us_m36_m4a1_1945: actual hull from team 2 slot 0 reaches capture via roads within movement bounds
[PASS] us_m36_m4a1_1945 team 2 slot 7 starts on a clear spawn (0 bodies within margin)
[route] us_m36_m4a1_1945 team=2 slot=7 phase=arrived peak_speed=3.14454955182531 endpoint=(6.625469, 0.031662, -5.544479)
[PASS] us_m36_m4a1_1945: actual hull from team 2 slot 7 reaches capture via roads within movement bounds
=== 缁撴灉: 33 椤规鏌? 4 澶辫触 ===
