Godot Engine v4.7.2.stable.official.ed1daf0bf - https://godotengine.org

[PASS] all historical definitions admitted for physical road matrix
[PASS] us_m4a3_75w_vvss_1944 team 1 slot 0 starts on a clear spawn (0 bodies within margin)
[route] us_m4a3_75w_vvss_1944 team=1 slot=0 phase=arrived peak_speed=2.6254233248721 endpoint=(-6.55337, 0.030274, 5.584106)
[PASS] us_m4a3_75w_vvss_1944: actual hull from team 1 slot 0 reaches capture via roads within movement bounds
[PASS] us_m4a3_75w_vvss_1944 team 1 slot 7 starts on a clear spawn (0 bodies within margin)
[route] us_m4a3_75w_vvss_1944 team=1 slot=7 phase=arrived peak_speed=2.97988991788604 endpoint=(6.716808, 0.033812, 5.699745)
[PASS] us_m4a3_75w_vvss_1944: actual hull from team 1 slot 7 reaches capture via roads within movement bounds
[PASS] us_m4a3_75w_vvss_1944 team 2 slot 0 starts on a clear spawn (0 bodies within margin)
[route] us_m4a3_75w_vvss_1944 team=2 slot=0 phase=arrived peak_speed=2.97075694683006 endpoint=(-6.706984, 0.033785, -5.698051)
[PASS] us_m4a3_75w_vvss_1944: actual hull from team 2 slot 0 reaches capture via roads within movement bounds
[PASS] us_m4a3_75w_vvss_1944 team 2 slot 7 starts on a clear spawn (0 bodies within margin)
[route] us_m4a3_75w_vvss_1944 team=2 slot=7 phase=arrived peak_speed=2.96637742151943 endpoint=(6.719612, 0.033818, -5.700172)
[PASS] us_m4a3_75w_vvss_1944: actual hull from team 2 slot 7 reaches capture via roads within movement bounds
[PASS] us_m24_m6_t85e1_1951 team 1 slot 0 starts on a clear spawn (0 bodies within margin)
[route] us_m24_m6_t85e1_1951 team=1 slot=0 phase=arrived peak_speed=3.41865216293162 endpoint=(-6.773224, 0.027266, 5.680336)
[PASS] us_m24_m6_t85e1_1951: actual hull from team 1 slot 0 reaches capture via roads within movement bounds
[PASS] us_m24_m6_t85e1_1951 team 1 slot 7 starts on a clear spawn (0 bodies within margin)
[route] us_m24_m6_t85e1_1951 team=1 slot=7 phase=arrived peak_speed=3.42603824493024 endpoint=(6.766853, 0.027242, 5.681259)
[PASS] us_m24_m6_t85e1_1951: actual hull from team 1 slot 7 reaches capture via roads within movement bounds
[PASS] us_m24_m6_t85e1_1951 team 2 slot 0 starts on a clear spawn (0 bodies within margin)
[route] us_m24_m6_t85e1_1951 team=2 slot=0 phase=arrived peak_speed=3.44537047615204 endpoint=(-6.6985, 0.027323, -5.672913)
[PASS] us_m24_m6_t85e1_1951: actual hull from team 2 slot 0 reaches capture via roads within movement bounds
[PASS] us_m24_m6_t85e1_1951 team 2 slot 7 starts on a clear spawn (0 bodies within margin)
[route] us_m24_m6_t85e1_1951 team=2 slot=7 phase=arrived peak_speed=3.45888931267083 endpoint=(6.700928, 0.027317, -5.673157)
[PASS] us_m24_m6_t85e1_1951: actual hull from team 2 slot 7 reaches capture via roads within movement bounds
[PASS] us_m26_m3_1945 team 1 slot 0 starts on a clear spawn (0 bodies within margin)
[route] us_m26_m3_1945 team=1 slot=0 phase=failed peak_speed=2.83387636933934 endpoint=(-40.38915, 0.000398, 17.89371)
[FAIL] us_m26_m3_1945: actual hull from team 1 slot 0 reaches capture via roads within movement bounds
[route] trace saved: res://logs/route-traces/historical-us_m26_m3_1945-t1-s0-56591.log
[PASS] us_m26_m3_1945 team 1 slot 7 starts on a clear spawn (0 bodies within margin)
[route] us_m26_m3_1945 team=1 slot=7 phase=failed peak_speed=2.83113566446376 endpoint=(40.22794, 0.000959, 17.66364)
[FAIL] us_m26_m3_1945: actual hull from team 1 slot 7 reaches capture via roads within movement bounds
[route] trace saved: res://logs/route-traces/historical-us_m26_m3_1945-t1-s7-61762.log
[PASS] us_m26_m3_1945 team 2 slot 0 starts on a clear spawn (0 bodies within margin)
[route] us_m26_m3_1945 team=2 slot=0 phase=failed peak_speed=2.76995842324517 endpoint=(-40.40539, 0.000367, -17.89767)
[FAIL] us_m26_m3_1945: actual hull from team 2 slot 0 reaches capture via roads within movement bounds
[route] trace saved: res://logs/route-traces/historical-us_m26_m3_1945-t2-s0-67059.log
[PASS] us_m26_m3_1945 team 2 slot 7 starts on a clear spawn (0 bodies within margin)
[route] us_m26_m3_1945 team=2 slot=7 phase=failed peak_speed=2.86802727103754 endpoint=(40.26691, 0.000964, -17.62556)
[FAIL] us_m26_m3_1945: actual hull from team 2 slot 7 reaches capture via roads within movement bounds
[route] trace saved: res://logs/route-traces/historical-us_m26_m3_1945-t2-s7-72277.log
[PASS] us_m36_m4a1_1945 team 1 slot 0 starts on a clear spawn (0 bodies within margin)
[route] us_m36_m4a1_1945 team=1 slot=0 phase=arrived peak_speed=3.28308833619785 endpoint=(-6.755507, 0.032037, 5.60041)
[PASS] us_m36_m4a1_1945: actual hull from team 1 slot 0 reaches capture via roads within movement bounds
[PASS] us_m36_m4a1_1945 team 1 slot 7 starts on a clear spawn (0 bodies within margin)
[route] us_m36_m4a1_1945 team=1 slot=7 phase=arrived peak_speed=3.13972710467191 endpoint=(6.67886, 0.031788, 5.563278)
[PASS] us_m36_m4a1_1945: actual hull from team 1 slot 7 reaches capture via roads within movement bounds
[PASS] us_m36_m4a1_1945 team 2 slot 0 starts on a clear spawn (0 bodies within margin)
[route] us_m36_m4a1_1945 team=2 slot=0 phase=arrived peak_speed=3.23539255664314 endpoint=(-6.650204, 0.031907, -5.576599)
[PASS] us_m36_m4a1_1945: actual hull from team 2 slot 0 reaches capture via roads within movement bounds
[PASS] us_m36_m4a1_1945 team 2 slot 7 starts on a clear spawn (0 bodies within margin)
[route] us_m36_m4a1_1945 team=2 slot=7 phase=arrived peak_speed=3.06750653488496 endpoint=(6.700779, 0.031379, -5.529541)
[PASS] us_m36_m4a1_1945: actual hull from team 2 slot 7 reaches capture via roads within movement bounds
=== 缁撴灉: 33 椤规鏌? 4 澶辫触 ===
