Godot Engine v4.7.2.stable.official.ed1daf0bf - https://godotengine.org

[PASS] actual village scene starts the same eight-vehicle match
[PASS] final roof and decoration world preserves the graybox road envelope
[PASS] HUD reads authored village geometry instead of graybox coordinates
[natural battle 5.2s] { "A": { "position": (-27.0, -0.019893, 116.0), "dead": false, "phase": "player", "drive": "player" }, "A2": { "position": (-15.29113, 0.003201, 105.1578), "dead": false, "phase": "patrol", "drive": "following" }, "A3": { "position": (15.29119, 0.003201, 105.1578), "dead": false, "phase": "patrol", "drive": "following" }, "A4": { "position": (33.13696, 0.006961, 105.213), "dead": false, "phase": "patrol", "drive": "following" }, "B": { "position": (-33.13693, 0.006961, -105.213), "dead": false, "phase": "patrol", "drive": "following" }, "B2": { "position": (-15.2912, 0.003201, -105.1578), "dead": false, "phase": "patrol", "drive": "following" }, "B3": { "position": (15.29099, 0.003201, -105.1578), "dead": false, "phase": "patrol", "drive": "following" }, "B4": { "position": (33.1368, 0.00696, -105.213), "dead": false, "phase": "patrol", "drive": "following" } }
[natural battle 20.4s] { "A": { "position": (-27.0, -0.019893, 116.0), "dead": false, "phase": "player", "drive": "player" }, "A2": { "position": (-70.95456, 0.017086, 114.1692), "dead": false, "phase": "patrol", "drive": "following" }, "A3": { "position": (70.95443, 0.017086, 114.1692), "dead": false, "phase": "patrol", "drive": "following" }, "A4": { "position": (71.99129, 0.0072, 94.91248), "dead": false, "phase": "patrol", "drive": "following" }, "B": { "position": (-71.99119, 0.007199, -94.91216), "dead": false, "phase": "patrol", "drive": "following" }, "B2": { "position": (-70.95508, 0.017086, -114.1692), "dead": false, "phase": "patrol", "drive": "following" }, "B3": { "position": (70.95375, 0.017086, -114.1691), "dead": false, "phase": "patrol", "drive": "following" }, "B4": { "position": (71.99129, 0.007195, -94.91284), "dead": false, "phase": "patrol", "drive": "following" } }
[natural battle 35.5s] { "A": { "position": (-27.0, -0.019893, 116.0), "dead": false, "phase": "player", "drive": "player" }, "A2": { "position": (-72.10662, -0.019058, 77.59036), "dead": false, "phase": "engage", "drive": "idle" }, "A3": { "position": (72.1102, -0.019757, 81.63268), "dead": false, "phase": "patrol", "drive": "yielding" }, "A4": { "position": (72.09638, -0.019486, 76.14954), "dead": false, "phase": "engage", "drive": "idle" }, "B": { "position": (-72.07451, -0.019058, -74.72839), "dead": false, "phase": "repair", "drive": "idle" }, "B2": { "position": (-71.98224, -0.019737, -95.33691), "dead": false, "phase": "repair", "drive": "following" }, "B3": { "position": (72.10947, -0.019525, -81.75569), "dead": false, "phase": "patrol", "drive": "yielding" }, "B4": { "position": (72.0974, -0.019058, -76.27142), "dead": false, "phase": "engage", "drive": "idle" } }
[natural battle 50.7s] { "A": { "position": (-27.0, -0.019893, 116.0), "dead": false, "phase": "player", "drive": "player" }, "A2": { "position": (-60.59033, 0.006637, 38.7786), "dead": false, "phase": "engage", "drive": "following" }, "A3": { "position": (71.89962, -0.019757, 58.14156), "dead": false, "phase": "engage", "drive": "yielding" }, "A4": { "position": (71.84212, -0.019167, 52.66619), "dead": false, "phase": "repair", "drive": "following" }, "B": { "position": (-72.07451, -0.019058, -74.72839), "dead": false, "phase": "repair", "drive": "idle" }, "B2": { "position": (-72.11216, -0.019755, -80.21689), "dead": false, "phase": "repair", "drive": "yielding" }, "B3": { "position": (58.15234, 0.006877, -36.33339), "dead": false, "phase": "engage", "drive": "following" }, "B4": { "position": (47.68895, 0.004036, -25.67249), "dead": false, "phase": "engage", "drive": "following" } }
[natural battle 65.8s] { "A": { "position": (-27.0, -0.019893, 116.0), "dead": false, "phase": "player", "drive": "player" }, "A2": { "position": (-10.77659, 0.009692, 112.1522), "dead": false, "phase": "patrol", "drive": "following" }, "A3": { "position": (72.20266, -0.019058, 58.98465), "dead": false, "phase": "engage", "drive": "yielding" }, "A4": { "position": (71.9187, -0.019058, 52.10195), "dead": false, "phase": "repair", "drive": "idle" }, "B": { "position": (-72.12308, -0.019058, -74.74059), "dead": false, "phase": "repair", "drive": "idle" }, "B2": { "position": (-72.14648, -0.019058, -80.34079), "dead": false, "phase": "patrol", "drive": "yielding" }, "B3": { "position": (47.22743, -0.019058, -26.05507), "dead": false, "phase": "engage", "drive": "yielding" }, "B4": { "position": (43.58086, -0.018929, -21.52016), "dead": false, "phase": "repair", "drive": "idle" } }
[natural battle 81.0s] { "A": { "position": (-27.0, -0.019893, 116.0), "dead": false, "phase": "player", "drive": "player" }, "A2": { "position": (-66.47073, 0.006297, 114.9259), "dead": false, "phase": "patrol", "drive": "following" }, "A3": { "position": (68.47202, 0.008683, 47.13156), "dead": false, "phase": "engage", "drive": "following" }, "A4": { "position": (57.26522, 0.003424, 35.29725), "dead": false, "phase": "engage", "drive": "following" }, "B": { "position": (-72.03587, 0.006702, -51.45657), "dead": false, "phase": "engage", "drive": "following" }, "B2": { "position": (-72.00057, 0.012064, -69.66245), "dead": false, "phase": "patrol", "drive": "following" }, "B3": { "position": (47.03114, -0.019058, -26.66005), "dead": false, "phase": "engage", "drive": "yielding" }, "B4": { "position": (43.58086, -0.018929, -21.52016), "dead": false, "phase": "repair", "drive": "idle" } }
[natural battle 96.2s] { "A": { "position": (-27.0, -0.019893, 116.0), "dead": false, "phase": "player", "drive": "player" }, "A2": { "position": (-71.93522, -0.000119, 59.17045), "dead": false, "phase": "engage", "drive": "following" }, "A3": { "position": (42.31146, 0.006866, 20.72703), "dead": false, "phase": "engage", "drive": "following" }, "A4": { "position": (-1.505371, 0.006359, 9.422493), "dead": false, "phase": "engage", "drive": "following" }, "B": { "position": (-25.65303, 0.009341, -13.27319), "dead": false, "phase": "engage", "drive": "following" }, "B2": { "position": (-38.80849, 0.016415, -19.43414), "dead": false, "phase": "engage", "drive": "following" }, "B3": { "position": (47.02592, -0.019058, -26.84363), "dead": false, "phase": "engage", "drive": "idle" }, "B4": { "position": (43.58086, -0.018929, -21.52016), "dead": false, "phase": "repair", "drive": "idle" } }
[natural battle 111.4s] { "A": { "position": (-27.0, -0.019893, 116.0), "dead": false, "phase": "player", "drive": "player" }, "A2": { "position": (-47.88221, -0.019058, 25.85905), "dead": false, "phase": "engage", "drive": "yielding" }, "A3": { "position": (-25.96329, -0.004602, 106.6712), "dead": false, "phase": "patrol", "drive": "following" }, "A4": { "position": (-1.729282, -0.019623, 9.380569), "dead": true, "phase": "player", "drive": "player" }, "B": { "position": (-9.233438, -0.019543, -6.607819), "dead": false, "phase": "patrol", "drive": "arrived" }, "B2": { "position": (-29.51744, -0.019105, -16.65694), "dead": false, "phase": "repair", "drive": "yielding" }, "B3": { "position": (47.7591, -0.019058, -27.42592), "dead": false, "phase": "engage", "drive": "idle" }, "B4": { "position": (43.58086, -0.018929, -21.52016), "dead": false, "phase": "repair", "drive": "idle" } }
[PASS] 120 seconds of normal eight-actor physics stays finite and within visible bounds
[PASS] all seven autonomous actors leave spawn and reach central approaches: ["B4", "A2", "B3", "A4", "A3", "B", "B2"]
[PASS] normal AI perception and projectile execution produce combat on the map: ["A2", "A4", "B", "B4", "B3", "A3", "B2"]
[PASS] T018-H02 actual projectile stops at visible spawn_screen_1
[PASS] T018-H02 actual projectile stops at visible house_1_1
[PASS] T018-H02 actual projectile stops at visible village_house_1
[PASS] T018-H02 actual projectile stops at visible cover_1
[PASS] T018-H02 actual projectile stops at visible fence_1
[PASS] T018-H02 actual projectile stops at visible boundary_x160
[PASS] T018-H02 actual projectile stops at visible roof
[PASS] short original grass has no physical or AI-only obstruction
[PASS] T018-H03 measured 140m clear main-route gun line side -1
[PASS] T018-H03 measured 140m clear main-route gun line side 1
[sightlines] two actual 140m clear main-route lines
[hill sightline] distance=93.5336380004883 endpoint=(-72.0, 2.4, -80.0)
[PASS] elevated western hill has a measured clear line to main-road approach -1
[hill sightline] distance=93.5336380004883 endpoint=(-72.0, 2.4, 80.0)
[PASS] elevated western hill has a measured clear line to main-road approach 1
[PASS] AppFlow normal team selection resolves the bundled village scene
[PASS] restart preserves selected village and creates a fresh match identity
[PASS] village scene cleanup returns to the ordinary garage
=== 缁撴灉: 21 椤规鏌? 0 澶辫触 ===
VILLAGE_BATTLE_CHECKS_PASS
