Godot Engine v4.7.2.stable.official.ed1daf0bf - https://godotengine.org

[PASS] map schema, bounds, 16 spawn candidates and independent alternate routes: { "ok": true, "errors": [] }
[bake] 1786 samples; failures=[]
[PASS] T018-03 every authored road has real ground and clears maximum vehicle envelope
[FAIL] T018-03b [design-goal check, currently failing] authored roads clear the declared 8.5 m rigid envelope against the ground itself (blocked samples=38; see WT-039-D_SEMANTIC.md)
[PASS] T018-01 both spawn rows blocked at 1.4/2.4/3.5m; 192 physical rays
[PASS] grass and visibly solid plank fence use explicit shared rules
[PASS] map validator rejects out-of-bounds navigation data
[PASS] actual production vehicle definitions load
[PASS] route team 1 slot 0 starts on a clear spawn (0 bodies within margin)
[route] trace saved: res://logs/route-traces/map-t1-s0-19069.log
[route] team=1 slot=0 { "phase": "following", "seconds": 250.0, "bounded": false, "max_x": 53.0233879089355, "min_x": -53.0233879089355, "peak_y": 0.0292278341949, "position": (-52.52628, 0.000942, 111.776), "events": [{ "time": 0.0, "phase": "idle", "reason": "reset", "attempts": 0, "waypoint": 0, "goal": (0.0, 0.0, 0.0), "position": (-27.0, 0.03, 116.0) }, { "time": 0.0, "phase": "idle", "reason": "new_goal", "attempts": 0, "waypoint": 0, "goal": (0.0, 0.0, 0.0), "position": (-27.0, 0.03, 116.0) }, { "time": 0.0, "phase": "following", "reason": "path_ready", "attempts": 0, "waypoint": 1, "goal": (-8.0, 0.0, 6.0), "position": (-27.0, 0.03, 116.0) }] }
[FAIL] T018-H01 actual actor from spawn 1/0 reaches own capture position
[PASS] route team 1 slot 1 starts on a clear spawn (0 bodies within margin)
[route] team=1 slot=1 { "phase": "arrived", "seconds": 57.9833333333333, "bounded": true, "max_x": 72.1008987426758, "min_x": -72.1008987426758, "peak_y": 0.0315485522151, "position": (-4.22971, 0.019341, 9.385345), "events": [{ "time": 0.0, "phase": "idle", "reason": "reset", "attempts": 0, "waypoint": 0, "goal": (0.0, 0.0, 0.0), "position": (-9.0, 0.03, 116.0) }, { "time": 0.0, "phase": "idle", "reason": "new_goal", "attempts": 0, "waypoint": 0, "goal": (0.0, 0.0, 0.0), "position": (-9.0, 0.03, 116.0) }, { "time": 0.0, "phase": "following", "reason": "path_ready", "attempts": 0, "waypoint": 1, "goal": (-3.0, 0.0, 9.0), "position": (-9.0, 0.03, 116.0) }, { "time": 57.9833333333313, "phase": "arrived", "reason": "goal_reached", "attempts": 0, "waypoint": 11, "goal": (-3.0, 0.0, 9.0), "position": (-4.233524, 0.01927, 9.386482) }] }
[PASS] T018-H01 actual actor from spawn 1/1 reaches own capture position
[PASS] route team 1 slot 2 starts on a clear spawn (0 bodies within margin)
[route] team=1 slot=2 { "phase": "arrived", "seconds": 60.8833333333333, "bounded": true, "max_x": 72.032585144043, "min_x": 0.0, "peak_y": 0.03150190412998, "position": (4.229942, 0.018091, 9.384323), "events": [{ "time": 0.0, "phase": "idle", "reason": "reset", "attempts": 0, "waypoint": 0, "goal": (0.0, 0.0, 0.0), "position": (9.0, 0.03, 116.0) }, { "time": 0.0, "phase": "idle", "reason": "new_goal", "attempts": 0, "waypoint": 0, "goal": (0.0, 0.0, 0.0), "position": (9.0, 0.03, 116.0) }, { "time": 0.0, "phase": "following", "reason": "path_ready", "attempts": 0, "waypoint": 1, "goal": (3.0, 0.0, 9.0), "position": (9.0, 0.03, 116.0) }, { "time": 60.8833333333312, "phase": "arrived", "reason": "goal_reached", "attempts": 0, "waypoint": 11, "goal": (3.0, 0.0, 9.0), "position": (4.233381, 0.018012, 9.385345) }] }
[PASS] T018-H01 actual actor from spawn 1/2 reaches own capture position
[PASS] route team 1 slot 3 starts on a clear spawn (0 bodies within margin)
[route] trace saved: res://logs/route-traces/map-t1-s3-38940.log
[route] team=1 slot=3 { "phase": "following", "seconds": 250.0, "bounded": true, "max_x": 74.6435317993164, "min_x": 0.0, "peak_y": 0.03126914426684, "position": (73.85419, 0.000942, 71.24941), "events": [{ "time": 0.0, "phase": "idle", "reason": "reset", "attempts": 0, "waypoint": 0, "goal": (0.0, 0.0, 0.0), "position": (27.0, 0.03, 116.0) }, { "time": 0.0, "phase": "idle", "reason": "new_goal", "attempts": 0, "waypoint": 0, "goal": (0.0, 0.0, 0.0), "position": (27.0, 0.03, 116.0) }, { "time": 0.0, "phase": "following", "reason": "path_ready", "attempts": 0, "waypoint": 1, "goal": (8.0, 0.0, 6.0), "position": (27.0, 0.03, 116.0) }] }
[FAIL] T018-H01 actual actor from spawn 1/3 reaches own capture position
[PASS] route team 1 slot 4 starts on a clear spawn (0 bodies within margin)
[route] team=1 slot=4 { "phase": "arrived", "seconds": 47.7166666666667, "bounded": true, "max_x": 72.0436630249023, "min_x": -72.0436630249023, "peak_y": 0.03150482475758, "position": (-9.174099, 0.021358, 6.529968), "events": [{ "time": 0.0, "phase": "idle", "reason": "reset", "attempts": 0, "waypoint": 0, "goal": (0.0, 0.0, 0.0), "position": (-27.0, 0.03, 130.0) }, { "time": 0.0, "phase": "idle", "reason": "new_goal", "attempts": 0, "waypoint": 0, "goal": (0.0, 0.0, 0.0), "position": (-27.0, 0.03, 130.0) }, { "time": 0.0, "phase": "following", "reason": "path_ready", "attempts": 0, "waypoint": 1, "goal": (-8.0, 0.0, 6.0), "position": (-27.0, 0.03, 130.0) }, { "time": 47.7166666666652, "phase": "arrived", "reason": "goal_reached", "attempts": 0, "waypoint": 10, "goal": (-8.0, 0.0, 6.0), "position": (-9.178244, 0.021297, 6.531761) }] }
[PASS] T018-H01 actual actor from spawn 1/4 reaches own capture position
[PASS] route team 1 slot 5 starts on a clear spawn (0 bodies within margin)
[route] team=1 slot=5 { "phase": "arrived", "seconds": 97.9833333333333, "bounded": true, "max_x": 72.1149444580078, "min_x": -72.1149444580078, "peak_y": 0.03149549663067, "position": (-4.243617, 0.010582, 9.356476), "events": [{ "time": 0.0, "phase": "idle", "reason": "reset", "attempts": 0, "waypoint": 0, "goal": (0.0, 0.0, 0.0), "position": (-9.0, 0.03, 130.0) }, { "time": 0.0, "phase": "idle", "reason": "new_goal", "attempts": 0, "waypoint": 0, "goal": (0.0, 0.0, 0.0), "position": (-9.0, 0.03, 130.0) }, { "time": 0.0, "phase": "following", "reason": "path_ready", "attempts": 0, "waypoint": 1, "goal": (-3.0, 0.0, 9.0), "position": (-9.0, 0.03, 130.0) }, { "time": 97.9833333333291, "phase": "arrived", "reason": "goal_reached", "attempts": 0, "waypoint": 11, "goal": (-3.0, 0.0, 9.0), "position": (-4.24569, 0.010462, 9.357056) }] }
[PASS] T018-H01 actual actor from spawn 1/5 reaches own capture position
[PASS] route team 1 slot 6 starts on a clear spawn (0 bodies within margin)
[route] trace saved: res://logs/route-traces/map-t1-s6-61240.log
[route] team=1 slot=6 { "phase": "following", "seconds": 250.0, "bounded": true, "max_x": 19.7049903869629, "min_x": 0.0, "peak_y": 0.0301367547363, "position": (17.55927, 0.000942, 116.1657), "events": [{ "time": 0.0, "phase": "idle", "reason": "reset", "attempts": 0, "waypoint": 0, "goal": (0.0, 0.0, 0.0), "position": (9.0, 0.03, 130.0) }, { "time": 0.0, "phase": "idle", "reason": "new_goal", "attempts": 0, "waypoint": 0, "goal": (0.0, 0.0, 0.0), "position": (9.0, 0.03, 130.0) }, { "time": 0.0, "phase": "following", "reason": "path_ready", "attempts": 0, "waypoint": 1, "goal": (3.0, 0.0, 9.0), "position": (9.0, 0.03, 130.0) }] }
[FAIL] T018-H01 actual actor from spawn 1/6 reaches own capture position
[PASS] route team 1 slot 7 starts on a clear spawn (0 bodies within margin)
[route] team=1 slot=7 { "phase": "arrived", "seconds": 94.9666666666667, "bounded": true, "max_x": 72.114501953125, "min_x": 0.0, "peak_y": 0.0315207131207, "position": (9.183308, 0.009855, 6.524254), "events": [{ "time": 0.0, "phase": "idle", "reason": "reset", "attempts": 0, "waypoint": 0, "goal": (0.0, 0.0, 0.0), "position": (27.0, 0.03, 130.0) }, { "time": 0.0, "phase": "idle", "reason": "new_goal", "attempts": 0, "waypoint": 0, "goal": (0.0, 0.0, 0.0), "position": (27.0, 0.03, 130.0) }, { "time": 0.0, "phase": "following", "reason": "path_ready", "attempts": 0, "waypoint": 1, "goal": (8.0, 0.0, 6.0), "position": (27.0, 0.03, 130.0) }, { "time": 94.9666666666626, "phase": "arrived", "reason": "goal_reached", "attempts": 0, "waypoint": 10, "goal": (8.0, 0.0, 6.0), "position": (9.185148, 0.009731, 6.52504) }] }
[PASS] T018-H01 actual actor from spawn 1/7 reaches own capture position
[PASS] route team 2 slot 0 starts on a clear spawn (0 bodies within margin)
[route] team=2 slot=0 { "phase": "arrived", "seconds": 48.2666666666667, "bounded": true, "max_x": 72.1002349853516, "min_x": -72.1002349853516, "peak_y": 0.03155065700412, "position": (-9.174051, 0.021365, -6.530388), "events": [{ "time": 0.0, "phase": "idle", "reason": "reset", "attempts": 0, "waypoint": 0, "goal": (0.0, 0.0, 0.0), "position": (-27.0, 0.03, -116.0) }, { "time": 0.0, "phase": "idle", "reason": "new_goal", "attempts": 0, "waypoint": 0, "goal": (0.0, 0.0, 0.0), "position": (-27.0, 0.03, -116.0) }, { "time": 0.0, "phase": "following", "reason": "path_ready", "attempts": 0, "waypoint": 1, "goal": (-8.0, 0.0, -6.0), "position": (-27.0, 0.03, -116.0) }, { "time": 48.2666666666652, "phase": "arrived", "reason": "goal_reached", "attempts": 0, "waypoint": 10, "goal": (-8.0, 0.0, -6.0), "position": (-9.178226, 0.021304, -6.532196) }] }
[PASS] T018-H01 actual actor from spawn 2/0 reaches own capture position
[PASS] route team 2 slot 1 starts on a clear spawn (0 bodies within margin)
[route] team=2 slot=1 { "phase": "arrived", "seconds": 56.5166666666667, "bounded": true, "max_x": 72.1039581298828, "min_x": -72.1039581298828, "peak_y": 0.03154351562262, "position": (-4.229604, 0.019766, -9.386612), "events": [{ "time": 0.0, "phase": "idle", "reason": "reset", "attempts": 0, "waypoint": 0, "goal": (0.0, 0.0, 0.0), "position": (-9.0, 0.03, -116.0) }, { "time": 0.0, "phase": "idle", "reason": "new_goal", "attempts": 0, "waypoint": 0, "goal": (0.0, 0.0, 0.0), "position": (-9.0, 0.03, -116.0) }, { "time": 0.0, "phase": "following", "reason": "path_ready", "attempts": 0, "waypoint": 1, "goal": (-3.0, 0.0, -9.0), "position": (-9.0, 0.03, -116.0) }, { "time": 56.5166666666647, "phase": "arrived", "reason": "goal_reached", "attempts": 0, "waypoint": 11, "goal": (-3.0, 0.0, -9.0), "position": (-4.233598, 0.019698, -9.387802) }] }
[PASS] T018-H01 actual actor from spawn 2/1 reaches own capture position
[PASS] route team 2 slot 2 starts on a clear spawn (0 bodies within margin)
[route] team=2 slot=2 { "phase": "arrived", "seconds": 57.9333333333333, "bounded": true, "max_x": 72.019287109375, "min_x": 0.0, "peak_y": 0.03152504190803, "position": (4.226472, 0.019194, -9.393349), "events": [{ "time": 0.0, "phase": "idle", "reason": "reset", "attempts": 0, "waypoint": 0, "goal": (0.0, 0.0, 0.0), "position": (9.0, 0.03, -116.0) }, { "time": 0.0, "phase": "idle", "reason": "new_goal", "attempts": 0, "waypoint": 0, "goal": (0.0, 0.0, 0.0), "position": (9.0, 0.03, -116.0) }, { "time": 0.0, "phase": "following", "reason": "path_ready", "attempts": 0, "waypoint": 1, "goal": (3.0, 0.0, -9.0), "position": (9.0, 0.03, -116.0) }, { "time": 57.9333333333313, "phase": "arrived", "reason": "goal_reached", "attempts": 0, "waypoint": 11, "goal": (3.0, 0.0, -9.0), "position": (4.23011, 0.019121, -9.394463) }] }
[PASS] T018-H01 actual actor from spawn 2/2 reaches own capture position
[PASS] route team 2 slot 3 starts on a clear spawn (0 bodies within margin)
[route] team=2 slot=3 { "phase": "arrived", "seconds": 53.3, "bounded": true, "max_x": 72.1029663085938, "min_x": 0.0, "peak_y": 0.03154721111059, "position": (9.174191, 0.018915, -6.52948), "events": [{ "time": 0.0, "phase": "idle", "reason": "reset", "attempts": 0, "waypoint": 0, "goal": (0.0, 0.0, 0.0), "position": (27.0, 0.03, -116.0) }, { "time": 0.0, "phase": "idle", "reason": "new_goal", "attempts": 0, "waypoint": 0, "goal": (0.0, 0.0, 0.0), "position": (27.0, 0.03, -116.0) }, { "time": 0.0, "phase": "following", "reason": "path_ready", "attempts": 0, "waypoint": 1, "goal": (8.0, 0.0, -6.0), "position": (27.0, 0.03, -116.0) }, { "time": 53.2999999999983, "phase": "arrived", "reason": "goal_reached", "attempts": 0, "waypoint": 10, "goal": (8.0, 0.0, -6.0), "position": (9.17761, 0.018841, -6.530968) }] }
[PASS] T018-H01 actual actor from spawn 2/3 reaches own capture position
[PASS] route team 2 slot 4 starts on a clear spawn (0 bodies within margin)
[route] trace saved: res://logs/route-traces/map-t2-s4-91891.log
[route] team=2 slot=4 { "phase": "following", "seconds": 250.0, "bounded": true, "max_x": 76.5780944824219, "min_x": -76.5780944824219, "peak_y": 0.03168879449368, "position": (-70.46942, 0.000942, -94.86633), "events": [{ "time": 0.0, "phase": "idle", "reason": "reset", "attempts": 0, "waypoint": 0, "goal": (0.0, 0.0, 0.0), "position": (-27.0, 0.03, -130.0) }, { "time": 0.0, "phase": "idle", "reason": "new_goal", "attempts": 0, "waypoint": 0, "goal": (0.0, 0.0, 0.0), "position": (-27.0, 0.03, -130.0) }, { "time": 0.0, "phase": "following", "reason": "path_ready", "attempts": 0, "waypoint": 1, "goal": (-8.0, 0.0, -6.0), "position": (-27.0, 0.03, -130.0) }] }
[FAIL] T018-H01 actual actor from spawn 2/4 reaches own capture position
[PASS] route team 2 slot 5 starts on a clear spawn (0 bodies within margin)
[route] team=2 slot=5 { "phase": "arrived", "seconds": 52.9333333333333, "bounded": true, "max_x": 72.0743865966797, "min_x": -72.0743865966797, "peak_y": 0.03148474916816, "position": (-4.228655, 0.021239, -9.387016), "events": [{ "time": 0.0, "phase": "idle", "reason": "reset", "attempts": 0, "waypoint": 0, "goal": (0.0, 0.0, 0.0), "position": (-9.0, 0.03, -130.0) }, { "time": 0.0, "phase": "idle", "reason": "new_goal", "attempts": 0, "waypoint": 0, "goal": (0.0, 0.0, 0.0), "position": (-9.0, 0.03, -130.0) }, { "time": 0.0, "phase": "following", "reason": "path_ready", "attempts": 0, "waypoint": 1, "goal": (-3.0, 0.0, -9.0), "position": (-9.0, 0.03, -130.0) }, { "time": 52.9333333333316, "phase": "arrived", "reason": "goal_reached", "attempts": 0, "waypoint": 11, "goal": (-3.0, 0.0, -9.0), "position": (-4.232947, 0.021177, -9.388306) }] }
[PASS] T018-H01 actual actor from spawn 2/5 reaches own capture position
[PASS] route team 2 slot 6 starts on a clear spawn (0 bodies within margin)
[route] team=2 slot=6 { "phase": "arrived", "seconds": 62.6, "bounded": true, "max_x": 72.1149673461914, "min_x": 0.0, "peak_y": 0.03151302784681, "position": (4.228801, 0.017346, -9.390343), "events": [{ "time": 0.0, "phase": "idle", "reason": "reset", "attempts": 0, "waypoint": 0, "goal": (0.0, 0.0, 0.0), "position": (9.0, 0.03, -130.0) }, { "time": 0.0, "phase": "idle", "reason": "new_goal", "attempts": 0, "waypoint": 0, "goal": (0.0, 0.0, 0.0), "position": (9.0, 0.03, -130.0) }, { "time": 0.0, "phase": "following", "reason": "path_ready", "attempts": 0, "waypoint": 1, "goal": (3.0, 0.0, -9.0), "position": (9.0, 0.03, -130.0) }, { "time": 62.5999999999977, "phase": "arrived", "reason": "goal_reached", "attempts": 0, "waypoint": 11, "goal": (3.0, 0.0, -9.0), "position": (4.232148, 0.017265, -9.39135) }] }
[PASS] T018-H01 actual actor from spawn 2/6 reaches own capture position
[PASS] route team 2 slot 7 starts on a clear spawn (0 bodies within margin)
[route] trace saved: res://logs/route-traces/map-t2-s7-112167.log
[route] team=2 slot=7 { "phase": "following", "seconds": 250.0, "bounded": true, "max_x": 42.8978271484375, "min_x": 0.0, "peak_y": 0.02975479140878, "position": (42.24848, 0.000942, -117.0893), "events": [{ "time": 0.0, "phase": "idle", "reason": "reset", "attempts": 0, "waypoint": 0, "goal": (0.0, 0.0, 0.0), "position": (27.0, 0.03, -130.0) }, { "time": 0.0, "phase": "idle", "reason": "new_goal", "attempts": 0, "waypoint": 0, "goal": (0.0, 0.0, 0.0), "position": (27.0, 0.03, -130.0) }, { "time": 0.0, "phase": "following", "reason": "path_ready", "attempts": 0, "waypoint": 1, "goal": (8.0, 0.0, -6.0), "position": (27.0, 0.03, -130.0) }] }
[FAIL] T018-H01 actual actor from spawn 2/7 reaches own capture position
[spawn arrival seconds] { "1_0": 250.0, "1_1": 57.9833333333333, "1_2": 60.8833333333333, "1_3": 250.0, "1_4": 47.7166666666667, "1_5": 97.9833333333333, "1_6": 250.0, "1_7": 94.9666666666667, "2_0": 48.2666666666667, "2_1": 56.5166666666667, "2_2": 57.9333333333333, "2_3": 53.3, "2_4": 250.0, "2_5": 52.9333333333333, "2_6": 62.6, "2_7": 250.0 }
[PASS] route team 1 slot 0 starts on a clear spawn (0 bodies within margin)
[alternate] team=1 { "phase": "arrived", "seconds": 113.933333333333, "bounded": true, "max_x": 72.1172714233398, "min_x": -27.0, "peak_y": 0.03150081261992, "position": (-6.754223, 0.011204, 6.346359), "events": [{ "time": 0.0, "phase": "idle", "reason": "reset", "attempts": 0, "waypoint": 0, "goal": (0.0, 0.0, 0.0), "position": (-27.0, 0.03, 116.0) }, { "time": 0.0, "phase": "idle", "reason": "new_goal", "attempts": 0, "waypoint": 0, "goal": (0.0, 0.0, 0.0), "position": (-27.0, 0.03, 116.0) }, { "time": 0.0, "phase": "following", "reason": "path_ready", "attempts": 0, "waypoint": 1, "goal": (-8.0, 0.0, 6.0), "position": (-27.0, 0.03, 116.0) }, { "time": 113.933333333328, "phase": "arrived", "reason": "goal_reached", "attempts": 0, "waypoint": 14, "goal": (-8.0, 0.0, 6.0), "position": (-6.752018, 0.011073, 6.347) }] }
[PASS] blocked western entrances force the independent eastern main route 1
[PASS] route team 2 slot 0 starts on a clear spawn (0 bodies within margin)
[alternate] team=2 { "phase": "arrived", "seconds": 63.6, "bounded": true, "max_x": 72.1065979003906, "min_x": -27.0, "peak_y": 0.03153447806835, "position": (-6.755018, 0.022053, -6.328873), "events": [{ "time": 0.0, "phase": "idle", "reason": "reset", "attempts": 0, "waypoint": 0, "goal": (0.0, 0.0, 0.0), "position": (-27.0, 0.03, -116.0) }, { "time": 0.0, "phase": "idle", "reason": "new_goal", "attempts": 0, "waypoint": 0, "goal": (0.0, 0.0, 0.0), "position": (-27.0, 0.03, -116.0) }, { "time": 0.0, "phase": "following", "reason": "path_ready", "attempts": 0, "waypoint": 1, "goal": (-8.0, 0.0, -6.0), "position": (-27.0, 0.03, -116.0) }, { "time": 63.5999999999977, "phase": "arrived", "reason": "goal_reached", "attempts": 0, "waypoint": 14, "goal": (-8.0, 0.0, -6.0), "position": (-6.750525, 0.022039, -6.330124) }] }
[PASS] blocked western entrances force the independent eastern main route 2
[PASS] route team 1 slot 0 starts on a clear spawn (0 bodies within margin)
[route] trace saved: res://logs/route-traces/map-t1-s0-wide-140721.log
[maximum-size] { "phase": "following", "seconds": 250.0, "bounded": true, "max_x": 74.5954818725586, "min_x": -74.5954818725586, "peak_y": 0.06251107156277, "position": (-73.76244, 0.000942, 71.31334), "events": [{ "time": 0.0, "phase": "idle", "reason": "reset", "attempts": 0, "waypoint": 0, "goal": (0.0, 0.0, 0.0), "position": (-27.0, 0.03, 116.0) }, { "time": 0.0, "phase": "idle", "reason": "new_goal", "attempts": 0, "waypoint": 0, "goal": (0.0, 0.0, 0.0), "position": (-27.0, 0.03, 116.0) }, { "time": 0.0, "phase": "following", "reason": "path_ready", "attempts": 0, "waypoint": 1, "goal": (-8.0, 0.0, 6.0), "position": (-27.0, 0.03, 116.0) }] }
[FAIL] 4.2x2.4x8.5m physical proxy drives the real road without teleport
[PASS] route team 1 slot 0 starts on a clear spawn (0 bodies within margin)
[route] trace saved: res://logs/route-traces/map-t1-s0-wide-156697.log
[long hill flank maximum-size] { "phase": "following", "seconds": 250.0, "bounded": true, "max_x": 121.332450866699, "min_x": -121.332450866699, "peak_y": 3.73794484138489, "position": (-120.0748, 3.737945, 21.17701), "events": [{ "time": 0.0, "phase": "idle", "reason": "reset", "attempts": 0, "waypoint": 0, "goal": (0.0, 0.0, 0.0), "position": (-27.0, 0.03, 116.0) }, { "time": 0.0, "phase": "idle", "reason": "new_goal", "attempts": 0, "waypoint": 0, "goal": (0.0, 0.0, 0.0), "position": (-27.0, 0.03, 116.0) }, { "time": 0.0, "phase": "following", "reason": "path_ready", "attempts": 0, "waypoint": 1, "goal": (-120.0, 0.0, 65.0), "position": (-27.0, 0.03, 116.0) }, { "time": 32.9499999999994, "phase": "arrived", "reason": "goal_reached", "attempts": 0, "waypoint": 7, "goal": (-120.0, 0.0, 65.0), "position": (-119.1476, 0.040066, 65.9707) }, { "time": 32.9499999999994, "phase": "idle", "reason": "new_goal", "attempts": 0, "waypoint": 0, "goal": (-120.0, 0.0, 65.0), "position": (-119.1504, 0.040155, 65.96758) }, { "time": 32.9499999999994, "phase": "following", "reason": "path_ready", "attempts": 0, "waypoint": 1, "goal": (-120.0, 6.673919, 0.0), "position": (-119.1504, 0.040155, 65.96758) }, { "time": 41.0333333333323, "phase": "yielding", "reason": "physical_obstacle", "attempts": 0, "waypoint": 2, "goal": (-120.0, 6.673919, 0.0), "position": (-120.5308, 1.595026, 31.47361) }, { "time": 41.049999999999, "phase": "following", "reason": "obstacle_cleared", "attempts": 0, "waypoint": 2, "goal": (-120.0, 6.673919, 0.0), "position": (-120.5438, 1.622583, 31.36272) }, { "time": 41.099999999999, "phase": "yielding", "reason": "physical_obstacle", "attempts": 0, "waypoint": 2, "goal": (-120.0, 6.673919, 0.0), "position": (-120.584, 1.657701, 31.03136) }, { "time": 41.1166666666656, "phase": "following", "reason": "obstacle_cleared", "attempts": 0, "waypoint": 2, "goal": (-120.0, 6.673919, 0.0), "position": (-120.5973, 1.684454, 30.92342) }] }
[FAIL] maximum-size proxy actually climbs and descends the western hill to far-side approach
[PASS] route team 1 slot 0 starts on a clear spawn (0 bodies within margin)
[real parked vehicle blockage] { "phase": "arrived", "seconds": 83.5333333333333, "bounded": true, "max_x": 119.196235656738, "min_x": -119.196235656738, "peak_y": 0.03160475566983, "position": (-9.173878, 0.020821, 6.533012), "events": [{ "time": 0.0, "phase": "idle", "reason": "reset", "attempts": 0, "waypoint": 0, "goal": (0.0, 0.0, 0.0), "position": (-27.0, 0.03, 116.0) }, { "time": 0.0, "phase": "idle", "reason": "new_goal", "attempts": 0, "waypoint": 0, "goal": (0.0, 0.0, 0.0), "position": (-27.0, 0.03, 116.0) }, { "time": 0.0, "phase": "following", "reason": "path_ready", "attempts": 0, "waypoint": 1, "goal": (-8.0, 0.0, 6.0), "position": (-27.0, 0.03, 116.0) }, { "time": 21.1166666666667, "phase": "yielding", "reason": "physical_obstacle", "attempts": 0, "waypoint": 5, "goal": (-8.0, 0.0, 6.0), "position": (-72.01109, 0.028666, 93.18288) }, { "time": 23.6833333333333, "phase": "reverse", "reason": "insufficient_actual_progress", "attempts": 1, "waypoint": 5, "goal": (-8.0, 0.0, 6.0), "position": (-71.98454, 0.000517, 91.23164) }, { "time": 24.8833333333332, "phase": "turn_recovery", "reason": "reverse_complete", "attempts": 1, "waypoint": 5, "goal": (-8.0, 0.0, 6.0), "position": (-72.00645, 0.005118, 92.94679) }, { "time": 25.5833333333332, "phase": "following", "reason": "path_ready", "attempts": 1, "waypoint": 1, "goal": (-8.0, 0.0, 6.0), "position": (-71.85056, 0.021501, 93.65837) }, { "time": 83.5333333333299, "phase": "arrived", "reason": "goal_reached", "attempts": 1, "waypoint": 12, "goal": (-8.0, 0.0, 6.0), "position": (-9.178062, 0.020758, 6.534836) }] }
[PASS] T018-02 actual parked vehicle triggers recovery and another path to the point
=== 缁撴灉: 49 椤规鏌? 8 澶辫触 ===
MAP_CHECKS_FAIL
