Godot Engine v4.7.2.stable.official.ed1daf0bf - https://godotengine.org

[PASS] production catalog loads every packet, including the two engineering vehicles
[PASS] no packet was rejected by the catalog
[PASS] ussr_t_80b: the admitted packet resolves to a vehicle definition
[PASS] ussr_t_80b: resolves as an admitted game-reference vehicle (profile/status preserved)
[PASS] ussr_t_80b: the packet declares its authored rounds and a default (declared=3)
[PASS] ussr_t_80b: every declared round carries an identifier
[PASS] ussr_t_80b: every declared round carries an identifier
[PASS] ussr_t_80b: every declared round carries an identifier
[PASS] ussr_t_80b: the declared default resolves to a declared round
[PASS] ussr_t_80b: the default is the APFSDS main round with the long-rod terminal effect
[PASS] ussr_t_80b: the HEAT round is declared with the chemical terminal effect
[PASS] ussr_t_80b: declared round eng_125_apfsds_v1 carries the APFSDS family with the long_rod policy
[PASS] ussr_t_80b: declared round eng_125_heat_v1 carries the HEAT family with the chemical policy
[PASS] ussr_t_80b: declared round eng_125_he_v1 carries the HE family with the he_blast policy
[PASS] ussr_t_80b: the real actor installs from the admitted packet
[PASS] ussr_t_80b: every declared engineering round is installed and the rack ledger conserves stock (38 rounds)
[PASS] ussr_t_80b: the installed inventory is keyed by the engineering round ids
[PASS] ussr_t_80b: the APFSDS main round is chambered by default
[PASS] ussr_t_80b: the HEAT round can be selected while the APFSDS is still in the chamber
[PASS] ussr_t_80b: the chambered APFSDS fires through the real projectile manager
[PASS] ussr_t_80b: the launch carries the APFSDS identity and long-rod effect
[PASS] ussr_t_80b: the launch speed matches the authored engineering muzzle velocity (1700.0 m/s)
[PASS] ussr_t_80b: the first launch debits exactly one round
      [state] ussr_t_80b natural reload finished after 428 physics frames (nominal reload 7.1 s)
      [state] ussr_t_80b cooldown=0.0 transfer= chamber=ussr_t_80b_eng_125_heat_v1 selected=ussr_t_80b_eng_125_heat_v1 blocked= counts={ "ussr_t_80b_shell": 26, "ussr_t_80b_eng_125_heat_v1": 6, "ussr_t_80b_eng_125_he_v1": 5 } options=3
[PASS] ussr_t_80b: the natural reload chambers the HEAT round without clearing any cooldown by hand
[PASS] ussr_t_80b: the HEAT round fires through the real projectile manager
[PASS] ussr_t_80b: the second launch carries the HEAT identity and chemical effect
[PASS] ussr_t_80b: the HEAT curve is flat, as its constant chemical budget requires
[PASS] ussr_t_80b: two real launches debit two rounds and conserve the rest
[PASS] ussr_t_80b: reset restores the authored declared manifest and the default chamber
[PASS] germ_leopard_2a4: the admitted packet resolves to a vehicle definition
[PASS] germ_leopard_2a4: resolves as an admitted game-reference vehicle (profile/status preserved)
[PASS] germ_leopard_2a4: the packet declares its authored rounds and a default (declared=2)
[PASS] germ_leopard_2a4: every declared round carries an identifier
[PASS] germ_leopard_2a4: every declared round carries an identifier
[PASS] germ_leopard_2a4: the declared default resolves to a declared round
[PASS] germ_leopard_2a4: the default is the APFSDS main round with the long-rod terminal effect
[PASS] germ_leopard_2a4: the HEAT round is declared with the chemical terminal effect
[PASS] germ_leopard_2a4: declared round eng_120_apfsds_v1 carries the APFSDS family with the long_rod policy
[PASS] germ_leopard_2a4: declared round eng_120_heat_v1 carries the HEAT family with the chemical policy
[PASS] germ_leopard_2a4: the real actor installs from the admitted packet
[PASS] germ_leopard_2a4: every declared engineering round is installed and the rack ledger conserves stock (42 rounds)
[PASS] germ_leopard_2a4: the installed inventory is keyed by the engineering round ids
[PASS] germ_leopard_2a4: the APFSDS main round is chambered by default
[PASS] germ_leopard_2a4: the HEAT round can be selected while the APFSDS is still in the chamber
[PASS] germ_leopard_2a4: the chambered APFSDS fires through the real projectile manager
[PASS] germ_leopard_2a4: the launch carries the APFSDS identity and long-rod effect
[PASS] germ_leopard_2a4: the launch speed matches the authored engineering muzzle velocity (1650.0 m/s)
[PASS] germ_leopard_2a4: the first launch debits exactly one round
      [state] germ_leopard_2a4 natural reload finished after 362 physics frames (nominal reload 6.0 s)
      [state] germ_leopard_2a4 cooldown=0.0 transfer= chamber=germ_leopard_2a4_eng_120_heat_v1 selected=germ_leopard_2a4_eng_120_heat_v1 blocked= counts={ "germ_leopard_2a4_shell": 29, "germ_leopard_2a4_eng_120_heat_v1": 12 } options=2
[PASS] germ_leopard_2a4: the natural reload chambers the HEAT round without clearing any cooldown by hand
[PASS] germ_leopard_2a4: the HEAT round fires through the real projectile manager
[PASS] germ_leopard_2a4: the second launch carries the HEAT identity and chemical effect
[PASS] germ_leopard_2a4: the HEAT curve is flat, as its constant chemical budget requires
[PASS] germ_leopard_2a4: two real launches debit two rounds and conserve the rest
[PASS] germ_leopard_2a4: reset restores the authored declared manifest and the default chamber
=== result: 54 checks, 0 failed ===
ENGINEERING_RUNTIME_CHECKS_PASS
