Godot Engine v4.7.2.stable.official.ed1daf0bf - https://godotengine.org
OpenGL API 3.3.0 NVIDIA 591.86 - Compatibility - Using Device: NVIDIA - NVIDIA GeForce RTX 4070 SUPER

[PASS] actual window capture 00_combat_entry
[PASS] normal garage button enters combat laboratory
[PASS] normal difficulty key restarts actual AI
[PASS] actual window capture 01_hidden_start
[PASS] normal hidden start has no target lock or shots
[PASS] normal driving exposes player outside cover
[PASS] AI sees normally driven exposed hull
[PASS] actual window capture 02_exposed_observed
[PASS] AI fires actual gun after aiming and reaction
[PASS] actual window capture 03_ai_shot
[FAIL] normal reverse returns player behind cover
[FAIL] AI loses line of sight after normal retreat
[PASS] actual window capture 04_hidden_search
[FAIL] normal restart clears previous combat and memory
[PASS] normal menu pauses combat
[PASS] normal return releases combat actors
=== 结果: 16 项检查, 3 失败 ===
[render] fps=57
AI_COMBAT_PLAYER_CHECKS_FAIL
