Godot Engine v4.7.2.stable.official.ed1daf0bf - https://godotengine.org

[PASS] all historical definitions admitted for physical road matrix
[route] us_m4a3_75w_vvss_1944 team=1 slot=0 phase=arrived peak_speed=2.67561688476695 endpoint=(-6.554579, 0.030903, 5.600769)
[PASS] us_m4a3_75w_vvss_1944: actual hull from team 1 slot 0 reaches capture via roads within movement bounds
[route] us_m4a3_75w_vvss_1944 team=1 slot=7 phase=arrived peak_speed=2.97428082933307 endpoint=(6.791332, 0.033718, 5.707153)
[PASS] us_m4a3_75w_vvss_1944: actual hull from team 1 slot 7 reaches capture via roads within movement bounds
[route] us_m4a3_75w_vvss_1944 team=2 slot=0 phase=arrived peak_speed=3.119496683088 endpoint=(-6.776642, 0.034681, -5.72039)
[PASS] us_m4a3_75w_vvss_1944: actual hull from team 2 slot 0 reaches capture via roads within movement bounds
[route] us_m4a3_75w_vvss_1944 team=2 slot=7 phase=arrived peak_speed=3.22778397981008 endpoint=(6.82032, 0.034963, -5.731827)
[PASS] us_m4a3_75w_vvss_1944: actual hull from team 2 slot 7 reaches capture via roads within movement bounds
[route] us_m24_m6_t85e1_1951 team=1 slot=0 phase=arrived peak_speed=3.64948840172149 endpoint=(-6.900162, 0.027524, 5.72094)
[PASS] us_m24_m6_t85e1_1951: actual hull from team 1 slot 0 reaches capture via roads within movement bounds
[route] us_m24_m6_t85e1_1951 team=1 slot=7 phase=arrived peak_speed=3.81241057615902 endpoint=(6.97821, 0.027692, 5.743881)
[PASS] us_m24_m6_t85e1_1951: actual hull from team 1 slot 7 reaches capture via roads within movement bounds
[route] us_m24_m6_t85e1_1951 team=2 slot=0 phase=arrived peak_speed=3.68031713197858 endpoint=(-6.871868, 0.02758, -5.718475)
[PASS] us_m24_m6_t85e1_1951: actual hull from team 2 slot 0 reaches capture via roads within movement bounds
[route] us_m24_m6_t85e1_1951 team=2 slot=7 phase=arrived peak_speed=3.65527981207679 endpoint=(6.89332, 0.027523, -5.719986)
[PASS] us_m24_m6_t85e1_1951: actual hull from team 2 slot 7 reaches capture via roads within movement bounds
[route] us_m26_m3_1945 team=1 slot=0 phase=failed peak_speed=2.8693119748805 endpoint=(-40.25454, 0.000959, 17.64539)
[FAIL] us_m26_m3_1945: actual hull from team 1 slot 0 reaches capture via roads within movement bounds
[route] us_m26_m3_1945 team=1 slot=7 phase=failed peak_speed=3.02493538425408 endpoint=(40.20926, 0.000972, 17.65057)
[FAIL] us_m26_m3_1945: actual hull from team 1 slot 7 reaches capture via roads within movement bounds
[route] us_m26_m3_1945 team=2 slot=0 phase=failed peak_speed=2.95752506181218 endpoint=(-40.21782, 0.000965, -17.65935)
[FAIL] us_m26_m3_1945: actual hull from team 2 slot 0 reaches capture via roads within movement bounds
[route] us_m26_m3_1945 team=2 slot=7 phase=failed peak_speed=2.92298864545675 endpoint=(40.26808, 0.000966, -17.61623)
[FAIL] us_m26_m3_1945: actual hull from team 2 slot 7 reaches capture via roads within movement bounds
[route] us_m36_m4a1_1945 team=1 slot=0 phase=arrived peak_speed=3.16331298060984 endpoint=(-6.673862, 0.03178, 5.562599)
[PASS] us_m36_m4a1_1945: actual hull from team 1 slot 0 reaches capture via roads within movement bounds
[route] us_m36_m4a1_1945 team=1 slot=7 phase=arrived peak_speed=3.46822733085054 endpoint=(6.811733, 0.032609, 5.648544)
[PASS] us_m36_m4a1_1945: actual hull from team 1 slot 7 reaches capture via roads within movement bounds
[route] us_m36_m4a1_1945 team=2 slot=0 phase=arrived peak_speed=3.3962562342381 endpoint=(-6.729437, 0.032456, -5.621132)
[PASS] us_m36_m4a1_1945: actual hull from team 2 slot 0 reaches capture via roads within movement bounds
[route] us_m36_m4a1_1945 team=2 slot=7 phase=arrived peak_speed=3.46070421108583 endpoint=(6.754854, 0.032477, -5.634605)
[PASS] us_m36_m4a1_1945: actual hull from team 2 slot 7 reaches capture via roads within movement bounds
=== 结果: 17 项检查, 4 失败 ===
