tick=0 phase=following reason=path_ready wp=1 dist_wp=13.42 bearing_deg=-26.57 speed=0.000 pos=(27.000,0.005,130.000) thr=0.00 steer=-1.00 blocked=false bounded=true
tick=30 phase=following reason=path_ready wp=1 dist_wp=13.32 bearing_deg=-13.28 speed=0.185 pos=(27.021,0.005,129.901) thr=0.95 steer=-0.54 blocked=false bounded=true
tick=60 phase=following reason=path_ready wp=1 dist_wp=12.28 bearing_deg=-7.04 speed=0.632 pos=(27.346,0.009,128.900) thr=0.91 steer=-0.29 blocked=false bounded=true
tick=90 phase=following reason=path_ready wp=1 dist_wp=10.17 bearing_deg=-4.20 speed=1.025 pos=(28.161,0.008,126.949) thr=0.82 steer=-0.17 blocked=false bounded=true
tick=120 phase=following reason=path_ready wp=1 dist_wp=7.19 bearing_deg=-2.97 speed=1.323 pos=(29.450,0.007,124.255) thr=0.67 steer=-0.12 blocked=false bounded=true
tick=150 phase=following reason=path_ready wp=1 dist_wp=3.64 bearing_deg=-2.94 speed=1.472 pos=(31.100,0.004,121.104) thr=0.43 steer=-0.12 blocked=false bounded=true
tick=180 phase=following reason=path_ready wp=1 dist_wp=0.44 bearing_deg=-12.39 speed=0.676 pos=(32.694,0.019,118.312) thr=0.00 steer=-0.45 blocked=false bounded=true
tick=210 phase=following reason=path_ready wp=2 dist_wp=19.67 bearing_deg=-38.18 speed=0.000 pos=(32.857,0.010,118.066) thr=0.00 steer=-1.00 blocked=false bounded=true
tick=240 phase=following reason=path_ready wp=2 dist_wp=19.67 bearing_deg=-20.57 speed=0.000 pos=(32.857,0.001,118.066) thr=0.00 steer=-0.84 blocked=false bounded=true
tick=270 phase=following reason=path_ready wp=2 dist_wp=19.26 bearing_deg=-10.18 speed=0.399 pos=(33.261,0.009,117.957) thr=1.00 steer=-0.42 blocked=false bounded=true
tick=300 phase=following reason=path_ready wp=2 dist_wp=17.63 bearing_deg=-5.47 speed=0.895 pos=(34.885,0.010,117.681) thr=1.00 steer=-0.22 blocked=false bounded=true
tick=330 phase=following reason=path_ready wp=2 dist_wp=14.75 bearing_deg=-3.26 speed=1.385 pos=(37.756,0.010,117.382) thr=1.00 steer=-0.13 blocked=false bounded=true
tick=360 phase=following reason=path_ready wp=2 dist_wp=10.69 bearing_deg=-2.28 speed=1.816 pos=(41.815,0.009,117.120) thr=0.85 steer=-0.09 blocked=false bounded=true
tick=390 phase=following reason=path_ready wp=2 dist_wp=5.74 bearing_deg=-2.17 speed=2.084 pos=(46.765,0.006,116.933) thr=0.59 steer=-0.09 blocked=false bounded=true
tick=420 phase=following reason=path_ready wp=2 dist_wp=0.62 bearing_deg=-10.32 speed=1.626 pos=(51.892,0.011,116.880) thr=0.00 steer=-0.35 blocked=false bounded=true
tick=450 phase=following reason=path_ready wp=3 dist_wp=18.17 bearing_deg=13.36 speed=0.443 pos=(53.860,0.022,117.085) thr=1.00 steer=0.55 blocked=false bounded=true
tick=480 phase=following reason=path_ready wp=3 dist_wp=16.44 bearing_deg=7.27 speed=0.937 pos=(55.607,0.009,117.254) thr=1.00 steer=0.30 blocked=false bounded=true
tick=510 phase=following reason=path_ready wp=3 dist_wp=13.47 bearing_deg=4.43 speed=1.420 pos=(58.594,0.010,117.283) thr=0.96 steer=0.18 blocked=false bounded=true
tick=540 phase=following reason=path_ready wp=3 dist_wp=9.38 bearing_deg=3.22 speed=1.808 pos=(62.690,0.008,117.107) thr=0.79 steer=0.13 blocked=false bounded=true
tick=570 phase=following reason=path_ready wp=3 dist_wp=4.50 bearing_deg=3.43 speed=2.047 pos=(67.559,0.006,116.710) thr=0.50 steer=0.14 blocked=false bounded=true
tick=600 phase=following reason=path_ready wp=3 dist_wp=0.19 bearing_deg=130.90 speed=1.218 pos=(72.153,0.020,116.116) thr=0.00 steer=1.00 blocked=false bounded=true
tick=630 phase=following reason=path_ready wp=4 dist_wp=21.85 bearing_deg=63.54 speed=0.000 pos=(73.167,0.023,115.821) thr=0.00 steer=1.00 blocked=false bounded=true
tick=660 phase=following reason=path_ready wp=4 dist_wp=21.85 bearing_deg=45.54 speed=0.000 pos=(73.167,0.002,115.821) thr=0.00 steer=1.00 blocked=false bounded=true
tick=690 phase=following reason=path_ready wp=4 dist_wp=21.85 bearing_deg=27.54 speed=0.000 pos=(73.167,0.000,115.821) thr=0.00 steer=1.00 blocked=false bounded=true
tick=720 phase=following reason=path_ready wp=4 dist_wp=21.72 bearing_deg=13.47 speed=0.251 pos=(73.195,0.007,115.686) thr=1.00 steer=0.55 blocked=false bounded=true
tick=750 phase=following reason=path_ready wp=4 dist_wp=20.29 bearing_deg=7.07 speed=0.877 pos=(73.338,0.013,114.250) thr=1.00 steer=0.29 blocked=false bounded=true
tick=780 phase=following reason=path_ready wp=4 dist_wp=17.25 bearing_deg=4.16 speed=1.553 pos=(73.391,0.014,111.190) thr=1.00 steer=0.17 blocked=false bounded=true
tick=810 phase=following reason=path_ready wp=4 dist_wp=12.46 bearing_deg=2.93 speed=2.232 pos=(73.240,0.014,106.395) thr=0.92 steer=0.12 blocked=false bounded=true
tick=840 phase=following reason=path_ready wp=4 dist_wp=6.55 bearing_deg=2.88 speed=2.549 pos=(72.853,0.009,100.490) thr=0.64 steer=0.11 blocked=false bounded=true
tick=870 phase=following reason=path_ready wp=4 dist_wp=0.20 bearing_deg=58.58 speed=2.138 pos=(72.187,0.011,94.078) thr=0.00 steer=1.00 blocked=false bounded=true
tick=900 phase=following reason=path_ready wp=4 dist_wp=3.14 bearing_deg=167.03 speed=0.538 pos=(71.299,0.031,90.935) thr=0.00 steer=1.00 blocked=false bounded=true
tick=930 phase=following reason=path_ready wp=4 dist_wp=3.35 bearing_deg=150.05 speed=0.000 pos=(71.200,0.009,90.750) thr=0.00 steer=1.00 blocked=false bounded=true
tick=960 phase=following reason=path_ready wp=4 dist_wp=3.35 bearing_deg=132.05 speed=0.000 pos=(71.200,0.001,90.750) thr=0.00 steer=1.00 blocked=false bounded=true
tick=990 phase=following reason=path_ready wp=4 dist_wp=3.35 bearing_deg=114.05 speed=0.000 pos=(71.200,0.001,90.750) thr=0.00 steer=1.00 blocked=false bounded=true
tick=1020 phase=following reason=path_ready wp=4 dist_wp=3.35 bearing_deg=96.05 speed=0.000 pos=(71.200,0.001,90.750) thr=0.00 steer=1.00 blocked=false bounded=true
tick=1050 phase=following reason=path_ready wp=4 dist_wp=3.35 bearing_deg=78.05 speed=0.000 pos=(71.200,0.001,90.750) thr=0.00 steer=1.00 blocked=false bounded=true
tick=1080 phase=following reason=path_ready wp=4 dist_wp=3.35 bearing_deg=60.05 speed=0.000 pos=(71.200,0.001,90.750) thr=0.00 steer=1.00 blocked=false bounded=true
tick=1110 phase=following reason=path_ready wp=4 dist_wp=3.35 bearing_deg=42.05 speed=0.000 pos=(71.200,0.001,90.750) thr=0.00 steer=1.00 blocked=false bounded=true
tick=1140 phase=following reason=path_ready wp=4 dist_wp=3.35 bearing_deg=24.06 speed=0.000 pos=(71.200,0.001,90.750) thr=0.00 steer=0.99 blocked=false bounded=true
tick=1170 phase=following reason=path_ready wp=4 dist_wp=3.23 bearing_deg=12.03 speed=0.146 pos=(71.201,0.004,90.865) thr=0.38 steer=0.49 blocked=false bounded=true
tick=1200 phase=following reason=path_ready wp=4 dist_wp=2.59 bearing_deg=7.33 speed=0.360 pos=(71.275,0.005,91.517) thr=0.32 steer=0.30 blocked=false bounded=true
tick=1230 phase=following reason=path_ready wp=4 dist_wp=1.50 bearing_deg=6.20 speed=0.486 pos=(71.494,0.003,92.591) thr=0.14 steer=0.25 blocked=false bounded=true
tick=1260 phase=following reason=path_ready wp=5 dist_wp=20.96 bearing_deg=150.95 speed=0.000 pos=(71.588,0.007,92.955) thr=0.00 steer=1.00 blocked=false bounded=true
tick=1290 phase=following reason=path_ready wp=5 dist_wp=20.96 bearing_deg=132.95 speed=0.000 pos=(71.588,0.001,92.955) thr=0.00 steer=1.00 blocked=false bounded=true
tick=1320 phase=following reason=path_ready wp=5 dist_wp=20.96 bearing_deg=114.95 speed=0.000 pos=(71.588,0.000,92.955) thr=0.00 steer=1.00 blocked=false bounded=true
tick=1350 phase=following reason=path_ready wp=5 dist_wp=20.96 bearing_deg=96.95 speed=0.000 pos=(71.588,0.000,92.955) thr=0.00 steer=1.00 blocked=false bounded=true
tick=1380 phase=following reason=path_ready wp=5 dist_wp=20.96 bearing_deg=78.95 speed=0.000 pos=(71.588,0.000,92.955) thr=0.00 steer=1.00 blocked=false bounded=true
tick=1410 phase=following reason=path_ready wp=5 dist_wp=20.96 bearing_deg=60.95 speed=0.000 pos=(71.588,0.000,92.955) thr=0.00 steer=1.00 blocked=false bounded=true
tick=1440 phase=following reason=path_ready wp=5 dist_wp=20.96 bearing_deg=42.95 speed=0.000 pos=(71.588,0.000,92.955) thr=0.00 steer=1.00 blocked=false bounded=true
tick=1470 phase=following reason=path_ready wp=5 dist_wp=20.96 bearing_deg=24.95 speed=0.000 pos=(71.588,0.000,92.955) thr=0.00 steer=1.00 blocked=false bounded=true
tick=1500 phase=following reason=path_ready wp=5 dist_wp=20.70 bearing_deg=12.23 speed=0.381 pos=(71.658,0.009,92.693) thr=1.00 steer=0.50 blocked=false bounded=true
tick=1530 phase=following reason=path_ready wp=5 dist_wp=18.84 bearing_deg=6.62 speed=1.090 pos=(71.952,0.014,90.837) thr=1.00 steer=0.27 blocked=false bounded=true
tick=1560 phase=following reason=path_ready wp=5 dist_wp=15.21 bearing_deg=4.13 speed=1.788 pos=(72.247,0.014,87.203) thr=1.00 steer=0.17 blocked=false bounded=true
tick=1590 phase=following reason=path_ready wp=5 dist_wp=9.94 bearing_deg=3.24 speed=2.252 pos=(72.419,0.009,81.936) thr=0.82 steer=0.13 blocked=false bounded=true
tick=1620 phase=following reason=path_ready wp=5 dist_wp=3.79 bearing_deg=4.40 speed=2.628 pos=(72.384,0.008,75.771) thr=0.45 steer=0.17 blocked=false bounded=true
tick=1650 phase=following reason=path_ready wp=5 dist_wp=1.65 bearing_deg=169.93 speed=1.422 pos=(71.942,0.026,70.356) thr=0.00 steer=1.00 blocked=false bounded=true
tick=1680 phase=following reason=path_ready wp=5 dist_wp=3.16 bearing_deg=159.88 speed=0.000 pos=(71.479,0.030,68.882) thr=0.00 steer=1.00 blocked=false bounded=true
tick=1710 phase=following reason=path_ready wp=5 dist_wp=3.16 bearing_deg=141.88 speed=0.000 pos=(71.479,0.003,68.882) thr=0.00 steer=1.00 blocked=false bounded=true
tick=1740 phase=following reason=path_ready wp=5 dist_wp=3.16 bearing_deg=123.88 speed=0.000 pos=(71.479,0.001,68.882) thr=0.00 steer=1.00 blocked=false bounded=true
tick=1770 phase=following reason=path_ready wp=5 dist_wp=3.16 bearing_deg=105.88 speed=0.000 pos=(71.479,0.001,68.882) thr=0.00 steer=1.00 blocked=false bounded=true
tick=1800 phase=following reason=path_ready wp=5 dist_wp=3.16 bearing_deg=87.88 speed=0.000 pos=(71.479,0.001,68.882) thr=0.00 steer=1.00 blocked=false bounded=true
tick=1830 phase=following reason=path_ready wp=5 dist_wp=3.16 bearing_deg=69.88 speed=0.000 pos=(71.479,0.001,68.882) thr=0.00 steer=1.00 blocked=false bounded=true
tick=1860 phase=following reason=path_ready wp=5 dist_wp=3.16 bearing_deg=51.88 speed=0.000 pos=(71.479,0.001,68.882) thr=0.00 steer=1.00 blocked=false bounded=true
tick=1890 phase=following reason=path_ready wp=5 dist_wp=3.16 bearing_deg=33.88 speed=0.000 pos=(71.479,0.001,68.882) thr=0.00 steer=1.00 blocked=false bounded=true
tick=1920 phase=following reason=path_ready wp=5 dist_wp=3.16 bearing_deg=17.28 speed=0.008 pos=(71.479,0.001,68.882) thr=0.38 steer=0.71 blocked=false bounded=true
tick=1950 phase=following reason=path_ready wp=5 dist_wp=2.85 bearing_deg=9.28 speed=0.231 pos=(71.473,0.005,69.196) thr=0.35 steer=0.38 blocked=false bounded=true
tick=1980 phase=following reason=path_ready wp=5 dist_wp=2.04 bearing_deg=6.33 speed=0.403 pos=(71.538,0.004,70.013) thr=0.24 steer=0.26 blocked=false bounded=true
tick=2010 phase=following reason=path_ready wp=6 dist_wp=20.92 bearing_deg=164.87 speed=0.000 pos=(71.677,0.009,70.913) thr=0.00 steer=1.00 blocked=false bounded=true
tick=2040 phase=following reason=path_ready wp=6 dist_wp=20.92 bearing_deg=146.87 speed=0.000 pos=(71.677,0.003,70.913) thr=0.00 steer=1.00 blocked=false bounded=true
tick=2070 phase=following reason=path_ready wp=6 dist_wp=20.92 bearing_deg=128.87 speed=0.000 pos=(71.677,0.000,70.913) thr=0.00 steer=1.00 blocked=false bounded=true
tick=2100 phase=following reason=path_ready wp=6 dist_wp=20.92 bearing_deg=110.87 speed=0.000 pos=(71.677,0.000,70.913) thr=0.00 steer=1.00 blocked=false bounded=true
tick=2130 phase=following reason=path_ready wp=6 dist_wp=20.92 bearing_deg=92.87 speed=0.000 pos=(71.677,0.000,70.913) thr=0.00 steer=1.00 blocked=false bounded=true
tick=2160 phase=following reason=path_ready wp=6 dist_wp=20.92 bearing_deg=74.87 speed=0.000 pos=(71.677,0.000,70.913) thr=0.00 steer=1.00 blocked=false bounded=true
tick=2190 phase=following reason=path_ready wp=6 dist_wp=20.92 bearing_deg=56.87 speed=0.000 pos=(71.677,0.000,70.913) thr=0.00 steer=1.00 blocked=false bounded=true
tick=2220 phase=following reason=path_ready wp=6 dist_wp=20.92 bearing_deg=38.87 speed=0.000 pos=(71.677,0.000,70.913) thr=0.00 steer=1.00 blocked=false bounded=true
tick=2250 phase=following reason=path_ready wp=6 dist_wp=20.92 bearing_deg=21.15 speed=0.000 pos=(71.677,0.000,70.913) thr=0.00 steer=0.87 blocked=false bounded=true
tick=2280 phase=following reason=path_ready wp=6 dist_wp=20.38 bearing_deg=10.54 speed=0.547 pos=(71.803,0.012,70.377) thr=1.00 steer=0.43 blocked=false bounded=true
tick=2310 phase=following reason=path_ready wp=6 dist_wp=18.10 bearing_deg=5.88 speed=1.254 pos=(72.105,0.014,68.104) thr=1.00 steer=0.24 blocked=false bounded=true
tick=2340 phase=following reason=path_ready wp=6 dist_wp=14.06 bearing_deg=3.82 speed=1.948 pos=(72.364,0.014,64.059) thr=0.99 steer=0.15 blocked=false bounded=true
tick=2370 phase=following reason=path_ready wp=6 dist_wp=8.56 bearing_deg=3.23 speed=2.336 pos=(72.470,0.007,58.551) thr=0.75 steer=0.13 blocked=false bounded=true
tick=2400 phase=following reason=path_ready wp=6 dist_wp=2.21 bearing_deg=6.51 speed=2.624 pos=(72.345,0.007,52.182) thr=0.29 steer=0.24 blocked=false bounded=true
tick=2430 phase=following reason=path_ready wp=6 dist_wp=2.25 bearing_deg=169.41 speed=0.998 pos=(71.772,0.030,47.762) thr=0.00 steer=1.00 blocked=false bounded=true
tick=2460 phase=following reason=path_ready wp=6 dist_wp=2.97 bearing_deg=155.16 speed=0.000 pos=(71.519,0.018,47.073) thr=0.00 steer=1.00 blocked=false bounded=true
tick=2490 phase=following reason=path_ready wp=6 dist_wp=2.97 bearing_deg=137.16 speed=0.000 pos=(71.519,0.001,47.073) thr=0.00 steer=1.00 blocked=false bounded=true
tick=2520 phase=following reason=path_ready wp=6 dist_wp=2.97 bearing_deg=119.16 speed=0.000 pos=(71.519,0.000,47.073) thr=0.00 steer=1.00 blocked=false bounded=true
tick=2550 phase=following reason=path_ready wp=6 dist_wp=2.97 bearing_deg=101.16 speed=0.000 pos=(71.519,0.000,47.073) thr=0.00 steer=1.00 blocked=false bounded=true
tick=2580 phase=following reason=path_ready wp=6 dist_wp=2.97 bearing_deg=83.16 speed=0.000 pos=(71.519,0.000,47.073) thr=0.00 steer=1.00 blocked=false bounded=true
tick=2610 phase=following reason=path_ready wp=6 dist_wp=2.97 bearing_deg=65.16 speed=0.000 pos=(71.519,0.000,47.073) thr=0.00 steer=1.00 blocked=false bounded=true
tick=2640 phase=following reason=path_ready wp=6 dist_wp=2.97 bearing_deg=47.16 speed=0.000 pos=(71.519,0.000,47.073) thr=0.00 steer=1.00 blocked=false bounded=true
tick=2670 phase=following reason=path_ready wp=6 dist_wp=2.97 bearing_deg=29.16 speed=0.000 pos=(71.519,0.000,47.073) thr=0.00 steer=1.00 blocked=false bounded=true
tick=2700 phase=following reason=path_ready wp=6 dist_wp=2.95 bearing_deg=14.38 speed=0.052 pos=(71.517,0.002,47.094) thr=0.35 steer=0.59 blocked=false bounded=true
tick=2730 phase=following reason=path_ready wp=6 dist_wp=2.61 bearing_deg=7.88 speed=0.211 pos=(71.518,0.004,47.437) thr=0.32 steer=0.32 blocked=false bounded=true
tick=2760 phase=following reason=path_ready wp=6 dist_wp=1.92 bearing_deg=5.21 speed=0.331 pos=(71.584,0.003,48.127) thr=0.22 steer=0.21 blocked=false bounded=true
tick=2790 phase=following reason=path_ready wp=7 dist_wp=20.19 bearing_deg=-138.39 speed=0.000 pos=(71.693,0.008,48.847) thr=0.00 steer=-1.00 blocked=false bounded=true
tick=2820 phase=following reason=path_ready wp=7 dist_wp=20.19 bearing_deg=-120.39 speed=0.000 pos=(71.693,0.002,48.847) thr=0.00 steer=-1.00 blocked=false bounded=true
tick=2850 phase=following reason=path_ready wp=7 dist_wp=20.19 bearing_deg=-102.39 speed=0.000 pos=(71.693,0.001,48.847) thr=0.00 steer=-1.00 blocked=false bounded=true
tick=2880 phase=following reason=path_ready wp=7 dist_wp=20.19 bearing_deg=-84.39 speed=0.000 pos=(71.693,0.001,48.847) thr=0.00 steer=-1.00 blocked=false bounded=true
tick=2910 phase=following reason=path_ready wp=7 dist_wp=20.19 bearing_deg=-66.39 speed=0.000 pos=(71.693,0.001,48.847) thr=0.00 steer=-1.00 blocked=false bounded=true
tick=2940 phase=following reason=path_ready wp=7 dist_wp=20.19 bearing_deg=-48.39 speed=0.000 pos=(71.693,0.001,48.847) thr=0.00 steer=-1.00 blocked=false bounded=true
tick=2970 phase=following reason=path_ready wp=7 dist_wp=20.19 bearing_deg=-30.39 speed=0.000 pos=(71.693,0.001,48.847) thr=0.00 steer=-1.00 blocked=false bounded=true
tick=3000 phase=following reason=path_ready wp=7 dist_wp=20.14 bearing_deg=-15.05 speed=0.157 pos=(71.647,0.004,48.823) thr=1.00 steer=-0.62 blocked=false bounded=true
tick=3030 phase=following reason=path_ready wp=7 dist_wp=18.90 bearing_deg=-7.85 speed=0.828 pos=(70.595,0.013,48.123) thr=1.00 steer=-0.32 blocked=false bounded=true
tick=3060 phase=following reason=path_ready wp=7 dist_wp=15.92 bearing_deg=-4.65 speed=1.531 pos=(68.258,0.014,46.251) thr=1.00 steer=-0.19 blocked=false bounded=true
tick=3090 phase=following reason=path_ready wp=7 dist_wp=11.20 bearing_deg=-3.37 speed=2.189 pos=(64.737,0.013,43.099) thr=0.87 steer=-0.14 blocked=false bounded=true
tick=3120 phase=following reason=path_ready wp=7 dist_wp=5.39 bearing_deg=-3.61 speed=2.476 pos=(60.558,0.008,39.053) thr=0.57 steer=-0.14 blocked=false bounded=true
tick=3150 phase=following reason=path_ready wp=7 dist_wp=0.56 bearing_deg=-158.96 speed=1.789 pos=(56.522,0.018,34.714) thr=0.00 steer=-1.00 blocked=false bounded=true
tick=3180 phase=following reason=path_ready wp=7 dist_wp=2.92 bearing_deg=-164.14 speed=0.205 pos=(55.255,0.031,32.654) thr=0.00 steer=-1.00 blocked=false bounded=true
tick=3210 phase=following reason=path_ready wp=7 dist_wp=2.95 bearing_deg=-146.29 speed=0.000 pos=(55.247,0.005,32.630) thr=0.00 steer=-1.00 blocked=false bounded=true
tick=3240 phase=following reason=path_ready wp=7 dist_wp=2.95 bearing_deg=-128.29 speed=0.000 pos=(55.247,0.001,32.630) thr=0.00 steer=-1.00 blocked=false bounded=true
tick=3270 phase=following reason=path_ready wp=7 dist_wp=2.95 bearing_deg=-110.29 speed=0.000 pos=(55.247,0.000,32.630) thr=0.00 steer=-1.00 blocked=false bounded=true
tick=3300 phase=following reason=path_ready wp=7 dist_wp=2.95 bearing_deg=-92.29 speed=0.000 pos=(55.247,0.000,32.630) thr=0.00 steer=-1.00 blocked=false bounded=true
tick=3330 phase=following reason=path_ready wp=7 dist_wp=2.95 bearing_deg=-74.29 speed=0.000 pos=(55.247,0.000,32.630) thr=0.00 steer=-1.00 blocked=false bounded=true
tick=3360 phase=following reason=path_ready wp=7 dist_wp=2.95 bearing_deg=-56.29 speed=0.000 pos=(55.247,0.000,32.630) thr=0.00 steer=-1.00 blocked=false bounded=true
tick=3390 phase=following reason=path_ready wp=7 dist_wp=2.95 bearing_deg=-38.29 speed=0.000 pos=(55.247,0.000,32.630) thr=0.00 steer=-1.00 blocked=false bounded=true
tick=3420 phase=following reason=path_ready wp=7 dist_wp=2.95 bearing_deg=-20.66 speed=0.000 pos=(55.247,0.000,32.630) thr=0.00 steer=-0.85 blocked=false bounded=true
tick=3450 phase=following reason=path_ready wp=7 dist_wp=2.78 bearing_deg=-10.62 speed=0.168 pos=(55.379,0.004,32.747) thr=0.34 steer=-0.43 blocked=false bounded=true
tick=3480 phase=following reason=path_ready wp=7 dist_wp=2.12 bearing_deg=-6.76 speed=0.341 pos=(55.826,0.004,33.231) thr=0.26 steer=-0.27 blocked=false bounded=true
tick=3510 phase=following reason=path_ready wp=8 dist_wp=20.06 bearing_deg=-169.17 speed=0.198 pos=(56.399,0.003,33.964) thr=0.00 steer=-1.00 blocked=false bounded=true
tick=3540 phase=following reason=path_ready wp=8 dist_wp=20.08 bearing_deg=-151.20 speed=0.000 pos=(56.413,0.003,33.984) thr=0.00 steer=-1.00 blocked=false bounded=true
tick=3570 phase=following reason=path_ready wp=8 dist_wp=20.08 bearing_deg=-133.20 speed=0.000 pos=(56.413,0.001,33.984) thr=0.00 steer=-1.00 blocked=false bounded=true
tick=3600 phase=following reason=path_ready wp=8 dist_wp=20.08 bearing_deg=-115.20 speed=0.000 pos=(56.413,0.001,33.984) thr=0.00 steer=-1.00 blocked=false bounded=true
tick=3630 phase=following reason=path_ready wp=8 dist_wp=20.08 bearing_deg=-97.20 speed=0.000 pos=(56.413,0.001,33.984) thr=0.00 steer=-1.00 blocked=false bounded=true
tick=3660 phase=following reason=path_ready wp=8 dist_wp=20.08 bearing_deg=-79.20 speed=0.000 pos=(56.413,0.001,33.984) thr=0.00 steer=-1.00 blocked=false bounded=true
tick=3690 phase=following reason=path_ready wp=8 dist_wp=20.08 bearing_deg=-61.20 speed=0.000 pos=(56.413,0.001,33.984) thr=0.00 steer=-1.00 blocked=false bounded=true
tick=3720 phase=following reason=path_ready wp=8 dist_wp=20.08 bearing_deg=-43.20 speed=0.000 pos=(56.413,0.001,33.984) thr=0.00 steer=-1.00 blocked=false bounded=true
tick=3750 phase=following reason=path_ready wp=8 dist_wp=20.08 bearing_deg=-25.20 speed=0.000 pos=(56.413,0.001,33.984) thr=0.00 steer=-1.00 blocked=false bounded=true
tick=3780 phase=following reason=path_ready wp=8 dist_wp=19.82 bearing_deg=-12.36 speed=0.381 pos=(56.178,0.009,33.847) thr=1.00 steer=-0.51 blocked=false bounded=true
tick=3810 phase=following reason=path_ready wp=8 dist_wp=17.96 bearing_deg=-6.72 speed=1.090 pos=(54.662,0.014,32.739) thr=1.00 steer=-0.27 blocked=false bounded=true
tick=3840 phase=following reason=path_ready wp=8 dist_wp=14.33 bearing_deg=-4.24 speed=1.787 pos=(51.895,0.014,30.365) thr=1.00 steer=-0.17 blocked=false bounded=true
tick=3870 phase=following reason=path_ready wp=8 dist_wp=9.09 bearing_deg=-3.43 speed=2.251 pos=(48.081,0.009,26.750) thr=0.77 steer=-0.14 blocked=false bounded=true
tick=3900 phase=following reason=path_ready wp=8 dist_wp=3.02 bearing_deg=-5.35 speed=2.574 pos=(43.840,0.007,22.389) thr=0.38 steer=-0.20 blocked=false bounded=true
tick=3930 phase=following reason=path_ready wp=8 dist_wp=1.73 bearing_deg=-169.08 speed=1.067 pos=(40.851,0.030,18.704) thr=0.00 steer=-1.00 blocked=false bounded=true
tick=3960 phase=following reason=path_ready wp=8 dist_wp=2.50 bearing_deg=-155.88 speed=0.000 pos=(40.497,0.019,18.007) thr=0.00 steer=-1.00 blocked=false bounded=true
tick=3990 phase=following reason=path_ready wp=8 dist_wp=2.50 bearing_deg=-137.88 speed=0.000 pos=(40.497,0.001,18.007) thr=0.00 steer=-1.00 blocked=false bounded=true
tick=4020 phase=following reason=path_ready wp=8 dist_wp=2.50 bearing_deg=-119.88 speed=0.000 pos=(40.497,0.000,18.007) thr=0.00 steer=-1.00 blocked=false bounded=true
tick=4050 phase=following reason=path_ready wp=8 dist_wp=2.50 bearing_deg=-101.88 speed=0.000 pos=(40.497,0.000,18.007) thr=0.00 steer=-1.00 blocked=false bounded=true
tick=4080 phase=following reason=path_ready wp=8 dist_wp=2.50 bearing_deg=-83.88 speed=0.000 pos=(40.497,0.000,18.007) thr=0.00 steer=-1.00 blocked=false bounded=true
tick=4110 phase=following reason=path_ready wp=8 dist_wp=2.50 bearing_deg=-65.88 speed=0.000 pos=(40.497,0.000,18.007) thr=0.00 steer=-1.00 blocked=false bounded=true
tick=4140 phase=following reason=path_ready wp=8 dist_wp=2.50 bearing_deg=-47.88 speed=0.000 pos=(40.497,0.000,18.007) thr=0.00 steer=-1.00 blocked=false bounded=true
tick=4170 phase=following reason=path_ready wp=8 dist_wp=2.50 bearing_deg=-29.88 speed=0.000 pos=(40.497,0.000,18.007) thr=0.00 steer=-1.00 blocked=false bounded=true
tick=4200 phase=following reason=path_ready wp=8 dist_wp=2.50 bearing_deg=-14.70 speed=0.000 pos=(40.497,0.000,18.007) thr=0.30 steer=-0.60 blocked=false bounded=true
tick=4230 phase=following reason=path_ready wp=8 dist_wp=2.50 bearing_deg=-7.09 speed=0.000 pos=(40.497,0.000,18.007) thr=0.30 steer=-0.29 blocked=false bounded=true
tick=4260 phase=following reason=path_ready wp=8 dist_wp=2.50 bearing_deg=-3.42 speed=0.000 pos=(40.497,0.000,18.007) thr=0.30 steer=-0.14 blocked=false bounded=true
tick=4290 phase=following reason=path_ready wp=8 dist_wp=2.50 bearing_deg=-1.65 speed=0.000 pos=(40.497,0.000,18.007) thr=0.30 steer=-0.07 blocked=false bounded=true
tick=4320 phase=reverse reason=insufficient_actual_progress wp=8 dist_wp=2.50 bearing_deg=-0.94 speed=-0.024 pos=(40.493,0.001,18.001) thr=-0.75 steer=0.00 blocked=false bounded=true
tick=4350 phase=reverse reason=insufficient_actual_progress wp=8 dist_wp=2.70 bearing_deg=-0.87 speed=-0.127 pos=(40.374,0.003,17.849) thr=-0.75 steer=0.00 blocked=false bounded=true
tick=4380 phase=reverse reason=insufficient_actual_progress wp=8 dist_wp=3.15 bearing_deg=-0.75 speed=-0.229 pos=(40.096,0.003,17.493) thr=-0.75 steer=0.00 blocked=false bounded=true
tick=4410 phase=turn_recovery reason=reverse_complete wp=8 dist_wp=3.28 bearing_deg=-15.68 speed=0.000 pos=(40.014,0.003,17.389) thr=0.00 steer=1.00 blocked=false bounded=true
tick=4440 phase=following reason=path_ready wp=0 dist_wp=3.28 bearing_deg=-18.89 speed=0.000 pos=(40.014,0.001,17.389) thr=0.00 steer=-0.77 blocked=false bounded=true
tick=4470 phase=following reason=path_ready wp=0 dist_wp=3.26 bearing_deg=-9.18 speed=0.023 pos=(40.032,0.001,17.405) thr=0.39 steer=-0.38 blocked=false bounded=true
tick=4500 phase=following reason=path_ready wp=0 dist_wp=3.17 bearing_deg=-4.56 speed=0.044 pos=(40.091,0.001,17.468) thr=0.38 steer=-0.19 blocked=false bounded=true
tick=4530 phase=following reason=path_ready wp=0 dist_wp=3.04 bearing_deg=-2.29 speed=0.056 pos=(40.174,0.001,17.566) thr=0.36 steer=-0.09 blocked=false bounded=true
tick=4560 phase=following reason=path_ready wp=0 dist_wp=2.90 bearing_deg=-1.16 speed=0.058 pos=(40.265,0.001,17.680) thr=0.35 steer=-0.05 blocked=false bounded=true
tick=4590 phase=following reason=path_ready wp=0 dist_wp=2.76 bearing_deg=-0.79 speed=0.047 pos=(40.346,0.001,17.785) thr=0.33 steer=0.00 blocked=false bounded=true
tick=4620 phase=following reason=path_ready wp=0 dist_wp=2.67 bearing_deg=-0.80 speed=0.026 pos=(40.403,0.001,17.859) thr=0.32 steer=0.00 blocked=false bounded=true
tick=4650 phase=following reason=path_ready wp=0 dist_wp=2.64 bearing_deg=-0.79 speed=0.000 pos=(40.419,0.001,17.880) thr=0.32 steer=0.00 blocked=false bounded=true
tick=4680 phase=reverse reason=insufficient_actual_progress wp=0 dist_wp=2.65 bearing_deg=-0.78 speed=-0.017 pos=(40.417,0.001,17.878) thr=-0.75 steer=0.00 blocked=false bounded=true
tick=4710 phase=reverse reason=insufficient_actual_progress wp=0 dist_wp=2.82 bearing_deg=-0.74 speed=-0.120 pos=(40.310,0.003,17.738) thr=-0.75 steer=0.00 blocked=false bounded=true
tick=4740 phase=reverse reason=insufficient_actual_progress wp=0 dist_wp=3.26 bearing_deg=-0.64 speed=-0.222 pos=(40.045,0.003,17.393) thr=-0.75 steer=0.00 blocked=false bounded=true
tick=4770 phase=turn_recovery reason=reverse_complete wp=0 dist_wp=3.43 bearing_deg=13.15 speed=0.000 pos=(39.942,0.003,17.258) thr=0.00 steer=-1.00 blocked=false bounded=true
tick=4800 phase=following reason=path_ready wp=0 dist_wp=3.43 bearing_deg=18.79 speed=0.000 pos=(39.942,0.001,17.258) thr=0.00 steer=0.77 blocked=false bounded=true
tick=4830 phase=following reason=path_ready wp=0 dist_wp=3.39 bearing_deg=9.17 speed=0.033 pos=(39.958,0.002,17.291) thr=0.40 steer=0.38 blocked=false bounded=true
tick=4860 phase=following reason=path_ready wp=0 dist_wp=3.27 bearing_deg=4.60 speed=0.063 pos=(40.021,0.001,17.397) thr=0.39 steer=0.19 blocked=false bounded=true
tick=4890 phase=following reason=path_ready wp=0 dist_wp=3.09 bearing_deg=2.36 speed=0.081 pos=(40.125,0.001,17.549) thr=0.37 steer=0.10 blocked=false bounded=true
tick=4920 phase=following reason=path_ready wp=0 dist_wp=2.88 bearing_deg=1.22 speed=0.083 pos=(40.247,0.001,17.719) thr=0.35 steer=0.05 blocked=false bounded=true
tick=4950 phase=following reason=path_ready wp=0 dist_wp=2.68 bearing_deg=0.79 speed=0.068 pos=(40.362,0.001,17.874) thr=0.33 steer=0.00 blocked=false bounded=true
tick=4980 phase=following reason=path_ready wp=0 dist_wp=2.55 bearing_deg=0.79 speed=0.038 pos=(40.443,0.002,17.981) thr=0.31 steer=0.00 blocked=false bounded=true
tick=5010 phase=following reason=path_ready wp=0 dist_wp=2.51 bearing_deg=0.78 speed=0.000 pos=(40.469,0.002,18.016) thr=0.30 steer=0.00 blocked=false bounded=true
tick=5040 phase=following reason=path_ready wp=0 dist_wp=2.51 bearing_deg=0.78 speed=0.000 pos=(40.469,0.001,18.016) thr=0.30 steer=0.00 blocked=false bounded=true
tick=5070 phase=reverse reason=insufficient_actual_progress wp=0 dist_wp=2.51 bearing_deg=0.78 speed=-0.017 pos=(40.467,0.001,18.014) thr=-0.75 steer=0.00 blocked=false bounded=true
tick=5100 phase=reverse reason=insufficient_actual_progress wp=0 dist_wp=2.69 bearing_deg=0.73 speed=-0.120 pos=(40.361,0.003,17.872) thr=-0.75 steer=0.00 blocked=false bounded=true
tick=5130 phase=reverse reason=insufficient_actual_progress wp=0 dist_wp=3.12 bearing_deg=0.63 speed=-0.222 pos=(40.100,0.003,17.525) thr=-0.75 steer=0.00 blocked=false bounded=true
tick=5160 phase=turn_recovery reason=reverse_complete wp=0 dist_wp=3.29 bearing_deg=-13.16 speed=0.000 pos=(39.997,0.004,17.389) thr=0.00 steer=1.00 blocked=false bounded=true
tick=5190 phase=following reason=path_ready wp=0 dist_wp=3.29 bearing_deg=-18.80 speed=0.000 pos=(39.997,0.000,17.389) thr=0.00 steer=-0.77 blocked=false bounded=true
tick=5220 phase=following reason=path_ready wp=0 dist_wp=3.27 bearing_deg=-9.14 speed=0.024 pos=(40.016,0.001,17.405) thr=0.39 steer=-0.37 blocked=false bounded=true
tick=5250 phase=following reason=path_ready wp=0 dist_wp=3.18 bearing_deg=-4.54 speed=0.045 pos=(40.077,0.001,17.470) thr=0.38 steer=-0.19 blocked=false bounded=true
tick=5280 phase=following reason=path_ready wp=0 dist_wp=3.05 bearing_deg=-2.29 speed=0.058 pos=(40.163,0.001,17.571) thr=0.36 steer=-0.09 blocked=false bounded=true
tick=5310 phase=following reason=path_ready wp=0 dist_wp=2.90 bearing_deg=-1.16 speed=0.059 pos=(40.257,0.001,17.688) thr=0.35 steer=-0.05 blocked=false bounded=true
tick=5340 phase=following reason=path_ready wp=0 dist_wp=2.76 bearing_deg=-0.79 speed=0.048 pos=(40.341,0.001,17.796) thr=0.33 steer=0.00 blocked=false bounded=true
tick=5370 phase=following reason=path_ready wp=0 dist_wp=2.66 bearing_deg=-0.80 speed=0.027 pos=(40.399,0.001,17.872) thr=0.32 steer=0.00 blocked=false bounded=true
tick=5400 phase=following reason=path_ready wp=0 dist_wp=2.63 bearing_deg=-0.79 speed=0.000 pos=(40.417,0.001,17.895) thr=0.32 steer=0.00 blocked=false bounded=true
