tick=0 phase=following reason=path_ready wp=1 dist_wp=13.42 bearing_deg=26.57 speed=0.000 pos=(-27.000,0.004,116.000) bounded=true
tick=30 phase=following reason=path_ready wp=1 dist_wp=13.32 bearing_deg=13.28 speed=0.185 pos=(-27.022,0.005,115.899) bounded=true
tick=60 phase=following reason=path_ready wp=1 dist_wp=12.26 bearing_deg=7.05 speed=0.632 pos=(-27.353,0.009,114.879) bounded=true
tick=90 phase=following reason=path_ready wp=1 dist_wp=10.11 bearing_deg=4.22 speed=1.024 pos=(-28.183,0.008,112.893) bounded=true
tick=120 phase=following reason=path_ready wp=1 dist_wp=7.08 bearing_deg=3.01 speed=1.318 pos=(-29.494,0.007,110.155) bounded=true
tick=150 phase=following reason=path_ready wp=1 dist_wp=3.48 bearing_deg=3.08 speed=1.460 pos=(-31.169,0.004,106.965) bounded=true
tick=180 phase=following reason=path_ready wp=1 dist_wp=0.34 bearing_deg=16.21 speed=0.601 pos=(-32.746,0.021,104.221) bounded=true
tick=210 phase=following reason=path_ready wp=2 dist_wp=20.51 bearing_deg=56.83 speed=0.000 pos=(-32.879,0.009,104.028) bounded=true
tick=240 phase=following reason=path_ready wp=2 dist_wp=20.51 bearing_deg=38.83 speed=0.000 pos=(-32.879,0.001,104.028) bounded=true
tick=270 phase=following reason=path_ready wp=2 dist_wp=20.51 bearing_deg=21.11 speed=0.000 pos=(-32.879,0.001,104.028) bounded=true
tick=300 phase=following reason=path_ready wp=2 dist_wp=20.13 bearing_deg=10.43 speed=0.383 pos=(-33.270,0.009,104.060) bounded=true
tick=330 phase=following reason=path_ready wp=2 dist_wp=18.50 bearing_deg=5.57 speed=0.879 pos=(-34.881,0.010,104.350) bounded=true
tick=360 phase=following reason=path_ready wp=2 dist_wp=15.61 bearing_deg=3.29 speed=1.369 pos=(-37.694,0.010,105.051) bounded=true
tick=390 phase=following reason=path_ready wp=2 dist_wp=11.49 bearing_deg=2.26 speed=1.821 pos=(-41.656,0.009,106.205) bounded=true
tick=420 phase=following reason=path_ready wp=2 dist_wp=6.39 bearing_deg=2.08 speed=2.118 pos=(-46.510,0.007,107.761) bounded=true
tick=450 phase=following reason=path_ready wp=2 dist_wp=0.97 bearing_deg=7.06 speed=1.811 pos=(-51.641,0.007,109.553) bounded=true
tick=480 phase=following reason=path_ready wp=3 dist_wp=19.03 bearing_deg=-14.59 speed=0.398 pos=(-53.771,0.028,110.550) bounded=true
tick=510 phase=following reason=path_ready wp=3 dist_wp=17.38 bearing_deg=-7.86 speed=0.893 pos=(-55.271,0.008,111.294) bounded=true
tick=540 phase=following reason=path_ready wp=3 dist_wp=14.46 bearing_deg=-4.71 speed=1.381 pos=(-58.009,0.010,112.348) bounded=true
tick=570 phase=following reason=path_ready wp=3 dist_wp=10.35 bearing_deg=-3.33 speed=1.801 pos=(-61.931,0.009,113.609) bounded=true
tick=600 phase=following reason=path_ready wp=3 dist_wp=5.35 bearing_deg=-3.29 speed=2.076 pos=(-66.751,0.006,114.952) bounded=true
tick=630 phase=following reason=path_ready wp=3 dist_wp=0.25 bearing_deg=-39.02 speed=1.539 pos=(-71.781,0.014,116.122) bounded=true
tick=660 phase=following reason=path_ready wp=4 dist_wp=22.31 bearing_deg=-86.47 speed=0.000 pos=(-73.547,0.030,116.257) bounded=true
tick=690 phase=following reason=path_ready wp=4 dist_wp=22.31 bearing_deg=-68.47 speed=0.000 pos=(-73.547,0.003,116.257) bounded=true
tick=720 phase=following reason=path_ready wp=4 dist_wp=22.31 bearing_deg=-50.47 speed=0.000 pos=(-73.547,0.000,116.257) bounded=true
tick=750 phase=following reason=path_ready wp=4 dist_wp=22.31 bearing_deg=-32.47 speed=0.000 pos=(-73.547,0.000,116.257) bounded=true
tick=780 phase=following reason=path_ready wp=4 dist_wp=22.29 bearing_deg=-16.34 speed=0.084 pos=(-73.551,0.002,116.240) bounded=true
tick=810 phase=following reason=path_ready wp=4 dist_wp=21.25 bearing_deg=-8.37 speed=0.732 pos=(-73.669,0.013,115.188) bounded=true
tick=840 phase=following reason=path_ready wp=4 dist_wp=18.51 bearing_deg=-4.78 speed=1.411 pos=(-73.723,0.014,112.428) bounded=true
tick=870 phase=following reason=path_ready wp=4 dist_wp=13.99 bearing_deg=-3.21 speed=2.102 pos=(-73.558,0.014,107.900) bounded=true
tick=900 phase=following reason=path_ready wp=4 dist_wp=8.13 bearing_deg=-2.85 speed=2.470 pos=(-73.126,0.008,102.051) bounded=true
tick=930 phase=following reason=path_ready wp=4 dist_wp=1.41 bearing_deg=-8.61 speed=2.512 pos=(-72.394,0.002,95.351) bounded=true
tick=960 phase=following reason=path_ready wp=4 dist_wp=2.87 bearing_deg=-169.25 speed=0.899 pos=(-71.387,0.030,91.200) bounded=true
tick=990 phase=following reason=path_ready wp=4 dist_wp=3.47 bearing_deg=-153.98 speed=0.000 pos=(-71.109,0.015,90.646) bounded=true
tick=1020 phase=following reason=path_ready wp=4 dist_wp=3.47 bearing_deg=-135.98 speed=0.000 pos=(-71.109,0.001,90.646) bounded=true
tick=1050 phase=following reason=path_ready wp=4 dist_wp=3.47 bearing_deg=-117.98 speed=0.000 pos=(-71.109,0.000,90.646) bounded=true
tick=1080 phase=following reason=path_ready wp=4 dist_wp=3.47 bearing_deg=-99.98 speed=0.000 pos=(-71.109,0.000,90.646) bounded=true
tick=1110 phase=following reason=path_ready wp=4 dist_wp=3.47 bearing_deg=-81.98 speed=0.000 pos=(-71.109,0.000,90.646) bounded=true
tick=1140 phase=following reason=path_ready wp=4 dist_wp=3.47 bearing_deg=-63.98 speed=0.000 pos=(-71.109,0.000,90.646) bounded=true
tick=1170 phase=following reason=path_ready wp=4 dist_wp=3.47 bearing_deg=-45.98 speed=0.000 pos=(-71.109,0.000,90.646) bounded=true
tick=1200 phase=following reason=path_ready wp=4 dist_wp=3.47 bearing_deg=-27.98 speed=0.000 pos=(-71.109,0.000,90.646) bounded=true
tick=1230 phase=following reason=path_ready wp=4 dist_wp=3.43 bearing_deg=-13.80 speed=0.093 pos=(-71.109,0.003,90.692) bounded=true
tick=1260 phase=following reason=path_ready wp=4 dist_wp=2.88 bearing_deg=-7.99 speed=0.327 pos=(-71.169,0.005,91.246) bounded=true
tick=1290 phase=following reason=path_ready wp=4 dist_wp=1.81 bearing_deg=-6.21 speed=0.488 pos=(-71.384,0.004,92.297) bounded=true
tick=1320 phase=following reason=path_ready wp=5 dist_wp=20.98 bearing_deg=-154.39 speed=0.000 pos=(-71.568,0.012,92.978) bounded=true
tick=1350 phase=following reason=path_ready wp=5 dist_wp=20.98 bearing_deg=-136.39 speed=0.000 pos=(-71.568,0.002,92.978) bounded=true
tick=1380 phase=following reason=path_ready wp=5 dist_wp=20.98 bearing_deg=-118.39 speed=0.000 pos=(-71.568,0.001,92.978) bounded=true
tick=1410 phase=following reason=path_ready wp=5 dist_wp=20.98 bearing_deg=-100.39 speed=0.000 pos=(-71.568,0.001,92.978) bounded=true
tick=1440 phase=following reason=path_ready wp=5 dist_wp=20.98 bearing_deg=-82.39 speed=0.000 pos=(-71.568,0.001,92.978) bounded=true
tick=1470 phase=following reason=path_ready wp=5 dist_wp=20.98 bearing_deg=-64.39 speed=0.000 pos=(-71.568,0.001,92.978) bounded=true
tick=1500 phase=following reason=path_ready wp=5 dist_wp=20.98 bearing_deg=-46.39 speed=0.000 pos=(-71.568,0.001,92.978) bounded=true
tick=1530 phase=following reason=path_ready wp=5 dist_wp=20.98 bearing_deg=-28.39 speed=0.000 pos=(-71.568,0.001,92.978) bounded=true
tick=1560 phase=following reason=path_ready wp=5 dist_wp=20.87 bearing_deg=-13.92 speed=0.238 pos=(-71.599,0.006,92.871) bounded=true
tick=1590 phase=following reason=path_ready wp=5 dist_wp=19.34 bearing_deg=-7.38 speed=0.949 pos=(-71.873,0.014,91.344) bounded=true
tick=1620 phase=following reason=path_ready wp=5 dist_wp=16.00 bearing_deg=-4.47 speed=1.649 pos=(-72.187,0.014,88.001) bounded=true
tick=1650 phase=following reason=path_ready wp=5 dist_wp=10.91 bearing_deg=-3.35 speed=2.245 pos=(-72.396,0.013,82.903) bounded=true
tick=1680 phase=following reason=path_ready wp=5 dist_wp=4.83 bearing_deg=-3.91 speed=2.561 pos=(-72.409,0.008,76.815) bounded=true
tick=1710 phase=following reason=path_ready wp=5 dist_wp=1.04 bearing_deg=-167.09 speed=1.621 pos=(-72.063,0.022,70.959) bounded=true
tick=1740 phase=following reason=path_ready wp=5 dist_wp=3.05 bearing_deg=-162.27 speed=0.042 pos=(-71.517,0.032,68.988) bounded=true
tick=1770 phase=following reason=path_ready wp=5 dist_wp=3.05 bearing_deg=-144.27 speed=0.000 pos=(-71.517,0.003,68.988) bounded=true
tick=1800 phase=following reason=path_ready wp=5 dist_wp=3.05 bearing_deg=-126.27 speed=0.000 pos=(-71.517,0.000,68.988) bounded=true
tick=1830 phase=following reason=path_ready wp=5 dist_wp=3.05 bearing_deg=-108.27 speed=0.000 pos=(-71.517,0.000,68.988) bounded=true
tick=1860 phase=following reason=path_ready wp=5 dist_wp=3.05 bearing_deg=-90.27 speed=0.000 pos=(-71.517,0.000,68.988) bounded=true
tick=1890 phase=following reason=path_ready wp=5 dist_wp=3.05 bearing_deg=-72.27 speed=0.000 pos=(-71.517,0.000,68.988) bounded=true
tick=1920 phase=following reason=path_ready wp=5 dist_wp=3.05 bearing_deg=-54.27 speed=0.000 pos=(-71.517,0.000,68.988) bounded=true
tick=1950 phase=following reason=path_ready wp=5 dist_wp=3.05 bearing_deg=-36.27 speed=0.000 pos=(-71.517,0.000,68.988) bounded=true
tick=1980 phase=following reason=path_ready wp=5 dist_wp=3.05 bearing_deg=-19.04 speed=0.000 pos=(-71.517,0.000,68.988) bounded=true
tick=2010 phase=following reason=path_ready wp=5 dist_wp=2.82 bearing_deg=-9.97 speed=0.195 pos=(-71.508,0.005,69.223) bounded=true
tick=2040 phase=following reason=path_ready wp=5 dist_wp=2.08 bearing_deg=-6.58 speed=0.368 pos=(-71.553,0.004,69.964) bounded=true
tick=2070 phase=following reason=path_ready wp=6 dist_wp=20.88 bearing_deg=-166.69 speed=0.059 pos=(-71.682,0.007,70.881) bounded=true
tick=2100 phase=following reason=path_ready wp=6 dist_wp=20.88 bearing_deg=-148.69 speed=0.000 pos=(-71.682,0.002,70.881) bounded=true
tick=2130 phase=following reason=path_ready wp=6 dist_wp=20.88 bearing_deg=-130.69 speed=0.000 pos=(-71.682,0.001,70.881) bounded=true
tick=2160 phase=following reason=path_ready wp=6 dist_wp=20.88 bearing_deg=-112.69 speed=0.000 pos=(-71.682,0.001,70.881) bounded=true
tick=2190 phase=following reason=path_ready wp=6 dist_wp=20.88 bearing_deg=-94.69 speed=0.000 pos=(-71.682,0.001,70.881) bounded=true
tick=2220 phase=following reason=path_ready wp=6 dist_wp=20.88 bearing_deg=-76.69 speed=0.000 pos=(-71.682,0.001,70.881) bounded=true
tick=2250 phase=following reason=path_ready wp=6 dist_wp=20.88 bearing_deg=-58.69 speed=0.000 pos=(-71.682,0.001,70.881) bounded=true
tick=2280 phase=following reason=path_ready wp=6 dist_wp=20.88 bearing_deg=-40.69 speed=0.000 pos=(-71.682,0.001,70.881) bounded=true
tick=2310 phase=following reason=path_ready wp=6 dist_wp=20.88 bearing_deg=-22.77 speed=0.000 pos=(-71.682,0.001,70.881) bounded=true
tick=2340 phase=following reason=path_ready wp=6 dist_wp=20.47 bearing_deg=-11.26 speed=0.476 pos=(-71.783,0.011,70.466) bounded=true
tick=2370 phase=following reason=path_ready wp=6 dist_wp=18.33 bearing_deg=-6.22 speed=1.184 pos=(-72.087,0.014,68.332) bounded=true
tick=2400 phase=following reason=path_ready wp=6 dist_wp=14.39 bearing_deg=-3.99 speed=1.879 pos=(-72.358,0.014,64.388) bounded=true
tick=2430 phase=following reason=path_ready wp=6 dist_wp=8.90 bearing_deg=-3.32 speed=2.282 pos=(-72.481,0.007,58.883) bounded=true
tick=2460 phase=following reason=path_ready wp=6 dist_wp=2.53 bearing_deg=-6.06 speed=2.634 pos=(-72.369,0.007,52.505) bounded=true
tick=2490 phase=following reason=path_ready wp=6 dist_wp=2.21 bearing_deg=-169.57 speed=1.080 pos=(-71.796,0.029,47.796) bounded=true
tick=2520 phase=following reason=path_ready wp=6 dist_wp=3.10 bearing_deg=-156.07 speed=0.000 pos=(-71.488,0.020,46.948) bounded=true
tick=2550 phase=following reason=path_ready wp=6 dist_wp=3.10 bearing_deg=-138.07 speed=0.000 pos=(-71.488,0.001,46.948) bounded=true
tick=2580 phase=following reason=path_ready wp=6 dist_wp=3.10 bearing_deg=-120.07 speed=0.000 pos=(-71.488,0.000,46.948) bounded=true
tick=2610 phase=following reason=path_ready wp=6 dist_wp=3.10 bearing_deg=-102.07 speed=0.000 pos=(-71.488,0.000,46.948) bounded=true
tick=2640 phase=following reason=path_ready wp=6 dist_wp=3.10 bearing_deg=-84.07 speed=0.000 pos=(-71.488,0.000,46.948) bounded=true
tick=2670 phase=following reason=path_ready wp=6 dist_wp=3.10 bearing_deg=-66.07 speed=0.000 pos=(-71.488,0.000,46.948) bounded=true
tick=2700 phase=following reason=path_ready wp=6 dist_wp=3.10 bearing_deg=-48.07 speed=0.000 pos=(-71.488,0.000,46.948) bounded=true
tick=2730 phase=following reason=path_ready wp=6 dist_wp=3.10 bearing_deg=-30.07 speed=0.000 pos=(-71.488,0.000,46.948) bounded=true
tick=2760 phase=following reason=path_ready wp=6 dist_wp=3.07 bearing_deg=-14.92 speed=0.060 pos=(-71.486,0.002,46.970) bounded=true
tick=2790 phase=following reason=path_ready wp=6 dist_wp=2.64 bearing_deg=-8.43 speed=0.271 pos=(-71.486,0.005,47.410) bounded=true
tick=2820 phase=following reason=path_ready wp=6 dist_wp=1.74 bearing_deg=-6.24 speed=0.415 pos=(-71.576,0.004,48.311) bounded=true
tick=2850 phase=following reason=path_ready wp=7 dist_wp=20.20 bearing_deg=133.75 speed=0.000 pos=(-71.665,0.010,48.884) bounded=true
tick=2880 phase=following reason=path_ready wp=7 dist_wp=20.20 bearing_deg=115.75 speed=0.000 pos=(-71.665,0.001,48.884) bounded=true
tick=2910 phase=following reason=path_ready wp=7 dist_wp=20.20 bearing_deg=97.75 speed=0.000 pos=(-71.665,0.001,48.884) bounded=true
tick=2940 phase=following reason=path_ready wp=7 dist_wp=20.20 bearing_deg=79.75 speed=0.000 pos=(-71.665,0.001,48.884) bounded=true
tick=2970 phase=following reason=path_ready wp=7 dist_wp=20.20 bearing_deg=61.75 speed=0.000 pos=(-71.665,0.001,48.884) bounded=true
tick=3000 phase=following reason=path_ready wp=7 dist_wp=20.20 bearing_deg=43.75 speed=0.000 pos=(-71.665,0.001,48.884) bounded=true
tick=3030 phase=following reason=path_ready wp=7 dist_wp=20.20 bearing_deg=25.75 speed=0.000 pos=(-71.665,0.001,48.884) bounded=true
tick=3060 phase=following reason=path_ready wp=7 dist_wp=19.96 bearing_deg=12.62 speed=0.357 pos=(-71.453,0.009,48.764) bounded=true
tick=3090 phase=following reason=path_ready wp=7 dist_wp=18.13 bearing_deg=6.85 speed=1.066 pos=(-69.940,0.014,47.693) bounded=true
tick=3120 phase=following reason=path_ready wp=7 dist_wp=14.49 bearing_deg=4.31 speed=1.764 pos=(-67.132,0.014,45.352) bounded=true
tick=3150 phase=following reason=path_ready wp=7 dist_wp=9.18 bearing_deg=3.48 speed=2.249 pos=(-63.227,0.010,41.748) bounded=true
tick=3180 phase=following reason=path_ready wp=7 dist_wp=3.03 bearing_deg=5.46 speed=2.559 pos=(-58.875,0.007,37.384) bounded=true
tick=3210 phase=following reason=path_ready wp=7 dist_wp=1.92 bearing_deg=169.46 speed=1.170 pos=(-55.720,0.028,33.568) bounded=true
tick=3240 phase=following reason=path_ready wp=7 dist_wp=2.96 bearing_deg=157.13 speed=0.000 pos=(-55.243,0.023,32.620) bounded=true
tick=3270 phase=following reason=path_ready wp=7 dist_wp=2.96 bearing_deg=139.13 speed=0.000 pos=(-55.243,0.001,32.620) bounded=true
tick=3300 phase=following reason=path_ready wp=7 dist_wp=2.96 bearing_deg=121.13 speed=0.000 pos=(-55.243,0.000,32.620) bounded=true
tick=3330 phase=following reason=path_ready wp=7 dist_wp=2.96 bearing_deg=103.13 speed=0.000 pos=(-55.243,0.000,32.620) bounded=true
tick=3360 phase=following reason=path_ready wp=7 dist_wp=2.96 bearing_deg=85.13 speed=0.000 pos=(-55.243,0.000,32.620) bounded=true
tick=3390 phase=following reason=path_ready wp=7 dist_wp=2.96 bearing_deg=67.13 speed=0.000 pos=(-55.243,0.000,32.620) bounded=true
tick=3420 phase=following reason=path_ready wp=7 dist_wp=2.96 bearing_deg=49.13 speed=0.000 pos=(-55.243,0.000,32.620) bounded=true
tick=3450 phase=following reason=path_ready wp=7 dist_wp=2.96 bearing_deg=31.13 speed=0.000 pos=(-55.243,0.000,32.620) bounded=true
tick=3480 phase=following reason=path_ready wp=7 dist_wp=2.95 bearing_deg=15.52 speed=0.043 pos=(-55.252,0.002,32.628) bounded=true
tick=3510 phase=following reason=path_ready wp=7 dist_wp=2.57 bearing_deg=8.64 speed=0.245 pos=(-55.530,0.005,32.893) bounded=true
tick=3540 phase=following reason=path_ready wp=7 dist_wp=1.74 bearing_deg=6.22 speed=0.386 pos=(-56.072,0.004,33.526) bounded=true
tick=3570 phase=following reason=path_ready wp=8 dist_wp=20.07 bearing_deg=161.40 speed=0.000 pos=(-56.410,0.009,33.974) bounded=true
tick=3600 phase=following reason=path_ready wp=8 dist_wp=20.07 bearing_deg=143.40 speed=0.000 pos=(-56.410,0.002,33.974) bounded=true
tick=3630 phase=following reason=path_ready wp=8 dist_wp=20.07 bearing_deg=125.40 speed=0.000 pos=(-56.410,0.001,33.974) bounded=true
tick=3660 phase=following reason=path_ready wp=8 dist_wp=20.07 bearing_deg=107.40 speed=0.000 pos=(-56.410,0.001,33.974) bounded=true
tick=3690 phase=following reason=path_ready wp=8 dist_wp=20.07 bearing_deg=89.40 speed=0.000 pos=(-56.410,0.001,33.974) bounded=true
tick=3720 phase=following reason=path_ready wp=8 dist_wp=20.07 bearing_deg=71.40 speed=0.000 pos=(-56.410,0.001,33.974) bounded=true
tick=3750 phase=following reason=path_ready wp=8 dist_wp=20.07 bearing_deg=53.40 speed=0.000 pos=(-56.410,0.001,33.974) bounded=true
tick=3780 phase=following reason=path_ready wp=8 dist_wp=20.07 bearing_deg=35.40 speed=0.000 pos=(-56.410,0.001,33.974) bounded=true
tick=3810 phase=following reason=path_ready wp=8 dist_wp=20.07 bearing_deg=18.38 speed=0.000 pos=(-56.410,0.001,33.974) bounded=true
tick=3840 phase=following reason=path_ready wp=8 dist_wp=19.21 bearing_deg=9.36 speed=0.689 pos=(-55.668,0.013,33.495) bounded=true
tick=3870 phase=following reason=path_ready wp=8 dist_wp=16.53 bearing_deg=5.41 speed=1.394 pos=(-53.552,0.014,31.821) bounded=true
tick=3900 phase=following reason=path_ready wp=8 dist_wp=12.06 bearing_deg=3.76 speed=2.068 pos=(-50.224,0.014,28.825) bounded=true
tick=3930 phase=following reason=path_ready wp=8 dist_wp=6.31 bearing_deg=3.70 speed=2.392 pos=(-46.117,0.007,24.788) bounded=true
tick=3960 phase=following reason=path_ready wp=8 dist_wp=0.28 bearing_deg=49.56 speed=1.945 pos=(-41.950,0.012,20.276) bounded=true
tick=3990 phase=following reason=path_ready wp=8 dist_wp=2.48 bearing_deg=164.78 speed=0.213 pos=(-40.495,0.034,18.025) bounded=true
tick=4020 phase=following reason=path_ready wp=8 dist_wp=2.51 bearing_deg=146.96 speed=0.000 pos=(-40.486,0.005,18.002) bounded=true
tick=4050 phase=following reason=path_ready wp=8 dist_wp=2.51 bearing_deg=128.96 speed=0.000 pos=(-40.486,0.001,18.002) bounded=true
tick=4080 phase=following reason=path_ready wp=8 dist_wp=2.51 bearing_deg=110.96 speed=0.000 pos=(-40.486,0.001,18.002) bounded=true
tick=4110 phase=following reason=path_ready wp=8 dist_wp=2.51 bearing_deg=92.96 speed=0.000 pos=(-40.486,0.001,18.002) bounded=true
tick=4140 phase=following reason=path_ready wp=8 dist_wp=2.51 bearing_deg=74.96 speed=0.000 pos=(-40.486,0.001,18.002) bounded=true
tick=4170 phase=following reason=path_ready wp=8 dist_wp=2.51 bearing_deg=56.96 speed=0.000 pos=(-40.486,0.001,18.002) bounded=true
tick=4200 phase=following reason=path_ready wp=8 dist_wp=2.51 bearing_deg=38.96 speed=0.000 pos=(-40.486,0.001,18.002) bounded=true
tick=4230 phase=following reason=path_ready wp=8 dist_wp=2.51 bearing_deg=21.23 speed=0.000 pos=(-40.486,0.001,18.002) bounded=true
tick=4260 phase=following reason=path_ready wp=8 dist_wp=2.51 bearing_deg=10.24 speed=0.000 pos=(-40.486,0.001,18.002) bounded=true
tick=4290 phase=following reason=path_ready wp=8 dist_wp=2.51 bearing_deg=4.94 speed=0.000 pos=(-40.486,0.001,18.002) bounded=true
tick=4320 phase=following reason=path_ready wp=8 dist_wp=2.51 bearing_deg=2.38 speed=0.000 pos=(-40.486,0.001,18.002) bounded=true
tick=4350 phase=following reason=path_ready wp=8 dist_wp=2.51 bearing_deg=1.15 speed=0.000 pos=(-40.486,0.001,18.002) bounded=true
tick=4380 phase=reverse reason=insufficient_actual_progress wp=8 dist_wp=2.58 bearing_deg=0.92 speed=-0.075 pos=(-40.440,0.003,17.944) bounded=true
tick=4410 phase=reverse reason=insufficient_actual_progress wp=8 dist_wp=2.91 bearing_deg=0.82 speed=-0.178 pos=(-40.238,0.003,17.685) bounded=true
tick=4440 phase=turn_recovery reason=reverse_complete wp=8 dist_wp=3.31 bearing_deg=-5.24 speed=0.000 pos=(-39.993,0.006,17.372) bounded=true
tick=4470 phase=turn_recovery reason=reverse_complete wp=8 dist_wp=3.31 bearing_deg=-23.24 speed=0.000 pos=(-39.993,0.001,17.372) bounded=true
tick=4500 phase=following reason=path_ready wp=0 dist_wp=3.30 bearing_deg=-12.40 speed=0.014 pos=(-39.995,0.001,17.377) bounded=true
tick=4530 phase=following reason=path_ready wp=0 dist_wp=3.23 bearing_deg=-6.11 speed=0.038 pos=(-40.028,0.001,17.437) bounded=true
tick=4560 phase=following reason=path_ready wp=0 dist_wp=3.11 bearing_deg=-3.07 speed=0.056 pos=(-40.096,0.001,17.540) bounded=true
tick=4590 phase=following reason=path_ready wp=0 dist_wp=2.96 bearing_deg=-1.56 speed=0.062 pos=(-40.186,0.001,17.666) bounded=true
tick=4620 phase=following reason=path_ready wp=0 dist_wp=2.80 bearing_deg=-0.80 speed=0.056 pos=(-40.278,0.001,17.789) bounded=true
tick=4650 phase=following reason=path_ready wp=0 dist_wp=2.68 bearing_deg=-0.79 speed=0.037 pos=(-40.351,0.001,17.886) bounded=true
tick=4680 phase=following reason=path_ready wp=0 dist_wp=2.62 bearing_deg=-0.79 speed=0.011 pos=(-40.389,0.001,17.935) bounded=true
tick=4710 phase=following reason=path_ready wp=0 dist_wp=2.62 bearing_deg=-0.79 speed=0.000 pos=(-40.389,0.000,17.935) bounded=true
tick=4740 phase=reverse reason=insufficient_actual_progress wp=0 dist_wp=2.74 bearing_deg=-0.76 speed=-0.096 pos=(-40.318,0.003,17.841) bounded=true
tick=4770 phase=reverse reason=insufficient_actual_progress wp=0 dist_wp=3.12 bearing_deg=-0.67 speed=-0.199 pos=(-40.087,0.003,17.537) bounded=true
tick=4800 phase=turn_recovery reason=reverse_complete wp=0 dist_wp=3.42 bearing_deg=8.95 speed=0.000 pos=(-39.905,0.005,17.298) bounded=true
tick=4830 phase=following reason=path_ready wp=0 dist_wp=3.42 bearing_deg=22.28 speed=0.000 pos=(-39.905,0.001,17.298) bounded=true
tick=4860 phase=following reason=path_ready wp=0 dist_wp=3.40 bearing_deg=10.81 speed=0.025 pos=(-39.920,0.001,17.310) bounded=true
tick=4890 phase=following reason=path_ready wp=0 dist_wp=3.30 bearing_deg=5.39 speed=0.056 pos=(-39.995,0.002,17.385) bounded=true
tick=4920 phase=following reason=path_ready wp=0 dist_wp=3.12 bearing_deg=2.75 speed=0.076 pos=(-40.108,0.001,17.515) bounded=true
tick=4950 phase=following reason=path_ready wp=0 dist_wp=2.92 bearing_deg=1.42 speed=0.081 pos=(-40.238,0.001,17.674) bounded=true
tick=4980 phase=following reason=path_ready wp=0 dist_wp=2.72 bearing_deg=0.79 speed=0.070 pos=(-40.359,0.001,17.829) bounded=true
tick=5010 phase=following reason=path_ready wp=0 dist_wp=2.58 bearing_deg=0.80 speed=0.043 pos=(-40.449,0.001,17.944) bounded=true
tick=5040 phase=following reason=path_ready wp=0 dist_wp=2.52 bearing_deg=0.80 speed=0.006 pos=(-40.486,0.002,17.991) bounded=true
tick=5070 phase=following reason=path_ready wp=0 dist_wp=2.52 bearing_deg=0.80 speed=0.000 pos=(-40.486,0.001,17.991) bounded=true
tick=5100 phase=following reason=path_ready wp=0 dist_wp=2.52 bearing_deg=0.80 speed=0.000 pos=(-40.486,0.001,17.991) bounded=true
tick=5130 phase=reverse reason=insufficient_actual_progress wp=0 dist_wp=2.62 bearing_deg=0.77 speed=-0.089 pos=(-40.423,0.003,17.911) bounded=true
tick=5160 phase=reverse reason=insufficient_actual_progress wp=0 dist_wp=2.98 bearing_deg=0.67 speed=-0.192 pos=(-40.200,0.003,17.623) bounded=true
tick=5190 phase=turn_recovery reason=reverse_complete wp=0 dist_wp=3.32 bearing_deg=-7.75 speed=0.000 pos=(-39.996,0.006,17.359) bounded=true
tick=5220 phase=following reason=path_ready wp=0 dist_wp=3.32 bearing_deg=-23.39 speed=0.000 pos=(-39.996,0.001,17.359) bounded=true
tick=5250 phase=following reason=path_ready wp=0 dist_wp=3.30 bearing_deg=-11.32 speed=0.018 pos=(-40.000,0.001,17.369) bounded=true
tick=5280 phase=following reason=path_ready wp=0 dist_wp=3.23 bearing_deg=-5.60 speed=0.042 pos=(-40.039,0.001,17.437) bounded=true
tick=5310 phase=following reason=path_ready wp=0 dist_wp=3.09 bearing_deg=-2.82 speed=0.059 pos=(-40.113,0.001,17.548) bounded=true
tick=5340 phase=following reason=path_ready wp=0 dist_wp=2.93 bearing_deg=-1.44 speed=0.064 pos=(-40.206,0.001,17.678) bounded=true
tick=5370 phase=following reason=path_ready wp=0 dist_wp=2.78 bearing_deg=-0.79 speed=0.055 pos=(-40.298,0.001,17.802) bounded=true
tick=5400 phase=following reason=path_ready wp=0 dist_wp=2.66 bearing_deg=-0.79 speed=0.035 pos=(-40.369,0.001,17.896) bounded=true
tick=5430 phase=following reason=path_ready wp=0 dist_wp=2.61 bearing_deg=-0.78 speed=0.007 pos=(-40.399,0.001,17.936) bounded=true
tick=5460 phase=following reason=path_ready wp=0 dist_wp=2.61 bearing_deg=-0.78 speed=0.000 pos=(-40.399,0.000,17.936) bounded=true
tick=5490 phase=following reason=path_ready wp=0 dist_wp=2.61 bearing_deg=-0.78 speed=0.000 pos=(-40.399,0.000,17.936) bounded=true
tick=5520 phase=following reason=path_ready wp=0 dist_wp=2.61 bearing_deg=-0.78 speed=0.000 pos=(-40.399,0.000,17.936) bounded=true
