tick=0 phase=following reason=path_ready wp=1 dist_wp=13.42 bearing_deg=26.57 speed=0.000 pos=(27.000,0.005,-130.000) bounded=true
tick=30 phase=following reason=path_ready wp=1 dist_wp=13.32 bearing_deg=13.28 speed=0.185 pos=(27.021,0.005,-129.900) bounded=true
tick=60 phase=following reason=path_ready wp=1 dist_wp=12.27 bearing_deg=7.04 speed=0.632 pos=(27.350,0.009,-128.889) bounded=true
tick=90 phase=following reason=path_ready wp=1 dist_wp=10.14 bearing_deg=4.21 speed=1.024 pos=(28.173,0.008,-126.920) bounded=true
tick=120 phase=following reason=path_ready wp=1 dist_wp=7.14 bearing_deg=2.99 speed=1.320 pos=(29.473,0.007,-124.203) bounded=true
tick=150 phase=following reason=path_ready wp=1 dist_wp=3.56 bearing_deg=3.01 speed=1.466 pos=(31.136,0.004,-121.031) bounded=true
tick=180 phase=following reason=path_ready wp=1 dist_wp=0.41 bearing_deg=13.12 speed=0.611 pos=(32.706,0.021,-118.290) bounded=true
tick=210 phase=following reason=path_ready wp=2 dist_wp=19.69 bearing_deg=37.68 speed=0.000 pos=(32.840,0.010,-118.089) bounded=true
tick=240 phase=following reason=path_ready wp=2 dist_wp=19.69 bearing_deg=20.16 speed=0.000 pos=(32.840,0.001,-118.089) bounded=true
tick=270 phase=following reason=path_ready wp=2 dist_wp=19.24 bearing_deg=10.00 speed=0.416 pos=(33.282,0.009,-117.970) bounded=true
tick=300 phase=following reason=path_ready wp=2 dist_wp=17.55 bearing_deg=5.40 speed=0.912 pos=(34.964,0.010,-117.686) bounded=true
tick=330 phase=following reason=path_ready wp=2 dist_wp=14.60 bearing_deg=3.24 speed=1.402 pos=(37.905,0.010,-117.382) bounded=true
tick=360 phase=following reason=path_ready wp=2 dist_wp=10.46 bearing_deg=2.28 speed=1.827 pos=(42.038,0.009,-117.115) bounded=true
tick=390 phase=following reason=path_ready wp=2 dist_wp=5.45 bearing_deg=2.25 speed=2.084 pos=(47.051,0.006,-116.926) bounded=true
tick=420 phase=following reason=path_ready wp=2 dist_wp=0.39 bearing_deg=16.19 speed=1.509 pos=(52.124,0.014,-116.881) bounded=true
tick=450 phase=following reason=path_ready wp=3 dist_wp=18.10 bearing_deg=-12.70 speed=0.479 pos=(53.937,0.018,-117.093) bounded=true
tick=480 phase=following reason=path_ready wp=3 dist_wp=16.25 bearing_deg=-6.97 speed=0.973 pos=(55.794,0.009,-117.257) bounded=true
tick=510 phase=following reason=path_ready wp=3 dist_wp=13.16 bearing_deg=-4.30 speed=1.452 pos=(58.900,0.010,-117.272) bounded=true
tick=540 phase=following reason=path_ready wp=3 dist_wp=8.96 bearing_deg=-3.19 speed=1.827 pos=(63.103,0.008,-117.078) bounded=true
tick=570 phase=following reason=path_ready wp=3 dist_wp=4.00 bearing_deg=-3.65 speed=2.050 pos=(68.052,0.005,-116.660) bounded=true
tick=600 phase=following reason=path_ready wp=3 dist_wp=0.43 bearing_deg=-158.91 speed=1.037 pos=(72.422,0.024,-116.056) bounded=true
tick=630 phase=following reason=path_ready wp=4 dist_wp=21.86 bearing_deg=-61.74 speed=0.000 pos=(73.160,0.018,-115.825) bounded=true
tick=660 phase=following reason=path_ready wp=4 dist_wp=21.86 bearing_deg=-43.74 speed=0.000 pos=(73.160,0.002,-115.825) bounded=true
tick=690 phase=following reason=path_ready wp=4 dist_wp=21.86 bearing_deg=-25.74 speed=0.000 pos=(73.160,0.001,-115.825) bounded=true
tick=720 phase=following reason=path_ready wp=4 dist_wp=21.65 bearing_deg=-12.58 speed=0.314 pos=(73.200,0.008,-115.616) bounded=true
tick=750 phase=following reason=path_ready wp=4 dist_wp=20.05 bearing_deg=-6.67 speed=0.939 pos=(73.344,0.013,-114.005) bounded=true
tick=780 phase=following reason=path_ready wp=4 dist_wp=16.80 bearing_deg=-3.99 speed=1.624 pos=(73.382,0.014,-110.738) bounded=true
tick=810 phase=following reason=path_ready wp=4 dist_wp=11.79 bearing_deg=-2.90 speed=2.255 pos=(73.205,0.013,-105.728) bounded=true
tick=840 phase=following reason=path_ready wp=4 dist_wp=5.74 bearing_deg=-3.08 speed=2.584 pos=(72.789,0.009,-99.686) bounded=true
tick=870 phase=following reason=path_ready wp=4 dist_wp=0.56 bearing_deg=-160.99 speed=1.905 pos=(72.078,0.018,-93.451) bounded=true
tick=900 phase=following reason=path_ready wp=4 dist_wp=3.24 bearing_deg=-165.22 speed=0.316 pos=(71.252,0.031,-90.851) bounded=true
tick=930 phase=following reason=path_ready wp=4 dist_wp=3.30 bearing_deg=-147.57 speed=0.000 pos=(71.218,0.005,-90.792) bounded=true
tick=960 phase=following reason=path_ready wp=4 dist_wp=3.30 bearing_deg=-129.57 speed=0.000 pos=(71.218,0.001,-90.792) bounded=true
tick=990 phase=following reason=path_ready wp=4 dist_wp=3.30 bearing_deg=-111.57 speed=0.000 pos=(71.218,0.001,-90.792) bounded=true
tick=1020 phase=following reason=path_ready wp=4 dist_wp=3.30 bearing_deg=-93.57 speed=0.000 pos=(71.218,0.001,-90.792) bounded=true
tick=1050 phase=following reason=path_ready wp=4 dist_wp=3.30 bearing_deg=-75.57 speed=0.000 pos=(71.218,0.001,-90.792) bounded=true
tick=1080 phase=following reason=path_ready wp=4 dist_wp=3.30 bearing_deg=-57.57 speed=0.000 pos=(71.218,0.001,-90.792) bounded=true
tick=1110 phase=following reason=path_ready wp=4 dist_wp=3.30 bearing_deg=-39.57 speed=0.000 pos=(71.218,0.001,-90.792) bounded=true
tick=1140 phase=following reason=path_ready wp=4 dist_wp=3.30 bearing_deg=-21.76 speed=0.000 pos=(71.218,0.001,-90.792) bounded=true
tick=1170 phase=following reason=path_ready wp=4 dist_wp=3.14 bearing_deg=-11.08 speed=0.174 pos=(71.222,0.005,-90.962) bounded=true
tick=1200 phase=following reason=path_ready wp=4 dist_wp=2.42 bearing_deg=-6.99 speed=0.378 pos=(71.311,0.005,-91.678) bounded=true
tick=1230 phase=following reason=path_ready wp=4 dist_wp=1.31 bearing_deg=-6.36 speed=0.477 pos=(71.545,0.003,-92.777) bounded=true
tick=1260 phase=following reason=path_ready wp=5 dist_wp=20.94 bearing_deg=-148.20 speed=0.000 pos=(71.588,0.005,-92.936) bounded=true
tick=1290 phase=following reason=path_ready wp=5 dist_wp=20.94 bearing_deg=-130.20 speed=0.000 pos=(71.588,0.000,-92.936) bounded=true
tick=1320 phase=following reason=path_ready wp=5 dist_wp=20.94 bearing_deg=-112.20 speed=0.000 pos=(71.588,0.000,-92.936) bounded=true
tick=1350 phase=following reason=path_ready wp=5 dist_wp=20.94 bearing_deg=-94.20 speed=0.000 pos=(71.588,0.000,-92.936) bounded=true
tick=1380 phase=following reason=path_ready wp=5 dist_wp=20.94 bearing_deg=-76.20 speed=0.000 pos=(71.588,0.000,-92.936) bounded=true
tick=1410 phase=following reason=path_ready wp=5 dist_wp=20.94 bearing_deg=-58.20 speed=0.000 pos=(71.588,0.000,-92.936) bounded=true
tick=1440 phase=following reason=path_ready wp=5 dist_wp=20.94 bearing_deg=-40.20 speed=0.000 pos=(71.588,0.000,-92.936) bounded=true
tick=1470 phase=following reason=path_ready wp=5 dist_wp=20.94 bearing_deg=-22.32 speed=0.000 pos=(71.588,0.000,-92.936) bounded=true
tick=1500 phase=following reason=path_ready wp=5 dist_wp=20.49 bearing_deg=-11.06 speed=0.500 pos=(71.699,0.011,-92.484) bounded=true
tick=1530 phase=following reason=path_ready wp=5 dist_wp=18.31 bearing_deg=-6.12 speed=1.207 pos=(72.013,0.014,-90.310) bounded=true
tick=1560 phase=following reason=path_ready wp=5 dist_wp=14.35 bearing_deg=-3.95 speed=1.902 pos=(72.298,0.014,-86.343) bounded=true
tick=1590 phase=following reason=path_ready wp=5 dist_wp=8.86 bearing_deg=-3.28 speed=2.301 pos=(72.440,0.007,-80.849) bounded=true
tick=1620 phase=following reason=path_ready wp=5 dist_wp=2.51 bearing_deg=-6.03 speed=2.651 pos=(72.353,0.007,-74.480) bounded=true
tick=1650 phase=following reason=path_ready wp=5 dist_wp=2.24 bearing_deg=-169.66 speed=1.096 pos=(71.798,0.029,-69.768) bounded=true
tick=1680 phase=following reason=path_ready wp=5 dist_wp=3.14 bearing_deg=-156.18 speed=0.000 pos=(71.486,0.021,-68.900) bounded=true
tick=1710 phase=following reason=path_ready wp=5 dist_wp=3.14 bearing_deg=-138.18 speed=0.000 pos=(71.486,0.002,-68.900) bounded=true
tick=1740 phase=following reason=path_ready wp=5 dist_wp=3.14 bearing_deg=-120.18 speed=0.000 pos=(71.486,0.001,-68.900) bounded=true
tick=1770 phase=following reason=path_ready wp=5 dist_wp=3.14 bearing_deg=-102.18 speed=0.000 pos=(71.486,0.001,-68.900) bounded=true
tick=1800 phase=following reason=path_ready wp=5 dist_wp=3.14 bearing_deg=-84.18 speed=0.000 pos=(71.486,0.001,-68.900) bounded=true
tick=1830 phase=following reason=path_ready wp=5 dist_wp=3.14 bearing_deg=-66.18 speed=0.000 pos=(71.486,0.001,-68.900) bounded=true
tick=1860 phase=following reason=path_ready wp=5 dist_wp=3.14 bearing_deg=-48.18 speed=0.000 pos=(71.486,0.001,-68.900) bounded=true
tick=1890 phase=following reason=path_ready wp=5 dist_wp=3.14 bearing_deg=-30.18 speed=0.000 pos=(71.486,0.001,-68.900) bounded=true
tick=1920 phase=following reason=path_ready wp=5 dist_wp=3.13 bearing_deg=-14.96 speed=0.054 pos=(71.484,0.002,-68.918) bounded=true
tick=1950 phase=following reason=path_ready wp=5 dist_wp=2.71 bearing_deg=-8.39 speed=0.269 pos=(71.484,0.005,-69.343) bounded=true
tick=1980 phase=following reason=path_ready wp=5 dist_wp=1.81 bearing_deg=-6.12 speed=0.421 pos=(71.571,0.004,-70.241) bounded=true
tick=2010 phase=following reason=path_ready wp=6 dist_wp=20.90 bearing_deg=-160.85 speed=0.000 pos=(71.675,0.012,-70.893) bounded=true
tick=2040 phase=following reason=path_ready wp=6 dist_wp=20.90 bearing_deg=-142.85 speed=0.000 pos=(71.675,0.001,-70.893) bounded=true
tick=2070 phase=following reason=path_ready wp=6 dist_wp=20.90 bearing_deg=-124.85 speed=0.000 pos=(71.675,0.001,-70.893) bounded=true
tick=2100 phase=following reason=path_ready wp=6 dist_wp=20.90 bearing_deg=-106.85 speed=0.000 pos=(71.675,0.001,-70.893) bounded=true
tick=2130 phase=following reason=path_ready wp=6 dist_wp=20.90 bearing_deg=-88.85 speed=0.000 pos=(71.675,0.001,-70.893) bounded=true
tick=2160 phase=following reason=path_ready wp=6 dist_wp=20.90 bearing_deg=-70.85 speed=0.000 pos=(71.675,0.001,-70.893) bounded=true
tick=2190 phase=following reason=path_ready wp=6 dist_wp=20.90 bearing_deg=-52.85 speed=0.000 pos=(71.675,0.001,-70.893) bounded=true
tick=2220 phase=following reason=path_ready wp=6 dist_wp=20.90 bearing_deg=-34.85 speed=0.000 pos=(71.675,0.001,-70.893) bounded=true
tick=2250 phase=following reason=path_ready wp=6 dist_wp=20.90 bearing_deg=-17.98 speed=0.000 pos=(71.675,0.001,-70.893) bounded=true
tick=2280 phase=following reason=path_ready wp=6 dist_wp=19.98 bearing_deg=-9.17 speed=0.713 pos=(71.870,0.013,-69.978) bounded=true
tick=2310 phase=following reason=path_ready wp=6 dist_wp=17.26 bearing_deg=-5.28 speed=1.417 pos=(72.181,0.014,-67.262) bounded=true
tick=2340 phase=following reason=path_ready wp=6 dist_wp=12.77 bearing_deg=-3.62 speed=2.099 pos=(72.415,0.014,-62.766) bounded=true
tick=2370 phase=following reason=path_ready wp=6 dist_wp=7.01 bearing_deg=-3.41 speed=2.438 pos=(72.473,0.008,-56.995) bounded=true
tick=2400 phase=following reason=path_ready wp=6 dist_wp=0.65 bearing_deg=-19.56 speed=2.213 pos=(72.261,0.006,-50.593) bounded=true
tick=2430 phase=following reason=path_ready wp=6 dist_wp=2.84 bearing_deg=-167.15 speed=0.592 pos=(71.593,0.031,-47.187) bounded=true
tick=2460 phase=following reason=path_ready wp=6 dist_wp=3.09 bearing_deg=-150.45 speed=0.000 pos=(71.493,0.010,-46.956) bounded=true
tick=2490 phase=following reason=path_ready wp=6 dist_wp=3.09 bearing_deg=-132.45 speed=0.000 pos=(71.493,0.001,-46.956) bounded=true
tick=2520 phase=following reason=path_ready wp=6 dist_wp=3.09 bearing_deg=-114.45 speed=0.000 pos=(71.493,0.001,-46.956) bounded=true
tick=2550 phase=following reason=path_ready wp=6 dist_wp=3.09 bearing_deg=-96.45 speed=0.000 pos=(71.493,0.001,-46.956) bounded=true
tick=2580 phase=following reason=path_ready wp=6 dist_wp=3.09 bearing_deg=-78.45 speed=0.000 pos=(71.493,0.001,-46.956) bounded=true
tick=2610 phase=following reason=path_ready wp=6 dist_wp=3.09 bearing_deg=-60.45 speed=0.000 pos=(71.493,0.001,-46.956) bounded=true
tick=2640 phase=following reason=path_ready wp=6 dist_wp=3.09 bearing_deg=-42.45 speed=0.000 pos=(71.493,0.001,-46.956) bounded=true
tick=2670 phase=following reason=path_ready wp=6 dist_wp=3.09 bearing_deg=-24.45 speed=0.000 pos=(71.493,0.001,-46.956) bounded=true
tick=2700 phase=following reason=path_ready wp=6 dist_wp=3.01 bearing_deg=-12.11 speed=0.102 pos=(71.488,0.003,-47.034) bounded=true
tick=2730 phase=following reason=path_ready wp=6 dist_wp=2.54 bearing_deg=-6.97 speed=0.262 pos=(71.504,0.004,-47.510) bounded=true
tick=2760 phase=following reason=path_ready wp=6 dist_wp=1.72 bearing_deg=-4.99 speed=0.374 pos=(71.599,0.003,-48.322) bounded=true
tick=2790 phase=following reason=path_ready wp=7 dist_wp=20.19 bearing_deg=134.53 speed=0.000 pos=(71.687,0.009,-48.857) bounded=true
tick=2820 phase=following reason=path_ready wp=7 dist_wp=20.19 bearing_deg=116.53 speed=0.000 pos=(71.687,0.001,-48.857) bounded=true
tick=2850 phase=following reason=path_ready wp=7 dist_wp=20.19 bearing_deg=98.53 speed=0.000 pos=(71.687,0.001,-48.857) bounded=true
tick=2880 phase=following reason=path_ready wp=7 dist_wp=20.19 bearing_deg=80.53 speed=0.000 pos=(71.687,0.001,-48.857) bounded=true
tick=2910 phase=following reason=path_ready wp=7 dist_wp=20.19 bearing_deg=62.53 speed=0.000 pos=(71.687,0.001,-48.857) bounded=true
tick=2940 phase=following reason=path_ready wp=7 dist_wp=20.19 bearing_deg=44.53 speed=0.000 pos=(71.687,0.001,-48.857) bounded=true
tick=2970 phase=following reason=path_ready wp=7 dist_wp=20.19 bearing_deg=26.53 speed=0.000 pos=(71.687,0.001,-48.857) bounded=true
tick=3000 phase=following reason=path_ready wp=7 dist_wp=20.02 bearing_deg=12.96 speed=0.291 pos=(71.537,0.008,-48.773) bounded=true
tick=3030 phase=following reason=path_ready wp=7 dist_wp=18.43 bearing_deg=6.92 speed=0.970 pos=(70.210,0.014,-47.845) bounded=true
tick=3060 phase=following reason=path_ready wp=7 dist_wp=15.06 bearing_deg=4.25 speed=1.670 pos=(67.602,0.014,-45.693) bounded=true
tick=3090 phase=following reason=path_ready wp=7 dist_wp=9.98 bearing_deg=3.27 speed=2.246 pos=(63.844,0.012,-42.263) bounded=true
tick=3120 phase=following reason=path_ready wp=7 dist_wp=3.98 bearing_deg=4.24 speed=2.532 pos=(59.565,0.007,-38.046) bounded=true
tick=3150 phase=following reason=path_ready wp=7 dist_wp=1.41 bearing_deg=169.37 speed=1.401 pos=(56.005,0.025,-34.002) bounded=true
tick=3180 phase=following reason=path_ready wp=7 dist_wp=2.89 bearing_deg=160.08 speed=0.000 pos=(55.272,0.028,-32.678) bounded=true
tick=3210 phase=following reason=path_ready wp=7 dist_wp=2.89 bearing_deg=142.08 speed=0.000 pos=(55.272,0.003,-32.678) bounded=true
tick=3240 phase=following reason=path_ready wp=7 dist_wp=2.89 bearing_deg=124.08 speed=0.000 pos=(55.272,0.001,-32.678) bounded=true
tick=3270 phase=following reason=path_ready wp=7 dist_wp=2.89 bearing_deg=106.08 speed=0.000 pos=(55.272,0.001,-32.678) bounded=true
tick=3300 phase=following reason=path_ready wp=7 dist_wp=2.89 bearing_deg=88.08 speed=0.000 pos=(55.272,0.001,-32.678) bounded=true
tick=3330 phase=following reason=path_ready wp=7 dist_wp=2.89 bearing_deg=70.08 speed=0.000 pos=(55.272,0.001,-32.678) bounded=true
tick=3360 phase=following reason=path_ready wp=7 dist_wp=2.89 bearing_deg=52.08 speed=0.000 pos=(55.272,0.001,-32.678) bounded=true
tick=3390 phase=following reason=path_ready wp=7 dist_wp=2.89 bearing_deg=34.08 speed=0.000 pos=(55.272,0.001,-32.678) bounded=true
tick=3420 phase=following reason=path_ready wp=7 dist_wp=2.89 bearing_deg=17.42 speed=0.007 pos=(55.272,0.001,-32.678) bounded=true
tick=3450 phase=following reason=path_ready wp=7 dist_wp=2.61 bearing_deg=9.36 speed=0.209 pos=(55.484,0.004,-32.871) bounded=true
tick=3480 phase=following reason=path_ready wp=7 dist_wp=1.88 bearing_deg=6.36 speed=0.360 pos=(55.978,0.004,-33.428) bounded=true
tick=3510 phase=following reason=path_ready wp=8 dist_wp=20.07 bearing_deg=164.22 speed=0.000 pos=(56.401,0.010,-33.977) bounded=true
tick=3540 phase=following reason=path_ready wp=8 dist_wp=20.07 bearing_deg=146.22 speed=0.000 pos=(56.401,0.002,-33.977) bounded=true
tick=3570 phase=following reason=path_ready wp=8 dist_wp=20.07 bearing_deg=128.22 speed=0.000 pos=(56.401,0.001,-33.977) bounded=true
tick=3600 phase=following reason=path_ready wp=8 dist_wp=20.07 bearing_deg=110.22 speed=0.000 pos=(56.401,0.001,-33.977) bounded=true
tick=3630 phase=following reason=path_ready wp=8 dist_wp=20.07 bearing_deg=92.22 speed=0.000 pos=(56.401,0.001,-33.977) bounded=true
tick=3660 phase=following reason=path_ready wp=8 dist_wp=20.07 bearing_deg=74.22 speed=0.000 pos=(56.401,0.001,-33.977) bounded=true
tick=3690 phase=following reason=path_ready wp=8 dist_wp=20.07 bearing_deg=56.22 speed=0.000 pos=(56.401,0.001,-33.977) bounded=true
tick=3720 phase=following reason=path_ready wp=8 dist_wp=20.07 bearing_deg=38.22 speed=0.000 pos=(56.401,0.001,-33.977) bounded=true
tick=3750 phase=following reason=path_ready wp=8 dist_wp=20.07 bearing_deg=20.60 speed=0.000 pos=(56.401,0.001,-33.977) bounded=true
tick=3780 phase=following reason=path_ready wp=8 dist_wp=19.48 bearing_deg=10.31 speed=0.571 pos=(55.889,0.012,-33.656) bounded=true
tick=3810 phase=following reason=path_ready wp=8 dist_wp=17.12 bearing_deg=5.81 speed=1.277 pos=(54.007,0.014,-32.205) bounded=true
tick=3840 phase=following reason=path_ready wp=8 dist_wp=12.98 bearing_deg=3.88 speed=1.964 pos=(50.900,0.014,-29.453) bounded=true
tick=3870 phase=following reason=path_ready wp=8 dist_wp=7.42 bearing_deg=3.48 speed=2.326 pos=(46.902,0.007,-25.576) bounded=true
tick=3900 phase=following reason=path_ready wp=8 dist_wp=1.19 bearing_deg=11.35 speed=2.298 pos=(42.599,0.001,-21.027) bounded=true
tick=3930 phase=following reason=path_ready wp=8 dist_wp=2.38 bearing_deg=167.39 speed=0.569 pos=(40.533,0.033,-18.130) bounded=true
tick=3960 phase=following reason=path_ready wp=8 dist_wp=2.58 bearing_deg=150.66 speed=0.000 pos=(40.449,0.009,-17.935) bounded=true
tick=3990 phase=following reason=path_ready wp=8 dist_wp=2.58 bearing_deg=132.66 speed=0.000 pos=(40.449,0.001,-17.935) bounded=true
tick=4020 phase=following reason=path_ready wp=8 dist_wp=2.58 bearing_deg=114.66 speed=0.000 pos=(40.449,0.000,-17.935) bounded=true
tick=4050 phase=following reason=path_ready wp=8 dist_wp=2.58 bearing_deg=96.66 speed=0.000 pos=(40.449,0.000,-17.935) bounded=true
tick=4080 phase=following reason=path_ready wp=8 dist_wp=2.58 bearing_deg=78.66 speed=0.000 pos=(40.449,0.000,-17.935) bounded=true
tick=4110 phase=following reason=path_ready wp=8 dist_wp=2.58 bearing_deg=60.66 speed=0.000 pos=(40.449,0.000,-17.935) bounded=true
tick=4140 phase=following reason=path_ready wp=8 dist_wp=2.58 bearing_deg=42.66 speed=0.000 pos=(40.449,0.000,-17.935) bounded=true
tick=4170 phase=following reason=path_ready wp=8 dist_wp=2.58 bearing_deg=24.66 speed=0.000 pos=(40.449,0.000,-17.935) bounded=true
tick=4200 phase=following reason=path_ready wp=8 dist_wp=2.58 bearing_deg=11.90 speed=0.000 pos=(40.449,0.000,-17.935) bounded=true
tick=4230 phase=following reason=path_ready wp=8 dist_wp=2.58 bearing_deg=5.74 speed=0.000 pos=(40.449,0.000,-17.935) bounded=true
tick=4260 phase=following reason=path_ready wp=8 dist_wp=2.58 bearing_deg=2.77 speed=0.000 pos=(40.449,0.000,-17.935) bounded=true
tick=4290 phase=following reason=path_ready wp=8 dist_wp=2.58 bearing_deg=1.34 speed=0.000 pos=(40.449,0.000,-17.935) bounded=true
tick=4320 phase=reverse reason=insufficient_actual_progress wp=8 dist_wp=2.62 bearing_deg=0.94 speed=-0.055 pos=(40.425,0.002,-17.904) bounded=true
tick=4350 phase=reverse reason=insufficient_actual_progress wp=8 dist_wp=2.90 bearing_deg=0.85 speed=-0.158 pos=(40.257,0.003,-17.687) bounded=true
tick=4380 phase=turn_recovery reason=reverse_complete wp=8 dist_wp=3.38 bearing_deg=-1.62 speed=-0.009 pos=(39.963,0.001,-17.308) bounded=true
tick=4410 phase=turn_recovery reason=reverse_complete wp=8 dist_wp=3.38 bearing_deg=-19.62 speed=0.000 pos=(39.963,0.001,-17.308) bounded=true
tick=4440 phase=following reason=path_ready wp=0 dist_wp=3.38 bearing_deg=-14.31 speed=0.010 pos=(39.963,0.001,-17.307) bounded=true
tick=4470 phase=following reason=path_ready wp=0 dist_wp=3.31 bearing_deg=-7.05 speed=0.040 pos=(39.993,0.001,-17.365) bounded=true
tick=4500 phase=following reason=path_ready wp=0 dist_wp=3.18 bearing_deg=-3.55 speed=0.064 pos=(40.065,0.001,-17.478) bounded=true
tick=4530 phase=following reason=path_ready wp=0 dist_wp=3.00 bearing_deg=-1.82 speed=0.074 pos=(40.168,0.001,-17.624) bounded=true
tick=4560 phase=following reason=path_ready wp=0 dist_wp=2.81 bearing_deg=-0.94 speed=0.070 pos=(40.278,0.001,-17.774) bounded=true
tick=4590 phase=following reason=path_ready wp=0 dist_wp=2.66 bearing_deg=-0.79 speed=0.051 pos=(40.372,0.001,-17.899) bounded=true
tick=4620 phase=following reason=path_ready wp=0 dist_wp=2.57 bearing_deg=-0.78 speed=0.021 pos=(40.428,0.002,-17.973) bounded=true
tick=4650 phase=following reason=path_ready wp=0 dist_wp=2.55 bearing_deg=-0.78 speed=0.000 pos=(40.435,0.001,-17.982) bounded=true
tick=4680 phase=following reason=path_ready wp=0 dist_wp=2.55 bearing_deg=-0.78 speed=0.000 pos=(40.435,0.001,-17.982) bounded=true
tick=4710 phase=reverse reason=insufficient_actual_progress wp=0 dist_wp=2.55 bearing_deg=-0.78 speed=-0.007 pos=(40.435,0.001,-17.982) bounded=true
tick=4740 phase=reverse reason=insufficient_actual_progress wp=0 dist_wp=2.71 bearing_deg=-0.74 speed=-0.110 pos=(40.343,0.003,-17.860) bounded=true
tick=4770 phase=reverse reason=insufficient_actual_progress wp=0 dist_wp=3.12 bearing_deg=-0.64 speed=-0.212 pos=(40.094,0.003,-17.530) bounded=true
tick=4800 phase=turn_recovery reason=reverse_complete wp=0 dist_wp=3.35 bearing_deg=11.36 speed=0.000 pos=(39.957,0.004,-17.348) bounded=true
tick=4830 phase=following reason=path_ready wp=0 dist_wp=3.35 bearing_deg=20.23 speed=0.000 pos=(39.957,0.001,-17.348) bounded=true
tick=4860 phase=following reason=path_ready wp=0 dist_wp=3.32 bearing_deg=9.83 speed=0.025 pos=(39.974,0.001,-17.363) bounded=true
tick=4890 phase=following reason=path_ready wp=0 dist_wp=3.23 bearing_deg=4.89 speed=0.050 pos=(40.043,0.001,-17.433) bounded=true
tick=4920 phase=following reason=path_ready wp=0 dist_wp=3.08 bearing_deg=2.48 speed=0.066 pos=(40.141,0.001,-17.548) bounded=true
tick=4950 phase=following reason=path_ready wp=0 dist_wp=2.90 bearing_deg=1.27 speed=0.069 pos=(40.251,0.001,-17.684) bounded=true
tick=4980 phase=following reason=path_ready wp=0 dist_wp=2.74 bearing_deg=0.79 speed=0.058 pos=(40.351,0.001,-17.812) bounded=true
tick=5010 phase=following reason=path_ready wp=0 dist_wp=2.62 bearing_deg=0.79 speed=0.034 pos=(40.423,0.001,-17.905) bounded=true
tick=5040 phase=following reason=path_ready wp=0 dist_wp=2.58 bearing_deg=0.79 speed=0.002 pos=(40.448,0.002,-17.937) bounded=true
tick=5070 phase=following reason=path_ready wp=0 dist_wp=2.58 bearing_deg=0.79 speed=0.000 pos=(40.448,0.000,-17.937) bounded=true
tick=5100 phase=following reason=path_ready wp=0 dist_wp=2.58 bearing_deg=0.79 speed=0.000 pos=(40.448,0.000,-17.937) bounded=true
tick=5130 phase=reverse reason=insufficient_actual_progress wp=0 dist_wp=2.59 bearing_deg=0.79 speed=-0.017 pos=(40.446,0.001,-17.934) bounded=true
tick=5160 phase=reverse reason=insufficient_actual_progress wp=0 dist_wp=2.76 bearing_deg=0.74 speed=-0.120 pos=(40.337,0.003,-17.793) bounded=true
tick=5190 phase=reverse reason=insufficient_actual_progress wp=0 dist_wp=3.20 bearing_deg=0.64 speed=-0.222 pos=(40.068,0.003,-17.445) bounded=true
tick=5220 phase=turn_recovery reason=reverse_complete wp=0 dist_wp=3.38 bearing_deg=-13.15 speed=0.000 pos=(39.963,0.002,-17.309) bounded=true
tick=5250 phase=following reason=path_ready wp=0 dist_wp=3.38 bearing_deg=-18.79 speed=0.000 pos=(39.963,0.000,-17.309) bounded=true
tick=5280 phase=following reason=path_ready wp=0 dist_wp=3.34 bearing_deg=-9.16 speed=0.030 pos=(39.977,0.001,-17.338) bounded=true
tick=5310 phase=following reason=path_ready wp=0 dist_wp=3.23 bearing_deg=-4.57 speed=0.056 pos=(40.035,0.001,-17.433) bounded=true
tick=5340 phase=following reason=path_ready wp=0 dist_wp=3.07 bearing_deg=-2.33 speed=0.072 pos=(40.128,0.001,-17.569) bounded=true
tick=5370 phase=following reason=path_ready wp=0 dist_wp=2.88 bearing_deg=-1.20 speed=0.073 pos=(40.238,0.001,-17.721) bounded=true
tick=5400 phase=following reason=path_ready wp=0 dist_wp=2.71 bearing_deg=-0.78 speed=0.060 pos=(40.341,0.001,-17.858) bounded=true
tick=5430 phase=following reason=path_ready wp=0 dist_wp=2.59 bearing_deg=-0.80 speed=0.033 pos=(40.412,0.001,-17.952) bounded=true
tick=5460 phase=following reason=path_ready wp=0 dist_wp=2.56 bearing_deg=-0.79 speed=0.000 pos=(40.434,0.002,-17.981) bounded=true
tick=5490 phase=following reason=path_ready wp=0 dist_wp=2.56 bearing_deg=-0.79 speed=0.000 pos=(40.434,0.001,-17.981) bounded=true
tick=5520 phase=following reason=path_ready wp=0 dist_wp=2.56 bearing_deg=-0.79 speed=0.000 pos=(40.434,0.001,-17.981) bounded=true
