tick=0 phase=following reason=path_ready wp=1 dist_wp=13.42 bearing_deg=-26.57 speed=0.000 pos=(-27.000,0.004,-116.000) bounded=true
tick=30 phase=following reason=path_ready wp=1 dist_wp=13.24 bearing_deg=-11.42 speed=0.265 pos=(-27.044,0.008,-115.819) bounded=true
tick=60 phase=following reason=path_ready wp=1 dist_wp=11.86 bearing_deg=-5.33 speed=0.770 pos=(-27.516,0.013,-114.512) bounded=true
tick=90 phase=following reason=path_ready wp=1 dist_wp=9.24 bearing_deg=-2.92 speed=1.200 pos=(-28.594,0.011,-112.120) bounded=true
tick=120 phase=following reason=path_ready wp=1 dist_wp=5.66 bearing_deg=-2.06 speed=1.497 pos=(-30.205,0.008,-108.917) bounded=true
tick=150 phase=following reason=path_ready wp=1 dist_wp=1.57 bearing_deg=-3.21 speed=1.563 pos=(-32.152,0.003,-105.325) bounded=true
tick=180 phase=following reason=path_ready wp=1 dist_wp=0.90 bearing_deg=-171.76 speed=0.724 pos=(-33.514,0.014,-103.266) bounded=true
tick=210 phase=following reason=path_ready wp=1 dist_wp=2.56 bearing_deg=-162.79 speed=0.583 pos=(-34.883,0.005,-102.264) bounded=true
tick=240 phase=following reason=path_ready wp=1 dist_wp=3.79 bearing_deg=-150.72 speed=0.444 pos=(-36.170,0.004,-101.923) bounded=true
tick=270 phase=following reason=path_ready wp=1 dist_wp=4.58 bearing_deg=-136.90 speed=0.308 pos=(-37.138,0.004,-102.034) bounded=true
tick=300 phase=following reason=path_ready wp=1 dist_wp=4.98 bearing_deg=-120.89 speed=0.174 pos=(-37.688,0.004,-102.326) bounded=true
tick=330 phase=following reason=path_ready wp=1 dist_wp=5.09 bearing_deg=-101.86 speed=0.041 pos=(-37.870,0.004,-102.531) bounded=true
tick=360 phase=following reason=path_ready wp=1 dist_wp=5.09 bearing_deg=-80.01 speed=0.000 pos=(-37.876,0.002,-102.543) bounded=true
tick=390 phase=following reason=path_ready wp=1 dist_wp=5.09 bearing_deg=-58.01 speed=0.000 pos=(-37.876,0.000,-102.543) bounded=true
tick=420 phase=following reason=path_ready wp=1 dist_wp=5.09 bearing_deg=-36.01 speed=0.000 pos=(-37.876,0.000,-102.543) bounded=true
tick=450 phase=following reason=path_ready wp=1 dist_wp=5.09 bearing_deg=-16.01 speed=0.018 pos=(-37.874,0.001,-102.544) bounded=true
tick=480 phase=following reason=path_ready wp=1 dist_wp=4.81 bearing_deg=-6.97 speed=0.189 pos=(-37.620,0.005,-102.667) bounded=true
tick=510 phase=following reason=path_ready wp=1 dist_wp=4.11 bearing_deg=-3.37 speed=0.330 pos=(-36.967,0.004,-102.909) bounded=true
tick=540 phase=following reason=path_ready wp=1 dist_wp=3.12 bearing_deg=-1.84 speed=0.411 pos=(-36.022,0.003,-103.206) bounded=true
tick=570 phase=following reason=path_ready wp=1 dist_wp=2.04 bearing_deg=-1.18 speed=0.400 pos=(-34.978,0.001,-103.503) bounded=true
tick=600 phase=following reason=path_ready wp=2 dist_wp=19.40 bearing_deg=135.61 speed=0.278 pos=(-34.125,0.003,-103.771) bounded=true
tick=630 phase=following reason=path_ready wp=2 dist_wp=19.72 bearing_deg=115.10 speed=0.144 pos=(-33.685,0.004,-104.088) bounded=true
tick=660 phase=following reason=path_ready wp=2 dist_wp=19.78 bearing_deg=93.71 speed=0.010 pos=(-33.574,0.004,-104.249) bounded=true
tick=690 phase=following reason=path_ready wp=2 dist_wp=19.78 bearing_deg=71.71 speed=0.000 pos=(-33.574,0.001,-104.249) bounded=true
tick=720 phase=following reason=path_ready wp=2 dist_wp=19.78 bearing_deg=49.71 speed=0.000 pos=(-33.574,0.001,-104.249) bounded=true
tick=750 phase=following reason=path_ready wp=2 dist_wp=19.78 bearing_deg=27.71 speed=0.000 pos=(-33.574,0.001,-104.249) bounded=true
tick=780 phase=following reason=path_ready wp=2 dist_wp=19.54 bearing_deg=11.61 speed=0.360 pos=(-33.792,0.010,-104.376) bounded=true
tick=810 phase=following reason=path_ready wp=2 dist_wp=17.66 bearing_deg=5.42 speed=1.050 pos=(-35.521,0.017,-105.136) bounded=true
tick=840 phase=following reason=path_ready wp=2 dist_wp=14.08 bearing_deg=2.95 speed=1.654 pos=(-38.912,0.015,-106.328) bounded=true
tick=870 phase=following reason=path_ready wp=2 dist_wp=9.08 bearing_deg=2.02 speed=2.111 pos=(-43.690,0.012,-107.784) bounded=true
tick=900 phase=following reason=path_ready wp=2 dist_wp=3.19 bearing_deg=2.57 speed=2.329 pos=(-49.379,0.007,-109.340) bounded=true
tick=930 phase=following reason=path_ready wp=2 dist_wp=1.64 bearing_deg=172.72 speed=1.447 pos=(-54.113,0.019,-110.281) bounded=true
tick=960 phase=following reason=path_ready wp=2 dist_wp=5.13 bearing_deg=164.19 speed=1.277 pos=(-57.622,0.006,-109.801) bounded=true
tick=990 phase=following reason=path_ready wp=2 dist_wp=8.03 bearing_deg=153.21 speed=1.115 pos=(-60.353,0.005,-108.314) bounded=true
tick=1020 phase=following reason=path_ready wp=2 dist_wp=10.31 bearing_deg=141.33 speed=0.961 pos=(-62.106,0.004,-106.263) bounded=true
tick=1050 phase=following reason=path_ready wp=2 dist_wp=11.94 bearing_deg=128.58 speed=0.812 pos=(-62.873,0.004,-104.093) bounded=true
tick=1080 phase=following reason=path_ready wp=2 dist_wp=12.95 bearing_deg=114.81 speed=0.668 pos=(-62.815,0.004,-102.173) bounded=true
tick=1110 phase=following reason=path_ready wp=2 dist_wp=13.41 bearing_deg=99.81 speed=0.528 pos=(-62.209,0.004,-100.745) bounded=true
tick=1140 phase=following reason=path_ready wp=2 dist_wp=13.45 bearing_deg=83.32 speed=0.390 pos=(-61.376,0.004,-99.896) bounded=true
tick=1170 phase=following reason=path_ready wp=2 dist_wp=13.23 bearing_deg=65.09 speed=0.255 pos=(-60.614,0.004,-99.554) bounded=true
tick=1200 phase=following reason=path_ready wp=2 dist_wp=12.96 bearing_deg=45.03 speed=0.122 pos=(-60.130,0.004,-99.529) bounded=true
tick=1230 phase=following reason=path_ready wp=2 dist_wp=12.85 bearing_deg=23.49 speed=0.000 pos=(-59.996,0.004,-99.567) bounded=true
tick=1260 phase=following reason=path_ready wp=2 dist_wp=12.51 bearing_deg=9.93 speed=0.357 pos=(-59.743,0.009,-99.799) bounded=true
tick=1290 phase=following reason=path_ready wp=2 dist_wp=10.93 bearing_deg=4.77 speed=0.832 pos=(-58.690,0.012,-100.994) bounded=true
tick=1320 phase=following reason=path_ready wp=2 dist_wp=8.20 bearing_deg=2.71 speed=1.223 pos=(-57.027,0.010,-103.166) bounded=true
tick=1350 phase=following reason=path_ready wp=2 dist_wp=4.62 bearing_deg=2.08 speed=1.470 pos=(-54.965,0.007,-106.094) bounded=true
tick=1380 phase=following reason=path_ready wp=2 dist_wp=0.83 bearing_deg=4.96 speed=1.111 pos=(-52.880,0.007,-109.260) bounded=true
tick=1410 phase=following reason=path_ready wp=2 dist_wp=0.87 bearing_deg=170.42 speed=0.524 pos=(-52.136,0.011,-110.790) bounded=true
tick=1440 phase=following reason=path_ready wp=2 dist_wp=2.02 bearing_deg=160.51 speed=0.387 pos=(-52.041,0.004,-111.969) bounded=true
tick=1470 phase=following reason=path_ready wp=2 dist_wp=2.77 bearing_deg=147.38 speed=0.252 pos=(-52.279,0.004,-112.761) bounded=true
tick=1500 phase=following reason=path_ready wp=2 dist_wp=3.14 bearing_deg=131.45 speed=0.118 pos=(-52.573,0.004,-113.138) bounded=true
tick=1530 phase=following reason=path_ready wp=2 dist_wp=3.22 bearing_deg=111.42 speed=0.000 pos=(-52.682,0.004,-113.211) bounded=true
tick=1560 phase=following reason=path_ready wp=2 dist_wp=3.22 bearing_deg=89.42 speed=0.000 pos=(-52.682,0.001,-113.212) bounded=true
tick=1590 phase=following reason=path_ready wp=2 dist_wp=3.22 bearing_deg=67.42 speed=0.000 pos=(-52.682,0.001,-113.213) bounded=true
tick=1620 phase=following reason=path_ready wp=2 dist_wp=3.22 bearing_deg=45.42 speed=0.000 pos=(-52.682,0.001,-113.213) bounded=true
tick=1650 phase=following reason=path_ready wp=2 dist_wp=3.22 bearing_deg=23.44 speed=0.000 pos=(-52.682,0.001,-113.214) bounded=true
tick=1680 phase=following reason=path_ready wp=2 dist_wp=3.19 bearing_deg=9.69 speed=0.033 pos=(-52.686,0.002,-113.186) bounded=true
tick=1710 phase=following reason=path_ready wp=2 dist_wp=3.05 bearing_deg=4.16 speed=0.073 pos=(-52.693,0.002,-113.043) bounded=true
tick=1740 phase=following reason=path_ready wp=2 dist_wp=2.82 bearing_deg=1.84 speed=0.097 pos=(-52.688,0.002,-112.815) bounded=true
tick=1770 phase=following reason=path_ready wp=2 dist_wp=2.56 bearing_deg=0.83 speed=0.098 pos=(-52.676,0.001,-112.554) bounded=true
tick=1800 phase=following reason=path_ready wp=2 dist_wp=2.33 bearing_deg=0.80 speed=0.073 pos=(-52.663,0.001,-112.327) bounded=true
tick=1830 phase=following reason=path_ready wp=2 dist_wp=2.20 bearing_deg=0.79 speed=0.027 pos=(-52.655,0.002,-112.195) bounded=true
tick=1860 phase=following reason=path_ready wp=2 dist_wp=2.19 bearing_deg=0.80 speed=0.000 pos=(-52.655,0.001,-112.181) bounded=true
tick=1890 phase=following reason=path_ready wp=2 dist_wp=2.19 bearing_deg=0.80 speed=0.000 pos=(-52.655,0.001,-112.182) bounded=true
tick=1920 phase=reverse reason=insufficient_actual_progress wp=2 dist_wp=2.38 bearing_deg=0.73 speed=-0.191 pos=(-52.665,0.005,-112.374) bounded=true
tick=1950 phase=reverse reason=insufficient_actual_progress wp=2 dist_wp=3.23 bearing_deg=0.53 speed=-0.449 pos=(-52.713,0.007,-113.226) bounded=true
tick=1980 phase=turn_recovery reason=reverse_complete wp=2 dist_wp=4.45 bearing_deg=-6.33 speed=-0.072 pos=(-52.796,0.010,-114.441) bounded=true
tick=2010 phase=turn_recovery reason=reverse_complete wp=2 dist_wp=4.45 bearing_deg=-28.31 speed=0.000 pos=(-52.796,0.004,-114.443) bounded=true
tick=2040 phase=following reason=path_ready wp=1 dist_wp=19.27 bearing_deg=-107.69 speed=0.000 pos=(-52.796,0.001,-114.444) bounded=true
tick=2070 phase=following reason=path_ready wp=1 dist_wp=19.27 bearing_deg=-85.69 speed=0.000 pos=(-52.796,0.000,-114.444) bounded=true
tick=2100 phase=following reason=path_ready wp=1 dist_wp=19.27 bearing_deg=-63.69 speed=0.000 pos=(-52.796,0.000,-114.445) bounded=true
tick=2130 phase=following reason=path_ready wp=1 dist_wp=19.27 bearing_deg=-41.68 speed=0.000 pos=(-52.796,0.000,-114.446) bounded=true
tick=2160 phase=following reason=path_ready wp=1 dist_wp=19.27 bearing_deg=-20.15 speed=0.000 pos=(-52.796,0.000,-114.446) bounded=true
tick=2190 phase=following reason=path_ready wp=1 dist_wp=18.56 bearing_deg=-8.65 speed=0.607 pos=(-53.511,0.014,-114.370) bounded=true
tick=2220 phase=following reason=path_ready wp=1 dist_wp=16.08 bearing_deg=-4.25 speed=1.259 pos=(-56.001,0.016,-114.358) bounded=true
tick=2250 phase=following reason=path_ready wp=1 dist_wp=12.02 bearing_deg=-2.48 speed=1.804 pos=(-60.063,0.014,-114.587) bounded=true
tick=2280 phase=following reason=path_ready wp=1 dist_wp=6.74 bearing_deg=-1.96 speed=2.185 pos=(-65.325,0.010,-115.070) bounded=true
tick=2310 phase=following reason=path_ready wp=1 dist_wp=0.85 bearing_deg=-6.84 speed=1.998 pos=(-71.178,0.004,-115.780) bounded=true
tick=2340 phase=following reason=path_ready wp=1 dist_wp=3.25 bearing_deg=-170.23 speed=1.496 pos=(-75.104,0.009,-116.966) bounded=true
tick=2370 phase=following reason=path_ready wp=1 dist_wp=6.98 bearing_deg=-160.65 speed=1.439 pos=(-78.144,0.003,-119.311) bounded=true
tick=2400 phase=following reason=path_ready wp=1 dist_wp=10.24 bearing_deg=-149.98 speed=1.297 pos=(-80.034,0.004,-122.355) bounded=true
tick=2430 phase=following reason=path_ready wp=1 dist_wp=12.81 bearing_deg=-138.36 speed=1.134 pos=(-80.644,0.005,-125.456) bounded=true
tick=2460 phase=following reason=path_ready wp=1 dist_wp=14.66 bearing_deg=-125.88 speed=0.979 pos=(-80.177,0.004,-128.162) bounded=true
tick=2490 phase=following reason=path_ready wp=1 dist_wp=15.80 bearing_deg=-112.46 speed=0.829 pos=(-78.973,0.004,-130.179) bounded=true
tick=2520 phase=following reason=path_ready wp=1 dist_wp=16.32 bearing_deg=-97.96 speed=0.685 pos=(-77.423,0.004,-131.390) bounded=true
tick=2550 phase=following reason=path_ready wp=1 dist_wp=16.32 bearing_deg=-82.15 speed=0.544 pos=(-75.894,0.004,-131.849) bounded=true
tick=2580 phase=following reason=path_ready wp=1 dist_wp=15.97 bearing_deg=-64.80 speed=0.407 pos=(-74.665,0.004,-131.749) bounded=true
tick=2610 phase=following reason=path_ready wp=1 dist_wp=15.48 bearing_deg=-45.77 speed=0.271 pos=(-73.876,0.004,-131.364) bounded=true
tick=2640 phase=following reason=path_ready wp=1 dist_wp=15.05 bearing_deg=-25.14 speed=0.137 pos=(-73.518,0.004,-130.977) bounded=true
tick=2670 phase=following reason=path_ready wp=1 dist_wp=14.54 bearing_deg=-10.75 speed=0.430 pos=(-73.334,0.008,-130.477) bounded=true
tick=2700 phase=following reason=path_ready wp=1 dist_wp=12.68 bearing_deg=-5.19 speed=0.969 pos=(-72.950,0.013,-128.645) bounded=true
tick=2730 phase=following reason=path_ready wp=1 dist_wp=9.51 bearing_deg=-2.98 speed=1.417 pos=(-72.535,0.012,-125.499) bounded=true
tick=2760 phase=following reason=path_ready wp=1 dist_wp=5.36 bearing_deg=-2.30 speed=1.711 pos=(-72.170,0.008,-121.360) bounded=true
tick=2790 phase=following reason=path_ready wp=1 dist_wp=0.84 bearing_deg=-6.39 speed=1.466 pos=(-71.930,0.005,-116.842) bounded=true
tick=2820 phase=following reason=path_ready wp=1 dist_wp=2.21 bearing_deg=-170.56 speed=1.132 pos=(-72.283,0.007,-113.813) bounded=true
tick=2850 phase=following reason=path_ready wp=1 dist_wp=5.15 bearing_deg=-161.43 speed=1.187 pos=(-73.689,0.002,-111.134) bounded=true
tick=2880 phase=following reason=path_ready wp=1 dist_wp=8.06 bearing_deg=-151.71 speed=1.240 pos=(-76.063,0.002,-109.039) bounded=true
tick=2910 phase=following reason=path_ready wp=1 dist_wp=10.82 bearing_deg=-141.99 speed=1.290 pos=(-79.152,0.002,-107.877) bounded=true
tick=2940 phase=following reason=path_ready wp=1 dist_wp=13.33 bearing_deg=-132.39 speed=1.338 pos=(-82.579,0.002,-107.886) bounded=true
tick=2970 phase=following reason=path_ready wp=1 dist_wp=15.47 bearing_deg=-122.79 speed=1.335 pos=(-85.859,0.001,-109.134) bounded=true
tick=3000 phase=following reason=path_ready wp=1 dist_wp=17.03 bearing_deg=-112.57 speed=1.236 pos=(-88.383,0.003,-111.363) bounded=true
tick=3030 phase=following reason=path_ready wp=1 dist_wp=17.90 bearing_deg=-101.12 speed=1.076 pos=(-89.786,0.004,-114.020) bounded=true
tick=3060 phase=following reason=path_ready wp=1 dist_wp=18.11 bearing_deg=-88.32 speed=0.923 pos=(-90.097,0.004,-116.599) bounded=true
tick=3090 phase=following reason=path_ready wp=1 dist_wp=17.77 bearing_deg=-74.09 speed=0.776 pos=(-89.556,0.004,-118.738) bounded=true
tick=3120 phase=following reason=path_ready wp=1 dist_wp=17.03 bearing_deg=-58.27 speed=0.633 pos=(-88.496,0.004,-120.228) bounded=true
tick=3150 phase=following reason=path_ready wp=1 dist_wp=16.08 bearing_deg=-40.65 speed=0.493 pos=(-87.275,0.004,-121.029) bounded=true
tick=3180 phase=following reason=path_ready wp=1 dist_wp=15.14 bearing_deg=-21.40 speed=0.356 pos=(-86.198,0.004,-121.255) bounded=true
tick=3210 phase=following reason=path_ready wp=1 dist_wp=13.86 bearing_deg=-9.77 speed=0.757 pos=(-84.893,0.010,-121.086) bounded=true
tick=3240 phase=following reason=path_ready wp=1 dist_wp=11.20 bearing_deg=-5.16 speed=1.256 pos=(-82.309,0.013,-120.371) bounded=true
tick=3270 phase=following reason=path_ready wp=1 dist_wp=7.37 bearing_deg=-3.40 speed=1.641 pos=(-78.699,0.010,-119.072) bounded=true
tick=3300 phase=following reason=path_ready wp=1 dist_wp=2.68 bearing_deg=-4.11 speed=1.896 pos=(-74.363,0.007,-117.261) bounded=true
tick=3330 phase=following reason=path_ready wp=1 dist_wp=1.36 bearing_deg=-171.37 speed=1.353 pos=(-70.805,0.011,-115.356) bounded=true
tick=3360 phase=following reason=path_ready wp=1 dist_wp=4.83 bearing_deg=-164.66 speed=1.359 pos=(-68.424,0.002,-112.747) bounded=true
tick=3390 phase=following reason=path_ready wp=1 dist_wp=8.17 bearing_deg=-154.93 speed=1.361 pos=(-67.115,0.001,-109.453) bounded=true
tick=3420 phase=following reason=path_ready wp=1 dist_wp=11.20 bearing_deg=-144.71 speed=1.322 pos=(-67.054,0.002,-105.956) bounded=true
tick=3450 phase=following reason=path_ready wp=1 dist_wp=13.81 bearing_deg=-134.27 speed=1.320 pos=(-68.218,0.001,-102.723) bounded=true
tick=3480 phase=following reason=path_ready wp=1 dist_wp=15.99 bearing_deg=-123.97 speed=1.352 pos=(-70.477,0.002,-100.086) bounded=true
tick=3510 phase=following reason=path_ready wp=1 dist_wp=17.71 bearing_deg=-113.99 speed=1.397 pos=(-73.623,0.002,-98.366) bounded=true
tick=3540 phase=following reason=path_ready wp=1 dist_wp=18.89 bearing_deg=-104.21 speed=1.395 pos=(-77.254,0.001,-97.852) bounded=true
tick=3570 phase=following reason=path_ready wp=1 dist_wp=19.44 bearing_deg=-94.06 speed=1.343 pos=(-80.737,0.002,-98.629) bounded=true
tick=3600 phase=following reason=path_ready wp=1 dist_wp=19.35 bearing_deg=-83.53 speed=1.326 pos=(-83.624,0.001,-100.527) bounded=true
tick=3630 phase=following reason=path_ready wp=1 dist_wp=18.62 bearing_deg=-73.21 speed=1.372 pos=(-85.685,0.002,-103.380) bounded=true
tick=3660 phase=following reason=path_ready wp=1 dist_wp=17.24 bearing_deg=-63.26 speed=1.395 pos=(-86.633,0.001,-106.876) bounded=true
tick=3690 phase=following reason=path_ready wp=1 dist_wp=15.35 bearing_deg=-53.22 speed=1.321 pos=(-86.298,0.003,-110.429) bounded=true
tick=3720 phase=following reason=path_ready wp=1 dist_wp=13.13 bearing_deg=-42.12 speed=1.181 pos=(-84.864,0.004,-113.365) bounded=true
tick=3750 phase=following reason=path_ready wp=1 dist_wp=10.79 bearing_deg=-29.15 speed=1.023 pos=(-82.773,0.004,-115.324) bounded=true
tick=3780 phase=following reason=path_ready wp=1 dist_wp=8.45 bearing_deg=-16.36 speed=0.973 pos=(-80.449,0.003,-116.295) bounded=true
tick=3810 phase=following reason=path_ready wp=1 dist_wp=5.48 bearing_deg=-10.88 speed=1.338 pos=(-77.437,0.009,-116.718) bounded=true
tick=3840 phase=following reason=path_ready wp=1 dist_wp=1.70 bearing_deg=-15.50 speed=1.552 pos=(-73.579,0.006,-116.623) bounded=true
tick=3870 phase=following reason=path_ready wp=1 dist_wp=2.08 bearing_deg=-165.10 speed=1.414 pos=(-69.956,0.002,-115.617) bounded=true
tick=3900 phase=following reason=path_ready wp=1 dist_wp=5.60 bearing_deg=-160.75 speed=1.378 pos=(-67.004,0.002,-113.460) bounded=true
tick=3930 phase=following reason=path_ready wp=1 dist_wp=8.80 bearing_deg=-151.37 speed=1.281 pos=(-65.094,0.003,-110.546) bounded=true
tick=3960 phase=following reason=path_ready wp=1 dist_wp=11.42 bearing_deg=-140.55 speed=1.133 pos=(-64.411,0.004,-107.471) bounded=true
tick=3990 phase=following reason=path_ready wp=1 dist_wp=13.34 bearing_deg=-128.61 speed=0.979 pos=(-64.810,0.004,-104.758) bounded=true
tick=4020 phase=following reason=path_ready wp=1 dist_wp=14.63 bearing_deg=-115.85 speed=0.872 pos=(-65.994,0.003,-102.664) bounded=true
tick=4050 phase=following reason=path_ready wp=1 dist_wp=15.35 bearing_deg=-102.67 speed=0.839 pos=(-67.711,0.002,-101.264) bounded=true
tick=4080 phase=following reason=path_ready wp=1 dist_wp=15.57 bearing_deg=-89.57 speed=0.863 pos=(-69.800,0.001,-100.590) bounded=true
tick=4110 phase=following reason=path_ready wp=1 dist_wp=15.27 bearing_deg=-77.04 speed=0.929 pos=(-72.134,0.002,-100.727) bounded=true
tick=4140 phase=following reason=path_ready wp=1 dist_wp=14.44 bearing_deg=-65.08 speed=0.992 pos=(-74.415,0.002,-101.766) bounded=true
tick=4170 phase=following reason=path_ready wp=1 dist_wp=13.05 bearing_deg=-53.59 speed=1.053 pos=(-76.286,0.002,-103.671) bounded=true
tick=4200 phase=following reason=path_ready wp=1 dist_wp=11.14 bearing_deg=-42.51 speed=1.112 pos=(-77.412,0.002,-106.263) bounded=true
tick=4230 phase=following reason=path_ready wp=1 dist_wp=8.75 bearing_deg=-31.86 speed=1.168 pos=(-77.544,0.002,-109.236) bounded=true
tick=4260 phase=following reason=path_ready wp=1 dist_wp=5.94 bearing_deg=-22.22 speed=1.222 pos=(-76.564,0.002,-112.197) bounded=true
tick=4290 phase=following reason=path_ready wp=1 dist_wp=2.86 bearing_deg=-20.47 speed=1.279 pos=(-74.599,0.002,-114.810) bounded=true
tick=4320 phase=following reason=path_ready wp=1 dist_wp=0.73 bearing_deg=-124.78 speed=1.254 pos=(-71.877,0.001,-116.724) bounded=true
tick=4350 phase=following reason=path_ready wp=1 dist_wp=3.51 bearing_deg=-158.72 speed=1.143 pos=(-68.837,0.003,-117.511) bounded=true
tick=4380 phase=following reason=path_ready wp=1 dist_wp=6.04 bearing_deg=-151.73 speed=0.988 pos=(-66.084,0.004,-117.207) bounded=true
tick=4410 phase=following reason=path_ready wp=1 dist_wp=8.02 bearing_deg=-141.29 speed=0.838 pos=(-63.978,0.004,-116.119) bounded=true
tick=4440 phase=following reason=path_ready wp=1 dist_wp=9.44 bearing_deg=-129.20 speed=0.693 pos=(-62.660,0.004,-114.631) bounded=true
tick=4470 phase=following reason=path_ready wp=1 dist_wp=10.31 bearing_deg=-115.70 speed=0.552 pos=(-62.102,0.004,-113.115) bounded=true
tick=4500 phase=following reason=path_ready wp=1 dist_wp=10.71 bearing_deg=-100.65 speed=0.415 pos=(-62.127,0.004,-111.863) bounded=true
tick=4530 phase=following reason=path_ready wp=1 dist_wp=10.75 bearing_deg=-83.76 speed=0.279 pos=(-62.471,0.004,-111.035) bounded=true
tick=4560 phase=following reason=path_ready wp=1 dist_wp=10.60 bearing_deg=-64.80 speed=0.145 pos=(-62.849,0.004,-110.642) bounded=true
tick=4590 phase=following reason=path_ready wp=1 dist_wp=10.50 bearing_deg=-43.78 speed=0.012 pos=(-63.027,0.004,-110.554) bounded=true
tick=4620 phase=following reason=path_ready wp=1 dist_wp=10.50 bearing_deg=-21.93 speed=0.000 pos=(-63.027,0.001,-110.555) bounded=true
tick=4650 phase=following reason=path_ready wp=1 dist_wp=10.16 bearing_deg=-9.32 speed=0.325 pos=(-63.349,0.008,-110.673) bounded=true
tick=4680 phase=following reason=path_ready wp=1 dist_wp=8.77 bearing_deg=-4.52 speed=0.731 pos=(-64.610,0.011,-111.287) bounded=true
tick=4710 phase=following reason=path_ready wp=1 dist_wp=6.32 bearing_deg=-2.66 speed=1.115 pos=(-66.734,0.010,-112.503) bounded=true
tick=4740 phase=following reason=path_ready wp=1 dist_wp=2.96 bearing_deg=-2.44 speed=1.412 pos=(-69.582,0.008,-114.285) bounded=true
tick=4770 phase=following reason=path_ready wp=1 dist_wp=0.09 bearing_deg=-140.61 speed=0.732 pos=(-72.092,0.018,-116.002) bounded=true
tick=4800 phase=following reason=path_ready wp=1 dist_wp=2.00 bearing_deg=-167.75 speed=0.744 pos=(-73.333,0.003,-117.490) bounded=true
tick=4830 phase=following reason=path_ready wp=1 dist_wp=3.76 bearing_deg=-157.42 speed=0.656 pos=(-73.924,0.003,-119.225) bounded=true
tick=4860 phase=following reason=path_ready wp=1 dist_wp=5.15 bearing_deg=-145.70 speed=0.558 pos=(-73.854,0.003,-120.801) bounded=true
tick=4890 phase=following reason=path_ready wp=1 dist_wp=6.14 bearing_deg=-132.80 speed=0.436 pos=(-73.327,0.004,-121.993) bounded=true
tick=4920 phase=following reason=path_ready wp=1 dist_wp=6.70 bearing_deg=-118.06 speed=0.300 pos=(-72.651,0.004,-122.664) bounded=true
tick=4950 phase=following reason=path_ready wp=1 dist_wp=6.90 bearing_deg=-101.04 speed=0.166 pos=(-72.099,0.004,-122.904) bounded=true
tick=4980 phase=following reason=path_ready wp=1 dist_wp=6.92 bearing_deg=-81.23 speed=0.033 pos=(-71.846,0.004,-122.918) bounded=true
tick=5010 phase=following reason=path_ready wp=1 dist_wp=6.92 bearing_deg=-59.30 speed=0.000 pos=(-71.838,0.001,-122.916) bounded=true
tick=5040 phase=following reason=path_ready wp=1 dist_wp=6.92 bearing_deg=-37.30 speed=0.000 pos=(-71.838,0.000,-122.916) bounded=true
tick=5070 phase=following reason=path_ready wp=1 dist_wp=6.92 bearing_deg=-16.87 speed=0.018 pos=(-71.838,0.001,-122.915) bounded=true
tick=5100 phase=following reason=path_ready wp=1 dist_wp=6.51 bearing_deg=-7.39 speed=0.287 pos=(-71.778,0.007,-122.504) bounded=true
tick=5130 phase=following reason=path_ready wp=1 dist_wp=5.44 bearing_deg=-3.68 speed=0.516 pos=(-71.730,0.006,-121.431) bounded=true
tick=5160 phase=following reason=path_ready wp=1 dist_wp=3.86 bearing_deg=-2.18 speed=0.668 pos=(-71.746,0.005,-119.851) bounded=true
tick=5190 phase=following reason=path_ready wp=1 dist_wp=2.02 bearing_deg=-1.75 speed=0.720 pos=(-71.825,0.002,-118.014) bounded=true
tick=5220 phase=following reason=path_ready wp=2 dist_wp=22.46 bearing_deg=2.82 speed=0.699 pos=(-71.923,0.001,-116.460) bounded=true
tick=5250 phase=following reason=path_ready wp=2 dist_wp=19.44 bearing_deg=1.45 speed=1.583 pos=(-72.025,0.020,-113.435) bounded=true
tick=5280 phase=following reason=path_ready wp=2 dist_wp=14.11 bearing_deg=0.96 speed=2.426 pos=(-72.099,0.021,-108.108) bounded=true
tick=5310 phase=following reason=path_ready wp=2 dist_wp=6.90 bearing_deg=0.92 speed=2.918 pos=(-72.118,0.013,-100.895) bounded=true
tick=5340 phase=following reason=path_ready wp=2 dist_wp=0.51 bearing_deg=173.66 speed=2.363 pos=(-72.025,0.013,-93.491) bounded=true
tick=5370 phase=following reason=path_ready wp=2 dist_wp=5.01 bearing_deg=167.64 speed=1.495 pos=(-71.018,0.018,-89.090) bounded=true
tick=5400 phase=following reason=path_ready wp=2 dist_wp=8.74 bearing_deg=157.13 speed=1.500 pos=(-68.814,0.002,-85.860) bounded=true
tick=5430 phase=following reason=path_ready wp=2 dist_wp=12.17 bearing_deg=146.67 speed=1.460 pos=(-65.640,0.002,-83.625) bounded=true
tick=5460 phase=following reason=path_ready wp=2 dist_wp=15.02 bearing_deg=135.69 speed=1.325 pos=(-62.108,0.004,-82.700) bounded=true
tick=5490 phase=following reason=path_ready wp=2 dist_wp=17.09 bearing_deg=123.77 speed=1.162 pos=(-58.892,0.005,-83.040) bounded=true
tick=5520 phase=following reason=path_ready wp=2 dist_wp=17.39 bearing_deg=104.52 speed=1.005 pos=(-58.328,0.004,-83.247) bounded=true
tick=5550 phase=following reason=path_ready wp=2 dist_wp=17.40 bearing_deg=83.48 speed=0.860 pos=(-58.444,0.004,-83.099) bounded=true
tick=5580 phase=following reason=path_ready wp=2 dist_wp=16.90 bearing_deg=66.72 speed=0.714 pos=(-58.046,0.004,-84.474) bounded=true
tick=5610 phase=following reason=path_ready wp=2 dist_wp=16.02 bearing_deg=50.29 speed=0.573 pos=(-58.035,0.004,-86.145) bounded=true
tick=5640 phase=following reason=path_ready wp=2 dist_wp=15.12 bearing_deg=29.74 speed=0.435 pos=(-58.698,0.004,-86.813) bounded=true
tick=5670 phase=following reason=path_ready wp=2 dist_wp=14.18 bearing_deg=12.79 speed=0.578 pos=(-59.537,0.005,-87.243) bounded=true
tick=5700 phase=following reason=path_ready wp=2 dist_wp=11.97 bearing_deg=6.43 speed=1.097 pos=(-61.337,0.013,-88.568) bounded=true
tick=5730 phase=following reason=path_ready wp=2 dist_wp=8.51 bearing_deg=3.90 speed=1.513 pos=(-64.307,0.011,-90.352) bounded=true
tick=5760 phase=following reason=path_ready wp=2 dist_wp=4.08 bearing_deg=3.56 speed=1.841 pos=(-68.235,0.009,-92.415) bounded=true
tick=5790 phase=following reason=path_ready wp=2 dist_wp=0.47 bearing_deg=163.54 speed=1.466 pos=(-72.388,0.011,-94.267) bounded=true
tick=5820 phase=following reason=path_ready wp=2 dist_wp=4.29 bearing_deg=167.21 speed=1.486 pos=(-76.224,0.002,-94.772) bounded=true
tick=5850 phase=following reason=path_ready wp=2 dist_wp=7.91 bearing_deg=157.51 speed=1.405 pos=(-79.912,0.003,-93.922) bounded=true
tick=5880 phase=following reason=path_ready wp=2 dist_wp=10.96 bearing_deg=146.62 speed=1.242 pos=(-82.784,0.004,-92.017) bounded=true
tick=5910 phase=following reason=path_ready wp=2 dist_wp=13.31 bearing_deg=134.78 speed=1.082 pos=(-84.544,0.005,-89.563) bounded=true
tick=5940 phase=following reason=path_ready wp=2 dist_wp=14.93 bearing_deg=122.05 speed=0.928 pos=(-85.207,0.004,-87.037) bounded=true
tick=5970 phase=following reason=path_ready wp=2 dist_wp=15.88 bearing_deg=108.35 speed=0.781 pos=(-84.960,0.004,-84.830) bounded=true
tick=6000 phase=following reason=path_ready wp=2 dist_wp=16.23 bearing_deg=93.48 speed=0.638 pos=(-84.107,0.004,-83.198) bounded=true
tick=6030 phase=following reason=path_ready wp=2 dist_wp=16.11 bearing_deg=77.22 speed=0.498 pos=(-82.997,0.004,-82.230) bounded=true
tick=6060 phase=following reason=path_ready wp=2 dist_wp=15.70 bearing_deg=59.37 speed=0.361 pos=(-81.948,0.004,-81.855) bounded=true
tick=6090 phase=following reason=path_ready wp=2 dist_wp=15.21 bearing_deg=39.81 speed=0.227 pos=(-81.188,0.004,-81.878) bounded=true
tick=6120 phase=following reason=path_ready wp=2 dist_wp=14.86 bearing_deg=19.41 speed=0.093 pos=(-80.809,0.004,-82.036) bounded=true
tick=6150 phase=following reason=path_ready wp=2 dist_wp=14.03 bearing_deg=8.52 speed=0.591 pos=(-80.191,0.011,-82.605) bounded=true
tick=6180 phase=following reason=path_ready wp=2 dist_wp=11.75 bearing_deg=4.32 speed=1.135 pos=(-78.689,0.014,-84.336) bounded=true
tick=6210 phase=following reason=path_ready wp=2 dist_wp=8.11 bearing_deg=2.72 speed=1.633 pos=(-76.476,0.013,-87.236) bounded=true
tick=6240 phase=following reason=path_ready wp=2 dist_wp=3.26 bearing_deg=2.98 speed=2.028 pos=(-73.683,0.011,-91.214) bounded=true
tick=6270 phase=following reason=path_ready wp=2 dist_wp=1.34 bearing_deg=172.54 speed=1.500 pos=(-71.320,0.012,-95.156) bounded=true
tick=6300 phase=following reason=path_ready wp=2 dist_wp=5.20 bearing_deg=165.47 speed=1.500 pos=(-70.479,0.002,-98.976) bounded=true
tick=6330 phase=following reason=path_ready wp=2 dist_wp=8.90 bearing_deg=155.66 speed=1.500 pos=(-71.034,0.001,-102.848) bounded=true
tick=6360 phase=following reason=path_ready wp=2 dist_wp=12.31 bearing_deg=145.57 speed=1.500 pos=(-72.915,0.001,-106.278) bounded=true
tick=6390 phase=following reason=path_ready wp=2 dist_wp=15.33 bearing_deg=135.40 speed=1.500 pos=(-75.881,0.001,-108.828) bounded=true
tick=6420 phase=following reason=path_ready wp=2 dist_wp=17.85 bearing_deg=125.19 speed=1.500 pos=(-79.554,0.001,-110.172) bounded=true
tick=6450 phase=following reason=path_ready wp=2 dist_wp=19.80 bearing_deg=114.96 speed=1.497 pos=(-83.464,0.001,-110.139) bounded=true
tick=6480 phase=following reason=path_ready wp=2 dist_wp=21.10 bearing_deg=104.62 speed=1.454 pos=(-87.084,0.002,-108.748) bounded=true
tick=6510 phase=following reason=path_ready wp=2 dist_wp=21.66 bearing_deg=93.59 speed=1.352 pos=(-89.806,0.003,-106.333) bounded=true
tick=6540 phase=following reason=path_ready wp=2 dist_wp=21.51 bearing_deg=81.78 speed=1.238 pos=(-91.376,0.004,-103.346) bounded=true
tick=6570 phase=following reason=path_ready wp=2 dist_wp=20.69 bearing_deg=69.47 speed=1.247 pos=(-91.758,0.001,-100.129) bounded=true
tick=6600 phase=following reason=path_ready wp=2 dist_wp=19.18 bearing_deg=57.09 speed=1.285 pos=(-90.955,0.002,-96.936) bounded=true
tick=6630 phase=following reason=path_ready wp=2 dist_wp=17.00 bearing_deg=44.69 speed=1.333 pos=(-89.001,0.002,-94.134) bounded=true
tick=6660 phase=following reason=path_ready wp=2 dist_wp=14.26 bearing_deg=31.76 speed=1.307 pos=(-86.143,0.001,-92.172) bounded=true
tick=6690 phase=following reason=path_ready wp=2 dist_wp=11.27 bearing_deg=18.46 speed=1.192 pos=(-82.965,0.003,-91.376) bounded=true
tick=6720 phase=following reason=path_ready wp=2 dist_wp=7.82 bearing_deg=11.56 speed=1.530 pos=(-79.415,0.008,-91.500) bounded=true
tick=6750 phase=following reason=path_ready wp=2 dist_wp=3.45 bearing_deg=11.56 speed=1.824 pos=(-75.065,0.008,-92.408) bounded=true
tick=6780 phase=following reason=path_ready wp=2 dist_wp=0.98 bearing_deg=153.38 speed=1.500 pos=(-71.024,0.008,-94.096) bounded=true
tick=6810 phase=following reason=path_ready wp=2 dist_wp=4.73 bearing_deg=162.85 speed=1.498 pos=(-68.158,0.002,-96.758) bounded=true
tick=6840 phase=following reason=path_ready wp=2 dist_wp=8.38 bearing_deg=154.78 speed=1.482 pos=(-66.417,0.001,-100.244) bounded=true
tick=6870 phase=following reason=path_ready wp=2 dist_wp=11.62 bearing_deg=145.00 speed=1.393 pos=(-66.023,0.003,-103.967) bounded=true
tick=6900 phase=following reason=path_ready wp=2 dist_wp=14.31 bearing_deg=134.42 speed=1.328 pos=(-66.916,0.002,-107.379) bounded=true
tick=6930 phase=following reason=path_ready wp=2 dist_wp=16.49 bearing_deg=123.76 speed=1.332 pos=(-68.930,0.001,-110.204) bounded=true
tick=6960 phase=following reason=path_ready wp=2 dist_wp=18.16 bearing_deg=113.34 speed=1.375 pos=(-71.864,0.002,-112.163) bounded=true
tick=6990 phase=following reason=path_ready wp=2 dist_wp=19.29 bearing_deg=103.29 speed=1.418 pos=(-75.415,0.002,-112.984) bounded=true
tick=7020 phase=following reason=path_ready wp=2 dist_wp=19.82 bearing_deg=93.56 speed=1.459 pos=(-79.135,0.002,-112.486) bounded=true
tick=7050 phase=following reason=path_ready wp=2 dist_wp=19.71 bearing_deg=84.15 speed=1.498 pos=(-82.533,0.002,-110.661) bounded=true
tick=7080 phase=following reason=path_ready wp=2 dist_wp=18.98 bearing_deg=74.97 speed=1.500 pos=(-85.110,0.001,-107.719) bounded=true
tick=7110 phase=following reason=path_ready wp=2 dist_wp=17.64 bearing_deg=65.92 speed=1.500 pos=(-86.489,0.001,-104.059) bounded=true
tick=7140 phase=following reason=path_ready wp=2 dist_wp=15.74 bearing_deg=57.12 speed=1.500 pos=(-86.492,0.001,-100.147) bounded=true
tick=7170 phase=following reason=path_ready wp=2 dist_wp=13.35 bearing_deg=48.80 speed=1.499 pos=(-85.121,0.001,-96.485) bounded=true
tick=7200 phase=following reason=path_ready wp=2 dist_wp=10.62 bearing_deg=41.09 speed=1.429 pos=(-82.608,0.002,-93.597) bounded=true
tick=7230 phase=following reason=path_ready wp=2 dist_wp=7.80 bearing_deg=33.66 speed=1.274 pos=(-79.514,0.004,-91.922) bounded=true
tick=7260 phase=following reason=path_ready wp=2 dist_wp=5.00 bearing_deg=27.39 speed=1.209 pos=(-76.325,0.003,-91.501) bounded=true
tick=7290 phase=following reason=path_ready wp=2 dist_wp=2.17 bearing_deg=31.01 speed=1.228 pos=(-73.260,0.001,-92.234) bounded=true
tick=7320 phase=following reason=path_ready wp=2 dist_wp=1.44 bearing_deg=138.78 speed=1.279 pos=(-70.559,0.002,-94.078) bounded=true
tick=7350 phase=following reason=path_ready wp=2 dist_wp=4.44 bearing_deg=155.17 speed=1.327 pos=(-68.614,0.002,-96.866) bounded=true
tick=7380 phase=following reason=path_ready wp=2 dist_wp=7.55 bearing_deg=150.02 speed=1.340 pos=(-67.758,0.001,-100.247) bounded=true
tick=7410 phase=following reason=path_ready wp=2 dist_wp=10.48 bearing_deg=141.97 speed=1.356 pos=(-68.159,0.001,-103.750) bounded=true
tick=7440 phase=following reason=path_ready wp=2 dist_wp=13.11 bearing_deg=133.09 speed=1.390 pos=(-69.796,0.002,-106.925) bounded=true
tick=7470 phase=following reason=path_ready wp=2 dist_wp=15.40 bearing_deg=124.08 speed=1.433 pos=(-72.531,0.002,-109.392) bounded=true
tick=7500 phase=following reason=path_ready wp=2 dist_wp=17.26 bearing_deg=115.09 speed=1.473 pos=(-76.061,0.002,-110.775) bounded=true
tick=7530 phase=following reason=path_ready wp=2 dist_wp=18.61 bearing_deg=106.17 speed=1.500 pos=(-79.948,0.002,-110.830) bounded=true
tick=7560 phase=following reason=path_ready wp=2 dist_wp=19.38 bearing_deg=97.17 speed=1.498 pos=(-83.629,0.001,-109.509) bounded=true
tick=7590 phase=following reason=path_ready wp=2 dist_wp=19.54 bearing_deg=88.06 speed=1.483 pos=(-86.599,0.001,-106.989) bounded=true
tick=7620 phase=following reason=path_ready wp=2 dist_wp=19.08 bearing_deg=78.86 speed=1.478 pos=(-88.475,0.001,-103.616) bounded=true
tick=7650 phase=following reason=path_ready wp=2 dist_wp=18.00 bearing_deg=69.86 speed=1.500 pos=(-89.048,0.001,-99.764) bounded=true
tick=7680 phase=following reason=path_ready wp=2 dist_wp=16.34 bearing_deg=61.14 speed=1.500 pos=(-88.229,0.001,-95.940) bounded=true
tick=7710 phase=following reason=path_ready wp=2 dist_wp=14.19 bearing_deg=52.77 speed=1.472 pos=(-86.130,0.002,-92.664) bounded=true
tick=7740 phase=following reason=path_ready wp=2 dist_wp=11.72 bearing_deg=44.37 speed=1.350 pos=(-83.169,0.004,-90.445) bounded=true
tick=7770 phase=following reason=path_ready wp=2 dist_wp=9.17 bearing_deg=35.13 speed=1.185 pos=(-80.004,0.005,-89.524) bounded=true
tick=7800 phase=following reason=path_ready wp=2 dist_wp=6.58 bearing_deg=24.98 speed=1.109 pos=(-77.043,0.003,-89.772) bounded=true
tick=7830 phase=following reason=path_ready wp=2 dist_wp=3.88 bearing_deg=18.54 speed=1.112 pos=(-74.426,0.001,-90.972) bounded=true
tick=7860 phase=following reason=path_ready wp=2 dist_wp=1.08 bearing_deg=30.84 speed=1.173 pos=(-72.175,0.002,-92.938) bounded=true
tick=7890 phase=following reason=path_ready wp=2 dist_wp=2.15 bearing_deg=160.15 speed=1.226 pos=(-70.642,0.002,-95.667) bounded=true
tick=7920 phase=following reason=path_ready wp=2 dist_wp=5.23 bearing_deg=157.91 speed=1.277 pos=(-70.160,0.002,-98.898) bounded=true
tick=7950 phase=following reason=path_ready wp=2 dist_wp=8.29 bearing_deg=149.99 speed=1.325 pos=(-70.883,0.002,-102.215) bounded=true
tick=7980 phase=following reason=path_ready wp=2 dist_wp=11.19 bearing_deg=141.11 speed=1.371 pos=(-72.800,0.002,-105.164) bounded=true
tick=8010 phase=following reason=path_ready wp=2 dist_wp=13.83 bearing_deg=131.98 speed=1.415 pos=(-75.730,0.002,-107.314) bounded=true
tick=8040 phase=following reason=path_ready wp=2 dist_wp=16.09 bearing_deg=122.81 speed=1.456 pos=(-79.336,0.002,-108.321) bounded=true
tick=8070 phase=following reason=path_ready wp=2 dist_wp=17.90 bearing_deg=113.69 speed=1.494 pos=(-83.170,0.002,-107.985) bounded=true
tick=8100 phase=following reason=path_ready wp=2 dist_wp=19.16 bearing_deg=104.57 speed=1.498 pos=(-86.697,0.001,-106.299) bounded=true
tick=8130 phase=following reason=path_ready wp=2 dist_wp=19.82 bearing_deg=95.34 speed=1.498 pos=(-89.405,0.001,-103.481) bounded=true
tick=8160 phase=following reason=path_ready wp=2 dist_wp=19.84 bearing_deg=86.06 speed=1.500 pos=(-90.949,0.001,-99.892) bounded=true
tick=8190 phase=following reason=path_ready wp=2 dist_wp=19.24 bearing_deg=76.83 speed=1.500 pos=(-91.133,0.001,-95.985) bounded=true
tick=8220 phase=following reason=path_ready wp=2 dist_wp=18.02 bearing_deg=67.71 speed=1.500 pos=(-89.932,0.001,-92.263) bounded=true
tick=8250 phase=following reason=path_ready wp=2 dist_wp=16.25 bearing_deg=58.59 speed=1.442 pos=(-87.539,0.002,-89.244) bounded=true
tick=8280 phase=following reason=path_ready wp=2 dist_wp=14.11 bearing_deg=48.79 speed=1.294 pos=(-84.472,0.004,-87.394) bounded=true
tick=8310 phase=following reason=path_ready wp=2 dist_wp=11.80 bearing_deg=37.46 speed=1.132 pos=(-81.369,0.005,-86.827) bounded=true
tick=8340 phase=following reason=path_ready wp=2 dist_wp=9.42 bearing_deg=24.08 speed=1.008 pos=(-78.658,0.004,-87.335) bounded=true
tick=8370 phase=following reason=path_ready wp=2 dist_wp=6.85 bearing_deg=14.27 speed=1.171 pos=(-76.319,0.005,-88.684) bounded=true
tick=8400 phase=following reason=path_ready wp=2 dist_wp=3.36 bearing_deg=12.70 speed=1.522 pos=(-73.684,0.009,-91.095) bounded=true
tick=8430 phase=following reason=path_ready wp=2 dist_wp=0.73 bearing_deg=144.83 speed=1.500 pos=(-71.355,0.001,-94.347) bounded=true
tick=8460 phase=following reason=path_ready wp=2 dist_wp=4.45 bearing_deg=163.28 speed=1.500 pos=(-70.284,0.001,-98.110) bounded=true
tick=8490 phase=following reason=path_ready wp=2 dist_wp=8.13 bearing_deg=155.47 speed=1.500 pos=(-70.604,0.001,-102.008) bounded=true
tick=8520 phase=following reason=path_ready wp=2 dist_wp=11.55 bearing_deg=146.14 speed=1.500 pos=(-72.274,0.001,-105.546) bounded=true
tick=8550 phase=following reason=path_ready wp=2 dist_wp=14.60 bearing_deg=136.38 speed=1.500 pos=(-75.080,0.001,-108.270) bounded=true
tick=8580 phase=following reason=path_ready wp=2 dist_wp=17.18 bearing_deg=126.45 speed=1.500 pos=(-78.665,0.001,-109.834) bounded=true
tick=8610 phase=following reason=path_ready wp=2 dist_wp=19.21 bearing_deg=116.43 speed=1.499 pos=(-82.571,0.001,-110.038) bounded=true
tick=8640 phase=following reason=path_ready wp=2 dist_wp=20.62 bearing_deg=106.34 speed=1.489 pos=(-86.289,0.001,-108.860) bounded=true
tick=8670 phase=following reason=path_ready wp=2 dist_wp=21.33 bearing_deg=95.81 speed=1.401 pos=(-89.251,0.003,-106.538) bounded=true
tick=8700 phase=following reason=path_ready wp=2 dist_wp=21.32 bearing_deg=84.62 speed=1.321 pos=(-91.086,0.003,-103.513) bounded=true
tick=8730 phase=following reason=path_ready wp=2 dist_wp=20.64 bearing_deg=73.10 speed=1.324 pos=(-91.707,0.001,-100.123) bounded=true
tick=8760 phase=following reason=path_ready wp=2 dist_wp=19.26 bearing_deg=61.61 speed=1.360 pos=(-91.076,0.002,-96.689) bounded=true
tick=8790 phase=following reason=path_ready wp=2 dist_wp=17.22 bearing_deg=50.26 speed=1.404 pos=(-89.212,0.002,-93.601) bounded=true
tick=8820 phase=following reason=path_ready wp=2 dist_wp=14.60 bearing_deg=38.71 speed=1.364 pos=(-86.362,0.002,-91.350) bounded=true
tick=8850 phase=following reason=path_ready wp=2 dist_wp=11.71 bearing_deg=25.84 speed=1.233 pos=(-83.118,0.004,-90.313) bounded=true
tick=8880 phase=following reason=path_ready wp=2 dist_wp=8.79 bearing_deg=14.95 speed=1.249 pos=(-80.028,0.001,-90.412) bounded=true
tick=8910 phase=following reason=path_ready wp=2 dist_wp=5.12 bearing_deg=11.19 speed=1.593 pos=(-76.403,0.008,-91.383) bounded=true
tick=8940 phase=following reason=path_ready wp=2 dist_wp=0.89 bearing_deg=29.97 speed=1.500 pos=(-72.426,0.002,-93.221) bounded=true
tick=8970 phase=following reason=path_ready wp=2 dist_wp=3.09 bearing_deg=164.59 speed=1.500 pos=(-69.520,0.002,-95.839) bounded=true
tick=9000 phase=following reason=path_ready wp=2 dist_wp=6.82 bearing_deg=158.59 speed=1.497 pos=(-67.720,0.001,-99.310) bounded=true
tick=9030 phase=following reason=path_ready wp=2 dist_wp=10.32 bearing_deg=149.51 speed=1.472 pos=(-67.257,0.002,-103.166) bounded=true
tick=9060 phase=following reason=path_ready wp=2 dist_wp=13.43 bearing_deg=139.65 speed=1.458 pos=(-68.165,0.001,-106.866) bounded=true
tick=9090 phase=following reason=path_ready wp=2 dist_wp=16.11 bearing_deg=129.68 speed=1.485 pos=(-70.329,0.002,-110.022) bounded=true
tick=9120 phase=following reason=path_ready wp=2 dist_wp=18.32 bearing_deg=119.83 speed=1.500 pos=(-73.527,0.001,-112.260) bounded=true
tick=9150 phase=following reason=path_ready wp=2 dist_wp=19.96 bearing_deg=109.92 speed=1.500 pos=(-77.315,0.001,-113.234) bounded=true
tick=9180 phase=following reason=path_ready wp=2 dist_wp=20.94 bearing_deg=99.95 speed=1.497 pos=(-81.202,0.001,-112.815) bounded=true
tick=9210 phase=following reason=path_ready wp=2 dist_wp=21.26 bearing_deg=89.85 speed=1.455 pos=(-84.661,0.002,-111.075) bounded=true
tick=9240 phase=following reason=path_ready wp=2 dist_wp=20.89 bearing_deg=79.14 speed=1.368 pos=(-87.155,0.003,-108.375) bounded=true
tick=9270 phase=following reason=path_ready wp=2 dist_wp=19.87 bearing_deg=67.82 speed=1.332 pos=(-88.461,0.002,-105.137) bounded=true
tick=9300 phase=following reason=path_ready wp=2 dist_wp=18.22 bearing_deg=56.32 speed=1.347 pos=(-88.532,0.001,-101.655) bounded=true
tick=9330 phase=following reason=path_ready wp=2 dist_wp=15.92 bearing_deg=44.84 speed=1.392 pos=(-87.334,0.002,-98.288) bounded=true
tick=9360 phase=following reason=path_ready wp=2 dist_wp=13.05 bearing_deg=33.26 speed=1.405 pos=(-84.961,0.001,-95.484) bounded=true
tick=9390 phase=following reason=path_ready wp=2 dist_wp=9.85 bearing_deg=21.12 speed=1.324 pos=(-81.845,0.003,-93.738) bounded=true
tick=9420 phase=following reason=path_ready wp=2 dist_wp=6.44 bearing_deg=14.09 speed=1.492 pos=(-78.370,0.005,-93.026) bounded=true
tick=9450 phase=following reason=path_ready wp=2 dist_wp=2.31 bearing_deg=17.54 speed=1.726 pos=(-74.113,0.006,-93.070) bounded=true
tick=9480 phase=following reason=path_ready wp=2 dist_wp=1.71 bearing_deg=159.29 speed=1.500 pos=(-70.293,0.003,-94.153) bounded=true
tick=9510 phase=following reason=path_ready wp=2 dist_wp=5.45 bearing_deg=160.63 speed=1.495 pos=(-67.149,0.001,-96.474) bounded=true
tick=9540 phase=following reason=path_ready wp=2 dist_wp=8.93 bearing_deg=152.21 speed=1.395 pos=(-65.081,0.003,-99.648) bounded=true
tick=9570 phase=following reason=path_ready wp=2 dist_wp=11.82 bearing_deg=141.84 speed=1.240 pos=(-64.338,0.004,-103.004) bounded=true
tick=9600 phase=following reason=path_ready wp=2 dist_wp=14.00 bearing_deg=130.26 speed=1.081 pos=(-64.774,0.005,-105.988) bounded=true
tick=9630 phase=following reason=path_ready wp=2 dist_wp=15.49 bearing_deg=117.84 speed=0.971 pos=(-66.081,0.004,-108.315) bounded=true
tick=9660 phase=following reason=path_ready wp=2 dist_wp=16.39 bearing_deg=105.05 speed=0.938 pos=(-67.993,0.002,-109.890) bounded=true
tick=9690 phase=following reason=path_ready wp=2 dist_wp=16.75 bearing_deg=92.44 speed=0.976 pos=(-70.348,0.002,-110.665) bounded=true
tick=9720 phase=following reason=path_ready wp=2 dist_wp=16.56 bearing_deg=80.43 speed=1.038 pos=(-72.973,0.002,-110.533) bounded=true
tick=9750 phase=following reason=path_ready wp=2 dist_wp=15.80 bearing_deg=68.94 speed=1.097 pos=(-75.521,0.002,-109.405) bounded=true
tick=9780 phase=following reason=path_ready wp=2 dist_wp=14.46 bearing_deg=57.93 speed=1.154 pos=(-77.604,0.002,-107.333) bounded=true
tick=9810 phase=following reason=path_ready wp=2 dist_wp=12.57 bearing_deg=47.39 speed=1.208 pos=(-78.871,0.002,-104.523) bounded=true
tick=9840 phase=following reason=path_ready wp=2 dist_wp=10.19 bearing_deg=37.31 speed=1.225 pos=(-79.063,0.001,-101.340) bounded=true
tick=9870 phase=following reason=path_ready wp=2 dist_wp=7.50 bearing_deg=27.31 speed=1.192 pos=(-78.124,0.002,-98.326) bounded=true
tick=9900 phase=following reason=path_ready wp=2 dist_wp=4.69 bearing_deg=19.36 speed=1.149 pos=(-76.277,0.002,-95.930) bounded=true
tick=9930 phase=following reason=path_ready wp=2 dist_wp=1.81 bearing_deg=22.30 speed=1.184 pos=(-73.803,0.002,-94.168) bounded=true
tick=9960 phase=following reason=path_ready wp=2 dist_wp=1.43 bearing_deg=155.30 speed=1.237 pos=(-70.779,0.002,-93.247) bounded=true
tick=9990 phase=following reason=path_ready wp=2 dist_wp=4.52 bearing_deg=159.38 speed=1.258 pos=(-67.507,0.001,-93.467) bounded=true
tick=10020 phase=following reason=path_ready wp=2 dist_wp=7.45 bearing_deg=151.45 speed=1.189 pos=(-64.590,0.002,-94.797) bounded=true
tick=10050 phase=following reason=path_ready wp=2 dist_wp=9.89 bearing_deg=141.24 speed=1.044 pos=(-62.539,0.004,-96.868) bounded=true
tick=10080 phase=following reason=path_ready wp=2 dist_wp=11.68 bearing_deg=129.57 speed=0.892 pos=(-61.525,0.004,-99.171) bounded=true
tick=10110 phase=following reason=path_ready wp=2 dist_wp=12.85 bearing_deg=116.68 speed=0.746 pos=(-61.426,0.004,-101.297) bounded=true
tick=10140 phase=following reason=path_ready wp=2 dist_wp=13.44 bearing_deg=102.52 speed=0.604 pos=(-61.985,0.004,-102.958) bounded=true
tick=10170 phase=following reason=path_ready wp=2 dist_wp=13.55 bearing_deg=86.89 speed=0.465 pos=(-62.874,0.004,-104.022) bounded=true
tick=10200 phase=following reason=path_ready wp=2 dist_wp=13.35 bearing_deg=69.56 speed=0.329 pos=(-63.775,0.004,-104.516) bounded=true
tick=10230 phase=following reason=path_ready wp=2 dist_wp=13.01 bearing_deg=50.43 speed=0.224 pos=(-64.462,0.003,-104.602) bounded=true
tick=10260 phase=following reason=path_ready wp=2 dist_wp=12.61 bearing_deg=30.13 speed=0.173 pos=(-64.963,0.002,-104.469) bounded=true
tick=10290 phase=following reason=path_ready wp=2 dist_wp=12.19 bearing_deg=13.16 speed=0.313 pos=(-65.324,0.004,-104.199) bounded=true
tick=10320 phase=following reason=path_ready wp=2 dist_wp=10.68 bearing_deg=6.30 speed=0.836 pos=(-66.329,0.013,-103.048) bounded=true
tick=10350 phase=following reason=path_ready wp=2 dist_wp=7.78 bearing_deg=3.71 speed=1.359 pos=(-68.035,0.013,-100.695) bounded=true
tick=10380 phase=following reason=path_ready wp=2 dist_wp=3.64 bearing_deg=3.46 speed=1.765 pos=(-70.284,0.011,-97.208) bounded=true
tick=10410 phase=following reason=path_ready wp=2 dist_wp=0.61 bearing_deg=168.02 speed=1.383 pos=(-72.348,0.011,-93.494) bounded=true
tick=10440 phase=following reason=path_ready wp=2 dist_wp=4.24 bearing_deg=166.87 speed=1.426 pos=(-73.104,0.001,-89.908) bounded=true
tick=10470 phase=following reason=path_ready wp=2 dist_wp=7.84 bearing_deg=157.46 speed=1.467 pos=(-72.531,0.002,-86.178) bounded=true
tick=10500 phase=following reason=path_ready wp=2 dist_wp=11.28 bearing_deg=147.71 speed=1.500 pos=(-70.631,0.002,-82.801) bounded=true
tick=10530 phase=following reason=path_ready wp=2 dist_wp=14.39 bearing_deg=137.79 speed=1.496 pos=(-67.641,0.001,-80.282) bounded=true
tick=10560 phase=following reason=path_ready wp=2 dist_wp=16.97 bearing_deg=127.48 speed=1.418 pos=(-64.050,0.003,-79.003) bounded=true
tick=10590 phase=following reason=path_ready wp=2 dist_wp=18.81 bearing_deg=116.22 speed=1.252 pos=(-60.575,0.004,-79.060) bounded=true
tick=10620 phase=following reason=path_ready wp=2 dist_wp=19.85 bearing_deg=103.83 speed=1.092 pos=(-57.744,0.005,-80.188) bounded=true
tick=10650 phase=following reason=path_ready wp=2 dist_wp=20.26 bearing_deg=90.11 speed=0.938 pos=(-55.773,0.004,-81.870) bounded=true
tick=10680 phase=following reason=path_ready wp=2 dist_wp=21.40 bearing_deg=71.07 speed=0.790 pos=(-54.395,0.004,-81.835) bounded=true
tick=10710 phase=following reason=path_ready wp=2 dist_wp=21.36 bearing_deg=50.12 speed=0.647 pos=(-54.350,0.003,-81.971) bounded=true
tick=10740 phase=following reason=path_ready wp=2 dist_wp=21.21 bearing_deg=27.83 speed=0.507 pos=(-54.649,0.004,-81.798) bounded=true
tick=10770 phase=following reason=obstacle_cleared wp=2 dist_wp=20.45 bearing_deg=11.56 speed=0.573 pos=(-55.333,0.002,-82.144) bounded=true
tick=10800 phase=following reason=obstacle_cleared wp=2 dist_wp=18.00 bearing_deg=5.59 speed=1.277 pos=(-57.155,0.016,-83.815) bounded=true
tick=10830 phase=following reason=obstacle_cleared wp=2 dist_wp=13.82 bearing_deg=3.18 speed=1.878 pos=(-60.459,0.015,-86.394) bounded=true
tick=10860 phase=following reason=obstacle_cleared wp=2 dist_wp=8.27 bearing_deg=2.37 speed=2.318 pos=(-64.992,0.012,-89.610) bounded=true
tick=10890 phase=following reason=obstacle_cleared wp=2 dist_wp=1.78 bearing_deg=4.97 speed=2.499 pos=(-70.421,0.007,-93.187) bounded=true
tick=10920 phase=following reason=obstacle_cleared wp=2 dist_wp=2.99 bearing_deg=170.40 speed=1.500 pos=(-74.713,0.019,-95.256) bounded=true
tick=10950 phase=following reason=obstacle_cleared wp=2 dist_wp=6.75 bearing_deg=161.21 speed=1.451 pos=(-78.567,0.004,-95.572) bounded=true
tick=10980 phase=following reason=obstacle_cleared wp=2 dist_wp=10.07 bearing_deg=150.65 speed=1.311 pos=(-82.049,0.004,-94.585) bounded=true
tick=11010 phase=following reason=obstacle_cleared wp=2 dist_wp=12.72 bearing_deg=139.25 speed=1.177 pos=(-84.653,0.004,-92.652) bounded=true
tick=11040 phase=following reason=obstacle_cleared wp=2 dist_wp=14.70 bearing_deg=127.13 speed=1.053 pos=(-86.208,0.004,-90.215) bounded=true
tick=11070 phase=following reason=obstacle_cleared wp=2 dist_wp=16.01 bearing_deg=114.30 speed=0.910 pos=(-86.723,0.004,-87.707) bounded=true
tick=11100 phase=following reason=obstacle_cleared wp=2 dist_wp=16.66 bearing_deg=100.37 speed=0.763 pos=(-86.364,0.004,-85.563) bounded=true
tick=11130 phase=following reason=obstacle_cleared wp=2 dist_wp=16.75 bearing_deg=85.19 speed=0.620 pos=(-85.447,0.004,-84.019) bounded=true
tick=11160 phase=following reason=obstacle_cleared wp=2 dist_wp=16.42 bearing_deg=68.52 speed=0.481 pos=(-84.320,0.004,-83.140) bounded=true
tick=11190 phase=following reason=obstacle_cleared wp=2 dist_wp=15.88 bearing_deg=50.19 speed=0.345 pos=(-83.294,0.004,-82.835) bounded=true
tick=11220 phase=following reason=obstacle_cleared wp=2 dist_wp=15.34 bearing_deg=30.17 speed=0.210 pos=(-82.579,0.004,-82.895) bounded=true
tick=11250 phase=following reason=obstacle_cleared wp=2 dist_wp=14.86 bearing_deg=13.16 speed=0.339 pos=(-82.128,0.004,-83.125) bounded=true
tick=11280 phase=following reason=obstacle_cleared wp=2 dist_wp=13.23 bearing_deg=6.21 speed=0.893 pos=(-80.846,0.013,-84.166) bounded=true
tick=11310 phase=following reason=obstacle_cleared wp=2 dist_wp=10.22 bearing_deg=3.45 speed=1.386 pos=(-78.681,0.013,-86.270) bounded=true
tick=11340 phase=following reason=obstacle_cleared wp=2 dist_wp=5.99 bearing_deg=2.57 speed=1.822 pos=(-75.799,0.011,-89.368) bounded=true
tick=11370 phase=following reason=obstacle_cleared wp=2 dist_wp=0.90 bearing_deg=7.54 speed=1.769 pos=(-72.472,0.002,-93.234) bounded=true
tick=11400 phase=following reason=obstacle_cleared wp=2 dist_wp=3.07 bearing_deg=170.40 speed=1.500 pos=(-70.465,0.005,-96.655) bounded=true
tick=11430 phase=following reason=obstacle_cleared wp=2 dist_wp=6.87 bearing_deg=161.17 speed=1.500 pos=(-69.799,0.001,-100.510) bounded=true
tick=11460 phase=following reason=obstacle_cleared wp=2 dist_wp=10.46 bearing_deg=151.20 speed=1.500 pos=(-70.531,0.001,-104.353) bounded=true
tick=11490 phase=following reason=obstacle_cleared wp=2 dist_wp=13.70 bearing_deg=141.06 speed=1.500 pos=(-72.567,0.001,-107.693) bounded=true
tick=11520 phase=following reason=obstacle_cleared wp=2 dist_wp=16.51 bearing_deg=130.87 speed=1.500 pos=(-75.646,0.001,-110.104) bounded=true
tick=11550 phase=following reason=obstacle_cleared wp=2 dist_wp=18.79 bearing_deg=120.65 speed=1.500 pos=(-79.377,0.001,-111.279) bounded=true
tick=11580 phase=following reason=obstacle_cleared wp=2 dist_wp=20.46 bearing_deg=110.41 speed=1.496 pos=(-83.279,0.001,-111.068) bounded=true
tick=11610 phase=following reason=obstacle_cleared wp=2 dist_wp=21.45 bearing_deg=99.92 speed=1.412 pos=(-86.786,0.003,-109.537) bounded=true
tick=11640 phase=following reason=obstacle_cleared wp=2 dist_wp=21.70 bearing_deg=88.52 speed=1.290 pos=(-89.305,0.004,-107.087) bounded=true
tick=11670 phase=following reason=obstacle_cleared wp=2 dist_wp=21.26 bearing_deg=76.15 speed=1.171 pos=(-90.659,0.004,-104.188) bounded=true
tick=11700 phase=following reason=obstacle_cleared wp=2 dist_wp=20.18 bearing_deg=63.13 speed=1.172 pos=(-90.871,0.001,-101.152) bounded=true
tick=11730 phase=following reason=obstacle_cleared wp=2 dist_wp=18.45 bearing_deg=49.89 speed=1.213 pos=(-89.966,0.002,-98.189) bounded=true
tick=11760 phase=following reason=obstacle_cleared wp=2 dist_wp=16.07 bearing_deg=36.34 speed=1.264 pos=(-87.985,0.002,-95.636) bounded=true
tick=11790 phase=following reason=obstacle_cleared wp=2 dist_wp=13.16 bearing_deg=22.01 speed=1.256 pos=(-85.164,0.001,-93.909) bounded=true
tick=11820 phase=following reason=obstacle_cleared wp=2 dist_wp=9.80 bearing_deg=12.85 speed=1.525 pos=(-81.759,0.008,-93.096) bounded=true
tick=11850 phase=following reason=obstacle_cleared wp=2 dist_wp=5.43 bearing_deg=10.22 speed=1.851 pos=(-77.315,0.009,-92.899) bounded=true
tick=11880 phase=following reason=obstacle_cleared wp=2 dist_wp=0.67 bearing_deg=41.21 speed=1.604 pos=(-72.387,0.005,-93.456) bounded=true
tick=11910 phase=following reason=obstacle_cleared wp=2 dist_wp=3.36 bearing_deg=164.24 speed=1.500 pos=(-68.807,0.004,-95.047) bounded=true
tick=11940 phase=following reason=obstacle_cleared wp=2 dist_wp=7.06 bearing_deg=157.81 speed=1.466 pos=(-66.036,0.002,-97.772) bounded=true
tick=11970 phase=following reason=obstacle_cleared wp=2 dist_wp=10.32 bearing_deg=148.15 speed=1.331 pos=(-64.494,0.004,-101.079) bounded=true
