tick=0 phase=following reason=path_ready wp=1 dist_wp=13.42 bearing_deg=26.57 speed=0.000 pos=(-27.000,0.004,116.000) thr=0.00 steer=1.00 blocked=false attempts=0 stuck_s=0.00 bounded=true
tick=30 phase=following reason=path_ready wp=1 dist_wp=13.32 bearing_deg=13.28 speed=0.185 pos=(-27.022,0.005,115.898) thr=0.95 steer=0.54 blocked=false attempts=0 stuck_s=0.20 bounded=true
tick=60 phase=following reason=path_ready wp=1 dist_wp=12.25 bearing_deg=7.06 speed=0.632 pos=(-27.356,0.009,114.868) thr=0.91 steer=0.29 blocked=false attempts=0 stuck_s=0.00 bounded=true
tick=90 phase=following reason=path_ready wp=1 dist_wp=10.08 bearing_deg=4.24 speed=1.023 pos=(-28.194,0.008,112.864) thr=0.82 steer=0.17 blocked=false attempts=0 stuck_s=0.03 bounded=true
tick=120 phase=following reason=path_ready wp=1 dist_wp=7.03 bearing_deg=3.04 speed=1.316 pos=(-29.517,0.006,110.104) thr=0.66 steer=0.12 blocked=false attempts=0 stuck_s=0.00 bounded=true
tick=150 phase=following reason=path_ready wp=1 dist_wp=3.40 bearing_deg=3.15 speed=1.454 pos=(-31.205,0.004,106.893) thr=0.41 steer=0.12 blocked=false attempts=0 stuck_s=0.02 bounded=true
tick=180 phase=following reason=path_ready wp=1 dist_wp=0.32 bearing_deg=17.02 speed=0.537 pos=(-32.754,0.022,104.206) thr=0.00 steer=0.61 blocked=false attempts=0 stuck_s=0.00 bounded=true
tick=210 phase=following reason=path_ready wp=2 dist_wp=20.52 bearing_deg=56.40 speed=0.000 pos=(-32.860,0.008,104.053) thr=0.00 steer=1.00 blocked=false attempts=0 stuck_s=0.00 bounded=true
tick=240 phase=following reason=path_ready wp=2 dist_wp=20.52 bearing_deg=38.40 speed=0.000 pos=(-32.860,0.000,104.053) thr=0.00 steer=1.00 blocked=false attempts=0 stuck_s=0.00 bounded=true
tick=270 phase=following reason=path_ready wp=2 dist_wp=20.52 bearing_deg=20.75 speed=0.000 pos=(-32.860,0.000,104.053) thr=0.00 steer=0.85 blocked=false attempts=0 stuck_s=0.00 bounded=true
tick=300 phase=following reason=path_ready wp=2 dist_wp=20.10 bearing_deg=10.27 speed=0.399 pos=(-33.289,0.009,104.088) thr=1.00 steer=0.42 blocked=false attempts=0 stuck_s=0.02 bounded=true
tick=330 phase=following reason=path_ready wp=2 dist_wp=18.42 bearing_deg=5.51 speed=0.895 pos=(-34.957,0.010,104.389) thr=1.00 steer=0.22 blocked=false attempts=0 stuck_s=0.03 bounded=true
tick=360 phase=following reason=path_ready wp=2 dist_wp=15.46 bearing_deg=3.28 speed=1.385 pos=(-37.839,0.010,105.107) thr=1.00 steer=0.13 blocked=false attempts=0 stuck_s=0.03 bounded=true
tick=390 phase=following reason=path_ready wp=2 dist_wp=11.26 bearing_deg=2.27 speed=1.833 pos=(-41.876,0.009,106.282) thr=0.87 steer=0.09 blocked=false attempts=0 stuck_s=0.03 bounded=true
tick=420 phase=following reason=path_ready wp=2 dist_wp=6.10 bearing_deg=2.15 speed=2.119 pos=(-46.793,0.006,107.858) thr=0.61 steer=0.09 blocked=false attempts=0 stuck_s=0.02 bounded=true
tick=450 phase=following reason=path_ready wp=2 dist_wp=0.71 bearing_deg=9.44 speed=1.683 pos=(-51.883,0.010,109.642) thr=0.00 steer=0.32 blocked=false attempts=0 stuck_s=0.00 bounded=true
tick=480 phase=following reason=path_ready wp=3 dist_wp=18.99 bearing_deg=-13.81 speed=0.424 pos=(-53.802,0.024,110.566) thr=1.00 steer=-0.56 blocked=false attempts=0 stuck_s=0.12 bounded=true
tick=510 phase=following reason=path_ready wp=3 dist_wp=17.26 bearing_deg=-7.48 speed=0.918 pos=(-55.381,0.009,111.332) thr=1.00 steer=-0.31 blocked=false attempts=0 stuck_s=0.00 bounded=true
tick=540 phase=following reason=path_ready wp=3 dist_wp=14.25 bearing_deg=-4.52 speed=1.406 pos=(-58.211,0.010,112.405) thr=0.99 steer=-0.18 blocked=false attempts=0 stuck_s=0.02 bounded=true
tick=570 phase=following reason=path_ready wp=3 dist_wp=10.05 bearing_deg=-3.25 speed=1.817 pos=(-62.224,0.009,113.685) thr=0.82 steer=-0.13 blocked=false attempts=0 stuck_s=0.02 bounded=true
tick=600 phase=following reason=path_ready wp=3 dist_wp=4.97 bearing_deg=-3.35 speed=2.085 pos=(-67.124,0.006,115.041) thr=0.54 steer=-0.13 blocked=false attempts=0 stuck_s=0.02 bounded=true
tick=630 phase=following reason=path_ready wp=3 dist_wp=0.18 bearing_deg=-121.85 speed=1.405 pos=(-72.072,0.017,116.168) thr=0.00 steer=-1.00 blocked=false attempts=0 stuck_s=0.00 bounded=true
tick=660 phase=following reason=path_ready wp=4 dist_wp=22.32 bearing_deg=-85.23 speed=0.000 pos=(-73.568,0.028,116.262) thr=0.00 steer=-1.00 blocked=false attempts=0 stuck_s=0.00 bounded=true
tick=690 phase=following reason=path_ready wp=4 dist_wp=22.32 bearing_deg=-67.23 speed=0.000 pos=(-73.568,0.003,116.262) thr=0.00 steer=-1.00 blocked=false attempts=0 stuck_s=0.00 bounded=true
tick=720 phase=following reason=path_ready wp=4 dist_wp=22.32 bearing_deg=-49.23 speed=0.000 pos=(-73.568,0.001,116.262) thr=0.00 steer=-1.00 blocked=false attempts=0 stuck_s=0.00 bounded=true
tick=750 phase=following reason=path_ready wp=4 dist_wp=22.32 bearing_deg=-31.23 speed=0.000 pos=(-73.568,0.001,116.262) thr=0.00 steer=-1.00 blocked=false attempts=0 stuck_s=0.00 bounded=true
tick=780 phase=following reason=path_ready wp=4 dist_wp=22.28 bearing_deg=-15.56 speed=0.126 pos=(-73.576,0.003,116.225) thr=1.00 steer=-0.64 blocked=false attempts=0 stuck_s=0.10 bounded=true
tick=810 phase=following reason=path_ready wp=4 dist_wp=21.12 bearing_deg=-8.03 speed=0.778 pos=(-73.698,0.013,115.048) thr=1.00 steer=-0.33 blocked=false attempts=0 stuck_s=0.02 bounded=true
tick=840 phase=following reason=path_ready wp=4 dist_wp=18.22 bearing_deg=-4.63 speed=1.459 pos=(-73.739,0.014,112.140) thr=1.00 steer=-0.19 blocked=false attempts=0 stuck_s=0.02 bounded=true
tick=870 phase=following reason=path_ready wp=4 dist_wp=13.54 bearing_deg=-3.17 speed=2.148 pos=(-73.548,0.014,107.447) thr=0.97 steer=-0.13 blocked=false attempts=0 stuck_s=0.00 bounded=true
tick=900 phase=following reason=path_ready wp=4 dist_wp=7.56 bearing_deg=-2.93 speed=2.499 pos=(-73.086,0.008,101.481) thr=0.70 steer=-0.12 blocked=false attempts=0 stuck_s=0.00 bounded=true
tick=930 phase=following reason=path_ready wp=4 dist_wp=0.83 bearing_deg=-14.06 speed=2.363 pos=(-72.316,0.004,94.767) thr=0.00 steer=-0.46 blocked=false attempts=0 stuck_s=0.00 bounded=true
tick=960 phase=following reason=path_ready wp=4 dist_wp=3.11 bearing_deg=-168.32 speed=0.753 pos=(-71.292,0.031,90.976) thr=0.00 steer=-1.00 blocked=false attempts=0 stuck_s=0.00 bounded=true
tick=990 phase=following reason=path_ready wp=4 dist_wp=3.53 bearing_deg=-152.25 speed=0.000 pos=(-71.089,0.012,90.591) thr=0.00 steer=-1.00 blocked=false attempts=0 stuck_s=0.00 bounded=true
tick=1020 phase=following reason=path_ready wp=4 dist_wp=3.53 bearing_deg=-134.25 speed=0.000 pos=(-71.089,0.001,90.591) thr=0.00 steer=-1.00 blocked=false attempts=0 stuck_s=0.00 bounded=true
tick=1050 phase=following reason=path_ready wp=4 dist_wp=3.53 bearing_deg=-116.25 speed=0.000 pos=(-71.089,0.001,90.591) thr=0.00 steer=-1.00 blocked=false attempts=0 stuck_s=0.00 bounded=true
tick=1080 phase=following reason=path_ready wp=4 dist_wp=3.53 bearing_deg=-98.25 speed=0.000 pos=(-71.089,0.001,90.591) thr=0.00 steer=-1.00 blocked=false attempts=0 stuck_s=0.00 bounded=true
tick=1110 phase=following reason=path_ready wp=4 dist_wp=3.53 bearing_deg=-80.25 speed=0.000 pos=(-71.089,0.001,90.591) thr=0.00 steer=-1.00 blocked=false attempts=0 stuck_s=0.00 bounded=true
tick=1140 phase=following reason=path_ready wp=4 dist_wp=3.53 bearing_deg=-62.25 speed=0.000 pos=(-71.089,0.001,90.591) thr=0.00 steer=-1.00 blocked=false attempts=0 stuck_s=0.00 bounded=true
tick=1170 phase=following reason=path_ready wp=4 dist_wp=3.53 bearing_deg=-44.25 speed=0.000 pos=(-71.089,0.001,90.591) thr=0.00 steer=-1.00 blocked=false attempts=0 stuck_s=0.00 bounded=true
tick=1200 phase=following reason=path_ready wp=4 dist_wp=3.53 bearing_deg=-26.25 speed=0.000 pos=(-71.089,0.001,90.591) thr=0.00 steer=-1.00 blocked=false attempts=0 stuck_s=0.00 bounded=true
tick=1230 phase=following reason=path_ready wp=4 dist_wp=3.45 bearing_deg=-12.98 speed=0.120 pos=(-71.090,0.004,90.668) thr=0.40 steer=-0.53 blocked=false attempts=0 stuck_s=0.23 bounded=true
tick=1260 phase=following reason=path_ready wp=4 dist_wp=2.83 bearing_deg=-7.71 speed=0.353 pos=(-71.166,0.005,91.295) thr=0.34 steer=-0.31 blocked=false attempts=0 stuck_s=0.20 bounded=true
tick=1290 phase=following reason=path_ready wp=4 dist_wp=1.70 bearing_deg=-6.30 speed=0.505 pos=(-71.406,0.004,92.412) thr=0.19 steer=-0.25 blocked=false attempts=0 stuck_s=0.13 bounded=true
tick=1320 phase=following reason=path_ready wp=5 dist_wp=20.99 bearing_deg=-152.43 speed=0.000 pos=(-71.565,0.011,92.988) thr=0.00 steer=-1.00 blocked=false attempts=0 stuck_s=0.00 bounded=true
tick=1350 phase=following reason=path_ready wp=5 dist_wp=20.99 bearing_deg=-134.43 speed=0.000 pos=(-71.565,0.001,92.988) thr=0.00 steer=-1.00 blocked=false attempts=0 stuck_s=0.00 bounded=true
tick=1380 phase=following reason=path_ready wp=5 dist_wp=20.99 bearing_deg=-116.43 speed=0.000 pos=(-71.565,0.000,92.988) thr=0.00 steer=-1.00 blocked=false attempts=0 stuck_s=0.00 bounded=true
tick=1410 phase=following reason=path_ready wp=5 dist_wp=20.99 bearing_deg=-98.43 speed=0.000 pos=(-71.565,0.000,92.988) thr=0.00 steer=-1.00 blocked=false attempts=0 stuck_s=0.00 bounded=true
tick=1440 phase=following reason=path_ready wp=5 dist_wp=20.99 bearing_deg=-80.43 speed=0.000 pos=(-71.565,0.000,92.988) thr=0.00 steer=-1.00 blocked=false attempts=0 stuck_s=0.00 bounded=true
tick=1470 phase=following reason=path_ready wp=5 dist_wp=20.99 bearing_deg=-62.43 speed=0.000 pos=(-71.565,0.000,92.988) thr=0.00 steer=-1.00 blocked=false attempts=0 stuck_s=0.00 bounded=true
tick=1500 phase=following reason=path_ready wp=5 dist_wp=20.99 bearing_deg=-44.43 speed=0.000 pos=(-71.565,0.000,92.988) thr=0.00 steer=-1.00 blocked=false attempts=0 stuck_s=0.00 bounded=true
tick=1530 phase=following reason=path_ready wp=5 dist_wp=20.99 bearing_deg=-26.43 speed=0.000 pos=(-71.565,0.000,92.988) thr=0.00 steer=-1.00 blocked=false attempts=0 stuck_s=0.00 bounded=true
tick=1560 phase=following reason=path_ready wp=5 dist_wp=20.78 bearing_deg=-12.94 speed=0.333 pos=(-71.623,0.008,92.780) thr=1.00 steer=-0.53 blocked=false attempts=0 stuck_s=0.23 bounded=true
tick=1590 phase=following reason=path_ready wp=5 dist_wp=18.99 bearing_deg=-6.97 speed=1.043 pos=(-71.923,0.014,90.995) thr=1.00 steer=-0.28 blocked=false attempts=0 stuck_s=0.02 bounded=true
tick=1620 phase=following reason=path_ready wp=5 dist_wp=15.38 bearing_deg=-4.33 speed=1.741 pos=(-72.236,0.014,87.377) thr=1.00 steer=-0.18 blocked=false attempts=0 stuck_s=0.00 bounded=true
tick=1650 phase=following reason=path_ready wp=5 dist_wp=10.05 bearing_deg=-3.39 speed=2.246 pos=(-72.427,0.010,82.045) thr=0.82 steer=-0.14 blocked=false attempts=0 stuck_s=0.02 bounded=true
tick=1680 phase=following reason=path_ready wp=5 dist_wp=3.81 bearing_deg=-4.63 speed=2.592 pos=(-72.400,0.008,75.791) thr=0.45 steer=-0.18 blocked=false attempts=0 stuck_s=0.02 bounded=true
tick=1710 phase=following reason=path_ready wp=5 dist_wp=1.70 bearing_deg=-169.66 speed=1.395 pos=(-71.942,0.026,70.297) thr=0.00 steer=-1.00 blocked=false attempts=0 stuck_s=0.00 bounded=true
tick=1740 phase=following reason=path_ready wp=5 dist_wp=3.20 bearing_deg=-159.50 speed=0.000 pos=(-71.481,0.028,68.840) thr=0.00 steer=-1.00 blocked=false attempts=0 stuck_s=0.00 bounded=true
tick=1770 phase=following reason=path_ready wp=5 dist_wp=3.20 bearing_deg=-141.50 speed=0.000 pos=(-71.481,0.003,68.840) thr=0.00 steer=-1.00 blocked=false attempts=0 stuck_s=0.00 bounded=true
tick=1800 phase=following reason=path_ready wp=5 dist_wp=3.20 bearing_deg=-123.50 speed=0.000 pos=(-71.481,0.000,68.840) thr=0.00 steer=-1.00 blocked=false attempts=0 stuck_s=0.00 bounded=true
tick=1830 phase=following reason=path_ready wp=5 dist_wp=3.20 bearing_deg=-105.50 speed=0.000 pos=(-71.481,0.000,68.840) thr=0.00 steer=-1.00 blocked=false attempts=0 stuck_s=0.00 bounded=true
tick=1860 phase=following reason=path_ready wp=5 dist_wp=3.20 bearing_deg=-87.50 speed=0.000 pos=(-71.481,0.000,68.840) thr=0.00 steer=-1.00 blocked=false attempts=0 stuck_s=0.00 bounded=true
tick=1890 phase=following reason=path_ready wp=5 dist_wp=3.20 bearing_deg=-69.50 speed=0.000 pos=(-71.481,0.000,68.840) thr=0.00 steer=-1.00 blocked=false attempts=0 stuck_s=0.00 bounded=true
tick=1920 phase=following reason=path_ready wp=5 dist_wp=3.20 bearing_deg=-51.50 speed=0.000 pos=(-71.481,0.000,68.840) thr=0.00 steer=-1.00 blocked=false attempts=0 stuck_s=0.00 bounded=true
tick=1950 phase=following reason=path_ready wp=5 dist_wp=3.20 bearing_deg=-33.50 speed=0.000 pos=(-71.481,0.000,68.840) thr=0.00 steer=-1.00 blocked=false attempts=0 stuck_s=0.00 bounded=true
tick=1980 phase=following reason=path_ready wp=5 dist_wp=3.20 bearing_deg=-17.02 speed=0.016 pos=(-71.481,0.001,68.841) thr=0.38 steer=-0.70 blocked=false attempts=0 stuck_s=0.03 bounded=true
tick=2010 phase=following reason=path_ready wp=5 dist_wp=2.86 bearing_deg=-9.24 speed=0.241 pos=(-71.473,0.005,69.188) thr=0.35 steer=-0.38 blocked=false attempts=0 stuck_s=0.53 bounded=true
tick=2040 phase=following reason=path_ready wp=5 dist_wp=2.00 bearing_deg=-6.45 speed=0.411 pos=(-71.542,0.004,70.053) thr=0.24 steer=-0.26 blocked=false attempts=0 stuck_s=0.03 bounded=true
tick=2070 phase=following reason=path_ready wp=6 dist_wp=20.92 bearing_deg=-163.84 speed=0.000 pos=(-71.674,0.011,70.913) thr=0.00 steer=-1.00 blocked=false attempts=0 stuck_s=0.00 bounded=true
tick=2100 phase=following reason=path_ready wp=6 dist_wp=20.92 bearing_deg=-145.84 speed=0.000 pos=(-71.674,0.002,70.913) thr=0.00 steer=-1.00 blocked=false attempts=0 stuck_s=0.00 bounded=true
tick=2130 phase=following reason=path_ready wp=6 dist_wp=20.92 bearing_deg=-127.84 speed=0.000 pos=(-71.674,0.000,70.913) thr=0.00 steer=-1.00 blocked=false attempts=0 stuck_s=0.00 bounded=true
tick=2160 phase=following reason=path_ready wp=6 dist_wp=20.92 bearing_deg=-109.84 speed=0.000 pos=(-71.674,0.000,70.913) thr=0.00 steer=-1.00 blocked=false attempts=0 stuck_s=0.00 bounded=true
tick=2190 phase=following reason=path_ready wp=6 dist_wp=20.92 bearing_deg=-91.84 speed=0.000 pos=(-71.674,0.000,70.913) thr=0.00 steer=-1.00 blocked=false attempts=0 stuck_s=0.00 bounded=true
tick=2220 phase=following reason=path_ready wp=6 dist_wp=20.92 bearing_deg=-73.84 speed=0.000 pos=(-71.674,0.000,70.913) thr=0.00 steer=-1.00 blocked=false attempts=0 stuck_s=0.00 bounded=true
tick=2250 phase=following reason=path_ready wp=6 dist_wp=20.92 bearing_deg=-55.84 speed=0.000 pos=(-71.674,0.000,70.913) thr=0.00 steer=-1.00 blocked=false attempts=0 stuck_s=0.00 bounded=true
tick=2280 phase=following reason=path_ready wp=6 dist_wp=20.92 bearing_deg=-37.84 speed=0.000 pos=(-71.674,0.000,70.913) thr=0.00 steer=-1.00 blocked=false attempts=0 stuck_s=0.00 bounded=true
tick=2310 phase=following reason=path_ready wp=6 dist_wp=20.92 bearing_deg=-20.29 speed=0.000 pos=(-71.674,0.000,70.913) thr=0.00 steer=-0.83 blocked=false attempts=0 stuck_s=0.00 bounded=true
tick=2340 phase=following reason=path_ready wp=6 dist_wp=20.26 bearing_deg=-10.18 speed=0.595 pos=(-71.823,0.012,70.264) thr=1.00 steer=-0.42 blocked=false attempts=0 stuck_s=0.10 bounded=true
tick=2370 phase=following reason=path_ready wp=6 dist_wp=17.80 bearing_deg=-5.75 speed=1.300 pos=(-72.139,0.014,67.803) thr=1.00 steer=-0.23 blocked=false attempts=0 stuck_s=0.00 bounded=true
tick=2400 phase=following reason=path_ready wp=6 dist_wp=13.53 bearing_deg=-3.83 speed=1.991 pos=(-72.397,0.014,63.520) thr=0.97 steer=-0.15 blocked=false attempts=0 stuck_s=0.03 bounded=true
tick=2430 phase=following reason=path_ready wp=6 dist_wp=7.81 bearing_deg=-3.41 speed=2.360 pos=(-72.487,0.007,57.799) thr=0.71 steer=-0.14 blocked=false attempts=0 stuck_s=0.00 bounded=true
tick=2460 phase=following reason=path_ready wp=6 dist_wp=1.34 bearing_deg=-10.38 speed=2.380 pos=(-72.315,0.002,51.302) thr=0.14 steer=-0.37 blocked=false attempts=0 stuck_s=0.00 bounded=true
tick=2490 phase=following reason=path_ready wp=6 dist_wp=2.64 bearing_deg=-168.22 speed=0.772 pos=(-71.666,0.030,47.377) thr=0.00 steer=-1.00 blocked=false attempts=0 stuck_s=0.00 bounded=true
tick=2520 phase=following reason=path_ready wp=6 dist_wp=3.09 bearing_deg=-152.54 speed=0.000 pos=(-71.494,0.012,46.952) thr=0.00 steer=-1.00 blocked=false attempts=0 stuck_s=0.00 bounded=true
tick=2550 phase=following reason=path_ready wp=6 dist_wp=3.09 bearing_deg=-134.54 speed=0.000 pos=(-71.494,0.001,46.952) thr=0.00 steer=-1.00 blocked=false attempts=0 stuck_s=0.00 bounded=true
tick=2580 phase=following reason=path_ready wp=6 dist_wp=3.09 bearing_deg=-116.54 speed=0.000 pos=(-71.494,0.001,46.952) thr=0.00 steer=-1.00 blocked=false attempts=0 stuck_s=0.00 bounded=true
tick=2610 phase=following reason=path_ready wp=6 dist_wp=3.09 bearing_deg=-98.54 speed=0.000 pos=(-71.494,0.001,46.952) thr=0.00 steer=-1.00 blocked=false attempts=0 stuck_s=0.00 bounded=true
tick=2640 phase=following reason=path_ready wp=6 dist_wp=3.09 bearing_deg=-80.54 speed=0.000 pos=(-71.494,0.001,46.952) thr=0.00 steer=-1.00 blocked=false attempts=0 stuck_s=0.00 bounded=true
tick=2670 phase=following reason=path_ready wp=6 dist_wp=3.09 bearing_deg=-62.54 speed=0.000 pos=(-71.494,0.001,46.952) thr=0.00 steer=-1.00 blocked=false attempts=0 stuck_s=0.00 bounded=true
tick=2700 phase=following reason=path_ready wp=6 dist_wp=3.09 bearing_deg=-44.54 speed=0.000 pos=(-71.494,0.001,46.952) thr=0.00 steer=-1.00 blocked=false attempts=0 stuck_s=0.00 bounded=true
tick=2730 phase=following reason=path_ready wp=6 dist_wp=3.09 bearing_deg=-26.54 speed=0.000 pos=(-71.494,0.001,46.952) thr=0.00 steer=-1.00 blocked=false attempts=0 stuck_s=0.00 bounded=true
tick=2760 phase=following reason=path_ready wp=6 dist_wp=3.03 bearing_deg=-13.09 speed=0.097 pos=(-71.489,0.003,47.010) thr=0.36 steer=-0.54 blocked=false attempts=0 stuck_s=0.22 bounded=true
tick=2790 phase=following reason=path_ready wp=6 dist_wp=2.51 bearing_deg=-7.70 speed=0.300 pos=(-71.500,0.005,47.541) thr=0.31 steer=-0.31 blocked=false attempts=0 stuck_s=0.15 bounded=true
tick=2820 phase=following reason=path_ready wp=6 dist_wp=1.55 bearing_deg=-6.10 speed=0.425 pos=(-71.609,0.003,48.504) thr=0.15 steer=-0.24 blocked=false attempts=0 stuck_s=0.00 bounded=true
tick=2850 phase=following reason=path_ready wp=7 dist_wp=20.21 bearing_deg=130.70 speed=0.000 pos=(-71.671,0.007,48.892) thr=0.00 steer=1.00 blocked=false attempts=0 stuck_s=0.00 bounded=true
tick=2880 phase=following reason=path_ready wp=7 dist_wp=20.21 bearing_deg=112.70 speed=0.000 pos=(-71.671,0.001,48.892) thr=0.00 steer=1.00 blocked=false attempts=0 stuck_s=0.00 bounded=true
tick=2910 phase=following reason=path_ready wp=7 dist_wp=20.21 bearing_deg=94.70 speed=0.000 pos=(-71.671,0.001,48.892) thr=0.00 steer=1.00 blocked=false attempts=0 stuck_s=0.00 bounded=true
tick=2940 phase=following reason=path_ready wp=7 dist_wp=20.21 bearing_deg=76.70 speed=0.000 pos=(-71.671,0.001,48.892) thr=0.00 steer=1.00 blocked=false attempts=0 stuck_s=0.00 bounded=true
tick=2970 phase=following reason=path_ready wp=7 dist_wp=20.21 bearing_deg=58.70 speed=0.000 pos=(-71.671,0.001,48.892) thr=0.00 steer=1.00 blocked=false attempts=0 stuck_s=0.00 bounded=true
tick=3000 phase=following reason=path_ready wp=7 dist_wp=20.21 bearing_deg=40.70 speed=0.000 pos=(-71.671,0.001,48.892) thr=0.00 steer=1.00 blocked=false attempts=0 stuck_s=0.00 bounded=true
tick=3030 phase=following reason=path_ready wp=7 dist_wp=20.21 bearing_deg=22.78 speed=0.000 pos=(-71.671,0.001,48.892) thr=0.00 steer=0.93 blocked=false attempts=0 stuck_s=0.00 bounded=true
tick=3060 phase=following reason=path_ready wp=7 dist_wp=19.79 bearing_deg=11.28 speed=0.476 pos=(-71.300,0.011,48.674) thr=1.00 steer=0.46 blocked=false attempts=0 stuck_s=0.02 bounded=true
tick=3090 phase=following reason=path_ready wp=7 dist_wp=17.63 bearing_deg=6.26 speed=1.184 pos=(-69.544,0.014,47.387) thr=1.00 steer=0.25 blocked=false attempts=0 stuck_s=0.05 bounded=true
tick=3120 phase=following reason=path_ready wp=7 dist_wp=13.65 bearing_deg=4.08 speed=1.877 pos=(-66.505,0.014,44.800) thr=0.97 steer=0.16 blocked=false attempts=0 stuck_s=0.00 bounded=true
tick=3150 phase=following reason=path_ready wp=7 dist_wp=8.12 bearing_deg=3.52 speed=2.265 pos=(-62.459,0.007,41.010) thr=0.73 steer=0.14 blocked=false attempts=0 stuck_s=0.02 bounded=true
tick=3180 phase=following reason=path_ready wp=7 dist_wp=1.81 bearing_deg=8.22 speed=2.460 pos=(-58.027,0.005,36.486) thr=0.24 steer=0.30 blocked=false attempts=0 stuck_s=0.02 bounded=true
tick=3210 phase=following reason=path_ready wp=7 dist_wp=2.39 bearing_deg=168.57 speed=0.853 pos=(-55.486,0.030,33.153) thr=0.00 steer=1.00 blocked=false attempts=0 stuck_s=0.00 bounded=true
tick=3240 phase=following reason=path_ready wp=7 dist_wp=2.94 bearing_deg=153.55 speed=0.000 pos=(-55.252,0.014,32.641) thr=0.00 steer=1.00 blocked=false attempts=0 stuck_s=0.00 bounded=true
tick=3270 phase=following reason=path_ready wp=7 dist_wp=2.94 bearing_deg=135.55 speed=0.000 pos=(-55.252,0.001,32.641) thr=0.00 steer=1.00 blocked=false attempts=0 stuck_s=0.00 bounded=true
tick=3300 phase=following reason=path_ready wp=7 dist_wp=2.94 bearing_deg=117.55 speed=0.000 pos=(-55.252,0.001,32.641) thr=0.00 steer=1.00 blocked=false attempts=0 stuck_s=0.00 bounded=true
tick=3330 phase=following reason=path_ready wp=7 dist_wp=2.94 bearing_deg=99.55 speed=0.000 pos=(-55.252,0.001,32.641) thr=0.00 steer=1.00 blocked=false attempts=0 stuck_s=0.00 bounded=true
tick=3360 phase=following reason=path_ready wp=7 dist_wp=2.94 bearing_deg=81.55 speed=0.000 pos=(-55.252,0.001,32.641) thr=0.00 steer=1.00 blocked=false attempts=0 stuck_s=0.00 bounded=true
tick=3390 phase=following reason=path_ready wp=7 dist_wp=2.94 bearing_deg=63.55 speed=0.000 pos=(-55.252,0.001,32.641) thr=0.00 steer=1.00 blocked=false attempts=0 stuck_s=0.00 bounded=true
tick=3420 phase=following reason=path_ready wp=7 dist_wp=2.94 bearing_deg=45.55 speed=0.000 pos=(-55.252,0.001,32.641) thr=0.00 steer=1.00 blocked=false attempts=0 stuck_s=0.00 bounded=true
tick=3450 phase=following reason=path_ready wp=7 dist_wp=2.94 bearing_deg=27.55 speed=0.000 pos=(-55.252,0.001,32.641) thr=0.00 steer=1.00 blocked=false attempts=0 stuck_s=0.00 bounded=true
tick=3480 phase=following reason=path_ready wp=7 dist_wp=2.89 bearing_deg=13.60 speed=0.085 pos=(-55.289,0.003,32.670) thr=0.35 steer=0.56 blocked=false attempts=0 stuck_s=0.20 bounded=true
tick=3510 phase=following reason=path_ready wp=7 dist_wp=2.41 bearing_deg=7.92 speed=0.277 pos=(-55.632,0.004,33.013) thr=0.29 steer=0.32 blocked=false attempts=0 stuck_s=0.12 bounded=true
tick=3540 phase=following reason=path_ready wp=7 dist_wp=1.52 bearing_deg=6.14 speed=0.394 pos=(-56.206,0.003,33.704) thr=0.14 steer=0.25 blocked=false attempts=0 stuck_s=0.00 bounded=true
tick=3570 phase=following reason=path_ready wp=8 dist_wp=20.09 bearing_deg=157.43 speed=0.000 pos=(-56.417,0.007,33.989) thr=0.00 steer=1.00 blocked=false attempts=0 stuck_s=0.00 bounded=true
tick=3600 phase=following reason=path_ready wp=8 dist_wp=20.09 bearing_deg=139.43 speed=0.000 pos=(-56.417,0.001,33.989) thr=0.00 steer=1.00 blocked=false attempts=0 stuck_s=0.00 bounded=true
tick=3630 phase=following reason=path_ready wp=8 dist_wp=20.09 bearing_deg=121.43 speed=0.000 pos=(-56.417,0.001,33.989) thr=0.00 steer=1.00 blocked=false attempts=0 stuck_s=0.00 bounded=true
tick=3660 phase=following reason=path_ready wp=8 dist_wp=20.09 bearing_deg=103.43 speed=0.000 pos=(-56.417,0.001,33.989) thr=0.00 steer=1.00 blocked=false attempts=0 stuck_s=0.00 bounded=true
tick=3690 phase=following reason=path_ready wp=8 dist_wp=20.09 bearing_deg=85.43 speed=0.000 pos=(-56.417,0.001,33.989) thr=0.00 steer=1.00 blocked=false attempts=0 stuck_s=0.00 bounded=true
tick=3720 phase=following reason=path_ready wp=8 dist_wp=20.09 bearing_deg=67.43 speed=0.000 pos=(-56.417,0.001,33.989) thr=0.00 steer=1.00 blocked=false attempts=0 stuck_s=0.00 bounded=true
tick=3750 phase=following reason=path_ready wp=8 dist_wp=20.09 bearing_deg=49.43 speed=0.000 pos=(-56.417,0.001,33.989) thr=0.00 steer=1.00 blocked=false attempts=0 stuck_s=0.00 bounded=true
tick=3780 phase=following reason=path_ready wp=8 dist_wp=20.09 bearing_deg=31.43 speed=0.000 pos=(-56.417,0.001,33.989) thr=0.00 steer=1.00 blocked=false attempts=0 stuck_s=0.00 bounded=true
tick=3810 phase=following reason=path_ready wp=8 dist_wp=20.06 bearing_deg=15.68 speed=0.119 pos=(-56.390,0.003,33.974) thr=1.00 steer=0.64 blocked=false attempts=0 stuck_s=0.08 bounded=true
tick=3840 phase=following reason=path_ready wp=8 dist_wp=18.82 bearing_deg=8.18 speed=0.831 pos=(-55.347,0.014,33.267) thr=1.00 steer=0.33 blocked=false attempts=0 stuck_s=0.03 bounded=true
tick=3870 phase=following reason=path_ready wp=8 dist_wp=15.75 bearing_deg=4.88 speed=1.533 pos=(-52.958,0.014,31.310) thr=1.00 steer=0.20 blocked=false attempts=0 stuck_s=0.00 bounded=true
tick=3900 phase=following reason=path_ready wp=8 dist_wp=10.90 bearing_deg=3.59 speed=2.185 pos=(-49.379,0.013,28.018) thr=0.86 steer=0.14 blocked=false attempts=0 stuck_s=0.00 bounded=true
tick=3930 phase=following reason=path_ready wp=8 dist_wp=4.94 bearing_deg=4.09 speed=2.460 pos=(-45.162,0.007,23.800) thr=0.54 steer=0.16 blocked=false attempts=0 stuck_s=0.00 bounded=true
tick=3960 phase=following reason=path_ready wp=8 dist_wp=0.85 bearing_deg=164.24 speed=1.563 pos=(-41.334,0.022,19.467) thr=0.00 steer=1.00 blocked=false attempts=0 stuck_s=0.00 bounded=true
tick=3990 phase=following reason=path_ready wp=8 dist_wp=2.57 bearing_deg=161.00 speed=0.000 pos=(-40.450,0.032,17.951) thr=0.00 steer=1.00 blocked=false attempts=0 stuck_s=0.00 bounded=true
tick=4020 phase=following reason=path_ready wp=8 dist_wp=2.57 bearing_deg=143.00 speed=0.000 pos=(-40.450,0.002,17.951) thr=0.00 steer=1.00 blocked=false attempts=0 stuck_s=0.00 bounded=true
tick=4050 phase=following reason=path_ready wp=8 dist_wp=2.57 bearing_deg=125.00 speed=0.000 pos=(-40.450,0.001,17.951) thr=0.00 steer=1.00 blocked=false attempts=0 stuck_s=0.00 bounded=true
tick=4080 phase=following reason=path_ready wp=8 dist_wp=2.57 bearing_deg=107.00 speed=0.000 pos=(-40.450,0.001,17.951) thr=0.00 steer=1.00 blocked=false attempts=0 stuck_s=0.00 bounded=true
tick=4110 phase=following reason=path_ready wp=8 dist_wp=2.57 bearing_deg=89.00 speed=0.000 pos=(-40.450,0.001,17.951) thr=0.00 steer=1.00 blocked=false attempts=0 stuck_s=0.00 bounded=true
tick=4140 phase=following reason=path_ready wp=8 dist_wp=2.57 bearing_deg=71.00 speed=0.000 pos=(-40.450,0.001,17.951) thr=0.00 steer=1.00 blocked=false attempts=0 stuck_s=0.00 bounded=true
tick=4170 phase=following reason=path_ready wp=8 dist_wp=2.57 bearing_deg=53.00 speed=0.000 pos=(-40.450,0.001,17.951) thr=0.00 steer=1.00 blocked=false attempts=0 stuck_s=0.00 bounded=true
tick=4200 phase=following reason=path_ready wp=8 dist_wp=2.57 bearing_deg=35.00 speed=0.000 pos=(-40.450,0.001,17.951) thr=0.00 steer=1.00 blocked=false attempts=0 stuck_s=0.00 bounded=true
tick=4230 phase=following reason=path_ready wp=8 dist_wp=2.57 bearing_deg=18.08 speed=0.000 pos=(-40.450,0.001,17.951) thr=0.00 steer=0.74 blocked=false attempts=0 stuck_s=0.00 bounded=true
tick=4260 phase=following reason=path_ready wp=8 dist_wp=2.57 bearing_deg=8.72 speed=0.000 pos=(-40.450,0.001,17.951) thr=0.31 steer=0.36 blocked=false attempts=0 stuck_s=0.48 bounded=true
tick=4290 phase=following reason=path_ready wp=8 dist_wp=2.57 bearing_deg=4.21 speed=0.000 pos=(-40.450,0.001,17.951) thr=0.31 steer=0.17 blocked=false attempts=0 stuck_s=0.98 bounded=true
tick=4320 phase=following reason=path_ready wp=8 dist_wp=2.57 bearing_deg=2.03 speed=0.000 pos=(-40.450,0.001,17.951) thr=0.31 steer=0.08 blocked=false attempts=0 stuck_s=1.48 bounded=true
tick=4350 phase=following reason=path_ready wp=8 dist_wp=2.57 bearing_deg=0.98 speed=0.000 pos=(-40.450,0.001,17.951) thr=0.31 steer=0.04 blocked=false attempts=0 stuck_s=1.98 bounded=true
tick=4380 phase=reverse reason=insufficient_actual_progress wp=8 dist_wp=2.69 bearing_deg=0.89 speed=-0.096 pos=(-40.377,0.003,17.858) thr=-0.75 steer=0.00 blocked=false attempts=1 stuck_s=0.00 bounded=true
tick=4410 phase=reverse reason=insufficient_actual_progress wp=8 dist_wp=3.07 bearing_deg=0.78 speed=-0.199 pos=(-40.140,0.003,17.554) thr=-0.75 steer=0.00 blocked=false attempts=1 stuck_s=0.00 bounded=true
tick=4440 phase=turn_recovery reason=reverse_complete wp=8 dist_wp=3.38 bearing_deg=-8.85 speed=0.000 pos=(-39.953,0.005,17.315) thr=0.00 steer=1.00 blocked=false attempts=1 stuck_s=0.00 bounded=true
tick=4470 phase=following reason=path_ready wp=0 dist_wp=3.38 bearing_deg=-22.18 speed=0.000 pos=(-39.953,0.001,17.315) thr=0.00 steer=-0.91 blocked=false attempts=1 stuck_s=0.00 bounded=true
tick=4500 phase=following reason=path_ready wp=0 dist_wp=3.36 bearing_deg=-10.76 speed=0.022 pos=(-39.960,0.001,17.331) thr=0.40 steer=-0.44 blocked=false attempts=1 stuck_s=0.35 bounded=true
tick=4530 phase=following reason=path_ready wp=0 dist_wp=3.26 bearing_deg=-5.35 speed=0.051 pos=(-40.009,0.001,17.415) thr=0.39 steer=-0.22 blocked=false attempts=1 stuck_s=0.85 bounded=true
tick=4560 phase=following reason=path_ready wp=0 dist_wp=3.11 bearing_deg=-2.72 speed=0.069 pos=(-40.098,0.001,17.546) thr=0.37 steer=-0.11 blocked=false attempts=1 stuck_s=1.35 bounded=true
tick=4590 phase=following reason=path_ready wp=0 dist_wp=2.92 bearing_deg=-1.40 speed=0.074 pos=(-40.208,0.001,17.698) thr=0.35 steer=-0.06 blocked=false attempts=1 stuck_s=0.27 bounded=true
tick=4620 phase=following reason=path_ready wp=0 dist_wp=2.74 bearing_deg=-0.79 speed=0.063 pos=(-40.316,0.001,17.842) thr=0.33 steer=0.00 blocked=false attempts=1 stuck_s=0.77 bounded=true
tick=4650 phase=following reason=path_ready wp=0 dist_wp=2.61 bearing_deg=-0.79 speed=0.038 pos=(-40.395,0.001,17.947) thr=0.32 steer=0.00 blocked=false attempts=1 stuck_s=0.27 bounded=true
tick=4680 phase=following reason=path_ready wp=0 dist_wp=2.55 bearing_deg=-0.79 speed=0.004 pos=(-40.427,0.002,17.988) thr=0.31 steer=0.00 blocked=false attempts=1 stuck_s=0.77 bounded=true
tick=4710 phase=following reason=path_ready wp=0 dist_wp=2.55 bearing_deg=-0.79 speed=0.000 pos=(-40.427,0.000,17.988) thr=0.31 steer=0.00 blocked=false attempts=1 stuck_s=1.27 bounded=true
tick=4740 phase=following reason=path_ready wp=0 dist_wp=2.55 bearing_deg=-0.79 speed=0.000 pos=(-40.427,0.000,17.988) thr=0.31 steer=0.00 blocked=false attempts=1 stuck_s=1.77 bounded=true
tick=4770 phase=reverse reason=insufficient_actual_progress wp=0 dist_wp=2.59 bearing_deg=-0.78 speed=-0.051 pos=(-40.406,0.002,17.960) thr=-0.75 steer=0.00 blocked=false attempts=2 stuck_s=0.00 bounded=true
tick=4800 phase=reverse reason=insufficient_actual_progress wp=0 dist_wp=2.86 bearing_deg=-0.71 speed=-0.154 pos=(-40.242,0.003,17.745) thr=-0.75 steer=0.00 blocked=false attempts=2 stuck_s=0.00 bounded=true
tick=4830 phase=turn_recovery reason=reverse_complete wp=0 dist_wp=3.36 bearing_deg=1.16 speed=-0.069 pos=(-39.938,0.001,17.345) thr=0.00 steer=-1.00 blocked=false attempts=2 stuck_s=0.00 bounded=true
tick=4860 phase=turn_recovery reason=reverse_complete wp=0 dist_wp=3.36 bearing_deg=19.16 speed=0.000 pos=(-39.938,0.002,17.345) thr=0.00 steer=-1.00 blocked=false attempts=2 stuck_s=0.00 bounded=true
tick=4890 phase=following reason=path_ready wp=0 dist_wp=3.36 bearing_deg=14.74 speed=0.008 pos=(-39.938,0.001,17.345) thr=0.40 steer=0.60 blocked=false attempts=2 stuck_s=0.13 bounded=true
tick=4920 phase=following reason=path_ready wp=0 dist_wp=3.30 bearing_deg=7.25 speed=0.038 pos=(-39.983,0.001,17.387) thr=0.39 steer=0.30 blocked=false attempts=2 stuck_s=0.63 bounded=true
tick=4950 phase=following reason=path_ready wp=0 dist_wp=3.17 bearing_deg=3.65 speed=0.061 pos=(-40.071,0.001,17.483) thr=0.38 steer=0.15 blocked=false attempts=2 stuck_s=1.13 bounded=true
tick=4980 phase=following reason=path_ready wp=0 dist_wp=3.00 bearing_deg=1.86 speed=0.071 pos=(-40.183,0.001,17.616) thr=0.36 steer=0.08 blocked=false attempts=2 stuck_s=0.02 bounded=true
tick=5010 phase=following reason=path_ready wp=0 dist_wp=2.82 bearing_deg=0.96 speed=0.067 pos=(-40.296,0.001,17.758) thr=0.34 steer=0.04 blocked=false attempts=2 stuck_s=0.52 bounded=true
tick=5040 phase=following reason=path_ready wp=0 dist_wp=2.66 bearing_deg=0.80 speed=0.048 pos=(-40.389,0.001,17.877) thr=0.32 steer=0.00 blocked=false attempts=2 stuck_s=1.02 bounded=true
tick=5070 phase=following reason=path_ready wp=0 dist_wp=2.58 bearing_deg=0.78 speed=0.019 pos=(-40.443,0.002,17.946) thr=0.31 steer=0.00 blocked=false attempts=2 stuck_s=0.45 bounded=true
tick=5100 phase=following reason=path_ready wp=0 dist_wp=2.57 bearing_deg=0.79 speed=0.000 pos=(-40.448,0.000,17.953) thr=0.31 steer=0.00 blocked=false attempts=2 stuck_s=0.95 bounded=true
tick=5130 phase=following reason=path_ready wp=0 dist_wp=2.57 bearing_deg=0.79 speed=0.000 pos=(-40.448,0.000,17.953) thr=0.31 steer=0.00 blocked=false attempts=2 stuck_s=1.45 bounded=true
tick=5160 phase=following reason=path_ready wp=0 dist_wp=2.57 bearing_deg=0.79 speed=0.000 pos=(-40.448,0.000,17.953) thr=0.31 steer=0.00 blocked=false attempts=2 stuck_s=1.95 bounded=true
tick=5190 phase=reverse reason=insufficient_actual_progress wp=0 dist_wp=2.67 bearing_deg=0.76 speed=-0.089 pos=(-40.385,0.003,17.872) thr=-0.75 steer=0.00 blocked=false attempts=3 stuck_s=0.00 bounded=true
tick=5220 phase=reverse reason=insufficient_actual_progress wp=0 dist_wp=3.04 bearing_deg=0.66 speed=-0.192 pos=(-40.159,0.003,17.582) thr=-0.75 steer=0.00 blocked=false attempts=3 stuck_s=0.00 bounded=true
tick=5250 phase=turn_recovery reason=reverse_complete wp=0 dist_wp=3.38 bearing_deg=-7.76 speed=0.000 pos=(-39.952,0.005,17.316) thr=0.00 steer=1.00 blocked=false attempts=3 stuck_s=0.00 bounded=true
tick=5280 phase=following reason=path_ready wp=0 dist_wp=3.38 bearing_deg=-23.39 speed=0.000 pos=(-39.952,0.001,17.316) thr=0.00 steer=-0.96 blocked=false attempts=3 stuck_s=0.00 bounded=true
tick=5310 phase=following reason=path_ready wp=0 dist_wp=3.36 bearing_deg=-11.33 speed=0.020 pos=(-39.958,0.001,17.328) thr=0.40 steer=-0.46 blocked=false attempts=3 stuck_s=0.32 bounded=true
tick=5340 phase=following reason=path_ready wp=0 dist_wp=3.27 bearing_deg=-5.63 speed=0.049 pos=(-40.004,0.001,17.408) thr=0.39 steer=-0.23 blocked=false attempts=3 stuck_s=0.82 bounded=true
tick=5370 phase=following reason=path_ready wp=0 dist_wp=3.12 bearing_deg=-2.86 speed=0.068 pos=(-40.090,0.001,17.537) thr=0.37 steer=-0.12 blocked=false attempts=3 stuck_s=1.32 bounded=true
tick=5400 phase=following reason=path_ready wp=0 dist_wp=2.93 bearing_deg=-1.47 speed=0.074 pos=(-40.200,0.001,17.689) thr=0.35 steer=-0.06 blocked=false attempts=3 stuck_s=0.23 bounded=true
tick=5430 phase=following reason=path_ready wp=0 dist_wp=2.75 bearing_deg=-0.79 speed=0.064 pos=(-40.308,0.001,17.833) thr=0.33 steer=0.00 blocked=false attempts=3 stuck_s=0.73 bounded=true
tick=5460 phase=following reason=path_ready wp=0 dist_wp=2.61 bearing_deg=-0.80 speed=0.040 pos=(-40.391,0.001,17.942) thr=0.32 steer=0.00 blocked=false attempts=3 stuck_s=0.23 bounded=true
tick=5490 phase=following reason=path_ready wp=0 dist_wp=2.55 bearing_deg=-0.79 speed=0.007 pos=(-40.426,0.002,17.988) thr=0.31 steer=0.00 blocked=false attempts=3 stuck_s=0.73 bounded=true
tick=5520 phase=following reason=path_ready wp=0 dist_wp=2.55 bearing_deg=-0.79 speed=0.000 pos=(-40.426,0.000,17.988) thr=0.31 steer=0.00 blocked=false attempts=3 stuck_s=1.23 bounded=true
tick=5550 phase=following reason=path_ready wp=0 dist_wp=2.55 bearing_deg=-0.79 speed=0.000 pos=(-40.426,0.000,17.988) thr=0.31 steer=0.00 blocked=false attempts=3 stuck_s=1.73 bounded=true
