tick=0 phase=following reason=path_ready wp=1 dist_wp=13.42 bearing_deg=26.57 speed=0.000 pos=(-27.000,0.004,116.000) thr=0.00 steer=1.00 blocked=false attempts=0 stuck_s=0.00 pitch=-0.00 roll=0.00 normal_y=1.00 contacts=0[] bounded=true
tick=30 phase=following reason=path_ready wp=1 dist_wp=13.32 bearing_deg=13.28 speed=0.185 pos=(-27.022,0.005,115.899) thr=0.95 steer=0.54 blocked=false attempts=0 stuck_s=0.20 pitch=0.08 roll=0.00 normal_y=1.00 contacts=3[VillageTerrain,VillageTerrain,VillageTerrain] bounded=true
tick=60 phase=following reason=path_ready wp=1 dist_wp=12.25 bearing_deg=7.05 speed=0.632 pos=(-27.354,0.009,114.877) thr=0.91 steer=0.29 blocked=false attempts=0 stuck_s=0.00 pitch=0.16 roll=0.00 normal_y=1.00 contacts=3[VillageTerrain,VillageTerrain,VillageTerrain] bounded=true
tick=90 phase=following reason=path_ready wp=1 dist_wp=10.11 bearing_deg=4.23 speed=1.023 pos=(-28.185,0.008,112.887) thr=0.82 steer=0.17 blocked=false attempts=0 stuck_s=0.03 pitch=0.14 roll=0.00 normal_y=1.00 contacts=3[VillageTerrain,VillageTerrain,VillageTerrain] bounded=true
tick=120 phase=following reason=path_ready wp=1 dist_wp=7.07 bearing_deg=3.02 speed=1.318 pos=(-29.499,0.007,110.145) thr=0.67 steer=0.12 blocked=false attempts=0 stuck_s=0.05 pitch=0.11 roll=0.00 normal_y=1.00 contacts=3[VillageTerrain,VillageTerrain,VillageTerrain] bounded=true
tick=150 phase=following reason=path_ready wp=1 dist_wp=3.47 bearing_deg=3.09 speed=1.459 pos=(-31.176,0.004,106.950) thr=0.42 steer=0.12 blocked=false attempts=0 stuck_s=0.00 pitch=0.05 roll=0.00 normal_y=1.00 contacts=3[VillageTerrain,VillageTerrain,VillageTerrain] bounded=true
tick=180 phase=following reason=path_ready wp=1 dist_wp=0.36 bearing_deg=15.25 speed=0.568 pos=(-32.735,0.021,104.239) thr=0.00 steer=0.55 blocked=false attempts=0 stuck_s=0.00 pitch=-0.38 roll=0.00 normal_y=1.00 contacts=3[VillageTerrain,VillageTerrain,VillageTerrain] bounded=true
tick=210 phase=following reason=path_ready wp=2 dist_wp=20.52 bearing_deg=56.88 speed=0.000 pos=(-32.853,0.009,104.066) thr=0.00 steer=1.00 blocked=false attempts=0 stuck_s=0.00 pitch=-0.15 roll=0.00 normal_y=1.00 contacts=1[VillageTerrain] bounded=true
tick=240 phase=following reason=path_ready wp=2 dist_wp=20.52 bearing_deg=38.88 speed=0.000 pos=(-32.853,0.001,104.066) thr=0.00 steer=1.00 blocked=false attempts=0 stuck_s=0.00 pitch=-0.01 roll=0.00 normal_y=1.00 contacts=1[VillageTerrain] bounded=true
tick=270 phase=following reason=path_ready wp=2 dist_wp=20.52 bearing_deg=21.16 speed=0.000 pos=(-32.853,0.000,104.066) thr=0.00 steer=0.87 blocked=false attempts=0 stuck_s=0.00 pitch=-0.00 roll=0.00 normal_y=1.00 contacts=1[VillageTerrain] bounded=true
tick=300 phase=following reason=path_ready wp=2 dist_wp=20.14 bearing_deg=10.45 speed=0.383 pos=(-33.245,0.009,104.097) thr=1.00 steer=0.43 blocked=false attempts=0 stuck_s=0.00 pitch=0.15 roll=0.00 normal_y=1.00 contacts=3[VillageTerrain,VillageTerrain,VillageTerrain] bounded=true
tick=330 phase=following reason=path_ready wp=2 dist_wp=18.51 bearing_deg=5.59 speed=0.879 pos=(-34.860,0.010,104.383) thr=1.00 steer=0.23 blocked=false attempts=0 stuck_s=0.02 pitch=0.18 roll=0.00 normal_y=1.00 contacts=3[VillageTerrain,VillageTerrain,VillageTerrain] bounded=true
tick=360 phase=following reason=path_ready wp=2 dist_wp=15.61 bearing_deg=3.30 speed=1.369 pos=(-37.680,0.010,105.080) thr=1.00 steer=0.13 blocked=false attempts=0 stuck_s=0.02 pitch=0.18 roll=0.00 normal_y=1.00 contacts=3[VillageTerrain,VillageTerrain,VillageTerrain] bounded=true
tick=390 phase=following reason=path_ready wp=2 dist_wp=11.48 bearing_deg=2.27 speed=1.821 pos=(-41.653,0.009,106.228) thr=0.88 steer=0.09 blocked=false attempts=0 stuck_s=0.02 pitch=0.16 roll=0.00 normal_y=1.00 contacts=3[VillageTerrain,VillageTerrain,VillageTerrain] bounded=true
tick=420 phase=following reason=path_ready wp=2 dist_wp=6.38 bearing_deg=2.09 speed=2.117 pos=(-46.519,0.007,107.777) thr=0.63 steer=0.08 blocked=false attempts=0 stuck_s=0.02 pitch=0.11 roll=0.00 normal_y=1.00 contacts=3[VillageTerrain,VillageTerrain,VillageTerrain] bounded=true
tick=450 phase=following reason=path_ready wp=2 dist_wp=0.95 bearing_deg=7.25 speed=1.810 pos=(-51.662,0.007,109.562) thr=0.00 steer=0.25 blocked=false attempts=0 stuck_s=0.00 pitch=-0.11 roll=0.00 normal_y=1.00 contacts=3[VillageTerrain,VillageTerrain,VillageTerrain] bounded=true
tick=480 phase=following reason=path_ready wp=3 dist_wp=19.00 bearing_deg=-14.60 speed=0.397 pos=(-53.792,0.028,110.558) thr=1.00 steer=-0.60 blocked=false attempts=0 stuck_s=0.08 pitch=-0.49 roll=0.00 normal_y=1.00 contacts=3[VillageTerrain,VillageTerrain,VillageTerrain] bounded=true
tick=510 phase=following reason=path_ready wp=3 dist_wp=17.36 bearing_deg=-7.86 speed=0.891 pos=(-55.292,0.008,111.302) thr=1.00 steer=-0.32 blocked=false attempts=0 stuck_s=0.05 pitch=0.14 roll=0.00 normal_y=1.00 contacts=3[VillageTerrain,VillageTerrain,VillageTerrain] bounded=true
tick=540 phase=following reason=path_ready wp=3 dist_wp=14.44 bearing_deg=-4.71 speed=1.380 pos=(-58.031,0.010,112.356) thr=1.00 steer=-0.19 blocked=false attempts=0 stuck_s=0.05 pitch=0.17 roll=0.00 normal_y=1.00 contacts=3[VillageTerrain,VillageTerrain,VillageTerrain] bounded=true
tick=570 phase=following reason=path_ready wp=3 dist_wp=10.32 bearing_deg=-3.33 speed=1.798 pos=(-61.957,0.009,113.618) thr=0.83 steer=-0.13 blocked=false attempts=0 stuck_s=0.03 pitch=0.15 roll=0.00 normal_y=1.00 contacts=3[VillageTerrain,VillageTerrain,VillageTerrain] bounded=true
tick=600 phase=following reason=path_ready wp=3 dist_wp=5.32 bearing_deg=-3.30 speed=2.074 pos=(-66.781,0.006,114.961) thr=0.56 steer=-0.13 blocked=false attempts=0 stuck_s=0.00 pitch=0.10 roll=0.00 normal_y=1.00 contacts=3[VillageTerrain,VillageTerrain,VillageTerrain] bounded=true
tick=630 phase=following reason=path_ready wp=3 dist_wp=0.41 bearing_deg=27.52 speed=1.542 pos=(-71.689,0.014,115.734) thr=0.00 steer=0.86 blocked=false attempts=0 stuck_s=0.00 pitch=-0.23 roll=0.00 normal_y=1.00 contacts=3[VillageTerrain,VillageTerrain,VillageTerrain] bounded=true
tick=660 phase=following reason=path_ready wp=4 dist_wp=22.34 bearing_deg=-114.55 speed=0.000 pos=(-73.383,0.030,116.302) thr=0.00 steer=-1.00 blocked=false attempts=0 stuck_s=0.00 pitch=-0.56 roll=0.00 normal_y=1.00 contacts=1[VillageTerrain] bounded=true
tick=690 phase=following reason=path_ready wp=4 dist_wp=22.34 bearing_deg=-96.55 speed=0.000 pos=(-73.383,0.003,116.302) thr=0.00 steer=-1.00 blocked=false attempts=0 stuck_s=0.00 pitch=-0.04 roll=0.00 normal_y=1.00 contacts=1[VillageTerrain] bounded=true
tick=720 phase=following reason=path_ready wp=4 dist_wp=22.34 bearing_deg=-78.55 speed=0.000 pos=(-73.383,0.000,116.302) thr=0.00 steer=-1.00 blocked=false attempts=0 stuck_s=0.00 pitch=-0.00 roll=0.00 normal_y=1.00 contacts=1[VillageTerrain] bounded=true
tick=750 phase=following reason=path_ready wp=4 dist_wp=22.34 bearing_deg=-60.55 speed=0.000 pos=(-73.383,0.000,116.302) thr=0.00 steer=-1.00 blocked=false attempts=0 stuck_s=0.00 pitch=-0.00 roll=0.00 normal_y=1.00 contacts=1[VillageTerrain] bounded=true
tick=780 phase=following reason=path_ready wp=4 dist_wp=22.34 bearing_deg=-42.55 speed=0.000 pos=(-73.383,0.000,116.302) thr=0.00 steer=-1.00 blocked=false attempts=0 stuck_s=0.00 pitch=-0.00 roll=0.00 normal_y=1.00 contacts=1[VillageTerrain] bounded=true
tick=810 phase=following reason=path_ready wp=4 dist_wp=22.34 bearing_deg=-24.55 speed=0.000 pos=(-73.383,0.000,116.302) thr=0.00 steer=-1.00 blocked=false attempts=0 stuck_s=0.00 pitch=-0.00 roll=0.00 normal_y=1.00 contacts=1[VillageTerrain] bounded=true
tick=840 phase=following reason=path_ready wp=4 dist_wp=22.08 bearing_deg=-12.03 speed=0.356 pos=(-73.431,0.009,116.032) thr=1.00 steer=-0.49 blocked=false attempts=0 stuck_s=0.28 pitch=0.15 roll=0.00 normal_y=1.00 contacts=3[VillageTerrain,VillageTerrain,VillageTerrain] bounded=true
tick=870 phase=following reason=path_ready wp=4 dist_wp=20.32 bearing_deg=-6.43 speed=1.014 pos=(-73.562,0.013,114.258) thr=1.00 steer=-0.26 blocked=false attempts=0 stuck_s=0.00 pitch=0.23 roll=0.00 normal_y=1.00 contacts=3[VillageTerrain,VillageTerrain,VillageTerrain] bounded=true
tick=900 phase=following reason=path_ready wp=4 dist_wp=16.82 bearing_deg=-3.90 speed=1.704 pos=(-73.559,0.014,110.749) thr=1.00 steer=-0.16 blocked=false attempts=0 stuck_s=0.03 pitch=0.25 roll=0.00 normal_y=1.00 contacts=3[VillageTerrain,VillageTerrain,VillageTerrain] bounded=true
tick=930 phase=following reason=path_ready wp=4 dist_wp=11.59 bearing_deg=-2.90 speed=2.253 pos=(-73.315,0.011,105.516) thr=0.89 steer=-0.12 blocked=false attempts=0 stuck_s=0.00 pitch=0.20 roll=0.00 normal_y=1.00 contacts=3[VillageTerrain,VillageTerrain,VillageTerrain] bounded=true
tick=960 phase=following reason=path_ready wp=4 dist_wp=5.35 bearing_deg=-3.25 speed=2.641 pos=(-72.813,0.009,99.287) thr=0.57 steer=-0.13 blocked=false attempts=0 stuck_s=0.00 pitch=0.15 roll=0.00 normal_y=1.00 contacts=3[VillageTerrain,VillageTerrain,VillageTerrain] bounded=true
tick=990 phase=following reason=path_ready wp=4 dist_wp=0.96 bearing_deg=-167.72 speed=1.828 pos=(-71.991,0.020,93.045) thr=0.00 steer=-1.00 blocked=false attempts=0 stuck_s=0.00 pitch=-0.35 roll=0.00 normal_y=1.00 contacts=3[VillageTerrain,VillageTerrain,VillageTerrain] bounded=true
tick=1020 phase=following reason=path_ready wp=4 dist_wp=3.48 bearing_deg=-164.22 speed=0.242 pos=(-71.140,0.032,90.624) thr=0.00 steer=-1.00 blocked=false attempts=0 stuck_s=0.00 pitch=-0.56 roll=0.00 normal_y=1.00 contacts=3[VillageTerrain,VillageTerrain,VillageTerrain] bounded=true
tick=1050 phase=following reason=path_ready wp=4 dist_wp=3.52 bearing_deg=-146.42 speed=0.000 pos=(-71.120,0.005,90.591) thr=0.00 steer=-1.00 blocked=false attempts=0 stuck_s=0.00 pitch=-0.08 roll=0.00 normal_y=1.00 contacts=1[VillageTerrain] bounded=true
tick=1080 phase=following reason=path_ready wp=4 dist_wp=3.52 bearing_deg=-128.42 speed=0.000 pos=(-71.120,0.001,90.591) thr=0.00 steer=-1.00 blocked=false attempts=0 stuck_s=0.00 pitch=-0.00 roll=0.00 normal_y=1.00 contacts=1[VillageTerrain] bounded=true
tick=1110 phase=following reason=path_ready wp=4 dist_wp=3.52 bearing_deg=-110.42 speed=0.000 pos=(-71.120,0.001,90.591) thr=0.00 steer=-1.00 blocked=false attempts=0 stuck_s=0.00 pitch=-0.00 roll=0.00 normal_y=1.00 contacts=1[VillageTerrain] bounded=true
tick=1140 phase=following reason=path_ready wp=4 dist_wp=3.52 bearing_deg=-92.42 speed=0.000 pos=(-71.120,0.001,90.591) thr=0.00 steer=-1.00 blocked=false attempts=0 stuck_s=0.00 pitch=-0.00 roll=0.00 normal_y=1.00 contacts=1[VillageTerrain] bounded=true
tick=1170 phase=following reason=path_ready wp=4 dist_wp=3.52 bearing_deg=-74.42 speed=0.000 pos=(-71.120,0.001,90.591) thr=0.00 steer=-1.00 blocked=false attempts=0 stuck_s=0.00 pitch=-0.00 roll=0.00 normal_y=1.00 contacts=1[VillageTerrain] bounded=true
tick=1200 phase=following reason=path_ready wp=4 dist_wp=3.52 bearing_deg=-56.42 speed=0.000 pos=(-71.120,0.001,90.591) thr=0.00 steer=-1.00 blocked=false attempts=0 stuck_s=0.00 pitch=-0.00 roll=0.00 normal_y=1.00 contacts=1[VillageTerrain] bounded=true
tick=1230 phase=following reason=path_ready wp=4 dist_wp=3.52 bearing_deg=-38.42 speed=0.000 pos=(-71.120,0.001,90.591) thr=0.00 steer=-1.00 blocked=false attempts=0 stuck_s=0.00 pitch=-0.00 roll=0.00 normal_y=1.00 contacts=1[VillageTerrain] bounded=true
tick=1260 phase=following reason=path_ready wp=4 dist_wp=3.52 bearing_deg=-20.77 speed=0.000 pos=(-71.120,0.001,90.591) thr=0.00 steer=-0.85 blocked=false attempts=0 stuck_s=0.00 pitch=-0.00 roll=0.00 normal_y=1.00 contacts=1[VillageTerrain] bounded=true
tick=1290 phase=following reason=path_ready wp=4 dist_wp=3.31 bearing_deg=-10.70 speed=0.202 pos=(-71.129,0.005,90.808) thr=0.39 steer=-0.44 blocked=false attempts=0 stuck_s=0.40 pitch=0.08 roll=0.00 normal_y=1.00 contacts=3[VillageTerrain,VillageTerrain,VillageTerrain] bounded=true
tick=1320 phase=following reason=path_ready wp=4 dist_wp=2.50 bearing_deg=-6.91 speed=0.416 pos=(-71.246,0.005,91.617) thr=0.31 steer=-0.28 blocked=false attempts=0 stuck_s=0.13 pitch=0.08 roll=0.00 normal_y=1.00 contacts=3[VillageTerrain,VillageTerrain,VillageTerrain] bounded=true
tick=1350 phase=following reason=path_ready wp=4 dist_wp=1.27 bearing_deg=-6.66 speed=0.465 pos=(-71.526,0.003,92.820) thr=0.05 steer=-0.26 blocked=false attempts=0 stuck_s=0.00 pitch=0.03 roll=0.00 normal_y=1.00 contacts=3[VillageTerrain,VillageTerrain,VillageTerrain] bounded=true
tick=1380 phase=following reason=path_ready wp=5 dist_wp=20.98 bearing_deg=-146.96 speed=0.000 pos=(-71.570,0.005,92.972) thr=0.00 steer=-1.00 blocked=false attempts=0 stuck_s=0.00 pitch=-0.08 roll=0.00 normal_y=1.00 contacts=1[VillageTerrain] bounded=true
tick=1410 phase=following reason=path_ready wp=5 dist_wp=20.98 bearing_deg=-128.96 speed=0.000 pos=(-71.570,0.001,92.972) thr=0.00 steer=-1.00 blocked=false attempts=0 stuck_s=0.00 pitch=-0.00 roll=0.00 normal_y=1.00 contacts=1[VillageTerrain] bounded=true
tick=1440 phase=following reason=path_ready wp=5 dist_wp=20.98 bearing_deg=-110.96 speed=0.000 pos=(-71.570,0.001,92.972) thr=0.00 steer=-1.00 blocked=false attempts=0 stuck_s=0.00 pitch=-0.00 roll=0.00 normal_y=1.00 contacts=1[VillageTerrain] bounded=true
tick=1470 phase=following reason=path_ready wp=5 dist_wp=20.98 bearing_deg=-92.96 speed=0.000 pos=(-71.570,0.001,92.972) thr=0.00 steer=-1.00 blocked=false attempts=0 stuck_s=0.00 pitch=-0.00 roll=0.00 normal_y=1.00 contacts=1[VillageTerrain] bounded=true
tick=1500 phase=following reason=path_ready wp=5 dist_wp=20.98 bearing_deg=-74.96 speed=0.000 pos=(-71.570,0.001,92.972) thr=0.00 steer=-1.00 blocked=false attempts=0 stuck_s=0.00 pitch=-0.00 roll=0.00 normal_y=1.00 contacts=1[VillageTerrain] bounded=true
tick=1530 phase=following reason=path_ready wp=5 dist_wp=20.98 bearing_deg=-56.96 speed=0.000 pos=(-71.570,0.001,92.972) thr=0.00 steer=-1.00 blocked=false attempts=0 stuck_s=0.00 pitch=-0.00 roll=0.00 normal_y=1.00 contacts=1[VillageTerrain] bounded=true
tick=1560 phase=following reason=path_ready wp=5 dist_wp=20.98 bearing_deg=-38.96 speed=0.000 pos=(-71.570,0.001,92.972) thr=0.00 steer=-1.00 blocked=false attempts=0 stuck_s=0.00 pitch=-0.00 roll=0.00 normal_y=1.00 contacts=1[VillageTerrain] bounded=true
tick=1590 phase=following reason=path_ready wp=5 dist_wp=20.98 bearing_deg=-21.23 speed=0.000 pos=(-71.570,0.001,92.972) thr=0.00 steer=-0.87 blocked=false attempts=0 stuck_s=0.00 pitch=-0.00 roll=0.00 normal_y=1.00 contacts=1[VillageTerrain] bounded=true
tick=1620 phase=following reason=path_ready wp=5 dist_wp=20.43 bearing_deg=-10.59 speed=0.547 pos=(-71.702,0.012,92.426) thr=1.00 steer=-0.43 blocked=false attempts=0 stuck_s=0.05 pitch=0.21 roll=0.00 normal_y=1.00 contacts=3[VillageTerrain,VillageTerrain,VillageTerrain] bounded=true
tick=1650 phase=following reason=path_ready wp=5 dist_wp=18.11 bearing_deg=-5.92 speed=1.254 pos=(-72.024,0.014,90.107) thr=1.00 steer=-0.24 blocked=false attempts=0 stuck_s=0.02 pitch=0.25 roll=0.00 normal_y=1.00 contacts=3[VillageTerrain,VillageTerrain,VillageTerrain] bounded=true
tick=1680 phase=following reason=path_ready wp=5 dist_wp=13.98 bearing_deg=-3.87 speed=1.947 pos=(-72.308,0.014,85.977) thr=0.98 steer=-0.16 blocked=false attempts=0 stuck_s=0.03 pitch=0.25 roll=0.00 normal_y=1.00 contacts=3[VillageTerrain,VillageTerrain,VillageTerrain] bounded=true
tick=1710 phase=following reason=path_ready wp=5 dist_wp=8.37 bearing_deg=-3.33 speed=2.332 pos=(-72.441,0.007,80.358) thr=0.74 steer=-0.13 blocked=false attempts=0 stuck_s=0.02 pitch=0.12 roll=0.00 normal_y=1.00 contacts=3[VillageTerrain,VillageTerrain,VillageTerrain] bounded=true
tick=1740 phase=following reason=path_ready wp=5 dist_wp=1.92 bearing_deg=-7.56 speed=2.536 pos=(-72.332,0.006,73.889) thr=0.25 steer=-0.28 blocked=false attempts=0 stuck_s=0.02 pitch=0.09 roll=0.00 normal_y=1.00 contacts=3[VillageTerrain,VillageTerrain,VillageTerrain] bounded=true
tick=1770 phase=following reason=path_ready wp=5 dist_wp=2.44 bearing_deg=-169.02 speed=0.926 pos=(-71.742,0.030,69.577) thr=0.00 steer=-1.00 blocked=false attempts=0 stuck_s=0.00 pitch=-0.53 roll=0.00 normal_y=1.00 contacts=3[VillageTerrain,VillageTerrain,VillageTerrain] bounded=true
tick=1800 phase=following reason=path_ready wp=5 dist_wp=3.08 bearing_deg=-154.34 speed=0.000 pos=(-71.508,0.016,68.958) thr=0.00 steer=-1.00 blocked=false attempts=0 stuck_s=0.00 pitch=-0.29 roll=0.00 normal_y=1.00 contacts=1[VillageTerrain] bounded=true
tick=1830 phase=following reason=path_ready wp=5 dist_wp=3.08 bearing_deg=-136.34 speed=0.000 pos=(-71.508,0.002,68.958) thr=0.00 steer=-1.00 blocked=false attempts=0 stuck_s=0.00 pitch=-0.01 roll=0.00 normal_y=1.00 contacts=1[VillageTerrain] bounded=true
tick=1860 phase=following reason=path_ready wp=5 dist_wp=3.08 bearing_deg=-118.34 speed=0.000 pos=(-71.508,0.000,68.958) thr=0.00 steer=-1.00 blocked=false attempts=0 stuck_s=0.00 pitch=-0.00 roll=0.00 normal_y=1.00 contacts=1[VillageTerrain] bounded=true
tick=1890 phase=following reason=path_ready wp=5 dist_wp=3.08 bearing_deg=-100.34 speed=0.000 pos=(-71.508,0.000,68.958) thr=0.00 steer=-1.00 blocked=false attempts=0 stuck_s=0.00 pitch=-0.00 roll=0.00 normal_y=1.00 contacts=1[VillageTerrain] bounded=true
tick=1920 phase=following reason=path_ready wp=5 dist_wp=3.08 bearing_deg=-82.34 speed=0.000 pos=(-71.508,0.000,68.958) thr=0.00 steer=-1.00 blocked=false attempts=0 stuck_s=0.00 pitch=-0.00 roll=0.00 normal_y=1.00 contacts=1[VillageTerrain] bounded=true
tick=1950 phase=following reason=path_ready wp=5 dist_wp=3.08 bearing_deg=-64.34 speed=0.000 pos=(-71.508,0.000,68.958) thr=0.00 steer=-1.00 blocked=false attempts=0 stuck_s=0.00 pitch=-0.00 roll=0.00 normal_y=1.00 contacts=1[VillageTerrain] bounded=true
tick=1980 phase=following reason=path_ready wp=5 dist_wp=3.08 bearing_deg=-46.34 speed=0.000 pos=(-71.508,0.000,68.958) thr=0.00 steer=-1.00 blocked=false attempts=0 stuck_s=0.00 pitch=-0.00 roll=0.00 normal_y=1.00 contacts=1[VillageTerrain] bounded=true
tick=2010 phase=following reason=path_ready wp=5 dist_wp=3.08 bearing_deg=-28.34 speed=0.000 pos=(-71.508,0.000,68.958) thr=0.00 steer=-1.00 blocked=false attempts=0 stuck_s=0.00 pitch=-0.00 roll=0.00 normal_y=1.00 contacts=1[VillageTerrain] bounded=true
tick=2040 phase=following reason=path_ready wp=5 dist_wp=3.05 bearing_deg=-13.97 speed=0.075 pos=(-71.505,0.003,68.992) thr=0.36 steer=-0.57 blocked=false attempts=0 stuck_s=0.17 pitch=0.03 roll=0.00 normal_y=1.00 contacts=3[VillageTerrain,VillageTerrain,VillageTerrain] bounded=true
tick=2070 phase=following reason=path_ready wp=5 dist_wp=2.58 bearing_deg=-8.01 speed=0.282 pos=(-71.508,0.005,69.467) thr=0.32 steer=-0.33 blocked=false attempts=0 stuck_s=0.10 pitch=0.07 roll=0.00 normal_y=1.00 contacts=3[VillageTerrain,VillageTerrain,VillageTerrain] bounded=true
tick=2100 phase=following reason=path_ready wp=5 dist_wp=1.66 bearing_deg=-6.08 speed=0.418 pos=(-71.601,0.004,70.388) thr=0.18 steer=-0.24 blocked=false attempts=0 stuck_s=0.15 pitch=0.05 roll=0.00 normal_y=1.00 contacts=3[VillageTerrain,VillageTerrain,VillageTerrain] bounded=true
tick=2130 phase=following reason=path_ready wp=6 dist_wp=20.88 bearing_deg=-158.80 speed=0.000 pos=(-71.679,0.009,70.881) thr=0.00 steer=-1.00 blocked=false attempts=0 stuck_s=0.00 pitch=-0.15 roll=0.00 normal_y=1.00 contacts=1[VillageTerrain] bounded=true
tick=2160 phase=following reason=path_ready wp=6 dist_wp=20.88 bearing_deg=-140.80 speed=0.000 pos=(-71.679,0.000,70.881) thr=0.00 steer=-1.00 blocked=false attempts=0 stuck_s=0.00 pitch=-0.01 roll=0.00 normal_y=1.00 contacts=1[VillageTerrain] bounded=true
tick=2190 phase=following reason=path_ready wp=6 dist_wp=20.88 bearing_deg=-122.80 speed=0.000 pos=(-71.679,0.000,70.881) thr=0.00 steer=-1.00 blocked=false attempts=0 stuck_s=0.00 pitch=-0.00 roll=0.00 normal_y=1.00 contacts=1[VillageTerrain] bounded=true
tick=2220 phase=following reason=path_ready wp=6 dist_wp=20.88 bearing_deg=-104.80 speed=0.000 pos=(-71.679,0.000,70.881) thr=0.00 steer=-1.00 blocked=false attempts=0 stuck_s=0.00 pitch=-0.00 roll=0.00 normal_y=1.00 contacts=1[VillageTerrain] bounded=true
tick=2250 phase=following reason=path_ready wp=6 dist_wp=20.88 bearing_deg=-86.80 speed=0.000 pos=(-71.679,0.000,70.881) thr=0.00 steer=-1.00 blocked=false attempts=0 stuck_s=0.00 pitch=-0.00 roll=0.00 normal_y=1.00 contacts=1[VillageTerrain] bounded=true
tick=2280 phase=following reason=path_ready wp=6 dist_wp=20.88 bearing_deg=-68.80 speed=0.000 pos=(-71.679,0.000,70.881) thr=0.00 steer=-1.00 blocked=false attempts=0 stuck_s=0.00 pitch=-0.00 roll=0.00 normal_y=1.00 contacts=1[VillageTerrain] bounded=true
tick=2310 phase=following reason=path_ready wp=6 dist_wp=20.88 bearing_deg=-50.80 speed=0.000 pos=(-71.679,0.000,70.881) thr=0.00 steer=-1.00 blocked=false attempts=0 stuck_s=0.00 pitch=-0.00 roll=0.00 normal_y=1.00 contacts=1[VillageTerrain] bounded=true
tick=2340 phase=following reason=path_ready wp=6 dist_wp=20.88 bearing_deg=-32.80 speed=0.000 pos=(-71.679,0.000,70.881) thr=0.00 steer=-1.00 blocked=false attempts=0 stuck_s=0.00 pitch=-0.00 roll=0.00 normal_y=1.00 contacts=1[VillageTerrain] bounded=true
tick=2370 phase=following reason=path_ready wp=6 dist_wp=20.87 bearing_deg=-16.55 speed=0.071 pos=(-71.683,0.002,70.869) thr=1.00 steer=-0.68 blocked=false attempts=0 stuck_s=0.05 pitch=0.02 roll=0.00 normal_y=1.00 contacts=3[VillageTerrain,VillageTerrain,VillageTerrain] bounded=true
tick=2400 phase=following reason=path_ready wp=6 dist_wp=19.76 bearing_deg=-8.54 speed=0.784 pos=(-71.905,0.014,69.763) thr=1.00 steer=-0.35 blocked=false attempts=0 stuck_s=0.08 pitch=0.24 roll=0.00 normal_y=1.00 contacts=3[VillageTerrain,VillageTerrain,VillageTerrain] bounded=true
tick=2430 phase=following reason=path_ready wp=6 dist_wp=16.84 bearing_deg=-5.00 speed=1.487 pos=(-72.214,0.014,66.834) thr=1.00 steer=-0.20 blocked=false attempts=0 stuck_s=0.00 pitch=0.25 roll=0.00 normal_y=1.00 contacts=3[VillageTerrain,VillageTerrain,VillageTerrain] bounded=true
tick=2460 phase=following reason=path_ready wp=6 dist_wp=12.12 bearing_deg=-3.53 speed=2.161 pos=(-72.433,0.014,62.115) thr=0.91 steer=-0.14 blocked=false attempts=0 stuck_s=0.02 pitch=0.24 roll=0.00 normal_y=1.00 contacts=3[VillageTerrain,VillageTerrain,VillageTerrain] bounded=true
tick=2490 phase=following reason=path_ready wp=6 dist_wp=6.22 bearing_deg=-3.55 speed=2.474 pos=(-72.465,0.008,56.203) thr=0.62 steer=-0.14 blocked=false attempts=0 stuck_s=0.02 pitch=0.13 roll=0.00 normal_y=1.00 contacts=3[VillageTerrain,VillageTerrain,VillageTerrain] bounded=true
tick=2520 phase=following reason=path_ready wp=6 dist_wp=0.22 bearing_deg=-109.96 speed=1.989 pos=(-72.197,0.013,49.903) thr=0.00 steer=-1.00 blocked=false attempts=0 stuck_s=0.00 pitch=-0.23 roll=0.00 normal_y=1.00 contacts=3[VillageTerrain,VillageTerrain,VillageTerrain] bounded=true
tick=2550 phase=following reason=path_ready wp=6 dist_wp=3.02 bearing_deg=-165.60 speed=0.396 pos=(-71.528,0.031,47.014) thr=0.00 steer=-1.00 blocked=false attempts=0 stuck_s=0.00 pitch=-0.56 roll=0.00 normal_y=1.00 contacts=3[VillageTerrain,VillageTerrain,VillageTerrain] bounded=true
tick=2580 phase=following reason=path_ready wp=6 dist_wp=3.13 bearing_deg=-148.21 speed=0.000 pos=(-71.480,0.006,46.912) thr=0.00 steer=-1.00 blocked=false attempts=0 stuck_s=0.00 pitch=-0.11 roll=0.00 normal_y=1.00 contacts=1[VillageTerrain] bounded=true
tick=2610 phase=following reason=path_ready wp=6 dist_wp=3.13 bearing_deg=-130.21 speed=0.000 pos=(-71.480,0.000,46.912) thr=0.00 steer=-1.00 blocked=false attempts=0 stuck_s=0.00 pitch=-0.00 roll=0.00 normal_y=1.00 contacts=1[VillageTerrain] bounded=true
tick=2640 phase=following reason=path_ready wp=6 dist_wp=3.13 bearing_deg=-112.21 speed=0.000 pos=(-71.480,0.000,46.912) thr=0.00 steer=-1.00 blocked=false attempts=0 stuck_s=0.00 pitch=-0.00 roll=0.00 normal_y=1.00 contacts=1[VillageTerrain] bounded=true
tick=2670 phase=following reason=path_ready wp=6 dist_wp=3.13 bearing_deg=-94.21 speed=0.000 pos=(-71.480,0.000,46.912) thr=0.00 steer=-1.00 blocked=false attempts=0 stuck_s=0.00 pitch=-0.00 roll=0.00 normal_y=1.00 contacts=1[VillageTerrain] bounded=true
tick=2700 phase=following reason=path_ready wp=6 dist_wp=3.13 bearing_deg=-76.21 speed=0.000 pos=(-71.480,0.000,46.912) thr=0.00 steer=-1.00 blocked=false attempts=0 stuck_s=0.00 pitch=-0.00 roll=0.00 normal_y=1.00 contacts=1[VillageTerrain] bounded=true
tick=2730 phase=following reason=path_ready wp=6 dist_wp=3.13 bearing_deg=-58.21 speed=0.000 pos=(-71.480,0.000,46.912) thr=0.00 steer=-1.00 blocked=false attempts=0 stuck_s=0.00 pitch=-0.00 roll=0.00 normal_y=1.00 contacts=1[VillageTerrain] bounded=true
tick=2760 phase=following reason=path_ready wp=6 dist_wp=3.13 bearing_deg=-40.21 speed=0.000 pos=(-71.480,0.000,46.912) thr=0.00 steer=-1.00 blocked=false attempts=0 stuck_s=0.00 pitch=-0.00 roll=0.00 normal_y=1.00 contacts=1[VillageTerrain] bounded=true
tick=2790 phase=following reason=path_ready wp=6 dist_wp=3.13 bearing_deg=-22.33 speed=0.000 pos=(-71.480,0.000,46.912) thr=0.00 steer=-0.92 blocked=false attempts=0 stuck_s=0.00 pitch=-0.00 roll=0.00 normal_y=1.00 contacts=1[VillageTerrain] bounded=true
tick=2820 phase=following reason=path_ready wp=6 dist_wp=2.99 bearing_deg=-11.32 speed=0.158 pos=(-71.472,0.004,47.061) thr=0.36 steer=-0.46 blocked=false attempts=0 stuck_s=0.35 pitch=0.06 roll=0.00 normal_y=1.00 contacts=3[VillageTerrain,VillageTerrain,VillageTerrain] bounded=true
tick=2850 phase=following reason=path_ready wp=6 dist_wp=2.32 bearing_deg=-7.09 speed=0.350 pos=(-71.505,0.005,47.732) thr=0.28 steer=-0.29 blocked=false attempts=0 stuck_s=0.03 pitch=0.07 roll=0.00 normal_y=1.00 contacts=3[VillageTerrain,VillageTerrain,VillageTerrain] bounded=true
tick=2880 phase=following reason=path_ready wp=6 dist_wp=1.28 bearing_deg=-6.32 speed=0.440 pos=(-71.646,0.003,48.774) thr=0.05 steer=-0.25 blocked=false attempts=0 stuck_s=0.00 pitch=0.03 roll=0.00 normal_y=1.00 contacts=3[VillageTerrain,VillageTerrain,VillageTerrain] bounded=true
tick=2910 phase=following reason=path_ready wp=7 dist_wp=20.22 bearing_deg=126.81 speed=0.000 pos=(-71.668,0.005,48.913) thr=0.00 steer=1.00 blocked=false attempts=0 stuck_s=0.00 pitch=-0.07 roll=0.00 normal_y=1.00 contacts=1[VillageTerrain] bounded=true
tick=2940 phase=following reason=path_ready wp=7 dist_wp=20.22 bearing_deg=108.81 speed=0.000 pos=(-71.668,0.000,48.913) thr=0.00 steer=1.00 blocked=false attempts=0 stuck_s=0.00 pitch=-0.00 roll=0.00 normal_y=1.00 contacts=1[VillageTerrain] bounded=true
tick=2970 phase=following reason=path_ready wp=7 dist_wp=20.22 bearing_deg=90.81 speed=0.000 pos=(-71.668,0.000,48.913) thr=0.00 steer=1.00 blocked=false attempts=0 stuck_s=0.00 pitch=-0.00 roll=0.00 normal_y=1.00 contacts=1[VillageTerrain] bounded=true
tick=3000 phase=following reason=path_ready wp=7 dist_wp=20.22 bearing_deg=72.81 speed=0.000 pos=(-71.668,0.000,48.913) thr=0.00 steer=1.00 blocked=false attempts=0 stuck_s=0.00 pitch=-0.00 roll=0.00 normal_y=1.00 contacts=1[VillageTerrain] bounded=true
tick=3030 phase=following reason=path_ready wp=7 dist_wp=20.22 bearing_deg=54.81 speed=0.000 pos=(-71.668,0.000,48.913) thr=0.00 steer=1.00 blocked=false attempts=0 stuck_s=0.00 pitch=-0.00 roll=0.00 normal_y=1.00 contacts=1[VillageTerrain] bounded=true
tick=3060 phase=following reason=path_ready wp=7 dist_wp=20.22 bearing_deg=36.81 speed=0.000 pos=(-71.668,0.000,48.913) thr=0.00 steer=1.00 blocked=false attempts=0 stuck_s=0.00 pitch=-0.00 roll=0.00 normal_y=1.00 contacts=1[VillageTerrain] bounded=true
tick=3090 phase=following reason=path_ready wp=7 dist_wp=20.22 bearing_deg=19.46 speed=0.000 pos=(-71.668,0.000,48.913) thr=0.00 steer=0.80 blocked=false attempts=0 stuck_s=0.00 pitch=-0.00 roll=0.00 normal_y=1.00 contacts=1[VillageTerrain] bounded=true
tick=3120 phase=following reason=path_ready wp=7 dist_wp=19.52 bearing_deg=9.80 speed=0.618 pos=(-71.062,0.013,48.536) thr=1.00 steer=0.40 blocked=false attempts=0 stuck_s=0.10 pitch=0.22 roll=0.00 normal_y=1.00 contacts=3[VillageTerrain,VillageTerrain,VillageTerrain] bounded=true
tick=3150 phase=following reason=path_ready wp=7 dist_wp=17.01 bearing_deg=5.58 speed=1.324 pos=(-69.056,0.014,47.006) thr=1.00 steer=0.23 blocked=false attempts=0 stuck_s=0.00 pitch=0.25 roll=0.00 normal_y=1.00 contacts=3[VillageTerrain,VillageTerrain,VillageTerrain] bounded=true
tick=3180 phase=following reason=path_ready wp=7 dist_wp=12.71 bearing_deg=3.78 speed=2.007 pos=(-65.805,0.014,44.169) thr=0.93 steer=0.15 blocked=false attempts=0 stuck_s=0.03 pitch=0.25 roll=0.00 normal_y=1.00 contacts=3[VillageTerrain,VillageTerrain,VillageTerrain] bounded=true
tick=3210 phase=following reason=path_ready wp=7 dist_wp=7.03 bearing_deg=3.52 speed=2.357 pos=(-61.682,0.007,40.241) thr=0.67 steer=0.14 blocked=false attempts=0 stuck_s=0.00 pitch=0.11 roll=0.00 normal_y=1.00 contacts=3[VillageTerrain,VillageTerrain,VillageTerrain] bounded=true
tick=3240 phase=following reason=path_ready wp=7 dist_wp=0.77 bearing_deg=16.90 speed=2.172 pos=(-57.323,0.006,35.701) thr=0.00 steer=0.56 blocked=false attempts=0 stuck_s=0.00 pitch=-0.08 roll=0.00 normal_y=1.00 contacts=3[VillageTerrain,VillageTerrain,VillageTerrain] bounded=true
tick=3270 phase=following reason=path_ready wp=7 dist_wp=2.67 bearing_deg=167.07 speed=0.571 pos=(-55.366,0.031,32.892) thr=0.00 steer=1.00 blocked=false attempts=0 stuck_s=0.00 pitch=-0.55 roll=0.00 normal_y=1.00 contacts=3[VillageTerrain,VillageTerrain,VillageTerrain] bounded=true
tick=3300 phase=following reason=path_ready wp=7 dist_wp=2.90 bearing_deg=150.41 speed=0.000 pos=(-55.273,0.010,32.668) thr=0.00 steer=1.00 blocked=false attempts=0 stuck_s=0.00 pitch=-0.16 roll=0.00 normal_y=1.00 contacts=1[VillageTerrain] bounded=true
tick=3330 phase=following reason=path_ready wp=7 dist_wp=2.90 bearing_deg=132.41 speed=0.000 pos=(-55.273,0.001,32.668) thr=0.00 steer=1.00 blocked=false attempts=0 stuck_s=0.00 pitch=-0.01 roll=0.00 normal_y=1.00 contacts=1[VillageTerrain] bounded=true
tick=3360 phase=following reason=path_ready wp=7 dist_wp=2.90 bearing_deg=114.41 speed=0.000 pos=(-55.273,0.001,32.668) thr=0.00 steer=1.00 blocked=false attempts=0 stuck_s=0.00 pitch=-0.00 roll=0.00 normal_y=1.00 contacts=1[VillageTerrain] bounded=true
tick=3390 phase=following reason=path_ready wp=7 dist_wp=2.90 bearing_deg=96.41 speed=0.000 pos=(-55.273,0.001,32.668) thr=0.00 steer=1.00 blocked=false attempts=0 stuck_s=0.00 pitch=-0.00 roll=0.00 normal_y=1.00 contacts=1[VillageTerrain] bounded=true
tick=3420 phase=following reason=path_ready wp=7 dist_wp=2.90 bearing_deg=78.41 speed=0.000 pos=(-55.273,0.001,32.668) thr=0.00 steer=1.00 blocked=false attempts=0 stuck_s=0.00 pitch=-0.00 roll=0.00 normal_y=1.00 contacts=1[VillageTerrain] bounded=true
tick=3450 phase=following reason=path_ready wp=7 dist_wp=2.90 bearing_deg=60.41 speed=0.000 pos=(-55.273,0.001,32.668) thr=0.00 steer=1.00 blocked=false attempts=0 stuck_s=0.00 pitch=-0.00 roll=0.00 normal_y=1.00 contacts=1[VillageTerrain] bounded=true
tick=3480 phase=following reason=path_ready wp=7 dist_wp=2.90 bearing_deg=42.41 speed=0.000 pos=(-55.273,0.001,32.668) thr=0.00 steer=1.00 blocked=false attempts=0 stuck_s=0.00 pitch=-0.00 roll=0.00 normal_y=1.00 contacts=1[VillageTerrain] bounded=true
tick=3510 phase=following reason=path_ready wp=7 dist_wp=2.90 bearing_deg=24.41 speed=0.000 pos=(-55.273,0.001,32.668) thr=0.00 steer=1.00 blocked=false attempts=0 stuck_s=0.00 pitch=-0.00 roll=0.00 normal_y=1.00 contacts=1[VillageTerrain] bounded=true
tick=3540 phase=following reason=path_ready wp=7 dist_wp=2.81 bearing_deg=12.17 speed=0.118 pos=(-55.342,0.004,32.726) thr=0.34 steer=0.50 blocked=false attempts=0 stuck_s=0.28 pitch=0.05 roll=0.00 normal_y=1.00 contacts=3[VillageTerrain,VillageTerrain,VillageTerrain] bounded=true
tick=3570 phase=following reason=path_ready wp=7 dist_wp=2.27 bearing_deg=7.35 speed=0.300 pos=(-55.727,0.004,33.125) thr=0.28 steer=0.30 blocked=false attempts=0 stuck_s=0.18 pitch=0.06 roll=0.00 normal_y=1.00 contacts=3[VillageTerrain,VillageTerrain,VillageTerrain] bounded=true
tick=3600 phase=following reason=path_ready wp=7 dist_wp=1.35 bearing_deg=6.03 speed=0.393 pos=(-56.308,0.003,33.842) thr=0.09 steer=0.24 blocked=false attempts=0 stuck_s=0.00 pitch=0.03 roll=0.00 normal_y=1.00 contacts=3[VillageTerrain,VillageTerrain,VillageTerrain] bounded=true
tick=3630 phase=following reason=path_ready wp=8 dist_wp=20.08 bearing_deg=154.46 speed=0.000 pos=(-56.411,0.004,33.986) thr=0.00 steer=1.00 blocked=false attempts=0 stuck_s=0.00 pitch=-0.07 roll=0.00 normal_y=1.00 contacts=1[VillageTerrain] bounded=true
tick=3660 phase=following reason=path_ready wp=8 dist_wp=20.08 bearing_deg=136.46 speed=0.000 pos=(-56.411,0.001,33.986) thr=0.00 steer=1.00 blocked=false attempts=0 stuck_s=0.00 pitch=-0.00 roll=0.00 normal_y=1.00 contacts=1[VillageTerrain] bounded=true
tick=3690 phase=following reason=path_ready wp=8 dist_wp=20.08 bearing_deg=118.46 speed=0.000 pos=(-56.411,0.001,33.986) thr=0.00 steer=1.00 blocked=false attempts=0 stuck_s=0.00 pitch=-0.00 roll=0.00 normal_y=1.00 contacts=1[VillageTerrain] bounded=true
tick=3720 phase=following reason=path_ready wp=8 dist_wp=20.08 bearing_deg=100.46 speed=0.000 pos=(-56.411,0.001,33.986) thr=0.00 steer=1.00 blocked=false attempts=0 stuck_s=0.00 pitch=-0.00 roll=0.00 normal_y=1.00 contacts=1[VillageTerrain] bounded=true
tick=3750 phase=following reason=path_ready wp=8 dist_wp=20.08 bearing_deg=82.46 speed=0.000 pos=(-56.411,0.001,33.986) thr=0.00 steer=1.00 blocked=false attempts=0 stuck_s=0.00 pitch=-0.00 roll=0.00 normal_y=1.00 contacts=1[VillageTerrain] bounded=true
tick=3780 phase=following reason=path_ready wp=8 dist_wp=20.08 bearing_deg=64.46 speed=0.000 pos=(-56.411,0.001,33.986) thr=0.00 steer=1.00 blocked=false attempts=0 stuck_s=0.00 pitch=-0.00 roll=0.00 normal_y=1.00 contacts=1[VillageTerrain] bounded=true
tick=3810 phase=following reason=path_ready wp=8 dist_wp=20.08 bearing_deg=46.46 speed=0.000 pos=(-56.411,0.001,33.986) thr=0.00 steer=1.00 blocked=false attempts=0 stuck_s=0.00 pitch=-0.00 roll=0.00 normal_y=1.00 contacts=1[VillageTerrain] bounded=true
tick=3840 phase=following reason=path_ready wp=8 dist_wp=20.08 bearing_deg=28.46 speed=0.000 pos=(-56.411,0.001,33.986) thr=0.00 steer=1.00 blocked=false attempts=0 stuck_s=0.00 pitch=-0.00 roll=0.00 normal_y=1.00 contacts=1[VillageTerrain] bounded=true
tick=3870 phase=following reason=path_ready wp=8 dist_wp=19.97 bearing_deg=13.97 speed=0.238 pos=(-56.314,0.006,33.931) thr=1.00 steer=0.57 blocked=false attempts=0 stuck_s=0.17 pitch=0.10 roll=0.00 normal_y=1.00 contacts=3[VillageTerrain,VillageTerrain,VillageTerrain] bounded=true
tick=3900 phase=following reason=path_ready wp=8 dist_wp=18.44 bearing_deg=7.43 speed=0.949 pos=(-55.043,0.014,33.037) thr=1.00 steer=0.30 blocked=false attempts=0 stuck_s=0.02 pitch=0.25 roll=0.00 normal_y=1.00 contacts=3[VillageTerrain,VillageTerrain,VillageTerrain] bounded=true
tick=3930 phase=following reason=path_ready wp=8 dist_wp=15.09 bearing_deg=4.55 speed=1.649 pos=(-52.464,0.014,30.876) thr=1.00 steer=0.18 blocked=false attempts=0 stuck_s=0.02 pitch=0.25 roll=0.00 normal_y=1.00 contacts=3[VillageTerrain,VillageTerrain,VillageTerrain] bounded=true
tick=3960 phase=following reason=path_ready wp=8 dist_wp=10.01 bearing_deg=3.51 speed=2.244 pos=(-48.740,0.012,27.398) thr=0.82 steer=0.14 blocked=false attempts=0 stuck_s=0.00 pitch=0.22 roll=0.00 normal_y=1.00 contacts=3[VillageTerrain,VillageTerrain,VillageTerrain] bounded=true
tick=3990 phase=following reason=path_ready wp=8 dist_wp=3.98 bearing_deg=4.55 speed=2.513 pos=(-44.500,0.007,23.101) thr=0.47 steer=0.18 blocked=false attempts=0 stuck_s=0.00 pitch=0.12 roll=0.00 normal_y=1.00 contacts=3[VillageTerrain,VillageTerrain,VillageTerrain] bounded=true
tick=4020 phase=following reason=path_ready wp=8 dist_wp=1.35 bearing_deg=168.39 speed=1.307 pos=(-41.047,0.027,19.038) thr=0.00 steer=1.00 blocked=false attempts=0 stuck_s=0.00 pitch=-0.47 roll=0.00 normal_y=1.00 contacts=3[VillageTerrain,VillageTerrain,VillageTerrain] bounded=true
tick=4050 phase=following reason=path_ready wp=8 dist_wp=2.54 bearing_deg=158.38 speed=0.000 pos=(-40.469,0.025,17.974) thr=0.00 steer=1.00 blocked=false attempts=0 stuck_s=0.00 pitch=-0.46 roll=0.00 normal_y=1.00 contacts=1[VillageTerrain] bounded=true
tick=4080 phase=following reason=path_ready wp=8 dist_wp=2.54 bearing_deg=140.38 speed=0.000 pos=(-40.469,0.001,17.974) thr=0.00 steer=1.00 blocked=false attempts=0 stuck_s=0.00 pitch=-0.03 roll=0.00 normal_y=1.00 contacts=1[VillageTerrain] bounded=true
tick=4110 phase=following reason=path_ready wp=8 dist_wp=2.54 bearing_deg=122.38 speed=0.000 pos=(-40.469,0.000,17.974) thr=0.00 steer=1.00 blocked=false attempts=0 stuck_s=0.00 pitch=-0.00 roll=0.00 normal_y=1.00 contacts=1[VillageTerrain] bounded=true
tick=4140 phase=following reason=path_ready wp=8 dist_wp=2.54 bearing_deg=104.38 speed=0.000 pos=(-40.469,0.000,17.974) thr=0.00 steer=1.00 blocked=false attempts=0 stuck_s=0.00 pitch=-0.00 roll=0.00 normal_y=1.00 contacts=1[VillageTerrain] bounded=true
tick=4170 phase=following reason=path_ready wp=8 dist_wp=2.54 bearing_deg=86.38 speed=0.000 pos=(-40.469,0.000,17.974) thr=0.00 steer=1.00 blocked=false attempts=0 stuck_s=0.00 pitch=-0.00 roll=0.00 normal_y=1.00 contacts=1[VillageTerrain] bounded=true
tick=4200 phase=following reason=path_ready wp=8 dist_wp=2.54 bearing_deg=68.38 speed=0.000 pos=(-40.469,0.000,17.974) thr=0.00 steer=1.00 blocked=false attempts=0 stuck_s=0.00 pitch=-0.00 roll=0.00 normal_y=1.00 contacts=1[VillageTerrain] bounded=true
tick=4230 phase=following reason=path_ready wp=8 dist_wp=2.54 bearing_deg=50.38 speed=0.000 pos=(-40.469,0.000,17.974) thr=0.00 steer=1.00 blocked=false attempts=0 stuck_s=0.00 pitch=-0.00 roll=0.00 normal_y=1.00 contacts=1[VillageTerrain] bounded=true
tick=4260 phase=following reason=path_ready wp=8 dist_wp=2.54 bearing_deg=32.38 speed=0.000 pos=(-40.469,0.000,17.974) thr=0.00 steer=1.00 blocked=false attempts=0 stuck_s=0.00 pitch=-0.00 roll=0.00 normal_y=1.00 contacts=1[VillageTerrain] bounded=true
tick=4290 phase=following reason=path_ready wp=8 dist_wp=2.54 bearing_deg=16.26 speed=0.000 pos=(-40.469,0.000,17.974) thr=0.31 steer=0.67 blocked=false attempts=0 stuck_s=0.07 pitch=-0.00 roll=0.00 normal_y=1.00 contacts=1[VillageTerrain] bounded=true
tick=4320 phase=following reason=path_ready wp=8 dist_wp=2.54 bearing_deg=7.85 speed=0.000 pos=(-40.469,0.000,17.974) thr=0.31 steer=0.32 blocked=false attempts=0 stuck_s=0.57 pitch=-0.00 roll=0.00 normal_y=1.00 contacts=1[VillageTerrain] bounded=true
tick=4350 phase=following reason=path_ready wp=8 dist_wp=2.54 bearing_deg=3.79 speed=0.000 pos=(-40.469,0.000,17.974) thr=0.31 steer=0.16 blocked=false attempts=0 stuck_s=1.07 pitch=-0.00 roll=0.00 normal_y=1.00 contacts=1[VillageTerrain] bounded=true
tick=4380 phase=following reason=path_ready wp=8 dist_wp=2.54 bearing_deg=1.83 speed=0.000 pos=(-40.469,0.000,17.974) thr=0.31 steer=0.07 blocked=false attempts=0 stuck_s=1.57 pitch=-0.00 roll=0.00 normal_y=1.00 contacts=1[VillageTerrain] bounded=true
tick=4410 phase=reverse reason=insufficient_actual_progress wp=8 dist_wp=2.54 bearing_deg=0.95 speed=-0.010 pos=(-40.468,0.001,17.974) thr=-0.75 steer=0.00 blocked=false attempts=1 stuck_s=0.00 pitch=-0.00 roll=0.00 normal_y=1.00 contacts=3[VillageTerrain,VillageTerrain,VillageTerrain] bounded=true
tick=4440 phase=reverse reason=insufficient_actual_progress wp=8 dist_wp=2.70 bearing_deg=0.89 speed=-0.113 pos=(-40.368,0.003,17.846) thr=-0.75 steer=0.00 blocked=false attempts=1 stuck_s=0.00 pitch=-0.03 roll=0.00 normal_y=1.00 contacts=3[VillageTerrain,VillageTerrain,VillageTerrain] bounded=true
tick=4470 phase=reverse reason=insufficient_actual_progress wp=8 dist_wp=3.13 bearing_deg=0.77 speed=-0.216 pos=(-40.105,0.003,17.510) thr=-0.75 steer=0.00 blocked=false attempts=1 stuck_s=0.00 pitch=-0.04 roll=0.00 normal_y=1.00 contacts=3[VillageTerrain,VillageTerrain,VillageTerrain] bounded=true
tick=4500 phase=turn_recovery reason=reverse_complete wp=8 dist_wp=3.34 bearing_deg=-11.84 speed=0.000 pos=(-39.975,0.003,17.343) thr=0.00 steer=1.00 blocked=false attempts=1 stuck_s=0.00 pitch=0.06 roll=0.00 normal_y=1.00 contacts=1[VillageTerrain] bounded=true
tick=4530 phase=following reason=path_ready wp=0 dist_wp=3.34 bearing_deg=-19.64 speed=0.000 pos=(-39.975,0.001,17.343) thr=0.00 steer=-0.80 blocked=false attempts=1 stuck_s=0.00 pitch=0.00 roll=0.00 normal_y=1.00 contacts=1[VillageTerrain] bounded=true
tick=4560 phase=following reason=path_ready wp=0 dist_wp=3.32 bearing_deg=-9.55 speed=0.025 pos=(-39.986,0.001,17.365) thr=0.39 steer=-0.39 blocked=false attempts=1 stuck_s=0.43 pitch=0.01 roll=0.00 normal_y=1.00 contacts=3[VillageTerrain,VillageTerrain,VillageTerrain] bounded=true
tick=4590 phase=following reason=path_ready wp=0 dist_wp=3.22 bearing_deg=-4.75 speed=0.050 pos=(-40.038,0.001,17.451) thr=0.38 steer=-0.19 blocked=false attempts=1 stuck_s=0.93 pitch=0.01 roll=0.00 normal_y=1.00 contacts=3[VillageTerrain,VillageTerrain,VillageTerrain] bounded=true
tick=4620 phase=following reason=path_ready wp=0 dist_wp=3.07 bearing_deg=-2.41 speed=0.065 pos=(-40.123,0.001,17.576) thr=0.37 steer=-0.10 blocked=false attempts=1 stuck_s=1.43 pitch=0.01 roll=0.00 normal_y=1.00 contacts=3[VillageTerrain,VillageTerrain,VillageTerrain] bounded=true
tick=4650 phase=following reason=path_ready wp=0 dist_wp=2.89 bearing_deg=-1.24 speed=0.067 pos=(-40.225,0.001,17.716) thr=0.35 steer=-0.05 blocked=false attempts=1 stuck_s=0.25 pitch=0.00 roll=0.00 normal_y=1.00 contacts=3[VillageTerrain,VillageTerrain,VillageTerrain] bounded=true
tick=4680 phase=following reason=path_ready wp=0 dist_wp=2.73 bearing_deg=-0.79 speed=0.055 pos=(-40.321,0.001,17.843) thr=0.33 steer=0.00 blocked=false attempts=1 stuck_s=0.75 pitch=-0.00 roll=0.00 normal_y=1.00 contacts=3[VillageTerrain,VillageTerrain,VillageTerrain] bounded=true
tick=4710 phase=following reason=path_ready wp=0 dist_wp=2.62 bearing_deg=-0.80 speed=0.031 pos=(-40.388,0.001,17.932) thr=0.32 steer=0.00 blocked=false attempts=1 stuck_s=0.07 pitch=-0.01 roll=0.00 normal_y=1.00 contacts=3[VillageTerrain,VillageTerrain,VillageTerrain] bounded=true
tick=4740 phase=following reason=path_ready wp=0 dist_wp=2.59 bearing_deg=-0.79 speed=0.000 pos=(-40.409,0.002,17.960) thr=0.31 steer=0.00 blocked=false attempts=1 stuck_s=0.57 pitch=-0.01 roll=0.00 normal_y=1.00 contacts=1[VillageTerrain] bounded=true
tick=4770 phase=following reason=path_ready wp=0 dist_wp=2.59 bearing_deg=-0.79 speed=0.000 pos=(-40.409,0.000,17.960) thr=0.31 steer=0.00 blocked=false attempts=1 stuck_s=1.07 pitch=-0.00 roll=0.00 normal_y=1.00 contacts=1[VillageTerrain] bounded=true
tick=4800 phase=following reason=path_ready wp=0 dist_wp=2.59 bearing_deg=-0.79 speed=0.000 pos=(-40.409,0.000,17.960) thr=0.31 steer=0.00 blocked=false attempts=1 stuck_s=1.57 pitch=-0.00 roll=0.00 normal_y=1.00 contacts=1[VillageTerrain] bounded=true
tick=4830 phase=reverse reason=insufficient_actual_progress wp=0 dist_wp=2.59 bearing_deg=-0.79 speed=-0.010 pos=(-40.409,0.001,17.959) thr=-0.75 steer=0.00 blocked=false attempts=2 stuck_s=0.00 pitch=-0.00 roll=0.00 normal_y=1.00 contacts=3[VillageTerrain,VillageTerrain,VillageTerrain] bounded=true
tick=4860 phase=reverse reason=insufficient_actual_progress wp=0 dist_wp=2.75 bearing_deg=-0.74 speed=-0.113 pos=(-40.310,0.003,17.829) thr=-0.75 steer=0.00 blocked=false attempts=2 stuck_s=0.00 pitch=-0.03 roll=0.00 normal_y=1.00 contacts=3[VillageTerrain,VillageTerrain,VillageTerrain] bounded=true
tick=4890 phase=reverse reason=insufficient_actual_progress wp=0 dist_wp=3.18 bearing_deg=-0.64 speed=-0.216 pos=(-40.053,0.003,17.490) thr=-0.75 steer=0.00 blocked=false attempts=2 stuck_s=0.00 pitch=-0.04 roll=0.00 normal_y=1.00 contacts=3[VillageTerrain,VillageTerrain,VillageTerrain] bounded=true
tick=4920 phase=turn_recovery reason=reverse_complete wp=0 dist_wp=3.39 bearing_deg=11.95 speed=0.000 pos=(-39.925,0.004,17.321) thr=0.00 steer=-1.00 blocked=false attempts=2 stuck_s=0.00 pitch=0.06 roll=0.00 normal_y=1.00 contacts=1[VillageTerrain] bounded=true
tick=4950 phase=following reason=path_ready wp=0 dist_wp=3.39 bearing_deg=19.73 speed=0.000 pos=(-39.925,0.001,17.321) thr=0.00 steer=0.81 blocked=false attempts=2 stuck_s=0.00 pitch=0.00 roll=0.00 normal_y=1.00 contacts=1[VillageTerrain] bounded=true
tick=4980 phase=following reason=path_ready wp=0 dist_wp=3.36 bearing_deg=9.60 speed=0.028 pos=(-39.946,0.001,17.340) thr=0.40 steer=0.39 blocked=false attempts=2 stuck_s=0.43 pitch=0.01 roll=0.00 normal_y=1.00 contacts=3[VillageTerrain,VillageTerrain,VillageTerrain] bounded=true
tick=5010 phase=following reason=path_ready wp=0 dist_wp=3.25 bearing_deg=4.80 speed=0.056 pos=(-40.024,0.001,17.420) thr=0.38 steer=0.20 blocked=false attempts=2 stuck_s=0.93 pitch=0.01 roll=0.00 normal_y=1.00 contacts=3[VillageTerrain,VillageTerrain,VillageTerrain] bounded=true
tick=5040 phase=following reason=path_ready wp=0 dist_wp=3.08 bearing_deg=2.45 speed=0.073 pos=(-40.134,0.001,17.548) thr=0.37 steer=0.10 blocked=false attempts=2 stuck_s=1.43 pitch=0.01 roll=0.00 normal_y=1.00 contacts=3[VillageTerrain,VillageTerrain,VillageTerrain] bounded=true
tick=5070 phase=following reason=path_ready wp=0 dist_wp=2.89 bearing_deg=1.26 speed=0.075 pos=(-40.256,0.001,17.699) thr=0.35 steer=0.05 blocked=false attempts=2 stuck_s=0.37 pitch=0.00 roll=0.00 normal_y=1.00 contacts=3[VillageTerrain,VillageTerrain,VillageTerrain] bounded=true
tick=5100 phase=following reason=path_ready wp=0 dist_wp=2.71 bearing_deg=0.79 speed=0.062 pos=(-40.367,0.001,17.840) thr=0.33 steer=0.00 blocked=false attempts=2 stuck_s=0.87 pitch=-0.00 roll=0.00 normal_y=1.00 contacts=3[VillageTerrain,VillageTerrain,VillageTerrain] bounded=true
tick=5130 phase=following reason=path_ready wp=0 dist_wp=2.58 bearing_deg=0.79 speed=0.035 pos=(-40.444,0.001,17.939) thr=0.31 steer=0.00 blocked=false attempts=2 stuck_s=0.40 pitch=-0.01 roll=0.00 normal_y=1.00 contacts=3[VillageTerrain,VillageTerrain,VillageTerrain] bounded=true
tick=5160 phase=following reason=path_ready wp=0 dist_wp=2.54 bearing_deg=0.78 speed=0.000 pos=(-40.468,0.002,17.970) thr=0.31 steer=0.00 blocked=false attempts=2 stuck_s=0.90 pitch=-0.01 roll=0.00 normal_y=1.00 contacts=1[VillageTerrain] bounded=true
tick=5190 phase=following reason=path_ready wp=0 dist_wp=2.54 bearing_deg=0.78 speed=0.000 pos=(-40.468,0.001,17.970) thr=0.31 steer=0.00 blocked=false attempts=2 stuck_s=1.40 pitch=-0.00 roll=0.00 normal_y=1.00 contacts=1[VillageTerrain] bounded=true
tick=5220 phase=following reason=path_ready wp=0 dist_wp=2.54 bearing_deg=0.78 speed=0.000 pos=(-40.468,0.001,17.970) thr=0.31 steer=0.00 blocked=false attempts=2 stuck_s=1.90 pitch=-0.00 roll=0.00 normal_y=1.00 contacts=1[VillageTerrain] bounded=true
tick=5250 phase=reverse reason=insufficient_actual_progress wp=0 dist_wp=2.62 bearing_deg=0.76 speed=-0.079 pos=(-40.419,0.003,17.907) thr=-0.75 steer=0.00 blocked=false attempts=3 stuck_s=0.00 pitch=-0.03 roll=0.00 normal_y=1.00 contacts=3[VillageTerrain,VillageTerrain,VillageTerrain] bounded=true
tick=5280 phase=reverse reason=insufficient_actual_progress wp=0 dist_wp=2.96 bearing_deg=0.67 speed=-0.181 pos=(-40.212,0.003,17.640) thr=-0.75 steer=0.00 blocked=false attempts=3 stuck_s=0.00 pitch=-0.04 roll=0.00 normal_y=1.00 contacts=3[VillageTerrain,VillageTerrain,VillageTerrain] bounded=true
tick=5310 phase=turn_recovery reason=reverse_complete wp=0 dist_wp=3.34 bearing_deg=-5.96 speed=0.000 pos=(-39.977,0.005,17.337) thr=0.00 steer=1.00 blocked=false attempts=3 stuck_s=0.00 pitch=0.11 roll=0.00 normal_y=1.00 contacts=1[VillageTerrain] bounded=true
tick=5340 phase=turn_recovery reason=reverse_complete wp=0 dist_wp=3.34 bearing_deg=-23.96 speed=0.000 pos=(-39.977,0.001,17.337) thr=0.00 steer=1.00 blocked=false attempts=3 stuck_s=0.00 pitch=0.01 roll=0.00 normal_y=1.00 contacts=1[VillageTerrain] bounded=true
tick=5370 phase=following reason=path_ready wp=0 dist_wp=3.34 bearing_deg=-12.17 speed=0.016 pos=(-39.980,0.001,17.344) thr=0.39 steer=-0.50 blocked=false attempts=3 stuck_s=0.27 pitch=0.01 roll=0.00 normal_y=1.00 contacts=3[VillageTerrain,VillageTerrain,VillageTerrain] bounded=true
tick=5400 phase=following reason=path_ready wp=0 dist_wp=3.26 bearing_deg=-6.02 speed=0.043 pos=(-40.018,0.001,17.413) thr=0.39 steer=-0.25 blocked=false attempts=3 stuck_s=0.77 pitch=0.01 roll=0.00 normal_y=1.00 contacts=3[VillageTerrain,VillageTerrain,VillageTerrain] bounded=true
tick=5430 phase=following reason=path_ready wp=0 dist_wp=3.12 bearing_deg=-3.04 speed=0.062 pos=(-40.094,0.001,17.528) thr=0.37 steer=-0.12 blocked=false attempts=3 stuck_s=1.27 pitch=0.01 roll=0.00 normal_y=1.00 contacts=3[VillageTerrain,VillageTerrain,VillageTerrain] bounded=true
tick=5460 phase=following reason=path_ready wp=0 dist_wp=2.95 bearing_deg=-1.55 speed=0.069 pos=(-40.193,0.001,17.667) thr=0.35 steer=-0.06 blocked=false attempts=3 stuck_s=0.10 pitch=0.00 roll=0.00 normal_y=1.00 contacts=3[VillageTerrain,VillageTerrain,VillageTerrain] bounded=true
tick=5490 phase=following reason=path_ready wp=0 dist_wp=2.78 bearing_deg=-0.80 speed=0.061 pos=(-40.295,0.001,17.803) thr=0.34 steer=-0.03 blocked=false attempts=3 stuck_s=0.60 pitch=-0.00 roll=0.00 normal_y=1.00 contacts=3[VillageTerrain,VillageTerrain,VillageTerrain] bounded=true
tick=5520 phase=following reason=path_ready wp=0 dist_wp=2.65 bearing_deg=-0.80 speed=0.040 pos=(-40.374,0.001,17.908) thr=0.32 steer=0.00 blocked=false attempts=3 stuck_s=1.10 pitch=-0.01 roll=0.00 normal_y=1.00 contacts=3[VillageTerrain,VillageTerrain,VillageTerrain] bounded=true
tick=5550 phase=following reason=path_ready wp=0 dist_wp=2.58 bearing_deg=-0.80 speed=0.010 pos=(-40.413,0.002,17.960) thr=0.31 steer=0.00 blocked=false attempts=3 stuck_s=0.43 pitch=-0.01 roll=0.00 normal_y=1.00 contacts=3[VillageTerrain,VillageTerrain,VillageTerrain] bounded=true
tick=5580 phase=following reason=path_ready wp=0 dist_wp=2.58 bearing_deg=-0.80 speed=0.000 pos=(-40.413,0.000,17.960) thr=0.31 steer=0.00 blocked=false attempts=3 stuck_s=0.93 pitch=-0.00 roll=0.00 normal_y=1.00 contacts=1[VillageTerrain] bounded=true
tick=5610 phase=following reason=path_ready wp=0 dist_wp=2.58 bearing_deg=-0.80 speed=0.000 pos=(-40.413,0.000,17.960) thr=0.31 steer=0.00 blocked=false attempts=3 stuck_s=1.43 pitch=-0.00 roll=0.00 normal_y=1.00 contacts=1[VillageTerrain] bounded=true
tick=5640 phase=following reason=path_ready wp=0 dist_wp=2.58 bearing_deg=-0.80 speed=0.000 pos=(-40.413,0.000,17.960) thr=0.31 steer=0.00 blocked=false attempts=3 stuck_s=1.93 pitch=-0.00 roll=0.00 normal_y=1.00 contacts=1[VillageTerrain] bounded=true
