tick=0 phase=following reason=path_ready wp=1 dist_wp=13.42 bearing_deg=26.57 speed=0.000 pos=(-27.000,0.005,116.000) thr=0.00 steer=1.00 blocked=false attempts=0 stuck_s=0.00 bounded=true
tick=30 phase=following reason=path_ready wp=1 dist_wp=13.32 bearing_deg=13.28 speed=0.185 pos=(-27.021,0.005,115.902) thr=0.95 steer=0.54 blocked=false attempts=0 stuck_s=0.20 bounded=true
tick=60 phase=following reason=path_ready wp=1 dist_wp=12.28 bearing_deg=7.03 speed=0.633 pos=(-27.345,0.009,114.905) thr=0.91 steer=0.29 blocked=false attempts=0 stuck_s=0.00 bounded=true
tick=90 phase=following reason=path_ready wp=1 dist_wp=10.19 bearing_deg=4.19 speed=1.026 pos=(-28.156,0.008,112.962) thr=0.82 steer=0.17 blocked=false attempts=0 stuck_s=0.02 bounded=true
tick=120 phase=following reason=path_ready wp=1 dist_wp=7.22 bearing_deg=2.96 speed=1.324 pos=(-29.440,0.007,110.279) thr=0.67 steer=0.12 blocked=false attempts=0 stuck_s=0.03 bounded=true
tick=150 phase=following reason=path_ready wp=1 dist_wp=3.68 bearing_deg=2.92 speed=1.475 pos=(-31.082,0.004,107.138) thr=0.43 steer=0.12 blocked=false attempts=0 stuck_s=0.03 bounded=true
tick=180 phase=following reason=path_ready wp=1 dist_wp=0.48 bearing_deg=11.34 speed=0.682 pos=(-32.673,0.019,104.348) thr=0.00 steer=0.42 blocked=false attempts=0 stuck_s=0.00 bounded=true
tick=210 phase=following reason=path_ready wp=2 dist_wp=20.53 bearing_deg=58.41 speed=0.000 pos=(-32.837,0.010,104.098) thr=0.00 steer=1.00 blocked=false attempts=0 stuck_s=0.00 bounded=true
tick=240 phase=following reason=path_ready wp=2 dist_wp=20.53 bearing_deg=40.41 speed=0.000 pos=(-32.837,0.001,104.098) thr=0.00 steer=1.00 blocked=false attempts=0 stuck_s=0.00 bounded=true
tick=270 phase=following reason=path_ready wp=2 dist_wp=20.53 bearing_deg=22.51 speed=0.000 pos=(-32.837,0.001,104.098) thr=0.00 steer=0.92 blocked=false attempts=0 stuck_s=0.00 bounded=true
tick=300 phase=following reason=path_ready wp=2 dist_wp=20.25 bearing_deg=11.05 speed=0.333 pos=(-33.128,0.008,104.119) thr=1.00 steer=0.45 blocked=false attempts=0 stuck_s=0.33 bounded=true
tick=330 phase=following reason=path_ready wp=2 dist_wp=18.78 bearing_deg=5.85 speed=0.829 pos=(-34.582,0.010,104.363) thr=1.00 steer=0.24 blocked=false attempts=0 stuck_s=0.05 bounded=true
tick=360 phase=following reason=path_ready wp=2 dist_wp=16.08 bearing_deg=3.40 speed=1.320 pos=(-37.217,0.010,104.995) thr=1.00 steer=0.14 blocked=false attempts=0 stuck_s=0.02 bounded=true
tick=390 phase=following reason=path_ready wp=2 dist_wp=12.17 bearing_deg=2.27 speed=1.785 pos=(-40.988,0.010,106.063) thr=0.91 steer=0.09 blocked=false attempts=0 stuck_s=0.03 bounded=true
tick=420 phase=following reason=path_ready wp=2 dist_wp=7.25 bearing_deg=1.94 speed=2.111 pos=(-45.687,0.007,107.532) thr=0.68 steer=0.08 blocked=false attempts=0 stuck_s=0.03 bounded=true
tick=450 phase=following reason=path_ready wp=2 dist_wp=1.80 bearing_deg=4.02 speed=2.137 pos=(-50.849,0.002,109.280) thr=0.23 steer=0.15 blocked=false attempts=0 stuck_s=0.02 bounded=true
tick=480 phase=following reason=path_ready wp=2 dist_wp=1.22 bearing_deg=169.56 speed=0.342 pos=(-53.626,0.033,110.458) thr=0.00 steer=1.00 blocked=false attempts=0 stuck_s=0.00 bounded=true
tick=510 phase=following reason=path_ready wp=3 dist_wp=17.72 bearing_deg=-8.39 speed=0.838 pos=(-54.955,0.006,111.143) thr=1.00 steer=-0.34 blocked=false attempts=0 stuck_s=0.07 bounded=true
tick=540 phase=following reason=path_ready wp=3 dist_wp=15.01 bearing_deg=-4.93 speed=1.327 pos=(-57.491,0.010,112.148) thr=1.00 steer=-0.20 blocked=false attempts=0 stuck_s=0.03 bounded=true
tick=570 phase=following reason=path_ready wp=3 dist_wp=11.11 bearing_deg=-3.37 speed=1.766 pos=(-61.206,0.009,113.371) thr=0.87 steer=-0.14 blocked=false attempts=0 stuck_s=0.00 bounded=true
tick=600 phase=following reason=path_ready wp=3 dist_wp=6.28 bearing_deg=-3.04 speed=2.067 pos=(-65.853,0.007,114.698) thr=0.62 steer=-0.12 blocked=false attempts=0 stuck_s=0.00 bounded=true
tick=630 phase=following reason=path_ready wp=3 dist_wp=1.01 bearing_deg=-9.70 speed=1.856 pos=(-70.986,0.005,115.957) thr=0.00 steer=-0.34 blocked=false attempts=0 stuck_s=0.00 bounded=true
tick=660 phase=following reason=path_ready wp=4 dist_wp=22.30 bearing_deg=-89.82 speed=0.207 pos=(-73.444,0.031,116.251) thr=0.00 steer=-1.00 blocked=false attempts=0 stuck_s=0.00 bounded=true
tick=690 phase=following reason=path_ready wp=4 dist_wp=22.30 bearing_deg=-71.90 speed=0.000 pos=(-73.469,0.005,116.249) thr=0.00 steer=-1.00 blocked=false attempts=0 stuck_s=0.00 bounded=true
tick=720 phase=following reason=path_ready wp=4 dist_wp=22.30 bearing_deg=-53.90 speed=0.000 pos=(-73.469,0.001,116.249) thr=0.00 steer=-1.00 blocked=false attempts=0 stuck_s=0.00 bounded=true
tick=750 phase=following reason=path_ready wp=4 dist_wp=22.30 bearing_deg=-35.90 speed=0.000 pos=(-73.469,0.001,116.249) thr=0.00 steer=-1.00 blocked=false attempts=0 stuck_s=0.00 bounded=true
tick=780 phase=following reason=path_ready wp=4 dist_wp=22.30 bearing_deg=-18.75 speed=0.000 pos=(-73.469,0.001,116.249) thr=0.00 steer=-0.77 blocked=false attempts=0 stuck_s=0.00 bounded=true
tick=810 phase=following reason=path_ready wp=4 dist_wp=21.60 bearing_deg=-9.42 speed=0.597 pos=(-73.564,0.012,115.542) thr=1.00 steer=-0.38 blocked=false attempts=0 stuck_s=0.12 bounded=true
tick=840 phase=following reason=path_ready wp=4 dist_wp=19.26 bearing_deg=-5.23 speed=1.268 pos=(-73.653,0.014,113.190) thr=1.00 steer=-0.21 blocked=false attempts=0 stuck_s=0.05 bounded=true
tick=870 phase=following reason=path_ready wp=4 dist_wp=15.20 bearing_deg=-3.35 speed=1.963 pos=(-73.556,0.014,109.119) thr=1.00 steer=-0.14 blocked=false attempts=0 stuck_s=0.02 bounded=true
tick=900 phase=following reason=path_ready wp=4 dist_wp=9.67 bearing_deg=-2.71 speed=2.374 pos=(-73.209,0.008,103.595) thr=0.80 steer=-0.11 blocked=false attempts=0 stuck_s=0.00 bounded=true
tick=930 phase=following reason=path_ready wp=4 dist_wp=3.18 bearing_deg=-4.30 speed=2.762 pos=(-72.592,0.008,97.121) thr=0.40 steer=-0.16 blocked=false attempts=0 stuck_s=0.00 bounded=true
tick=960 phase=following reason=path_ready wp=4 dist_wp=2.07 bearing_deg=-171.03 speed=1.324 pos=(-71.671,0.028,91.960) thr=0.00 steer=-1.00 blocked=false attempts=0 stuck_s=0.00 bounded=true
tick=990 phase=following reason=path_ready wp=4 dist_wp=3.37 bearing_deg=-158.92 speed=0.000 pos=(-71.147,0.027,90.735) thr=0.00 steer=-1.00 blocked=false attempts=0 stuck_s=0.00 bounded=true
tick=1020 phase=following reason=path_ready wp=4 dist_wp=3.37 bearing_deg=-140.92 speed=0.000 pos=(-71.147,0.003,90.735) thr=0.00 steer=-1.00 blocked=false attempts=0 stuck_s=0.00 bounded=true
tick=1050 phase=following reason=path_ready wp=4 dist_wp=3.37 bearing_deg=-122.92 speed=0.000 pos=(-71.147,0.001,90.735) thr=0.00 steer=-1.00 blocked=false attempts=0 stuck_s=0.00 bounded=true
tick=1080 phase=following reason=path_ready wp=4 dist_wp=3.37 bearing_deg=-104.92 speed=0.000 pos=(-71.147,0.001,90.735) thr=0.00 steer=-1.00 blocked=false attempts=0 stuck_s=0.00 bounded=true
tick=1110 phase=following reason=path_ready wp=4 dist_wp=3.37 bearing_deg=-86.92 speed=0.000 pos=(-71.147,0.001,90.735) thr=0.00 steer=-1.00 blocked=false attempts=0 stuck_s=0.00 bounded=true
tick=1140 phase=following reason=path_ready wp=4 dist_wp=3.37 bearing_deg=-68.92 speed=0.000 pos=(-71.147,0.001,90.735) thr=0.00 steer=-1.00 blocked=false attempts=0 stuck_s=0.00 bounded=true
tick=1170 phase=following reason=path_ready wp=4 dist_wp=3.37 bearing_deg=-50.92 speed=0.000 pos=(-71.147,0.001,90.735) thr=0.00 steer=-1.00 blocked=false attempts=0 stuck_s=0.00 bounded=true
tick=1200 phase=following reason=path_ready wp=4 dist_wp=3.37 bearing_deg=-32.92 speed=0.000 pos=(-71.147,0.001,90.735) thr=0.00 steer=-1.00 blocked=false attempts=0 stuck_s=0.00 bounded=true
tick=1230 phase=following reason=path_ready wp=4 dist_wp=3.37 bearing_deg=-16.64 speed=0.025 pos=(-71.147,0.001,90.739) thr=0.40 steer=-0.68 blocked=false attempts=0 stuck_s=0.05 bounded=true
tick=1260 phase=following reason=path_ready wp=4 dist_wp=3.00 bearing_deg=-9.06 speed=0.262 pos=(-71.175,0.005,91.112) thr=0.36 steer=-0.37 blocked=false attempts=0 stuck_s=0.00 bounded=true
tick=1290 phase=following reason=path_ready wp=4 dist_wp=2.10 bearing_deg=-6.32 speed=0.444 pos=(-71.332,0.004,92.006) thr=0.25 steer=-0.25 blocked=false attempts=0 stuck_s=0.08 bounded=true
tick=1320 phase=following reason=path_ready wp=5 dist_wp=20.95 bearing_deg=-159.11 speed=0.000 pos=(-71.571,0.010,92.949) thr=0.00 steer=-1.00 blocked=false attempts=0 stuck_s=0.00 bounded=true
tick=1350 phase=following reason=path_ready wp=5 dist_wp=20.95 bearing_deg=-141.11 speed=0.000 pos=(-71.571,0.002,92.949) thr=0.00 steer=-1.00 blocked=false attempts=0 stuck_s=0.00 bounded=true
tick=1380 phase=following reason=path_ready wp=5 dist_wp=20.95 bearing_deg=-123.11 speed=0.000 pos=(-71.571,0.001,92.949) thr=0.00 steer=-1.00 blocked=false attempts=0 stuck_s=0.00 bounded=true
tick=1410 phase=following reason=path_ready wp=5 dist_wp=20.95 bearing_deg=-105.11 speed=0.000 pos=(-71.571,0.000,92.949) thr=0.00 steer=-1.00 blocked=false attempts=0 stuck_s=0.00 bounded=true
tick=1440 phase=following reason=path_ready wp=5 dist_wp=20.95 bearing_deg=-87.11 speed=0.000 pos=(-71.571,0.000,92.949) thr=0.00 steer=-1.00 blocked=false attempts=0 stuck_s=0.00 bounded=true
tick=1470 phase=following reason=path_ready wp=5 dist_wp=20.95 bearing_deg=-69.11 speed=0.000 pos=(-71.571,0.000,92.949) thr=0.00 steer=-1.00 blocked=false attempts=0 stuck_s=0.00 bounded=true
tick=1500 phase=following reason=path_ready wp=5 dist_wp=20.95 bearing_deg=-51.12 speed=0.000 pos=(-71.571,0.000,92.949) thr=0.00 steer=-1.00 blocked=false attempts=0 stuck_s=0.00 bounded=true
tick=1530 phase=following reason=path_ready wp=5 dist_wp=20.95 bearing_deg=-33.12 speed=0.000 pos=(-71.571,0.000,92.949) thr=0.00 steer=-1.00 blocked=false attempts=0 stuck_s=0.00 bounded=true
tick=1560 phase=following reason=path_ready wp=5 dist_wp=20.95 bearing_deg=-16.76 speed=0.048 pos=(-71.573,0.001,92.944) thr=1.00 steer=-0.69 blocked=false attempts=0 stuck_s=0.03 bounded=true
tick=1590 phase=following reason=path_ready wp=5 dist_wp=19.93 bearing_deg=-8.60 speed=0.760 pos=(-71.784,0.013,91.925) thr=1.00 steer=-0.35 blocked=false attempts=0 stuck_s=0.07 bounded=true
tick=1620 phase=following reason=path_ready wp=5 dist_wp=17.13 bearing_deg=-4.99 speed=1.464 pos=(-72.098,0.014,89.131) thr=1.00 steer=-0.20 blocked=false attempts=0 stuck_s=0.03 bounded=true
tick=1650 phase=following reason=path_ready wp=5 dist_wp=12.59 bearing_deg=-3.45 speed=2.144 pos=(-72.341,0.014,84.586) thr=0.93 steer=-0.14 blocked=false attempts=0 stuck_s=0.00 bounded=true
tick=1680 phase=following reason=path_ready wp=5 dist_wp=6.84 bearing_deg=-3.27 speed=2.474 pos=(-72.418,0.008,78.831) thr=0.66 steer=-0.13 blocked=false attempts=0 stuck_s=0.00 bounded=true
tick=1710 phase=following reason=path_ready wp=5 dist_wp=0.54 bearing_deg=-22.30 speed=2.195 pos=(-72.238,0.008,72.481) thr=0.00 steer=-0.68 blocked=false attempts=0 stuck_s=0.00 bounded=true
tick=1740 phase=following reason=path_ready wp=5 dist_wp=2.88 bearing_deg=-167.19 speed=0.592 pos=(-71.593,0.031,69.153) thr=0.00 steer=-1.00 blocked=false attempts=0 stuck_s=0.00 bounded=true
tick=1770 phase=following reason=path_ready wp=5 dist_wp=3.12 bearing_deg=-150.51 speed=0.000 pos=(-71.492,0.009,68.918) thr=0.00 steer=-1.00 blocked=false attempts=0 stuck_s=0.00 bounded=true
tick=1800 phase=following reason=path_ready wp=5 dist_wp=3.12 bearing_deg=-132.51 speed=0.000 pos=(-71.492,0.001,68.918) thr=0.00 steer=-1.00 blocked=false attempts=0 stuck_s=0.00 bounded=true
tick=1830 phase=following reason=path_ready wp=5 dist_wp=3.12 bearing_deg=-114.51 speed=0.000 pos=(-71.492,0.001,68.918) thr=0.00 steer=-1.00 blocked=false attempts=0 stuck_s=0.00 bounded=true
tick=1860 phase=following reason=path_ready wp=5 dist_wp=3.12 bearing_deg=-96.51 speed=0.000 pos=(-71.492,0.001,68.918) thr=0.00 steer=-1.00 blocked=false attempts=0 stuck_s=0.00 bounded=true
tick=1890 phase=following reason=path_ready wp=5 dist_wp=3.12 bearing_deg=-78.51 speed=0.000 pos=(-71.492,0.001,68.918) thr=0.00 steer=-1.00 blocked=false attempts=0 stuck_s=0.00 bounded=true
tick=1920 phase=following reason=path_ready wp=5 dist_wp=3.12 bearing_deg=-60.51 speed=0.000 pos=(-71.492,0.001,68.918) thr=0.00 steer=-1.00 blocked=false attempts=0 stuck_s=0.00 bounded=true
tick=1950 phase=following reason=path_ready wp=5 dist_wp=3.12 bearing_deg=-42.51 speed=0.000 pos=(-71.492,0.001,68.918) thr=0.00 steer=-1.00 blocked=false attempts=0 stuck_s=0.00 bounded=true
tick=1980 phase=following reason=path_ready wp=5 dist_wp=3.12 bearing_deg=-24.51 speed=0.000 pos=(-71.492,0.001,68.918) thr=0.00 steer=-1.00 blocked=false attempts=0 stuck_s=0.00 bounded=true
tick=2010 phase=following reason=path_ready wp=5 dist_wp=3.03 bearing_deg=-12.21 speed=0.128 pos=(-71.485,0.004,69.014) thr=0.36 steer=-0.50 blocked=false attempts=0 stuck_s=0.28 bounded=true
tick=2040 phase=following reason=path_ready wp=5 dist_wp=2.45 bearing_deg=-7.35 speed=0.328 pos=(-71.504,0.005,69.603) thr=0.30 steer=-0.30 blocked=false attempts=0 stuck_s=0.20 bounded=true
tick=2070 phase=following reason=path_ready wp=5 dist_wp=1.46 bearing_deg=-6.04 speed=0.442 pos=(-71.623,0.003,70.591) thr=0.13 steer=-0.24 blocked=false attempts=0 stuck_s=0.00 bounded=true
tick=2100 phase=following reason=path_ready wp=6 dist_wp=20.91 bearing_deg=-155.41 speed=0.000 pos=(-71.678,0.006,70.903) thr=0.00 steer=-1.00 blocked=false attempts=0 stuck_s=0.00 bounded=true
tick=2130 phase=following reason=path_ready wp=6 dist_wp=20.91 bearing_deg=-137.41 speed=0.000 pos=(-71.678,0.001,70.903) thr=0.00 steer=-1.00 blocked=false attempts=0 stuck_s=0.00 bounded=true
tick=2160 phase=following reason=path_ready wp=6 dist_wp=20.91 bearing_deg=-119.41 speed=0.000 pos=(-71.678,0.000,70.903) thr=0.00 steer=-1.00 blocked=false attempts=0 stuck_s=0.00 bounded=true
tick=2190 phase=following reason=path_ready wp=6 dist_wp=20.91 bearing_deg=-101.41 speed=0.000 pos=(-71.678,0.000,70.903) thr=0.00 steer=-1.00 blocked=false attempts=0 stuck_s=0.00 bounded=true
tick=2220 phase=following reason=path_ready wp=6 dist_wp=20.91 bearing_deg=-83.41 speed=0.000 pos=(-71.678,0.000,70.903) thr=0.00 steer=-1.00 blocked=false attempts=0 stuck_s=0.00 bounded=true
tick=2250 phase=following reason=path_ready wp=6 dist_wp=20.91 bearing_deg=-65.41 speed=0.000 pos=(-71.678,0.000,70.903) thr=0.00 steer=-1.00 blocked=false attempts=0 stuck_s=0.00 bounded=true
tick=2280 phase=following reason=path_ready wp=6 dist_wp=20.91 bearing_deg=-47.41 speed=0.000 pos=(-71.678,0.000,70.903) thr=0.00 steer=-1.00 blocked=false attempts=0 stuck_s=0.00 bounded=true
tick=2310 phase=following reason=path_ready wp=6 dist_wp=20.91 bearing_deg=-29.41 speed=0.000 pos=(-71.678,0.000,70.903) thr=0.00 steer=-1.00 blocked=false attempts=0 stuck_s=0.00 bounded=true
tick=2340 phase=following reason=path_ready wp=6 dist_wp=20.82 bearing_deg=-14.49 speed=0.214 pos=(-71.703,0.006,70.818) thr=1.00 steer=-0.59 blocked=false attempts=0 stuck_s=0.15 bounded=true
tick=2370 phase=following reason=path_ready wp=6 dist_wp=19.39 bearing_deg=-7.64 speed=0.925 pos=(-71.962,0.014,69.385) thr=1.00 steer=-0.31 blocked=false attempts=0 stuck_s=0.00 bounded=true
tick=2400 phase=following reason=path_ready wp=6 dist_wp=16.18 bearing_deg=-4.58 speed=1.626 pos=(-72.258,0.014,66.178) thr=1.00 steer=-0.19 blocked=false attempts=0 stuck_s=0.00 bounded=true
tick=2430 phase=following reason=path_ready wp=6 dist_wp=11.25 bearing_deg=-3.36 speed=2.246 pos=(-72.447,0.013,61.246) thr=0.87 steer=-0.14 blocked=false attempts=0 stuck_s=0.02 bounded=true
tick=2460 phase=following reason=path_ready wp=6 dist_wp=5.33 bearing_deg=-3.67 speed=2.559 pos=(-72.441,0.008,55.315) thr=0.57 steer=-0.14 blocked=false attempts=0 stuck_s=0.02 bounded=true
tick=2490 phase=following reason=path_ready wp=6 dist_wp=0.70 bearing_deg=-162.63 speed=1.808 pos=(-72.111,0.019,49.305) thr=0.00 steer=-1.00 blocked=false attempts=0 stuck_s=0.00 bounded=true
tick=2520 phase=following reason=path_ready wp=6 dist_wp=3.11 bearing_deg=-163.98 speed=0.223 pos=(-71.483,0.032,46.935) thr=0.00 steer=-1.00 blocked=false attempts=0 stuck_s=0.00 bounded=true
tick=2550 phase=following reason=path_ready wp=6 dist_wp=3.14 bearing_deg=-146.16 speed=0.000 pos=(-71.469,0.005,46.907) thr=0.00 steer=-1.00 blocked=false attempts=0 stuck_s=0.00 bounded=true
tick=2580 phase=following reason=path_ready wp=6 dist_wp=3.14 bearing_deg=-128.16 speed=0.000 pos=(-71.469,0.000,46.907) thr=0.00 steer=-1.00 blocked=false attempts=0 stuck_s=0.00 bounded=true
tick=2610 phase=following reason=path_ready wp=6 dist_wp=3.14 bearing_deg=-110.16 speed=0.000 pos=(-71.469,0.000,46.907) thr=0.00 steer=-1.00 blocked=false attempts=0 stuck_s=0.00 bounded=true
tick=2640 phase=following reason=path_ready wp=6 dist_wp=3.14 bearing_deg=-92.16 speed=0.000 pos=(-71.469,0.000,46.907) thr=0.00 steer=-1.00 blocked=false attempts=0 stuck_s=0.00 bounded=true
tick=2670 phase=following reason=path_ready wp=6 dist_wp=3.14 bearing_deg=-74.16 speed=0.000 pos=(-71.469,0.000,46.907) thr=0.00 steer=-1.00 blocked=false attempts=0 stuck_s=0.00 bounded=true
tick=2700 phase=following reason=path_ready wp=6 dist_wp=3.14 bearing_deg=-56.16 speed=0.000 pos=(-71.469,0.000,46.907) thr=0.00 steer=-1.00 blocked=false attempts=0 stuck_s=0.00 bounded=true
tick=2730 phase=following reason=path_ready wp=6 dist_wp=3.14 bearing_deg=-38.16 speed=0.000 pos=(-71.469,0.000,46.907) thr=0.00 steer=-1.00 blocked=false attempts=0 stuck_s=0.00 bounded=true
tick=2760 phase=following reason=path_ready wp=6 dist_wp=3.14 bearing_deg=-20.55 speed=0.000 pos=(-71.469,0.000,46.907) thr=0.00 steer=-0.84 blocked=false attempts=0 stuck_s=0.00 bounded=true
tick=2790 phase=following reason=path_ready wp=6 dist_wp=2.95 bearing_deg=-10.57 speed=0.180 pos=(-71.462,0.004,47.095) thr=0.36 steer=-0.43 blocked=false attempts=0 stuck_s=0.40 bounded=true
tick=2820 phase=following reason=path_ready wp=6 dist_wp=2.26 bearing_deg=-6.74 speed=0.368 pos=(-71.506,0.004,47.799) thr=0.27 steer=-0.27 blocked=false attempts=0 stuck_s=0.07 bounded=true
tick=2850 phase=following reason=path_ready wp=6 dist_wp=1.22 bearing_deg=-6.11 speed=0.342 pos=(-71.656,0.002,48.832) thr=0.00 steer=-0.24 blocked=false attempts=0 stuck_s=0.00 bounded=true
tick=2880 phase=following reason=path_ready wp=7 dist_wp=20.22 bearing_deg=125.81 speed=0.000 pos=(-71.668,0.004,48.911) thr=0.00 steer=1.00 blocked=false attempts=0 stuck_s=0.00 bounded=true
tick=2910 phase=following reason=path_ready wp=7 dist_wp=20.22 bearing_deg=107.81 speed=0.000 pos=(-71.668,0.001,48.911) thr=0.00 steer=1.00 blocked=false attempts=0 stuck_s=0.00 bounded=true
tick=2940 phase=following reason=path_ready wp=7 dist_wp=20.22 bearing_deg=89.81 speed=0.000 pos=(-71.668,0.001,48.911) thr=0.00 steer=1.00 blocked=false attempts=0 stuck_s=0.00 bounded=true
tick=2970 phase=following reason=path_ready wp=7 dist_wp=20.22 bearing_deg=71.81 speed=0.000 pos=(-71.668,0.001,48.911) thr=0.00 steer=1.00 blocked=false attempts=0 stuck_s=0.00 bounded=true
tick=3000 phase=following reason=path_ready wp=7 dist_wp=20.22 bearing_deg=53.81 speed=0.000 pos=(-71.668,0.001,48.911) thr=0.00 steer=1.00 blocked=false attempts=0 stuck_s=0.00 bounded=true
tick=3030 phase=following reason=path_ready wp=7 dist_wp=20.22 bearing_deg=35.81 speed=0.000 pos=(-71.668,0.001,48.911) thr=0.00 steer=1.00 blocked=false attempts=0 stuck_s=0.00 bounded=true
tick=3060 phase=following reason=path_ready wp=7 dist_wp=20.22 bearing_deg=18.69 speed=0.000 pos=(-71.668,0.001,48.911) thr=0.00 steer=0.77 blocked=false attempts=0 stuck_s=0.00 bounded=true
tick=3090 phase=following reason=path_ready wp=7 dist_wp=19.43 bearing_deg=9.47 speed=0.666 pos=(-70.986,0.013,48.483) thr=1.00 steer=0.39 blocked=false attempts=0 stuck_s=0.00 bounded=true
tick=3120 phase=following reason=path_ready wp=7 dist_wp=16.87 bearing_deg=5.42 speed=1.370 pos=(-68.945,0.014,46.911) thr=1.00 steer=0.22 blocked=false attempts=0 stuck_s=0.03 bounded=true
tick=3150 phase=following reason=path_ready wp=7 dist_wp=12.56 bearing_deg=3.69 speed=2.051 pos=(-65.697,0.014,44.063) thr=0.93 steer=0.15 blocked=false attempts=0 stuck_s=0.02 bounded=true
tick=3180 phase=following reason=path_ready wp=7 dist_wp=6.95 bearing_deg=3.44 speed=2.393 pos=(-61.633,0.007,40.180) thr=0.66 steer=0.14 blocked=false attempts=0 stuck_s=0.00 bounded=true
tick=3210 phase=following reason=path_ready wp=7 dist_wp=0.78 bearing_deg=16.16 speed=2.182 pos=(-57.335,0.006,35.702) thr=0.00 steer=0.54 blocked=false attempts=0 stuck_s=0.00 bounded=true
tick=3240 phase=following reason=path_ready wp=7 dist_wp=2.60 bearing_deg=167.19 speed=0.581 pos=(-55.409,0.031,32.946) thr=0.00 steer=1.00 blocked=false attempts=0 stuck_s=0.00 bounded=true
tick=3270 phase=following reason=path_ready wp=7 dist_wp=2.84 bearing_deg=150.58 speed=0.000 pos=(-55.315,0.010,32.720) thr=0.00 steer=1.00 blocked=false attempts=0 stuck_s=0.00 bounded=true
tick=3300 phase=following reason=path_ready wp=7 dist_wp=2.84 bearing_deg=132.58 speed=0.000 pos=(-55.315,0.001,32.720) thr=0.00 steer=1.00 blocked=false attempts=0 stuck_s=0.00 bounded=true
tick=3330 phase=following reason=path_ready wp=7 dist_wp=2.84 bearing_deg=114.58 speed=0.000 pos=(-55.315,0.001,32.720) thr=0.00 steer=1.00 blocked=false attempts=0 stuck_s=0.00 bounded=true
tick=3360 phase=following reason=path_ready wp=7 dist_wp=2.84 bearing_deg=96.58 speed=0.000 pos=(-55.315,0.001,32.720) thr=0.00 steer=1.00 blocked=false attempts=0 stuck_s=0.00 bounded=true
tick=3390 phase=following reason=path_ready wp=7 dist_wp=2.84 bearing_deg=78.58 speed=0.000 pos=(-55.315,0.001,32.720) thr=0.00 steer=1.00 blocked=false attempts=0 stuck_s=0.00 bounded=true
tick=3420 phase=following reason=path_ready wp=7 dist_wp=2.84 bearing_deg=60.58 speed=0.000 pos=(-55.315,0.001,32.720) thr=0.00 steer=1.00 blocked=false attempts=0 stuck_s=0.00 bounded=true
tick=3450 phase=following reason=path_ready wp=7 dist_wp=2.84 bearing_deg=42.58 speed=0.000 pos=(-55.315,0.001,32.720) thr=0.00 steer=1.00 blocked=false attempts=0 stuck_s=0.00 bounded=true
tick=3480 phase=following reason=path_ready wp=7 dist_wp=2.84 bearing_deg=24.57 speed=0.000 pos=(-55.315,0.001,32.720) thr=0.00 steer=1.00 blocked=false attempts=0 stuck_s=0.00 bounded=true
tick=3510 phase=following reason=path_ready wp=7 dist_wp=2.75 bearing_deg=12.24 speed=0.115 pos=(-55.381,0.003,32.775) thr=0.33 steer=0.50 blocked=false attempts=0 stuck_s=0.28 bounded=true
tick=3540 phase=following reason=path_ready wp=7 dist_wp=2.23 bearing_deg=7.33 speed=0.292 pos=(-55.746,0.004,33.153) thr=0.27 steer=0.30 blocked=false attempts=0 stuck_s=0.17 bounded=true
tick=3570 phase=following reason=path_ready wp=7 dist_wp=1.36 bearing_deg=5.88 speed=0.384 pos=(-56.298,0.003,33.835) thr=0.09 steer=0.24 blocked=false attempts=0 stuck_s=0.00 bounded=true
tick=3600 phase=following reason=path_ready wp=8 dist_wp=20.06 bearing_deg=154.51 speed=0.000 pos=(-56.395,0.004,33.970) thr=0.00 steer=1.00 blocked=false attempts=0 stuck_s=0.00 bounded=true
tick=3630 phase=following reason=path_ready wp=8 dist_wp=20.06 bearing_deg=136.51 speed=0.000 pos=(-56.395,0.000,33.970) thr=0.00 steer=1.00 blocked=false attempts=0 stuck_s=0.00 bounded=true
tick=3660 phase=following reason=path_ready wp=8 dist_wp=20.06 bearing_deg=118.51 speed=0.000 pos=(-56.395,0.000,33.970) thr=0.00 steer=1.00 blocked=false attempts=0 stuck_s=0.00 bounded=true
tick=3690 phase=following reason=path_ready wp=8 dist_wp=20.06 bearing_deg=100.51 speed=0.000 pos=(-56.395,0.000,33.970) thr=0.00 steer=1.00 blocked=false attempts=0 stuck_s=0.00 bounded=true
tick=3720 phase=following reason=path_ready wp=8 dist_wp=20.06 bearing_deg=82.51 speed=0.000 pos=(-56.395,0.000,33.970) thr=0.00 steer=1.00 blocked=false attempts=0 stuck_s=0.00 bounded=true
tick=3750 phase=following reason=path_ready wp=8 dist_wp=20.06 bearing_deg=64.51 speed=0.000 pos=(-56.395,0.000,33.970) thr=0.00 steer=1.00 blocked=false attempts=0 stuck_s=0.00 bounded=true
tick=3780 phase=following reason=path_ready wp=8 dist_wp=20.06 bearing_deg=46.51 speed=0.000 pos=(-56.395,0.000,33.970) thr=0.00 steer=1.00 blocked=false attempts=0 stuck_s=0.00 bounded=true
tick=3810 phase=following reason=path_ready wp=8 dist_wp=20.06 bearing_deg=28.51 speed=0.000 pos=(-56.395,0.000,33.970) thr=0.00 steer=1.00 blocked=false attempts=0 stuck_s=0.00 bounded=true
tick=3840 phase=following reason=path_ready wp=8 dist_wp=19.95 bearing_deg=13.99 speed=0.238 pos=(-56.300,0.006,33.916) thr=1.00 steer=0.57 blocked=false attempts=0 stuck_s=0.17 bounded=true
tick=3870 phase=following reason=path_ready wp=8 dist_wp=18.46 bearing_deg=7.43 speed=0.949 pos=(-55.061,0.014,33.045) thr=1.00 steer=0.30 blocked=false attempts=0 stuck_s=0.02 bounded=true
tick=3900 phase=following reason=path_ready wp=8 dist_wp=15.20 bearing_deg=4.52 speed=1.649 pos=(-52.546,0.014,30.939) thr=1.00 steer=0.18 blocked=false attempts=0 stuck_s=0.02 bounded=true
tick=3930 phase=following reason=path_ready wp=8 dist_wp=10.23 bearing_deg=3.43 speed=2.248 pos=(-48.910,0.013,27.549) thr=0.83 steer=0.14 blocked=false attempts=0 stuck_s=0.00 bounded=true
tick=3960 phase=following reason=path_ready wp=8 dist_wp=4.34 bearing_deg=4.18 speed=2.528 pos=(-44.756,0.008,23.353) thr=0.50 steer=0.16 blocked=false attempts=0 stuck_s=0.00 bounded=true
tick=3990 phase=following reason=path_ready wp=8 dist_wp=1.14 bearing_deg=167.73 speed=1.451 pos=(-41.173,0.025,19.216) thr=0.00 steer=1.00 blocked=false attempts=0 stuck_s=0.00 bounded=true
tick=4020 phase=following reason=path_ready wp=8 dist_wp=2.57 bearing_deg=159.88 speed=0.000 pos=(-40.458,0.029,17.942) thr=0.00 steer=1.00 blocked=false attempts=0 stuck_s=0.00 bounded=true
tick=4050 phase=following reason=path_ready wp=8 dist_wp=2.57 bearing_deg=141.88 speed=0.000 pos=(-40.458,0.002,17.942) thr=0.00 steer=1.00 blocked=false attempts=0 stuck_s=0.00 bounded=true
tick=4080 phase=following reason=path_ready wp=8 dist_wp=2.57 bearing_deg=123.88 speed=0.000 pos=(-40.458,0.001,17.942) thr=0.00 steer=1.00 blocked=false attempts=0 stuck_s=0.00 bounded=true
tick=4110 phase=following reason=path_ready wp=8 dist_wp=2.57 bearing_deg=105.88 speed=0.000 pos=(-40.458,0.001,17.942) thr=0.00 steer=1.00 blocked=false attempts=0 stuck_s=0.00 bounded=true
tick=4140 phase=following reason=path_ready wp=8 dist_wp=2.57 bearing_deg=87.88 speed=0.000 pos=(-40.458,0.001,17.942) thr=0.00 steer=1.00 blocked=false attempts=0 stuck_s=0.00 bounded=true
tick=4170 phase=following reason=path_ready wp=8 dist_wp=2.57 bearing_deg=69.88 speed=0.000 pos=(-40.458,0.001,17.942) thr=0.00 steer=1.00 blocked=false attempts=0 stuck_s=0.00 bounded=true
tick=4200 phase=following reason=path_ready wp=8 dist_wp=2.57 bearing_deg=51.88 speed=0.000 pos=(-40.458,0.001,17.942) thr=0.00 steer=1.00 blocked=false attempts=0 stuck_s=0.00 bounded=true
tick=4230 phase=following reason=path_ready wp=8 dist_wp=2.57 bearing_deg=33.88 speed=0.000 pos=(-40.458,0.001,17.942) thr=0.00 steer=1.00 blocked=false attempts=0 stuck_s=0.00 bounded=true
tick=4260 phase=following reason=path_ready wp=8 dist_wp=2.57 bearing_deg=17.28 speed=0.000 pos=(-40.458,0.001,17.942) thr=0.31 steer=0.71 blocked=false attempts=0 stuck_s=0.02 bounded=true
tick=4290 phase=following reason=path_ready wp=8 dist_wp=2.57 bearing_deg=8.34 speed=0.000 pos=(-40.458,0.001,17.942) thr=0.31 steer=0.34 blocked=false attempts=0 stuck_s=0.52 bounded=true
tick=4320 phase=following reason=path_ready wp=8 dist_wp=2.57 bearing_deg=4.02 speed=0.000 pos=(-40.458,0.001,17.942) thr=0.31 steer=0.16 blocked=false attempts=0 stuck_s=1.02 bounded=true
tick=4350 phase=following reason=path_ready wp=8 dist_wp=2.57 bearing_deg=1.94 speed=0.000 pos=(-40.458,0.001,17.942) thr=0.31 steer=0.08 blocked=false attempts=0 stuck_s=1.52 bounded=true
tick=4380 phase=reverse reason=insufficient_actual_progress wp=8 dist_wp=2.57 bearing_deg=0.94 speed=0.000 pos=(-40.458,0.001,17.942) thr=0.31 steer=0.04 blocked=false attempts=1 stuck_s=0.00 bounded=true
tick=4410 phase=reverse reason=insufficient_actual_progress wp=8 dist_wp=2.70 bearing_deg=0.89 speed=-0.103 pos=(-40.378,0.003,17.838) thr=-0.75 steer=0.00 blocked=false attempts=1 stuck_s=0.00 bounded=true
tick=4440 phase=reverse reason=insufficient_actual_progress wp=8 dist_wp=3.09 bearing_deg=0.78 speed=-0.205 pos=(-40.139,0.003,17.530) thr=-0.75 steer=0.00 blocked=false attempts=1 stuck_s=0.00 bounded=true
tick=4470 phase=turn_recovery reason=reverse_complete wp=8 dist_wp=3.35 bearing_deg=-10.04 speed=0.000 pos=(-39.980,0.005,17.325) thr=0.00 steer=1.00 blocked=false attempts=1 stuck_s=0.00 bounded=true
tick=4500 phase=following reason=path_ready wp=0 dist_wp=3.35 bearing_deg=-21.12 speed=0.000 pos=(-39.980,0.001,17.325) thr=0.00 steer=-0.87 blocked=false attempts=1 stuck_s=0.00 bounded=true
tick=4530 phase=following reason=path_ready wp=0 dist_wp=3.33 bearing_deg=-10.25 speed=0.023 pos=(-39.989,0.001,17.342) thr=0.39 steer=-0.42 blocked=false attempts=1 stuck_s=0.38 bounded=true
tick=4560 phase=following reason=path_ready wp=0 dist_wp=3.24 bearing_deg=-5.10 speed=0.050 pos=(-40.036,0.001,17.423) thr=0.38 steer=-0.21 blocked=false attempts=1 stuck_s=0.88 bounded=true
tick=4590 phase=following reason=path_ready wp=0 dist_wp=3.09 bearing_deg=-2.58 speed=0.067 pos=(-40.118,0.001,17.546) thr=0.37 steer=-0.11 blocked=false attempts=1 stuck_s=1.38 bounded=true
tick=4620 phase=following reason=path_ready wp=0 dist_wp=2.92 bearing_deg=-1.32 speed=0.071 pos=(-40.220,0.001,17.688) thr=0.35 steer=-0.05 blocked=false attempts=1 stuck_s=0.22 bounded=true
tick=4650 phase=following reason=path_ready wp=0 dist_wp=2.75 bearing_deg=-0.78 speed=0.060 pos=(-40.320,0.001,17.822) thr=0.33 steer=0.00 blocked=false attempts=1 stuck_s=0.72 bounded=true
tick=4680 phase=following reason=path_ready wp=0 dist_wp=2.63 bearing_deg=-0.80 speed=0.037 pos=(-40.394,0.001,17.920) thr=0.32 steer=0.00 blocked=false attempts=1 stuck_s=0.08 bounded=true
tick=4710 phase=following reason=path_ready wp=0 dist_wp=2.58 bearing_deg=-0.80 speed=0.006 pos=(-40.424,0.002,17.961) thr=0.31 steer=0.00 blocked=false attempts=1 stuck_s=0.58 bounded=true
tick=4740 phase=following reason=path_ready wp=0 dist_wp=2.58 bearing_deg=-0.80 speed=0.000 pos=(-40.424,0.000,17.961) thr=0.31 steer=0.00 blocked=false attempts=1 stuck_s=1.08 bounded=true
tick=4770 phase=following reason=path_ready wp=0 dist_wp=2.58 bearing_deg=-0.80 speed=0.000 pos=(-40.424,0.000,17.961) thr=0.31 steer=0.00 blocked=false attempts=1 stuck_s=1.58 bounded=true
tick=4800 phase=reverse reason=insufficient_actual_progress wp=0 dist_wp=2.58 bearing_deg=-0.80 speed=-0.014 pos=(-40.423,0.001,17.959) thr=-0.75 steer=0.00 blocked=false attempts=2 stuck_s=0.00 bounded=true
tick=4830 phase=reverse reason=insufficient_actual_progress wp=0 dist_wp=2.75 bearing_deg=-0.75 speed=-0.116 pos=(-40.323,0.003,17.826) thr=-0.75 steer=0.00 blocked=false attempts=2 stuck_s=0.00 bounded=true
tick=4860 phase=reverse reason=insufficient_actual_progress wp=0 dist_wp=3.17 bearing_deg=-0.65 speed=-0.219 pos=(-40.068,0.003,17.487) thr=-0.75 steer=0.00 blocked=false attempts=2 stuck_s=0.00 bounded=true
tick=4890 phase=turn_recovery reason=reverse_complete wp=0 dist_wp=3.36 bearing_deg=12.54 speed=0.000 pos=(-39.955,0.003,17.337) thr=0.00 steer=-1.00 blocked=false attempts=2 stuck_s=0.00 bounded=true
tick=4920 phase=following reason=path_ready wp=0 dist_wp=3.36 bearing_deg=19.25 speed=0.000 pos=(-39.955,0.001,17.337) thr=0.00 steer=0.79 blocked=false attempts=2 stuck_s=0.00 bounded=true
tick=4950 phase=following reason=path_ready wp=0 dist_wp=3.33 bearing_deg=9.37 speed=0.027 pos=(-39.976,0.001,17.356) thr=0.39 steer=0.38 blocked=false attempts=2 stuck_s=0.45 bounded=true
tick=4980 phase=following reason=path_ready wp=0 dist_wp=3.23 bearing_deg=4.67 speed=0.053 pos=(-40.048,0.001,17.430) thr=0.38 steer=0.19 blocked=false attempts=2 stuck_s=0.95 bounded=true
tick=5010 phase=following reason=path_ready wp=0 dist_wp=3.07 bearing_deg=2.37 speed=0.069 pos=(-40.149,0.001,17.549) thr=0.37 steer=0.10 blocked=false attempts=2 stuck_s=1.45 bounded=true
tick=5040 phase=following reason=path_ready wp=0 dist_wp=2.89 bearing_deg=1.22 speed=0.071 pos=(-40.260,0.001,17.688) thr=0.35 steer=0.05 blocked=false attempts=2 stuck_s=0.30 bounded=true
tick=5070 phase=following reason=path_ready wp=0 dist_wp=2.73 bearing_deg=0.79 speed=0.059 pos=(-40.361,0.001,17.818) thr=0.33 steer=0.00 blocked=false attempts=2 stuck_s=0.80 bounded=true
tick=5100 phase=following reason=path_ready wp=0 dist_wp=2.61 bearing_deg=0.79 speed=0.034 pos=(-40.433,0.001,17.911) thr=0.32 steer=0.00 blocked=false attempts=2 stuck_s=0.20 bounded=true
tick=5130 phase=following reason=path_ready wp=0 dist_wp=2.57 bearing_deg=0.78 speed=0.001 pos=(-40.457,0.002,17.943) thr=0.31 steer=0.00 blocked=false attempts=2 stuck_s=0.70 bounded=true
tick=5160 phase=following reason=path_ready wp=0 dist_wp=2.57 bearing_deg=0.78 speed=0.000 pos=(-40.457,0.000,17.943) thr=0.31 steer=0.00 blocked=false attempts=2 stuck_s=1.20 bounded=true
tick=5190 phase=following reason=path_ready wp=0 dist_wp=2.57 bearing_deg=0.78 speed=0.000 pos=(-40.457,0.000,17.943) thr=0.31 steer=0.00 blocked=false attempts=2 stuck_s=1.70 bounded=true
tick=5220 phase=reverse reason=insufficient_actual_progress wp=0 dist_wp=2.59 bearing_deg=0.78 speed=-0.038 pos=(-40.446,0.002,17.928) thr=-0.75 steer=0.00 blocked=false attempts=3 stuck_s=0.00 bounded=true
tick=5250 phase=reverse reason=insufficient_actual_progress wp=0 dist_wp=2.82 bearing_deg=0.72 speed=-0.140 pos=(-40.308,0.003,17.749) thr=-0.75 steer=0.00 blocked=false attempts=3 stuck_s=0.00 bounded=true
tick=5280 phase=reverse reason=insufficient_actual_progress wp=0 dist_wp=3.30 bearing_deg=0.61 speed=-0.243 pos=(-40.012,0.003,17.366) thr=-0.75 steer=0.00 blocked=false attempts=3 stuck_s=0.00 bounded=true
tick=5310 phase=turn_recovery reason=reverse_complete wp=0 dist_wp=3.35 bearing_deg=-16.76 speed=0.000 pos=(-39.981,0.002,17.324) thr=0.00 steer=1.00 blocked=false attempts=3 stuck_s=0.00 bounded=true
tick=5340 phase=following reason=path_ready wp=0 dist_wp=3.35 bearing_deg=-16.25 speed=0.004 pos=(-39.981,0.001,17.324) thr=0.39 steer=-0.67 blocked=false attempts=3 stuck_s=0.07 bounded=true
tick=5370 phase=following reason=path_ready wp=0 dist_wp=3.31 bearing_deg=-7.95 speed=0.034 pos=(-40.002,0.001,17.365) thr=0.39 steer=-0.33 blocked=false attempts=3 stuck_s=0.57 bounded=true
tick=5400 phase=following reason=path_ready wp=0 dist_wp=3.19 bearing_deg=-3.98 speed=0.057 pos=(-40.063,0.001,17.464) thr=0.38 steer=-0.16 blocked=false attempts=3 stuck_s=1.07 bounded=true
tick=5430 phase=following reason=path_ready wp=0 dist_wp=3.03 bearing_deg=-2.03 speed=0.070 pos=(-40.155,0.001,17.597) thr=0.36 steer=-0.08 blocked=false attempts=3 stuck_s=1.57 bounded=true
tick=5460 phase=following reason=path_ready wp=0 dist_wp=2.85 bearing_deg=-1.04 speed=0.069 pos=(-40.259,0.001,17.739) thr=0.34 steer=-0.04 blocked=false attempts=3 stuck_s=0.40 bounded=true
tick=5490 phase=following reason=path_ready wp=0 dist_wp=2.70 bearing_deg=-0.78 speed=0.053 pos=(-40.351,0.001,17.863) thr=0.33 steer=0.00 blocked=false attempts=3 stuck_s=0.90 bounded=true
tick=5520 phase=following reason=path_ready wp=0 dist_wp=2.60 bearing_deg=-0.79 speed=0.026 pos=(-40.411,0.001,17.943) thr=0.31 steer=0.00 blocked=false attempts=3 stuck_s=0.27 bounded=true
tick=5550 phase=following reason=path_ready wp=0 dist_wp=2.58 bearing_deg=-0.78 speed=0.000 pos=(-40.425,0.002,17.961) thr=0.31 steer=0.00 blocked=false attempts=3 stuck_s=0.77 bounded=true
tick=5580 phase=following reason=path_ready wp=0 dist_wp=2.58 bearing_deg=-0.78 speed=0.000 pos=(-40.425,0.000,17.961) thr=0.31 steer=0.00 blocked=false attempts=3 stuck_s=1.27 bounded=true
tick=5610 phase=following reason=path_ready wp=0 dist_wp=2.58 bearing_deg=-0.78 speed=0.000 pos=(-40.425,0.000,17.961) thr=0.31 steer=0.00 blocked=false attempts=3 stuck_s=1.77 bounded=true
