tick=0 phase=following reason=path_ready wp=1 dist_wp=13.42 bearing_deg=26.57 speed=0.000 pos=(-27.000,0.007,116.000) bounded=true
tick=30 phase=following reason=path_ready wp=1 dist_wp=13.33 bearing_deg=13.27 speed=0.185 pos=(-27.020,0.005,115.908) bounded=true
tick=60 phase=following reason=path_ready wp=1 dist_wp=12.35 bearing_deg=7.00 speed=0.634 pos=(-27.323,0.009,114.973) bounded=true
tick=90 phase=following reason=path_ready wp=1 dist_wp=10.38 bearing_deg=4.12 speed=1.031 pos=(-28.084,0.008,113.148) bounded=true
tick=120 phase=following reason=path_ready wp=1 dist_wp=7.58 bearing_deg=2.82 speed=1.340 pos=(-29.293,0.007,110.611) bounded=true
tick=150 phase=following reason=path_ready wp=1 dist_wp=4.20 bearing_deg=2.56 speed=1.513 pos=(-30.849,0.004,107.610) bounded=true
tick=180 phase=following reason=path_ready wp=1 dist_wp=0.83 bearing_deg=6.59 speed=1.026 pos=(-32.501,0.011,104.658) bounded=true
tick=210 phase=following reason=path_ready wp=2 dist_wp=20.52 bearing_deg=62.30 speed=0.000 pos=(-32.846,0.016,104.104) bounded=true
tick=240 phase=following reason=path_ready wp=2 dist_wp=20.52 bearing_deg=44.30 speed=0.000 pos=(-32.846,0.002,104.104) bounded=true
tick=270 phase=following reason=path_ready wp=2 dist_wp=20.52 bearing_deg=26.30 speed=0.000 pos=(-32.846,0.001,104.104) bounded=true
tick=300 phase=following reason=path_ready wp=2 dist_wp=20.39 bearing_deg=12.82 speed=0.233 pos=(-32.983,0.006,104.110) bounded=true
tick=330 phase=following reason=path_ready wp=2 dist_wp=19.25 bearing_deg=6.65 speed=0.731 pos=(-34.119,0.010,104.277) bounded=true
tick=360 phase=following reason=path_ready wp=2 dist_wp=16.95 bearing_deg=3.75 speed=1.223 pos=(-36.370,0.010,104.788) bounded=true
tick=390 phase=following reason=path_ready wp=2 dist_wp=13.50 bearing_deg=2.38 speed=1.704 pos=(-39.698,0.010,105.701) bounded=true
tick=420 phase=following reason=path_ready wp=2 dist_wp=9.02 bearing_deg=1.81 speed=2.085 pos=(-43.986,0.008,107.008) bounded=true
tick=450 phase=following reason=path_ready wp=2 dist_wp=3.92 bearing_deg=2.14 speed=2.163 pos=(-48.839,0.002,108.602) bounded=true
tick=480 phase=following reason=path_ready wp=2 dist_wp=0.33 bearing_deg=163.89 speed=1.069 pos=(-52.821,0.026,110.051) bounded=true
tick=510 phase=following reason=path_ready wp=3 dist_wp=18.85 bearing_deg=-10.40 speed=0.577 pos=(-53.923,0.006,110.644) bounded=true
tick=540 phase=following reason=path_ready wp=3 dist_wp=16.92 bearing_deg=-5.73 speed=1.070 pos=(-55.709,0.010,111.422) bounded=true
tick=570 phase=following reason=path_ready wp=3 dist_wp=13.83 bearing_deg=-3.52 speed=1.555 pos=(-58.626,0.010,112.461) bounded=true
tick=600 phase=following reason=path_ready wp=3 dist_wp=9.69 bearing_deg=-2.55 speed=1.952 pos=(-62.589,0.008,113.689) bounded=true
tick=630 phase=following reason=path_ready wp=3 dist_wp=4.78 bearing_deg=-2.65 speed=2.212 pos=(-67.322,0.006,115.000) bounded=true
tick=660 phase=following reason=path_ready wp=3 dist_wp=0.14 bearing_deg=-55.63 speed=1.407 pos=(-71.902,0.019,116.098) bounded=true
tick=690 phase=following reason=path_ready wp=4 dist_wp=22.26 bearing_deg=-86.07 speed=0.000 pos=(-73.253,0.028,116.222) bounded=true
tick=720 phase=following reason=path_ready wp=4 dist_wp=22.26 bearing_deg=-68.07 speed=0.000 pos=(-73.253,0.003,116.222) bounded=true
tick=750 phase=following reason=path_ready wp=4 dist_wp=22.26 bearing_deg=-50.07 speed=0.000 pos=(-73.253,0.001,116.222) bounded=true
tick=780 phase=following reason=path_ready wp=4 dist_wp=22.26 bearing_deg=-32.07 speed=0.000 pos=(-73.253,0.001,116.222) bounded=true
tick=810 phase=following reason=path_ready wp=4 dist_wp=22.24 bearing_deg=-16.07 speed=0.084 pos=(-73.257,0.002,116.206) bounded=true
tick=840 phase=following reason=path_ready wp=4 dist_wp=21.30 bearing_deg=-8.20 speed=0.725 pos=(-73.374,0.012,115.252) bounded=true
tick=870 phase=following reason=path_ready wp=4 dist_wp=18.80 bearing_deg=-4.63 speed=1.398 pos=(-73.454,0.014,112.749) bounded=true
tick=900 phase=following reason=path_ready wp=4 dist_wp=14.70 bearing_deg=-3.01 speed=2.091 pos=(-73.361,0.014,108.633) bounded=true
tick=930 phase=following reason=path_ready wp=4 dist_wp=9.34 bearing_deg=-2.44 speed=2.483 pos=(-73.056,0.009,103.280) bounded=true
tick=960 phase=following reason=path_ready wp=4 dist_wp=3.02 bearing_deg=-3.94 speed=2.858 pos=(-72.511,0.008,96.974) bounded=true
tick=990 phase=following reason=path_ready wp=4 dist_wp=1.99 bearing_deg=-171.38 speed=1.360 pos=(-71.696,0.029,92.034) bounded=true
tick=1020 phase=following reason=path_ready wp=4 dist_wp=3.28 bearing_deg=-159.33 speed=0.000 pos=(-71.193,0.028,90.816) bounded=true
tick=1050 phase=following reason=path_ready wp=4 dist_wp=3.28 bearing_deg=-141.36 speed=0.000 pos=(-71.193,0.003,90.816) bounded=true
tick=1080 phase=following reason=path_ready wp=4 dist_wp=3.28 bearing_deg=-123.36 speed=0.000 pos=(-71.193,0.000,90.816) bounded=true
tick=1110 phase=following reason=path_ready wp=4 dist_wp=3.28 bearing_deg=-105.36 speed=0.000 pos=(-71.193,0.000,90.816) bounded=true
tick=1140 phase=following reason=path_ready wp=4 dist_wp=3.28 bearing_deg=-87.36 speed=0.000 pos=(-71.193,0.000,90.816) bounded=true
tick=1170 phase=following reason=path_ready wp=4 dist_wp=3.28 bearing_deg=-69.36 speed=0.000 pos=(-71.193,0.000,90.816) bounded=true
tick=1200 phase=following reason=path_ready wp=4 dist_wp=3.28 bearing_deg=-51.36 speed=0.000 pos=(-71.193,0.000,90.816) bounded=true
tick=1230 phase=following reason=path_ready wp=4 dist_wp=3.28 bearing_deg=-33.36 speed=0.000 pos=(-71.193,0.000,90.816) bounded=true
tick=1260 phase=following reason=path_ready wp=4 dist_wp=3.28 bearing_deg=-16.93 speed=0.016 pos=(-71.193,0.001,90.818) bounded=true
tick=1290 phase=following reason=path_ready wp=4 dist_wp=2.97 bearing_deg=-9.09 speed=0.248 pos=(-71.213,0.005,91.140) bounded=true
tick=1320 phase=following reason=path_ready wp=4 dist_wp=2.16 bearing_deg=-6.10 speed=0.431 pos=(-71.347,0.004,91.946) bounded=true
tick=1350 phase=following reason=path_ready wp=5 dist_wp=20.93 bearing_deg=-161.39 speed=0.128 pos=(-71.583,0.007,92.921) bounded=true
tick=1380 phase=following reason=path_ready wp=5 dist_wp=20.93 bearing_deg=-143.40 speed=0.000 pos=(-71.585,0.002,92.928) bounded=true
tick=1410 phase=following reason=path_ready wp=5 dist_wp=20.93 bearing_deg=-125.40 speed=0.000 pos=(-71.585,0.000,92.928) bounded=true
tick=1440 phase=following reason=path_ready wp=5 dist_wp=20.93 bearing_deg=-107.40 speed=0.000 pos=(-71.585,0.000,92.928) bounded=true
tick=1470 phase=following reason=path_ready wp=5 dist_wp=20.93 bearing_deg=-89.40 speed=0.000 pos=(-71.585,0.000,92.928) bounded=true
tick=1500 phase=following reason=path_ready wp=5 dist_wp=20.93 bearing_deg=-71.40 speed=0.000 pos=(-71.585,0.000,92.928) bounded=true
tick=1530 phase=following reason=path_ready wp=5 dist_wp=20.93 bearing_deg=-53.40 speed=0.000 pos=(-71.585,0.000,92.928) bounded=true
tick=1560 phase=following reason=path_ready wp=5 dist_wp=20.93 bearing_deg=-35.40 speed=0.000 pos=(-71.585,0.000,92.928) bounded=true
tick=1590 phase=following reason=path_ready wp=5 dist_wp=20.93 bearing_deg=-18.38 speed=0.000 pos=(-71.585,0.000,92.928) bounded=true
tick=1620 phase=following reason=path_ready wp=5 dist_wp=20.14 bearing_deg=-9.31 speed=0.689 pos=(-71.759,0.013,92.140) bounded=true
tick=1650 phase=following reason=path_ready wp=5 dist_wp=17.69 bearing_deg=-5.28 speed=1.394 pos=(-72.057,0.014,89.689) bounded=true
tick=1680 phase=following reason=path_ready wp=5 dist_wp=13.60 bearing_deg=-3.49 speed=2.083 pos=(-72.301,0.014,85.593) bounded=true
tick=1710 phase=following reason=path_ready wp=5 dist_wp=8.27 bearing_deg=-2.95 speed=2.450 pos=(-72.403,0.008,80.261) bounded=true
tick=1740 phase=following reason=path_ready wp=5 dist_wp=2.10 bearing_deg=-6.07 speed=2.673 pos=(-72.301,0.006,74.078) bounded=true
tick=1770 phase=following reason=path_ready wp=5 dist_wp=2.13 bearing_deg=-166.42 speed=1.060 pos=(-71.904,0.030,69.868) bounded=true
tick=1800 phase=following reason=path_ready wp=5 dist_wp=2.90 bearing_deg=-153.50 speed=0.000 pos=(-71.629,0.020,69.122) bounded=true
tick=1830 phase=following reason=path_ready wp=5 dist_wp=2.90 bearing_deg=-135.51 speed=0.000 pos=(-71.629,0.001,69.122) bounded=true
tick=1860 phase=following reason=path_ready wp=5 dist_wp=2.90 bearing_deg=-117.51 speed=0.000 pos=(-71.629,0.000,69.122) bounded=true
tick=1890 phase=following reason=path_ready wp=5 dist_wp=2.90 bearing_deg=-99.51 speed=0.000 pos=(-71.629,0.000,69.122) bounded=true
tick=1920 phase=following reason=path_ready wp=5 dist_wp=2.90 bearing_deg=-81.51 speed=0.000 pos=(-71.629,0.000,69.122) bounded=true
tick=1950 phase=following reason=path_ready wp=5 dist_wp=2.90 bearing_deg=-63.51 speed=0.000 pos=(-71.629,0.000,69.122) bounded=true
tick=1980 phase=following reason=path_ready wp=5 dist_wp=2.90 bearing_deg=-45.51 speed=0.000 pos=(-71.629,0.000,69.122) bounded=true
tick=2010 phase=following reason=path_ready wp=5 dist_wp=2.90 bearing_deg=-27.51 speed=0.000 pos=(-71.629,0.000,69.122) bounded=true
tick=2040 phase=following reason=path_ready wp=5 dist_wp=2.86 bearing_deg=-13.55 speed=0.084 pos=(-71.624,0.003,69.164) bounded=true
tick=2070 phase=following reason=path_ready wp=5 dist_wp=2.43 bearing_deg=-7.75 speed=0.275 pos=(-71.615,0.004,69.599) bounded=true
tick=2100 phase=following reason=path_ready wp=5 dist_wp=1.62 bearing_deg=-5.68 speed=0.400 pos=(-71.672,0.003,70.413) bounded=true
tick=2130 phase=following reason=path_ready wp=6 dist_wp=20.85 bearing_deg=-160.89 speed=0.000 pos=(-71.727,0.009,70.848) bounded=true
tick=2160 phase=following reason=path_ready wp=6 dist_wp=20.85 bearing_deg=-142.89 speed=0.000 pos=(-71.727,0.001,70.848) bounded=true
tick=2190 phase=following reason=path_ready wp=6 dist_wp=20.85 bearing_deg=-124.89 speed=0.000 pos=(-71.727,0.001,70.848) bounded=true
tick=2220 phase=following reason=path_ready wp=6 dist_wp=20.85 bearing_deg=-106.89 speed=0.000 pos=(-71.727,0.001,70.848) bounded=true
tick=2250 phase=following reason=path_ready wp=6 dist_wp=20.85 bearing_deg=-88.89 speed=0.000 pos=(-71.727,0.001,70.848) bounded=true
tick=2280 phase=following reason=path_ready wp=6 dist_wp=20.85 bearing_deg=-70.89 speed=0.000 pos=(-71.727,0.001,70.848) bounded=true
tick=2310 phase=following reason=path_ready wp=6 dist_wp=20.85 bearing_deg=-52.89 speed=0.000 pos=(-71.727,0.001,70.848) bounded=true
tick=2340 phase=following reason=path_ready wp=6 dist_wp=20.85 bearing_deg=-34.89 speed=0.000 pos=(-71.727,0.001,70.848) bounded=true
tick=2370 phase=following reason=path_ready wp=6 dist_wp=20.85 bearing_deg=-18.00 speed=0.000 pos=(-71.727,0.001,70.848) bounded=true
tick=2400 phase=following reason=path_ready wp=6 dist_wp=20.06 bearing_deg=-9.12 speed=0.689 pos=(-71.892,0.013,70.058) bounded=true
tick=2430 phase=following reason=path_ready wp=6 dist_wp=17.61 bearing_deg=-5.18 speed=1.394 pos=(-72.169,0.014,67.604) bounded=true
tick=2460 phase=following reason=path_ready wp=6 dist_wp=13.51 bearing_deg=-3.43 speed=2.083 pos=(-72.381,0.014,63.506) bounded=true
tick=2490 phase=following reason=path_ready wp=6 dist_wp=8.19 bearing_deg=-2.91 speed=2.448 pos=(-72.447,0.008,58.175) bounded=true
tick=2520 phase=following reason=path_ready wp=6 dist_wp=2.03 bearing_deg=-6.13 speed=2.650 pos=(-72.305,0.006,52.004) bounded=true
tick=2550 phase=following reason=path_ready wp=6 dist_wp=2.21 bearing_deg=-169.82 speed=1.038 pos=(-71.757,0.030,47.799) bounded=true
tick=2580 phase=following reason=path_ready wp=6 dist_wp=2.96 bearing_deg=-155.75 speed=0.000 pos=(-71.491,0.019,47.084) bounded=true
tick=2610 phase=following reason=path_ready wp=6 dist_wp=2.96 bearing_deg=-137.76 speed=0.000 pos=(-71.491,0.002,47.084) bounded=true
tick=2640 phase=following reason=path_ready wp=6 dist_wp=2.96 bearing_deg=-119.76 speed=0.000 pos=(-71.491,0.001,47.084) bounded=true
tick=2670 phase=following reason=path_ready wp=6 dist_wp=2.96 bearing_deg=-101.76 speed=0.000 pos=(-71.491,0.001,47.084) bounded=true
tick=2700 phase=following reason=path_ready wp=6 dist_wp=2.96 bearing_deg=-83.76 speed=0.000 pos=(-71.491,0.001,47.084) bounded=true
tick=2730 phase=following reason=path_ready wp=6 dist_wp=2.96 bearing_deg=-65.76 speed=0.000 pos=(-71.491,0.001,47.084) bounded=true
tick=2760 phase=following reason=path_ready wp=6 dist_wp=2.96 bearing_deg=-47.76 speed=0.000 pos=(-71.491,0.001,47.084) bounded=true
tick=2790 phase=following reason=path_ready wp=6 dist_wp=2.96 bearing_deg=-29.76 speed=0.000 pos=(-71.491,0.001,47.084) bounded=true
tick=2820 phase=following reason=path_ready wp=6 dist_wp=2.94 bearing_deg=-14.73 speed=0.057 pos=(-71.489,0.002,47.103) bounded=true
tick=2850 phase=following reason=path_ready wp=6 dist_wp=2.56 bearing_deg=-8.20 speed=0.258 pos=(-71.493,0.005,47.487) bounded=true
tick=2880 phase=following reason=path_ready wp=6 dist_wp=1.77 bearing_deg=-5.79 speed=0.401 pos=(-71.576,0.004,48.278) bounded=true
tick=2910 phase=following reason=path_ready wp=7 dist_wp=20.19 bearing_deg=135.92 speed=0.000 pos=(-71.673,0.011,48.876) bounded=true
tick=2940 phase=following reason=path_ready wp=7 dist_wp=20.19 bearing_deg=117.92 speed=0.000 pos=(-71.673,0.001,48.876) bounded=true
tick=2970 phase=following reason=path_ready wp=7 dist_wp=20.19 bearing_deg=99.92 speed=0.000 pos=(-71.673,0.000,48.876) bounded=true
tick=3000 phase=following reason=path_ready wp=7 dist_wp=20.19 bearing_deg=81.92 speed=0.000 pos=(-71.673,0.000,48.876) bounded=true
tick=3030 phase=following reason=path_ready wp=7 dist_wp=20.19 bearing_deg=63.92 speed=0.000 pos=(-71.673,0.000,48.876) bounded=true
tick=3060 phase=following reason=path_ready wp=7 dist_wp=20.19 bearing_deg=45.92 speed=0.000 pos=(-71.673,0.000,48.876) bounded=true
tick=3090 phase=following reason=path_ready wp=7 dist_wp=20.19 bearing_deg=27.92 speed=0.000 pos=(-71.673,0.000,48.876) bounded=true
tick=3120 phase=following reason=path_ready wp=7 dist_wp=20.08 bearing_deg=13.68 speed=0.262 pos=(-71.565,0.007,48.817) bounded=true
tick=3150 phase=following reason=path_ready wp=7 dist_wp=18.62 bearing_deg=7.25 speed=0.972 pos=(-70.351,0.014,47.981) bounded=true
tick=3180 phase=following reason=path_ready wp=7 dist_wp=15.51 bearing_deg=4.37 speed=1.672 pos=(-67.931,0.014,46.001) bounded=true
tick=3210 phase=following reason=path_ready wp=7 dist_wp=10.81 bearing_deg=3.21 speed=2.244 pos=(-64.443,0.012,42.836) bounded=true
tick=3240 phase=following reason=path_ready wp=7 dist_wp=5.21 bearing_deg=3.44 speed=2.584 pos=(-60.438,0.008,38.920) bounded=true
tick=3270 phase=following reason=path_ready wp=7 dist_wp=0.51 bearing_deg=158.63 speed=1.834 pos=(-56.566,0.019,34.742) bounded=true
tick=3300 phase=following reason=path_ready wp=7 dist_wp=2.81 bearing_deg=164.46 speed=0.248 pos=(-55.333,0.032,32.734) bounded=true
tick=3330 phase=following reason=path_ready wp=7 dist_wp=2.85 bearing_deg=146.74 speed=0.000 pos=(-55.321,0.005,32.699) bounded=true
tick=3360 phase=following reason=path_ready wp=7 dist_wp=2.85 bearing_deg=128.74 speed=0.000 pos=(-55.321,0.001,32.699) bounded=true
tick=3390 phase=following reason=path_ready wp=7 dist_wp=2.85 bearing_deg=110.74 speed=0.000 pos=(-55.321,0.001,32.699) bounded=true
tick=3420 phase=following reason=path_ready wp=7 dist_wp=2.85 bearing_deg=92.74 speed=0.000 pos=(-55.321,0.001,32.699) bounded=true
tick=3450 phase=following reason=path_ready wp=7 dist_wp=2.85 bearing_deg=74.74 speed=0.000 pos=(-55.321,0.001,32.699) bounded=true
tick=3480 phase=following reason=path_ready wp=7 dist_wp=2.85 bearing_deg=56.74 speed=0.000 pos=(-55.321,0.001,32.699) bounded=true
tick=3510 phase=following reason=path_ready wp=7 dist_wp=2.85 bearing_deg=38.74 speed=0.000 pos=(-55.321,0.001,32.699) bounded=true
tick=3540 phase=following reason=path_ready wp=7 dist_wp=2.85 bearing_deg=21.04 speed=0.000 pos=(-55.321,0.001,32.699) bounded=true
tick=3570 phase=following reason=path_ready wp=7 dist_wp=2.71 bearing_deg=10.71 speed=0.155 pos=(-55.429,0.004,32.796) bounded=true
tick=3600 phase=following reason=path_ready wp=7 dist_wp=2.13 bearing_deg=6.62 speed=0.325 pos=(-55.821,0.004,33.223) bounded=true
tick=3630 phase=following reason=path_ready wp=7 dist_wp=1.26 bearing_deg=5.47 speed=0.347 pos=(-56.359,0.002,33.914) bounded=true
tick=3660 phase=following reason=path_ready wp=8 dist_wp=20.07 bearing_deg=152.20 speed=0.000 pos=(-56.402,0.003,33.977) bounded=true
tick=3690 phase=following reason=path_ready wp=8 dist_wp=20.07 bearing_deg=134.20 speed=0.000 pos=(-56.402,0.001,33.977) bounded=true
tick=3720 phase=following reason=path_ready wp=8 dist_wp=20.07 bearing_deg=116.20 speed=0.000 pos=(-56.402,0.001,33.977) bounded=true
tick=3750 phase=following reason=path_ready wp=8 dist_wp=20.07 bearing_deg=98.20 speed=0.000 pos=(-56.402,0.001,33.977) bounded=true
tick=3780 phase=following reason=path_ready wp=8 dist_wp=20.07 bearing_deg=80.20 speed=0.000 pos=(-56.402,0.001,33.977) bounded=true
tick=3810 phase=following reason=path_ready wp=8 dist_wp=20.07 bearing_deg=62.20 speed=0.000 pos=(-56.402,0.001,33.977) bounded=true
tick=3840 phase=following reason=path_ready wp=8 dist_wp=20.07 bearing_deg=44.20 speed=0.000 pos=(-56.402,0.001,33.977) bounded=true
tick=3870 phase=following reason=path_ready wp=8 dist_wp=20.07 bearing_deg=26.20 speed=0.000 pos=(-56.402,0.001,33.977) bounded=true
tick=3900 phase=following reason=path_ready wp=8 dist_wp=19.88 bearing_deg=12.81 speed=0.333 pos=(-56.233,0.008,33.879) bounded=true
tick=3930 phase=following reason=path_ready wp=8 dist_wp=18.26 bearing_deg=6.87 speed=1.043 pos=(-54.903,0.014,32.919) bounded=true
tick=3960 phase=following reason=path_ready wp=8 dist_wp=14.98 bearing_deg=4.22 speed=1.741 pos=(-52.397,0.014,30.787) bounded=true
tick=3990 phase=following reason=path_ready wp=8 dist_wp=10.16 bearing_deg=3.18 speed=2.244 pos=(-48.876,0.010,27.481) bounded=true
tick=4020 phase=following reason=path_ready wp=8 dist_wp=4.49 bearing_deg=3.72 speed=2.608 pos=(-44.886,0.008,23.445) bounded=true
tick=4050 phase=following reason=path_ready wp=8 dist_wp=0.85 bearing_deg=166.24 speed=1.545 pos=(-41.358,0.025,19.443) bounded=true
tick=4080 phase=following reason=path_ready wp=8 dist_wp=2.38 bearing_deg=161.13 speed=0.000 pos=(-40.576,0.031,18.095) bounded=true
tick=4110 phase=following reason=path_ready wp=8 dist_wp=2.38 bearing_deg=143.17 speed=0.000 pos=(-40.576,0.002,18.095) bounded=true
tick=4140 phase=following reason=path_ready wp=8 dist_wp=2.38 bearing_deg=125.17 speed=0.000 pos=(-40.576,0.001,18.095) bounded=true
tick=4170 phase=following reason=path_ready wp=8 dist_wp=2.38 bearing_deg=107.17 speed=0.000 pos=(-40.576,0.000,18.095) bounded=true
tick=4200 phase=following reason=path_ready wp=8 dist_wp=2.38 bearing_deg=89.17 speed=0.000 pos=(-40.576,0.000,18.095) bounded=true
tick=4230 phase=following reason=path_ready wp=8 dist_wp=2.38 bearing_deg=71.17 speed=0.000 pos=(-40.576,0.000,18.095) bounded=true
tick=4260 phase=following reason=path_ready wp=8 dist_wp=2.38 bearing_deg=53.17 speed=0.000 pos=(-40.576,0.000,18.095) bounded=true
tick=4290 phase=following reason=path_ready wp=8 dist_wp=2.38 bearing_deg=35.17 speed=0.000 pos=(-40.576,0.000,18.095) bounded=true
tick=4320 phase=following reason=path_ready wp=8 dist_wp=2.38 bearing_deg=18.21 speed=0.000 pos=(-40.576,0.000,18.095) bounded=true
tick=4350 phase=following reason=path_ready wp=8 dist_wp=2.38 bearing_deg=8.79 speed=0.000 pos=(-40.576,0.000,18.095) bounded=true
tick=4380 phase=following reason=path_ready wp=8 dist_wp=2.38 bearing_deg=4.24 speed=0.000 pos=(-40.576,0.000,18.095) bounded=true
tick=4410 phase=following reason=path_ready wp=8 dist_wp=2.38 bearing_deg=2.05 speed=0.000 pos=(-40.576,0.000,18.095) bounded=true
tick=4440 phase=following reason=path_ready wp=8 dist_wp=2.38 bearing_deg=0.99 speed=0.000 pos=(-40.576,0.000,18.095) bounded=true
tick=4470 phase=reverse reason=insufficient_actual_progress wp=8 dist_wp=2.53 bearing_deg=0.89 speed=-0.123 pos=(-40.486,0.003,17.978) bounded=true
tick=4500 phase=reverse reason=insufficient_actual_progress wp=8 dist_wp=2.94 bearing_deg=0.76 speed=-0.226 pos=(-40.234,0.003,17.651) bounded=true
tick=4530 phase=turn_recovery reason=reverse_complete wp=8 dist_wp=3.25 bearing_deg=-8.86 speed=0.000 pos=(-40.043,0.006,17.403) bounded=true
tick=4560 phase=following reason=path_ready wp=0 dist_wp=3.25 bearing_deg=-22.19 speed=0.000 pos=(-40.043,0.001,17.403) bounded=true
tick=4590 phase=following reason=path_ready wp=0 dist_wp=3.24 bearing_deg=-10.74 speed=0.016 pos=(-40.046,0.001,17.411) bounded=true
tick=4620 phase=following reason=path_ready wp=0 dist_wp=3.18 bearing_deg=-5.29 speed=0.037 pos=(-40.078,0.001,17.466) bounded=true
tick=4650 phase=following reason=path_ready wp=0 dist_wp=3.08 bearing_deg=-2.64 speed=0.051 pos=(-40.136,0.001,17.553) bounded=true
tick=4680 phase=following reason=path_ready wp=0 dist_wp=2.95 bearing_deg=-1.33 speed=0.055 pos=(-40.209,0.001,17.656) bounded=true
tick=4710 phase=reverse reason=insufficient_actual_progress wp=0 dist_wp=2.96 bearing_deg=-1.04 speed=-0.065 pos=(-40.205,0.003,17.650) bounded=true
tick=4740 phase=reverse reason=insufficient_actual_progress wp=0 dist_wp=3.23 bearing_deg=-0.95 speed=-0.168 pos=(-40.041,0.003,17.427) bounded=true
tick=4770 phase=turn_recovery reason=reverse_complete wp=0 dist_wp=3.62 bearing_deg=3.91 speed=0.000 pos=(-39.812,0.005,17.118) bounded=true
tick=4800 phase=turn_recovery reason=reverse_complete wp=0 dist_wp=3.62 bearing_deg=21.91 speed=0.000 pos=(-39.812,0.001,17.118) bounded=true
tick=4830 phase=following reason=path_ready wp=0 dist_wp=3.61 bearing_deg=12.96 speed=0.021 pos=(-39.819,0.001,17.123) bounded=true
tick=4860 phase=following reason=path_ready wp=0 dist_wp=3.50 bearing_deg=6.45 speed=0.068 pos=(-39.896,0.002,17.198) bounded=true
tick=4890 phase=following reason=path_ready wp=0 dist_wp=3.30 bearing_deg=3.31 speed=0.103 pos=(-40.031,0.002,17.351) bounded=true
tick=4920 phase=following reason=path_ready wp=0 dist_wp=3.04 bearing_deg=1.74 speed=0.120 pos=(-40.197,0.001,17.558) bounded=true
tick=4950 phase=following reason=path_ready wp=0 dist_wp=2.76 bearing_deg=0.93 speed=0.115 pos=(-40.368,0.001,17.779) bounded=true
tick=4980 phase=following reason=path_ready wp=0 dist_wp=2.52 bearing_deg=0.80 speed=0.087 pos=(-40.512,0.001,17.970) bounded=true
tick=5010 phase=following reason=path_ready wp=0 dist_wp=2.34 bearing_deg=0.80 speed=0.070 pos=(-40.618,0.001,18.110) bounded=true
tick=5040 phase=following reason=path_ready wp=0 dist_wp=2.20 bearing_deg=0.79 speed=0.049 pos=(-40.703,0.001,18.223) bounded=true
tick=5070 phase=following reason=path_ready wp=0 dist_wp=2.12 bearing_deg=0.79 speed=0.016 pos=(-40.748,0.002,18.283) bounded=true
tick=5100 phase=following reason=path_ready wp=0 dist_wp=2.12 bearing_deg=0.79 speed=0.000 pos=(-40.750,0.001,18.286) bounded=true
tick=5130 phase=following reason=path_ready wp=0 dist_wp=2.12 bearing_deg=0.79 speed=0.000 pos=(-40.750,0.001,18.286) bounded=true
tick=5160 phase=reverse reason=insufficient_actual_progress wp=0 dist_wp=2.12 bearing_deg=0.79 speed=0.000 pos=(-40.750,0.001,18.286) bounded=true
tick=5190 phase=reverse reason=insufficient_actual_progress wp=0 dist_wp=2.30 bearing_deg=0.73 speed=-0.146 pos=(-40.645,0.004,18.146) bounded=true
tick=5220 phase=reverse reason=insufficient_actual_progress wp=0 dist_wp=2.80 bearing_deg=0.60 speed=-0.267 pos=(-40.344,0.003,17.746) bounded=true
tick=5250 phase=turn_recovery reason=reverse_complete wp=0 dist_wp=3.12 bearing_deg=-10.20 speed=0.000 pos=(-40.152,0.006,17.489) bounded=true
tick=5280 phase=following reason=path_ready wp=0 dist_wp=3.12 bearing_deg=-21.26 speed=0.000 pos=(-40.152,0.000,17.489) bounded=true
tick=5310 phase=following reason=path_ready wp=0 dist_wp=3.12 bearing_deg=-10.26 speed=0.010 pos=(-40.152,0.000,17.489) bounded=true
tick=5340 phase=following reason=path_ready wp=0 dist_wp=3.08 bearing_deg=-5.01 speed=0.021 pos=(-40.171,0.001,17.522) bounded=true
tick=5370 phase=following reason=path_ready wp=0 dist_wp=3.02 bearing_deg=-2.47 speed=0.029 pos=(-40.204,0.001,17.572) bounded=true
tick=5400 phase=following reason=path_ready wp=0 dist_wp=2.95 bearing_deg=-1.22 speed=0.031 pos=(-40.245,0.001,17.631) bounded=true
