tick=0 phase=following reason=path_ready wp=1 dist_wp=13.42 bearing_deg=-26.57 speed=0.000 pos=(27.000,0.007,130.000) thr=0.00 steer=-1.00 blocked=false attempts=0 stuck_s=0.00 bounded=true
tick=30 phase=following reason=path_ready wp=1 dist_wp=13.33 bearing_deg=-13.27 speed=0.185 pos=(27.019,0.005,129.910) thr=0.95 steer=-0.54 blocked=false attempts=0 stuck_s=0.20 bounded=true
tick=60 phase=following reason=path_ready wp=1 dist_wp=12.38 bearing_deg=-6.98 speed=0.634 pos=(27.317,0.009,128.993) thr=0.91 steer=-0.28 blocked=false attempts=0 stuck_s=0.10 bounded=true
tick=90 phase=following reason=path_ready wp=1 dist_wp=10.44 bearing_deg=-4.09 speed=1.032 pos=(28.063,0.008,127.202) thr=0.83 steer=-0.17 blocked=false attempts=0 stuck_s=0.07 bounded=true
tick=120 phase=following reason=path_ready wp=1 dist_wp=7.69 bearing_deg=-2.78 speed=1.345 pos=(29.250,0.007,124.708) thr=0.70 steer=-0.11 blocked=false attempts=0 stuck_s=0.05 bounded=true
tick=150 phase=following reason=path_ready wp=1 dist_wp=4.36 bearing_deg=-2.46 speed=1.524 pos=(30.781,0.004,121.749) thr=0.49 steer=-0.10 blocked=false attempts=0 stuck_s=0.02 bounded=true
tick=180 phase=following reason=path_ready wp=1 dist_wp=0.95 bearing_deg=-5.72 speed=1.148 pos=(32.441,0.008,118.767) thr=0.00 steer=-0.21 blocked=false attempts=0 stuck_s=0.00 bounded=true
tick=210 phase=following reason=path_ready wp=2 dist_wp=19.66 bearing_deg=-43.53 speed=0.000 pos=(32.865,0.019,118.081) thr=0.00 steer=-1.00 blocked=false attempts=0 stuck_s=0.00 bounded=true
tick=240 phase=following reason=path_ready wp=2 dist_wp=19.66 bearing_deg=-25.53 speed=0.000 pos=(32.865,0.001,118.081) thr=0.00 steer=-1.00 blocked=false attempts=0 stuck_s=0.00 bounded=true
tick=270 phase=following reason=path_ready wp=2 dist_wp=19.52 bearing_deg=-12.44 speed=0.250 pos=(33.011,0.007,118.036) thr=1.00 steer=-0.51 blocked=false attempts=0 stuck_s=0.25 bounded=true
tick=300 phase=following reason=path_ready wp=2 dist_wp=18.36 bearing_deg=-6.47 speed=0.747 pos=(34.153,0.010,117.809) thr=1.00 steer=-0.26 blocked=false attempts=0 stuck_s=0.05 bounded=true
tick=330 phase=following reason=path_ready wp=2 dist_wp=16.07 bearing_deg=-3.67 speed=1.239 pos=(36.436,0.010,117.532) thr=1.00 steer=-0.15 blocked=false attempts=0 stuck_s=0.02 bounded=true
tick=360 phase=following reason=path_ready wp=2 dist_wp=12.66 bearing_deg=-2.35 speed=1.711 pos=(39.842,0.010,117.270) thr=0.93 steer=-0.10 blocked=false attempts=0 stuck_s=0.03 bounded=true
tick=390 phase=following reason=path_ready wp=2 dist_wp=8.29 bearing_deg=-1.83 speed=2.064 pos=(44.214,0.008,117.055) thr=0.73 steer=-0.07 blocked=false attempts=0 stuck_s=0.03 bounded=true
tick=420 phase=following reason=path_ready wp=2 dist_wp=3.31 bearing_deg=-2.35 speed=2.222 pos=(49.187,0.004,116.919) thr=0.41 steer=-0.09 blocked=false attempts=0 stuck_s=0.03 bounded=true
tick=450 phase=following reason=path_ready wp=2 dist_wp=0.61 bearing_deg=-170.24 speed=0.893 pos=(53.108,0.029,116.968) thr=0.00 steer=-1.00 blocked=false attempts=0 stuck_s=0.00 bounded=true
tick=480 phase=following reason=path_ready wp=3 dist_wp=17.79 bearing_deg=10.19 speed=0.630 pos=(54.250,0.002,117.149) thr=1.00 steer=0.42 blocked=false attempts=0 stuck_s=0.12 bounded=true
tick=510 phase=following reason=path_ready wp=3 dist_wp=15.77 bearing_deg=5.69 speed=1.123 pos=(56.279,0.010,117.262) thr=1.00 steer=0.23 blocked=false attempts=0 stuck_s=0.00 bounded=true
tick=540 phase=following reason=path_ready wp=3 dist_wp=12.63 bearing_deg=3.57 speed=1.593 pos=(59.426,0.010,117.223) thr=0.93 steer=0.14 blocked=false attempts=0 stuck_s=0.03 bounded=true
tick=570 phase=following reason=path_ready wp=3 dist_wp=8.53 bearing_deg=2.68 speed=1.949 pos=(63.528,0.008,116.999) thr=0.75 steer=0.11 blocked=false attempts=0 stuck_s=0.03 bounded=true
tick=600 phase=following reason=path_ready wp=3 dist_wp=3.78 bearing_deg=3.11 speed=2.158 pos=(68.270,0.005,116.587) thr=0.45 steer=0.12 blocked=false attempts=0 stuck_s=0.03 bounded=true
tick=630 phase=following reason=path_ready wp=3 dist_wp=0.39 bearing_deg=161.48 speed=1.086 pos=(72.387,0.025,116.038) thr=0.00 steer=1.00 blocked=false attempts=0 stuck_s=0.00 bounded=true
tick=660 phase=following reason=path_ready wp=4 dist_wp=21.84 bearing_deg=62.29 speed=0.000 pos=(73.122,0.019,115.814) thr=0.00 steer=1.00 blocked=false attempts=0 stuck_s=0.00 bounded=true
tick=690 phase=following reason=path_ready wp=4 dist_wp=21.84 bearing_deg=44.29 speed=0.000 pos=(73.122,0.001,115.814) thr=0.00 steer=1.00 blocked=false attempts=0 stuck_s=0.00 bounded=true
tick=720 phase=following reason=path_ready wp=4 dist_wp=21.84 bearing_deg=26.29 speed=0.000 pos=(73.122,0.000,115.814) thr=0.00 steer=1.00 blocked=false attempts=0 stuck_s=0.00 bounded=true
tick=750 phase=following reason=path_ready wp=4 dist_wp=21.68 bearing_deg=12.83 speed=0.293 pos=(73.155,0.008,115.649) thr=1.00 steer=0.53 blocked=false attempts=0 stuck_s=0.23 bounded=true
tick=780 phase=following reason=path_ready wp=4 dist_wp=20.28 bearing_deg=6.74 speed=0.918 pos=(73.288,0.013,114.240) thr=1.00 steer=0.27 blocked=false attempts=0 stuck_s=0.00 bounded=true
tick=810 phase=following reason=path_ready wp=4 dist_wp=17.40 bearing_deg=3.93 speed=1.593 pos=(73.335,0.014,111.351) thr=1.00 steer=0.16 blocked=false attempts=0 stuck_s=0.00 bounded=true
tick=840 phase=following reason=path_ready wp=4 dist_wp=12.93 bearing_deg=2.70 speed=2.255 pos=(73.200,0.014,106.879) thr=0.94 steer=0.11 blocked=false attempts=0 stuck_s=0.00 bounded=true
tick=870 phase=following reason=path_ready wp=4 dist_wp=7.45 bearing_deg=2.42 speed=2.609 pos=(72.865,0.009,101.402) thr=0.69 steer=0.10 blocked=false attempts=0 stuck_s=0.00 bounded=true
tick=900 phase=following reason=path_ready wp=4 dist_wp=1.19 bearing_deg=7.94 speed=2.509 pos=(72.296,0.003,95.152) thr=0.09 steer=0.28 blocked=false attempts=0 stuck_s=0.00 bounded=true
tick=930 phase=following reason=path_ready wp=4 dist_wp=2.64 bearing_deg=169.64 speed=0.897 pos=(71.475,0.031,91.416) thr=0.00 steer=1.00 blocked=false attempts=0 stuck_s=0.00 bounded=true
tick=960 phase=following reason=path_ready wp=4 dist_wp=3.18 bearing_deg=154.23 speed=0.000 pos=(71.237,0.015,90.916) thr=0.00 steer=1.00 blocked=false attempts=0 stuck_s=0.00 bounded=true
tick=990 phase=following reason=path_ready wp=4 dist_wp=3.18 bearing_deg=136.23 speed=0.000 pos=(71.237,0.001,90.916) thr=0.00 steer=1.00 blocked=false attempts=0 stuck_s=0.00 bounded=true
tick=1020 phase=following reason=path_ready wp=4 dist_wp=3.18 bearing_deg=118.23 speed=0.000 pos=(71.237,0.001,90.916) thr=0.00 steer=1.00 blocked=false attempts=0 stuck_s=0.00 bounded=true
tick=1050 phase=following reason=path_ready wp=4 dist_wp=3.18 bearing_deg=100.23 speed=0.000 pos=(71.237,0.001,90.916) thr=0.00 steer=1.00 blocked=false attempts=0 stuck_s=0.00 bounded=true
tick=1080 phase=following reason=path_ready wp=4 dist_wp=3.18 bearing_deg=82.23 speed=0.000 pos=(71.237,0.001,90.916) thr=0.00 steer=1.00 blocked=false attempts=0 stuck_s=0.00 bounded=true
tick=1110 phase=following reason=path_ready wp=4 dist_wp=3.18 bearing_deg=64.23 speed=0.000 pos=(71.237,0.001,90.916) thr=0.00 steer=1.00 blocked=false attempts=0 stuck_s=0.00 bounded=true
tick=1140 phase=following reason=path_ready wp=4 dist_wp=3.18 bearing_deg=46.23 speed=0.000 pos=(71.237,0.001,90.916) thr=0.00 steer=1.00 blocked=false attempts=0 stuck_s=0.00 bounded=true
tick=1170 phase=following reason=path_ready wp=4 dist_wp=3.18 bearing_deg=28.23 speed=0.000 pos=(71.237,0.001,90.916) thr=0.00 steer=1.00 blocked=false attempts=0 stuck_s=0.00 bounded=true
tick=1200 phase=following reason=path_ready wp=4 dist_wp=3.14 bearing_deg=13.92 speed=0.085 pos=(71.237,0.003,90.954) thr=0.37 steer=0.57 blocked=false attempts=0 stuck_s=0.18 bounded=true
tick=1230 phase=following reason=path_ready wp=4 dist_wp=2.69 bearing_deg=7.90 speed=0.300 pos=(71.277,0.005,91.409) thr=0.33 steer=0.32 blocked=false attempts=0 stuck_s=0.08 bounded=true
tick=1260 phase=following reason=path_ready wp=4 dist_wp=1.81 bearing_deg=5.73 speed=0.451 pos=(71.437,0.004,92.280) thr=0.21 steer=0.23 blocked=false attempts=0 stuck_s=0.13 bounded=true
tick=1290 phase=following reason=path_ready wp=5 dist_wp=20.92 bearing_deg=156.46 speed=0.000 pos=(71.593,0.012,92.915) thr=0.00 steer=1.00 blocked=false attempts=0 stuck_s=0.00 bounded=true
tick=1320 phase=following reason=path_ready wp=5 dist_wp=20.92 bearing_deg=138.46 speed=0.000 pos=(71.593,0.001,92.915) thr=0.00 steer=1.00 blocked=false attempts=0 stuck_s=0.00 bounded=true
tick=1350 phase=following reason=path_ready wp=5 dist_wp=20.92 bearing_deg=120.46 speed=0.000 pos=(71.593,0.001,92.915) thr=0.00 steer=1.00 blocked=false attempts=0 stuck_s=0.00 bounded=true
tick=1380 phase=following reason=path_ready wp=5 dist_wp=20.92 bearing_deg=102.46 speed=0.000 pos=(71.593,0.000,92.915) thr=0.00 steer=1.00 blocked=false attempts=0 stuck_s=0.00 bounded=true
tick=1410 phase=following reason=path_ready wp=5 dist_wp=20.92 bearing_deg=84.46 speed=0.000 pos=(71.593,0.000,92.915) thr=0.00 steer=1.00 blocked=false attempts=0 stuck_s=0.00 bounded=true
tick=1440 phase=following reason=path_ready wp=5 dist_wp=20.92 bearing_deg=66.46 speed=0.000 pos=(71.593,0.000,92.915) thr=0.00 steer=1.00 blocked=false attempts=0 stuck_s=0.00 bounded=true
tick=1470 phase=following reason=path_ready wp=5 dist_wp=20.92 bearing_deg=48.46 speed=0.000 pos=(71.593,0.000,92.915) thr=0.00 steer=1.00 blocked=false attempts=0 stuck_s=0.00 bounded=true
tick=1500 phase=following reason=path_ready wp=5 dist_wp=20.92 bearing_deg=30.46 speed=0.000 pos=(71.593,0.000,92.915) thr=0.00 steer=1.00 blocked=false attempts=0 stuck_s=0.00 bounded=true
tick=1530 phase=following reason=path_ready wp=5 dist_wp=20.87 bearing_deg=15.09 speed=0.167 pos=(71.608,0.004,92.866) thr=1.00 steer=0.62 blocked=false attempts=0 stuck_s=0.12 bounded=true
tick=1560 phase=following reason=path_ready wp=5 dist_wp=19.66 bearing_deg=7.85 speed=0.878 pos=(71.839,0.014,91.660) thr=1.00 steer=0.32 blocked=false attempts=0 stuck_s=0.02 bounded=true
tick=1590 phase=following reason=path_ready wp=5 dist_wp=16.82 bearing_deg=4.59 speed=1.580 pos=(72.126,0.014,88.824) thr=1.00 steer=0.19 blocked=false attempts=0 stuck_s=0.00 bounded=true
tick=1620 phase=following reason=path_ready wp=5 dist_wp=12.39 bearing_deg=3.18 speed=2.255 pos=(72.334,0.014,84.388) thr=0.92 steer=0.13 blocked=false attempts=0 stuck_s=0.00 bounded=true
tick=1650 phase=following reason=path_ready wp=5 dist_wp=6.95 bearing_deg=2.92 speed=2.575 pos=(72.391,0.009,78.944) thr=0.66 steer=0.12 blocked=false attempts=0 stuck_s=0.00 bounded=true
tick=1680 phase=following reason=path_ready wp=5 dist_wp=0.86 bearing_deg=12.43 speed=2.366 pos=(72.232,0.006,72.829) thr=0.00 steer=0.42 blocked=false attempts=0 stuck_s=0.00 bounded=true
tick=1710 phase=following reason=path_ready wp=5 dist_wp=2.64 bearing_deg=168.38 speed=0.756 pos=(71.637,0.031,69.383) thr=0.00 steer=1.00 blocked=false attempts=0 stuck_s=0.00 bounded=true
tick=1740 phase=following reason=path_ready wp=5 dist_wp=3.02 bearing_deg=152.39 speed=0.000 pos=(71.487,0.012,69.022) thr=0.00 steer=1.00 blocked=false attempts=0 stuck_s=0.00 bounded=true
tick=1770 phase=following reason=path_ready wp=5 dist_wp=3.02 bearing_deg=134.39 speed=0.000 pos=(71.487,0.002,69.022) thr=0.00 steer=1.00 blocked=false attempts=0 stuck_s=0.00 bounded=true
tick=1800 phase=following reason=path_ready wp=5 dist_wp=3.02 bearing_deg=116.39 speed=0.000 pos=(71.487,0.001,69.022) thr=0.00 steer=1.00 blocked=false attempts=0 stuck_s=0.00 bounded=true
tick=1830 phase=following reason=path_ready wp=5 dist_wp=3.02 bearing_deg=98.39 speed=0.000 pos=(71.487,0.001,69.022) thr=0.00 steer=1.00 blocked=false attempts=0 stuck_s=0.00 bounded=true
tick=1860 phase=following reason=path_ready wp=5 dist_wp=3.02 bearing_deg=80.39 speed=0.000 pos=(71.487,0.001,69.022) thr=0.00 steer=1.00 blocked=false attempts=0 stuck_s=0.00 bounded=true
tick=1890 phase=following reason=path_ready wp=5 dist_wp=3.02 bearing_deg=62.39 speed=0.000 pos=(71.487,0.001,69.022) thr=0.00 steer=1.00 blocked=false attempts=0 stuck_s=0.00 bounded=true
tick=1920 phase=following reason=path_ready wp=5 dist_wp=3.02 bearing_deg=44.39 speed=0.000 pos=(71.487,0.001,69.022) thr=0.00 steer=1.00 blocked=false attempts=0 stuck_s=0.00 bounded=true
tick=1950 phase=following reason=path_ready wp=5 dist_wp=3.02 bearing_deg=26.39 speed=0.000 pos=(71.487,0.001,69.022) thr=0.00 steer=1.00 blocked=false attempts=0 stuck_s=0.00 bounded=true
tick=1980 phase=following reason=path_ready wp=5 dist_wp=2.97 bearing_deg=13.02 speed=0.102 pos=(71.483,0.003,69.080) thr=0.36 steer=0.53 blocked=false attempts=0 stuck_s=0.23 bounded=true
tick=2010 phase=following reason=path_ready wp=5 dist_wp=2.49 bearing_deg=7.52 speed=0.301 pos=(71.496,0.005,69.558) thr=0.30 steer=0.31 blocked=false attempts=0 stuck_s=0.12 bounded=true
tick=2040 phase=following reason=path_ready wp=5 dist_wp=1.63 bearing_deg=5.61 speed=0.430 pos=(71.597,0.003,70.417) thr=0.17 steer=0.23 blocked=false attempts=0 stuck_s=0.13 bounded=true
tick=2070 phase=following reason=path_ready wp=6 dist_wp=20.87 bearing_deg=158.11 speed=0.000 pos=(71.676,0.009,70.872) thr=0.00 steer=1.00 blocked=false attempts=0 stuck_s=0.00 bounded=true
tick=2100 phase=following reason=path_ready wp=6 dist_wp=20.87 bearing_deg=140.11 speed=0.000 pos=(71.676,0.001,70.872) thr=0.00 steer=1.00 blocked=false attempts=0 stuck_s=0.00 bounded=true
tick=2130 phase=following reason=path_ready wp=6 dist_wp=20.87 bearing_deg=122.11 speed=0.000 pos=(71.676,0.000,70.872) thr=0.00 steer=1.00 blocked=false attempts=0 stuck_s=0.00 bounded=true
tick=2160 phase=following reason=path_ready wp=6 dist_wp=20.87 bearing_deg=104.11 speed=0.000 pos=(71.676,0.000,70.872) thr=0.00 steer=1.00 blocked=false attempts=0 stuck_s=0.00 bounded=true
tick=2190 phase=following reason=path_ready wp=6 dist_wp=20.87 bearing_deg=86.11 speed=0.000 pos=(71.676,0.000,70.872) thr=0.00 steer=1.00 blocked=false attempts=0 stuck_s=0.00 bounded=true
tick=2220 phase=following reason=path_ready wp=6 dist_wp=20.87 bearing_deg=68.11 speed=0.000 pos=(71.676,0.000,70.872) thr=0.00 steer=1.00 blocked=false attempts=0 stuck_s=0.00 bounded=true
tick=2250 phase=following reason=path_ready wp=6 dist_wp=20.87 bearing_deg=50.11 speed=0.000 pos=(71.676,0.000,70.872) thr=0.00 steer=1.00 blocked=false attempts=0 stuck_s=0.00 bounded=true
tick=2280 phase=following reason=path_ready wp=6 dist_wp=20.87 bearing_deg=32.11 speed=0.000 pos=(71.676,0.000,70.872) thr=0.00 steer=1.00 blocked=false attempts=0 stuck_s=0.00 bounded=true
tick=2310 phase=following reason=path_ready wp=6 dist_wp=20.86 bearing_deg=16.10 speed=0.095 pos=(71.682,0.002,70.855) thr=1.00 steer=0.66 blocked=false attempts=0 stuck_s=0.07 bounded=true
tick=2340 phase=following reason=path_ready wp=6 dist_wp=19.81 bearing_deg=8.29 speed=0.807 pos=(71.887,0.014,69.810) thr=1.00 steer=0.34 blocked=false attempts=0 stuck_s=0.08 bounded=true
tick=2370 phase=following reason=path_ready wp=6 dist_wp=17.14 bearing_deg=4.78 speed=1.510 pos=(72.165,0.014,67.136) thr=1.00 steer=0.19 blocked=false attempts=0 stuck_s=0.02 bounded=true
tick=2400 phase=following reason=path_ready wp=6 dist_wp=12.86 bearing_deg=3.24 speed=2.192 pos=(72.367,0.014,62.855) thr=0.94 steer=0.13 blocked=false attempts=0 stuck_s=0.00 bounded=true
tick=2430 phase=following reason=path_ready wp=6 dist_wp=7.50 bearing_deg=2.87 speed=2.531 pos=(72.419,0.009,57.487) thr=0.69 steer=0.11 blocked=false attempts=0 stuck_s=0.02 bounded=true
tick=2460 phase=following reason=path_ready wp=6 dist_wp=1.37 bearing_deg=8.22 speed=2.517 pos=(72.264,0.001,51.346) thr=0.15 steer=0.29 blocked=false attempts=0 stuck_s=0.00 bounded=true
tick=2490 phase=following reason=path_ready wp=6 dist_wp=2.46 bearing_deg=169.23 speed=0.891 pos=(71.687,0.031,47.560) thr=0.00 steer=1.00 blocked=false attempts=0 stuck_s=0.00 bounded=true
tick=2520 phase=following reason=path_ready wp=6 dist_wp=2.98 bearing_deg=153.92 speed=0.000 pos=(71.492,0.015,47.066) thr=0.00 steer=1.00 blocked=false attempts=0 stuck_s=0.00 bounded=true
tick=2550 phase=following reason=path_ready wp=6 dist_wp=2.98 bearing_deg=135.92 speed=0.000 pos=(71.492,0.002,47.066) thr=0.00 steer=1.00 blocked=false attempts=0 stuck_s=0.00 bounded=true
tick=2580 phase=following reason=path_ready wp=6 dist_wp=2.98 bearing_deg=117.92 speed=0.000 pos=(71.492,0.001,47.066) thr=0.00 steer=1.00 blocked=false attempts=0 stuck_s=0.00 bounded=true
tick=2610 phase=following reason=path_ready wp=6 dist_wp=2.98 bearing_deg=99.92 speed=0.000 pos=(71.492,0.001,47.066) thr=0.00 steer=1.00 blocked=false attempts=0 stuck_s=0.00 bounded=true
tick=2640 phase=following reason=path_ready wp=6 dist_wp=2.98 bearing_deg=81.92 speed=0.000 pos=(71.492,0.001,47.066) thr=0.00 steer=1.00 blocked=false attempts=0 stuck_s=0.00 bounded=true
tick=2670 phase=following reason=path_ready wp=6 dist_wp=2.98 bearing_deg=63.92 speed=0.000 pos=(71.492,0.001,47.066) thr=0.00 steer=1.00 blocked=false attempts=0 stuck_s=0.00 bounded=true
tick=2700 phase=following reason=path_ready wp=6 dist_wp=2.98 bearing_deg=45.92 speed=0.000 pos=(71.492,0.001,47.066) thr=0.00 steer=1.00 blocked=false attempts=0 stuck_s=0.00 bounded=true
tick=2730 phase=following reason=path_ready wp=6 dist_wp=2.98 bearing_deg=27.92 speed=0.000 pos=(71.492,0.001,47.066) thr=0.00 steer=1.00 blocked=false attempts=0 stuck_s=0.00 bounded=true
tick=2760 phase=following reason=path_ready wp=6 dist_wp=2.95 bearing_deg=13.71 speed=0.063 pos=(71.490,0.002,47.094) thr=0.35 steer=0.56 blocked=false attempts=0 stuck_s=0.18 bounded=true
tick=2790 phase=following reason=path_ready wp=6 dist_wp=2.61 bearing_deg=7.51 speed=0.223 pos=(71.496,0.004,47.435) thr=0.32 steer=0.31 blocked=false attempts=0 stuck_s=0.00 bounded=true
tick=2820 phase=following reason=path_ready wp=6 dist_wp=1.96 bearing_deg=4.88 speed=0.343 pos=(71.567,0.003,48.092) thr=0.23 steer=0.20 blocked=false attempts=0 stuck_s=0.20 bounded=true
tick=2850 phase=following reason=path_ready wp=7 dist_wp=20.18 bearing_deg=-140.18 speed=0.027 pos=(71.689,0.007,48.841) thr=0.00 steer=-1.00 blocked=false attempts=0 stuck_s=0.00 bounded=true
tick=2880 phase=following reason=path_ready wp=7 dist_wp=20.18 bearing_deg=-122.18 speed=0.000 pos=(71.689,0.002,48.841) thr=0.00 steer=-1.00 blocked=false attempts=0 stuck_s=0.00 bounded=true
tick=2910 phase=following reason=path_ready wp=7 dist_wp=20.18 bearing_deg=-104.18 speed=0.000 pos=(71.689,0.001,48.841) thr=0.00 steer=-1.00 blocked=false attempts=0 stuck_s=0.00 bounded=true
tick=2940 phase=following reason=path_ready wp=7 dist_wp=20.18 bearing_deg=-86.18 speed=0.000 pos=(71.689,0.001,48.841) thr=0.00 steer=-1.00 blocked=false attempts=0 stuck_s=0.00 bounded=true
tick=2970 phase=following reason=path_ready wp=7 dist_wp=20.18 bearing_deg=-68.18 speed=0.000 pos=(71.689,0.001,48.841) thr=0.00 steer=-1.00 blocked=false attempts=0 stuck_s=0.00 bounded=true
tick=3000 phase=following reason=path_ready wp=7 dist_wp=20.18 bearing_deg=-50.18 speed=0.000 pos=(71.689,0.001,48.841) thr=0.00 steer=-1.00 blocked=false attempts=0 stuck_s=0.00 bounded=true
tick=3030 phase=following reason=path_ready wp=7 dist_wp=20.18 bearing_deg=-32.18 speed=0.000 pos=(71.689,0.001,48.841) thr=0.00 steer=-1.00 blocked=false attempts=0 stuck_s=0.00 bounded=true
tick=3060 phase=following reason=path_ready wp=7 dist_wp=20.17 bearing_deg=-16.15 speed=0.090 pos=(71.674,0.002,48.834) thr=1.00 steer=-0.66 blocked=false attempts=0 stuck_s=0.07 bounded=true
tick=3090 phase=following reason=path_ready wp=7 dist_wp=19.18 bearing_deg=-8.30 speed=0.759 pos=(70.835,0.013,48.288) thr=1.00 steer=-0.34 blocked=false attempts=0 stuck_s=0.07 bounded=true
tick=3120 phase=following reason=path_ready wp=7 dist_wp=16.63 bearing_deg=-4.77 speed=1.458 pos=(68.817,0.014,46.697) thr=1.00 steer=-0.19 blocked=false attempts=0 stuck_s=0.05 bounded=true
tick=3150 phase=following reason=path_ready wp=7 dist_wp=12.47 bearing_deg=-3.23 speed=2.137 pos=(65.695,0.014,43.938) thr=0.92 steer=-0.13 blocked=false attempts=0 stuck_s=0.02 bounded=true
tick=3180 phase=following reason=path_ready wp=7 dist_wp=7.21 bearing_deg=-2.88 speed=2.472 pos=(61.879,0.008,40.303) thr=0.68 steer=-0.11 blocked=false attempts=0 stuck_s=0.00 bounded=true
tick=3210 phase=following reason=path_ready wp=7 dist_wp=1.25 bearing_deg=-8.67 speed=2.397 pos=(57.704,0.002,36.035) thr=0.11 steer=-0.31 blocked=false attempts=0 stuck_s=0.00 bounded=true
tick=3240 phase=following reason=path_ready wp=7 dist_wp=2.33 bearing_deg=-168.92 speed=0.791 pos=(55.550,0.031,33.179) thr=0.00 steer=-1.00 blocked=false attempts=0 stuck_s=0.00 bounded=true
tick=3270 phase=following reason=path_ready wp=7 dist_wp=2.74 bearing_deg=-153.26 speed=0.000 pos=(55.374,0.013,32.790) thr=0.00 steer=-1.00 blocked=false attempts=0 stuck_s=0.00 bounded=true
tick=3300 phase=following reason=path_ready wp=7 dist_wp=2.74 bearing_deg=-135.26 speed=0.000 pos=(55.374,0.001,32.790) thr=0.00 steer=-1.00 blocked=false attempts=0 stuck_s=0.00 bounded=true
tick=3330 phase=following reason=path_ready wp=7 dist_wp=2.74 bearing_deg=-117.26 speed=0.000 pos=(55.374,0.000,32.790) thr=0.00 steer=-1.00 blocked=false attempts=0 stuck_s=0.00 bounded=true
tick=3360 phase=following reason=path_ready wp=7 dist_wp=2.74 bearing_deg=-99.26 speed=0.000 pos=(55.374,0.000,32.790) thr=0.00 steer=-1.00 blocked=false attempts=0 stuck_s=0.00 bounded=true
tick=3390 phase=following reason=path_ready wp=7 dist_wp=2.74 bearing_deg=-81.26 speed=0.000 pos=(55.374,0.000,32.790) thr=0.00 steer=-1.00 blocked=false attempts=0 stuck_s=0.00 bounded=true
tick=3420 phase=following reason=path_ready wp=7 dist_wp=2.74 bearing_deg=-63.26 speed=0.000 pos=(55.374,0.000,32.790) thr=0.00 steer=-1.00 blocked=false attempts=0 stuck_s=0.00 bounded=true
tick=3450 phase=following reason=path_ready wp=7 dist_wp=2.74 bearing_deg=-45.26 speed=0.000 pos=(55.374,0.000,32.790) thr=0.00 steer=-1.00 blocked=false attempts=0 stuck_s=0.00 bounded=true
tick=3480 phase=following reason=path_ready wp=7 dist_wp=2.74 bearing_deg=-27.26 speed=0.000 pos=(55.374,0.000,32.790) thr=0.00 steer=-1.00 blocked=false attempts=0 stuck_s=0.00 bounded=true
tick=3510 phase=following reason=path_ready wp=7 dist_wp=2.71 bearing_deg=-13.41 speed=0.078 pos=(55.404,0.003,32.814) thr=0.33 steer=-0.55 blocked=false attempts=0 stuck_s=0.20 bounded=true
tick=3540 phase=following reason=path_ready wp=7 dist_wp=2.31 bearing_deg=-7.62 speed=0.257 pos=(55.685,0.004,33.097) thr=0.28 steer=-0.31 blocked=false attempts=0 stuck_s=0.05 bounded=true
tick=3570 phase=following reason=path_ready wp=7 dist_wp=1.57 bearing_deg=-5.47 speed=0.372 pos=(56.161,0.003,33.670) thr=0.16 steer=-0.22 blocked=false attempts=0 stuck_s=0.03 bounded=true
tick=3600 phase=following reason=path_ready wp=8 dist_wp=20.06 bearing_deg=-159.13 speed=0.000 pos=(56.388,0.008,33.976) thr=0.00 steer=-1.00 blocked=false attempts=0 stuck_s=0.00 bounded=true
tick=3630 phase=following reason=path_ready wp=8 dist_wp=20.06 bearing_deg=-141.13 speed=0.000 pos=(56.388,0.001,33.976) thr=0.00 steer=-1.00 blocked=false attempts=0 stuck_s=0.00 bounded=true
tick=3660 phase=following reason=path_ready wp=8 dist_wp=20.06 bearing_deg=-123.14 speed=0.000 pos=(56.388,0.001,33.976) thr=0.00 steer=-1.00 blocked=false attempts=0 stuck_s=0.00 bounded=true
tick=3690 phase=following reason=path_ready wp=8 dist_wp=20.06 bearing_deg=-105.13 speed=0.000 pos=(56.388,0.001,33.976) thr=0.00 steer=-1.00 blocked=false attempts=0 stuck_s=0.00 bounded=true
tick=3720 phase=following reason=path_ready wp=8 dist_wp=20.06 bearing_deg=-87.13 speed=0.000 pos=(56.388,0.001,33.976) thr=0.00 steer=-1.00 blocked=false attempts=0 stuck_s=0.00 bounded=true
tick=3750 phase=following reason=path_ready wp=8 dist_wp=20.06 bearing_deg=-69.14 speed=0.000 pos=(56.388,0.001,33.976) thr=0.00 steer=-1.00 blocked=false attempts=0 stuck_s=0.00 bounded=true
tick=3780 phase=following reason=path_ready wp=8 dist_wp=20.06 bearing_deg=-51.14 speed=0.000 pos=(56.388,0.001,33.976) thr=0.00 steer=-1.00 blocked=false attempts=0 stuck_s=0.00 bounded=true
tick=3810 phase=following reason=path_ready wp=8 dist_wp=20.06 bearing_deg=-33.14 speed=0.000 pos=(56.388,0.001,33.976) thr=0.00 steer=-1.00 blocked=false attempts=0 stuck_s=0.00 bounded=true
tick=3840 phase=following reason=path_ready wp=8 dist_wp=20.05 bearing_deg=-16.77 speed=0.048 pos=(56.383,0.001,33.973) thr=1.00 steer=-0.69 blocked=false attempts=0 stuck_s=0.03 bounded=true
tick=3870 phase=following reason=path_ready wp=8 dist_wp=19.11 bearing_deg=-8.59 speed=0.760 pos=(55.587,0.013,33.444) thr=1.00 steer=-0.35 blocked=false attempts=0 stuck_s=0.05 bounded=true
tick=3900 phase=following reason=path_ready wp=8 dist_wp=16.55 bearing_deg=-4.95 speed=1.464 pos=(53.578,0.014,31.823) thr=1.00 steer=-0.20 blocked=false attempts=0 stuck_s=0.05 bounded=true
tick=3930 phase=following reason=path_ready wp=8 dist_wp=12.38 bearing_deg=-3.36 speed=2.140 pos=(50.486,0.014,29.015) thr=0.92 steer=-0.14 blocked=false attempts=0 stuck_s=0.02 bounded=true
tick=3960 phase=following reason=path_ready wp=8 dist_wp=7.11 bearing_deg=-3.02 speed=2.473 pos=(46.720,0.008,25.320) thr=0.67 steer=-0.12 blocked=false attempts=0 stuck_s=0.00 bounded=true
tick=3990 phase=following reason=path_ready wp=8 dist_wp=1.17 bearing_deg=-9.59 speed=2.377 pos=(42.624,0.003,20.990) thr=0.07 steer=-0.34 blocked=false attempts=0 stuck_s=0.00 bounded=true
tick=4020 phase=following reason=path_ready wp=8 dist_wp=2.23 bearing_deg=-168.23 speed=0.648 pos=(40.630,0.033,18.239) thr=0.00 steer=-1.00 blocked=false attempts=0 stuck_s=0.00 bounded=true
tick=4050 phase=following reason=path_ready wp=8 dist_wp=2.48 bearing_deg=-151.75 speed=0.000 pos=(40.528,0.011,18.007) thr=0.00 steer=-1.00 blocked=false attempts=0 stuck_s=0.00 bounded=true
tick=4080 phase=following reason=path_ready wp=8 dist_wp=2.48 bearing_deg=-133.75 speed=0.000 pos=(40.528,0.001,18.007) thr=0.00 steer=-1.00 blocked=false attempts=0 stuck_s=0.00 bounded=true
tick=4110 phase=following reason=path_ready wp=8 dist_wp=2.48 bearing_deg=-115.75 speed=0.000 pos=(40.528,0.000,18.007) thr=0.00 steer=-1.00 blocked=false attempts=0 stuck_s=0.00 bounded=true
tick=4140 phase=following reason=path_ready wp=8 dist_wp=2.48 bearing_deg=-97.75 speed=0.000 pos=(40.528,0.000,18.007) thr=0.00 steer=-1.00 blocked=false attempts=0 stuck_s=0.00 bounded=true
tick=4170 phase=following reason=path_ready wp=8 dist_wp=2.48 bearing_deg=-79.75 speed=0.000 pos=(40.528,0.000,18.007) thr=0.00 steer=-1.00 blocked=false attempts=0 stuck_s=0.00 bounded=true
tick=4200 phase=following reason=path_ready wp=8 dist_wp=2.48 bearing_deg=-61.75 speed=0.000 pos=(40.528,0.000,18.007) thr=0.00 steer=-1.00 blocked=false attempts=0 stuck_s=0.00 bounded=true
tick=4230 phase=following reason=path_ready wp=8 dist_wp=2.48 bearing_deg=-43.75 speed=0.000 pos=(40.528,0.000,18.007) thr=0.00 steer=-1.00 blocked=false attempts=0 stuck_s=0.00 bounded=true
tick=4260 phase=following reason=path_ready wp=8 dist_wp=2.48 bearing_deg=-25.75 speed=0.000 pos=(40.528,0.000,18.007) thr=0.00 steer=-1.00 blocked=false attempts=0 stuck_s=0.00 bounded=true
tick=4290 phase=following reason=path_ready wp=8 dist_wp=2.48 bearing_deg=-12.44 speed=0.000 pos=(40.528,0.000,18.007) thr=0.30 steer=-0.51 blocked=false attempts=0 stuck_s=0.25 bounded=true
tick=4320 phase=following reason=path_ready wp=8 dist_wp=2.48 bearing_deg=-6.00 speed=0.000 pos=(40.528,0.000,18.007) thr=0.30 steer=-0.25 blocked=false attempts=0 stuck_s=0.75 bounded=true
tick=4350 phase=following reason=path_ready wp=8 dist_wp=2.48 bearing_deg=-2.90 speed=0.000 pos=(40.528,0.000,18.007) thr=0.30 steer=-0.12 blocked=false attempts=0 stuck_s=1.25 bounded=true
tick=4380 phase=following reason=path_ready wp=8 dist_wp=2.48 bearing_deg=-1.40 speed=0.000 pos=(40.528,0.000,18.007) thr=0.30 steer=-0.06 blocked=false attempts=0 stuck_s=1.75 bounded=true
tick=4410 phase=reverse reason=insufficient_actual_progress wp=8 dist_wp=2.50 bearing_deg=-5.93 speed=-0.048 pos=(40.510,0.002,17.987) thr=-0.75 steer=0.60 blocked=false attempts=1 stuck_s=0.00 bounded=true
tick=4440 phase=reverse reason=insufficient_actual_progress wp=8 dist_wp=2.73 bearing_deg=-15.60 speed=-0.150 pos=(40.336,0.003,17.835) thr=-0.75 steer=0.60 blocked=false attempts=1 stuck_s=0.00 bounded=true
tick=4470 phase=turn_recovery reason=reverse_complete wp=8 dist_wp=3.16 bearing_deg=-23.69 speed=-0.127 pos=(39.950,0.002,17.602) thr=0.00 steer=1.00 blocked=false attempts=1 stuck_s=0.00 bounded=true
tick=4500 phase=turn_recovery reason=reverse_complete wp=8 dist_wp=3.16 bearing_deg=-41.64 speed=0.000 pos=(39.945,0.002,17.600) thr=0.00 steer=1.00 blocked=false attempts=1 stuck_s=0.00 bounded=true
tick=4530 phase=following reason=path_ready wp=0 dist_wp=3.16 bearing_deg=-35.64 speed=0.000 pos=(39.945,0.001,17.600) thr=0.00 steer=-1.00 blocked=false attempts=1 stuck_s=0.00 bounded=true
tick=4560 phase=following reason=path_ready wp=0 dist_wp=3.16 bearing_deg=-18.56 speed=0.000 pos=(39.945,0.001,17.600) thr=0.00 steer=-0.76 blocked=false attempts=1 stuck_s=0.00 bounded=true
tick=4590 phase=following reason=path_ready wp=0 dist_wp=3.15 bearing_deg=-8.98 speed=0.015 pos=(39.952,0.001,17.606) thr=0.37 steer=-0.37 blocked=false attempts=1 stuck_s=0.47 bounded=true
tick=4620 phase=following reason=path_ready wp=0 dist_wp=3.10 bearing_deg=-4.41 speed=0.029 pos=(39.990,0.001,17.641) thr=0.37 steer=-0.18 blocked=false attempts=1 stuck_s=0.97 bounded=true
tick=4650 phase=following reason=path_ready wp=0 dist_wp=3.02 bearing_deg=-2.18 speed=0.037 pos=(40.043,0.001,17.697) thr=0.36 steer=-0.09 blocked=false attempts=1 stuck_s=1.47 bounded=true
tick=4680 phase=following reason=path_ready wp=0 dist_wp=2.93 bearing_deg=-1.09 speed=0.039 pos=(40.102,0.001,17.763) thr=0.35 steer=-0.04 blocked=false attempts=1 stuck_s=1.97 bounded=true
tick=4710 phase=reverse reason=insufficient_actual_progress wp=0 dist_wp=3.02 bearing_deg=8.50 speed=-0.089 pos=(40.056,0.003,17.695) thr=-0.75 steer=-0.60 blocked=false attempts=2 stuck_s=0.00 bounded=true
tick=4740 phase=reverse reason=insufficient_actual_progress wp=0 dist_wp=3.33 bearing_deg=17.75 speed=-0.191 pos=(39.916,0.003,17.401) thr=-0.75 steer=-0.60 blocked=false attempts=2 stuck_s=0.00 bounded=true
tick=4770 phase=turn_recovery reason=reverse_complete wp=0 dist_wp=3.59 bearing_deg=30.42 speed=0.000 pos=(39.832,0.005,17.136) thr=0.00 steer=-1.00 blocked=false attempts=2 stuck_s=0.00 bounded=true
tick=4800 phase=following reason=path_ready wp=0 dist_wp=3.59 bearing_deg=44.82 speed=0.000 pos=(39.832,0.000,17.136) thr=0.00 steer=1.00 blocked=false attempts=2 stuck_s=0.00 bounded=true
tick=4830 phase=following reason=path_ready wp=0 dist_wp=3.59 bearing_deg=26.82 speed=0.000 pos=(39.832,0.000,17.136) thr=0.00 steer=1.00 blocked=false attempts=2 stuck_s=0.00 bounded=true
tick=4860 phase=following reason=path_ready wp=0 dist_wp=3.58 bearing_deg=13.02 speed=0.021 pos=(39.835,0.001,17.144) thr=0.42 steer=0.53 blocked=false attempts=2 stuck_s=0.22 bounded=true
tick=4890 phase=following reason=path_ready wp=0 dist_wp=3.48 bearing_deg=6.47 speed=0.065 pos=(39.884,0.002,17.233) thr=0.41 steer=0.26 blocked=false attempts=2 stuck_s=0.72 bounded=true
tick=4920 phase=following reason=path_ready wp=0 dist_wp=3.29 bearing_deg=3.31 speed=0.099 pos=(39.988,0.002,17.394) thr=0.39 steer=0.14 blocked=false attempts=2 stuck_s=1.22 bounded=true
tick=4950 phase=following reason=path_ready wp=0 dist_wp=3.04 bearing_deg=1.74 speed=0.116 pos=(40.134,0.001,17.599) thr=0.36 steer=0.07 blocked=false attempts=2 stuck_s=0.37 bounded=true
tick=4980 phase=following reason=path_ready wp=0 dist_wp=2.77 bearing_deg=0.92 speed=0.112 pos=(40.293,0.001,17.813) thr=0.34 steer=0.04 blocked=false attempts=2 stuck_s=0.18 bounded=true
tick=5010 phase=following reason=path_ready wp=0 dist_wp=2.54 bearing_deg=0.79 speed=0.086 pos=(40.433,0.001,17.997) thr=0.31 steer=0.00 blocked=false attempts=2 stuck_s=0.68 bounded=true
tick=5040 phase=following reason=path_ready wp=0 dist_wp=2.39 bearing_deg=0.80 speed=0.059 pos=(40.528,0.001,18.122) thr=0.29 steer=0.00 blocked=false attempts=2 stuck_s=0.43 bounded=true
tick=5070 phase=following reason=path_ready wp=0 dist_wp=2.27 bearing_deg=0.78 speed=0.044 pos=(40.601,0.001,18.218) thr=0.27 steer=0.00 blocked=false attempts=2 stuck_s=0.93 bounded=true
tick=5100 phase=following reason=path_ready wp=0 dist_wp=2.19 bearing_deg=0.79 speed=0.019 pos=(40.645,0.001,18.276) thr=0.26 steer=0.00 blocked=false attempts=2 stuck_s=1.43 bounded=true
tick=5130 phase=following reason=path_ready wp=0 dist_wp=2.18 bearing_deg=0.79 speed=0.000 pos=(40.651,0.000,18.283) thr=0.26 steer=0.00 blocked=false attempts=2 stuck_s=1.93 bounded=true
tick=5160 phase=reverse reason=insufficient_actual_progress wp=0 dist_wp=2.30 bearing_deg=-7.88 speed=-0.117 pos=(40.569,0.003,18.197) thr=-0.75 steer=0.60 blocked=false attempts=3 stuck_s=0.00 bounded=true
tick=5190 phase=reverse reason=insufficient_actual_progress wp=0 dist_wp=2.68 bearing_deg=-16.53 speed=-0.219 pos=(40.261,0.003,17.959) thr=-0.75 steer=0.60 blocked=false attempts=3 stuck_s=0.00 bounded=true
tick=5220 phase=turn_recovery reason=reverse_complete wp=0 dist_wp=3.02 bearing_deg=-27.90 speed=0.000 pos=(39.944,0.006,17.781) thr=0.00 steer=1.00 blocked=false attempts=3 stuck_s=0.00 bounded=true
tick=5250 phase=following reason=path_ready wp=0 dist_wp=3.02 bearing_deg=-44.70 speed=0.000 pos=(39.944,0.001,17.781) thr=0.00 steer=-1.00 blocked=false attempts=3 stuck_s=0.00 bounded=true
tick=5280 phase=following reason=path_ready wp=0 dist_wp=3.02 bearing_deg=-26.70 speed=0.000 pos=(39.944,0.000,17.781) thr=0.00 steer=-1.00 blocked=false attempts=3 stuck_s=0.00 bounded=true
tick=5310 phase=following reason=path_ready wp=0 dist_wp=3.02 bearing_deg=-12.92 speed=0.002 pos=(39.944,0.000,17.781) thr=0.36 steer=-0.53 blocked=false attempts=3 stuck_s=0.22 bounded=true
tick=5340 phase=following reason=path_ready wp=0 dist_wp=3.02 bearing_deg=-6.23 speed=0.008 pos=(39.944,0.000,17.781) thr=0.36 steer=-0.26 blocked=false attempts=3 stuck_s=0.72 bounded=true
tick=5370 phase=following reason=path_ready wp=0 dist_wp=3.01 bearing_deg=-3.03 speed=0.013 pos=(39.956,0.001,17.792) thr=0.36 steer=-0.12 blocked=false attempts=3 stuck_s=1.22 bounded=true
tick=5400 phase=following reason=path_ready wp=0 dist_wp=2.98 bearing_deg=-1.48 speed=0.016 pos=(39.980,0.001,17.816) thr=0.36 steer=-0.06 blocked=false attempts=3 stuck_s=1.72 bounded=true
