tick=0 phase=following reason=path_ready wp=1 dist_wp=13.42 bearing_deg=26.57 speed=0.000 pos=(27.000,0.007,-130.000) bounded=true
tick=30 phase=following reason=path_ready wp=1 dist_wp=13.33 bearing_deg=13.27 speed=0.185 pos=(27.019,0.005,-129.911) bounded=true
tick=60 phase=following reason=path_ready wp=1 dist_wp=12.39 bearing_deg=6.98 speed=0.634 pos=(27.313,0.009,-129.004) bounded=true
tick=90 phase=following reason=path_ready wp=1 dist_wp=10.47 bearing_deg=4.08 speed=1.033 pos=(28.052,0.008,-127.231) bounded=true
tick=120 phase=following reason=path_ready wp=1 dist_wp=7.74 bearing_deg=2.76 speed=1.347 pos=(29.226,0.007,-124.761) bounded=true
tick=150 phase=following reason=path_ready wp=1 dist_wp=4.44 bearing_deg=2.42 speed=1.530 pos=(30.743,0.004,-121.826) bounded=true
tick=180 phase=following reason=path_ready wp=1 dist_wp=1.04 bearing_deg=5.21 speed=1.175 pos=(32.396,0.008,-118.849) bounded=true
tick=210 phase=following reason=path_ready wp=2 dist_wp=19.70 bearing_deg=44.11 speed=0.000 pos=(32.833,0.020,-118.135) bounded=true
tick=240 phase=following reason=path_ready wp=2 dist_wp=19.70 bearing_deg=26.11 speed=0.000 pos=(32.833,0.002,-118.135) bounded=true
tick=270 phase=following reason=path_ready wp=2 dist_wp=19.57 bearing_deg=12.72 speed=0.233 pos=(32.959,0.006,-118.096) bounded=true
tick=300 phase=following reason=path_ready wp=2 dist_wp=18.47 bearing_deg=6.60 speed=0.731 pos=(34.050,0.010,-117.872) bounded=true
tick=330 phase=following reason=path_ready wp=2 dist_wp=16.24 bearing_deg=3.72 speed=1.223 pos=(36.270,0.010,-117.592) bounded=true
tick=360 phase=following reason=path_ready wp=2 dist_wp=12.90 bearing_deg=2.36 speed=1.698 pos=(39.603,0.010,-117.322) bounded=true
tick=390 phase=following reason=path_ready wp=2 dist_wp=8.59 bearing_deg=1.81 speed=2.061 pos=(43.908,0.008,-117.094) bounded=true
tick=420 phase=following reason=path_ready wp=2 dist_wp=3.67 bearing_deg=2.18 speed=2.235 pos=(48.835,0.004,-116.938) bounded=true
tick=450 phase=following reason=path_ready wp=2 dist_wp=0.33 bearing_deg=165.03 speed=0.966 pos=(52.823,0.028,-116.942) bounded=true
tick=480 phase=following reason=path_ready wp=3 dist_wp=18.03 bearing_deg=-9.50 speed=0.627 pos=(54.006,0.003,-117.106) bounded=true
tick=510 phase=following reason=path_ready wp=3 dist_wp=16.04 bearing_deg=-5.28 speed=1.119 pos=(56.006,0.010,-117.207) bounded=true
tick=540 phase=following reason=path_ready wp=3 dist_wp=12.94 bearing_deg=-3.28 speed=1.595 pos=(59.115,0.010,-117.167) bounded=true
tick=570 phase=following reason=path_ready wp=3 dist_wp=8.86 bearing_deg=-2.43 speed=1.963 pos=(63.190,0.008,-116.957) bounded=true
tick=600 phase=following reason=path_ready wp=3 dist_wp=4.12 bearing_deg=-2.68 speed=2.185 pos=(67.925,0.005,-116.576) bounded=true
tick=630 phase=following reason=path_ready wp=3 dist_wp=0.25 bearing_deg=-154.24 speed=1.235 pos=(72.238,0.023,-116.062) bounded=true
tick=660 phase=following reason=path_ready wp=4 dist_wp=21.83 bearing_deg=-64.36 speed=0.000 pos=(73.187,0.023,-115.798) bounded=true
tick=690 phase=following reason=path_ready wp=4 dist_wp=21.83 bearing_deg=-46.36 speed=0.000 pos=(73.187,0.002,-115.798) bounded=true
tick=720 phase=following reason=path_ready wp=4 dist_wp=21.83 bearing_deg=-28.36 speed=0.000 pos=(73.187,0.000,-115.798) bounded=true
tick=750 phase=following reason=path_ready wp=4 dist_wp=21.75 bearing_deg=-13.89 speed=0.210 pos=(73.205,0.006,-115.712) bounded=true
tick=780 phase=following reason=path_ready wp=4 dist_wp=20.55 bearing_deg=-7.20 speed=0.835 pos=(73.328,0.012,-114.508) bounded=true
tick=810 phase=following reason=path_ready wp=4 dist_wp=17.91 bearing_deg=-4.12 speed=1.500 pos=(73.382,0.014,-111.853) bounded=true
tick=840 phase=following reason=path_ready wp=4 dist_wp=13.69 bearing_deg=-2.74 speed=2.190 pos=(73.263,0.014,-107.634) bounded=true
tick=870 phase=following reason=path_ready wp=4 dist_wp=8.37 bearing_deg=-2.32 speed=2.551 pos=(72.944,0.009,-102.319) bounded=true
tick=900 phase=following reason=path_ready wp=4 dist_wp=2.15 bearing_deg=-4.71 speed=2.763 pos=(72.399,0.006,-96.113) bounded=true
tick=930 phase=following reason=path_ready wp=4 dist_wp=2.22 bearing_deg=-171.03 speed=1.149 pos=(71.611,0.030,-91.814) bounded=true
tick=960 phase=following reason=path_ready wp=4 dist_wp=3.11 bearing_deg=-157.22 speed=0.000 pos=(71.248,0.022,-90.981) bounded=true
tick=990 phase=following reason=path_ready wp=4 dist_wp=3.11 bearing_deg=-139.22 speed=0.000 pos=(71.248,0.002,-90.981) bounded=true
tick=1020 phase=following reason=path_ready wp=4 dist_wp=3.11 bearing_deg=-121.22 speed=0.000 pos=(71.248,0.001,-90.981) bounded=true
tick=1050 phase=following reason=path_ready wp=4 dist_wp=3.11 bearing_deg=-103.22 speed=0.000 pos=(71.248,0.001,-90.981) bounded=true
tick=1080 phase=following reason=path_ready wp=4 dist_wp=3.11 bearing_deg=-85.22 speed=0.000 pos=(71.248,0.001,-90.981) bounded=true
tick=1110 phase=following reason=path_ready wp=4 dist_wp=3.11 bearing_deg=-67.22 speed=0.000 pos=(71.248,0.001,-90.981) bounded=true
tick=1140 phase=following reason=path_ready wp=4 dist_wp=3.11 bearing_deg=-49.22 speed=0.000 pos=(71.248,0.001,-90.981) bounded=true
tick=1170 phase=following reason=path_ready wp=4 dist_wp=3.11 bearing_deg=-31.22 speed=0.000 pos=(71.248,0.001,-90.981) bounded=true
tick=1200 phase=following reason=path_ready wp=4 dist_wp=3.10 bearing_deg=-15.57 speed=0.045 pos=(71.248,0.002,-90.992) bounded=true
tick=1230 phase=following reason=path_ready wp=4 dist_wp=2.75 bearing_deg=-8.54 speed=0.261 pos=(71.274,0.005,-91.353) bounded=true
tick=1260 phase=following reason=path_ready wp=4 dist_wp=1.95 bearing_deg=-5.86 speed=0.423 pos=(71.408,0.004,-92.139) bounded=true
tick=1290 phase=following reason=path_ready wp=5 dist_wp=20.91 bearing_deg=-159.42 speed=0.000 pos=(71.592,0.011,-92.903) bounded=true
tick=1320 phase=following reason=path_ready wp=5 dist_wp=20.91 bearing_deg=-141.42 speed=0.000 pos=(71.592,0.002,-92.903) bounded=true
tick=1350 phase=following reason=path_ready wp=5 dist_wp=20.91 bearing_deg=-123.42 speed=0.000 pos=(71.592,0.001,-92.903) bounded=true
tick=1380 phase=following reason=path_ready wp=5 dist_wp=20.91 bearing_deg=-105.42 speed=0.000 pos=(71.592,0.001,-92.903) bounded=true
tick=1410 phase=following reason=path_ready wp=5 dist_wp=20.91 bearing_deg=-87.42 speed=0.000 pos=(71.592,0.001,-92.903) bounded=true
tick=1440 phase=following reason=path_ready wp=5 dist_wp=20.91 bearing_deg=-69.42 speed=0.000 pos=(71.592,0.001,-92.903) bounded=true
tick=1470 phase=following reason=path_ready wp=5 dist_wp=20.91 bearing_deg=-51.42 speed=0.000 pos=(71.592,0.001,-92.903) bounded=true
tick=1500 phase=following reason=path_ready wp=5 dist_wp=20.91 bearing_deg=-33.42 speed=0.000 pos=(71.592,0.001,-92.903) bounded=true
tick=1530 phase=following reason=path_ready wp=5 dist_wp=20.90 bearing_deg=-16.97 speed=0.048 pos=(71.594,0.001,-92.898) bounded=true
tick=1560 phase=following reason=path_ready wp=5 dist_wp=19.97 bearing_deg=-8.67 speed=0.760 pos=(71.787,0.013,-91.973) bounded=true
tick=1590 phase=following reason=path_ready wp=5 dist_wp=17.44 bearing_deg=-4.95 speed=1.464 pos=(72.074,0.014,-89.435) bounded=true
tick=1620 phase=following reason=path_ready wp=5 dist_wp=13.31 bearing_deg=-3.30 speed=2.150 pos=(72.300,0.014,-85.305) bounded=true
tick=1650 phase=following reason=path_ready wp=5 dist_wp=8.05 bearing_deg=-2.81 speed=2.505 pos=(72.387,0.009,-80.044) bounded=true
tick=1680 phase=following reason=path_ready wp=5 dist_wp=1.96 bearing_deg=-6.03 speed=2.687 pos=(72.280,0.005,-73.941) bounded=true
tick=1710 phase=following reason=path_ready wp=5 dist_wp=2.23 bearing_deg=-170.07 speed=1.073 pos=(71.762,0.030,-69.779) bounded=true
tick=1740 phase=following reason=path_ready wp=5 dist_wp=3.01 bearing_deg=-156.01 speed=0.000 pos=(71.489,0.020,-69.036) bounded=true
tick=1770 phase=following reason=path_ready wp=5 dist_wp=3.01 bearing_deg=-138.01 speed=0.000 pos=(71.489,0.002,-69.036) bounded=true
tick=1800 phase=following reason=path_ready wp=5 dist_wp=3.01 bearing_deg=-120.01 speed=0.000 pos=(71.489,0.000,-69.036) bounded=true
tick=1830 phase=following reason=path_ready wp=5 dist_wp=3.01 bearing_deg=-102.01 speed=0.000 pos=(71.489,0.000,-69.036) bounded=true
tick=1860 phase=following reason=path_ready wp=5 dist_wp=3.01 bearing_deg=-84.01 speed=0.000 pos=(71.489,0.000,-69.036) bounded=true
tick=1890 phase=following reason=path_ready wp=5 dist_wp=3.01 bearing_deg=-66.01 speed=0.000 pos=(71.489,0.000,-69.036) bounded=true
tick=1920 phase=following reason=path_ready wp=5 dist_wp=3.01 bearing_deg=-48.01 speed=0.000 pos=(71.489,0.000,-69.036) bounded=true
tick=1950 phase=following reason=path_ready wp=5 dist_wp=3.01 bearing_deg=-30.01 speed=0.000 pos=(71.489,0.000,-69.036) bounded=true
tick=1980 phase=following reason=path_ready wp=5 dist_wp=2.99 bearing_deg=-14.87 speed=0.058 pos=(71.487,0.002,-69.056) bounded=true
tick=2010 phase=following reason=path_ready wp=5 dist_wp=2.62 bearing_deg=-8.25 speed=0.264 pos=(71.489,0.005,-69.434) bounded=true
tick=2040 phase=following reason=path_ready wp=5 dist_wp=1.83 bearing_deg=-5.75 speed=0.412 pos=(71.569,0.004,-70.219) bounded=true
tick=2070 phase=following reason=path_ready wp=6 dist_wp=20.89 bearing_deg=-162.22 speed=0.000 pos=(71.680,0.011,-70.887) bounded=true
tick=2100 phase=following reason=path_ready wp=6 dist_wp=20.89 bearing_deg=-144.22 speed=0.000 pos=(71.680,0.001,-70.887) bounded=true
tick=2130 phase=following reason=path_ready wp=6 dist_wp=20.89 bearing_deg=-126.22 speed=0.000 pos=(71.680,0.001,-70.887) bounded=true
tick=2160 phase=following reason=path_ready wp=6 dist_wp=20.89 bearing_deg=-108.22 speed=0.000 pos=(71.680,0.001,-70.887) bounded=true
tick=2190 phase=following reason=path_ready wp=6 dist_wp=20.89 bearing_deg=-90.22 speed=0.000 pos=(71.680,0.001,-70.887) bounded=true
tick=2220 phase=following reason=path_ready wp=6 dist_wp=20.89 bearing_deg=-72.22 speed=0.000 pos=(71.680,0.001,-70.887) bounded=true
tick=2250 phase=following reason=path_ready wp=6 dist_wp=20.89 bearing_deg=-54.22 speed=0.000 pos=(71.680,0.001,-70.887) bounded=true
tick=2280 phase=following reason=path_ready wp=6 dist_wp=20.89 bearing_deg=-36.22 speed=0.000 pos=(71.680,0.001,-70.887) bounded=true
tick=2310 phase=following reason=path_ready wp=6 dist_wp=20.89 bearing_deg=-19.00 speed=0.000 pos=(71.680,0.001,-70.887) bounded=true
tick=2340 phase=following reason=path_ready wp=6 dist_wp=20.22 bearing_deg=-9.55 speed=0.642 pos=(71.826,0.013,-70.222) bounded=true
tick=2370 phase=following reason=path_ready wp=6 dist_wp=17.95 bearing_deg=-5.34 speed=1.347 pos=(72.101,0.014,-67.951) bounded=true
tick=2400 phase=following reason=path_ready wp=6 dist_wp=14.09 bearing_deg=-3.45 speed=2.040 pos=(72.325,0.014,-64.082) bounded=true
tick=2430 phase=following reason=path_ready wp=6 dist_wp=8.97 bearing_deg=-2.79 speed=2.425 pos=(72.418,0.008,-58.961) bounded=true
tick=2460 phase=following reason=path_ready wp=6 dist_wp=2.99 bearing_deg=-4.37 speed=2.790 pos=(72.326,0.008,-52.969) bounded=true
tick=2490 phase=following reason=path_ready wp=6 dist_wp=1.75 bearing_deg=-170.68 speed=1.309 pos=(71.875,0.029,-48.251) bounded=true
tick=2520 phase=following reason=path_ready wp=6 dist_wp=2.89 bearing_deg=-158.70 speed=0.000 pos=(71.511,0.026,-47.153) bounded=true
tick=2550 phase=following reason=path_ready wp=6 dist_wp=2.89 bearing_deg=-140.70 speed=0.000 pos=(71.511,0.002,-47.153) bounded=true
tick=2580 phase=following reason=path_ready wp=6 dist_wp=2.89 bearing_deg=-122.70 speed=0.000 pos=(71.511,0.001,-47.153) bounded=true
tick=2610 phase=following reason=path_ready wp=6 dist_wp=2.89 bearing_deg=-104.70 speed=0.000 pos=(71.511,0.001,-47.153) bounded=true
tick=2640 phase=following reason=path_ready wp=6 dist_wp=2.89 bearing_deg=-86.70 speed=0.000 pos=(71.511,0.001,-47.153) bounded=true
tick=2670 phase=following reason=path_ready wp=6 dist_wp=2.89 bearing_deg=-68.70 speed=0.000 pos=(71.511,0.001,-47.153) bounded=true
tick=2700 phase=following reason=path_ready wp=6 dist_wp=2.89 bearing_deg=-50.70 speed=0.000 pos=(71.511,0.001,-47.153) bounded=true
tick=2730 phase=following reason=path_ready wp=6 dist_wp=2.89 bearing_deg=-32.70 speed=0.000 pos=(71.511,0.001,-47.153) bounded=true
tick=2760 phase=following reason=path_ready wp=6 dist_wp=2.89 bearing_deg=-16.49 speed=0.017 pos=(71.511,0.001,-47.155) bounded=true
tick=2790 phase=following reason=path_ready wp=6 dist_wp=2.66 bearing_deg=-8.65 speed=0.176 pos=(71.509,0.004,-47.383) bounded=true
tick=2820 phase=following reason=path_ready wp=6 dist_wp=2.11 bearing_deg=-5.30 speed=0.299 pos=(71.556,0.003,-47.935) bounded=true
tick=2850 phase=following reason=path_ready wp=6 dist_wp=1.32 bearing_deg=-4.12 speed=0.376 pos=(71.676,0.002,-48.719) bounded=true
tick=2880 phase=following reason=path_ready wp=7 dist_wp=20.18 bearing_deg=126.77 speed=0.000 pos=(71.695,0.004,-48.834) bounded=true
tick=2910 phase=following reason=path_ready wp=7 dist_wp=20.18 bearing_deg=108.77 speed=0.000 pos=(71.695,0.001,-48.834) bounded=true
tick=2940 phase=following reason=path_ready wp=7 dist_wp=20.18 bearing_deg=90.77 speed=0.000 pos=(71.695,0.001,-48.834) bounded=true
tick=2970 phase=following reason=path_ready wp=7 dist_wp=20.18 bearing_deg=72.77 speed=0.000 pos=(71.695,0.001,-48.834) bounded=true
tick=3000 phase=following reason=path_ready wp=7 dist_wp=20.18 bearing_deg=54.77 speed=0.000 pos=(71.695,0.001,-48.834) bounded=true
tick=3030 phase=following reason=path_ready wp=7 dist_wp=20.18 bearing_deg=36.77 speed=0.000 pos=(71.695,0.001,-48.834) bounded=true
tick=3060 phase=following reason=path_ready wp=7 dist_wp=20.18 bearing_deg=19.43 speed=0.000 pos=(71.695,0.001,-48.834) bounded=true
tick=3090 phase=following reason=path_ready wp=7 dist_wp=19.60 bearing_deg=9.72 speed=0.581 pos=(71.190,0.012,-48.523) bounded=true
tick=3120 phase=following reason=path_ready wp=7 dist_wp=17.50 bearing_deg=5.40 speed=1.272 pos=(69.499,0.014,-47.243) bounded=true
tick=3150 phase=following reason=path_ready wp=7 dist_wp=13.80 bearing_deg=3.46 speed=1.965 pos=(66.691,0.014,-44.823) bounded=true
tick=3180 phase=following reason=path_ready wp=7 dist_wp=8.81 bearing_deg=2.78 speed=2.352 pos=(63.037,0.007,-41.411) bounded=true
tick=3210 phase=following reason=path_ready wp=7 dist_wp=2.99 bearing_deg=4.26 speed=2.716 pos=(58.914,0.007,-37.297) bounded=true
tick=3240 phase=following reason=path_ready wp=7 dist_wp=1.67 bearing_deg=170.73 speed=1.281 pos=(55.883,0.028,-33.757) bounded=true
tick=3270 phase=following reason=path_ready wp=7 dist_wp=2.78 bearing_deg=158.83 speed=0.000 pos=(55.355,0.026,-32.755) bounded=true
tick=3300 phase=following reason=path_ready wp=7 dist_wp=2.78 bearing_deg=140.83 speed=0.000 pos=(55.355,0.003,-32.755) bounded=true
tick=3330 phase=following reason=path_ready wp=7 dist_wp=2.78 bearing_deg=122.83 speed=0.000 pos=(55.355,0.000,-32.755) bounded=true
tick=3360 phase=following reason=path_ready wp=7 dist_wp=2.78 bearing_deg=104.83 speed=0.000 pos=(55.355,0.000,-32.755) bounded=true
tick=3390 phase=following reason=path_ready wp=7 dist_wp=2.78 bearing_deg=86.83 speed=0.000 pos=(55.355,0.000,-32.755) bounded=true
tick=3420 phase=following reason=path_ready wp=7 dist_wp=2.78 bearing_deg=68.83 speed=0.000 pos=(55.355,0.000,-32.755) bounded=true
tick=3450 phase=following reason=path_ready wp=7 dist_wp=2.78 bearing_deg=50.83 speed=0.000 pos=(55.355,0.000,-32.755) bounded=true
tick=3480 phase=following reason=path_ready wp=7 dist_wp=2.78 bearing_deg=32.83 speed=0.000 pos=(55.355,0.000,-32.755) bounded=true
tick=3510 phase=following reason=path_ready wp=7 dist_wp=2.78 bearing_deg=16.58 speed=0.020 pos=(55.357,0.001,-32.757) bounded=true
tick=3540 phase=following reason=path_ready wp=7 dist_wp=2.51 bearing_deg=8.90 speed=0.212 pos=(55.556,0.004,-32.945) bounded=true
tick=3570 phase=following reason=path_ready wp=7 dist_wp=1.85 bearing_deg=5.88 speed=0.356 pos=(55.991,0.004,-33.446) bounded=true
tick=3600 phase=following reason=path_ready wp=8 dist_wp=20.07 bearing_deg=164.92 speed=0.000 pos=(56.397,0.009,-33.981) bounded=true
tick=3630 phase=following reason=path_ready wp=8 dist_wp=20.07 bearing_deg=146.92 speed=0.000 pos=(56.397,0.002,-33.981) bounded=true
tick=3660 phase=following reason=path_ready wp=8 dist_wp=20.07 bearing_deg=128.92 speed=0.000 pos=(56.397,0.001,-33.981) bounded=true
tick=3690 phase=following reason=path_ready wp=8 dist_wp=20.07 bearing_deg=110.92 speed=0.000 pos=(56.397,0.001,-33.981) bounded=true
tick=3720 phase=following reason=path_ready wp=8 dist_wp=20.07 bearing_deg=92.92 speed=0.000 pos=(56.397,0.001,-33.981) bounded=true
tick=3750 phase=following reason=path_ready wp=8 dist_wp=20.07 bearing_deg=74.92 speed=0.000 pos=(56.397,0.001,-33.981) bounded=true
tick=3780 phase=following reason=path_ready wp=8 dist_wp=20.07 bearing_deg=56.92 speed=0.000 pos=(56.397,0.001,-33.981) bounded=true
tick=3810 phase=following reason=path_ready wp=8 dist_wp=20.07 bearing_deg=38.92 speed=0.000 pos=(56.397,0.001,-33.981) bounded=true
tick=3840 phase=following reason=path_ready wp=8 dist_wp=20.07 bearing_deg=21.20 speed=0.000 pos=(56.397,0.001,-33.981) bounded=true
tick=3870 phase=following reason=path_ready wp=8 dist_wp=19.58 bearing_deg=10.55 speed=0.547 pos=(55.974,0.012,-33.719) bounded=true
tick=3900 phase=following reason=path_ready wp=8 dist_wp=17.53 bearing_deg=5.84 speed=1.254 pos=(54.328,0.014,-32.459) bounded=true
tick=3930 phase=following reason=path_ready wp=8 dist_wp=13.87 bearing_deg=3.73 speed=1.947 pos=(51.577,0.014,-30.038) bounded=true
tick=3960 phase=following reason=path_ready wp=8 dist_wp=8.90 bearing_deg=2.98 speed=2.337 pos=(47.985,0.007,-26.592) bounded=true
tick=3990 phase=following reason=path_ready wp=8 dist_wp=3.12 bearing_deg=4.42 speed=2.706 pos=(43.949,0.008,-22.434) bounded=true
tick=4020 phase=following reason=path_ready wp=8 dist_wp=1.52 bearing_deg=170.01 speed=1.222 pos=(40.984,0.030,-18.866) bounded=true
tick=4050 phase=following reason=path_ready wp=8 dist_wp=2.44 bearing_deg=157.75 speed=0.000 pos=(40.551,0.023,-18.038) bounded=true
tick=4080 phase=following reason=path_ready wp=8 dist_wp=2.44 bearing_deg=139.75 speed=0.000 pos=(40.551,0.002,-18.038) bounded=true
tick=4110 phase=following reason=path_ready wp=8 dist_wp=2.44 bearing_deg=121.75 speed=0.000 pos=(40.551,0.001,-18.038) bounded=true
tick=4140 phase=following reason=path_ready wp=8 dist_wp=2.44 bearing_deg=103.75 speed=0.000 pos=(40.551,0.001,-18.038) bounded=true
tick=4170 phase=following reason=path_ready wp=8 dist_wp=2.44 bearing_deg=85.75 speed=0.000 pos=(40.551,0.001,-18.038) bounded=true
tick=4200 phase=following reason=path_ready wp=8 dist_wp=2.44 bearing_deg=67.75 speed=0.000 pos=(40.551,0.001,-18.038) bounded=true
tick=4230 phase=following reason=path_ready wp=8 dist_wp=2.44 bearing_deg=49.75 speed=0.000 pos=(40.551,0.001,-18.038) bounded=true
tick=4260 phase=following reason=path_ready wp=8 dist_wp=2.44 bearing_deg=31.75 speed=0.000 pos=(40.551,0.001,-18.038) bounded=true
tick=4290 phase=following reason=path_ready wp=8 dist_wp=2.44 bearing_deg=15.86 speed=0.000 pos=(40.551,0.001,-18.038) bounded=true
tick=4320 phase=following reason=path_ready wp=8 dist_wp=2.44 bearing_deg=7.65 speed=0.000 pos=(40.551,0.001,-18.038) bounded=true
tick=4350 phase=following reason=path_ready wp=8 dist_wp=2.44 bearing_deg=3.69 speed=0.000 pos=(40.551,0.001,-18.038) bounded=true
tick=4380 phase=following reason=path_ready wp=8 dist_wp=2.44 bearing_deg=1.78 speed=0.000 pos=(40.551,0.001,-18.038) bounded=true
tick=4410 phase=reverse reason=insufficient_actual_progress wp=8 dist_wp=2.44 bearing_deg=0.95 speed=-0.019 pos=(40.550,0.001,-18.036) bounded=true
tick=4440 phase=reverse reason=insufficient_actual_progress wp=8 dist_wp=2.62 bearing_deg=0.88 speed=-0.129 pos=(40.440,0.003,-17.892) bounded=true
tick=4470 phase=reverse reason=insufficient_actual_progress wp=8 dist_wp=3.04 bearing_deg=0.77 speed=-0.232 pos=(40.188,0.003,-17.563) bounded=true
tick=4500 phase=turn_recovery reason=reverse_complete wp=8 dist_wp=3.22 bearing_deg=-12.43 speed=0.000 pos=(40.078,0.004,-17.416) bounded=true
tick=4530 phase=following reason=path_ready wp=0 dist_wp=3.22 bearing_deg=-19.16 speed=0.000 pos=(40.078,0.000,-17.416) bounded=true
tick=4560 phase=following reason=path_ready wp=0 dist_wp=3.21 bearing_deg=-9.29 speed=0.018 pos=(40.084,0.001,-17.429) bounded=true
tick=4590 phase=following reason=path_ready wp=0 dist_wp=3.14 bearing_deg=-4.57 speed=0.036 pos=(40.116,0.001,-17.483) bounded=true
tick=4620 phase=following reason=path_ready wp=0 dist_wp=3.05 bearing_deg=-2.28 speed=0.048 pos=(40.169,0.001,-17.564) bounded=true
tick=4650 phase=following reason=path_ready wp=0 dist_wp=2.93 bearing_deg=-1.14 speed=0.050 pos=(40.235,0.001,-17.655) bounded=true
tick=4680 phase=reverse reason=insufficient_actual_progress wp=0 dist_wp=3.00 bearing_deg=-1.01 speed=-0.086 pos=(40.194,0.003,-17.600) bounded=true
tick=4710 phase=reverse reason=insufficient_actual_progress wp=0 dist_wp=3.32 bearing_deg=-0.91 speed=-0.188 pos=(40.009,0.003,-17.344) bounded=true
tick=4740 phase=turn_recovery reason=reverse_complete wp=0 dist_wp=3.61 bearing_deg=7.52 speed=0.000 pos=(39.838,0.005,-17.108) bounded=true
tick=4770 phase=following reason=path_ready wp=0 dist_wp=3.61 bearing_deg=23.17 speed=0.000 pos=(39.838,0.000,-17.108) bounded=true
tick=4800 phase=following reason=path_ready wp=0 dist_wp=3.59 bearing_deg=11.25 speed=0.031 pos=(39.854,0.002,-17.122) bounded=true
tick=4830 phase=following reason=path_ready wp=0 dist_wp=3.47 bearing_deg=5.63 speed=0.075 pos=(39.940,0.002,-17.210) bounded=true
tick=4860 phase=following reason=path_ready wp=0 dist_wp=3.26 bearing_deg=2.90 speed=0.107 pos=(40.076,0.002,-17.370) bounded=true
tick=4890 phase=following reason=path_ready wp=0 dist_wp=3.00 bearing_deg=1.53 speed=0.121 pos=(40.239,0.001,-17.577) bounded=true
tick=4920 phase=following reason=path_ready wp=0 dist_wp=2.73 bearing_deg=0.82 speed=0.113 pos=(40.402,0.001,-17.792) bounded=true
tick=4950 phase=following reason=path_ready wp=0 dist_wp=2.50 bearing_deg=0.79 speed=0.083 pos=(40.536,0.002,-17.973) bounded=true
tick=4980 phase=following reason=path_ready wp=0 dist_wp=2.33 bearing_deg=0.79 speed=0.070 pos=(40.637,0.001,-18.109) bounded=true
tick=5010 phase=following reason=path_ready wp=0 dist_wp=2.19 bearing_deg=0.79 speed=0.048 pos=(40.719,0.001,-18.218) bounded=true
tick=5040 phase=following reason=path_ready wp=0 dist_wp=2.12 bearing_deg=0.80 speed=0.015 pos=(40.761,0.002,-18.276) bounded=true
tick=5070 phase=following reason=path_ready wp=0 dist_wp=2.12 bearing_deg=0.78 speed=0.000 pos=(40.763,0.001,-18.278) bounded=true
tick=5100 phase=following reason=path_ready wp=0 dist_wp=2.12 bearing_deg=0.78 speed=0.000 pos=(40.763,0.001,-18.278) bounded=true
tick=5130 phase=reverse reason=insufficient_actual_progress wp=0 dist_wp=2.12 bearing_deg=0.78 speed=0.000 pos=(40.763,0.001,-18.278) bounded=true
tick=5160 phase=reverse reason=insufficient_actual_progress wp=0 dist_wp=2.29 bearing_deg=0.73 speed=-0.146 pos=(40.662,0.004,-18.141) bounded=true
tick=5190 phase=reverse reason=insufficient_actual_progress wp=0 dist_wp=2.78 bearing_deg=0.60 speed=-0.268 pos=(40.372,0.003,-17.749) bounded=true
tick=5220 phase=turn_recovery reason=reverse_complete wp=0 dist_wp=3.09 bearing_deg=-10.19 speed=0.000 pos=(40.187,0.006,-17.496) bounded=true
tick=5250 phase=following reason=path_ready wp=0 dist_wp=3.09 bearing_deg=-21.25 speed=0.000 pos=(40.187,0.001,-17.496) bounded=true
tick=5280 phase=following reason=path_ready wp=0 dist_wp=3.09 bearing_deg=-10.25 speed=0.008 pos=(40.187,0.001,-17.496) bounded=true
tick=5310 phase=following reason=path_ready wp=0 dist_wp=3.06 bearing_deg=-4.99 speed=0.018 pos=(40.200,0.001,-17.520) bounded=true
tick=5340 phase=following reason=path_ready wp=0 dist_wp=3.01 bearing_deg=-2.45 speed=0.025 pos=(40.227,0.001,-17.562) bounded=true
tick=5370 phase=following reason=path_ready wp=0 dist_wp=2.95 bearing_deg=-1.21 speed=0.027 pos=(40.261,0.001,-17.611) bounded=true
