tick=0 phase=following reason=path_ready wp=1 dist_wp=13.42 bearing_deg=26.57 speed=0.000 pos=(27.000,0.003,-130.000) bounded=true
tick=30 phase=following reason=path_ready wp=1 dist_wp=13.19 bearing_deg=11.45 speed=0.324 pos=(27.055,0.007,-129.773) bounded=true
tick=60 phase=following reason=path_ready wp=1 dist_wp=11.46 bearing_deg=5.46 speed=0.938 pos=(27.649,0.009,-128.137) bounded=true
tick=90 phase=following reason=path_ready wp=1 dist_wp=8.21 bearing_deg=3.20 speed=1.444 pos=(29.002,0.008,-125.170) bounded=true
tick=120 phase=following reason=path_ready wp=1 dist_wp=3.85 bearing_deg=2.87 speed=1.747 pos=(31.004,0.005,-121.288) bounded=true
tick=150 phase=following reason=path_ready wp=1 dist_wp=0.14 bearing_deg=141.46 speed=0.929 pos=(32.994,0.018,-117.859) bounded=true
tick=180 phase=following reason=path_ready wp=1 dist_wp=2.42 bearing_deg=166.77 speed=0.810 pos=(34.673,0.003,-116.258) bounded=true
tick=210 phase=following reason=path_ready wp=1 dist_wp=4.32 bearing_deg=156.03 speed=0.693 pos=(36.532,0.003,-115.506) bounded=true
tick=240 phase=following reason=path_ready wp=1 dist_wp=5.80 bearing_deg=143.93 speed=0.577 pos=(38.226,0.003,-115.494) bounded=true
tick=270 phase=following reason=path_ready wp=1 dist_wp=6.82 bearing_deg=130.69 speed=0.463 pos=(39.518,0.002,-115.998) bounded=true
tick=300 phase=following reason=path_ready wp=1 dist_wp=7.42 bearing_deg=116.13 speed=0.349 pos=(40.309,0.002,-116.736) bounded=true
tick=330 phase=following reason=path_ready wp=1 dist_wp=7.66 bearing_deg=99.87 speed=0.236 pos=(40.642,0.002,-117.439) bounded=true
tick=360 phase=following reason=path_ready wp=1 dist_wp=7.68 bearing_deg=81.52 speed=0.124 pos=(40.675,0.002,-117.915) bounded=true
tick=390 phase=following reason=path_ready wp=1 dist_wp=7.63 bearing_deg=60.82 speed=0.012 pos=(40.626,0.002,-118.085) bounded=true
tick=420 phase=following reason=path_ready wp=1 dist_wp=7.63 bearing_deg=38.82 speed=0.000 pos=(40.626,0.000,-118.085) bounded=true
tick=450 phase=following reason=path_ready wp=1 dist_wp=7.63 bearing_deg=17.94 speed=0.000 pos=(40.626,0.000,-118.085) bounded=true
tick=480 phase=following reason=path_ready wp=1 dist_wp=7.09 bearing_deg=7.93 speed=0.386 pos=(40.091,0.006,-118.173) bounded=true
tick=510 phase=following reason=path_ready wp=1 dist_wp=5.59 bearing_deg=4.17 speed=0.713 pos=(38.581,0.005,-118.263) bounded=true
tick=540 phase=following reason=path_ready wp=1 dist_wp=3.35 bearing_deg=2.89 speed=0.916 pos=(36.343,0.004,-118.255) bounded=true
tick=570 phase=following reason=path_ready wp=1 dist_wp=0.99 bearing_deg=4.09 speed=0.509 pos=(33.978,0.009,-118.142) bounded=true
tick=600 phase=following reason=path_ready wp=2 dist_wp=19.25 bearing_deg=152.82 speed=0.208 pos=(33.276,0.004,-117.983) bounded=true
tick=630 phase=following reason=path_ready wp=2 dist_wp=19.57 bearing_deg=131.60 speed=0.096 pos=(32.944,0.002,-117.758) bounded=true
tick=660 phase=following reason=path_ready wp=2 dist_wp=19.63 bearing_deg=109.86 speed=0.000 pos=(32.881,0.002,-117.676) bounded=true
tick=690 phase=following reason=path_ready wp=2 dist_wp=19.63 bearing_deg=87.86 speed=0.000 pos=(32.881,0.000,-117.676) bounded=true
tick=720 phase=following reason=path_ready wp=2 dist_wp=19.63 bearing_deg=65.86 speed=0.000 pos=(32.881,0.000,-117.676) bounded=true
tick=750 phase=following reason=path_ready wp=2 dist_wp=19.63 bearing_deg=43.86 speed=0.000 pos=(32.881,0.000,-117.676) bounded=true
tick=780 phase=following reason=path_ready wp=2 dist_wp=19.63 bearing_deg=22.01 speed=0.000 pos=(32.881,0.000,-117.676) bounded=true
tick=810 phase=following reason=path_ready wp=2 dist_wp=18.94 bearing_deg=9.39 speed=0.657 pos=(33.572,0.012,-117.512) bounded=true
tick=840 phase=following reason=path_ready wp=2 dist_wp=16.05 bearing_deg=4.63 speed=1.456 pos=(36.448,0.012,-117.146) bounded=true
tick=870 phase=following reason=path_ready wp=2 dist_wp=11.19 bearing_deg=2.82 speed=2.114 pos=(41.315,0.010,-116.862) bounded=true
tick=900 phase=following reason=path_ready wp=2 dist_wp=4.86 bearing_deg=2.77 speed=2.524 pos=(47.647,0.006,-116.759) bounded=true
tick=930 phase=following reason=path_ready wp=2 dist_wp=0.96 bearing_deg=170.28 speed=1.491 pos=(53.461,0.021,-116.997) bounded=true
tick=960 phase=following reason=path_ready wp=2 dist_wp=4.72 bearing_deg=165.41 speed=1.362 pos=(57.036,0.003,-118.318) bounded=true
tick=990 phase=following reason=path_ready wp=2 dist_wp=7.99 bearing_deg=154.73 speed=1.235 pos=(59.626,0.003,-120.624) bounded=true
tick=1020 phase=following reason=path_ready wp=2 dist_wp=10.69 bearing_deg=143.21 speed=1.112 pos=(61.043,0.003,-123.419) bounded=true
tick=1050 phase=following reason=path_ready wp=2 dist_wp=12.74 bearing_deg=131.04 speed=0.990 pos=(61.305,0.003,-126.212) bounded=true
tick=1080 phase=following reason=path_ready wp=2 dist_wp=14.15 bearing_deg=118.17 speed=0.871 pos=(60.613,0.003,-128.597) bounded=true
tick=1110 phase=following reason=path_ready wp=2 dist_wp=14.94 bearing_deg=104.48 speed=0.753 pos=(59.286,0.003,-130.309) bounded=true
tick=1140 phase=following reason=path_ready wp=2 dist_wp=15.17 bearing_deg=89.79 speed=0.637 pos=(57.691,0.003,-131.252) bounded=true
tick=1170 phase=following reason=path_ready wp=2 dist_wp=14.95 bearing_deg=73.86 speed=0.522 pos=(56.165,0.003,-131.492) bounded=true
tick=1200 phase=following reason=path_ready wp=2 dist_wp=14.43 bearing_deg=56.45 speed=0.408 pos=(54.958,0.002,-131.219) bounded=true
tick=1230 phase=following reason=path_ready wp=2 dist_wp=13.79 bearing_deg=37.38 speed=0.294 pos=(54.188,0.002,-130.691) bounded=true
tick=1260 phase=following reason=path_ready wp=2 dist_wp=13.23 bearing_deg=17.91 speed=0.182 pos=(53.834,0.002,-130.168) bounded=true
tick=1290 phase=following reason=path_ready wp=2 dist_wp=11.89 bearing_deg=8.25 speed=0.805 pos=(53.451,0.009,-128.856) bounded=true
tick=1320 phase=following reason=path_ready wp=2 dist_wp=8.97 bearing_deg=4.57 speed=1.338 pos=(52.961,0.008,-125.961) bounded=true
tick=1350 phase=following reason=path_ready wp=2 dist_wp=4.83 bearing_deg=3.57 speed=1.693 pos=(52.553,0.006,-121.835) bounded=true
tick=1380 phase=following reason=path_ready wp=2 dist_wp=0.49 bearing_deg=15.23 speed=1.086 pos=(52.369,0.014,-117.467) bounded=true
tick=1410 phase=following reason=path_ready wp=2 dist_wp=2.09 bearing_deg=168.24 speed=0.904 pos=(52.856,0.003,-114.940) bounded=true
tick=1440 phase=following reason=path_ready wp=2 dist_wp=4.26 bearing_deg=158.38 speed=0.785 pos=(54.067,0.003,-113.038) bounded=true
tick=1470 phase=following reason=path_ready wp=2 dist_wp=5.99 bearing_deg=146.72 speed=0.669 pos=(55.639,0.003,-111.900) bounded=true
tick=1500 phase=following reason=path_ready wp=2 dist_wp=7.25 bearing_deg=134.00 speed=0.553 pos=(57.218,0.003,-111.498) bounded=true
tick=1530 phase=following reason=path_ready wp=2 dist_wp=8.05 bearing_deg=120.12 speed=0.439 pos=(58.530,0.002,-111.668) bounded=true
tick=1560 phase=following reason=path_ready wp=2 dist_wp=8.44 bearing_deg=104.81 speed=0.326 pos=(59.419,0.002,-112.163) bounded=true
tick=1590 phase=following reason=path_ready wp=2 dist_wp=8.53 bearing_deg=87.73 speed=0.213 pos=(59.872,0.002,-112.717) bounded=true
tick=1620 phase=following reason=path_ready wp=2 dist_wp=8.45 bearing_deg=68.54 speed=0.101 pos=(59.999,0.002,-113.111) bounded=true
tick=1650 phase=following reason=path_ready wp=2 dist_wp=8.39 bearing_deg=47.26 speed=0.000 pos=(59.998,0.002,-113.226) bounded=true
tick=1680 phase=following reason=path_ready wp=2 dist_wp=8.39 bearing_deg=25.26 speed=0.000 pos=(59.998,0.000,-113.226) bounded=true
tick=1710 phase=following reason=path_ready wp=2 dist_wp=8.18 bearing_deg=10.63 speed=0.258 pos=(59.826,0.006,-113.365) bounded=true
tick=1740 phase=following reason=path_ready wp=2 dist_wp=6.93 bearing_deg=5.18 speed=0.654 pos=(58.766,0.006,-114.046) bounded=true
tick=1770 phase=following reason=path_ready wp=2 dist_wp=4.73 bearing_deg=3.15 speed=0.950 pos=(56.828,0.005,-115.092) bounded=true
tick=1800 phase=following reason=path_ready wp=2 dist_wp=1.97 bearing_deg=3.14 speed=1.055 pos=(54.338,0.002,-116.284) bounded=true
tick=1830 phase=following reason=path_ready wp=3 dist_wp=19.06 bearing_deg=-150.77 speed=0.253 pos=(52.964,0.009,-116.909) bounded=true
tick=1860 phase=following reason=path_ready wp=3 dist_wp=19.46 bearing_deg=-129.83 speed=0.140 pos=(52.578,0.003,-117.257) bounded=true
tick=1890 phase=following reason=path_ready wp=3 dist_wp=19.58 bearing_deg=-108.42 speed=0.028 pos=(52.477,0.002,-117.452) bounded=true
tick=1920 phase=following reason=path_ready wp=3 dist_wp=19.58 bearing_deg=-86.44 speed=0.000 pos=(52.476,0.001,-117.458) bounded=true
tick=1950 phase=following reason=path_ready wp=3 dist_wp=19.58 bearing_deg=-64.44 speed=0.000 pos=(52.476,0.001,-117.457) bounded=true
tick=1980 phase=following reason=path_ready wp=3 dist_wp=19.58 bearing_deg=-42.43 speed=0.000 pos=(52.476,0.001,-117.457) bounded=true
tick=2010 phase=following reason=path_ready wp=3 dist_wp=19.58 bearing_deg=-20.77 speed=0.000 pos=(52.476,0.001,-117.456) bounded=true
tick=2040 phase=following reason=path_ready wp=3 dist_wp=18.76 bearing_deg=-8.93 speed=0.711 pos=(53.304,0.012,-117.552) bounded=true
tick=2070 phase=following reason=path_ready wp=3 dist_wp=15.74 bearing_deg=-4.45 speed=1.502 pos=(56.340,0.012,-117.587) bounded=true
tick=2100 phase=following reason=path_ready wp=3 dist_wp=10.77 bearing_deg=-2.75 speed=2.146 pos=(61.314,0.010,-117.319) bounded=true
tick=2130 phase=following reason=path_ready wp=3 dist_wp=4.37 bearing_deg=-2.89 speed=2.549 pos=(67.684,0.006,-116.710) bounded=true
tick=2160 phase=following reason=path_ready wp=3 dist_wp=1.32 bearing_deg=-171.47 speed=1.500 pos=(73.307,0.020,-115.796) bounded=true
tick=2190 phase=following reason=path_ready wp=3 dist_wp=5.28 bearing_deg=-164.90 speed=1.499 pos=(76.839,0.002,-113.891) bounded=true
tick=2220 phase=following reason=path_ready wp=3 dist_wp=9.00 bearing_deg=-154.66 speed=1.437 pos=(79.398,0.002,-110.883) bounded=true
tick=2250 phase=following reason=path_ready wp=3 dist_wp=12.16 bearing_deg=-143.56 speed=1.313 pos=(80.602,0.003,-107.406) bounded=true
tick=2280 phase=following reason=path_ready wp=3 dist_wp=14.63 bearing_deg=-131.77 speed=1.188 pos=(80.467,0.003,-104.067) bounded=true
tick=2310 phase=following reason=path_ready wp=3 dist_wp=16.38 bearing_deg=-119.34 speed=1.071 pos=(79.253,0.003,-101.313) bounded=true
tick=2340 phase=following reason=path_ready wp=3 dist_wp=17.45 bearing_deg=-106.43 speed=1.008 pos=(77.286,0.002,-99.372) bounded=true
tick=2370 phase=following reason=path_ready wp=3 dist_wp=17.90 bearing_deg=-93.61 speed=1.048 pos=(74.770,0.002,-98.311) bounded=true
tick=2400 phase=following reason=path_ready wp=3 dist_wp=17.75 bearing_deg=-81.51 speed=1.141 pos=(71.838,0.002,-98.247) bounded=true
tick=2430 phase=following reason=path_ready wp=3 dist_wp=16.95 bearing_deg=-70.19 speed=1.232 pos=(68.856,0.002,-99.347) bounded=true
tick=2460 phase=following reason=path_ready wp=3 dist_wp=15.49 bearing_deg=-59.50 speed=1.274 pos=(66.337,0.002,-101.587) bounded=true
tick=2490 phase=following reason=path_ready wp=3 dist_wp=13.53 bearing_deg=-48.56 speed=1.193 pos=(64.836,0.002,-104.523) bounded=true
tick=2520 phase=following reason=path_ready wp=3 dist_wp=11.28 bearing_deg=-36.51 speed=1.074 pos=(64.536,0.003,-107.542) bounded=true
tick=2550 phase=following reason=path_ready wp=3 dist_wp=8.90 bearing_deg=-22.66 speed=0.974 pos=(65.280,0.002,-110.159) bounded=true
tick=2580 phase=following reason=path_ready wp=3 dist_wp=6.25 bearing_deg=-13.60 speed=1.203 pos=(66.872,0.005,-112.420) bounded=true
tick=2610 phase=following reason=path_ready wp=3 dist_wp=2.55 bearing_deg=-14.22 speed=1.558 pos=(69.661,0.005,-114.989) bounded=true
tick=2640 phase=following reason=path_ready wp=3 dist_wp=1.52 bearing_deg=-160.84 speed=1.459 pos=(73.203,0.002,-116.930) bounded=true
tick=2670 phase=following reason=path_ready wp=3 dist_wp=5.15 bearing_deg=-161.03 speed=1.360 pos=(76.947,0.002,-117.433) bounded=true
tick=2700 phase=following reason=path_ready wp=3 dist_wp=8.33 bearing_deg=-151.54 speed=1.233 pos=(80.312,0.003,-116.612) bounded=true
tick=2730 phase=following reason=path_ready wp=3 dist_wp=10.93 bearing_deg=-140.51 speed=1.110 pos=(82.870,0.003,-114.810) bounded=true
tick=2760 phase=following reason=path_ready wp=3 dist_wp=12.90 bearing_deg=-128.59 speed=0.988 pos=(84.409,0.003,-112.470) bounded=true
tick=2790 phase=following reason=path_ready wp=3 dist_wp=14.22 bearing_deg=-115.88 speed=0.869 pos=(84.915,0.003,-110.044) bounded=true
tick=2820 phase=following reason=path_ready wp=3 dist_wp=14.93 bearing_deg=-102.27 speed=0.751 pos=(84.547,0.003,-107.914) bounded=true
tick=2850 phase=following reason=path_ready wp=3 dist_wp=15.08 bearing_deg=-87.61 speed=0.635 pos=(83.583,0.003,-106.337) bounded=true
tick=2880 phase=following reason=path_ready wp=3 dist_wp=14.81 bearing_deg=-71.67 speed=0.520 pos=(82.352,0.002,-105.413) bounded=true
tick=2910 phase=following reason=path_ready wp=3 dist_wp=14.25 bearing_deg=-54.20 speed=0.406 pos=(81.163,0.002,-105.089) bounded=true
tick=2940 phase=following reason=path_ready wp=3 dist_wp=13.59 bearing_deg=-35.05 speed=0.293 pos=(80.240,0.002,-105.193) bounded=true
tick=2970 phase=following reason=path_ready wp=3 dist_wp=13.01 bearing_deg=-16.29 speed=0.255 pos=(79.674,0.002,-105.493) bounded=true
tick=3000 phase=following reason=path_ready wp=3 dist_wp=11.43 bearing_deg=-7.68 speed=0.906 pos=(78.526,0.010,-106.611) bounded=true
tick=3030 phase=following reason=path_ready wp=3 dist_wp=8.18 bearing_deg=-4.50 speed=1.508 pos=(76.450,0.009,-109.134) bounded=true
tick=3060 phase=following reason=path_ready wp=3 dist_wp=3.41 bearing_deg=-4.58 speed=1.993 pos=(73.668,0.007,-113.030) bounded=true
tick=3090 phase=following reason=path_ready wp=3 dist_wp=1.16 bearing_deg=-169.55 speed=1.441 pos=(71.390,0.008,-116.984) bounded=true
tick=3120 phase=following reason=path_ready wp=3 dist_wp=4.82 bearing_deg=-164.49 speed=1.332 pos=(70.714,0.003,-120.646) bounded=true
tick=3150 phase=following reason=path_ready wp=3 dist_wp=8.00 bearing_deg=-153.90 speed=1.206 pos=(71.357,0.003,-123.975) bounded=true
tick=3180 phase=following reason=path_ready wp=3 dist_wp=10.60 bearing_deg=-142.39 speed=1.083 pos=(72.995,0.003,-126.556) bounded=true
tick=3210 phase=following reason=path_ready wp=3 dist_wp=12.58 bearing_deg=-130.20 speed=0.962 pos=(75.202,0.003,-128.164) bounded=true
tick=3240 phase=following reason=path_ready wp=3 dist_wp=13.92 bearing_deg=-117.28 speed=0.843 pos=(77.534,0.003,-128.769) bounded=true
tick=3270 phase=following reason=path_ready wp=3 dist_wp=14.64 bearing_deg=-103.50 speed=0.726 pos=(79.610,0.003,-128.511) bounded=true
tick=3300 phase=following reason=path_ready wp=3 dist_wp=14.83 bearing_deg=-88.68 speed=0.610 pos=(81.172,0.003,-127.656) bounded=true
tick=3330 phase=following reason=path_ready wp=3 dist_wp=14.59 bearing_deg=-72.58 speed=0.495 pos=(82.111,0.002,-126.521) bounded=true
tick=3360 phase=following reason=path_ready wp=3 dist_wp=14.08 bearing_deg=-54.96 speed=0.381 pos=(82.470,0.002,-125.411) bounded=true
tick=3390 phase=following reason=path_ready wp=3 dist_wp=13.47 bearing_deg=-35.66 speed=0.268 pos=(82.413,0.002,-124.550) bounded=true
tick=3420 phase=following reason=path_ready wp=3 dist_wp=12.96 bearing_deg=-16.60 speed=0.205 pos=(82.171,0.002,-124.035) bounded=true
tick=3450 phase=following reason=path_ready wp=3 dist_wp=11.57 bearing_deg=-7.70 speed=0.817 pos=(81.226,0.009,-122.983) bounded=true
tick=3480 phase=following reason=path_ready wp=3 dist_wp=8.64 bearing_deg=-4.31 speed=1.335 pos=(79.028,0.008,-121.018) bounded=true
tick=3510 phase=following reason=path_ready wp=3 dist_wp=4.53 bearing_deg=-3.46 speed=1.672 pos=(75.789,0.005,-118.481) bounded=true
tick=3540 phase=following reason=path_ready wp=3 dist_wp=0.34 bearing_deg=-19.94 speed=0.976 pos=(72.333,0.016,-116.069) bounded=true
tick=3570 phase=following reason=path_ready wp=3 dist_wp=2.28 bearing_deg=-168.28 speed=0.982 pos=(69.882,0.002,-115.150) bounded=true
tick=3600 phase=following reason=path_ready wp=3 dist_wp=4.82 bearing_deg=-158.95 speed=0.975 pos=(67.250,0.001,-115.195) bounded=true
tick=3630 phase=following reason=path_ready wp=3 dist_wp=7.09 bearing_deg=-148.28 speed=0.903 pos=(64.911,0.002,-116.161) bounded=true
tick=3660 phase=following reason=path_ready wp=3 dist_wp=8.88 bearing_deg=-136.53 speed=0.785 pos=(63.290,0.003,-117.722) bounded=true
tick=3690 phase=following reason=path_ready wp=3 dist_wp=10.13 bearing_deg=-123.79 speed=0.668 pos=(62.488,0.003,-119.485) bounded=true
tick=3720 phase=following reason=path_ready wp=3 dist_wp=10.87 bearing_deg=-109.98 speed=0.553 pos=(62.409,0.003,-121.110) bounded=true
tick=3750 phase=following reason=path_ready wp=3 dist_wp=11.15 bearing_deg=-94.90 speed=0.438 pos=(62.837,0.002,-122.358) bounded=true
tick=3780 phase=following reason=path_ready wp=3 dist_wp=11.10 bearing_deg=-78.29 speed=0.325 pos=(63.498,0.002,-123.128) bounded=true
tick=3810 phase=following reason=path_ready wp=3 dist_wp=10.84 bearing_deg=-59.89 speed=0.212 pos=(64.128,0.002,-123.460) bounded=true
tick=3840 phase=following reason=path_ready wp=3 dist_wp=10.58 bearing_deg=-39.66 speed=0.100 pos=(64.538,0.002,-123.505) bounded=true
tick=3870 phase=following reason=path_ready wp=3 dist_wp=10.49 bearing_deg=-18.83 speed=0.000 pos=(64.648,0.001,-123.481) bounded=true
tick=3900 phase=following reason=path_ready wp=3 dist_wp=9.86 bearing_deg=-8.24 speed=0.488 pos=(65.170,0.008,-123.111) bounded=true
tick=3930 phase=following reason=path_ready wp=3 dist_wp=7.89 bearing_deg=-4.27 speed=0.950 pos=(66.657,0.007,-121.809) bounded=true
tick=3960 phase=following reason=path_ready wp=3 dist_wp=4.84 bearing_deg=-2.90 speed=1.278 pos=(68.822,0.005,-119.656) bounded=true
tick=3990 phase=following reason=path_ready wp=3 dist_wp=1.24 bearing_deg=-4.74 speed=1.231 pos=(71.263,0.001,-116.999) bounded=true
tick=4020 phase=following reason=path_ready wp=4 dist_wp=21.90 bearing_deg=-26.68 speed=0.317 pos=(72.106,0.007,-115.895) bounded=true
tick=4050 phase=following reason=path_ready wp=4 dist_wp=20.70 bearing_deg=-11.70 speed=0.844 pos=(72.440,0.011,-114.700) bounded=true
tick=4080 phase=following reason=path_ready wp=4 dist_wp=17.02 bearing_deg=-5.99 speed=1.881 pos=(72.819,0.015,-111.000) bounded=true
tick=4110 phase=following reason=path_ready wp=4 dist_wp=10.71 bearing_deg=-4.07 speed=2.757 pos=(72.913,0.013,-104.666) bounded=true
tick=4140 phase=following reason=path_ready wp=4 dist_wp=2.47 bearing_deg=-7.63 speed=3.197 pos=(72.525,0.007,-96.417) bounded=true
tick=4170 phase=following reason=path_ready wp=4 dist_wp=3.58 bearing_deg=-168.28 speed=1.500 pos=(71.297,0.023,-90.487) bounded=true
tick=4200 phase=following reason=path_ready wp=4 dist_wp=7.45 bearing_deg=-158.98 speed=1.500 pos=(69.050,0.002,-87.160) bounded=true
tick=4230 phase=following reason=path_ready wp=4 dist_wp=11.06 bearing_deg=-148.73 speed=1.491 pos=(65.749,0.001,-84.881) bounded=true
tick=4260 phase=following reason=path_ready wp=4 dist_wp=14.16 bearing_deg=-137.91 speed=1.385 pos=(61.990,0.003,-83.985) bounded=true
tick=4290 phase=following reason=path_ready wp=4 dist_wp=16.53 bearing_deg=-126.31 speed=1.258 pos=(58.494,0.003,-84.474) bounded=true
tick=4320 phase=following reason=path_ready wp=4 dist_wp=16.49 bearing_deg=-105.03 speed=1.138 pos=(58.612,0.002,-84.377) bounded=true
tick=4350 phase=following reason=path_ready wp=4 dist_wp=15.78 bearing_deg=-88.22 speed=1.016 pos=(58.473,0.003,-85.877) bounded=true
tick=4380 phase=following reason=path_ready wp=4 dist_wp=15.21 bearing_deg=-75.62 speed=0.896 pos=(57.893,0.003,-88.300) bounded=true
tick=4410 phase=following reason=path_ready wp=4 dist_wp=14.39 bearing_deg=-61.92 speed=0.778 pos=(58.045,0.003,-90.504) bounded=true
tick=4440 phase=following reason=path_ready wp=4 dist_wp=13.23 bearing_deg=-46.47 speed=0.661 pos=(58.894,0.003,-92.198) bounded=true
tick=4470 phase=following reason=path_ready wp=4 dist_wp=11.96 bearing_deg=-29.23 speed=0.546 pos=(60.064,0.003,-93.304) bounded=true
tick=4500 phase=following reason=path_ready wp=4 dist_wp=10.63 bearing_deg=-13.90 speed=0.653 pos=(61.373,0.004,-93.839) bounded=true
tick=4530 phase=following reason=path_ready wp=4 dist_wp=8.21 bearing_deg=-7.51 speed=1.139 pos=(63.797,0.007,-94.236) bounded=true
tick=4560 phase=following reason=path_ready wp=4 dist_wp=4.60 bearing_deg=-5.63 speed=1.534 pos=(67.420,0.006,-94.413) bounded=true
tick=4590 phase=following reason=path_ready wp=4 dist_wp=0.47 bearing_deg=-23.76 speed=1.173 pos=(71.591,0.011,-94.241) bounded=true
tick=4620 phase=following reason=path_ready wp=4 dist_wp=2.78 bearing_deg=-167.25 speed=1.264 pos=(74.674,0.002,-93.258) bounded=true
tick=4650 phase=following reason=path_ready wp=4 dist_wp=6.11 bearing_deg=-159.11 speed=1.319 pos=(77.354,0.002,-91.055) bounded=true
tick=4680 phase=following reason=path_ready wp=4 dist_wp=9.22 bearing_deg=-149.05 speed=1.248 pos=(79.042,0.002,-88.052) bounded=true
tick=4710 phase=following reason=path_ready wp=4 dist_wp=11.79 bearing_deg=-137.97 speed=1.132 pos=(79.482,0.003,-84.895) bounded=true
tick=4740 phase=following reason=path_ready wp=4 dist_wp=13.71 bearing_deg=-126.06 speed=1.027 pos=(78.809,0.002,-82.104) bounded=true
tick=4770 phase=following reason=path_ready wp=4 dist_wp=15.02 bearing_deg=-113.67 speed=0.963 pos=(77.286,0.002,-79.942) bounded=true
tick=4800 phase=following reason=path_ready wp=4 dist_wp=15.79 bearing_deg=-101.42 speed=1.004 pos=(75.089,0.002,-78.513) bounded=true
tick=4830 phase=following reason=path_ready wp=4 dist_wp=16.05 bearing_deg=-89.99 speed=1.098 pos=(72.327,0.002,-77.955) bounded=true
tick=4860 phase=following reason=path_ready wp=4 dist_wp=15.74 bearing_deg=-79.50 speed=1.190 pos=(69.309,0.002,-78.492) bounded=true
tick=4890 phase=following reason=path_ready wp=4 dist_wp=14.85 bearing_deg=-69.85 speed=1.238 pos=(66.519,0.001,-80.203) bounded=true
tick=4920 phase=following reason=path_ready wp=4 dist_wp=13.46 bearing_deg=-60.21 speed=1.167 pos=(64.568,0.002,-82.772) bounded=true
tick=4950 phase=following reason=path_ready wp=4 dist_wp=11.75 bearing_deg=-49.70 speed=1.047 pos=(63.762,0.003,-85.621) bounded=true
tick=4980 phase=following reason=path_ready wp=4 dist_wp=9.84 bearing_deg=-37.79 speed=0.927 pos=(64.026,0.003,-88.243) bounded=true
tick=5010 phase=following reason=path_ready wp=4 dist_wp=7.83 bearing_deg=-23.90 speed=0.827 pos=(65.094,0.002,-90.310) bounded=true
tick=5040 phase=following reason=path_ready wp=4 dist_wp=5.65 bearing_deg=-13.91 speed=0.989 pos=(66.770,0.005,-91.862) bounded=true
tick=5070 phase=following reason=path_ready wp=4 dist_wp=2.56 bearing_deg=-13.00 speed=1.327 pos=(69.502,0.005,-93.453) bounded=true
tick=5100 phase=following reason=path_ready wp=4 dist_wp=1.09 bearing_deg=-158.99 speed=1.375 pos=(72.958,0.002,-94.519) bounded=true
tick=5130 phase=following reason=path_ready wp=4 dist_wp=4.75 bearing_deg=-162.75 speed=1.442 pos=(76.743,0.002,-94.274) bounded=true
tick=5160 phase=following reason=path_ready wp=4 dist_wp=8.31 bearing_deg=-153.90 speed=1.386 pos=(80.200,0.002,-92.667) bounded=true
tick=5190 phase=following reason=path_ready wp=4 dist_wp=11.33 bearing_deg=-143.30 speed=1.259 pos=(82.644,0.003,-90.116) bounded=true
tick=5220 phase=following reason=path_ready wp=4 dist_wp=13.69 bearing_deg=-131.75 speed=1.135 pos=(83.860,0.003,-87.158) bounded=true
tick=5250 phase=following reason=path_ready wp=4 dist_wp=15.36 bearing_deg=-119.44 speed=1.013 pos=(83.903,0.003,-84.291) bounded=true
tick=5280 phase=following reason=path_ready wp=4 dist_wp=16.35 bearing_deg=-106.35 speed=0.893 pos=(83.004,0.003,-81.910) bounded=true
tick=5310 phase=following reason=path_ready wp=4 dist_wp=16.71 bearing_deg=-92.33 speed=0.775 pos=(81.506,0.003,-80.262) bounded=true
tick=5340 phase=following reason=path_ready wp=4 dist_wp=16.53 bearing_deg=-77.21 speed=0.659 pos=(79.789,0.003,-79.420) bounded=true
tick=5370 phase=following reason=path_ready wp=4 dist_wp=15.93 bearing_deg=-60.94 speed=0.600 pos=(78.136,0.002,-79.297) bounded=true
tick=5400 phase=following reason=path_ready wp=4 dist_wp=14.96 bearing_deg=-43.84 speed=0.596 pos=(76.625,0.001,-79.777) bounded=true
tick=5430 phase=following reason=path_ready wp=4 dist_wp=13.59 bearing_deg=-25.86 speed=0.647 pos=(75.347,0.002,-80.832) bounded=true
tick=5460 phase=following reason=path_ready wp=4 dist_wp=11.56 bearing_deg=-12.71 speed=1.101 pos=(74.281,0.009,-82.669) bounded=true
tick=5490 phase=following reason=path_ready wp=4 dist_wp=7.63 bearing_deg=-8.13 speed=1.807 pos=(72.984,0.010,-86.436) bounded=true
tick=5520 phase=following reason=path_ready wp=4 dist_wp=2.14 bearing_deg=-12.43 speed=2.237 pos=(71.844,0.006,-91.867) bounded=true
tick=5550 phase=following reason=path_ready wp=4 dist_wp=2.33 bearing_deg=-165.64 speed=1.500 pos=(71.875,0.005,-96.323) bounded=true
tick=5580 phase=following reason=path_ready wp=4 dist_wp=6.20 bearing_deg=-160.42 speed=1.500 pos=(73.399,0.001,-100.036) bounded=true
tick=5610 phase=following reason=path_ready wp=4 dist_wp=9.86 bearing_deg=-151.03 speed=1.500 pos=(76.171,0.001,-102.939) bounded=true
tick=5640 phase=following reason=path_ready wp=4 dist_wp=13.17 bearing_deg=-140.89 speed=1.463 pos=(79.783,0.002,-104.626) bounded=true
tick=5670 phase=following reason=path_ready wp=4 dist_wp=15.83 bearing_deg=-129.91 speed=1.334 pos=(83.511,0.003,-104.872) bounded=true
tick=5700 phase=following reason=path_ready wp=4 dist_wp=17.73 bearing_deg=-118.10 speed=1.208 pos=(86.746,0.003,-103.844) bounded=true
tick=5730 phase=following reason=path_ready wp=4 dist_wp=18.86 bearing_deg=-105.52 speed=1.085 pos=(89.123,0.003,-101.913) bounded=true
tick=5760 phase=following reason=path_ready wp=4 dist_wp=19.28 bearing_deg=-92.09 speed=0.964 pos=(90.465,0.003,-99.531) bounded=true
tick=5790 phase=following reason=path_ready wp=4 dist_wp=19.06 bearing_deg=-77.68 speed=0.845 pos=(90.795,0.003,-97.140) bounded=true
tick=5820 phase=following reason=path_ready wp=4 dist_wp=18.33 bearing_deg=-62.06 speed=0.727 pos=(90.296,0.003,-95.102) bounded=true
tick=5850 phase=following reason=path_ready wp=4 dist_wp=17.27 bearing_deg=-44.97 speed=0.611 pos=(89.262,0.003,-93.647) bounded=true
tick=5880 phase=following reason=path_ready wp=4 dist_wp=16.06 bearing_deg=-26.17 speed=0.496 pos=(88.023,0.002,-92.844) bounded=true
tick=5910 phase=following reason=path_ready wp=4 dist_wp=14.62 bearing_deg=-11.95 speed=0.823 pos=(86.545,0.008,-92.528) bounded=true
tick=5940 phase=following reason=path_ready wp=4 dist_wp=11.52 bearing_deg=-6.35 speed=1.463 pos=(83.415,0.010,-92.446) bounded=true
tick=5970 phase=following reason=path_ready wp=4 dist_wp=6.89 bearing_deg=-4.49 speed=1.941 pos=(78.782,0.007,-92.764) bounded=true
tick=6000 phase=following reason=path_ready wp=4 dist_wp=1.27 bearing_deg=-10.45 speed=1.986 pos=(73.184,0.001,-93.548) bounded=true
tick=6030 phase=following reason=path_ready wp=4 dist_wp=2.90 bearing_deg=-168.91 speed=1.500 pos=(69.259,0.003,-94.950) bounded=true
tick=6060 phase=following reason=path_ready wp=4 dist_wp=6.79 bearing_deg=-160.42 speed=1.495 pos=(66.240,0.001,-97.594) bounded=true
tick=6090 phase=following reason=path_ready wp=4 dist_wp=10.32 bearing_deg=-150.05 speed=1.403 pos=(64.447,0.002,-101.035) bounded=true
tick=6120 phase=following reason=path_ready wp=4 dist_wp=13.24 bearing_deg=-138.81 speed=1.275 pos=(64.061,0.003,-104.590) bounded=true
tick=6150 phase=following reason=path_ready wp=4 dist_wp=15.44 bearing_deg=-126.87 speed=1.158 pos=(64.914,0.003,-107.717) bounded=true
tick=6180 phase=following reason=path_ready wp=4 dist_wp=16.96 bearing_deg=-114.49 speed=1.090 pos=(66.705,0.002,-110.112) bounded=true
tick=6210 phase=following reason=path_ready wp=4 dist_wp=17.87 bearing_deg=-102.24 speed=1.133 pos=(69.227,0.002,-111.657) bounded=true
tick=6240 phase=following reason=path_ready wp=4 dist_wp=18.20 bearing_deg=-90.74 speed=1.225 pos=(72.339,0.002,-112.200) bounded=true
tick=6270 phase=following reason=path_ready wp=4 dist_wp=17.90 bearing_deg=-80.05 speed=1.311 pos=(75.670,0.002,-111.520) bounded=true
tick=6300 phase=following reason=path_ready wp=4 dist_wp=16.96 bearing_deg=-69.83 speed=1.302 pos=(78.635,0.001,-109.606) bounded=true
tick=6330 phase=following reason=path_ready wp=4 dist_wp=15.49 bearing_deg=-59.05 speed=1.196 pos=(80.599,0.002,-106.890) bounded=true
tick=6360 phase=following reason=path_ready wp=4 dist_wp=13.66 bearing_deg=-47.05 speed=1.073 pos=(81.354,0.003,-103.955) bounded=true
tick=6390 phase=following reason=path_ready wp=4 dist_wp=11.59 bearing_deg=-33.40 speed=0.952 pos=(81.020,0.003,-101.271) bounded=true
tick=6420 phase=following reason=path_ready wp=4 dist_wp=9.43 bearing_deg=-18.61 speed=0.834 pos=(79.884,0.003,-99.174) bounded=true
tick=6450 phase=following reason=path_ready wp=4 dist_wp=6.72 bearing_deg=-10.97 speed=1.249 pos=(77.898,0.007,-97.219) bounded=true
tick=6480 phase=following reason=path_ready wp=4 dist_wp=2.87 bearing_deg=-10.89 speed=1.619 pos=(74.693,0.006,-94.983) bounded=true
tick=6510 phase=following reason=path_ready wp=4 dist_wp=1.22 bearing_deg=-161.84 speed=1.484 pos=(70.963,0.002,-93.350) bounded=true
tick=6540 phase=following reason=path_ready wp=4 dist_wp=5.11 bearing_deg=-162.98 speed=1.499 pos=(66.957,0.001,-93.150) bounded=true
tick=6570 phase=following reason=path_ready wp=4 dist_wp=8.80 bearing_deg=-153.76 speed=1.428 pos=(63.214,0.002,-94.394) bounded=true
tick=6600 phase=following reason=path_ready wp=4 dist_wp=11.90 bearing_deg=-143.00 speed=1.300 pos=(60.411,0.003,-96.721) bounded=true
tick=6630 phase=following reason=path_ready wp=4 dist_wp=14.33 bearing_deg=-131.38 speed=1.175 pos=(58.815,0.003,-99.614) bounded=true
tick=6660 phase=following reason=path_ready wp=4 dist_wp=16.04 bearing_deg=-119.05 speed=1.052 pos=(58.431,0.003,-102.561) bounded=true
tick=6690 phase=following reason=path_ready wp=4 dist_wp=17.05 bearing_deg=-105.97 speed=0.931 pos=(59.077,0.003,-105.127) bounded=true
tick=6720 phase=following reason=path_ready wp=4 dist_wp=17.41 bearing_deg=-92.00 speed=0.813 pos=(60.435,0.003,-107.018) bounded=true
tick=6750 phase=following reason=path_ready wp=4 dist_wp=17.22 bearing_deg=-76.96 speed=0.696 pos=(62.128,0.003,-108.105) bounded=true
tick=6780 phase=following reason=path_ready wp=4 dist_wp=16.60 bearing_deg=-60.61 speed=0.580 pos=(63.798,0.003,-108.430) bounded=true
tick=6810 phase=following reason=path_ready wp=4 dist_wp=15.72 bearing_deg=-42.75 speed=0.486 pos=(65.180,0.002,-108.169) bounded=true
tick=6840 phase=following reason=path_ready wp=4 dist_wp=14.70 bearing_deg=-23.47 speed=0.438 pos=(66.206,0.001,-107.512) bounded=true
tick=6870 phase=following reason=path_ready wp=4 dist_wp=13.09 bearing_deg=-10.94 speed=0.973 pos=(67.213,0.011,-106.187) bounded=true
tick=6900 phase=following reason=path_ready wp=4 dist_wp=9.45 bearing_deg=-6.38 speed=1.721 pos=(68.944,0.011,-102.937) bounded=true
tick=6930 phase=following reason=path_ready wp=4 dist_wp=4.00 bearing_deg=-6.41 speed=2.275 pos=(71.042,0.008,-97.883) bounded=true
tick=6960 phase=following reason=path_ready wp=4 dist_wp=1.22 bearing_deg=-164.95 speed=1.500 pos=(72.441,0.014,-92.866) bounded=true
tick=6990 phase=following reason=path_ready wp=4 dist_wp=5.14 bearing_deg=-163.71 speed=1.500 pos=(72.103,0.001,-88.866) bounded=true
tick=7020 phase=following reason=path_ready wp=4 dist_wp=8.89 bearing_deg=-154.31 speed=1.500 pos=(70.333,0.001,-85.263) bounded=true
tick=7050 phase=following reason=path_ready wp=4 dist_wp=12.35 bearing_deg=-144.17 speed=1.500 pos=(67.373,0.001,-82.551) bounded=true
tick=7080 phase=following reason=path_ready wp=4 dist_wp=15.34 bearing_deg=-133.69 speed=1.444 pos=(63.672,0.002,-81.116) bounded=true
tick=7110 phase=following reason=path_ready wp=4 dist_wp=17.61 bearing_deg=-122.42 speed=1.316 pos=(59.987,0.003,-81.120) bounded=true
tick=7140 phase=following reason=path_ready wp=4 dist_wp=19.10 bearing_deg=-110.34 speed=1.190 pos=(56.873,0.003,-82.346) bounded=true
tick=7170 phase=following reason=path_ready wp=4 dist_wp=21.07 bearing_deg=-92.29 speed=1.067 pos=(54.561,0.003,-82.169) bounded=true
tick=7200 phase=following reason=path_ready wp=4 dist_wp=22.10 bearing_deg=-72.84 speed=0.946 pos=(53.265,0.003,-82.272) bounded=true
tick=7230 phase=following reason=path_ready wp=4 dist_wp=22.06 bearing_deg=-51.58 speed=0.828 pos=(53.233,0.002,-82.413) bounded=true
tick=7260 phase=following reason=path_ready wp=4 dist_wp=21.49 bearing_deg=-28.18 speed=0.710 pos=(54.063,0.003,-82.160) bounded=true
tick=7290 phase=yielding reason=physical_obstacle wp=4 dist_wp=20.91 bearing_deg=-11.21 speed=0.000 pos=(54.737,0.014,-82.198) bounded=true
tick=7320 phase=following reason=obstacle_cleared wp=4 dist_wp=20.66 bearing_deg=-4.54 speed=0.420 pos=(54.955,0.009,-82.324) bounded=true
tick=7350 phase=following reason=obstacle_cleared wp=4 dist_wp=18.34 bearing_deg=-2.09 speed=1.286 pos=(56.829,0.013,-83.694) bounded=true
tick=7380 phase=following reason=obstacle_cleared wp=4 dist_wp=13.80 bearing_deg=-1.19 speed=2.036 pos=(60.527,0.011,-86.327) bounded=true
tick=7410 phase=following reason=obstacle_cleared wp=4 dist_wp=7.51 bearing_deg=-0.94 speed=2.584 pos=(65.715,0.008,-89.888) bounded=true
tick=7440 phase=following reason=obstacle_cleared wp=4 dist_wp=0.32 bearing_deg=-9.24 speed=2.295 pos=(71.706,0.009,-93.871) bounded=true
tick=7470 phase=following reason=obstacle_cleared wp=4 dist_wp=4.12 bearing_deg=-169.00 speed=1.500 pos=(75.795,0.006,-95.610) bounded=true
tick=7500 phase=following reason=obstacle_cleared wp=4 dist_wp=7.97 bearing_deg=-158.47 speed=1.468 pos=(79.786,0.002,-95.680) bounded=true
tick=7530 phase=following reason=obstacle_cleared wp=4 dist_wp=11.31 bearing_deg=-147.32 speed=1.339 pos=(83.304,0.003,-94.382) bounded=true
tick=7560 phase=following reason=obstacle_cleared wp=4 dist_wp=13.98 bearing_deg=-135.55 speed=1.213 pos=(85.852,0.003,-92.116) bounded=true
tick=7590 phase=following reason=obstacle_cleared wp=4 dist_wp=15.93 bearing_deg=-123.19 speed=1.090 pos=(87.243,0.003,-89.373) bounded=true
tick=7620 phase=following reason=obstacle_cleared wp=4 dist_wp=17.16 bearing_deg=-110.17 speed=0.969 pos=(87.501,0.003,-86.637) bounded=true
tick=7650 phase=following reason=obstacle_cleared wp=4 dist_wp=17.71 bearing_deg=-96.33 speed=0.850 pos=(86.826,0.003,-84.305) bounded=true
tick=7680 phase=following reason=obstacle_cleared wp=4 dist_wp=17.67 bearing_deg=-81.52 speed=0.732 pos=(85.533,0.003,-82.636) bounded=true
tick=7710 phase=following reason=obstacle_cleared wp=4 dist_wp=17.16 bearing_deg=-65.48 speed=0.616 pos=(83.985,0.003,-81.721) bounded=true
tick=7740 phase=following reason=obstacle_cleared wp=4 dist_wp=16.34 bearing_deg=-47.99 speed=0.501 pos=(82.514,0.002,-81.489) bounded=true
tick=7770 phase=following reason=obstacle_cleared wp=4 dist_wp=15.42 bearing_deg=-28.84 speed=0.387 pos=(81.360,0.002,-81.750) bounded=true
tick=7800 phase=following reason=obstacle_cleared wp=4 dist_wp=14.40 bearing_deg=-12.94 speed=0.599 pos=(80.475,0.006,-82.354) bounded=true
tick=7830 phase=following reason=obstacle_cleared wp=4 dist_wp=11.89 bearing_deg=-6.54 speed=1.262 pos=(78.715,0.010,-84.184) bounded=true
tick=7860 phase=following reason=obstacle_cleared wp=4 dist_wp=7.67 bearing_deg=-4.28 speed=1.866 pos=(76.089,0.009,-87.507) bounded=true
tick=7890 phase=following reason=obstacle_cleared wp=4 dist_wp=2.00 bearing_deg=-6.98 speed=2.286 pos=(72.866,0.006,-92.193) bounded=true
tick=7920 phase=following reason=obstacle_cleared wp=4 dist_wp=2.44 bearing_deg=-169.65 speed=1.500 pos=(70.965,0.005,-96.207) bounded=true
tick=7950 phase=following reason=obstacle_cleared wp=4 dist_wp=6.35 bearing_deg=-161.63 speed=1.500 pos=(70.702,0.001,-100.212) bounded=true
tick=7980 phase=following reason=obstacle_cleared wp=4 dist_wp=10.04 bearing_deg=-151.60 speed=1.500 pos=(71.915,0.001,-104.038) bounded=true
tick=8010 phase=following reason=obstacle_cleared wp=4 dist_wp=13.38 bearing_deg=-141.24 speed=1.500 pos=(74.438,0.001,-107.160) bounded=true
tick=8040 phase=following reason=obstacle_cleared wp=4 dist_wp=16.27 bearing_deg=-130.75 speed=1.495 pos=(77.924,0.001,-109.149) bounded=true
tick=8070 phase=following reason=obstacle_cleared wp=4 dist_wp=18.51 bearing_deg=-119.89 speed=1.399 pos=(81.776,0.002,-109.723) bounded=true
tick=8100 phase=following reason=obstacle_cleared wp=4 dist_wp=19.96 bearing_deg=-108.20 speed=1.272 pos=(85.253,0.003,-108.928) bounded=true
tick=8130 phase=following reason=obstacle_cleared wp=4 dist_wp=20.62 bearing_deg=-95.67 speed=1.147 pos=(87.922,0.003,-107.107) bounded=true
tick=8160 phase=following reason=obstacle_cleared wp=4 dist_wp=20.56 bearing_deg=-82.22 speed=1.025 pos=(89.553,0.003,-104.708) bounded=true
tick=8190 phase=following reason=obstacle_cleared wp=4 dist_wp=19.89 bearing_deg=-67.69 speed=0.905 pos=(90.119,0.003,-102.194) bounded=true
tick=8220 phase=following reason=obstacle_cleared wp=4 dist_wp=18.74 bearing_deg=-51.84 speed=0.787 pos=(89.770,0.003,-99.963) bounded=true
tick=8250 phase=following reason=obstacle_cleared wp=4 dist_wp=17.32 bearing_deg=-34.37 speed=0.670 pos=(88.783,0.003,-98.289) bounded=true
tick=8280 phase=following reason=obstacle_cleared wp=4 dist_wp=15.83 bearing_deg=-16.82 speed=0.612 pos=(87.490,0.002,-97.275) bounded=true
tick=8310 phase=following reason=obstacle_cleared wp=4 dist_wp=13.25 bearing_deg=-8.40 speed=1.308 pos=(85.051,0.010,-96.282) bounded=true
tick=8340 phase=following reason=obstacle_cleared wp=4 dist_wp=8.94 bearing_deg=-5.25 speed=1.864 pos=(80.866,0.008,-95.159) bounded=true
tick=8370 phase=following reason=obstacle_cleared wp=4 dist_wp=3.39 bearing_deg=-5.91 speed=2.242 pos=(75.382,0.006,-94.148) bounded=true
tick=8400 phase=following reason=obstacle_cleared wp=4 dist_wp=1.57 bearing_deg=-168.32 speed=1.500 pos=(70.437,0.011,-93.855) bounded=true
tick=8430 phase=following reason=obstacle_cleared wp=4 dist_wp=5.50 bearing_deg=-163.35 speed=1.499 pos=(66.607,0.001,-95.055) bounded=true
tick=8460 phase=following reason=obstacle_cleared wp=4 dist_wp=9.15 bearing_deg=-153.43 speed=1.416 pos=(63.544,0.002,-97.505) bounded=true
tick=8490 phase=following reason=obstacle_cleared wp=4 dist_wp=12.22 bearing_deg=-142.37 speed=1.289 pos=(61.736,0.003,-100.632) bounded=true
tick=8520 phase=following reason=obstacle_cleared wp=4 dist_wp=14.60 bearing_deg=-130.59 speed=1.164 pos=(61.247,0.003,-103.871) bounded=true
tick=8550 phase=following reason=obstacle_cleared wp=4 dist_wp=16.26 bearing_deg=-118.12 speed=1.041 pos=(61.903,0.003,-106.741) bounded=true
tick=8580 phase=following reason=obstacle_cleared wp=4 dist_wp=17.21 bearing_deg=-104.90 speed=0.921 pos=(63.383,0.003,-108.902) bounded=true
tick=8610 phase=following reason=obstacle_cleared wp=4 dist_wp=17.53 bearing_deg=-90.85 speed=0.823 pos=(65.301,0.002,-110.195) bounded=true
tick=8640 phase=following reason=obstacle_cleared wp=4 dist_wp=17.27 bearing_deg=-76.26 speed=0.805 pos=(67.412,0.001,-110.650) bounded=true
tick=8670 phase=following reason=obstacle_cleared wp=4 dist_wp=16.46 bearing_deg=-61.59 speed=0.861 pos=(69.584,0.002,-110.280) bounded=true
tick=8700 phase=following reason=obstacle_cleared wp=4 dist_wp=15.02 bearing_deg=-47.14 speed=0.957 pos=(71.665,0.002,-109.013) bounded=true
tick=8730 phase=following reason=obstacle_cleared wp=4 dist_wp=12.93 bearing_deg=-32.57 speed=1.051 pos=(73.288,0.002,-106.867) bounded=true
tick=8760 phase=following reason=obstacle_cleared wp=4 dist_wp=10.25 bearing_deg=-18.50 speed=1.144 pos=(74.091,0.002,-104.035) bounded=true
tick=8790 phase=following reason=obstacle_cleared wp=4 dist_wp=6.46 bearing_deg=-12.44 speed=1.746 pos=(74.041,0.009,-100.134) bounded=true
tick=8820 phase=following reason=obstacle_cleared wp=4 dist_wp=1.42 bearing_deg=-25.11 speed=1.834 pos=(72.973,0.001,-95.030) bounded=true
tick=8850 phase=following reason=obstacle_cleared wp=4 dist_wp=2.73 bearing_deg=-162.18 speed=1.500 pos=(70.986,0.002,-91.464) bounded=true
tick=8880 phase=following reason=obstacle_cleared wp=4 dist_wp=6.54 bearing_deg=-158.05 speed=1.500 pos=(67.883,0.001,-88.918) bounded=true
tick=8910 phase=following reason=obstacle_cleared wp=4 dist_wp=10.12 bearing_deg=-149.07 speed=1.461 pos=(64.092,0.002,-87.682) bounded=true
tick=8940 phase=following reason=obstacle_cleared wp=4 dist_wp=13.14 bearing_deg=-138.59 speed=1.332 pos=(60.366,0.003,-87.889) bounded=true
tick=8970 phase=following reason=obstacle_cleared wp=4 dist_wp=14.59 bearing_deg=-127.05 speed=1.207 pos=(58.104,0.003,-89.538) bounded=true
tick=9000 phase=following reason=obstacle_cleared wp=4 dist_wp=16.18 bearing_deg=-115.31 speed=1.083 pos=(55.983,0.003,-91.740) bounded=true
tick=9030 phase=following reason=obstacle_cleared wp=4 dist_wp=17.01 bearing_deg=-102.65 speed=0.962 pos=(54.997,0.003,-94.253) bounded=true
tick=9060 phase=following reason=obstacle_cleared wp=4 dist_wp=17.25 bearing_deg=-89.07 speed=0.843 pos=(54.960,0.003,-96.663) bounded=true
tick=9090 phase=following reason=obstacle_cleared wp=4 dist_wp=16.94 bearing_deg=-74.35 speed=0.726 pos=(55.701,0.003,-98.620) bounded=true
tick=9120 phase=following reason=obstacle_cleared wp=4 dist_wp=16.22 bearing_deg=-58.28 speed=0.610 pos=(56.901,0.003,-99.936) bounded=true
tick=9150 phase=following reason=obstacle_cleared wp=4 dist_wp=15.27 bearing_deg=-40.59 speed=0.495 pos=(58.226,0.002,-100.579) bounded=true
tick=9180 phase=following reason=obstacle_cleared wp=4 dist_wp=14.26 bearing_deg=-21.37 speed=0.381 pos=(59.389,0.002,-100.666) bounded=true
tick=9210 phase=following reason=obstacle_cleared wp=4 dist_wp=12.80 bearing_deg=-9.87 speed=0.856 pos=(60.843,0.009,-100.273) bounded=true
tick=9240 phase=following reason=obstacle_cleared wp=4 dist_wp=9.70 bearing_deg=-5.45 speed=1.423 pos=(63.709,0.009,-99.036) bounded=true
tick=9270 phase=following reason=obstacle_cleared wp=4 dist_wp=5.24 bearing_deg=-4.26 speed=1.875 pos=(67.660,0.007,-96.931) bounded=true
tick=9300 phase=following reason=obstacle_cleared wp=4 dist_wp=0.23 bearing_deg=-47.88 speed=1.500 pos=(71.978,0.012,-94.224) bounded=true
tick=9330 phase=following reason=obstacle_cleared wp=4 dist_wp=3.84 bearing_deg=-167.67 speed=1.500 pos=(74.685,0.002,-91.260) bounded=true
tick=9360 phase=following reason=obstacle_cleared wp=4 dist_wp=7.69 bearing_deg=-158.27 speed=1.500 pos=(76.128,0.001,-87.513) bounded=true
tick=9390 phase=following reason=obstacle_cleared wp=4 dist_wp=11.28 bearing_deg=-148.03 speed=1.500 pos=(76.108,0.001,-83.499) bounded=true
tick=9420 phase=following reason=obstacle_cleared wp=4 dist_wp=14.47 bearing_deg=-137.59 speed=1.500 pos=(74.627,0.001,-79.767) bounded=true
tick=9450 phase=following reason=obstacle_cleared wp=4 dist_wp=17.17 bearing_deg=-127.06 speed=1.500 pos=(71.891,0.001,-76.830) bounded=true
tick=9480 phase=following reason=obstacle_cleared wp=4 dist_wp=19.27 bearing_deg=-116.50 speed=1.500 pos=(68.272,0.001,-75.091) bounded=true
tick=9510 phase=following reason=obstacle_cleared wp=4 dist_wp=20.70 bearing_deg=-105.86 speed=1.471 pos=(64.290,0.001,-74.788) bounded=true
tick=9540 phase=following reason=obstacle_cleared wp=4 dist_wp=21.36 bearing_deg=-94.57 speed=1.342 pos=(60.694,0.003,-75.879) bounded=true
tick=9570 phase=following reason=obstacle_cleared wp=4 dist_wp=21.26 bearing_deg=-82.32 speed=1.216 pos=(58.013,0.003,-77.996) bounded=true
tick=9600 phase=following reason=obstacle_cleared wp=4 dist_wp=20.48 bearing_deg=-69.02 speed=1.093 pos=(56.459,0.003,-80.659) bounded=true
tick=9630 phase=following reason=obstacle_cleared wp=4 dist_wp=19.64 bearing_deg=-52.41 speed=0.971 pos=(56.055,0.003,-82.539) bounded=true
tick=9660 phase=following reason=obstacle_cleared wp=4 dist_wp=19.15 bearing_deg=-29.56 speed=0.852 pos=(56.700,0.003,-82.490) bounded=true
tick=9690 phase=following reason=obstacle_cleared wp=4 dist_wp=17.04 bearing_deg=-14.15 speed=1.007 pos=(57.948,0.005,-84.354) bounded=true
tick=9720 phase=following reason=obstacle_cleared wp=4 dist_wp=13.37 bearing_deg=-7.59 speed=1.723 pos=(60.672,0.011,-86.905) bounded=true
tick=9750 phase=following reason=obstacle_cleared wp=4 dist_wp=7.96 bearing_deg=-5.42 speed=2.262 pos=(65.030,0.008,-90.146) bounded=true
tick=9780 phase=following reason=obstacle_cleared wp=4 dist_wp=1.45 bearing_deg=-12.85 speed=2.337 pos=(70.607,0.001,-93.602) bounded=true
tick=9810 phase=following reason=obstacle_cleared wp=4 dist_wp=3.05 bearing_deg=-167.21 speed=1.500 pos=(74.840,0.006,-95.111) bounded=true
tick=9840 phase=following reason=obstacle_cleared wp=4 dist_wp=6.91 bearing_deg=-159.40 speed=1.484 pos=(78.842,0.001,-94.940) bounded=true
tick=9870 phase=following reason=obstacle_cleared wp=4 dist_wp=10.36 bearing_deg=-149.14 speed=1.368 pos=(82.344,0.003,-93.405) bounded=true
tick=9900 phase=following reason=obstacle_cleared wp=4 dist_wp=13.17 bearing_deg=-137.86 speed=1.241 pos=(84.806,0.003,-90.939) bounded=true
tick=9930 phase=following reason=obstacle_cleared wp=4 dist_wp=15.27 bearing_deg=-125.86 speed=1.117 pos=(86.062,0.003,-88.051) bounded=true
tick=9960 phase=following reason=obstacle_cleared wp=4 dist_wp=16.66 bearing_deg=-113.15 speed=0.995 pos=(86.161,0.003,-85.232) bounded=true
tick=9990 phase=following reason=obstacle_cleared wp=4 dist_wp=17.36 bearing_deg=-99.65 speed=0.876 pos=(85.326,0.003,-82.878) bounded=true
tick=10020 phase=following reason=obstacle_cleared wp=4 dist_wp=17.45 bearing_deg=-85.18 speed=0.758 pos=(83.892,0.003,-81.235) bounded=true
tick=10050 phase=following reason=obstacle_cleared wp=4 dist_wp=17.04 bearing_deg=-69.54 speed=0.642 pos=(82.232,0.003,-80.380) bounded=true
tick=10080 phase=following reason=obstacle_cleared wp=4 dist_wp=16.28 bearing_deg=-52.48 speed=0.527 pos=(80.681,0.003,-80.228) bounded=true
tick=10110 phase=following reason=obstacle_cleared wp=4 dist_wp=15.37 bearing_deg=-33.79 speed=0.417 pos=(79.479,0.002,-80.575) bounded=true
tick=10140 phase=following reason=obstacle_cleared wp=4 dist_wp=14.41 bearing_deg=-15.85 speed=0.454 pos=(78.655,0.002,-81.214) bounded=true
tick=10170 phase=following reason=obstacle_cleared wp=4 dist_wp=12.24 bearing_deg=-7.77 speed=1.157 pos=(77.327,0.010,-82.975) bounded=true
tick=10200 phase=following reason=obstacle_cleared wp=4 dist_wp=8.15 bearing_deg=-4.92 speed=1.853 pos=(75.239,0.010,-86.525) bounded=true
tick=10230 phase=following reason=obstacle_cleared wp=4 dist_wp=2.45 bearing_deg=-6.98 speed=2.316 pos=(72.720,0.007,-91.658) bounded=true
tick=10260 phase=following reason=obstacle_cleared wp=4 dist_wp=2.19 bearing_deg=-169.05 speed=1.500 pos=(71.329,0.007,-96.086) bounded=true
tick=10290 phase=following reason=obstacle_cleared wp=4 dist_wp=6.10 bearing_deg=-161.96 speed=1.500 pos=(71.620,0.001,-100.089) bounded=true
tick=10320 phase=following reason=obstacle_cleared wp=4 dist_wp=9.81 bearing_deg=-152.08 speed=1.500 pos=(73.348,0.001,-103.712) bounded=true
tick=10350 phase=following reason=obstacle_cleared wp=4 dist_wp=13.17 bearing_deg=-141.78 speed=1.500 pos=(76.276,0.001,-106.457) bounded=true
tick=10380 phase=following reason=obstacle_cleared wp=4 dist_wp=16.06 bearing_deg=-131.25 speed=1.458 pos=(79.974,0.002,-107.940) bounded=true
tick=10410 phase=following reason=obstacle_cleared wp=4 dist_wp=18.23 bearing_deg=-120.01 speed=1.330 pos=(83.698,0.003,-107.979) bounded=true
tick=10440 phase=following reason=obstacle_cleared wp=4 dist_wp=19.60 bearing_deg=-107.95 speed=1.204 pos=(86.861,0.003,-106.776) bounded=true
tick=10470 phase=following reason=obstacle_cleared wp=4 dist_wp=20.20 bearing_deg=-95.07 speed=1.081 pos=(89.118,0.003,-104.724) bounded=true
tick=10500 phase=following reason=obstacle_cleared wp=4 dist_wp=20.11 bearing_deg=-81.26 speed=0.960 pos=(90.321,0.003,-102.280) bounded=true
tick=10530 phase=following reason=obstacle_cleared wp=4 dist_wp=19.43 bearing_deg=-66.34 speed=0.841 pos=(90.516,0.003,-99.885) bounded=true
tick=10560 phase=following reason=obstacle_cleared wp=4 dist_wp=18.33 bearing_deg=-50.06 speed=0.723 pos=(89.908,0.003,-97.889) bounded=true
tick=10590 phase=following reason=obstacle_cleared wp=4 dist_wp=16.99 bearing_deg=-32.13 speed=0.607 pos=(88.801,0.003,-96.501) bounded=true
tick=10620 phase=following reason=obstacle_cleared wp=4 dist_wp=15.58 bearing_deg=-15.21 speed=0.663 pos=(87.485,0.002,-95.739) bounded=true
tick=10650 phase=following reason=obstacle_cleared wp=4 dist_wp=12.87 bearing_deg=-7.69 speed=1.347 pos=(84.832,0.010,-94.996) bounded=true
tick=10680 phase=following reason=obstacle_cleared wp=4 dist_wp=8.48 bearing_deg=-4.93 speed=1.885 pos=(80.472,0.008,-94.297) bounded=true
tick=10710 phase=following reason=obstacle_cleared wp=4 dist_wp=2.88 bearing_deg=-6.19 speed=2.251 pos=(74.875,0.006,-93.829) bounded=true
tick=10740 phase=following reason=obstacle_cleared wp=4 dist_wp=1.84 bearing_deg=-169.14 speed=1.500 pos=(70.164,0.008,-94.072) bounded=true
tick=10770 phase=following reason=obstacle_cleared wp=4 dist_wp=5.76 bearing_deg=-162.85 speed=1.500 pos=(66.501,0.001,-95.711) bounded=true
tick=10800 phase=following reason=obstacle_cleared wp=4 dist_wp=9.40 bearing_deg=-152.80 speed=1.414 pos=(63.749,0.002,-98.498) bounded=true
tick=10830 phase=following reason=obstacle_cleared wp=4 dist_wp=12.44 bearing_deg=-141.69 speed=1.286 pos=(62.322,0.003,-101.809) bounded=true
tick=10860 phase=following reason=obstacle_cleared wp=4 dist_wp=14.78 bearing_deg=-129.86 speed=1.161 pos=(62.215,0.003,-105.075) bounded=true
tick=10890 phase=following reason=obstacle_cleared wp=4 dist_wp=16.40 bearing_deg=-117.35 speed=1.039 pos=(63.200,0.003,-107.842) bounded=true
tick=10920 phase=following reason=obstacle_cleared wp=4 dist_wp=17.32 bearing_deg=-104.11 speed=0.930 pos=(64.922,0.002,-109.813) bounded=true
tick=10950 phase=following reason=obstacle_cleared wp=4 dist_wp=17.62 bearing_deg=-90.35 speed=0.891 pos=(67.067,0.001,-110.912) bounded=true
tick=10980 phase=following reason=obstacle_cleared wp=4 dist_wp=17.32 bearing_deg=-76.63 speed=0.937 pos=(69.476,0.002,-111.138) bounded=true
tick=11010 phase=following reason=obstacle_cleared wp=4 dist_wp=16.40 bearing_deg=-63.46 speed=1.032 pos=(72.008,0.002,-110.397) bounded=true
tick=11040 phase=following reason=obstacle_cleared wp=4 dist_wp=14.80 bearing_deg=-50.80 speed=1.125 pos=(74.290,0.002,-108.623) bounded=true
tick=11070 phase=following reason=obstacle_cleared wp=4 dist_wp=12.55 bearing_deg=-38.46 speed=1.206 pos=(75.887,0.002,-105.928) bounded=true
tick=11100 phase=following reason=obstacle_cleared wp=4 dist_wp=9.74 bearing_deg=-25.90 speed=1.242 pos=(76.416,0.001,-102.683) bounded=true
tick=11130 phase=following reason=obstacle_cleared wp=4 dist_wp=6.53 bearing_deg=-16.50 speed=1.392 pos=(75.765,0.004,-99.330) bounded=true
tick=11160 phase=following reason=obstacle_cleared wp=4 dist_wp=2.37 bearing_deg=-19.67 speed=1.582 pos=(73.876,0.003,-95.453) bounded=true
tick=11190 phase=following reason=obstacle_cleared wp=4 dist_wp=1.72 bearing_deg=-156.91 speed=1.500 pos=(71.136,0.001,-92.516) bounded=true
tick=11220 phase=following reason=obstacle_cleared wp=4 dist_wp=5.52 bearing_deg=-159.63 speed=1.500 pos=(67.517,0.001,-90.777) bounded=true
tick=11250 phase=following reason=obstacle_cleared wp=4 dist_wp=9.15 bearing_deg=-151.32 speed=1.446 pos=(63.557,0.002,-90.474) bounded=true
tick=11280 phase=following reason=obstacle_cleared wp=4 dist_wp=12.22 bearing_deg=-141.01 speed=1.318 pos=(60.024,0.003,-91.547) bounded=true
tick=11310 phase=following reason=obstacle_cleared wp=4 dist_wp=14.61 bearing_deg=-129.67 speed=1.193 pos=(57.393,0.003,-93.625) bounded=true
tick=11340 phase=following reason=obstacle_cleared wp=4 dist_wp=16.28 bearing_deg=-117.52 speed=1.070 pos=(55.872,0.003,-96.235) bounded=true
tick=11370 phase=following reason=obstacle_cleared wp=4 dist_wp=17.25 bearing_deg=-104.57 speed=0.949 pos=(55.464,0.003,-98.898) bounded=true
tick=11400 phase=following reason=obstacle_cleared wp=4 dist_wp=17.56 bearing_deg=-90.71 speed=0.830 pos=(55.992,0.003,-101.212) bounded=true
tick=11430 phase=following reason=obstacle_cleared wp=4 dist_wp=17.31 bearing_deg=-75.76 speed=0.713 pos=(57.157,0.003,-102.908) bounded=true
tick=11460 phase=following reason=obstacle_cleared wp=4 dist_wp=16.64 bearing_deg=-59.49 speed=0.597 pos=(58.606,0.003,-103.882) bounded=true
tick=11490 phase=following reason=obstacle_cleared wp=4 dist_wp=15.73 bearing_deg=-41.66 speed=0.482 pos=(60.012,0.002,-104.185) bounded=true
tick=11520 phase=following reason=obstacle_cleared wp=4 dist_wp=14.77 bearing_deg=-22.24 speed=0.369 pos=(61.130,0.002,-103.999) bounded=true
tick=11550 phase=following reason=obstacle_cleared wp=4 dist_wp=13.38 bearing_deg=-10.17 speed=0.833 pos=(62.379,0.009,-103.296) bounded=true
tick=11580 phase=following reason=obstacle_cleared wp=4 dist_wp=10.31 bearing_deg=-5.52 speed=1.430 pos=(64.821,0.009,-101.400) bounded=true
tick=11610 phase=following reason=obstacle_cleared wp=4 dist_wp=5.75 bearing_deg=-4.19 speed=1.946 pos=(68.190,0.008,-98.302) bounded=true
tick=11640 phase=following reason=obstacle_cleared wp=4 dist_wp=0.40 bearing_deg=-26.42 speed=1.580 pos=(71.907,0.011,-94.391) bounded=true
tick=11670 phase=following reason=obstacle_cleared wp=4 dist_wp=3.63 bearing_deg=-168.00 speed=1.500 pos=(73.843,0.002,-90.872) bounded=true
tick=11700 phase=following reason=obstacle_cleared wp=4 dist_wp=7.49 bearing_deg=-158.75 speed=1.500 pos=(74.364,0.001,-86.891) bounded=true
tick=11730 phase=following reason=obstacle_cleared wp=4 dist_wp=11.09 bearing_deg=-148.55 speed=1.500 pos=(73.401,0.001,-82.994) bounded=true
tick=11760 phase=following reason=obstacle_cleared wp=4 dist_wp=14.31 bearing_deg=-138.11 speed=1.500 pos=(71.086,0.001,-79.715) bounded=true
tick=11790 phase=following reason=obstacle_cleared wp=4 dist_wp=17.04 bearing_deg=-127.60 speed=1.500 pos=(67.735,0.001,-77.503) bounded=true
tick=11820 phase=following reason=obstacle_cleared wp=4 dist_wp=19.16 bearing_deg=-116.95 speed=1.455 pos=(63.843,0.002,-76.667) bounded=true
tick=11850 phase=following reason=obstacle_cleared wp=4 dist_wp=20.50 bearing_deg=-105.59 speed=1.327 pos=(60.175,0.003,-77.256) bounded=true
tick=11880 phase=following reason=obstacle_cleared wp=4 dist_wp=21.05 bearing_deg=-93.34 speed=1.201 pos=(57.267,0.003,-78.972) bounded=true
tick=11910 phase=following reason=obstacle_cleared wp=4 dist_wp=20.86 bearing_deg=-80.14 speed=1.078 pos=(55.394,0.003,-81.369) bounded=true
tick=11940 phase=following reason=obstacle_cleared wp=4 dist_wp=20.73 bearing_deg=-61.93 speed=0.957 pos=(54.798,0.003,-82.433) bounded=true
tick=11970 phase=following reason=obstacle_cleared wp=4 dist_wp=20.74 bearing_deg=-39.76 speed=0.838 pos=(54.903,0.003,-82.259) bounded=true
