tick=0 phase=following reason=path_ready wp=1 dist_wp=13.42 bearing_deg=-26.57 speed=0.000 pos=(27.000,0.008,130.000) bounded=true
tick=30 phase=following reason=path_ready wp=1 dist_wp=13.33 bearing_deg=-13.27 speed=0.185 pos=(27.019,0.005,129.912) bounded=true
tick=60 phase=following reason=path_ready wp=1 dist_wp=12.40 bearing_deg=-6.97 speed=0.634 pos=(27.308,0.009,129.020) bounded=true
tick=90 phase=following reason=path_ready wp=1 dist_wp=10.52 bearing_deg=-4.07 speed=1.035 pos=(28.035,0.009,127.275) bounded=true
tick=120 phase=following reason=path_ready wp=1 dist_wp=7.83 bearing_deg=-2.73 speed=1.351 pos=(29.191,0.007,124.841) bounded=true
tick=150 phase=following reason=path_ready wp=1 dist_wp=4.57 bearing_deg=-2.35 speed=1.539 pos=(30.688,0.004,121.940) bounded=true
tick=180 phase=following reason=path_ready wp=1 dist_wp=1.15 bearing_deg=-4.72 speed=1.297 pos=(32.344,0.005,118.945) bounded=true
tick=210 phase=following reason=path_ready wp=2 dist_wp=19.66 bearing_deg=-45.12 speed=0.000 pos=(32.868,0.023,118.085) bounded=true
tick=240 phase=following reason=path_ready wp=2 dist_wp=19.66 bearing_deg=-27.12 speed=0.000 pos=(32.868,0.002,118.085) bounded=true
tick=270 phase=following reason=path_ready wp=2 dist_wp=19.57 bearing_deg=-13.22 speed=0.200 pos=(32.960,0.005,118.055) bounded=true
tick=300 phase=following reason=path_ready wp=2 dist_wp=18.56 bearing_deg=-6.82 speed=0.698 pos=(33.960,0.010,117.847) bounded=true
tick=330 phase=following reason=path_ready wp=2 dist_wp=16.44 bearing_deg=-3.82 speed=1.190 pos=(36.071,0.010,117.579) bounded=true
tick=360 phase=following reason=path_ready wp=2 dist_wp=13.23 bearing_deg=-2.39 speed=1.669 pos=(39.279,0.010,117.320) bounded=true
tick=390 phase=following reason=path_ready wp=2 dist_wp=9.04 bearing_deg=-1.79 speed=2.046 pos=(43.463,0.008,117.100) bounded=true
tick=420 phase=following reason=path_ready wp=2 dist_wp=4.20 bearing_deg=-1.97 speed=2.222 pos=(48.297,0.004,116.947) bounded=true
tick=450 phase=following reason=path_ready wp=2 dist_wp=0.08 bearing_deg=-91.45 speed=1.185 pos=(52.506,0.024,116.926) bounded=true
tick=480 phase=following reason=path_ready wp=3 dist_wp=18.27 bearing_deg=10.37 speed=0.540 pos=(53.759,0.009,117.085) bounded=true
tick=510 phase=following reason=path_ready wp=3 dist_wp=16.51 bearing_deg=5.67 speed=1.034 pos=(55.532,0.010,117.196) bounded=true
tick=540 phase=following reason=path_ready wp=3 dist_wp=13.65 bearing_deg=3.44 speed=1.518 pos=(58.404,0.010,117.181) bounded=true
tick=570 phase=following reason=path_ready wp=3 dist_wp=9.78 bearing_deg=2.44 speed=1.914 pos=(62.272,0.008,117.004) bounded=true
tick=600 phase=following reason=path_ready wp=3 dist_wp=5.19 bearing_deg=2.35 speed=2.172 pos=(66.857,0.006,116.662) bounded=true
tick=630 phase=following reason=path_ready wp=3 dist_wp=0.53 bearing_deg=11.92 speed=1.601 pos=(71.500,0.014,116.177) bounded=true
tick=660 phase=following reason=path_ready wp=4 dist_wp=21.85 bearing_deg=68.44 speed=0.000 pos=(73.088,0.031,115.821) bounded=true
tick=690 phase=following reason=path_ready wp=4 dist_wp=21.85 bearing_deg=50.44 speed=0.000 pos=(73.088,0.003,115.821) bounded=true
tick=720 phase=following reason=path_ready wp=4 dist_wp=21.85 bearing_deg=32.44 speed=0.000 pos=(73.088,0.001,115.821) bounded=true
tick=750 phase=following reason=path_ready wp=4 dist_wp=21.83 bearing_deg=16.32 speed=0.084 pos=(73.091,0.002,115.806) bounded=true
tick=780 phase=following reason=path_ready wp=4 dist_wp=20.94 bearing_deg=8.31 speed=0.711 pos=(73.211,0.012,114.903) bounded=true
tick=810 phase=following reason=path_ready wp=4 dist_wp=18.64 bearing_deg=4.65 speed=1.357 pos=(73.303,0.013,112.591) bounded=true
tick=840 phase=following reason=path_ready wp=4 dist_wp=14.81 bearing_deg=2.97 speed=2.051 pos=(73.247,0.014,108.756) bounded=true
tick=870 phase=following reason=path_ready wp=4 dist_wp=9.75 bearing_deg=2.32 speed=2.452 pos=(72.999,0.008,103.697) bounded=true
tick=900 phase=following reason=path_ready wp=4 dist_wp=3.76 bearing_deg=3.14 speed=2.857 pos=(72.541,0.008,97.718) bounded=true
tick=930 phase=following reason=path_ready wp=4 dist_wp=1.50 bearing_deg=171.74 speed=1.601 pos=(71.833,0.027,92.507) bounded=true
tick=960 phase=following reason=path_ready wp=4 dist_wp=3.22 bearing_deg=162.00 speed=0.024 pos=(71.223,0.032,90.876) bounded=true
tick=990 phase=following reason=path_ready wp=4 dist_wp=3.22 bearing_deg=144.04 speed=0.000 pos=(71.223,0.004,90.876) bounded=true
tick=1020 phase=following reason=path_ready wp=4 dist_wp=3.22 bearing_deg=126.04 speed=0.000 pos=(71.223,0.001,90.876) bounded=true
tick=1050 phase=following reason=path_ready wp=4 dist_wp=3.22 bearing_deg=108.04 speed=0.000 pos=(71.223,0.001,90.876) bounded=true
tick=1080 phase=following reason=path_ready wp=4 dist_wp=3.22 bearing_deg=90.04 speed=0.000 pos=(71.223,0.001,90.876) bounded=true
tick=1110 phase=following reason=path_ready wp=4 dist_wp=3.22 bearing_deg=72.04 speed=0.000 pos=(71.223,0.001,90.876) bounded=true
tick=1140 phase=following reason=path_ready wp=4 dist_wp=3.22 bearing_deg=54.04 speed=0.000 pos=(71.223,0.001,90.876) bounded=true
tick=1170 phase=following reason=path_ready wp=4 dist_wp=3.22 bearing_deg=36.04 speed=0.000 pos=(71.223,0.001,90.876) bounded=true
tick=1200 phase=following reason=path_ready wp=4 dist_wp=3.22 bearing_deg=18.86 speed=0.000 pos=(71.223,0.001,90.876) bounded=true
tick=1230 phase=following reason=path_ready wp=4 dist_wp=2.99 bearing_deg=9.84 speed=0.215 pos=(71.233,0.005,91.109) bounded=true
tick=1260 phase=following reason=path_ready wp=4 dist_wp=2.29 bearing_deg=6.28 speed=0.405 pos=(71.337,0.005,91.812) bounded=true
tick=1290 phase=following reason=path_ready wp=4 dist_wp=1.26 bearing_deg=5.57 speed=0.438 pos=(71.564,0.002,92.816) bounded=true
tick=1320 phase=following reason=path_ready wp=5 dist_wp=20.94 bearing_deg=147.24 speed=0.000 pos=(71.597,0.005,92.933) bounded=true
tick=1350 phase=following reason=path_ready wp=5 dist_wp=20.94 bearing_deg=129.24 speed=0.000 pos=(71.597,0.001,92.933) bounded=true
tick=1380 phase=following reason=path_ready wp=5 dist_wp=20.94 bearing_deg=111.24 speed=0.000 pos=(71.597,0.000,92.933) bounded=true
tick=1410 phase=following reason=path_ready wp=5 dist_wp=20.94 bearing_deg=93.24 speed=0.000 pos=(71.597,0.000,92.933) bounded=true
tick=1440 phase=following reason=path_ready wp=5 dist_wp=20.94 bearing_deg=75.24 speed=0.000 pos=(71.597,0.000,92.933) bounded=true
tick=1470 phase=following reason=path_ready wp=5 dist_wp=20.94 bearing_deg=57.24 speed=0.000 pos=(71.597,0.000,92.933) bounded=true
tick=1500 phase=following reason=path_ready wp=5 dist_wp=20.94 bearing_deg=39.24 speed=0.000 pos=(71.597,0.000,92.933) bounded=true
tick=1530 phase=following reason=path_ready wp=5 dist_wp=20.94 bearing_deg=21.47 speed=0.000 pos=(71.597,0.000,92.933) bounded=true
tick=1560 phase=following reason=path_ready wp=5 dist_wp=20.50 bearing_deg=10.64 speed=0.523 pos=(71.702,0.012,92.497) bounded=true
tick=1590 phase=following reason=path_ready wp=5 dist_wp=18.53 bearing_deg=5.83 speed=1.230 pos=(71.976,0.014,90.530) bounded=true
tick=1620 phase=following reason=path_ready wp=5 dist_wp=14.99 bearing_deg=3.65 speed=1.926 pos=(72.227,0.014,86.985) bounded=true
tick=1650 phase=following reason=path_ready wp=5 dist_wp=10.12 bearing_deg=2.77 speed=2.341 pos=(72.365,0.007,82.110) bounded=true
tick=1680 phase=following reason=path_ready wp=5 dist_wp=4.35 bearing_deg=3.36 speed=2.767 pos=(72.340,0.009,76.341) bounded=true
tick=1710 phase=following reason=path_ready wp=5 dist_wp=1.03 bearing_deg=169.20 speed=1.700 pos=(72.024,0.024,70.967) bounded=true
tick=1740 phase=following reason=path_ready wp=5 dist_wp=2.96 bearing_deg=163.05 speed=0.119 pos=(71.498,0.032,69.083) bounded=true
tick=1770 phase=following reason=path_ready wp=5 dist_wp=2.97 bearing_deg=145.13 speed=0.000 pos=(71.495,0.004,69.078) bounded=true
tick=1800 phase=following reason=path_ready wp=5 dist_wp=2.97 bearing_deg=127.13 speed=0.000 pos=(71.495,0.001,69.078) bounded=true
tick=1830 phase=following reason=path_ready wp=5 dist_wp=2.97 bearing_deg=109.13 speed=0.000 pos=(71.495,0.001,69.078) bounded=true
tick=1860 phase=following reason=path_ready wp=5 dist_wp=2.97 bearing_deg=91.13 speed=0.000 pos=(71.495,0.001,69.078) bounded=true
tick=1890 phase=following reason=path_ready wp=5 dist_wp=2.97 bearing_deg=73.13 speed=0.000 pos=(71.495,0.001,69.078) bounded=true
tick=1920 phase=following reason=path_ready wp=5 dist_wp=2.97 bearing_deg=55.13 speed=0.000 pos=(71.495,0.001,69.078) bounded=true
tick=1950 phase=following reason=path_ready wp=5 dist_wp=2.97 bearing_deg=37.13 speed=0.000 pos=(71.495,0.001,69.078) bounded=true
tick=1980 phase=following reason=path_ready wp=5 dist_wp=2.97 bearing_deg=19.72 speed=0.000 pos=(71.495,0.001,69.078) bounded=true
tick=2010 phase=following reason=path_ready wp=5 dist_wp=2.78 bearing_deg=10.16 speed=0.183 pos=(71.489,0.004,69.263) bounded=true
tick=2040 phase=following reason=path_ready wp=5 dist_wp=2.17 bearing_deg=6.36 speed=0.358 pos=(71.531,0.004,69.882) bounded=true
tick=2070 phase=following reason=path_ready wp=5 dist_wp=1.26 bearing_deg=5.35 speed=0.382 pos=(71.663,0.002,70.785) bounded=true
tick=2100 phase=following reason=path_ready wp=6 dist_wp=20.88 bearing_deg=151.47 speed=0.000 pos=(71.681,0.004,70.874) bounded=true
tick=2130 phase=following reason=path_ready wp=6 dist_wp=20.88 bearing_deg=133.47 speed=0.000 pos=(71.681,0.000,70.874) bounded=true
tick=2160 phase=following reason=path_ready wp=6 dist_wp=20.88 bearing_deg=115.47 speed=0.000 pos=(71.681,0.000,70.874) bounded=true
tick=2190 phase=following reason=path_ready wp=6 dist_wp=20.88 bearing_deg=97.47 speed=0.000 pos=(71.681,0.000,70.874) bounded=true
tick=2220 phase=following reason=path_ready wp=6 dist_wp=20.88 bearing_deg=79.47 speed=0.000 pos=(71.681,0.000,70.874) bounded=true
tick=2250 phase=following reason=path_ready wp=6 dist_wp=20.88 bearing_deg=61.47 speed=0.000 pos=(71.681,0.000,70.874) bounded=true
tick=2280 phase=following reason=path_ready wp=6 dist_wp=20.88 bearing_deg=43.47 speed=0.000 pos=(71.681,0.000,70.874) bounded=true
tick=2310 phase=following reason=path_ready wp=6 dist_wp=20.88 bearing_deg=25.47 speed=0.000 pos=(71.681,0.000,70.874) bounded=true
tick=2340 phase=following reason=path_ready wp=6 dist_wp=20.67 bearing_deg=12.45 speed=0.357 pos=(71.735,0.009,70.669) bounded=true
tick=2370 phase=following reason=path_ready wp=6 dist_wp=19.07 bearing_deg=6.66 speed=1.066 pos=(71.987,0.014,69.071) bounded=true
tick=2400 phase=following reason=path_ready wp=6 dist_wp=15.89 bearing_deg=4.02 speed=1.765 pos=(72.240,0.014,65.891) bounded=true
tick=2430 phase=following reason=path_ready wp=6 dist_wp=11.25 bearing_deg=2.91 speed=2.245 pos=(72.392,0.010,61.241) bounded=true
tick=2460 phase=following reason=path_ready wp=6 dist_wp=5.72 bearing_deg=2.97 speed=2.689 pos=(72.386,0.009,55.711) bounded=true
tick=2490 phase=following reason=path_ready wp=6 dist_wp=0.18 bearing_deg=120.09 speed=2.064 pos=(72.148,0.016,49.892) bounded=true
tick=2520 phase=following reason=path_ready wp=6 dist_wp=2.81 bearing_deg=166.27 speed=0.447 pos=(71.548,0.032,47.227) bounded=true
tick=2550 phase=following reason=path_ready wp=6 dist_wp=2.93 bearing_deg=149.02 speed=0.000 pos=(71.496,0.008,47.116) bounded=true
tick=2580 phase=following reason=path_ready wp=6 dist_wp=2.93 bearing_deg=131.02 speed=0.000 pos=(71.496,0.000,47.116) bounded=true
tick=2610 phase=following reason=path_ready wp=6 dist_wp=2.93 bearing_deg=113.02 speed=0.000 pos=(71.496,0.000,47.116) bounded=true
tick=2640 phase=following reason=path_ready wp=6 dist_wp=2.93 bearing_deg=95.02 speed=0.000 pos=(71.496,0.000,47.116) bounded=true
tick=2670 phase=following reason=path_ready wp=6 dist_wp=2.93 bearing_deg=77.02 speed=0.000 pos=(71.496,0.000,47.116) bounded=true
tick=2700 phase=following reason=path_ready wp=6 dist_wp=2.93 bearing_deg=59.02 speed=0.000 pos=(71.496,0.000,47.116) bounded=true
tick=2730 phase=following reason=path_ready wp=6 dist_wp=2.93 bearing_deg=41.02 speed=0.000 pos=(71.496,0.000,47.116) bounded=true
tick=2760 phase=following reason=path_ready wp=6 dist_wp=2.93 bearing_deg=23.08 speed=0.000 pos=(71.496,0.000,47.116) bounded=true
tick=2790 phase=following reason=path_ready wp=6 dist_wp=2.85 bearing_deg=11.45 speed=0.106 pos=(71.492,0.003,47.195) bounded=true
tick=2820 phase=following reason=path_ready wp=6 dist_wp=2.44 bearing_deg=6.50 speed=0.254 pos=(71.512,0.004,47.608) bounded=true
tick=2850 phase=following reason=path_ready wp=6 dist_wp=1.75 bearing_deg=4.42 speed=0.363 pos=(71.600,0.003,48.299) bounded=true
tick=2880 phase=following reason=path_ready wp=7 dist_wp=20.18 bearing_deg=-136.03 speed=0.000 pos=(71.691,0.010,48.836) bounded=true
tick=2910 phase=following reason=path_ready wp=7 dist_wp=20.18 bearing_deg=-118.03 speed=0.000 pos=(71.691,0.001,48.836) bounded=true
tick=2940 phase=following reason=path_ready wp=7 dist_wp=20.18 bearing_deg=-100.03 speed=0.000 pos=(71.691,0.000,48.836) bounded=true
tick=2970 phase=following reason=path_ready wp=7 dist_wp=20.18 bearing_deg=-82.03 speed=0.000 pos=(71.691,0.000,48.836) bounded=true
tick=3000 phase=following reason=path_ready wp=7 dist_wp=20.18 bearing_deg=-64.03 speed=0.000 pos=(71.691,0.000,48.836) bounded=true
tick=3030 phase=following reason=path_ready wp=7 dist_wp=20.18 bearing_deg=-46.03 speed=0.000 pos=(71.691,0.000,48.836) bounded=true
tick=3060 phase=following reason=path_ready wp=7 dist_wp=20.18 bearing_deg=-28.03 speed=0.000 pos=(71.691,0.000,48.836) bounded=true
tick=3090 phase=following reason=path_ready wp=7 dist_wp=20.07 bearing_deg=-13.73 speed=0.246 pos=(71.594,0.006,48.784) bounded=true
tick=3120 phase=following reason=path_ready wp=7 dist_wp=18.77 bearing_deg=-7.21 speed=0.918 pos=(70.503,0.013,48.037) bounded=true
tick=3150 phase=following reason=path_ready wp=7 dist_wp=15.92 bearing_deg=-4.26 speed=1.620 pos=(68.282,0.014,46.231) bounded=true
tick=3180 phase=following reason=path_ready wp=7 dist_wp=11.53 bearing_deg=-3.01 speed=2.242 pos=(65.014,0.013,43.291) bounded=true
tick=3210 phase=following reason=path_ready wp=7 dist_wp=6.23 bearing_deg=-2.88 speed=2.577 pos=(61.196,0.009,39.608) bounded=true
tick=3240 phase=following reason=path_ready wp=7 dist_wp=0.48 bearing_deg=-20.00 speed=2.168 pos=(57.177,0.011,35.442) bounded=true
tick=3270 phase=following reason=path_ready wp=7 dist_wp=2.51 bearing_deg=-167.45 speed=0.566 pos=(55.477,0.031,33.008) bounded=true
tick=3300 phase=following reason=path_ready wp=7 dist_wp=2.71 bearing_deg=-150.72 speed=0.000 pos=(55.398,0.009,32.816) bounded=true
tick=3330 phase=following reason=path_ready wp=7 dist_wp=2.71 bearing_deg=-132.72 speed=0.000 pos=(55.398,0.001,32.816) bounded=true
tick=3360 phase=following reason=path_ready wp=7 dist_wp=2.71 bearing_deg=-114.72 speed=0.000 pos=(55.398,0.001,32.816) bounded=true
tick=3390 phase=following reason=path_ready wp=7 dist_wp=2.71 bearing_deg=-96.72 speed=0.000 pos=(55.398,0.001,32.816) bounded=true
tick=3420 phase=following reason=path_ready wp=7 dist_wp=2.71 bearing_deg=-78.72 speed=0.000 pos=(55.398,0.001,32.816) bounded=true
tick=3450 phase=following reason=path_ready wp=7 dist_wp=2.71 bearing_deg=-60.72 speed=0.000 pos=(55.398,0.001,32.816) bounded=true
tick=3480 phase=following reason=path_ready wp=7 dist_wp=2.71 bearing_deg=-42.72 speed=0.000 pos=(55.398,0.001,32.816) bounded=true
tick=3510 phase=following reason=path_ready wp=7 dist_wp=2.71 bearing_deg=-24.72 speed=0.000 pos=(55.398,0.001,32.816) bounded=true
tick=3540 phase=following reason=path_ready wp=7 dist_wp=2.65 bearing_deg=-12.23 speed=0.102 pos=(55.447,0.003,32.857) bounded=true
tick=3570 phase=following reason=path_ready wp=7 dist_wp=2.22 bearing_deg=-7.09 speed=0.274 pos=(55.748,0.004,33.170) bounded=true
tick=3600 phase=following reason=path_ready wp=7 dist_wp=1.47 bearing_deg=-5.20 speed=0.374 pos=(56.218,0.003,33.750) bounded=true
tick=3630 phase=following reason=path_ready wp=8 dist_wp=20.06 bearing_deg=-157.25 speed=0.000 pos=(56.386,0.006,33.978) bounded=true
tick=3660 phase=following reason=path_ready wp=8 dist_wp=20.06 bearing_deg=-139.25 speed=0.000 pos=(56.386,0.001,33.978) bounded=true
tick=3690 phase=following reason=path_ready wp=8 dist_wp=20.06 bearing_deg=-121.25 speed=0.000 pos=(56.386,0.001,33.978) bounded=true
tick=3720 phase=following reason=path_ready wp=8 dist_wp=20.06 bearing_deg=-103.25 speed=0.000 pos=(56.386,0.001,33.978) bounded=true
tick=3750 phase=following reason=path_ready wp=8 dist_wp=20.06 bearing_deg=-85.25 speed=0.000 pos=(56.386,0.001,33.978) bounded=true
tick=3780 phase=following reason=path_ready wp=8 dist_wp=20.06 bearing_deg=-67.25 speed=0.000 pos=(56.386,0.001,33.978) bounded=true
tick=3810 phase=following reason=path_ready wp=8 dist_wp=20.06 bearing_deg=-49.25 speed=0.000 pos=(56.386,0.001,33.978) bounded=true
tick=3840 phase=following reason=path_ready wp=8 dist_wp=20.06 bearing_deg=-31.25 speed=0.000 pos=(56.386,0.001,33.978) bounded=true
tick=3870 phase=following reason=path_ready wp=8 dist_wp=20.02 bearing_deg=-15.57 speed=0.143 pos=(56.353,0.004,33.961) bounded=true
tick=3900 phase=following reason=path_ready wp=8 dist_wp=18.90 bearing_deg=-8.08 speed=0.855 pos=(55.409,0.014,33.319) bounded=true
tick=3930 phase=following reason=path_ready wp=8 dist_wp=16.19 bearing_deg=-4.72 speed=1.556 pos=(53.305,0.014,31.595) bounded=true
tick=3960 phase=following reason=path_ready wp=8 dist_wp=11.94 bearing_deg=-3.27 speed=2.224 pos=(50.162,0.014,28.713) bounded=true
tick=3990 phase=following reason=path_ready wp=8 dist_wp=6.71 bearing_deg=-3.00 speed=2.538 pos=(46.436,0.009,25.029) bounded=true
tick=4020 phase=following reason=path_ready wp=8 dist_wp=0.87 bearing_deg=-12.06 speed=2.303 pos=(42.429,0.007,20.762) bounded=true
tick=4050 phase=following reason=path_ready wp=8 dist_wp=2.27 bearing_deg=-167.68 speed=0.571 pos=(40.623,0.033,18.197) bounded=true
tick=4080 phase=following reason=path_ready wp=8 dist_wp=2.45 bearing_deg=-150.93 speed=0.000 pos=(40.549,0.010,18.023) bounded=true
tick=4110 phase=following reason=path_ready wp=8 dist_wp=2.45 bearing_deg=-132.93 speed=0.000 pos=(40.549,0.001,18.023) bounded=true
tick=4140 phase=following reason=path_ready wp=8 dist_wp=2.45 bearing_deg=-114.93 speed=0.000 pos=(40.549,0.000,18.023) bounded=true
tick=4170 phase=following reason=path_ready wp=8 dist_wp=2.45 bearing_deg=-96.93 speed=0.000 pos=(40.549,0.000,18.023) bounded=true
tick=4200 phase=following reason=path_ready wp=8 dist_wp=2.45 bearing_deg=-78.93 speed=0.000 pos=(40.549,0.000,18.023) bounded=true
tick=4230 phase=following reason=path_ready wp=8 dist_wp=2.45 bearing_deg=-60.93 speed=0.000 pos=(40.549,0.000,18.023) bounded=true
tick=4260 phase=following reason=path_ready wp=8 dist_wp=2.45 bearing_deg=-42.93 speed=0.000 pos=(40.549,0.000,18.023) bounded=true
tick=4290 phase=following reason=path_ready wp=8 dist_wp=2.45 bearing_deg=-24.93 speed=0.000 pos=(40.549,0.000,18.023) bounded=true
tick=4320 phase=following reason=path_ready wp=8 dist_wp=2.45 bearing_deg=-12.03 speed=0.000 pos=(40.549,0.000,18.023) bounded=true
tick=4350 phase=following reason=path_ready wp=8 dist_wp=2.45 bearing_deg=-5.80 speed=0.000 pos=(40.549,0.000,18.023) bounded=true
tick=4380 phase=following reason=path_ready wp=8 dist_wp=2.45 bearing_deg=-2.80 speed=0.000 pos=(40.549,0.000,18.023) bounded=true
tick=4410 phase=following reason=path_ready wp=8 dist_wp=2.45 bearing_deg=-1.35 speed=0.000 pos=(40.549,0.000,18.023) bounded=true
tick=4440 phase=reverse reason=insufficient_actual_progress wp=8 dist_wp=2.49 bearing_deg=-0.92 speed=-0.060 pos=(40.527,0.002,17.993) bounded=true
tick=4470 phase=reverse reason=insufficient_actual_progress wp=8 dist_wp=2.74 bearing_deg=-0.84 speed=-0.163 pos=(40.374,0.003,17.792) bounded=true
tick=4500 phase=turn_recovery reason=reverse_complete wp=8 dist_wp=3.20 bearing_deg=-2.48 speed=-0.077 pos=(40.099,0.001,17.432) bounded=true
tick=4530 phase=turn_recovery reason=reverse_complete wp=8 dist_wp=3.20 bearing_deg=-20.47 speed=0.000 pos=(40.098,0.002,17.430) bounded=true
tick=4560 phase=following reason=path_ready wp=0 dist_wp=3.20 bearing_deg=-15.55 speed=0.004 pos=(40.098,0.001,17.430) bounded=true
tick=4590 phase=following reason=path_ready wp=0 dist_wp=3.17 bearing_deg=-7.57 speed=0.022 pos=(40.117,0.001,17.448) bounded=true
tick=4620 phase=following reason=path_ready wp=0 dist_wp=3.10 bearing_deg=-3.73 speed=0.037 pos=(40.161,0.001,17.499) bounded=true
tick=4650 phase=following reason=path_ready wp=0 dist_wp=3.01 bearing_deg=-1.86 speed=0.045 pos=(40.220,0.001,17.571) bounded=true
tick=4680 phase=reverse reason=insufficient_actual_progress wp=0 dist_wp=2.93 bearing_deg=-1.04 speed=-0.014 pos=(40.271,0.002,17.638) bounded=true
tick=4710 phase=reverse reason=insufficient_actual_progress wp=0 dist_wp=3.08 bearing_deg=-0.99 speed=-0.116 pos=(40.181,0.003,17.519) bounded=true
tick=4740 phase=reverse reason=insufficient_actual_progress wp=0 dist_wp=3.45 bearing_deg=-0.88 speed=-0.219 pos=(39.952,0.003,17.218) bounded=true
tick=4770 phase=turn_recovery reason=reverse_complete wp=0 dist_wp=3.60 bearing_deg=12.91 speed=0.000 pos=(39.862,0.002,17.099) bounded=true
tick=4800 phase=following reason=path_ready wp=0 dist_wp=3.60 bearing_deg=18.61 speed=0.000 pos=(39.862,0.000,17.099) bounded=true
tick=4830 phase=following reason=path_ready wp=0 dist_wp=3.56 bearing_deg=9.10 speed=0.045 pos=(39.882,0.002,17.141) bounded=true
tick=4860 phase=following reason=path_ready wp=0 dist_wp=3.41 bearing_deg=4.59 speed=0.085 pos=(39.957,0.002,17.269) bounded=true
tick=4890 phase=following reason=path_ready wp=0 dist_wp=3.19 bearing_deg=2.38 speed=0.113 pos=(40.082,0.001,17.456) bounded=true
tick=4920 phase=following reason=path_ready wp=0 dist_wp=2.92 bearing_deg=1.26 speed=0.121 pos=(40.235,0.001,17.673) bounded=true
tick=4950 phase=following reason=path_ready wp=0 dist_wp=2.66 bearing_deg=0.79 speed=0.107 pos=(40.388,0.001,17.881) bounded=true
tick=4980 phase=following reason=path_ready wp=0 dist_wp=2.46 bearing_deg=0.80 speed=0.072 pos=(40.508,0.002,18.043) bounded=true
tick=5010 phase=following reason=path_ready wp=0 dist_wp=2.31 bearing_deg=0.79 speed=0.063 pos=(40.599,0.001,18.166) bounded=true
tick=5040 phase=following reason=path_ready wp=0 dist_wp=2.19 bearing_deg=0.79 speed=0.040 pos=(40.669,0.001,18.259) bounded=true
tick=5070 phase=following reason=path_ready wp=0 dist_wp=2.14 bearing_deg=0.79 speed=0.007 pos=(40.699,0.002,18.300) bounded=true
tick=5100 phase=following reason=path_ready wp=0 dist_wp=2.14 bearing_deg=0.79 speed=0.000 pos=(40.699,0.001,18.300) bounded=true
tick=5130 phase=following reason=path_ready wp=0 dist_wp=2.14 bearing_deg=0.79 speed=0.000 pos=(40.699,0.001,18.300) bounded=true
tick=5160 phase=following reason=path_ready wp=0 dist_wp=2.14 bearing_deg=0.79 speed=0.000 pos=(40.699,0.001,18.300) bounded=true
tick=5190 phase=reverse reason=insufficient_actual_progress wp=0 dist_wp=2.28 bearing_deg=0.74 speed=-0.131 pos=(40.618,0.003,18.191) bounded=true
tick=5220 phase=reverse reason=insufficient_actual_progress wp=0 dist_wp=2.72 bearing_deg=0.62 speed=-0.255 pos=(40.350,0.003,17.831) bounded=true
tick=5250 phase=turn_recovery reason=reverse_complete wp=0 dist_wp=3.09 bearing_deg=-8.39 speed=0.000 pos=(40.133,0.007,17.541) bounded=true
tick=5280 phase=following reason=path_ready wp=0 dist_wp=3.09 bearing_deg=-22.86 speed=0.000 pos=(40.133,0.001,17.541) bounded=true
tick=5310 phase=following reason=path_ready wp=0 dist_wp=3.09 bearing_deg=-11.03 speed=0.007 pos=(40.133,0.001,17.541) bounded=true
tick=5340 phase=following reason=path_ready wp=0 dist_wp=3.06 bearing_deg=-5.36 speed=0.017 pos=(40.149,0.001,17.557) bounded=true
tick=5370 phase=following reason=path_ready wp=0 dist_wp=3.02 bearing_deg=-2.63 speed=0.024 pos=(40.179,0.001,17.592) bounded=true
tick=5400 phase=following reason=path_ready wp=0 dist_wp=2.96 bearing_deg=-1.29 speed=0.027 pos=(40.215,0.001,17.637) bounded=true
