tick=0 phase=following reason=path_ready wp=1 dist_wp=13.42 bearing_deg=26.57 speed=0.000 pos=(-27.000,0.006,116.000) bounded=true
tick=30 phase=following reason=path_ready wp=1 dist_wp=13.32 bearing_deg=13.28 speed=0.185 pos=(-27.020,0.005,115.905) bounded=true
tick=60 phase=following reason=path_ready wp=1 dist_wp=12.32 bearing_deg=7.01 speed=0.633 pos=(-27.332,0.009,114.944) bounded=true
tick=90 phase=following reason=path_ready wp=1 dist_wp=10.30 bearing_deg=4.15 speed=1.029 pos=(-28.114,0.008,113.070) bounded=true
tick=120 phase=following reason=path_ready wp=1 dist_wp=7.43 bearing_deg=2.88 speed=1.333 pos=(-29.354,0.007,110.471) bounded=true
tick=150 phase=following reason=path_ready wp=1 dist_wp=3.98 bearing_deg=2.70 speed=1.497 pos=(-30.948,0.004,107.410) bounded=true
tick=180 phase=following reason=path_ready wp=1 dist_wp=0.65 bearing_deg=8.35 speed=0.886 pos=(-32.585,0.015,104.506) bounded=true
tick=210 phase=following reason=path_ready wp=2 dist_wp=20.52 bearing_deg=60.66 speed=0.000 pos=(-32.852,0.013,104.088) bounded=true
tick=240 phase=following reason=path_ready wp=2 dist_wp=20.52 bearing_deg=42.66 speed=0.000 pos=(-32.852,0.001,104.088) bounded=true
tick=270 phase=following reason=path_ready wp=2 dist_wp=20.52 bearing_deg=24.66 speed=0.000 pos=(-32.852,0.000,104.088) bounded=true
tick=300 phase=following reason=path_ready wp=2 dist_wp=20.32 bearing_deg=12.05 speed=0.283 pos=(-33.056,0.007,104.099) bounded=true
tick=330 phase=following reason=path_ready wp=2 dist_wp=19.03 bearing_deg=6.31 speed=0.780 pos=(-34.341,0.010,104.300) bounded=true
tick=360 phase=following reason=path_ready wp=2 dist_wp=16.55 bearing_deg=3.61 speed=1.272 pos=(-36.767,0.010,104.867) bounded=true
tick=390 phase=following reason=path_ready wp=2 dist_wp=12.89 bearing_deg=2.34 speed=1.747 pos=(-40.297,0.010,105.853) bounded=true
tick=420 phase=following reason=path_ready wp=2 dist_wp=8.21 bearing_deg=1.88 speed=2.102 pos=(-44.770,0.008,107.237) bounded=true
tick=450 phase=following reason=path_ready wp=2 dist_wp=2.94 bearing_deg=2.68 speed=2.173 pos=(-49.769,0.002,108.906) bounded=true
tick=480 phase=following reason=path_ready wp=2 dist_wp=0.77 bearing_deg=170.14 speed=0.704 pos=(-53.233,0.031,110.250) bounded=true
tick=510 phase=following reason=path_ready wp=3 dist_wp=18.35 bearing_deg=-8.94 speed=0.744 pos=(-54.384,0.003,110.866) bounded=true
tick=540 phase=following reason=path_ready wp=3 dist_wp=15.96 bearing_deg=-5.11 speed=1.235 pos=(-56.608,0.010,111.779) bounded=true
tick=570 phase=following reason=path_ready wp=3 dist_wp=12.40 bearing_deg=-3.31 speed=1.701 pos=(-59.987,0.010,112.930) bounded=true
tick=600 phase=following reason=path_ready wp=3 dist_wp=7.85 bearing_deg=-2.67 speed=2.043 pos=(-64.352,0.007,114.229) bounded=true
tick=630 phase=following reason=path_ready wp=3 dist_wp=2.65 bearing_deg=-4.05 speed=2.233 pos=(-69.385,0.005,115.553) bounded=true
tick=660 phase=following reason=path_ready wp=3 dist_wp=1.11 bearing_deg=-169.33 speed=0.771 pos=(-73.077,0.029,116.249) bounded=true
tick=690 phase=following reason=path_ready wp=4 dist_wp=22.29 bearing_deg=-78.49 speed=0.000 pos=(-73.490,0.012,116.245) bounded=true
tick=720 phase=following reason=path_ready wp=4 dist_wp=22.29 bearing_deg=-60.49 speed=0.000 pos=(-73.490,0.001,116.245) bounded=true
tick=750 phase=following reason=path_ready wp=4 dist_wp=22.29 bearing_deg=-42.49 speed=0.000 pos=(-73.490,0.000,116.245) bounded=true
tick=780 phase=following reason=path_ready wp=4 dist_wp=22.29 bearing_deg=-24.49 speed=0.000 pos=(-73.490,0.000,116.245) bounded=true
tick=810 phase=following reason=path_ready wp=4 dist_wp=22.04 bearing_deg=-11.99 speed=0.356 pos=(-73.534,0.009,115.991) bounded=true
tick=840 phase=following reason=path_ready wp=4 dist_wp=20.38 bearing_deg=-6.39 speed=1.019 pos=(-73.649,0.013,114.317) bounded=true
tick=870 phase=following reason=path_ready wp=4 dist_wp=17.09 bearing_deg=-3.83 speed=1.708 pos=(-73.631,0.014,111.012) bounded=true
tick=900 phase=following reason=path_ready wp=4 dist_wp=12.16 bearing_deg=-2.76 speed=2.261 pos=(-73.384,0.011,106.085) bounded=true
tick=930 phase=following reason=path_ready wp=4 dist_wp=6.26 bearing_deg=-2.78 speed=2.676 pos=(-72.899,0.009,100.192) bounded=true
tick=960 phase=following reason=path_ready wp=4 dist_wp=0.18 bearing_deg=-117.68 speed=2.135 pos=(-72.144,0.015,93.888) bounded=true
tick=990 phase=following reason=path_ready wp=4 dist_wp=3.19 bearing_deg=-166.81 speed=0.535 pos=(-71.229,0.031,90.901) bounded=true
tick=1020 phase=following reason=path_ready wp=4 dist_wp=3.39 bearing_deg=-149.82 speed=0.000 pos=(-71.131,0.009,90.728) bounded=true
tick=1050 phase=following reason=path_ready wp=4 dist_wp=3.39 bearing_deg=-131.82 speed=0.000 pos=(-71.131,0.001,90.728) bounded=true
tick=1080 phase=following reason=path_ready wp=4 dist_wp=3.39 bearing_deg=-113.82 speed=0.000 pos=(-71.131,0.001,90.728) bounded=true
tick=1110 phase=following reason=path_ready wp=4 dist_wp=3.39 bearing_deg=-95.82 speed=0.000 pos=(-71.131,0.001,90.728) bounded=true
tick=1140 phase=following reason=path_ready wp=4 dist_wp=3.39 bearing_deg=-77.82 speed=0.000 pos=(-71.131,0.001,90.728) bounded=true
tick=1170 phase=following reason=path_ready wp=4 dist_wp=3.39 bearing_deg=-59.82 speed=0.000 pos=(-71.131,0.001,90.728) bounded=true
tick=1200 phase=following reason=path_ready wp=4 dist_wp=3.39 bearing_deg=-41.82 speed=0.000 pos=(-71.131,0.001,90.728) bounded=true
tick=1230 phase=following reason=path_ready wp=4 dist_wp=3.39 bearing_deg=-23.83 speed=0.000 pos=(-71.131,0.001,90.728) bounded=true
tick=1260 phase=following reason=path_ready wp=4 dist_wp=3.28 bearing_deg=-11.91 speed=0.147 pos=(-71.135,0.004,90.840) bounded=true
tick=1290 phase=following reason=path_ready wp=4 dist_wp=2.65 bearing_deg=-7.18 speed=0.366 pos=(-71.218,0.005,91.472) bounded=true
tick=1320 phase=following reason=path_ready wp=4 dist_wp=1.58 bearing_deg=-5.89 speed=0.500 pos=(-71.451,0.003,92.520) bounded=true
tick=1350 phase=following reason=path_ready wp=5 dist_wp=20.97 bearing_deg=-151.43 speed=0.000 pos=(-71.574,0.009,92.965) bounded=true
tick=1380 phase=following reason=path_ready wp=5 dist_wp=20.97 bearing_deg=-133.44 speed=0.000 pos=(-71.574,0.001,92.965) bounded=true
tick=1410 phase=following reason=path_ready wp=5 dist_wp=20.97 bearing_deg=-115.44 speed=0.000 pos=(-71.574,0.000,92.965) bounded=true
tick=1440 phase=following reason=path_ready wp=5 dist_wp=20.97 bearing_deg=-97.44 speed=0.000 pos=(-71.574,0.000,92.965) bounded=true
tick=1470 phase=following reason=path_ready wp=5 dist_wp=20.97 bearing_deg=-79.44 speed=0.000 pos=(-71.574,0.000,92.965) bounded=true
tick=1500 phase=following reason=path_ready wp=5 dist_wp=20.97 bearing_deg=-61.44 speed=0.000 pos=(-71.574,0.000,92.965) bounded=true
tick=1530 phase=following reason=path_ready wp=5 dist_wp=20.97 bearing_deg=-43.44 speed=0.000 pos=(-71.574,0.000,92.965) bounded=true
tick=1560 phase=following reason=path_ready wp=5 dist_wp=20.97 bearing_deg=-25.44 speed=0.000 pos=(-71.574,0.000,92.965) bounded=true
tick=1590 phase=following reason=path_ready wp=5 dist_wp=20.75 bearing_deg=-12.44 speed=0.357 pos=(-71.634,0.009,92.743) bounded=true
tick=1620 phase=following reason=path_ready wp=5 dist_wp=19.02 bearing_deg=-6.69 speed=1.066 pos=(-71.913,0.014,91.022) bounded=true
tick=1650 phase=following reason=path_ready wp=5 dist_wp=15.60 bearing_deg=-4.11 speed=1.765 pos=(-72.201,0.014,87.594) bounded=true
tick=1680 phase=following reason=path_ready wp=5 dist_wp=10.58 bearing_deg=-3.10 speed=2.257 pos=(-72.380,0.010,82.574) bounded=true
tick=1710 phase=following reason=path_ready wp=5 dist_wp=4.67 bearing_deg=-3.64 speed=2.649 pos=(-72.378,0.008,76.655) bounded=true
tick=1740 phase=following reason=path_ready wp=5 dist_wp=1.04 bearing_deg=-168.07 speed=1.692 pos=(-72.046,0.023,70.959) bounded=true
tick=1770 phase=following reason=path_ready wp=5 dist_wp=3.10 bearing_deg=-162.88 speed=0.111 pos=(-71.486,0.032,68.944) bounded=true
tick=1800 phase=following reason=path_ready wp=5 dist_wp=3.10 bearing_deg=-144.94 speed=0.000 pos=(-71.484,0.004,68.940) bounded=true
tick=1830 phase=following reason=path_ready wp=5 dist_wp=3.10 bearing_deg=-126.94 speed=0.000 pos=(-71.484,0.001,68.940) bounded=true
tick=1860 phase=following reason=path_ready wp=5 dist_wp=3.10 bearing_deg=-108.94 speed=0.000 pos=(-71.484,0.000,68.940) bounded=true
tick=1890 phase=following reason=path_ready wp=5 dist_wp=3.10 bearing_deg=-90.94 speed=0.000 pos=(-71.484,0.000,68.940) bounded=true
tick=1920 phase=following reason=path_ready wp=5 dist_wp=3.10 bearing_deg=-72.94 speed=0.000 pos=(-71.484,0.000,68.940) bounded=true
tick=1950 phase=following reason=path_ready wp=5 dist_wp=3.10 bearing_deg=-54.94 speed=0.000 pos=(-71.484,0.000,68.940) bounded=true
tick=1980 phase=following reason=path_ready wp=5 dist_wp=3.10 bearing_deg=-36.94 speed=0.000 pos=(-71.484,0.000,68.940) bounded=true
tick=2010 phase=following reason=path_ready wp=5 dist_wp=3.10 bearing_deg=-19.56 speed=0.000 pos=(-71.484,0.000,68.940) bounded=true
tick=2040 phase=following reason=path_ready wp=5 dist_wp=2.90 bearing_deg=-10.14 speed=0.192 pos=(-71.477,0.005,69.149) bounded=true
tick=2070 phase=following reason=path_ready wp=5 dist_wp=2.20 bearing_deg=-6.51 speed=0.374 pos=(-71.523,0.004,69.850) bounded=true
tick=2100 phase=following reason=path_ready wp=6 dist_wp=20.84 bearing_deg=-168.38 speed=0.292 pos=(-71.667,0.001,70.841) bounded=true
tick=2130 phase=following reason=path_ready wp=6 dist_wp=20.90 bearing_deg=-150.44 speed=0.000 pos=(-71.678,0.002,70.894) bounded=true
tick=2160 phase=following reason=path_ready wp=6 dist_wp=20.90 bearing_deg=-132.44 speed=0.000 pos=(-71.678,0.001,70.894) bounded=true
tick=2190 phase=following reason=path_ready wp=6 dist_wp=20.90 bearing_deg=-114.44 speed=0.000 pos=(-71.678,0.000,70.894) bounded=true
tick=2220 phase=following reason=path_ready wp=6 dist_wp=20.90 bearing_deg=-96.44 speed=0.000 pos=(-71.678,0.000,70.894) bounded=true
tick=2250 phase=following reason=path_ready wp=6 dist_wp=20.90 bearing_deg=-78.44 speed=0.000 pos=(-71.678,0.000,70.894) bounded=true
tick=2280 phase=following reason=path_ready wp=6 dist_wp=20.90 bearing_deg=-60.44 speed=0.000 pos=(-71.678,0.000,70.894) bounded=true
tick=2310 phase=following reason=path_ready wp=6 dist_wp=20.90 bearing_deg=-42.44 speed=0.000 pos=(-71.678,0.000,70.894) bounded=true
tick=2340 phase=following reason=path_ready wp=6 dist_wp=20.90 bearing_deg=-24.44 speed=0.000 pos=(-71.678,0.000,70.894) bounded=true
tick=2370 phase=following reason=path_ready wp=6 dist_wp=20.61 bearing_deg=-12.00 speed=0.405 pos=(-71.751,0.010,70.611) bounded=true
tick=2400 phase=following reason=path_ready wp=6 dist_wp=18.77 bearing_deg=-6.50 speed=1.113 pos=(-72.030,0.014,68.774) bounded=true
tick=2430 phase=following reason=path_ready wp=6 dist_wp=15.24 bearing_deg=-4.04 speed=1.811 pos=(-72.297,0.014,65.232) bounded=true
tick=2460 phase=following reason=path_ready wp=6 dist_wp=10.15 bearing_deg=-3.11 speed=2.257 pos=(-72.441,0.009,60.139) bounded=true
tick=2490 phase=following reason=path_ready wp=6 dist_wp=4.18 bearing_deg=-3.91 speed=2.664 pos=(-72.393,0.008,54.162) bounded=true
tick=2520 phase=following reason=path_ready wp=6 dist_wp=1.27 bearing_deg=-169.19 speed=1.535 pos=(-71.997,0.025,48.735) bounded=true
tick=2550 phase=following reason=path_ready wp=6 dist_wp=2.96 bearing_deg=-161.31 speed=0.000 pos=(-71.504,0.031,47.081) bounded=true
tick=2580 phase=following reason=path_ready wp=6 dist_wp=2.96 bearing_deg=-143.34 speed=0.000 pos=(-71.504,0.003,47.081) bounded=true
tick=2610 phase=following reason=path_ready wp=6 dist_wp=2.96 bearing_deg=-125.34 speed=0.000 pos=(-71.504,0.001,47.081) bounded=true
tick=2640 phase=following reason=path_ready wp=6 dist_wp=2.96 bearing_deg=-107.34 speed=0.000 pos=(-71.504,0.001,47.081) bounded=true
tick=2670 phase=following reason=path_ready wp=6 dist_wp=2.96 bearing_deg=-89.34 speed=0.000 pos=(-71.504,0.001,47.081) bounded=true
tick=2700 phase=following reason=path_ready wp=6 dist_wp=2.96 bearing_deg=-71.34 speed=0.000 pos=(-71.504,0.001,47.081) bounded=true
tick=2730 phase=following reason=path_ready wp=6 dist_wp=2.96 bearing_deg=-53.34 speed=0.000 pos=(-71.504,0.001,47.081) bounded=true
tick=2760 phase=following reason=path_ready wp=6 dist_wp=2.96 bearing_deg=-35.34 speed=0.000 pos=(-71.504,0.001,47.081) bounded=true
tick=2790 phase=following reason=path_ready wp=6 dist_wp=2.96 bearing_deg=-18.34 speed=0.000 pos=(-71.504,0.001,47.081) bounded=true
tick=2820 phase=following reason=path_ready wp=6 dist_wp=2.72 bearing_deg=-9.67 speed=0.202 pos=(-71.498,0.004,47.327) bounded=true
tick=2850 phase=following reason=path_ready wp=6 dist_wp=2.02 bearing_deg=-6.34 speed=0.366 pos=(-71.550,0.004,48.030) bounded=true
tick=2880 phase=following reason=path_ready wp=7 dist_wp=20.20 bearing_deg=140.44 speed=0.053 pos=(-71.676,0.007,48.880) bounded=true
tick=2910 phase=following reason=path_ready wp=7 dist_wp=20.20 bearing_deg=122.44 speed=0.000 pos=(-71.676,0.002,48.880) bounded=true
tick=2940 phase=following reason=path_ready wp=7 dist_wp=20.20 bearing_deg=104.44 speed=0.000 pos=(-71.676,0.000,48.880) bounded=true
tick=2970 phase=following reason=path_ready wp=7 dist_wp=20.20 bearing_deg=86.44 speed=0.000 pos=(-71.676,0.000,48.880) bounded=true
tick=3000 phase=following reason=path_ready wp=7 dist_wp=20.20 bearing_deg=68.44 speed=0.000 pos=(-71.676,0.000,48.880) bounded=true
tick=3030 phase=following reason=path_ready wp=7 dist_wp=20.20 bearing_deg=50.44 speed=0.000 pos=(-71.676,0.000,48.880) bounded=true
tick=3060 phase=following reason=path_ready wp=7 dist_wp=20.20 bearing_deg=32.44 speed=0.000 pos=(-71.676,0.000,48.880) bounded=true
tick=3090 phase=following reason=path_ready wp=7 dist_wp=20.18 bearing_deg=16.32 speed=0.095 pos=(-71.659,0.002,48.871) bounded=true
tick=3120 phase=following reason=path_ready wp=7 dist_wp=19.08 bearing_deg=8.44 speed=0.807 pos=(-70.723,0.014,48.263) bounded=true
tick=3150 phase=following reason=path_ready wp=7 dist_wp=16.28 bearing_deg=4.95 speed=1.510 pos=(-68.510,0.014,46.513) bounded=true
tick=3180 phase=following reason=path_ready wp=7 dist_wp=11.80 bearing_deg=3.48 speed=2.177 pos=(-65.157,0.014,43.531) bounded=true
tick=3210 phase=following reason=path_ready wp=7 dist_wp=6.24 bearing_deg=3.39 speed=2.486 pos=(-61.149,0.008,39.665) bounded=true
tick=3240 phase=following reason=path_ready wp=7 dist_wp=0.30 bearing_deg=39.31 speed=2.068 pos=(-57.007,0.012,35.303) bounded=true
tick=3270 phase=following reason=path_ready wp=7 dist_wp=2.72 bearing_deg=166.33 speed=0.472 pos=(-55.363,0.031,32.831) bounded=true
tick=3300 phase=following reason=path_ready wp=7 dist_wp=2.86 bearing_deg=149.25 speed=0.000 pos=(-55.307,0.007,32.689) bounded=true
tick=3330 phase=following reason=path_ready wp=7 dist_wp=2.86 bearing_deg=131.26 speed=0.000 pos=(-55.307,0.001,32.689) bounded=true
tick=3360 phase=following reason=path_ready wp=7 dist_wp=2.86 bearing_deg=113.26 speed=0.000 pos=(-55.307,0.001,32.689) bounded=true
tick=3390 phase=following reason=path_ready wp=7 dist_wp=2.86 bearing_deg=95.26 speed=0.000 pos=(-55.307,0.001,32.689) bounded=true
tick=3420 phase=following reason=path_ready wp=7 dist_wp=2.86 bearing_deg=77.26 speed=0.000 pos=(-55.307,0.001,32.689) bounded=true
tick=3450 phase=following reason=path_ready wp=7 dist_wp=2.86 bearing_deg=59.26 speed=0.000 pos=(-55.307,0.001,32.689) bounded=true
tick=3480 phase=following reason=path_ready wp=7 dist_wp=2.86 bearing_deg=41.26 speed=0.000 pos=(-55.307,0.001,32.689) bounded=true
tick=3510 phase=following reason=path_ready wp=7 dist_wp=2.86 bearing_deg=23.30 speed=0.000 pos=(-55.307,0.001,32.689) bounded=true
tick=3540 phase=following reason=path_ready wp=7 dist_wp=2.76 bearing_deg=11.67 speed=0.130 pos=(-55.386,0.004,32.757) bounded=true
tick=3570 phase=following reason=path_ready wp=7 dist_wp=2.23 bearing_deg=7.05 speed=0.307 pos=(-55.759,0.004,33.151) bounded=true
tick=3600 phase=following reason=path_ready wp=7 dist_wp=1.35 bearing_deg=5.67 speed=0.397 pos=(-56.306,0.003,33.840) bounded=true
tick=3630 phase=following reason=path_ready wp=8 dist_wp=20.07 bearing_deg=154.12 speed=0.000 pos=(-56.405,0.004,33.978) bounded=true
tick=3660 phase=following reason=path_ready wp=8 dist_wp=20.07 bearing_deg=136.12 speed=0.000 pos=(-56.405,0.001,33.978) bounded=true
tick=3690 phase=following reason=path_ready wp=8 dist_wp=20.07 bearing_deg=118.12 speed=0.000 pos=(-56.405,0.001,33.978) bounded=true
tick=3720 phase=following reason=path_ready wp=8 dist_wp=20.07 bearing_deg=100.12 speed=0.000 pos=(-56.405,0.001,33.978) bounded=true
tick=3750 phase=following reason=path_ready wp=8 dist_wp=20.07 bearing_deg=82.12 speed=0.000 pos=(-56.405,0.001,33.978) bounded=true
tick=3780 phase=following reason=path_ready wp=8 dist_wp=20.07 bearing_deg=64.12 speed=0.000 pos=(-56.405,0.001,33.978) bounded=true
tick=3810 phase=following reason=path_ready wp=8 dist_wp=20.07 bearing_deg=46.12 speed=0.000 pos=(-56.405,0.001,33.978) bounded=true
tick=3840 phase=following reason=path_ready wp=8 dist_wp=20.07 bearing_deg=28.12 speed=0.000 pos=(-56.405,0.001,33.978) bounded=true
tick=3870 phase=following reason=path_ready wp=8 dist_wp=19.95 bearing_deg=13.79 speed=0.262 pos=(-56.294,0.007,33.916) bounded=true
tick=3900 phase=following reason=path_ready wp=8 dist_wp=18.45 bearing_deg=7.33 speed=0.972 pos=(-55.056,0.014,33.042) bounded=true
tick=3930 phase=following reason=path_ready wp=8 dist_wp=15.25 bearing_deg=4.45 speed=1.672 pos=(-52.593,0.014,30.974) bounded=true
tick=3960 phase=following reason=path_ready wp=8 dist_wp=10.42 bearing_deg=3.34 speed=2.255 pos=(-49.052,0.012,27.672) bounded=true
tick=3990 phase=following reason=path_ready wp=8 dist_wp=4.69 bearing_deg=3.83 speed=2.562 pos=(-45.007,0.008,23.596) bounded=true
tick=4020 phase=following reason=path_ready wp=8 dist_wp=0.80 bearing_deg=164.92 speed=1.564 pos=(-41.379,0.024,19.489) bounded=true
tick=4050 phase=following reason=path_ready wp=8 dist_wp=2.41 bearing_deg=161.19 speed=0.000 pos=(-40.551,0.033,18.071) bounded=true
tick=4080 phase=following reason=path_ready wp=8 dist_wp=2.41 bearing_deg=143.24 speed=0.000 pos=(-40.551,0.003,18.071) bounded=true
tick=4110 phase=following reason=path_ready wp=8 dist_wp=2.41 bearing_deg=125.24 speed=0.000 pos=(-40.551,0.000,18.071) bounded=true
tick=4140 phase=following reason=path_ready wp=8 dist_wp=2.41 bearing_deg=107.24 speed=0.000 pos=(-40.551,0.000,18.071) bounded=true
tick=4170 phase=following reason=path_ready wp=8 dist_wp=2.41 bearing_deg=89.24 speed=0.000 pos=(-40.551,0.000,18.071) bounded=true
tick=4200 phase=following reason=path_ready wp=8 dist_wp=2.41 bearing_deg=71.24 speed=0.000 pos=(-40.551,0.000,18.071) bounded=true
tick=4230 phase=following reason=path_ready wp=8 dist_wp=2.41 bearing_deg=53.24 speed=0.000 pos=(-40.551,0.000,18.071) bounded=true
tick=4260 phase=following reason=path_ready wp=8 dist_wp=2.41 bearing_deg=35.24 speed=0.000 pos=(-40.551,0.000,18.071) bounded=true
tick=4290 phase=following reason=path_ready wp=8 dist_wp=2.41 bearing_deg=18.26 speed=0.000 pos=(-40.551,0.000,18.071) bounded=true
tick=4320 phase=following reason=path_ready wp=8 dist_wp=2.41 bearing_deg=8.81 speed=0.000 pos=(-40.551,0.000,18.071) bounded=true
tick=4350 phase=following reason=path_ready wp=8 dist_wp=2.41 bearing_deg=4.25 speed=0.000 pos=(-40.551,0.000,18.071) bounded=true
tick=4380 phase=following reason=path_ready wp=8 dist_wp=2.41 bearing_deg=2.05 speed=0.000 pos=(-40.551,0.000,18.071) bounded=true
tick=4410 phase=following reason=path_ready wp=8 dist_wp=2.41 bearing_deg=0.99 speed=0.000 pos=(-40.551,0.000,18.071) bounded=true
tick=4440 phase=reverse reason=insufficient_actual_progress wp=8 dist_wp=2.55 bearing_deg=0.89 speed=-0.113 pos=(-40.465,0.003,17.960) bounded=true
tick=4470 phase=reverse reason=insufficient_actual_progress wp=8 dist_wp=2.95 bearing_deg=0.77 speed=-0.216 pos=(-40.219,0.003,17.644) bounded=true
tick=4500 phase=turn_recovery reason=reverse_complete wp=8 dist_wp=3.26 bearing_deg=-8.85 speed=0.000 pos=(-40.031,0.006,17.400) bounded=true
tick=4530 phase=following reason=path_ready wp=0 dist_wp=3.26 bearing_deg=-22.19 speed=0.000 pos=(-40.031,0.001,17.400) bounded=true
tick=4560 phase=following reason=path_ready wp=0 dist_wp=3.25 bearing_deg=-10.74 speed=0.017 pos=(-40.035,0.001,17.409) bounded=true
tick=4590 phase=following reason=path_ready wp=0 dist_wp=3.19 bearing_deg=-5.30 speed=0.038 pos=(-40.068,0.001,17.467) bounded=true
tick=4620 phase=following reason=path_ready wp=0 dist_wp=3.08 bearing_deg=-2.65 speed=0.052 pos=(-40.129,0.001,17.559) bounded=true
tick=4650 phase=following reason=path_ready wp=0 dist_wp=2.94 bearing_deg=-1.34 speed=0.056 pos=(-40.207,0.001,17.666) bounded=true
tick=4680 phase=following reason=path_ready wp=0 dist_wp=2.81 bearing_deg=-0.80 speed=0.050 pos=(-40.284,0.001,17.770) bounded=true
tick=4710 phase=following reason=path_ready wp=0 dist_wp=2.71 bearing_deg=-0.79 speed=0.033 pos=(-40.345,0.001,17.851) bounded=true
tick=4740 phase=following reason=path_ready wp=0 dist_wp=2.66 bearing_deg=-0.79 speed=0.010 pos=(-40.375,0.001,17.892) bounded=true
tick=4770 phase=following reason=path_ready wp=0 dist_wp=2.66 bearing_deg=-0.79 speed=0.000 pos=(-40.375,0.000,17.892) bounded=true
tick=4800 phase=reverse reason=insufficient_actual_progress wp=0 dist_wp=2.72 bearing_deg=-0.77 speed=-0.072 pos=(-40.337,0.003,17.842) bounded=true
tick=4830 phase=reverse reason=insufficient_actual_progress wp=0 dist_wp=3.03 bearing_deg=-0.69 speed=-0.175 pos=(-40.157,0.003,17.601) bounded=true
tick=4860 phase=turn_recovery reason=reverse_complete wp=0 dist_wp=3.41 bearing_deg=4.75 speed=0.000 pos=(-39.924,0.005,17.290) bounded=true
tick=4890 phase=turn_recovery reason=reverse_complete wp=0 dist_wp=3.41 bearing_deg=22.74 speed=0.000 pos=(-39.924,0.001,17.290) bounded=true
tick=4920 phase=following reason=path_ready wp=0 dist_wp=3.41 bearing_deg=12.76 speed=0.016 pos=(-39.929,0.001,17.294) bounded=true
tick=4950 phase=following reason=path_ready wp=0 dist_wp=3.33 bearing_deg=6.31 speed=0.049 pos=(-39.987,0.002,17.351) bounded=true
tick=4980 phase=following reason=path_ready wp=0 dist_wp=3.18 bearing_deg=3.19 speed=0.072 pos=(-40.085,0.001,17.462) bounded=true
tick=5010 phase=following reason=path_ready wp=0 dist_wp=2.99 bearing_deg=1.64 speed=0.083 pos=(-40.206,0.001,17.610) bounded=true
tick=5040 phase=following reason=path_ready wp=0 dist_wp=2.79 bearing_deg=0.85 speed=0.078 pos=(-40.327,0.001,17.765) bounded=true
tick=5070 phase=following reason=path_ready wp=0 dist_wp=2.63 bearing_deg=0.80 speed=0.056 pos=(-40.427,0.001,17.894) bounded=true
tick=5100 phase=following reason=path_ready wp=0 dist_wp=2.53 bearing_deg=0.79 speed=0.023 pos=(-40.485,0.002,17.970) bounded=true
tick=5130 phase=following reason=path_ready wp=0 dist_wp=2.52 bearing_deg=0.80 speed=0.000 pos=(-40.493,0.001,17.980) bounded=true
tick=5160 phase=following reason=path_ready wp=0 dist_wp=2.52 bearing_deg=0.80 speed=0.000 pos=(-40.493,0.001,17.980) bounded=true
tick=5190 phase=reverse reason=insufficient_actual_progress wp=0 dist_wp=2.55 bearing_deg=0.79 speed=-0.048 pos=(-40.476,0.002,17.958) bounded=true
tick=5220 phase=reverse reason=insufficient_actual_progress wp=0 dist_wp=2.79 bearing_deg=0.72 speed=-0.151 pos=(-40.328,0.003,17.765) bounded=true
tick=5250 phase=turn_recovery reason=reverse_complete wp=0 dist_wp=3.27 bearing_deg=-0.56 speed=-0.128 pos=(-40.038,0.002,17.388) bounded=true
tick=5280 phase=turn_recovery reason=reverse_complete wp=0 dist_wp=3.27 bearing_deg=-18.54 speed=0.000 pos=(-40.035,0.001,17.383) bounded=true
tick=5310 phase=following reason=path_ready wp=0 dist_wp=3.27 bearing_deg=-15.10 speed=0.006 pos=(-40.035,0.001,17.383) bounded=true
tick=5340 phase=following reason=path_ready wp=0 dist_wp=3.23 bearing_deg=-7.38 speed=0.029 pos=(-40.054,0.001,17.419) bounded=true
tick=5370 phase=following reason=path_ready wp=0 dist_wp=3.14 bearing_deg=-3.67 speed=0.048 pos=(-40.104,0.001,17.500) bounded=true
tick=5400 phase=following reason=path_ready wp=0 dist_wp=3.01 bearing_deg=-1.85 speed=0.057 pos=(-40.178,0.001,17.607) bounded=true
tick=5430 phase=following reason=path_ready wp=0 dist_wp=2.87 bearing_deg=-0.94 speed=0.056 pos=(-40.260,0.001,17.719) bounded=true
tick=5460 phase=following reason=path_ready wp=0 dist_wp=2.75 bearing_deg=-0.79 speed=0.043 pos=(-40.332,0.001,17.817) bounded=true
tick=5490 phase=following reason=path_ready wp=0 dist_wp=2.67 bearing_deg=-0.79 speed=0.022 pos=(-40.379,0.001,17.880) bounded=true
tick=5520 phase=following reason=path_ready wp=0 dist_wp=2.65 bearing_deg=-0.80 speed=0.000 pos=(-40.389,0.001,17.894) bounded=true
