tick=0 phase=following reason=path_ready wp=1 dist_wp=13.42 bearing_deg=-26.57 speed=0.000 pos=(27.000,0.006,130.000) thr=0.00 steer=-1.00 blocked=false attempts=0 stuck_s=0.00 pitch=-0.00 roll=0.00 normal_y=1.00 contacts=0[] bounded=true
tick=30 phase=following reason=path_ready wp=1 dist_wp=13.32 bearing_deg=-13.28 speed=0.185 pos=(27.020,0.005,129.906) thr=0.95 steer=-0.54 blocked=false attempts=0 stuck_s=0.20 pitch=0.08 roll=0.00 normal_y=1.00 contacts=3[VillageTerrain,VillageTerrain,VillageTerrain] bounded=true
tick=60 phase=following reason=path_ready wp=1 dist_wp=12.34 bearing_deg=-7.00 speed=0.633 pos=(27.329,0.009,128.956) thr=0.91 steer=-0.29 blocked=false attempts=0 stuck_s=0.12 pitch=0.16 roll=0.00 normal_y=1.00 contacts=3[VillageTerrain,VillageTerrain,VillageTerrain] bounded=true
tick=90 phase=following reason=path_ready wp=1 dist_wp=10.34 bearing_deg=-4.13 speed=1.030 pos=(28.102,0.008,127.101) thr=0.83 steer=-0.17 blocked=false attempts=0 stuck_s=0.00 pitch=0.14 roll=0.00 normal_y=1.00 contacts=3[VillageTerrain,VillageTerrain,VillageTerrain] bounded=true
tick=120 phase=following reason=path_ready wp=1 dist_wp=7.49 bearing_deg=-2.85 speed=1.336 pos=(29.329,0.007,124.528) thr=0.69 steer=-0.11 blocked=false attempts=0 stuck_s=0.02 pitch=0.11 roll=0.00 normal_y=1.00 contacts=3[VillageTerrain,VillageTerrain,VillageTerrain] bounded=true
tick=150 phase=following reason=path_ready wp=1 dist_wp=4.07 bearing_deg=-2.64 speed=1.504 pos=(30.908,0.004,121.491) thr=0.47 steer=-0.10 blocked=false attempts=0 stuck_s=0.02 pitch=0.06 roll=0.00 normal_y=1.00 contacts=3[VillageTerrain,VillageTerrain,VillageTerrain] bounded=true
tick=180 phase=following reason=path_ready wp=1 dist_wp=0.71 bearing_deg=-7.60 speed=0.953 pos=(32.556,0.013,118.558) thr=0.00 steer=-0.28 blocked=false attempts=0 stuck_s=0.00 pitch=-0.22 roll=0.00 normal_y=1.00 contacts=3[VillageTerrain,VillageTerrain,VillageTerrain] bounded=true
tick=210 phase=following reason=path_ready wp=2 dist_wp=19.67 bearing_deg=-41.36 speed=0.000 pos=(32.861,0.015,118.077) thr=0.00 steer=-1.00 blocked=false attempts=0 stuck_s=0.00 pitch=-0.26 roll=0.00 normal_y=1.00 contacts=1[VillageTerrain] bounded=true
tick=240 phase=following reason=path_ready wp=2 dist_wp=19.67 bearing_deg=-23.40 speed=0.000 pos=(32.861,0.002,118.077) thr=0.00 steer=-0.96 blocked=false attempts=0 stuck_s=0.00 pitch=-0.01 roll=0.00 normal_y=1.00 contacts=1[VillageTerrain] bounded=true
tick=270 phase=following reason=path_ready wp=2 dist_wp=19.42 bearing_deg=-11.47 speed=0.316 pos=(33.102,0.008,118.007) thr=1.00 steer=-0.47 blocked=false attempts=0 stuck_s=0.32 pitch=0.13 roll=0.00 normal_y=1.00 contacts=3[VillageTerrain,VillageTerrain,VillageTerrain] bounded=true
tick=300 phase=following reason=path_ready wp=2 dist_wp=18.07 bearing_deg=-6.05 speed=0.813 pos=(34.444,0.010,117.756) thr=1.00 steer=-0.25 blocked=false attempts=0 stuck_s=0.02 pitch=0.18 roll=0.00 normal_y=1.00 contacts=3[VillageTerrain,VillageTerrain,VillageTerrain] bounded=true
tick=330 phase=following reason=path_ready wp=2 dist_wp=15.54 bearing_deg=-3.50 speed=1.304 pos=(36.969,0.010,117.468) thr=1.00 steer=-0.14 blocked=false attempts=0 stuck_s=0.03 pitch=0.18 roll=0.00 normal_y=1.00 contacts=3[VillageTerrain,VillageTerrain,VillageTerrain] bounded=true
tick=360 phase=following reason=path_ready wp=2 dist_wp=11.85 bearing_deg=-2.31 speed=1.762 pos=(40.648,0.010,117.204) thr=0.90 steer=-0.09 blocked=false attempts=0 stuck_s=0.03 pitch=0.16 roll=0.00 normal_y=1.00 contacts=3[VillageTerrain,VillageTerrain,VillageTerrain] bounded=true
tick=390 phase=following reason=path_ready wp=2 dist_wp=7.23 bearing_deg=-1.93 speed=2.081 pos=(45.267,0.007,116.998) thr=0.68 steer=-0.08 blocked=false attempts=0 stuck_s=0.03 pitch=0.11 roll=0.00 normal_y=1.00 contacts=3[VillageTerrain,VillageTerrain,VillageTerrain] bounded=true
tick=420 phase=following reason=path_ready wp=2 dist_wp=2.10 bearing_deg=-3.41 speed=2.175 pos=(50.399,0.003,116.890) thr=0.27 steer=-0.13 blocked=false attempts=0 stuck_s=0.03 pitch=0.03 roll=0.00 normal_y=1.00 contacts=3[VillageTerrain,VillageTerrain,VillageTerrain] bounded=true
tick=450 phase=following reason=path_ready wp=2 dist_wp=1.00 bearing_deg=-170.04 speed=0.438 pos=(53.497,0.033,117.023) thr=0.00 steer=-1.00 blocked=false attempts=0 stuck_s=0.00 pitch=-0.58 roll=0.00 normal_y=1.00 contacts=3[VillageTerrain,VillageTerrain,VillageTerrain] bounded=true
tick=480 phase=following reason=path_ready wp=3 dist_wp=17.26 bearing_deg=8.64 speed=0.782 pos=(54.782,0.006,117.197) thr=1.00 steer=0.35 blocked=false attempts=0 stuck_s=0.02 pitch=0.09 roll=0.00 normal_y=1.00 contacts=3[VillageTerrain,VillageTerrain,VillageTerrain] bounded=true
tick=510 phase=following reason=path_ready wp=3 dist_wp=14.81 bearing_deg=5.00 speed=1.272 pos=(57.247,0.010,117.278) thr=1.00 steer=0.20 blocked=false attempts=0 stuck_s=0.03 pitch=0.17 roll=0.00 normal_y=1.00 contacts=3[VillageTerrain,VillageTerrain,VillageTerrain] bounded=true
tick=540 phase=following reason=path_ready wp=3 dist_wp=11.22 bearing_deg=3.33 speed=1.712 pos=(60.839,0.009,117.181) thr=0.87 steer=0.13 blocked=false attempts=0 stuck_s=0.02 pitch=0.16 roll=0.00 normal_y=1.00 contacts=3[VillageTerrain,VillageTerrain,VillageTerrain] bounded=true
tick=570 phase=following reason=path_ready wp=3 dist_wp=6.75 bearing_deg=2.82 speed=2.017 pos=(65.308,0.007,116.884) thr=0.65 steer=0.11 blocked=false attempts=0 stuck_s=0.02 pitch=0.11 roll=0.00 normal_y=1.00 contacts=3[VillageTerrain,VillageTerrain,VillageTerrain] bounded=true
tick=600 phase=following reason=path_ready wp=3 dist_wp=1.76 bearing_deg=5.55 speed=2.079 pos=(70.281,0.003,116.382) thr=0.22 steer=0.21 blocked=false attempts=0 stuck_s=0.02 pitch=0.04 roll=0.00 normal_y=1.00 contacts=3[VillageTerrain,VillageTerrain,VillageTerrain] bounded=true
tick=630 phase=following reason=path_ready wp=3 dist_wp=1.09 bearing_deg=167.66 speed=0.383 pos=(73.074,0.031,115.846) thr=0.00 steer=1.00 blocked=false attempts=0 stuck_s=0.00 pitch=-0.56 roll=0.00 normal_y=1.00 contacts=3[VillageTerrain,VillageTerrain,VillageTerrain] bounded=true
tick=660 phase=following reason=path_ready wp=4 dist_wp=21.84 bearing_deg=54.59 speed=0.000 pos=(73.158,0.007,115.812) thr=0.00 steer=1.00 blocked=false attempts=0 stuck_s=0.00 pitch=-0.11 roll=0.00 normal_y=1.00 contacts=1[VillageTerrain] bounded=true
tick=690 phase=following reason=path_ready wp=4 dist_wp=21.84 bearing_deg=36.59 speed=0.000 pos=(73.158,0.001,115.812) thr=0.00 steer=1.00 blocked=false attempts=0 stuck_s=0.00 pitch=-0.00 roll=0.00 normal_y=1.00 contacts=1[VillageTerrain] bounded=true
tick=720 phase=following reason=path_ready wp=4 dist_wp=21.84 bearing_deg=19.29 speed=0.000 pos=(73.158,0.001,115.812) thr=0.00 steer=0.79 blocked=false attempts=0 stuck_s=0.00 pitch=-0.00 roll=0.00 normal_y=1.00 contacts=1[VillageTerrain] bounded=true
tick=750 phase=following reason=path_ready wp=4 dist_wp=21.23 bearing_deg=9.65 speed=0.565 pos=(73.252,0.011,115.191) thr=1.00 steer=0.39 blocked=false attempts=0 stuck_s=0.08 pitch=0.20 roll=0.00 normal_y=1.00 contacts=3[VillageTerrain,VillageTerrain,VillageTerrain] bounded=true
tick=780 phase=following reason=path_ready wp=4 dist_wp=19.13 bearing_deg=5.30 speed=1.199 pos=(73.366,0.013,113.080) thr=1.00 steer=0.22 blocked=false attempts=0 stuck_s=0.05 pitch=0.23 roll=0.00 normal_y=1.00 contacts=3[VillageTerrain,VillageTerrain,VillageTerrain] bounded=true
tick=810 phase=following reason=path_ready wp=4 dist_wp=15.42 bearing_deg=3.32 speed=1.896 pos=(73.334,0.014,109.364) thr=1.00 steer=0.13 blocked=false attempts=0 stuck_s=0.03 pitch=0.25 roll=0.00 normal_y=1.00 contacts=3[VillageTerrain,VillageTerrain,VillageTerrain] bounded=true
tick=840 phase=following reason=path_ready wp=4 dist_wp=10.25 bearing_deg=2.56 speed=2.320 pos=(73.091,0.008,104.194) thr=0.83 steer=0.10 blocked=false attempts=0 stuck_s=0.00 pitch=0.12 roll=0.00 normal_y=1.00 contacts=3[VillageTerrain,VillageTerrain,VillageTerrain] bounded=true
tick=870 phase=following reason=path_ready wp=4 dist_wp=4.15 bearing_deg=3.29 speed=2.747 pos=(72.619,0.008,98.107) thr=0.48 steer=0.13 blocked=false attempts=0 stuck_s=0.00 pitch=0.14 roll=0.00 normal_y=1.00 contacts=3[VillageTerrain,VillageTerrain,VillageTerrain] bounded=true
tick=900 phase=following reason=path_ready wp=4 dist_wp=1.43 bearing_deg=171.19 speed=1.615 pos=(71.863,0.025,92.582) thr=0.00 steer=1.00 blocked=false attempts=0 stuck_s=0.00 pitch=-0.44 roll=0.00 normal_y=1.00 contacts=3[VillageTerrain,VillageTerrain,VillageTerrain] bounded=true
tick=930 phase=following reason=path_ready wp=4 dist_wp=3.29 bearing_deg=162.25 speed=0.037 pos=(71.206,0.032,90.810) thr=0.00 steer=1.00 blocked=false attempts=0 stuck_s=0.00 pitch=-0.56 roll=0.00 normal_y=1.00 contacts=3[VillageTerrain,VillageTerrain,VillageTerrain] bounded=true
tick=960 phase=following reason=path_ready wp=4 dist_wp=3.29 bearing_deg=144.25 speed=0.000 pos=(71.206,0.004,90.810) thr=0.00 steer=1.00 blocked=false attempts=0 stuck_s=0.00 pitch=-0.06 roll=0.00 normal_y=1.00 contacts=1[VillageTerrain] bounded=true
tick=990 phase=following reason=path_ready wp=4 dist_wp=3.29 bearing_deg=126.25 speed=0.000 pos=(71.206,0.001,90.810) thr=0.00 steer=1.00 blocked=false attempts=0 stuck_s=0.00 pitch=-0.00 roll=0.00 normal_y=1.00 contacts=1[VillageTerrain] bounded=true
tick=1020 phase=following reason=path_ready wp=4 dist_wp=3.29 bearing_deg=108.25 speed=0.000 pos=(71.206,0.000,90.810) thr=0.00 steer=1.00 blocked=false attempts=0 stuck_s=0.00 pitch=-0.00 roll=0.00 normal_y=1.00 contacts=1[VillageTerrain] bounded=true
tick=1050 phase=following reason=path_ready wp=4 dist_wp=3.29 bearing_deg=90.25 speed=0.000 pos=(71.206,0.000,90.810) thr=0.00 steer=1.00 blocked=false attempts=0 stuck_s=0.00 pitch=-0.00 roll=0.00 normal_y=1.00 contacts=1[VillageTerrain] bounded=true
tick=1080 phase=following reason=path_ready wp=4 dist_wp=3.29 bearing_deg=72.25 speed=0.000 pos=(71.206,0.000,90.810) thr=0.00 steer=1.00 blocked=false attempts=0 stuck_s=0.00 pitch=-0.00 roll=0.00 normal_y=1.00 contacts=1[VillageTerrain] bounded=true
tick=1110 phase=following reason=path_ready wp=4 dist_wp=3.29 bearing_deg=54.25 speed=0.000 pos=(71.206,0.000,90.810) thr=0.00 steer=1.00 blocked=false attempts=0 stuck_s=0.00 pitch=-0.00 roll=0.00 normal_y=1.00 contacts=1[VillageTerrain] bounded=true
tick=1140 phase=following reason=path_ready wp=4 dist_wp=3.29 bearing_deg=36.25 speed=0.000 pos=(71.206,0.000,90.810) thr=0.00 steer=1.00 blocked=false attempts=0 stuck_s=0.00 pitch=-0.00 roll=0.00 normal_y=1.00 contacts=1[VillageTerrain] bounded=true
tick=1170 phase=following reason=path_ready wp=4 dist_wp=3.29 bearing_deg=19.02 speed=0.000 pos=(71.206,0.000,90.810) thr=0.00 steer=0.78 blocked=false attempts=0 stuck_s=0.00 pitch=-0.00 roll=0.00 normal_y=1.00 contacts=1[VillageTerrain] bounded=true
tick=1200 phase=following reason=path_ready wp=4 dist_wp=3.05 bearing_deg=9.91 speed=0.211 pos=(71.217,0.005,91.047) thr=0.37 steer=0.40 blocked=false attempts=0 stuck_s=0.45 pitch=0.07 roll=0.00 normal_y=1.00 contacts=3[VillageTerrain,VillageTerrain,VillageTerrain] bounded=true
tick=1230 phase=following reason=path_ready wp=4 dist_wp=2.31 bearing_deg=6.40 speed=0.406 pos=(71.326,0.005,91.795) thr=0.28 steer=0.26 blocked=false attempts=0 stuck_s=0.13 pitch=0.07 roll=0.00 normal_y=1.00 contacts=3[VillageTerrain,VillageTerrain,VillageTerrain] bounded=true
tick=1260 phase=following reason=path_ready wp=4 dist_wp=1.22 bearing_deg=5.93 speed=0.385 pos=(71.568,0.002,92.859) thr=0.00 steer=0.24 blocked=false attempts=0 stuck_s=0.00 pitch=0.01 roll=0.00 normal_y=1.00 contacts=3[VillageTerrain,VillageTerrain,VillageTerrain] bounded=true
tick=1290 phase=following reason=path_ready wp=5 dist_wp=20.96 bearing_deg=146.60 speed=0.000 pos=(71.596,0.004,92.953) thr=0.00 steer=1.00 blocked=false attempts=0 stuck_s=0.00 pitch=-0.07 roll=0.00 normal_y=1.00 contacts=1[VillageTerrain] bounded=true
tick=1320 phase=following reason=path_ready wp=5 dist_wp=20.96 bearing_deg=128.60 speed=0.000 pos=(71.596,0.001,92.953) thr=0.00 steer=1.00 blocked=false attempts=0 stuck_s=0.00 pitch=-0.00 roll=0.00 normal_y=1.00 contacts=1[VillageTerrain] bounded=true
tick=1350 phase=following reason=path_ready wp=5 dist_wp=20.96 bearing_deg=110.60 speed=0.000 pos=(71.596,0.001,92.953) thr=0.00 steer=1.00 blocked=false attempts=0 stuck_s=0.00 pitch=-0.00 roll=0.00 normal_y=1.00 contacts=1[VillageTerrain] bounded=true
tick=1380 phase=following reason=path_ready wp=5 dist_wp=20.96 bearing_deg=92.60 speed=0.000 pos=(71.596,0.001,92.953) thr=0.00 steer=1.00 blocked=false attempts=0 stuck_s=0.00 pitch=-0.00 roll=0.00 normal_y=1.00 contacts=1[VillageTerrain] bounded=true
tick=1410 phase=following reason=path_ready wp=5 dist_wp=20.96 bearing_deg=74.60 speed=0.000 pos=(71.596,0.001,92.953) thr=0.00 steer=1.00 blocked=false attempts=0 stuck_s=0.00 pitch=-0.00 roll=0.00 normal_y=1.00 contacts=1[VillageTerrain] bounded=true
tick=1440 phase=following reason=path_ready wp=5 dist_wp=20.96 bearing_deg=56.60 speed=0.000 pos=(71.596,0.001,92.953) thr=0.00 steer=1.00 blocked=false attempts=0 stuck_s=0.00 pitch=-0.00 roll=0.00 normal_y=1.00 contacts=1[VillageTerrain] bounded=true
tick=1470 phase=following reason=path_ready wp=5 dist_wp=20.96 bearing_deg=38.60 speed=0.000 pos=(71.596,0.001,92.953) thr=0.00 steer=1.00 blocked=false attempts=0 stuck_s=0.00 pitch=-0.00 roll=0.00 normal_y=1.00 contacts=1[VillageTerrain] bounded=true
tick=1500 phase=following reason=path_ready wp=5 dist_wp=20.96 bearing_deg=20.92 speed=0.000 pos=(71.596,0.001,92.953) thr=0.00 steer=0.86 blocked=false attempts=0 stuck_s=0.00 pitch=-0.00 roll=0.00 normal_y=1.00 contacts=1[VillageTerrain] bounded=true
tick=1530 phase=following reason=path_ready wp=5 dist_wp=20.45 bearing_deg=10.41 speed=0.547 pos=(71.715,0.012,92.445) thr=1.00 steer=0.43 blocked=false attempts=0 stuck_s=0.05 pitch=0.21 roll=0.00 normal_y=1.00 contacts=3[VillageTerrain,VillageTerrain,VillageTerrain] bounded=true
tick=1560 phase=following reason=path_ready wp=5 dist_wp=18.29 bearing_deg=5.77 speed=1.254 pos=(72.009,0.014,90.291) thr=1.00 steer=0.23 blocked=false attempts=0 stuck_s=0.05 pitch=0.25 roll=0.00 normal_y=1.00 contacts=3[VillageTerrain,VillageTerrain,VillageTerrain] bounded=true
tick=1590 phase=following reason=path_ready wp=5 dist_wp=14.46 bearing_deg=3.69 speed=1.949 pos=(72.270,0.014,86.456) thr=1.00 steer=0.15 blocked=false attempts=0 stuck_s=0.00 pitch=0.25 roll=0.00 normal_y=1.00 contacts=3[VillageTerrain,VillageTerrain,VillageTerrain] bounded=true
tick=1620 phase=following reason=path_ready wp=5 dist_wp=9.23 bearing_deg=2.97 speed=2.349 pos=(72.401,0.007,81.219) thr=0.78 steer=0.12 blocked=false attempts=0 stuck_s=0.00 pitch=0.12 roll=0.00 normal_y=1.00 contacts=3[VillageTerrain,VillageTerrain,VillageTerrain] bounded=true
tick=1650 phase=following reason=path_ready wp=5 dist_wp=3.12 bearing_deg=4.57 speed=2.725 pos=(72.339,0.008,75.103) thr=0.39 steer=0.17 blocked=false attempts=0 stuck_s=0.00 pitch=0.13 roll=0.00 normal_y=1.00 contacts=3[VillageTerrain,VillageTerrain,VillageTerrain] bounded=true
tick=1680 phase=following reason=path_ready wp=5 dist_wp=1.79 bearing_deg=170.39 speed=1.289 pos=(71.887,0.028,70.216) thr=0.00 steer=1.00 blocked=false attempts=0 stuck_s=0.00 pitch=-0.50 roll=0.00 normal_y=1.00 contacts=3[VillageTerrain,VillageTerrain,VillageTerrain] bounded=true
tick=1710 phase=following reason=path_ready wp=5 dist_wp=2.97 bearing_deg=158.61 speed=0.000 pos=(71.512,0.026,69.074) thr=0.00 steer=1.00 blocked=false attempts=0 stuck_s=0.00 pitch=-0.47 roll=0.00 normal_y=1.00 contacts=1[VillageTerrain] bounded=true
tick=1740 phase=following reason=path_ready wp=5 dist_wp=2.97 bearing_deg=140.61 speed=0.000 pos=(71.512,0.002,69.074) thr=0.00 steer=1.00 blocked=false attempts=0 stuck_s=0.00 pitch=-0.03 roll=0.00 normal_y=1.00 contacts=1[VillageTerrain] bounded=true
tick=1770 phase=following reason=path_ready wp=5 dist_wp=2.97 bearing_deg=122.61 speed=0.000 pos=(71.512,0.001,69.074) thr=0.00 steer=1.00 blocked=false attempts=0 stuck_s=0.00 pitch=-0.00 roll=0.00 normal_y=1.00 contacts=1[VillageTerrain] bounded=true
tick=1800 phase=following reason=path_ready wp=5 dist_wp=2.97 bearing_deg=104.61 speed=0.000 pos=(71.512,0.001,69.074) thr=0.00 steer=1.00 blocked=false attempts=0 stuck_s=0.00 pitch=-0.00 roll=0.00 normal_y=1.00 contacts=1[VillageTerrain] bounded=true
tick=1830 phase=following reason=path_ready wp=5 dist_wp=2.97 bearing_deg=86.61 speed=0.000 pos=(71.512,0.001,69.074) thr=0.00 steer=1.00 blocked=false attempts=0 stuck_s=0.00 pitch=-0.00 roll=0.00 normal_y=1.00 contacts=1[VillageTerrain] bounded=true
tick=1860 phase=following reason=path_ready wp=5 dist_wp=2.97 bearing_deg=68.61 speed=0.000 pos=(71.512,0.001,69.074) thr=0.00 steer=1.00 blocked=false attempts=0 stuck_s=0.00 pitch=-0.00 roll=0.00 normal_y=1.00 contacts=1[VillageTerrain] bounded=true
tick=1890 phase=following reason=path_ready wp=5 dist_wp=2.97 bearing_deg=50.61 speed=0.000 pos=(71.512,0.001,69.074) thr=0.00 steer=1.00 blocked=false attempts=0 stuck_s=0.00 pitch=-0.00 roll=0.00 normal_y=1.00 contacts=1[VillageTerrain] bounded=true
tick=1920 phase=following reason=path_ready wp=5 dist_wp=2.97 bearing_deg=32.61 speed=0.000 pos=(71.512,0.001,69.074) thr=0.00 steer=1.00 blocked=false attempts=0 stuck_s=0.00 pitch=-0.00 roll=0.00 normal_y=1.00 contacts=1[VillageTerrain] bounded=true
tick=1950 phase=following reason=path_ready wp=5 dist_wp=2.96 bearing_deg=16.43 speed=0.022 pos=(71.511,0.001,69.077) thr=0.36 steer=0.67 blocked=false attempts=0 stuck_s=0.05 pitch=0.00 roll=0.00 normal_y=1.00 contacts=3[VillageTerrain,VillageTerrain,VillageTerrain] bounded=true
tick=1980 phase=following reason=path_ready wp=5 dist_wp=2.66 bearing_deg=8.88 speed=0.228 pos=(71.507,0.005,69.387) thr=0.32 steer=0.36 blocked=false attempts=0 stuck_s=0.55 pitch=0.07 roll=0.00 normal_y=1.00 contacts=3[VillageTerrain,VillageTerrain,VillageTerrain] bounded=true
tick=2010 phase=following reason=path_ready wp=5 dist_wp=1.91 bearing_deg=6.01 speed=0.384 pos=(71.570,0.004,70.134) thr=0.22 steer=0.24 blocked=false attempts=0 stuck_s=0.18 pitch=0.06 roll=0.00 normal_y=1.00 contacts=3[VillageTerrain,VillageTerrain,VillageTerrain] bounded=true
tick=2040 phase=following reason=path_ready wp=6 dist_wp=20.86 bearing_deg=163.95 speed=0.000 pos=(71.682,0.011,70.862) thr=0.00 steer=1.00 blocked=false attempts=0 stuck_s=0.00 pitch=-0.20 roll=0.00 normal_y=1.00 contacts=1[VillageTerrain] bounded=true
tick=2070 phase=following reason=path_ready wp=6 dist_wp=20.86 bearing_deg=145.95 speed=0.000 pos=(71.682,0.002,70.862) thr=0.00 steer=1.00 blocked=false attempts=0 stuck_s=0.00 pitch=-0.02 roll=0.00 normal_y=1.00 contacts=1[VillageTerrain] bounded=true
tick=2100 phase=following reason=path_ready wp=6 dist_wp=20.86 bearing_deg=127.95 speed=0.000 pos=(71.682,0.001,70.862) thr=0.00 steer=1.00 blocked=false attempts=0 stuck_s=0.00 pitch=-0.00 roll=0.00 normal_y=1.00 contacts=1[VillageTerrain] bounded=true
tick=2130 phase=following reason=path_ready wp=6 dist_wp=20.86 bearing_deg=109.95 speed=0.000 pos=(71.682,0.001,70.862) thr=0.00 steer=1.00 blocked=false attempts=0 stuck_s=0.00 pitch=-0.00 roll=0.00 normal_y=1.00 contacts=1[VillageTerrain] bounded=true
tick=2160 phase=following reason=path_ready wp=6 dist_wp=20.86 bearing_deg=91.95 speed=0.000 pos=(71.682,0.001,70.862) thr=0.00 steer=1.00 blocked=false attempts=0 stuck_s=0.00 pitch=-0.00 roll=0.00 normal_y=1.00 contacts=1[VillageTerrain] bounded=true
tick=2190 phase=following reason=path_ready wp=6 dist_wp=20.86 bearing_deg=73.95 speed=0.000 pos=(71.682,0.001,70.862) thr=0.00 steer=1.00 blocked=false attempts=0 stuck_s=0.00 pitch=-0.00 roll=0.00 normal_y=1.00 contacts=1[VillageTerrain] bounded=true
tick=2220 phase=following reason=path_ready wp=6 dist_wp=20.86 bearing_deg=55.95 speed=0.000 pos=(71.682,0.001,70.862) thr=0.00 steer=1.00 blocked=false attempts=0 stuck_s=0.00 pitch=-0.00 roll=0.00 normal_y=1.00 contacts=1[VillageTerrain] bounded=true
tick=2250 phase=following reason=path_ready wp=6 dist_wp=20.86 bearing_deg=37.95 speed=0.000 pos=(71.682,0.001,70.862) thr=0.00 steer=1.00 blocked=false attempts=0 stuck_s=0.00 pitch=-0.00 roll=0.00 normal_y=1.00 contacts=1[VillageTerrain] bounded=true
tick=2280 phase=following reason=path_ready wp=6 dist_wp=20.86 bearing_deg=20.38 speed=0.000 pos=(71.682,0.001,70.862) thr=0.00 steer=0.84 blocked=false attempts=0 stuck_s=0.00 pitch=-0.00 roll=0.00 normal_y=1.00 contacts=1[VillageTerrain] bounded=true
tick=2310 phase=following reason=path_ready wp=6 dist_wp=20.31 bearing_deg=10.17 speed=0.571 pos=(71.808,0.012,70.310) thr=1.00 steer=0.42 blocked=false attempts=0 stuck_s=0.07 pitch=0.21 roll=0.00 normal_y=1.00 contacts=3[VillageTerrain,VillageTerrain,VillageTerrain] bounded=true
tick=2340 phase=following reason=path_ready wp=6 dist_wp=18.10 bearing_deg=5.66 speed=1.277 pos=(72.093,0.014,68.098) thr=1.00 steer=0.23 blocked=false attempts=0 stuck_s=0.00 pitch=0.25 roll=0.00 normal_y=1.00 contacts=3[VillageTerrain,VillageTerrain,VillageTerrain] bounded=true
tick=2370 phase=following reason=path_ready wp=6 dist_wp=14.21 bearing_deg=3.64 speed=1.971 pos=(72.334,0.014,64.206) thr=0.99 steer=0.15 blocked=false attempts=0 stuck_s=0.02 pitch=0.25 roll=0.00 normal_y=1.00 contacts=3[VillageTerrain,VillageTerrain,VillageTerrain] bounded=true
tick=2400 phase=following reason=path_ready wp=6 dist_wp=8.95 bearing_deg=2.98 speed=2.363 pos=(72.438,0.007,58.941) thr=0.77 steer=0.12 blocked=false attempts=0 stuck_s=0.02 pitch=0.12 roll=0.00 normal_y=1.00 contacts=3[VillageTerrain,VillageTerrain,VillageTerrain] bounded=true
tick=2430 phase=following reason=path_ready wp=6 dist_wp=2.83 bearing_deg=4.90 speed=2.725 pos=(72.341,0.007,52.805) thr=0.36 steer=0.19 blocked=false attempts=0 stuck_s=0.02 pitch=0.12 roll=0.00 normal_y=1.00 contacts=3[VillageTerrain,VillageTerrain,VillageTerrain] bounded=true
tick=2460 phase=following reason=path_ready wp=6 dist_wp=1.92 bearing_deg=170.31 speed=1.216 pos=(71.847,0.029,48.084) thr=0.00 steer=1.00 blocked=false attempts=0 stuck_s=0.00 pitch=-0.51 roll=0.00 normal_y=1.00 contacts=3[VillageTerrain,VillageTerrain,VillageTerrain] bounded=true
tick=2490 phase=following reason=path_ready wp=6 dist_wp=2.94 bearing_deg=157.64 speed=0.000 pos=(71.511,0.024,47.098) thr=0.00 steer=1.00 blocked=false attempts=0 stuck_s=0.00 pitch=-0.43 roll=0.00 normal_y=1.00 contacts=1[VillageTerrain] bounded=true
tick=2520 phase=following reason=path_ready wp=6 dist_wp=2.94 bearing_deg=139.64 speed=0.000 pos=(71.511,0.002,47.098) thr=0.00 steer=1.00 blocked=false attempts=0 stuck_s=0.00 pitch=-0.02 roll=0.00 normal_y=1.00 contacts=1[VillageTerrain] bounded=true
tick=2550 phase=following reason=path_ready wp=6 dist_wp=2.94 bearing_deg=121.64 speed=0.000 pos=(71.511,0.001,47.098) thr=0.00 steer=1.00 blocked=false attempts=0 stuck_s=0.00 pitch=-0.00 roll=0.00 normal_y=1.00 contacts=1[VillageTerrain] bounded=true
tick=2580 phase=following reason=path_ready wp=6 dist_wp=2.94 bearing_deg=103.64 speed=0.000 pos=(71.511,0.001,47.098) thr=0.00 steer=1.00 blocked=false attempts=0 stuck_s=0.00 pitch=-0.00 roll=0.00 normal_y=1.00 contacts=1[VillageTerrain] bounded=true
tick=2610 phase=following reason=path_ready wp=6 dist_wp=2.94 bearing_deg=85.64 speed=0.000 pos=(71.511,0.001,47.098) thr=0.00 steer=1.00 blocked=false attempts=0 stuck_s=0.00 pitch=-0.00 roll=0.00 normal_y=1.00 contacts=1[VillageTerrain] bounded=true
tick=2640 phase=following reason=path_ready wp=6 dist_wp=2.94 bearing_deg=67.64 speed=0.000 pos=(71.511,0.001,47.098) thr=0.00 steer=1.00 blocked=false attempts=0 stuck_s=0.00 pitch=-0.00 roll=0.00 normal_y=1.00 contacts=1[VillageTerrain] bounded=true
tick=2670 phase=following reason=path_ready wp=6 dist_wp=2.94 bearing_deg=49.64 speed=0.000 pos=(71.511,0.001,47.098) thr=0.00 steer=1.00 blocked=false attempts=0 stuck_s=0.00 pitch=-0.00 roll=0.00 normal_y=1.00 contacts=1[VillageTerrain] bounded=true
tick=2700 phase=following reason=path_ready wp=6 dist_wp=2.94 bearing_deg=31.64 speed=0.000 pos=(71.511,0.001,47.098) thr=0.00 steer=1.00 blocked=false attempts=0 stuck_s=0.00 pitch=-0.00 roll=0.00 normal_y=1.00 contacts=1[VillageTerrain] bounded=true
tick=2730 phase=following reason=path_ready wp=6 dist_wp=2.94 bearing_deg=15.82 speed=0.028 pos=(71.510,0.001,47.104) thr=0.35 steer=0.65 blocked=false attempts=0 stuck_s=0.08 pitch=0.01 roll=0.00 normal_y=1.00 contacts=3[VillageTerrain,VillageTerrain,VillageTerrain] bounded=true
tick=2760 phase=following reason=path_ready wp=6 dist_wp=2.67 bearing_deg=8.43 speed=0.190 pos=(71.508,0.004,47.375) thr=0.32 steer=0.34 blocked=false attempts=0 stuck_s=0.58 pitch=0.05 roll=0.00 normal_y=1.00 contacts=3[VillageTerrain,VillageTerrain,VillageTerrain] bounded=true
tick=2790 phase=following reason=path_ready wp=6 dist_wp=2.06 bearing_deg=5.32 speed=0.314 pos=(71.562,0.003,47.987) thr=0.25 steer=0.22 blocked=false attempts=0 stuck_s=0.10 pitch=0.04 roll=0.00 normal_y=1.00 contacts=3[VillageTerrain,VillageTerrain,VillageTerrain] bounded=true
tick=2820 phase=following reason=path_ready wp=7 dist_wp=20.16 bearing_deg=-142.16 speed=0.222 pos=(71.688,0.002,48.809) thr=0.00 steer=-1.00 blocked=false attempts=0 stuck_s=0.00 pitch=-0.01 roll=0.00 normal_y=1.00 contacts=3[VillageTerrain,VillageTerrain,VillageTerrain] bounded=true
tick=2850 phase=following reason=path_ready wp=7 dist_wp=20.18 bearing_deg=-124.23 speed=0.000 pos=(71.692,0.003,48.838) thr=0.00 steer=-1.00 blocked=false attempts=0 stuck_s=0.00 pitch=-0.04 roll=0.00 normal_y=1.00 contacts=1[VillageTerrain] bounded=true
tick=2880 phase=following reason=path_ready wp=7 dist_wp=20.18 bearing_deg=-106.23 speed=0.000 pos=(71.692,0.000,48.838) thr=0.00 steer=-1.00 blocked=false attempts=0 stuck_s=0.00 pitch=-0.00 roll=0.00 normal_y=1.00 contacts=1[VillageTerrain] bounded=true
tick=2910 phase=following reason=path_ready wp=7 dist_wp=20.18 bearing_deg=-88.23 speed=0.000 pos=(71.692,0.000,48.838) thr=0.00 steer=-1.00 blocked=false attempts=0 stuck_s=0.00 pitch=-0.00 roll=0.00 normal_y=1.00 contacts=1[VillageTerrain] bounded=true
tick=2940 phase=following reason=path_ready wp=7 dist_wp=20.18 bearing_deg=-70.23 speed=0.000 pos=(71.692,0.000,48.838) thr=0.00 steer=-1.00 blocked=false attempts=0 stuck_s=0.00 pitch=-0.00 roll=0.00 normal_y=1.00 contacts=1[VillageTerrain] bounded=true
tick=2970 phase=following reason=path_ready wp=7 dist_wp=20.18 bearing_deg=-52.23 speed=0.000 pos=(71.692,0.000,48.838) thr=0.00 steer=-1.00 blocked=false attempts=0 stuck_s=0.00 pitch=-0.00 roll=0.00 normal_y=1.00 contacts=1[VillageTerrain] bounded=true
tick=3000 phase=following reason=path_ready wp=7 dist_wp=20.18 bearing_deg=-34.23 speed=0.000 pos=(71.692,0.000,48.838) thr=0.00 steer=-1.00 blocked=false attempts=0 stuck_s=0.00 pitch=-0.00 roll=0.00 normal_y=1.00 contacts=1[VillageTerrain] bounded=true
tick=3030 phase=following reason=path_ready wp=7 dist_wp=20.18 bearing_deg=-17.53 speed=0.022 pos=(71.690,0.001,48.838) thr=1.00 steer=-0.72 blocked=false attempts=0 stuck_s=0.02 pitch=0.00 roll=0.00 normal_y=1.00 contacts=3[VillageTerrain,VillageTerrain,VillageTerrain] bounded=true
tick=3060 phase=following reason=path_ready wp=7 dist_wp=19.32 bearing_deg=-8.93 speed=0.692 pos=(70.948,0.013,48.368) thr=1.00 steer=-0.36 blocked=false attempts=0 stuck_s=0.02 pitch=0.22 roll=0.00 normal_y=1.00 contacts=3[VillageTerrain,VillageTerrain,VillageTerrain] bounded=true
tick=3090 phase=following reason=path_ready wp=7 dist_wp=16.83 bearing_deg=-5.10 speed=1.390 pos=(68.970,0.014,46.835) thr=1.00 steer=-0.21 blocked=false attempts=0 stuck_s=0.02 pitch=0.25 roll=0.00 normal_y=1.00 contacts=3[VillageTerrain,VillageTerrain,VillageTerrain] bounded=true
tick=3120 phase=following reason=path_ready wp=7 dist_wp=12.68 bearing_deg=-3.43 speed=2.072 pos=(65.840,0.014,44.093) thr=0.93 steer=-0.14 blocked=false attempts=0 stuck_s=0.00 pitch=0.25 roll=0.00 normal_y=1.00 contacts=3[VillageTerrain,VillageTerrain,VillageTerrain] bounded=true
tick=3150 phase=following reason=path_ready wp=7 dist_wp=7.30 bearing_deg=-3.07 speed=2.418 pos=(61.930,0.007,40.384) thr=0.68 steer=-0.12 blocked=false attempts=0 stuck_s=0.00 pitch=0.12 roll=0.00 normal_y=1.00 contacts=3[VillageTerrain,VillageTerrain,VillageTerrain] bounded=true
tick=3180 phase=following reason=path_ready wp=7 dist_wp=1.25 bearing_deg=-9.39 speed=2.351 pos=(57.686,0.002,36.041) thr=0.11 steer=-0.33 blocked=false attempts=0 stuck_s=0.00 pitch=-0.02 roll=0.00 normal_y=1.00 contacts=3[VillageTerrain,VillageTerrain,VillageTerrain] bounded=true
tick=3210 phase=following reason=path_ready wp=7 dist_wp=2.36 bearing_deg=-168.54 speed=0.746 pos=(55.529,0.031,33.156) thr=0.00 steer=-1.00 blocked=false attempts=0 stuck_s=0.00 pitch=-0.54 roll=0.00 normal_y=1.00 contacts=3[VillageTerrain,VillageTerrain,VillageTerrain] bounded=true
tick=3240 phase=following reason=path_ready wp=7 dist_wp=2.74 bearing_deg=-152.73 speed=0.000 pos=(55.368,0.012,32.797) thr=0.00 steer=-1.00 blocked=false attempts=0 stuck_s=0.00 pitch=-0.21 roll=0.00 normal_y=1.00 contacts=1[VillageTerrain] bounded=true
tick=3270 phase=following reason=path_ready wp=7 dist_wp=2.74 bearing_deg=-134.73 speed=0.000 pos=(55.368,0.001,32.797) thr=0.00 steer=-1.00 blocked=false attempts=0 stuck_s=0.00 pitch=-0.01 roll=0.00 normal_y=1.00 contacts=1[VillageTerrain] bounded=true
tick=3300 phase=following reason=path_ready wp=7 dist_wp=2.74 bearing_deg=-116.73 speed=0.000 pos=(55.368,0.001,32.797) thr=0.00 steer=-1.00 blocked=false attempts=0 stuck_s=0.00 pitch=-0.00 roll=0.00 normal_y=1.00 contacts=1[VillageTerrain] bounded=true
tick=3330 phase=following reason=path_ready wp=7 dist_wp=2.74 bearing_deg=-98.73 speed=0.000 pos=(55.368,0.001,32.797) thr=0.00 steer=-1.00 blocked=false attempts=0 stuck_s=0.00 pitch=-0.00 roll=0.00 normal_y=1.00 contacts=1[VillageTerrain] bounded=true
tick=3360 phase=following reason=path_ready wp=7 dist_wp=2.74 bearing_deg=-80.73 speed=0.000 pos=(55.368,0.001,32.797) thr=0.00 steer=-1.00 blocked=false attempts=0 stuck_s=0.00 pitch=-0.00 roll=0.00 normal_y=1.00 contacts=1[VillageTerrain] bounded=true
tick=3390 phase=following reason=path_ready wp=7 dist_wp=2.74 bearing_deg=-62.73 speed=0.000 pos=(55.368,0.001,32.797) thr=0.00 steer=-1.00 blocked=false attempts=0 stuck_s=0.00 pitch=-0.00 roll=0.00 normal_y=1.00 contacts=1[VillageTerrain] bounded=true
tick=3420 phase=following reason=path_ready wp=7 dist_wp=2.74 bearing_deg=-44.73 speed=0.000 pos=(55.368,0.001,32.797) thr=0.00 steer=-1.00 blocked=false attempts=0 stuck_s=0.00 pitch=-0.00 roll=0.00 normal_y=1.00 contacts=1[VillageTerrain] bounded=true
tick=3450 phase=following reason=path_ready wp=7 dist_wp=2.74 bearing_deg=-26.73 speed=0.000 pos=(55.368,0.001,32.797) thr=0.00 steer=-1.00 blocked=false attempts=0 stuck_s=0.00 pitch=-0.00 roll=0.00 normal_y=1.00 contacts=1[VillageTerrain] bounded=true
tick=3480 phase=following reason=path_ready wp=7 dist_wp=2.70 bearing_deg=-13.17 speed=0.085 pos=(55.404,0.003,32.826) thr=0.33 steer=-0.54 blocked=false attempts=0 stuck_s=0.22 pitch=0.04 roll=0.00 normal_y=1.00 contacts=3[VillageTerrain,VillageTerrain,VillageTerrain] bounded=true
tick=3510 phase=following reason=path_ready wp=7 dist_wp=2.28 bearing_deg=-7.58 speed=0.261 pos=(55.705,0.004,33.129) thr=0.28 steer=-0.31 blocked=false attempts=0 stuck_s=0.08 pitch=0.06 roll=0.00 normal_y=1.00 contacts=3[VillageTerrain,VillageTerrain,VillageTerrain] bounded=true
tick=3540 phase=following reason=path_ready wp=7 dist_wp=1.50 bearing_deg=-5.59 speed=0.368 pos=(56.200,0.003,33.726) thr=0.14 steer=-0.22 blocked=false attempts=0 stuck_s=0.00 pitch=0.04 roll=0.00 normal_y=1.00 contacts=3[VillageTerrain,VillageTerrain,VillageTerrain] bounded=true
tick=3570 phase=following reason=path_ready wp=8 dist_wp=20.05 bearing_deg=-157.67 speed=0.000 pos=(56.384,0.006,33.973) thr=0.00 steer=-1.00 blocked=false attempts=0 stuck_s=0.00 pitch=-0.11 roll=0.00 normal_y=1.00 contacts=1[VillageTerrain] bounded=true
tick=3600 phase=following reason=path_ready wp=8 dist_wp=20.05 bearing_deg=-139.67 speed=0.000 pos=(56.384,0.000,33.973) thr=0.00 steer=-1.00 blocked=false attempts=0 stuck_s=0.00 pitch=-0.01 roll=0.00 normal_y=1.00 contacts=1[VillageTerrain] bounded=true
tick=3630 phase=following reason=path_ready wp=8 dist_wp=20.05 bearing_deg=-121.67 speed=0.000 pos=(56.384,0.000,33.973) thr=0.00 steer=-1.00 blocked=false attempts=0 stuck_s=0.00 pitch=-0.00 roll=0.00 normal_y=1.00 contacts=1[VillageTerrain] bounded=true
tick=3660 phase=following reason=path_ready wp=8 dist_wp=20.05 bearing_deg=-103.67 speed=0.000 pos=(56.384,0.000,33.973) thr=0.00 steer=-1.00 blocked=false attempts=0 stuck_s=0.00 pitch=-0.00 roll=0.00 normal_y=1.00 contacts=1[VillageTerrain] bounded=true
tick=3690 phase=following reason=path_ready wp=8 dist_wp=20.05 bearing_deg=-85.67 speed=0.000 pos=(56.384,0.000,33.973) thr=0.00 steer=-1.00 blocked=false attempts=0 stuck_s=0.00 pitch=-0.00 roll=0.00 normal_y=1.00 contacts=1[VillageTerrain] bounded=true
tick=3720 phase=following reason=path_ready wp=8 dist_wp=20.05 bearing_deg=-67.67 speed=0.000 pos=(56.384,0.000,33.973) thr=0.00 steer=-1.00 blocked=false attempts=0 stuck_s=0.00 pitch=-0.00 roll=0.00 normal_y=1.00 contacts=1[VillageTerrain] bounded=true
tick=3750 phase=following reason=path_ready wp=8 dist_wp=20.05 bearing_deg=-49.67 speed=0.000 pos=(56.384,0.000,33.973) thr=0.00 steer=-1.00 blocked=false attempts=0 stuck_s=0.00 pitch=-0.00 roll=0.00 normal_y=1.00 contacts=1[VillageTerrain] bounded=true
tick=3780 phase=following reason=path_ready wp=8 dist_wp=20.05 bearing_deg=-31.67 speed=0.000 pos=(56.384,0.000,33.973) thr=0.00 steer=-1.00 blocked=false attempts=0 stuck_s=0.00 pitch=-0.00 roll=0.00 normal_y=1.00 contacts=1[VillageTerrain] bounded=true
tick=3810 phase=following reason=path_ready wp=8 dist_wp=20.03 bearing_deg=-15.83 speed=0.119 pos=(56.359,0.003,33.960) thr=1.00 steer=-0.65 blocked=false attempts=0 stuck_s=0.08 pitch=0.04 roll=0.00 normal_y=1.00 contacts=3[VillageTerrain,VillageTerrain,VillageTerrain] bounded=true
tick=3840 phase=following reason=path_ready wp=8 dist_wp=18.88 bearing_deg=-8.22 speed=0.831 pos=(55.397,0.014,33.310) thr=1.00 steer=-0.34 blocked=false attempts=0 stuck_s=0.00 pitch=0.24 roll=0.00 normal_y=1.00 contacts=3[VillageTerrain,VillageTerrain,VillageTerrain] bounded=true
tick=3870 phase=following reason=path_ready wp=8 dist_wp=16.06 bearing_deg=-4.83 speed=1.533 pos=(53.195,0.014,31.509) thr=1.00 steer=-0.20 blocked=false attempts=0 stuck_s=0.00 pitch=0.25 roll=0.00 normal_y=1.00 contacts=3[VillageTerrain,VillageTerrain,VillageTerrain] bounded=true
tick=3900 phase=following reason=path_ready wp=8 dist_wp=11.58 bearing_deg=-3.41 speed=2.196 pos=(49.886,0.013,28.475) thr=0.89 steer=-0.14 blocked=false attempts=0 stuck_s=0.00 pitch=0.24 roll=0.00 normal_y=1.00 contacts=3[VillageTerrain,VillageTerrain,VillageTerrain] bounded=true
tick=3930 phase=following reason=path_ready wp=8 dist_wp=6.04 bearing_deg=-3.37 speed=2.499 pos=(45.950,0.008,24.569) thr=0.61 steer=-0.13 blocked=false attempts=0 stuck_s=0.00 pitch=0.13 roll=0.00 normal_y=1.00 contacts=3[VillageTerrain,VillageTerrain,VillageTerrain] bounded=true
tick=3960 phase=following reason=path_ready wp=8 dist_wp=0.24 bearing_deg=-50.91 speed=1.985 pos=(41.952,0.014,20.235) thr=0.00 steer=-1.00 blocked=false attempts=0 stuck_s=0.00 pitch=-0.24 roll=0.00 normal_y=1.00 contacts=3[VillageTerrain,VillageTerrain,VillageTerrain] bounded=true
tick=3990 phase=following reason=path_ready wp=8 dist_wp=2.42 bearing_deg=-165.33 speed=0.251 pos=(40.547,0.034,18.067) thr=0.00 steer=-1.00 blocked=false attempts=0 stuck_s=0.00 pitch=-0.61 roll=0.00 normal_y=1.00 contacts=3[VillageTerrain,VillageTerrain,VillageTerrain] bounded=true
tick=4020 phase=following reason=path_ready wp=8 dist_wp=2.45 bearing_deg=-147.56 speed=0.000 pos=(40.535,0.006,18.036) thr=0.00 steer=-1.00 blocked=false attempts=0 stuck_s=0.00 pitch=-0.09 roll=0.00 normal_y=1.00 contacts=1[VillageTerrain] bounded=true
tick=4050 phase=following reason=path_ready wp=8 dist_wp=2.45 bearing_deg=-129.56 speed=0.000 pos=(40.535,0.000,18.036) thr=0.00 steer=-1.00 blocked=false attempts=0 stuck_s=0.00 pitch=-0.00 roll=0.00 normal_y=1.00 contacts=1[VillageTerrain] bounded=true
tick=4080 phase=following reason=path_ready wp=8 dist_wp=2.45 bearing_deg=-111.56 speed=0.000 pos=(40.535,0.000,18.036) thr=0.00 steer=-1.00 blocked=false attempts=0 stuck_s=0.00 pitch=-0.00 roll=0.00 normal_y=1.00 contacts=1[VillageTerrain] bounded=true
tick=4110 phase=following reason=path_ready wp=8 dist_wp=2.45 bearing_deg=-93.56 speed=0.000 pos=(40.535,0.000,18.036) thr=0.00 steer=-1.00 blocked=false attempts=0 stuck_s=0.00 pitch=-0.00 roll=0.00 normal_y=1.00 contacts=1[VillageTerrain] bounded=true
tick=4140 phase=following reason=path_ready wp=8 dist_wp=2.45 bearing_deg=-75.56 speed=0.000 pos=(40.535,0.000,18.036) thr=0.00 steer=-1.00 blocked=false attempts=0 stuck_s=0.00 pitch=-0.00 roll=0.00 normal_y=1.00 contacts=1[VillageTerrain] bounded=true
tick=4170 phase=following reason=path_ready wp=8 dist_wp=2.45 bearing_deg=-57.56 speed=0.000 pos=(40.535,0.000,18.036) thr=0.00 steer=-1.00 blocked=false attempts=0 stuck_s=0.00 pitch=-0.00 roll=0.00 normal_y=1.00 contacts=1[VillageTerrain] bounded=true
tick=4200 phase=following reason=path_ready wp=8 dist_wp=2.45 bearing_deg=-39.56 speed=0.000 pos=(40.535,0.000,18.036) thr=0.00 steer=-1.00 blocked=false attempts=0 stuck_s=0.00 pitch=-0.00 roll=0.00 normal_y=1.00 contacts=1[VillageTerrain] bounded=true
tick=4230 phase=following reason=path_ready wp=8 dist_wp=2.45 bearing_deg=-21.75 speed=0.000 pos=(40.535,0.000,18.036) thr=0.00 steer=-0.89 blocked=false attempts=0 stuck_s=0.00 pitch=-0.00 roll=0.00 normal_y=1.00 contacts=1[VillageTerrain] bounded=true
tick=4260 phase=following reason=path_ready wp=8 dist_wp=2.45 bearing_deg=-10.49 speed=0.000 pos=(40.535,0.000,18.036) thr=0.30 steer=-0.43 blocked=false attempts=0 stuck_s=0.37 pitch=-0.00 roll=0.00 normal_y=1.00 contacts=1[VillageTerrain] bounded=true
tick=4290 phase=following reason=path_ready wp=8 dist_wp=2.45 bearing_deg=-5.06 speed=0.000 pos=(40.535,0.000,18.036) thr=0.30 steer=-0.21 blocked=false attempts=0 stuck_s=0.87 pitch=-0.00 roll=0.00 normal_y=1.00 contacts=1[VillageTerrain] bounded=true
tick=4320 phase=following reason=path_ready wp=8 dist_wp=2.45 bearing_deg=-2.44 speed=0.000 pos=(40.535,0.000,18.036) thr=0.30 steer=-0.10 blocked=false attempts=0 stuck_s=1.37 pitch=-0.00 roll=0.00 normal_y=1.00 contacts=1[VillageTerrain] bounded=true
tick=4350 phase=following reason=path_ready wp=8 dist_wp=2.45 bearing_deg=-1.18 speed=0.000 pos=(40.535,0.000,18.036) thr=0.30 steer=-0.05 blocked=false attempts=0 stuck_s=1.87 pitch=-0.00 roll=0.00 normal_y=1.00 contacts=1[VillageTerrain] bounded=true
tick=4380 phase=reverse reason=insufficient_actual_progress wp=8 dist_wp=2.51 bearing_deg=-0.92 speed=-0.072 pos=(40.497,0.002,17.987) thr=-0.75 steer=0.00 blocked=false attempts=1 stuck_s=0.00 pitch=-0.03 roll=0.00 normal_y=1.00 contacts=3[VillageTerrain,VillageTerrain,VillageTerrain] bounded=true
tick=4410 phase=reverse reason=insufficient_actual_progress wp=8 dist_wp=2.81 bearing_deg=-0.83 speed=-0.175 pos=(40.315,0.003,17.751) thr=-0.75 steer=0.00 blocked=false attempts=1 stuck_s=0.00 pitch=-0.04 roll=0.00 normal_y=1.00 contacts=3[VillageTerrain,VillageTerrain,VillageTerrain] bounded=true
tick=4440 phase=turn_recovery reason=reverse_complete wp=8 dist_wp=3.19 bearing_deg=-6.08 speed=0.000 pos=(40.080,0.005,17.447) thr=0.00 steer=1.00 blocked=false attempts=1 stuck_s=0.00 pitch=0.10 roll=0.00 normal_y=1.00 contacts=1[VillageTerrain] bounded=true
tick=4470 phase=turn_recovery reason=reverse_complete wp=8 dist_wp=3.19 bearing_deg=-24.08 speed=0.000 pos=(40.080,0.001,17.447) thr=0.00 steer=1.00 blocked=false attempts=1 stuck_s=0.00 pitch=0.01 roll=0.00 normal_y=1.00 contacts=1[VillageTerrain] bounded=true
tick=4500 phase=following reason=path_ready wp=0 dist_wp=3.19 bearing_deg=-13.45 speed=0.007 pos=(40.080,0.001,17.447) thr=0.38 steer=-0.55 blocked=false attempts=1 stuck_s=0.18 pitch=0.00 roll=0.00 normal_y=1.00 contacts=1[VillageTerrain] bounded=true
tick=4530 phase=following reason=path_ready wp=0 dist_wp=3.16 bearing_deg=-6.57 speed=0.025 pos=(40.105,0.001,17.472) thr=0.38 steer=-0.27 blocked=false attempts=1 stuck_s=0.68 pitch=0.01 roll=0.00 normal_y=1.00 contacts=3[VillageTerrain,VillageTerrain,VillageTerrain] bounded=true
tick=4560 phase=following reason=path_ready wp=0 dist_wp=3.08 bearing_deg=-3.25 speed=0.038 pos=(40.156,0.001,17.530) thr=0.37 steer=-0.13 blocked=false attempts=1 stuck_s=1.18 pitch=0.00 roll=0.00 normal_y=1.00 contacts=3[VillageTerrain,VillageTerrain,VillageTerrain] bounded=true
tick=4590 phase=following reason=path_ready wp=0 dist_wp=2.98 bearing_deg=-1.62 speed=0.044 pos=(40.219,0.001,17.608) thr=0.36 steer=-0.07 blocked=false attempts=1 stuck_s=1.68 pitch=0.00 roll=0.00 normal_y=1.00 contacts=3[VillageTerrain,VillageTerrain,VillageTerrain] bounded=true
tick=4620 phase=reverse reason=insufficient_actual_progress wp=0 dist_wp=2.92 bearing_deg=-1.02 speed=-0.031 pos=(40.255,0.003,17.654) thr=-0.75 steer=0.00 blocked=false attempts=2 stuck_s=0.00 pitch=-0.04 roll=0.00 normal_y=1.00 contacts=3[VillageTerrain,VillageTerrain,VillageTerrain] bounded=true
tick=4650 phase=reverse reason=insufficient_actual_progress wp=0 dist_wp=3.12 bearing_deg=-0.95 speed=-0.134 pos=(40.133,0.003,17.496) thr=-0.75 steer=0.00 blocked=false attempts=2 stuck_s=0.00 pitch=-0.04 roll=0.00 normal_y=1.00 contacts=3[VillageTerrain,VillageTerrain,VillageTerrain] bounded=true
tick=4680 phase=reverse reason=insufficient_actual_progress wp=0 dist_wp=3.57 bearing_deg=-0.84 speed=-0.236 pos=(39.862,0.003,17.144) thr=-0.75 steer=0.00 blocked=false attempts=2 stuck_s=0.00 pitch=-0.04 roll=0.00 normal_y=1.00 contacts=3[VillageTerrain,VillageTerrain,VillageTerrain] bounded=true
tick=4710 phase=turn_recovery reason=reverse_complete wp=0 dist_wp=3.64 bearing_deg=15.94 speed=0.000 pos=(39.821,0.002,17.090) thr=0.00 steer=-1.00 blocked=false attempts=2 stuck_s=0.00 pitch=0.03 roll=0.00 normal_y=1.00 contacts=1[VillageTerrain] bounded=true
tick=4740 phase=following reason=path_ready wp=0 dist_wp=3.64 bearing_deg=16.50 speed=0.005 pos=(39.821,0.001,17.090) thr=0.42 steer=0.68 blocked=false attempts=2 stuck_s=0.05 pitch=0.00 roll=0.00 normal_y=1.00 contacts=1[VillageTerrain] bounded=true
tick=4770 phase=following reason=path_ready wp=0 dist_wp=3.56 bearing_deg=8.13 speed=0.054 pos=(39.853,0.002,17.155) thr=0.41 steer=0.33 blocked=false attempts=2 stuck_s=0.55 pitch=0.02 roll=0.00 normal_y=1.00 contacts=3[VillageTerrain,VillageTerrain,VillageTerrain] bounded=true
tick=4800 phase=following reason=path_ready wp=0 dist_wp=3.38 bearing_deg=4.14 speed=0.095 pos=(39.948,0.002,17.310) thr=0.40 steer=0.17 blocked=false attempts=2 stuck_s=1.05 pitch=0.01 roll=0.00 normal_y=1.00 contacts=3[VillageTerrain,VillageTerrain,VillageTerrain] bounded=true
tick=4830 phase=following reason=path_ready wp=0 dist_wp=3.13 bearing_deg=2.17 speed=0.118 pos=(40.094,0.001,17.523) thr=0.37 steer=0.09 blocked=false attempts=2 stuck_s=0.27 pitch=0.01 roll=0.00 normal_y=1.00 contacts=3[VillageTerrain,VillageTerrain,VillageTerrain] bounded=true
tick=4860 phase=following reason=path_ready wp=0 dist_wp=2.84 bearing_deg=1.16 speed=0.121 pos=(40.265,0.001,17.757) thr=0.34 steer=0.05 blocked=false attempts=2 stuck_s=0.13 pitch=0.00 roll=0.00 normal_y=1.00 contacts=3[VillageTerrain,VillageTerrain,VillageTerrain] bounded=true
tick=4890 phase=following reason=path_ready wp=0 dist_wp=2.57 bearing_deg=0.79 speed=0.099 pos=(40.424,0.001,17.969) thr=0.31 steer=0.00 blocked=false attempts=2 stuck_s=0.63 pitch=-0.01 roll=0.00 normal_y=1.00 contacts=3[VillageTerrain,VillageTerrain,VillageTerrain] bounded=true
tick=4920 phase=following reason=path_ready wp=0 dist_wp=2.38 bearing_deg=0.79 speed=0.073 pos=(40.541,0.001,18.124) thr=0.29 steer=0.00 blocked=false attempts=2 stuck_s=0.48 pitch=-0.01 roll=0.00 normal_y=1.00 contacts=3[VillageTerrain,VillageTerrain,VillageTerrain] bounded=true
tick=4950 phase=following reason=path_ready wp=0 dist_wp=2.22 bearing_deg=0.79 speed=0.055 pos=(40.635,0.001,18.248) thr=0.27 steer=0.00 blocked=false attempts=2 stuck_s=0.98 pitch=-0.01 roll=0.00 normal_y=1.00 contacts=3[VillageTerrain,VillageTerrain,VillageTerrain] bounded=true
tick=4980 phase=following reason=path_ready wp=0 dist_wp=2.13 bearing_deg=0.78 speed=0.023 pos=(40.691,0.002,18.323) thr=0.25 steer=0.00 blocked=false attempts=2 stuck_s=0.47 pitch=-0.01 roll=0.00 normal_y=1.00 contacts=3[VillageTerrain,VillageTerrain,VillageTerrain] bounded=true
tick=5010 phase=following reason=path_ready wp=0 dist_wp=2.11 bearing_deg=0.79 speed=0.000 pos=(40.699,0.000,18.333) thr=0.25 steer=0.00 blocked=false attempts=2 stuck_s=0.97 pitch=-0.01 roll=0.00 normal_y=1.00 contacts=1[VillageTerrain] bounded=true
tick=5040 phase=following reason=path_ready wp=0 dist_wp=2.11 bearing_deg=0.79 speed=0.000 pos=(40.699,0.000,18.333) thr=0.25 steer=0.00 blocked=false attempts=2 stuck_s=1.47 pitch=-0.00 roll=0.00 normal_y=1.00 contacts=1[VillageTerrain] bounded=true
tick=5070 phase=following reason=path_ready wp=0 dist_wp=2.11 bearing_deg=0.79 speed=0.000 pos=(40.699,0.000,18.333) thr=0.25 steer=0.00 blocked=false attempts=2 stuck_s=1.97 pitch=-0.00 roll=0.00 normal_y=1.00 contacts=1[VillageTerrain] bounded=true
tick=5100 phase=reverse reason=insufficient_actual_progress wp=0 dist_wp=2.26 bearing_deg=0.74 speed=-0.131 pos=(40.612,0.003,18.218) thr=-0.75 steer=0.00 blocked=false attempts=3 stuck_s=0.00 pitch=-0.05 roll=0.00 normal_y=1.00 contacts=3[VillageTerrain,VillageTerrain,VillageTerrain] bounded=true
tick=5130 phase=reverse reason=insufficient_actual_progress wp=0 dist_wp=2.74 bearing_deg=0.61 speed=-0.255 pos=(40.323,0.003,17.837) thr=-0.75 steer=0.00 blocked=false attempts=3 stuck_s=0.00 pitch=-0.04 roll=0.00 normal_y=1.00 contacts=3[VillageTerrain,VillageTerrain,VillageTerrain] bounded=true
tick=5160 phase=turn_recovery reason=reverse_complete wp=0 dist_wp=3.12 bearing_deg=-8.40 speed=0.000 pos=(40.089,0.007,17.530) thr=0.00 steer=1.00 blocked=false attempts=3 stuck_s=0.00 pitch=0.12 roll=0.00 normal_y=1.00 contacts=1[VillageTerrain] bounded=true
tick=5190 phase=following reason=path_ready wp=0 dist_wp=3.12 bearing_deg=-22.87 speed=0.000 pos=(40.089,0.001,17.530) thr=0.00 steer=-0.94 blocked=false attempts=3 stuck_s=0.00 pitch=0.01 roll=0.00 normal_y=1.00 contacts=1[VillageTerrain] bounded=true
tick=5220 phase=following reason=path_ready wp=0 dist_wp=3.12 bearing_deg=-11.03 speed=0.009 pos=(40.089,0.001,17.530) thr=0.37 steer=-0.45 blocked=false attempts=3 stuck_s=0.33 pitch=0.00 roll=0.00 normal_y=1.00 contacts=1[VillageTerrain] bounded=true
tick=5250 phase=following reason=path_ready wp=0 dist_wp=3.09 bearing_deg=-5.39 speed=0.021 pos=(40.113,0.001,17.555) thr=0.37 steer=-0.22 blocked=false attempts=3 stuck_s=0.83 pitch=0.00 roll=0.00 normal_y=1.00 contacts=3[VillageTerrain,VillageTerrain,VillageTerrain] bounded=true
tick=5280 phase=following reason=path_ready wp=0 dist_wp=3.03 bearing_deg=-2.65 speed=0.029 pos=(40.154,0.001,17.601) thr=0.36 steer=-0.11 blocked=false attempts=3 stuck_s=1.33 pitch=0.00 roll=0.00 normal_y=1.00 contacts=3[VillageTerrain,VillageTerrain,VillageTerrain] bounded=true
tick=5310 phase=following reason=path_ready wp=0 dist_wp=2.95 bearing_deg=-1.31 speed=0.032 pos=(40.201,0.001,17.658) thr=0.35 steer=-0.05 blocked=false attempts=3 stuck_s=1.83 pitch=0.00 roll=0.00 normal_y=1.00 contacts=3[VillageTerrain,VillageTerrain,VillageTerrain] bounded=true
