tick=0 phase=following reason=path_ready wp=1 dist_wp=13.42 bearing_deg=-26.57 speed=0.000 pos=(-27.000,0.007,-116.000) thr=0.00 steer=-1.00 blocked=false bounded=true
tick=30 phase=following reason=path_ready wp=1 dist_wp=13.33 bearing_deg=-13.27 speed=0.185 pos=(-27.019,0.005,-115.910) thr=0.95 steer=-0.54 blocked=false bounded=true
tick=60 phase=following reason=path_ready wp=1 dist_wp=12.38 bearing_deg=-6.98 speed=0.634 pos=(-27.316,0.009,-114.996) thr=0.91 steer=-0.28 blocked=false bounded=true
tick=90 phase=following reason=path_ready wp=1 dist_wp=10.45 bearing_deg=-4.09 speed=1.033 pos=(-28.061,0.008,-113.208) thr=0.83 steer=-0.17 blocked=false bounded=true
tick=120 phase=following reason=path_ready wp=1 dist_wp=7.70 bearing_deg=-2.77 speed=1.345 pos=(-29.244,0.007,-110.720) thr=0.70 steer=-0.11 blocked=false bounded=true
tick=150 phase=following reason=path_ready wp=1 dist_wp=4.38 bearing_deg=-2.45 speed=1.526 pos=(-30.773,0.004,-107.766) thr=0.49 steer=-0.10 blocked=false bounded=true
tick=180 phase=following reason=path_ready wp=1 dist_wp=0.97 bearing_deg=-5.61 speed=1.160 pos=(-32.433,0.008,-104.782) thr=0.00 steer=-0.21 blocked=false bounded=true
tick=210 phase=following reason=path_ready wp=2 dist_wp=20.51 bearing_deg=-63.57 speed=0.000 pos=(-32.864,0.019,-104.083) thr=0.00 steer=-1.00 blocked=false bounded=true
tick=240 phase=following reason=path_ready wp=2 dist_wp=20.51 bearing_deg=-45.57 speed=0.000 pos=(-32.864,0.002,-104.083) thr=0.00 steer=-1.00 blocked=false bounded=true
tick=270 phase=following reason=path_ready wp=2 dist_wp=20.51 bearing_deg=-27.57 speed=0.000 pos=(-32.864,0.001,-104.083) thr=0.00 steer=-1.00 blocked=false bounded=true
tick=300 phase=following reason=path_ready wp=2 dist_wp=20.41 bearing_deg=-13.47 speed=0.200 pos=(-32.964,0.005,-104.087) thr=1.00 steer=-0.55 blocked=false bounded=true
tick=330 phase=following reason=path_ready wp=2 dist_wp=19.38 bearing_deg=-6.94 speed=0.698 pos=(-34.000,0.010,-104.233) thr=1.00 steer=-0.28 blocked=false bounded=true
tick=360 phase=following reason=path_ready wp=2 dist_wp=17.20 bearing_deg=-3.87 speed=1.190 pos=(-36.129,0.010,-104.709) thr=1.00 steer=-0.16 blocked=false bounded=true
tick=390 phase=following reason=path_ready wp=2 dist_wp=13.91 bearing_deg=-2.41 speed=1.675 pos=(-39.315,0.010,-105.578) thr=0.98 steer=-0.10 blocked=false bounded=true
tick=420 phase=following reason=path_ready wp=2 dist_wp=9.58 bearing_deg=-1.78 speed=2.071 pos=(-43.461,0.008,-106.838) thr=0.80 steer=-0.07 blocked=false bounded=true
tick=450 phase=following reason=path_ready wp=2 dist_wp=4.59 bearing_deg=-1.91 speed=2.168 pos=(-48.204,0.002,-108.389) thr=0.51 steer=-0.08 blocked=false bounded=true
tick=480 phase=following reason=path_ready wp=2 dist_wp=0.14 bearing_deg=-35.45 speed=1.326 pos=(-52.428,0.021,-109.888) thr=0.00 steer=-0.83 blocked=false bounded=true
tick=510 phase=following reason=path_ready wp=3 dist_wp=19.08 bearing_deg=11.04 speed=0.527 pos=(-53.715,0.012,-110.541) thr=1.00 steer=0.45 blocked=false bounded=true
tick=540 phase=following reason=path_ready wp=3 dist_wp=17.31 bearing_deg=6.01 speed=1.020 pos=(-55.351,0.009,-111.273) thr=1.00 steer=0.24 blocked=false bounded=true
tick=570 phase=following reason=path_ready wp=3 dist_wp=14.40 bearing_deg=3.62 speed=1.508 pos=(-58.090,0.010,-112.268) thr=1.00 steer=0.15 blocked=false bounded=true
tick=600 phase=following reason=path_ready wp=3 dist_wp=10.43 bearing_deg=2.54 speed=1.926 pos=(-61.880,0.009,-113.463) thr=0.84 steer=0.10 blocked=false bounded=true
tick=630 phase=following reason=path_ready wp=3 dist_wp=5.67 bearing_deg=2.40 speed=2.208 pos=(-66.470,0.006,-114.760) thr=0.58 steer=0.10 blocked=false bounded=true
tick=660 phase=following reason=path_ready wp=3 dist_wp=0.78 bearing_deg=9.06 speed=1.759 pos=(-71.224,0.010,-115.952) thr=0.00 steer=0.32 blocked=false bounded=true
tick=690 phase=following reason=path_ready wp=4 dist_wp=22.26 bearing_deg=89.75 speed=0.117 pos=(-73.263,0.032,-116.220) thr=0.00 steer=1.00 blocked=false bounded=true
tick=720 phase=following reason=path_ready wp=4 dist_wp=22.26 bearing_deg=71.76 speed=0.000 pos=(-73.268,0.004,-116.219) thr=0.00 steer=1.00 blocked=false bounded=true
tick=750 phase=following reason=path_ready wp=4 dist_wp=22.26 bearing_deg=53.76 speed=0.000 pos=(-73.268,0.000,-116.219) thr=0.00 steer=1.00 blocked=false bounded=true
tick=780 phase=following reason=path_ready wp=4 dist_wp=22.26 bearing_deg=35.76 speed=0.000 pos=(-73.268,0.000,-116.219) thr=0.00 steer=1.00 blocked=false bounded=true
tick=810 phase=following reason=path_ready wp=4 dist_wp=22.26 bearing_deg=18.65 speed=0.000 pos=(-73.268,0.000,-116.219) thr=0.00 steer=0.76 blocked=false bounded=true
tick=840 phase=following reason=path_ready wp=4 dist_wp=21.62 bearing_deg=9.34 speed=0.591 pos=(-73.359,0.012,-115.576) thr=1.00 steer=0.38 blocked=false bounded=true
tick=870 phase=following reason=path_ready wp=4 dist_wp=19.49 bearing_deg=5.13 speed=1.257 pos=(-73.459,0.013,-113.437) thr=1.00 steer=0.21 blocked=false bounded=true
tick=900 phase=following reason=path_ready wp=4 dist_wp=15.80 bearing_deg=3.20 speed=1.952 pos=(-73.408,0.014,-109.733) thr=1.00 steer=0.13 blocked=false bounded=true
tick=930 phase=following reason=path_ready wp=4 dist_wp=10.74 bearing_deg=2.42 speed=2.377 pos=(-73.150,0.008,-104.682) thr=0.85 steer=0.10 blocked=false bounded=true
tick=960 phase=following reason=path_ready wp=4 dist_wp=4.73 bearing_deg=2.86 speed=2.826 pos=(-72.672,0.009,-98.677) thr=0.52 steer=0.11 blocked=false bounded=true
tick=990 phase=following reason=path_ready wp=4 dist_wp=1.04 bearing_deg=170.33 speed=1.823 pos=(-71.944,0.023,-92.960) thr=0.00 steer=1.00 blocked=false bounded=true
tick=1020 phase=following reason=path_ready wp=4 dist_wp=3.29 bearing_deg=164.22 speed=0.237 pos=(-71.189,0.032,-90.809) thr=0.00 steer=1.00 blocked=false bounded=true
tick=1050 phase=following reason=path_ready wp=4 dist_wp=3.32 bearing_deg=146.40 speed=0.000 pos=(-71.172,0.005,-90.781) thr=0.00 steer=1.00 blocked=false bounded=true
tick=1080 phase=following reason=path_ready wp=4 dist_wp=3.32 bearing_deg=128.40 speed=0.000 pos=(-71.172,0.001,-90.781) thr=0.00 steer=1.00 blocked=false bounded=true
tick=1110 phase=following reason=path_ready wp=4 dist_wp=3.32 bearing_deg=110.40 speed=0.000 pos=(-71.172,0.000,-90.781) thr=0.00 steer=1.00 blocked=false bounded=true
tick=1140 phase=following reason=path_ready wp=4 dist_wp=3.32 bearing_deg=92.40 speed=0.000 pos=(-71.172,0.000,-90.781) thr=0.00 steer=1.00 blocked=false bounded=true
tick=1170 phase=following reason=path_ready wp=4 dist_wp=3.32 bearing_deg=74.40 speed=0.000 pos=(-71.172,0.000,-90.781) thr=0.00 steer=1.00 blocked=false bounded=true
tick=1200 phase=following reason=path_ready wp=4 dist_wp=3.32 bearing_deg=56.40 speed=0.000 pos=(-71.172,0.000,-90.781) thr=0.00 steer=1.00 blocked=false bounded=true
tick=1230 phase=following reason=path_ready wp=4 dist_wp=3.32 bearing_deg=38.40 speed=0.000 pos=(-71.172,0.000,-90.781) thr=0.00 steer=1.00 blocked=false bounded=true
tick=1260 phase=following reason=path_ready wp=4 dist_wp=3.32 bearing_deg=20.75 speed=0.000 pos=(-71.172,0.000,-90.781) thr=0.00 steer=0.85 blocked=false bounded=true
tick=1290 phase=following reason=path_ready wp=4 dist_wp=3.14 bearing_deg=10.62 speed=0.191 pos=(-71.179,0.005,-90.965) thr=0.38 steer=0.43 blocked=false bounded=true
tick=1320 phase=following reason=path_ready wp=4 dist_wp=2.46 bearing_deg=6.63 speed=0.396 pos=(-71.277,0.005,-91.650) thr=0.30 steer=0.27 blocked=false bounded=true
tick=1350 phase=following reason=path_ready wp=4 dist_wp=1.40 bearing_deg=5.72 speed=0.506 pos=(-71.512,0.003,-92.689) thr=0.11 steer=0.23 blocked=false bounded=true
tick=1380 phase=following reason=path_ready wp=5 dist_wp=20.96 bearing_deg=149.01 speed=0.000 pos=(-71.588,0.006,-92.960) thr=0.00 steer=1.00 blocked=false bounded=true
tick=1410 phase=following reason=path_ready wp=5 dist_wp=20.96 bearing_deg=131.01 speed=0.000 pos=(-71.588,0.000,-92.960) thr=0.00 steer=1.00 blocked=false bounded=true
tick=1440 phase=following reason=path_ready wp=5 dist_wp=20.96 bearing_deg=113.01 speed=0.000 pos=(-71.588,0.000,-92.960) thr=0.00 steer=1.00 blocked=false bounded=true
tick=1470 phase=following reason=path_ready wp=5 dist_wp=20.96 bearing_deg=95.01 speed=0.000 pos=(-71.588,0.000,-92.960) thr=0.00 steer=1.00 blocked=false bounded=true
tick=1500 phase=following reason=path_ready wp=5 dist_wp=20.96 bearing_deg=77.01 speed=0.000 pos=(-71.588,0.000,-92.960) thr=0.00 steer=1.00 blocked=false bounded=true
tick=1530 phase=following reason=path_ready wp=5 dist_wp=20.96 bearing_deg=59.01 speed=0.000 pos=(-71.588,0.000,-92.960) thr=0.00 steer=1.00 blocked=false bounded=true
tick=1560 phase=following reason=path_ready wp=5 dist_wp=20.96 bearing_deg=41.01 speed=0.000 pos=(-71.588,0.000,-92.960) thr=0.00 steer=1.00 blocked=false bounded=true
tick=1590 phase=following reason=path_ready wp=5 dist_wp=20.96 bearing_deg=23.06 speed=0.000 pos=(-71.588,0.000,-92.960) thr=0.00 steer=0.95 blocked=false bounded=true
tick=1620 phase=following reason=path_ready wp=5 dist_wp=20.63 bearing_deg=11.36 speed=0.452 pos=(-71.672,0.011,-92.625) thr=1.00 steer=0.46 blocked=false bounded=true
tick=1650 phase=following reason=path_ready wp=5 dist_wp=18.77 bearing_deg=6.16 speed=1.160 pos=(-71.948,0.014,-90.771) thr=1.00 steer=0.25 blocked=false bounded=true
tick=1680 phase=following reason=path_ready wp=5 dist_wp=15.30 bearing_deg=3.81 speed=1.857 pos=(-72.212,0.014,-87.297) thr=1.00 steer=0.15 blocked=false bounded=true
tick=1710 phase=following reason=path_ready wp=5 dist_wp=10.39 bearing_deg=2.88 speed=2.284 pos=(-72.367,0.008,-82.380) thr=0.83 steer=0.12 blocked=false bounded=true
tick=1740 phase=following reason=path_ready wp=5 dist_wp=4.60 bearing_deg=3.38 speed=2.723 pos=(-72.353,0.009,-76.582) thr=0.51 steer=0.13 blocked=false bounded=true
tick=1770 phase=following reason=path_ready wp=5 dist_wp=0.93 bearing_deg=168.25 speed=1.720 pos=(-72.046,0.023,-71.067) thr=0.00 steer=1.00 blocked=false bounded=true
tick=1800 phase=following reason=path_ready wp=5 dist_wp=2.95 bearing_deg=163.36 speed=0.138 pos=(-71.507,0.032,-69.089) thr=0.00 steer=1.00 blocked=false bounded=true
tick=1830 phase=following reason=path_ready wp=5 dist_wp=2.96 bearing_deg=145.42 speed=0.000 pos=(-71.503,0.004,-69.081) thr=0.00 steer=1.00 blocked=false bounded=true
tick=1860 phase=following reason=path_ready wp=5 dist_wp=2.96 bearing_deg=127.42 speed=0.000 pos=(-71.503,0.001,-69.081) thr=0.00 steer=1.00 blocked=false bounded=true
tick=1890 phase=following reason=path_ready wp=5 dist_wp=2.96 bearing_deg=109.42 speed=0.000 pos=(-71.503,0.000,-69.081) thr=0.00 steer=1.00 blocked=false bounded=true
tick=1920 phase=following reason=path_ready wp=5 dist_wp=2.96 bearing_deg=91.42 speed=0.000 pos=(-71.503,0.000,-69.081) thr=0.00 steer=1.00 blocked=false bounded=true
tick=1950 phase=following reason=path_ready wp=5 dist_wp=2.96 bearing_deg=73.42 speed=0.000 pos=(-71.503,0.000,-69.081) thr=0.00 steer=1.00 blocked=false bounded=true
tick=1980 phase=following reason=path_ready wp=5 dist_wp=2.96 bearing_deg=55.42 speed=0.000 pos=(-71.503,0.000,-69.081) thr=0.00 steer=1.00 blocked=false bounded=true
tick=2010 phase=following reason=path_ready wp=5 dist_wp=2.96 bearing_deg=37.42 speed=0.000 pos=(-71.503,0.000,-69.081) thr=0.00 steer=1.00 blocked=false bounded=true
tick=2040 phase=following reason=path_ready wp=5 dist_wp=2.96 bearing_deg=19.95 speed=0.000 pos=(-71.503,0.000,-69.081) thr=0.00 steer=0.82 blocked=false bounded=true
tick=2070 phase=following reason=path_ready wp=5 dist_wp=2.79 bearing_deg=10.25 speed=0.176 pos=(-71.496,0.004,-69.257) thr=0.34 steer=0.42 blocked=false bounded=true
tick=2100 phase=following reason=path_ready wp=5 dist_wp=2.17 bearing_deg=6.41 speed=0.351 pos=(-71.536,0.004,-69.877) thr=0.26 steer=0.26 blocked=false bounded=true
tick=2130 phase=following reason=path_ready wp=5 dist_wp=1.26 bearing_deg=5.44 speed=0.376 pos=(-71.666,0.002,-70.789) thr=0.02 steer=0.22 blocked=false bounded=true
tick=2160 phase=following reason=path_ready wp=6 dist_wp=20.88 bearing_deg=151.64 speed=0.000 pos=(-71.683,0.004,-70.877) thr=0.00 steer=1.00 blocked=false bounded=true
tick=2190 phase=following reason=path_ready wp=6 dist_wp=20.88 bearing_deg=133.64 speed=0.000 pos=(-71.683,0.001,-70.877) thr=0.00 steer=1.00 blocked=false bounded=true
tick=2220 phase=following reason=path_ready wp=6 dist_wp=20.88 bearing_deg=115.64 speed=0.000 pos=(-71.683,0.001,-70.877) thr=0.00 steer=1.00 blocked=false bounded=true
tick=2250 phase=following reason=path_ready wp=6 dist_wp=20.88 bearing_deg=97.64 speed=0.000 pos=(-71.683,0.001,-70.877) thr=0.00 steer=1.00 blocked=false bounded=true
tick=2280 phase=following reason=path_ready wp=6 dist_wp=20.88 bearing_deg=79.64 speed=0.000 pos=(-71.683,0.001,-70.877) thr=0.00 steer=1.00 blocked=false bounded=true
tick=2310 phase=following reason=path_ready wp=6 dist_wp=20.88 bearing_deg=61.64 speed=0.000 pos=(-71.683,0.001,-70.877) thr=0.00 steer=1.00 blocked=false bounded=true
tick=2340 phase=following reason=path_ready wp=6 dist_wp=20.88 bearing_deg=43.64 speed=0.000 pos=(-71.683,0.001,-70.877) thr=0.00 steer=1.00 blocked=false bounded=true
tick=2370 phase=following reason=path_ready wp=6 dist_wp=20.88 bearing_deg=25.64 speed=0.000 pos=(-71.683,0.001,-70.877) thr=0.00 steer=1.00 blocked=false bounded=true
tick=2400 phase=following reason=path_ready wp=6 dist_wp=20.67 bearing_deg=12.54 speed=0.357 pos=(-71.739,0.009,-70.666) thr=1.00 steer=0.51 blocked=false bounded=true
tick=2430 phase=following reason=path_ready wp=6 dist_wp=19.03 bearing_deg=6.71 speed=1.066 pos=(-71.998,0.014,-69.028) thr=1.00 steer=0.27 blocked=false bounded=true
tick=2460 phase=following reason=path_ready wp=6 dist_wp=15.77 bearing_deg=4.07 speed=1.765 pos=(-72.258,0.014,-65.768) thr=1.00 steer=0.17 blocked=false bounded=true
tick=2490 phase=following reason=path_ready wp=6 dist_wp=11.00 bearing_deg=2.99 speed=2.262 pos=(-72.411,0.010,-60.989) thr=0.86 steer=0.12 blocked=false bounded=true
tick=2520 phase=following reason=path_ready wp=6 dist_wp=5.35 bearing_deg=3.18 speed=2.676 pos=(-72.395,0.009,-55.331) thr=0.57 steer=0.13 blocked=false bounded=true
tick=2550 phase=following reason=path_ready wp=6 dist_wp=0.46 bearing_deg=158.33 speed=1.929 pos=(-72.116,0.019,-49.551) thr=0.00 steer=1.00 blocked=false bounded=true
tick=2580 phase=following reason=path_ready wp=6 dist_wp=2.93 bearing_deg=165.23 speed=0.339 pos=(-71.510,0.032,-47.110) thr=0.00 steer=1.00 blocked=false bounded=true
tick=2610 phase=following reason=path_ready wp=6 dist_wp=3.00 bearing_deg=147.66 speed=0.000 pos=(-71.478,0.006,-47.045) thr=0.00 steer=1.00 blocked=false bounded=true
tick=2640 phase=following reason=path_ready wp=6 dist_wp=3.00 bearing_deg=129.67 speed=0.000 pos=(-71.477,0.001,-47.045) thr=0.00 steer=1.00 blocked=false bounded=true
tick=2670 phase=following reason=path_ready wp=6 dist_wp=3.00 bearing_deg=111.69 speed=0.000 pos=(-71.476,0.001,-47.045) thr=0.00 steer=1.00 blocked=false bounded=true
tick=2700 phase=following reason=path_ready wp=6 dist_wp=3.00 bearing_deg=93.70 speed=0.000 pos=(-71.476,0.001,-47.045) thr=0.00 steer=1.00 blocked=false bounded=true
tick=2730 phase=following reason=path_ready wp=6 dist_wp=3.00 bearing_deg=75.71 speed=0.000 pos=(-71.475,0.001,-47.045) thr=0.00 steer=1.00 blocked=false bounded=true
tick=2760 phase=following reason=path_ready wp=6 dist_wp=3.00 bearing_deg=57.73 speed=0.000 pos=(-71.474,0.001,-47.045) thr=0.00 steer=1.00 blocked=false bounded=true
tick=2790 phase=following reason=path_ready wp=6 dist_wp=3.00 bearing_deg=39.74 speed=0.000 pos=(-71.473,0.001,-47.045) thr=0.00 steer=1.00 blocked=false bounded=true
tick=2820 phase=following reason=path_ready wp=6 dist_wp=3.00 bearing_deg=21.92 speed=0.000 pos=(-71.473,0.001,-47.045) thr=0.00 steer=0.90 blocked=false bounded=true
tick=2850 phase=following reason=path_ready wp=6 dist_wp=2.88 bearing_deg=11.07 speed=0.151 pos=(-71.467,0.004,-47.172) thr=0.35 steer=0.45 blocked=false bounded=true
tick=2880 phase=following reason=path_ready wp=6 dist_wp=2.31 bearing_deg=6.73 speed=0.337 pos=(-71.500,0.004,-47.747) thr=0.28 steer=0.27 blocked=false bounded=true
tick=2910 phase=following reason=path_ready wp=6 dist_wp=1.40 bearing_deg=5.46 speed=0.437 pos=(-71.628,0.003,-48.653) thr=0.11 steer=0.22 blocked=false bounded=true
tick=2940 phase=following reason=path_ready wp=7 dist_wp=20.19 bearing_deg=-129.05 speed=0.000 pos=(-71.666,0.006,-48.874) thr=0.00 steer=-1.00 blocked=false bounded=true
tick=2970 phase=following reason=path_ready wp=7 dist_wp=20.19 bearing_deg=-111.05 speed=0.000 pos=(-71.666,0.001,-48.874) thr=0.00 steer=-1.00 blocked=false bounded=true
tick=3000 phase=following reason=path_ready wp=7 dist_wp=20.19 bearing_deg=-93.05 speed=0.000 pos=(-71.665,0.001,-48.874) thr=0.00 steer=-1.00 blocked=false bounded=true
tick=3030 phase=following reason=path_ready wp=7 dist_wp=20.19 bearing_deg=-75.05 speed=0.000 pos=(-71.664,0.001,-48.874) thr=0.00 steer=-1.00 blocked=false bounded=true
tick=3060 phase=following reason=path_ready wp=7 dist_wp=20.19 bearing_deg=-57.05 speed=0.000 pos=(-71.664,0.001,-48.874) thr=0.00 steer=-1.00 blocked=false bounded=true
tick=3090 phase=following reason=path_ready wp=7 dist_wp=20.19 bearing_deg=-39.05 speed=0.000 pos=(-71.663,0.001,-48.874) thr=0.00 steer=-1.00 blocked=false bounded=true
tick=3120 phase=following reason=path_ready wp=7 dist_wp=20.19 bearing_deg=-21.31 speed=0.000 pos=(-71.662,0.001,-48.874) thr=0.00 steer=-0.87 blocked=false bounded=true
tick=3150 phase=following reason=path_ready wp=7 dist_wp=19.70 bearing_deg=-10.60 speed=0.547 pos=(-71.232,0.012,-48.616) thr=1.00 steer=-0.43 blocked=false bounded=true
tick=3180 phase=following reason=path_ready wp=7 dist_wp=17.62 bearing_deg=-5.87 speed=1.254 pos=(-69.553,0.014,-47.368) thr=1.00 steer=-0.24 blocked=false bounded=true
tick=3210 phase=following reason=path_ready wp=7 dist_wp=13.94 bearing_deg=-3.76 speed=1.947 pos=(-66.745,0.014,-44.965) thr=0.98 steer=-0.15 blocked=false bounded=true
tick=3240 phase=following reason=path_ready wp=7 dist_wp=8.92 bearing_deg=-3.02 speed=2.338 pos=(-63.077,0.007,-41.536) thr=0.77 steer=-0.12 blocked=false bounded=true
tick=3270 phase=following reason=path_ready wp=7 dist_wp=3.09 bearing_deg=-4.54 speed=2.706 pos=(-58.953,0.008,-37.391) thr=0.39 steer=-0.17 blocked=false bounded=true
tick=3300 phase=following reason=path_ready wp=7 dist_wp=1.59 bearing_deg=-170.10 speed=1.273 pos=(-55.927,0.028,-33.821) thr=0.00 steer=-1.00 blocked=false bounded=true
tick=3330 phase=following reason=path_ready wp=7 dist_wp=2.70 bearing_deg=-158.58 speed=0.000 pos=(-55.405,0.026,-32.822) thr=0.00 steer=-1.00 blocked=false bounded=true
tick=3360 phase=following reason=path_ready wp=7 dist_wp=2.70 bearing_deg=-140.58 speed=0.000 pos=(-55.405,0.002,-32.822) thr=0.00 steer=-1.00 blocked=false bounded=true
tick=3390 phase=following reason=path_ready wp=7 dist_wp=2.70 bearing_deg=-122.58 speed=0.000 pos=(-55.405,0.001,-32.822) thr=0.00 steer=-1.00 blocked=false bounded=true
tick=3420 phase=following reason=path_ready wp=7 dist_wp=2.70 bearing_deg=-104.58 speed=0.000 pos=(-55.405,0.001,-32.822) thr=0.00 steer=-1.00 blocked=false bounded=true
tick=3450 phase=following reason=path_ready wp=7 dist_wp=2.70 bearing_deg=-86.58 speed=0.000 pos=(-55.405,0.001,-32.822) thr=0.00 steer=-1.00 blocked=false bounded=true
tick=3480 phase=following reason=path_ready wp=7 dist_wp=2.70 bearing_deg=-68.58 speed=0.000 pos=(-55.405,0.001,-32.822) thr=0.00 steer=-1.00 blocked=false bounded=true
tick=3510 phase=following reason=path_ready wp=7 dist_wp=2.70 bearing_deg=-50.58 speed=0.000 pos=(-55.405,0.001,-32.822) thr=0.00 steer=-1.00 blocked=false bounded=true
tick=3540 phase=following reason=path_ready wp=7 dist_wp=2.70 bearing_deg=-32.58 speed=0.000 pos=(-55.405,0.001,-32.822) thr=0.00 steer=-1.00 blocked=false bounded=true
tick=3570 phase=following reason=path_ready wp=7 dist_wp=2.70 bearing_deg=-16.41 speed=0.019 pos=(-55.407,0.001,-32.824) thr=0.33 steer=-0.67 blocked=false bounded=true
tick=3600 phase=following reason=path_ready wp=7 dist_wp=2.43 bearing_deg=-8.81 speed=0.203 pos=(-55.601,0.004,-33.008) thr=0.30 steer=-0.36 blocked=false bounded=true
tick=3630 phase=following reason=path_ready wp=7 dist_wp=1.80 bearing_deg=-5.80 speed=0.340 pos=(-56.021,0.004,-33.493) thr=0.20 steer=-0.23 blocked=false bounded=true
tick=3660 phase=following reason=path_ready wp=8 dist_wp=20.06 bearing_deg=-164.46 speed=0.000 pos=(-56.389,0.010,-33.979) thr=0.00 steer=-1.00 blocked=false bounded=true
tick=3690 phase=following reason=path_ready wp=8 dist_wp=20.06 bearing_deg=-146.46 speed=0.000 pos=(-56.389,0.001,-33.979) thr=0.00 steer=-1.00 blocked=false bounded=true
tick=3720 phase=following reason=path_ready wp=8 dist_wp=20.06 bearing_deg=-128.46 speed=0.000 pos=(-56.389,0.001,-33.979) thr=0.00 steer=-1.00 blocked=false bounded=true
tick=3750 phase=following reason=path_ready wp=8 dist_wp=20.06 bearing_deg=-110.46 speed=0.000 pos=(-56.389,0.001,-33.979) thr=0.00 steer=-1.00 blocked=false bounded=true
tick=3780 phase=following reason=path_ready wp=8 dist_wp=20.06 bearing_deg=-92.46 speed=0.000 pos=(-56.389,0.001,-33.979) thr=0.00 steer=-1.00 blocked=false bounded=true
tick=3810 phase=following reason=path_ready wp=8 dist_wp=20.06 bearing_deg=-74.46 speed=0.000 pos=(-56.389,0.001,-33.979) thr=0.00 steer=-1.00 blocked=false bounded=true
tick=3840 phase=following reason=path_ready wp=8 dist_wp=20.06 bearing_deg=-56.46 speed=0.000 pos=(-56.389,0.001,-33.979) thr=0.00 steer=-1.00 blocked=false bounded=true
tick=3870 phase=following reason=path_ready wp=8 dist_wp=20.06 bearing_deg=-38.46 speed=0.000 pos=(-56.389,0.001,-33.979) thr=0.00 steer=-1.00 blocked=false bounded=true
tick=3900 phase=following reason=path_ready wp=8 dist_wp=20.06 bearing_deg=-20.80 speed=0.000 pos=(-56.389,0.001,-33.979) thr=0.00 steer=-0.85 blocked=false bounded=true
tick=3930 phase=following reason=path_ready wp=8 dist_wp=19.53 bearing_deg=-10.38 speed=0.571 pos=(-55.926,0.012,-33.691) thr=1.00 steer=-0.42 blocked=false bounded=true
tick=3960 phase=following reason=path_ready wp=8 dist_wp=17.40 bearing_deg=-5.78 speed=1.277 pos=(-54.226,0.014,-32.384) thr=1.00 steer=-0.24 blocked=false bounded=true
tick=3990 phase=following reason=path_ready wp=8 dist_wp=13.66 bearing_deg=-3.72 speed=1.969 pos=(-51.416,0.014,-29.903) thr=0.97 steer=-0.15 blocked=false bounded=true
tick=4020 phase=following reason=path_ready wp=8 dist_wp=8.63 bearing_deg=-3.03 speed=2.351 pos=(-47.781,0.007,-26.404) thr=0.75 steer=-0.12 blocked=false bounded=true
tick=4050 phase=following reason=path_ready wp=8 dist_wp=2.78 bearing_deg=-4.91 speed=2.703 pos=(-43.709,0.007,-22.189) thr=0.36 steer=-0.19 blocked=false bounded=true
tick=4080 phase=following reason=path_ready wp=8 dist_wp=1.67 bearing_deg=-169.83 speed=1.114 pos=(-40.904,0.030,-18.736) thr=0.00 steer=-1.00 blocked=false bounded=true
tick=4110 phase=following reason=path_ready wp=8 dist_wp=2.44 bearing_deg=-156.56 speed=0.000 pos=(-40.552,0.020,-18.042) thr=0.00 steer=-1.00 blocked=false bounded=true
tick=4140 phase=following reason=path_ready wp=8 dist_wp=2.44 bearing_deg=-138.56 speed=0.000 pos=(-40.552,0.001,-18.042) thr=0.00 steer=-1.00 blocked=false bounded=true
tick=4170 phase=following reason=path_ready wp=8 dist_wp=2.44 bearing_deg=-120.56 speed=0.000 pos=(-40.552,0.001,-18.042) thr=0.00 steer=-1.00 blocked=false bounded=true
tick=4200 phase=following reason=path_ready wp=8 dist_wp=2.44 bearing_deg=-102.56 speed=0.000 pos=(-40.552,0.000,-18.042) thr=0.00 steer=-1.00 blocked=false bounded=true
tick=4230 phase=following reason=path_ready wp=8 dist_wp=2.44 bearing_deg=-84.56 speed=0.000 pos=(-40.552,0.000,-18.042) thr=0.00 steer=-1.00 blocked=false bounded=true
tick=4260 phase=following reason=path_ready wp=8 dist_wp=2.44 bearing_deg=-66.56 speed=0.000 pos=(-40.552,0.000,-18.042) thr=0.00 steer=-1.00 blocked=false bounded=true
tick=4290 phase=following reason=path_ready wp=8 dist_wp=2.44 bearing_deg=-48.56 speed=0.000 pos=(-40.552,0.000,-18.042) thr=0.00 steer=-1.00 blocked=false bounded=true
tick=4320 phase=following reason=path_ready wp=8 dist_wp=2.44 bearing_deg=-30.56 speed=0.000 pos=(-40.552,0.000,-18.042) thr=0.00 steer=-1.00 blocked=false bounded=true
tick=4350 phase=following reason=path_ready wp=8 dist_wp=2.44 bearing_deg=-15.11 speed=0.000 pos=(-40.552,0.000,-18.042) thr=0.29 steer=-0.62 blocked=false bounded=true
tick=4380 phase=following reason=path_ready wp=8 dist_wp=2.44 bearing_deg=-7.29 speed=0.000 pos=(-40.552,0.000,-18.042) thr=0.29 steer=-0.30 blocked=false bounded=true
tick=4410 phase=following reason=path_ready wp=8 dist_wp=2.44 bearing_deg=-3.52 speed=0.000 pos=(-40.552,0.000,-18.042) thr=0.29 steer=-0.14 blocked=false bounded=true
tick=4440 phase=following reason=path_ready wp=8 dist_wp=2.44 bearing_deg=-1.70 speed=0.000 pos=(-40.552,0.000,-18.042) thr=0.29 steer=-0.07 blocked=false bounded=true
tick=4470 phase=reverse reason=insufficient_actual_progress wp=8 dist_wp=2.44 bearing_deg=-0.94 speed=-0.029 pos=(-40.548,0.001,-18.036) thr=-0.75 steer=0.00 blocked=false bounded=true
tick=4500 phase=reverse reason=insufficient_actual_progress wp=8 dist_wp=2.64 bearing_deg=-0.87 speed=-0.138 pos=(-40.426,0.003,-17.877) thr=-0.75 steer=0.00 blocked=false bounded=true
tick=4530 phase=reverse reason=insufficient_actual_progress wp=8 dist_wp=3.08 bearing_deg=-0.74 speed=-0.240 pos=(-40.161,0.003,-17.531) thr=-0.75 steer=0.00 blocked=false bounded=true
tick=4560 phase=turn_recovery reason=reverse_complete wp=8 dist_wp=3.23 bearing_deg=-15.05 speed=0.000 pos=(-40.069,0.004,-17.413) thr=0.00 steer=1.00 blocked=false bounded=true
tick=4590 phase=following reason=path_ready wp=0 dist_wp=3.23 bearing_deg=-19.34 speed=0.000 pos=(-40.069,0.001,-17.413) thr=0.00 steer=-0.79 blocked=false bounded=true
tick=4620 phase=following reason=path_ready wp=0 dist_wp=3.21 bearing_deg=-9.37 speed=0.019 pos=(-40.080,0.001,-17.423) thr=0.38 steer=-0.38 blocked=false bounded=true
tick=4650 phase=following reason=path_ready wp=0 dist_wp=3.15 bearing_deg=-4.62 speed=0.037 pos=(-40.125,0.001,-17.472) thr=0.37 steer=-0.19 blocked=false bounded=true
tick=4680 phase=following reason=path_ready wp=0 dist_wp=3.05 bearing_deg=-2.30 speed=0.049 pos=(-40.189,0.001,-17.549) thr=0.36 steer=-0.09 blocked=false bounded=true
tick=4710 phase=following reason=path_ready wp=0 dist_wp=2.93 bearing_deg=-1.15 speed=0.051 pos=(-40.261,0.001,-17.641) thr=0.35 steer=-0.05 blocked=false bounded=true
tick=4740 phase=reverse reason=insufficient_actual_progress wp=0 dist_wp=3.00 bearing_deg=-1.02 speed=-0.086 pos=(-40.219,0.003,-17.587) thr=-0.75 steer=0.00 blocked=false bounded=true
tick=4770 phase=reverse reason=insufficient_actual_progress wp=0 dist_wp=3.32 bearing_deg=-0.92 speed=-0.188 pos=(-40.026,0.003,-17.335) thr=-0.75 steer=0.00 blocked=false bounded=true
tick=4800 phase=turn_recovery reason=reverse_complete wp=0 dist_wp=3.61 bearing_deg=7.52 speed=0.000 pos=(-39.848,0.005,-17.102) thr=0.00 steer=-1.00 blocked=false bounded=true
tick=4830 phase=following reason=path_ready wp=0 dist_wp=3.61 bearing_deg=23.17 speed=0.000 pos=(-39.848,0.001,-17.102) thr=0.00 steer=0.95 blocked=false bounded=true
tick=4860 phase=following reason=path_ready wp=0 dist_wp=3.59 bearing_deg=11.25 speed=0.031 pos=(-39.856,0.002,-17.121) thr=0.42 steer=0.46 blocked=false bounded=true
tick=4890 phase=following reason=path_ready wp=0 dist_wp=3.47 bearing_deg=5.63 speed=0.075 pos=(-39.917,0.002,-17.230) thr=0.41 steer=0.23 blocked=false bounded=true
tick=4920 phase=following reason=path_ready wp=0 dist_wp=3.25 bearing_deg=2.91 speed=0.107 pos=(-40.033,0.002,-17.408) thr=0.39 steer=0.12 blocked=false bounded=true
tick=4950 phase=following reason=path_ready wp=0 dist_wp=2.99 bearing_deg=1.53 speed=0.120 pos=(-40.185,0.001,-17.625) thr=0.36 steer=0.06 blocked=false bounded=true
tick=4980 phase=following reason=path_ready wp=0 dist_wp=2.72 bearing_deg=0.82 speed=0.112 pos=(-40.345,0.001,-17.843) thr=0.33 steer=0.03 blocked=false bounded=true
tick=5010 phase=following reason=path_ready wp=0 dist_wp=2.50 bearing_deg=0.80 speed=0.081 pos=(-40.479,0.002,-18.022) thr=0.30 steer=0.00 blocked=false bounded=true
tick=5040 phase=following reason=path_ready wp=0 dist_wp=2.33 bearing_deg=0.80 speed=0.065 pos=(-40.575,0.001,-18.152) thr=0.28 steer=0.00 blocked=false bounded=true
tick=5070 phase=following reason=path_ready wp=0 dist_wp=2.21 bearing_deg=0.79 speed=0.044 pos=(-40.652,0.001,-18.254) thr=0.26 steer=0.00 blocked=false bounded=true
tick=5100 phase=following reason=path_ready wp=0 dist_wp=2.14 bearing_deg=0.79 speed=0.012 pos=(-40.691,0.002,-18.306) thr=0.25 steer=0.00 blocked=false bounded=true
tick=5130 phase=following reason=path_ready wp=0 dist_wp=2.14 bearing_deg=0.79 speed=0.000 pos=(-40.691,0.000,-18.307) thr=0.25 steer=0.00 blocked=false bounded=true
tick=5160 phase=following reason=path_ready wp=0 dist_wp=2.14 bearing_deg=0.79 speed=0.000 pos=(-40.691,0.000,-18.307) thr=0.25 steer=0.00 blocked=false bounded=true
tick=5190 phase=following reason=path_ready wp=0 dist_wp=2.14 bearing_deg=0.79 speed=0.000 pos=(-40.691,0.000,-18.307) thr=0.25 steer=0.00 blocked=false bounded=true
tick=5220 phase=reverse reason=insufficient_actual_progress wp=0 dist_wp=2.24 bearing_deg=0.76 speed=-0.112 pos=(-40.630,0.003,-18.226) thr=-0.75 steer=0.00 blocked=false bounded=true
tick=5250 phase=reverse reason=insufficient_actual_progress wp=0 dist_wp=2.66 bearing_deg=0.64 speed=-0.240 pos=(-40.378,0.003,-17.891) thr=-0.75 steer=0.00 blocked=false bounded=true
tick=5280 phase=turn_recovery reason=reverse_complete wp=0 dist_wp=3.11 bearing_deg=-5.98 speed=0.000 pos=(-40.110,0.007,-17.536) thr=0.00 steer=1.00 blocked=false bounded=true
tick=5310 phase=turn_recovery reason=reverse_complete wp=0 dist_wp=3.11 bearing_deg=-23.98 speed=0.000 pos=(-40.110,0.001,-17.536) thr=0.00 steer=1.00 blocked=false bounded=true
tick=5340 phase=following reason=path_ready wp=0 dist_wp=3.11 bearing_deg=-12.15 speed=0.006 pos=(-40.110,0.001,-17.536) thr=0.37 steer=-0.50 blocked=false bounded=true
tick=5370 phase=following reason=path_ready wp=0 dist_wp=3.08 bearing_deg=-5.90 speed=0.018 pos=(-40.126,0.001,-17.553) thr=0.37 steer=-0.24 blocked=false bounded=true
tick=5400 phase=following reason=path_ready wp=0 dist_wp=3.03 bearing_deg=-2.90 speed=0.026 pos=(-40.159,0.001,-17.591) thr=0.36 steer=-0.12 blocked=false bounded=true
tick=5430 phase=following reason=path_ready wp=0 dist_wp=2.97 bearing_deg=-1.42 speed=0.029 pos=(-40.200,0.001,-17.642) thr=0.36 steer=-0.06 blocked=false bounded=true
