tick=0 phase=following reason=path_ready wp=1 dist_wp=13.42 bearing_deg=-26.57 speed=0.000 pos=(-27.000,0.004,-116.000) bounded=true
tick=30 phase=following reason=path_ready wp=1 dist_wp=13.32 bearing_deg=-13.28 speed=0.185 pos=(-27.022,0.005,-115.899) bounded=true
tick=60 phase=following reason=path_ready wp=1 dist_wp=12.25 bearing_deg=-7.06 speed=0.632 pos=(-27.355,0.009,-114.872) bounded=true
tick=90 phase=following reason=path_ready wp=1 dist_wp=10.10 bearing_deg=-4.24 speed=1.023 pos=(-28.190,0.008,-112.876) bounded=true
tick=120 phase=following reason=path_ready wp=1 dist_wp=7.05 bearing_deg=-3.03 speed=1.317 pos=(-29.508,0.006,-110.124) bounded=true
tick=150 phase=following reason=path_ready wp=1 dist_wp=3.44 bearing_deg=-3.12 speed=1.456 pos=(-31.191,0.004,-106.921) bounded=true
tick=180 phase=following reason=path_ready wp=1 dist_wp=0.35 bearing_deg=-15.75 speed=0.541 pos=(-32.737,0.022,-104.235) bounded=true
tick=210 phase=following reason=path_ready wp=2 dist_wp=20.53 bearing_deg=-56.72 speed=0.000 pos=(-32.843,0.008,-104.079) bounded=true
tick=240 phase=following reason=path_ready wp=2 dist_wp=20.53 bearing_deg=-38.72 speed=0.000 pos=(-32.843,0.001,-104.079) bounded=true
tick=270 phase=following reason=path_ready wp=2 dist_wp=20.53 bearing_deg=-21.03 speed=0.000 pos=(-32.843,0.001,-104.079) bounded=true
tick=300 phase=following reason=path_ready wp=2 dist_wp=20.14 bearing_deg=-10.39 speed=0.383 pos=(-33.236,0.009,-104.110) bounded=true
tick=330 phase=following reason=path_ready wp=2 dist_wp=18.51 bearing_deg=-5.56 speed=0.879 pos=(-34.857,0.010,-104.398) bounded=true
tick=360 phase=following reason=path_ready wp=2 dist_wp=15.60 bearing_deg=-3.29 speed=1.369 pos=(-37.689,0.010,-105.096) bounded=true
tick=390 phase=following reason=path_ready wp=2 dist_wp=11.46 bearing_deg=-2.27 speed=1.821 pos=(-41.677,0.009,-106.246) bounded=true
tick=420 phase=following reason=path_ready wp=2 dist_wp=6.33 bearing_deg=-2.09 speed=2.115 pos=(-46.561,0.006,-107.797) bounded=true
tick=450 phase=following reason=path_ready wp=2 dist_wp=0.89 bearing_deg=-7.64 speed=1.805 pos=(-51.717,0.007,-109.584) bounded=true
tick=480 phase=following reason=path_ready wp=3 dist_wp=18.95 bearing_deg=14.76 speed=0.392 pos=(-53.841,0.028,-110.583) bounded=true
tick=510 phase=following reason=path_ready wp=3 dist_wp=17.31 bearing_deg=7.95 speed=0.887 pos=(-55.334,0.008,-111.327) bounded=true
tick=540 phase=following reason=path_ready wp=3 dist_wp=14.39 bearing_deg=4.78 speed=1.375 pos=(-58.071,0.010,-112.382) bounded=true
tick=570 phase=following reason=path_ready wp=3 dist_wp=10.28 bearing_deg=3.39 speed=1.792 pos=(-61.998,0.009,-113.644) bounded=true
tick=600 phase=following reason=path_ready wp=3 dist_wp=5.27 bearing_deg=3.37 speed=2.066 pos=(-66.824,0.006,-114.983) bounded=true
tick=630 phase=following reason=path_ready wp=3 dist_wp=0.23 bearing_deg=43.55 speed=1.476 pos=(-71.806,0.015,-116.130) bounded=true
tick=660 phase=following reason=path_ready wp=4 dist_wp=22.30 bearing_deg=85.83 speed=0.000 pos=(-73.438,0.030,-116.252) bounded=true
tick=690 phase=following reason=path_ready wp=4 dist_wp=22.30 bearing_deg=67.83 speed=0.000 pos=(-73.438,0.002,-116.252) bounded=true
tick=720 phase=following reason=path_ready wp=4 dist_wp=22.30 bearing_deg=49.83 speed=0.000 pos=(-73.438,0.000,-116.252) bounded=true
tick=750 phase=following reason=path_ready wp=4 dist_wp=22.30 bearing_deg=31.83 speed=0.000 pos=(-73.438,0.000,-116.252) bounded=true
tick=780 phase=following reason=path_ready wp=4 dist_wp=22.27 bearing_deg=15.93 speed=0.105 pos=(-73.444,0.003,-116.225) bounded=true
tick=810 phase=following reason=path_ready wp=4 dist_wp=21.17 bearing_deg=8.19 speed=0.751 pos=(-73.570,0.013,-115.115) bounded=true
tick=840 phase=following reason=path_ready wp=4 dist_wp=18.36 bearing_deg=4.71 speed=1.430 pos=(-73.632,0.014,-112.290) bounded=true
tick=870 phase=following reason=path_ready wp=4 dist_wp=13.77 bearing_deg=3.20 speed=2.120 pos=(-73.479,0.014,-107.687) bounded=true
tick=900 phase=following reason=path_ready wp=4 dist_wp=7.86 bearing_deg=2.88 speed=2.480 pos=(-73.064,0.008,-101.783) bounded=true
tick=930 phase=following reason=path_ready wp=4 dist_wp=1.13 bearing_deg=10.43 speed=2.418 pos=(-72.352,0.002,-95.079) bounded=true
tick=960 phase=following reason=path_ready wp=4 dist_wp=2.93 bearing_deg=168.73 speed=0.808 pos=(-71.373,0.031,-91.142) bounded=true
tick=990 phase=following reason=path_ready wp=4 dist_wp=3.41 bearing_deg=153.05 speed=0.000 pos=(-71.146,0.013,-90.694) bounded=true
tick=1020 phase=following reason=path_ready wp=4 dist_wp=3.41 bearing_deg=135.05 speed=0.000 pos=(-71.146,0.002,-90.694) bounded=true
tick=1050 phase=following reason=path_ready wp=4 dist_wp=3.41 bearing_deg=117.05 speed=0.000 pos=(-71.146,0.000,-90.694) bounded=true
tick=1080 phase=following reason=path_ready wp=4 dist_wp=3.41 bearing_deg=99.05 speed=0.000 pos=(-71.146,0.000,-90.694) bounded=true
tick=1110 phase=following reason=path_ready wp=4 dist_wp=3.41 bearing_deg=81.05 speed=0.000 pos=(-71.146,0.000,-90.694) bounded=true
tick=1140 phase=following reason=path_ready wp=4 dist_wp=3.41 bearing_deg=63.05 speed=0.000 pos=(-71.146,0.000,-90.694) bounded=true
tick=1170 phase=following reason=path_ready wp=4 dist_wp=3.41 bearing_deg=45.05 speed=0.000 pos=(-71.146,0.000,-90.694) bounded=true
tick=1200 phase=following reason=path_ready wp=4 dist_wp=3.41 bearing_deg=27.05 speed=0.000 pos=(-71.146,0.000,-90.694) bounded=true
tick=1230 phase=following reason=path_ready wp=4 dist_wp=3.35 bearing_deg=13.37 speed=0.108 pos=(-71.146,0.003,-90.758) bounded=true
tick=1260 phase=following reason=path_ready wp=4 dist_wp=2.77 bearing_deg=7.88 speed=0.335 pos=(-71.209,0.005,-91.345) bounded=true
tick=1290 phase=following reason=path_ready wp=4 dist_wp=1.69 bearing_deg=6.32 speed=0.484 pos=(-71.424,0.004,-92.409) bounded=true
tick=1320 phase=following reason=path_ready wp=5 dist_wp=20.96 bearing_deg=152.66 speed=0.000 pos=(-71.570,0.010,-92.958) bounded=true
tick=1350 phase=following reason=path_ready wp=5 dist_wp=20.96 bearing_deg=134.66 speed=0.000 pos=(-71.570,0.002,-92.958) bounded=true
tick=1380 phase=following reason=path_ready wp=5 dist_wp=20.96 bearing_deg=116.66 speed=0.000 pos=(-71.570,0.001,-92.958) bounded=true
tick=1410 phase=following reason=path_ready wp=5 dist_wp=20.96 bearing_deg=98.66 speed=0.000 pos=(-71.570,0.001,-92.958) bounded=true
tick=1440 phase=following reason=path_ready wp=5 dist_wp=20.96 bearing_deg=80.66 speed=0.000 pos=(-71.570,0.001,-92.958) bounded=true
tick=1470 phase=following reason=path_ready wp=5 dist_wp=20.96 bearing_deg=62.66 speed=0.000 pos=(-71.570,0.001,-92.958) bounded=true
tick=1500 phase=following reason=path_ready wp=5 dist_wp=20.96 bearing_deg=44.66 speed=0.000 pos=(-71.570,0.001,-92.958) bounded=true
tick=1530 phase=following reason=path_ready wp=5 dist_wp=20.96 bearing_deg=26.66 speed=0.000 pos=(-71.570,0.001,-92.958) bounded=true
tick=1560 phase=following reason=path_ready wp=5 dist_wp=20.78 bearing_deg=13.04 speed=0.310 pos=(-71.619,0.008,-92.778) bounded=true
tick=1590 phase=following reason=path_ready wp=5 dist_wp=19.06 bearing_deg=7.00 speed=1.019 pos=(-71.910,0.014,-91.060) bounded=true
tick=1620 phase=following reason=path_ready wp=5 dist_wp=15.52 bearing_deg=4.32 speed=1.718 pos=(-72.220,0.014,-87.517) bounded=true
tick=1650 phase=following reason=path_ready wp=5 dist_wp=10.26 bearing_deg=3.35 speed=2.246 pos=(-72.413,0.011,-82.248) bounded=true
tick=1680 phase=following reason=path_ready wp=5 dist_wp=4.07 bearing_deg=4.36 speed=2.585 pos=(-72.397,0.008,-76.046) bounded=true
tick=1710 phase=following reason=path_ready wp=5 dist_wp=1.54 bearing_deg=169.41 speed=1.451 pos=(-71.973,0.025,-70.460) bounded=true
tick=1740 phase=following reason=path_ready wp=5 dist_wp=3.16 bearing_deg=160.22 speed=0.000 pos=(-71.491,0.030,-68.883) bounded=true
tick=1770 phase=following reason=path_ready wp=5 dist_wp=3.16 bearing_deg=142.25 speed=0.000 pos=(-71.491,0.003,-68.883) bounded=true
tick=1800 phase=following reason=path_ready wp=5 dist_wp=3.16 bearing_deg=124.25 speed=0.000 pos=(-71.491,0.000,-68.883) bounded=true
tick=1830 phase=following reason=path_ready wp=5 dist_wp=3.16 bearing_deg=106.25 speed=0.000 pos=(-71.491,0.000,-68.883) bounded=true
tick=1860 phase=following reason=path_ready wp=5 dist_wp=3.16 bearing_deg=88.25 speed=0.000 pos=(-71.491,0.000,-68.883) bounded=true
tick=1890 phase=following reason=path_ready wp=5 dist_wp=3.16 bearing_deg=70.25 speed=0.000 pos=(-71.491,0.000,-68.883) bounded=true
tick=1920 phase=following reason=path_ready wp=5 dist_wp=3.16 bearing_deg=52.25 speed=0.000 pos=(-71.491,0.000,-68.883) bounded=true
tick=1950 phase=following reason=path_ready wp=5 dist_wp=3.16 bearing_deg=34.25 speed=0.000 pos=(-71.491,0.000,-68.883) bounded=true
tick=1980 phase=following reason=path_ready wp=5 dist_wp=3.16 bearing_deg=17.55 speed=0.008 pos=(-71.491,0.000,-68.883) bounded=true
tick=2010 phase=following reason=path_ready wp=5 dist_wp=2.84 bearing_deg=9.46 speed=0.230 pos=(-71.481,0.005,-69.204) bounded=true
tick=2040 phase=following reason=path_ready wp=5 dist_wp=2.01 bearing_deg=6.53 speed=0.401 pos=(-71.544,0.004,-70.039) bounded=true
tick=2070 phase=following reason=path_ready wp=6 dist_wp=20.92 bearing_deg=164.48 speed=0.000 pos=(-71.676,0.011,-70.914) bounded=true
tick=2100 phase=following reason=path_ready wp=6 dist_wp=20.92 bearing_deg=146.49 speed=0.000 pos=(-71.676,0.003,-70.914) bounded=true
tick=2130 phase=following reason=path_ready wp=6 dist_wp=20.92 bearing_deg=128.48 speed=0.000 pos=(-71.676,0.001,-70.914) bounded=true
tick=2160 phase=following reason=path_ready wp=6 dist_wp=20.92 bearing_deg=110.48 speed=0.000 pos=(-71.676,0.001,-70.914) bounded=true
tick=2190 phase=following reason=path_ready wp=6 dist_wp=20.92 bearing_deg=92.48 speed=0.000 pos=(-71.676,0.001,-70.914) bounded=true
tick=2220 phase=following reason=path_ready wp=6 dist_wp=20.92 bearing_deg=74.48 speed=0.000 pos=(-71.676,0.001,-70.914) bounded=true
tick=2250 phase=following reason=path_ready wp=6 dist_wp=20.92 bearing_deg=56.48 speed=0.000 pos=(-71.676,0.001,-70.914) bounded=true
tick=2280 phase=following reason=path_ready wp=6 dist_wp=20.92 bearing_deg=38.48 speed=0.000 pos=(-71.676,0.001,-70.914) bounded=true
tick=2310 phase=following reason=path_ready wp=6 dist_wp=20.92 bearing_deg=20.82 speed=0.000 pos=(-71.676,0.001,-70.914) bounded=true
tick=2340 phase=following reason=path_ready wp=6 dist_wp=20.37 bearing_deg=10.39 speed=0.547 pos=(-71.802,0.012,-70.365) bounded=true
tick=2370 phase=following reason=path_ready wp=6 dist_wp=18.03 bearing_deg=5.82 speed=1.254 pos=(-72.108,0.014,-68.034) bounded=true
tick=2400 phase=following reason=path_ready wp=6 dist_wp=13.89 bearing_deg=3.82 speed=1.947 pos=(-72.368,0.014,-63.887) bounded=true
tick=2430 phase=following reason=path_ready wp=6 dist_wp=8.26 bearing_deg=3.30 speed=2.330 pos=(-72.472,0.007,-58.250) bounded=true
tick=2460 phase=following reason=path_ready wp=6 dist_wp=1.80 bearing_deg=7.86 speed=2.529 pos=(-72.330,0.005,-51.769) bounded=true
tick=2490 phase=following reason=path_ready wp=6 dist_wp=2.55 bearing_deg=168.99 speed=0.918 pos=(-71.706,0.030,-47.468) bounded=true
tick=2520 phase=following reason=path_ready wp=6 dist_wp=3.18 bearing_deg=154.22 speed=0.000 pos=(-71.469,0.016,-46.860) bounded=true
tick=2550 phase=following reason=path_ready wp=6 dist_wp=3.18 bearing_deg=136.23 speed=0.000 pos=(-71.468,0.002,-46.860) bounded=true
tick=2580 phase=following reason=path_ready wp=6 dist_wp=3.18 bearing_deg=118.25 speed=0.000 pos=(-71.468,0.000,-46.860) bounded=true
tick=2610 phase=following reason=path_ready wp=6 dist_wp=3.18 bearing_deg=100.26 speed=0.000 pos=(-71.467,0.000,-46.860) bounded=true
tick=2640 phase=following reason=path_ready wp=6 dist_wp=3.19 bearing_deg=82.27 speed=0.000 pos=(-71.466,0.000,-46.860) bounded=true
tick=2670 phase=following reason=path_ready wp=6 dist_wp=3.19 bearing_deg=64.28 speed=0.000 pos=(-71.466,0.000,-46.860) bounded=true
tick=2700 phase=following reason=path_ready wp=6 dist_wp=3.19 bearing_deg=46.30 speed=0.000 pos=(-71.465,0.000,-46.860) bounded=true
tick=2730 phase=following reason=path_ready wp=6 dist_wp=3.19 bearing_deg=28.31 speed=0.000 pos=(-71.464,0.000,-46.860) bounded=true
tick=2760 phase=following reason=path_ready wp=6 dist_wp=3.15 bearing_deg=13.96 speed=0.077 pos=(-71.460,0.003,-46.896) bounded=true
tick=2790 phase=following reason=path_ready wp=6 dist_wp=2.66 bearing_deg=8.04 speed=0.292 pos=(-71.467,0.005,-47.389) bounded=true
tick=2820 phase=following reason=path_ready wp=6 dist_wp=1.70 bearing_deg=6.16 speed=0.436 pos=(-71.572,0.004,-48.350) bounded=true
tick=2850 phase=following reason=path_ready wp=7 dist_wp=20.21 bearing_deg=-133.61 speed=0.000 pos=(-71.663,0.011,-48.912) bounded=true
tick=2880 phase=following reason=path_ready wp=7 dist_wp=20.21 bearing_deg=-115.61 speed=0.000 pos=(-71.663,0.001,-48.912) bounded=true
tick=2910 phase=following reason=path_ready wp=7 dist_wp=20.21 bearing_deg=-97.61 speed=0.000 pos=(-71.662,0.000,-48.912) bounded=true
tick=2940 phase=following reason=path_ready wp=7 dist_wp=20.21 bearing_deg=-79.61 speed=0.000 pos=(-71.661,0.000,-48.912) bounded=true
tick=2970 phase=following reason=path_ready wp=7 dist_wp=20.21 bearing_deg=-61.61 speed=0.000 pos=(-71.660,0.000,-48.912) bounded=true
tick=3000 phase=following reason=path_ready wp=7 dist_wp=20.21 bearing_deg=-43.61 speed=0.000 pos=(-71.660,0.000,-48.912) bounded=true
tick=3030 phase=following reason=path_ready wp=7 dist_wp=20.21 bearing_deg=-25.61 speed=0.000 pos=(-71.659,0.000,-48.912) bounded=true
tick=3060 phase=following reason=path_ready wp=7 dist_wp=19.97 bearing_deg=-12.55 speed=0.357 pos=(-71.445,0.009,-48.791) bounded=true
tick=3090 phase=following reason=path_ready wp=7 dist_wp=18.13 bearing_deg=-6.82 speed=1.066 pos=(-69.924,0.014,-47.711) bounded=true
tick=3120 phase=following reason=path_ready wp=7 dist_wp=14.47 bearing_deg=-4.31 speed=1.764 pos=(-67.103,0.014,-45.353) bounded=true
tick=3150 phase=following reason=path_ready wp=7 dist_wp=9.13 bearing_deg=-3.50 speed=2.249 pos=(-63.181,0.010,-41.722) bounded=true
tick=3180 phase=following reason=path_ready wp=7 dist_wp=2.95 bearing_deg=-5.61 speed=2.555 pos=(-58.815,0.007,-37.329) bounded=true
tick=3210 phase=following reason=path_ready wp=7 dist_wp=1.91 bearing_deg=-169.22 speed=1.121 pos=(-55.728,0.028,-33.570) bounded=true
tick=3240 phase=following reason=path_ready wp=7 dist_wp=2.87 bearing_deg=-156.65 speed=0.000 pos=(-55.289,0.021,-32.693) bounded=true
tick=3270 phase=following reason=path_ready wp=7 dist_wp=2.87 bearing_deg=-138.67 speed=0.000 pos=(-55.289,0.001,-32.693) bounded=true
tick=3300 phase=following reason=path_ready wp=7 dist_wp=2.87 bearing_deg=-120.67 speed=0.000 pos=(-55.289,0.000,-32.693) bounded=true
tick=3330 phase=following reason=path_ready wp=7 dist_wp=2.87 bearing_deg=-102.67 speed=0.000 pos=(-55.289,0.000,-32.693) bounded=true
tick=3360 phase=following reason=path_ready wp=7 dist_wp=2.87 bearing_deg=-84.67 speed=0.000 pos=(-55.289,0.000,-32.693) bounded=true
tick=3390 phase=following reason=path_ready wp=7 dist_wp=2.87 bearing_deg=-66.67 speed=0.000 pos=(-55.289,0.000,-32.693) bounded=true
tick=3420 phase=following reason=path_ready wp=7 dist_wp=2.87 bearing_deg=-48.67 speed=0.000 pos=(-55.289,0.000,-32.693) bounded=true
tick=3450 phase=following reason=path_ready wp=7 dist_wp=2.87 bearing_deg=-30.67 speed=0.000 pos=(-55.289,0.000,-32.693) bounded=true
tick=3480 phase=following reason=path_ready wp=7 dist_wp=2.86 bearing_deg=-15.26 speed=0.048 pos=(-55.302,0.002,-32.703) bounded=true
tick=3510 phase=following reason=path_ready wp=7 dist_wp=2.47 bearing_deg=-8.55 speed=0.242 pos=(-55.583,0.004,-32.973) bounded=true
tick=3540 phase=following reason=path_ready wp=7 dist_wp=1.66 bearing_deg=-6.20 speed=0.373 pos=(-56.115,0.003,-33.595) bounded=true
tick=3570 phase=following reason=path_ready wp=8 dist_wp=20.08 bearing_deg=-160.51 speed=0.000 pos=(-56.406,0.009,-33.981) bounded=true
tick=3600 phase=following reason=path_ready wp=8 dist_wp=20.08 bearing_deg=-142.51 speed=0.000 pos=(-56.406,0.000,-33.981) bounded=true
tick=3630 phase=following reason=path_ready wp=8 dist_wp=20.08 bearing_deg=-124.51 speed=0.000 pos=(-56.406,0.000,-33.981) bounded=true
tick=3660 phase=following reason=path_ready wp=8 dist_wp=20.08 bearing_deg=-106.51 speed=0.000 pos=(-56.406,0.000,-33.981) bounded=true
tick=3690 phase=following reason=path_ready wp=8 dist_wp=20.08 bearing_deg=-88.51 speed=0.000 pos=(-56.406,0.000,-33.981) bounded=true
tick=3720 phase=following reason=path_ready wp=8 dist_wp=20.08 bearing_deg=-70.51 speed=0.000 pos=(-56.406,0.000,-33.981) bounded=true
tick=3750 phase=following reason=path_ready wp=8 dist_wp=20.08 bearing_deg=-52.51 speed=0.000 pos=(-56.406,0.000,-33.981) bounded=true
tick=3780 phase=following reason=path_ready wp=8 dist_wp=20.08 bearing_deg=-34.51 speed=0.000 pos=(-56.406,0.000,-33.981) bounded=true
tick=3810 phase=following reason=path_ready wp=8 dist_wp=20.08 bearing_deg=-17.73 speed=0.000 pos=(-56.406,0.000,-33.981) bounded=true
tick=3840 phase=following reason=path_ready wp=8 dist_wp=19.14 bearing_deg=-9.07 speed=0.713 pos=(-55.611,0.013,-33.462) bounded=true
tick=3870 phase=following reason=path_ready wp=8 dist_wp=16.39 bearing_deg=-5.28 speed=1.417 pos=(-53.443,0.014,-31.732) bounded=true
tick=3900 phase=following reason=path_ready wp=8 dist_wp=11.84 bearing_deg=-3.72 speed=2.087 pos=(-50.061,0.014,-28.671) bounded=true
tick=3930 phase=following reason=path_ready wp=8 dist_wp=6.03 bearing_deg=-3.76 speed=2.403 pos=(-45.920,0.007,-24.586) bounded=true
tick=3960 phase=following reason=path_ready wp=8 dist_wp=0.23 bearing_deg=-109.68 speed=1.880 pos=(-41.787,0.014,-20.072) bounded=true
tick=3990 phase=following reason=path_ready wp=8 dist_wp=2.59 bearing_deg=-164.09 speed=0.145 pos=(-40.441,0.034,-17.937) bounded=true
tick=4020 phase=following reason=path_ready wp=8 dist_wp=2.60 bearing_deg=-146.22 speed=0.000 pos=(-40.437,0.005,-17.927) bounded=true
tick=4050 phase=following reason=path_ready wp=8 dist_wp=2.60 bearing_deg=-128.22 speed=0.000 pos=(-40.437,0.000,-17.927) bounded=true
tick=4080 phase=following reason=path_ready wp=8 dist_wp=2.60 bearing_deg=-110.22 speed=0.000 pos=(-40.437,0.000,-17.927) bounded=true
tick=4110 phase=following reason=path_ready wp=8 dist_wp=2.60 bearing_deg=-92.22 speed=0.000 pos=(-40.437,0.000,-17.927) bounded=true
tick=4140 phase=following reason=path_ready wp=8 dist_wp=2.60 bearing_deg=-74.22 speed=0.000 pos=(-40.437,0.000,-17.927) bounded=true
tick=4170 phase=following reason=path_ready wp=8 dist_wp=2.60 bearing_deg=-56.22 speed=0.000 pos=(-40.437,0.000,-17.927) bounded=true
tick=4200 phase=following reason=path_ready wp=8 dist_wp=2.60 bearing_deg=-38.22 speed=0.000 pos=(-40.437,0.000,-17.927) bounded=true
tick=4230 phase=following reason=path_ready wp=8 dist_wp=2.60 bearing_deg=-20.60 speed=0.000 pos=(-40.437,0.000,-17.927) bounded=true
tick=4260 phase=following reason=path_ready wp=8 dist_wp=2.60 bearing_deg=-9.94 speed=0.000 pos=(-40.437,0.000,-17.927) bounded=true
tick=4290 phase=following reason=path_ready wp=8 dist_wp=2.60 bearing_deg=-4.80 speed=0.000 pos=(-40.437,0.000,-17.927) bounded=true
tick=4320 phase=following reason=path_ready wp=8 dist_wp=2.60 bearing_deg=-2.31 speed=0.000 pos=(-40.437,0.000,-17.927) bounded=true
tick=4350 phase=following reason=path_ready wp=8 dist_wp=2.60 bearing_deg=-1.12 speed=0.000 pos=(-40.437,0.000,-17.927) bounded=true
tick=4380 phase=reverse reason=insufficient_actual_progress wp=8 dist_wp=2.68 bearing_deg=-0.91 speed=-0.079 pos=(-40.388,0.003,-17.864) bounded=true
tick=4410 phase=reverse reason=insufficient_actual_progress wp=8 dist_wp=3.02 bearing_deg=-0.80 speed=-0.181 pos=(-40.179,0.003,-17.597) bounded=true
tick=4440 phase=turn_recovery reason=reverse_complete wp=8 dist_wp=3.40 bearing_deg=-7.27 speed=0.000 pos=(-39.942,0.005,-17.294) bounded=true
tick=4470 phase=turn_recovery reason=reverse_complete wp=8 dist_wp=3.40 bearing_deg=-25.26 speed=0.000 pos=(-39.942,0.001,-17.294) bounded=true
tick=4500 phase=following reason=path_ready wp=0 dist_wp=3.39 bearing_deg=-12.83 speed=0.016 pos=(-39.947,0.001,-17.299) bounded=true
tick=4530 phase=following reason=path_ready wp=0 dist_wp=3.31 bearing_deg=-6.35 speed=0.047 pos=(-40.007,0.002,-17.358) bounded=true
tick=4560 phase=following reason=path_ready wp=0 dist_wp=3.16 bearing_deg=-3.21 speed=0.069 pos=(-40.108,0.001,-17.473) bounded=true
tick=4590 phase=following reason=path_ready wp=0 dist_wp=2.96 bearing_deg=-1.65 speed=0.078 pos=(-40.230,0.001,-17.623) bounded=true
tick=4620 phase=following reason=path_ready wp=0 dist_wp=2.77 bearing_deg=-0.85 speed=0.070 pos=(-40.349,0.001,-17.777) bounded=true
tick=4650 phase=following reason=path_ready wp=0 dist_wp=2.61 bearing_deg=-0.79 speed=0.047 pos=(-40.442,0.001,-17.900) bounded=true
tick=4680 phase=following reason=path_ready wp=0 dist_wp=2.54 bearing_deg=-0.79 speed=0.013 pos=(-40.490,0.002,-17.963) bounded=true
tick=4710 phase=following reason=path_ready wp=0 dist_wp=2.53 bearing_deg=-0.79 speed=0.000 pos=(-40.491,0.001,-17.964) bounded=true
tick=4740 phase=following reason=path_ready wp=0 dist_wp=2.53 bearing_deg=-0.79 speed=0.000 pos=(-40.491,0.001,-17.964) bounded=true
tick=4770 phase=reverse reason=insufficient_actual_progress wp=0 dist_wp=2.57 bearing_deg=-0.78 speed=-0.051 pos=(-40.470,0.002,-17.937) bounded=true
tick=4800 phase=reverse reason=insufficient_actual_progress wp=0 dist_wp=2.84 bearing_deg=-0.70 speed=-0.154 pos=(-40.307,0.003,-17.724) bounded=true
tick=4830 phase=turn_recovery reason=reverse_complete wp=0 dist_wp=3.34 bearing_deg=1.17 speed=-0.069 pos=(-40.004,0.001,-17.326) bounded=true
tick=4860 phase=turn_recovery reason=reverse_complete wp=0 dist_wp=3.34 bearing_deg=19.17 speed=0.000 pos=(-40.004,0.001,-17.326) bounded=true
tick=4890 phase=following reason=path_ready wp=0 dist_wp=3.34 bearing_deg=14.75 speed=0.008 pos=(-40.004,0.000,-17.326) bounded=true
tick=4920 phase=following reason=path_ready wp=0 dist_wp=3.28 bearing_deg=7.25 speed=0.036 pos=(-40.030,0.001,-17.377) bounded=true
tick=4950 phase=following reason=path_ready wp=0 dist_wp=3.16 bearing_deg=3.64 speed=0.057 pos=(-40.095,0.001,-17.481) bounded=true
tick=4980 phase=following reason=path_ready wp=0 dist_wp=3.00 bearing_deg=1.86 speed=0.067 pos=(-40.187,0.001,-17.615) bounded=true
tick=5010 phase=following reason=path_ready wp=0 dist_wp=2.82 bearing_deg=0.96 speed=0.063 pos=(-40.287,0.001,-17.754) bounded=true
tick=5040 phase=following reason=path_ready wp=0 dist_wp=2.68 bearing_deg=0.80 speed=0.046 pos=(-40.372,0.001,-17.869) bounded=true
tick=5070 phase=following reason=path_ready wp=0 dist_wp=2.60 bearing_deg=0.79 speed=0.018 pos=(-40.421,0.001,-17.935) bounded=true
tick=5100 phase=following reason=path_ready wp=0 dist_wp=2.59 bearing_deg=0.79 speed=0.000 pos=(-40.426,0.000,-17.942) bounded=true
tick=5130 phase=following reason=path_ready wp=0 dist_wp=2.59 bearing_deg=0.79 speed=0.000 pos=(-40.426,0.000,-17.942) bounded=true
tick=5160 phase=following reason=path_ready wp=0 dist_wp=2.59 bearing_deg=0.79 speed=0.000 pos=(-40.426,0.000,-17.942) bounded=true
tick=5190 phase=reverse reason=insufficient_actual_progress wp=0 dist_wp=2.62 bearing_deg=0.79 speed=-0.045 pos=(-40.411,0.002,-17.922) bounded=true
tick=5220 phase=reverse reason=insufficient_actual_progress wp=0 dist_wp=2.87 bearing_deg=0.72 speed=-0.147 pos=(-40.261,0.003,-17.720) bounded=true
tick=5250 phase=turn_recovery reason=reverse_complete wp=0 dist_wp=3.38 bearing_deg=0.04 speed=-0.187 pos=(-39.956,0.003,-17.311) bounded=true
tick=5280 phase=turn_recovery reason=reverse_complete wp=0 dist_wp=3.39 bearing_deg=-17.94 speed=0.000 pos=(-39.946,0.002,-17.298) bounded=true
tick=5310 phase=following reason=path_ready wp=0 dist_wp=3.39 bearing_deg=-15.47 speed=0.007 pos=(-39.946,0.001,-17.298) bounded=true
tick=5340 phase=following reason=path_ready wp=0 dist_wp=3.33 bearing_deg=-7.60 speed=0.039 pos=(-39.990,0.002,-17.339) bounded=true
tick=5370 phase=following reason=path_ready wp=0 dist_wp=3.20 bearing_deg=-3.82 speed=0.064 pos=(-40.081,0.001,-17.440) bounded=true
tick=5400 phase=following reason=path_ready wp=0 dist_wp=3.02 bearing_deg=-1.96 speed=0.076 pos=(-40.198,0.001,-17.582) bounded=true
tick=5430 phase=following reason=path_ready wp=0 dist_wp=2.82 bearing_deg=-1.01 speed=0.073 pos=(-40.318,0.001,-17.737) bounded=true
tick=5460 phase=following reason=path_ready wp=0 dist_wp=2.65 bearing_deg=-0.80 speed=0.054 pos=(-40.419,0.001,-17.869) bounded=true
tick=5490 phase=following reason=path_ready wp=0 dist_wp=2.55 bearing_deg=-0.78 speed=0.023 pos=(-40.480,0.002,-17.949) bounded=true
tick=5520 phase=following reason=path_ready wp=0 dist_wp=2.54 bearing_deg=-0.78 speed=0.000 pos=(-40.488,0.001,-17.960) bounded=true
tick=5550 phase=following reason=path_ready wp=0 dist_wp=2.54 bearing_deg=-0.78 speed=0.000 pos=(-40.488,0.001,-17.960) bounded=true
