tick=0 phase=following reason=path_ready wp=1 dist_wp=13.42 bearing_deg=26.57 speed=0.000 pos=(-27.000,0.005,116.000) bounded=true
tick=30 phase=following reason=path_ready wp=1 dist_wp=13.32 bearing_deg=13.28 speed=0.185 pos=(-27.021,0.005,115.901) bounded=true
tick=60 phase=following reason=path_ready wp=1 dist_wp=12.27 bearing_deg=7.04 speed=0.632 pos=(-27.348,0.009,114.894) bounded=true
tick=90 phase=following reason=path_ready wp=1 dist_wp=10.16 bearing_deg=4.21 speed=1.025 pos=(-28.167,0.008,112.934) bounded=true
tick=120 phase=following reason=path_ready wp=1 dist_wp=7.16 bearing_deg=2.98 speed=1.322 pos=(-29.462,0.007,110.228) bounded=true
tick=150 phase=following reason=path_ready wp=1 dist_wp=3.60 bearing_deg=2.98 speed=1.469 pos=(-31.118,0.004,107.067) bounded=true
tick=180 phase=following reason=path_ready wp=1 dist_wp=0.39 bearing_deg=14.11 speed=0.672 pos=(-32.718,0.019,104.271) bounded=true
tick=210 phase=following reason=path_ready wp=2 dist_wp=20.51 bearing_deg=57.62 speed=0.000 pos=(-32.882,0.010,104.028) bounded=true
tick=240 phase=following reason=path_ready wp=2 dist_wp=20.51 bearing_deg=39.62 speed=0.000 pos=(-32.882,0.001,104.028) bounded=true
tick=270 phase=following reason=path_ready wp=2 dist_wp=20.51 bearing_deg=21.80 speed=0.000 pos=(-32.882,0.001,104.028) bounded=true
tick=300 phase=following reason=path_ready wp=2 dist_wp=20.16 bearing_deg=10.74 speed=0.366 pos=(-33.235,0.008,104.055) bounded=true
tick=330 phase=following reason=path_ready wp=2 dist_wp=18.60 bearing_deg=5.72 speed=0.862 pos=(-34.784,0.010,104.328) bounded=true
tick=360 phase=following reason=path_ready wp=2 dist_wp=15.79 bearing_deg=3.36 speed=1.353 pos=(-37.521,0.010,105.003) bounded=true
tick=390 phase=following reason=path_ready wp=2 dist_wp=11.76 bearing_deg=2.29 speed=1.810 pos=(-41.395,0.010,106.126) bounded=true
tick=420 phase=following reason=path_ready wp=2 dist_wp=6.75 bearing_deg=2.03 speed=2.119 pos=(-46.171,0.007,107.651) bounded=true
tick=450 phase=following reason=path_ready wp=2 dist_wp=1.31 bearing_deg=5.35 speed=1.946 pos=(-51.313,0.003,109.434) bounded=true
tick=480 phase=following reason=path_ready wp=3 dist_wp=19.12 bearing_deg=-15.06 speed=0.380 pos=(-53.685,0.031,110.501) bounded=true
tick=510 phase=following reason=path_ready wp=3 dist_wp=17.54 bearing_deg=-8.07 speed=0.875 pos=(-55.119,0.008,111.224) bounded=true
tick=540 phase=following reason=path_ready wp=3 dist_wp=14.71 bearing_deg=-4.80 speed=1.364 pos=(-57.773,0.010,112.258) bounded=true
tick=570 phase=following reason=path_ready wp=3 dist_wp=10.69 bearing_deg=-3.34 speed=1.792 pos=(-61.606,0.009,113.503) bounded=true
tick=600 phase=following reason=path_ready wp=3 dist_wp=5.77 bearing_deg=-3.16 speed=2.079 pos=(-66.349,0.006,114.839) bounded=true
tick=630 phase=following reason=path_ready wp=3 dist_wp=0.57 bearing_deg=-16.66 speed=1.677 pos=(-71.433,0.010,116.054) bounded=true
tick=660 phase=following reason=path_ready wp=4 dist_wp=22.30 bearing_deg=-87.95 speed=0.037 pos=(-73.483,0.032,116.252) bounded=true
tick=690 phase=following reason=path_ready wp=4 dist_wp=22.30 bearing_deg=-69.95 speed=0.000 pos=(-73.483,0.004,116.252) bounded=true
tick=720 phase=following reason=path_ready wp=4 dist_wp=22.30 bearing_deg=-51.95 speed=0.000 pos=(-73.483,0.001,116.252) bounded=true
tick=750 phase=following reason=path_ready wp=4 dist_wp=22.30 bearing_deg=-33.95 speed=0.000 pos=(-73.483,0.001,116.252) bounded=true
tick=780 phase=following reason=path_ready wp=4 dist_wp=22.30 bearing_deg=-17.33 speed=0.021 pos=(-73.484,0.001,116.250) bounded=true
tick=810 phase=following reason=path_ready wp=4 dist_wp=21.44 bearing_deg=-8.79 speed=0.664 pos=(-73.591,0.012,115.377) bounded=true
tick=840 phase=following reason=path_ready wp=4 dist_wp=18.90 bearing_deg=-4.96 speed=1.338 pos=(-73.664,0.014,112.831) bounded=true
tick=870 phase=following reason=path_ready wp=4 dist_wp=14.63 bearing_deg=-3.25 speed=2.032 pos=(-73.538,0.014,108.546) bounded=true
tick=900 phase=following reason=path_ready wp=4 dist_wp=8.95 bearing_deg=-2.73 speed=2.423 pos=(-73.158,0.008,102.870) bounded=true
tick=930 phase=following reason=path_ready wp=4 dist_wp=2.31 bearing_deg=-5.51 speed=2.754 pos=(-72.495,0.007,96.260) bounded=true
tick=960 phase=following reason=path_ready wp=4 dist_wp=2.52 bearing_deg=-170.40 speed=1.138 pos=(-71.526,0.029,91.527) bounded=true
tick=990 phase=following reason=path_ready wp=4 dist_wp=3.49 bearing_deg=-156.68 speed=0.000 pos=(-71.111,0.022,90.627) bounded=true
tick=1020 phase=following reason=path_ready wp=4 dist_wp=3.49 bearing_deg=-138.70 speed=0.000 pos=(-71.111,0.002,90.627) bounded=true
tick=1050 phase=following reason=path_ready wp=4 dist_wp=3.49 bearing_deg=-120.70 speed=0.000 pos=(-71.111,0.001,90.627) bounded=true
tick=1080 phase=following reason=path_ready wp=4 dist_wp=3.49 bearing_deg=-102.70 speed=0.000 pos=(-71.111,0.001,90.627) bounded=true
tick=1110 phase=following reason=path_ready wp=4 dist_wp=3.49 bearing_deg=-84.70 speed=0.000 pos=(-71.111,0.001,90.627) bounded=true
tick=1140 phase=following reason=path_ready wp=4 dist_wp=3.49 bearing_deg=-66.69 speed=0.000 pos=(-71.111,0.001,90.627) bounded=true
tick=1170 phase=following reason=path_ready wp=4 dist_wp=3.49 bearing_deg=-48.69 speed=0.000 pos=(-71.111,0.001,90.627) bounded=true
tick=1200 phase=following reason=path_ready wp=4 dist_wp=3.49 bearing_deg=-30.69 speed=0.000 pos=(-71.111,0.001,90.627) bounded=true
tick=1230 phase=following reason=path_ready wp=4 dist_wp=3.47 bearing_deg=-15.26 speed=0.051 pos=(-71.111,0.002,90.641) bounded=true
tick=1260 phase=following reason=path_ready wp=4 dist_wp=3.03 bearing_deg=-8.50 speed=0.293 pos=(-71.151,0.005,91.091) bounded=true
tick=1290 phase=following reason=path_ready wp=4 dist_wp=2.04 bearing_deg=-6.16 speed=0.474 pos=(-71.336,0.004,92.069) bounded=true
tick=1320 phase=following reason=path_ready wp=5 dist_wp=21.00 bearing_deg=-158.05 speed=0.000 pos=(-71.577,0.012,92.991) bounded=true
tick=1350 phase=following reason=path_ready wp=5 dist_wp=21.00 bearing_deg=-140.06 speed=0.000 pos=(-71.577,0.002,92.991) bounded=true
tick=1380 phase=following reason=path_ready wp=5 dist_wp=21.00 bearing_deg=-122.06 speed=0.000 pos=(-71.577,0.001,92.991) bounded=true
tick=1410 phase=following reason=path_ready wp=5 dist_wp=21.00 bearing_deg=-104.06 speed=0.000 pos=(-71.577,0.001,92.991) bounded=true
tick=1440 phase=following reason=path_ready wp=5 dist_wp=21.00 bearing_deg=-86.06 speed=0.000 pos=(-71.577,0.001,92.991) bounded=true
tick=1470 phase=following reason=path_ready wp=5 dist_wp=21.00 bearing_deg=-68.06 speed=0.000 pos=(-71.577,0.001,92.991) bounded=true
tick=1500 phase=following reason=path_ready wp=5 dist_wp=21.00 bearing_deg=-50.06 speed=0.000 pos=(-71.577,0.001,92.991) bounded=true
tick=1530 phase=following reason=path_ready wp=5 dist_wp=21.00 bearing_deg=-32.06 speed=0.000 pos=(-71.577,0.001,92.991) bounded=true
tick=1560 phase=following reason=path_ready wp=5 dist_wp=20.98 bearing_deg=-16.07 speed=0.095 pos=(-71.583,0.002,92.972) bounded=true
tick=1590 phase=following reason=path_ready wp=5 dist_wp=19.83 bearing_deg=-8.32 speed=0.807 pos=(-71.814,0.014,91.825) bounded=true
tick=1620 phase=following reason=path_ready wp=5 dist_wp=16.88 bearing_deg=-4.88 speed=1.510 pos=(-72.130,0.014,88.884) bounded=true
tick=1650 phase=following reason=path_ready wp=5 dist_wp=12.19 bearing_deg=-3.45 speed=2.184 pos=(-72.365,0.014,84.181) bounded=true
tick=1680 phase=following reason=path_ready wp=5 dist_wp=6.33 bearing_deg=-3.42 speed=2.498 pos=(-72.424,0.008,78.320) bounded=true
tick=1710 phase=following reason=path_ready wp=5 dist_wp=0.21 bearing_deg=-71.75 speed=2.020 pos=(-72.204,0.013,72.047) bounded=true
tick=1740 phase=following reason=path_ready wp=5 dist_wp=2.91 bearing_deg=-165.94 speed=0.426 pos=(-71.567,0.031,69.120) bounded=true
tick=1770 phase=following reason=path_ready wp=5 dist_wp=3.04 bearing_deg=-148.69 speed=0.000 pos=(-71.514,0.007,69.004) bounded=true
tick=1800 phase=following reason=path_ready wp=5 dist_wp=3.04 bearing_deg=-130.69 speed=0.000 pos=(-71.514,0.001,69.004) bounded=true
tick=1830 phase=following reason=path_ready wp=5 dist_wp=3.04 bearing_deg=-112.69 speed=0.000 pos=(-71.514,0.001,69.004) bounded=true
tick=1860 phase=following reason=path_ready wp=5 dist_wp=3.04 bearing_deg=-94.69 speed=0.000 pos=(-71.514,0.001,69.004) bounded=true
tick=1890 phase=following reason=path_ready wp=5 dist_wp=3.04 bearing_deg=-76.69 speed=0.000 pos=(-71.514,0.001,69.004) bounded=true
tick=1920 phase=following reason=path_ready wp=5 dist_wp=3.04 bearing_deg=-58.69 speed=0.000 pos=(-71.514,0.001,69.004) bounded=true
tick=1950 phase=following reason=path_ready wp=5 dist_wp=3.04 bearing_deg=-40.69 speed=0.000 pos=(-71.514,0.001,69.004) bounded=true
tick=1980 phase=following reason=path_ready wp=5 dist_wp=3.04 bearing_deg=-22.77 speed=0.000 pos=(-71.514,0.001,69.004) bounded=true
tick=2010 phase=following reason=path_ready wp=5 dist_wp=2.91 bearing_deg=-11.48 speed=0.145 pos=(-71.506,0.004,69.132) bounded=true
tick=2040 phase=following reason=path_ready wp=5 dist_wp=2.29 bearing_deg=-7.09 speed=0.333 pos=(-71.531,0.004,69.755) bounded=true
tick=2070 phase=following reason=path_ready wp=5 dist_wp=1.31 bearing_deg=-6.09 speed=0.424 pos=(-71.655,0.003,70.739) bounded=true
tick=2100 phase=following reason=path_ready wp=6 dist_wp=20.89 bearing_deg=-153.30 speed=0.000 pos=(-71.681,0.005,70.887) bounded=true
tick=2130 phase=following reason=path_ready wp=6 dist_wp=20.89 bearing_deg=-135.30 speed=0.000 pos=(-71.681,0.001,70.887) bounded=true
tick=2160 phase=following reason=path_ready wp=6 dist_wp=20.89 bearing_deg=-117.30 speed=0.000 pos=(-71.681,0.000,70.887) bounded=true
tick=2190 phase=following reason=path_ready wp=6 dist_wp=20.89 bearing_deg=-99.30 speed=0.000 pos=(-71.681,0.000,70.887) bounded=true
tick=2220 phase=following reason=path_ready wp=6 dist_wp=20.89 bearing_deg=-81.30 speed=0.000 pos=(-71.681,0.000,70.887) bounded=true
tick=2250 phase=following reason=path_ready wp=6 dist_wp=20.89 bearing_deg=-63.30 speed=0.000 pos=(-71.681,0.000,70.887) bounded=true
tick=2280 phase=following reason=path_ready wp=6 dist_wp=20.89 bearing_deg=-45.30 speed=0.000 pos=(-71.681,0.000,70.887) bounded=true
tick=2310 phase=following reason=path_ready wp=6 dist_wp=20.89 bearing_deg=-27.30 speed=0.000 pos=(-71.681,0.000,70.887) bounded=true
tick=2340 phase=following reason=path_ready wp=6 dist_wp=20.74 bearing_deg=-13.36 speed=0.286 pos=(-71.723,0.007,70.736) bounded=true
tick=2370 phase=following reason=path_ready wp=6 dist_wp=19.11 bearing_deg=-7.13 speed=0.996 pos=(-71.995,0.014,69.109) bounded=true
tick=2400 phase=following reason=path_ready wp=6 dist_wp=15.69 bearing_deg=-4.37 speed=1.695 pos=(-72.285,0.014,65.692) bounded=true
tick=2430 phase=following reason=path_ready wp=6 dist_wp=10.58 bearing_deg=-3.32 speed=2.247 pos=(-72.456,0.012,60.568) bounded=true
tick=2460 phase=following reason=path_ready wp=6 dist_wp=4.52 bearing_deg=-4.01 speed=2.585 pos=(-72.423,0.008,54.504) bounded=true
tick=2490 phase=following reason=path_ready wp=6 dist_wp=1.21 bearing_deg=-168.34 speed=1.578 pos=(-72.024,0.023,48.788) bounded=true
tick=2520 phase=following reason=path_ready wp=6 dist_wp=3.09 bearing_deg=-161.67 speed=0.001 pos=(-71.486,0.032,46.954) bounded=true
tick=2550 phase=following reason=path_ready wp=6 dist_wp=3.09 bearing_deg=-143.71 speed=0.000 pos=(-71.486,0.004,46.954) bounded=true
tick=2580 phase=following reason=path_ready wp=6 dist_wp=3.09 bearing_deg=-125.71 speed=0.000 pos=(-71.486,0.000,46.954) bounded=true
tick=2610 phase=following reason=path_ready wp=6 dist_wp=3.09 bearing_deg=-107.71 speed=0.000 pos=(-71.486,0.000,46.954) bounded=true
tick=2640 phase=following reason=path_ready wp=6 dist_wp=3.09 bearing_deg=-89.71 speed=0.000 pos=(-71.486,0.000,46.954) bounded=true
tick=2670 phase=following reason=path_ready wp=6 dist_wp=3.09 bearing_deg=-71.71 speed=0.000 pos=(-71.486,0.000,46.954) bounded=true
tick=2700 phase=following reason=path_ready wp=6 dist_wp=3.09 bearing_deg=-53.71 speed=0.000 pos=(-71.486,0.000,46.954) bounded=true
tick=2730 phase=following reason=path_ready wp=6 dist_wp=3.09 bearing_deg=-35.71 speed=0.000 pos=(-71.486,0.000,46.954) bounded=true
tick=2760 phase=following reason=path_ready wp=6 dist_wp=3.09 bearing_deg=-18.61 speed=0.000 pos=(-71.486,0.000,46.954) bounded=true
tick=2790 phase=following reason=path_ready wp=6 dist_wp=2.84 bearing_deg=-9.80 speed=0.204 pos=(-71.479,0.005,47.206) bounded=true
tick=2820 phase=following reason=path_ready wp=6 dist_wp=2.09 bearing_deg=-6.50 speed=0.379 pos=(-71.534,0.004,47.963) bounded=true
tick=2850 phase=following reason=path_ready wp=7 dist_wp=20.21 bearing_deg=140.49 speed=0.070 pos=(-71.670,0.007,48.894) bounded=true
tick=2880 phase=following reason=path_ready wp=7 dist_wp=20.21 bearing_deg=122.49 speed=0.000 pos=(-71.670,0.003,48.895) bounded=true
tick=2910 phase=following reason=path_ready wp=7 dist_wp=20.21 bearing_deg=104.49 speed=0.000 pos=(-71.670,0.000,48.895) bounded=true
tick=2940 phase=following reason=path_ready wp=7 dist_wp=20.21 bearing_deg=86.49 speed=0.000 pos=(-71.670,0.000,48.895) bounded=true
tick=2970 phase=following reason=path_ready wp=7 dist_wp=20.21 bearing_deg=68.49 speed=0.000 pos=(-71.670,0.000,48.895) bounded=true
tick=3000 phase=following reason=path_ready wp=7 dist_wp=20.21 bearing_deg=50.49 speed=0.000 pos=(-71.670,0.000,48.895) bounded=true
tick=3030 phase=following reason=path_ready wp=7 dist_wp=20.21 bearing_deg=32.49 speed=0.000 pos=(-71.670,0.000,48.895) bounded=true
tick=3060 phase=following reason=path_ready wp=7 dist_wp=20.19 bearing_deg=16.35 speed=0.071 pos=(-71.660,0.002,48.890) bounded=true
tick=3090 phase=following reason=path_ready wp=7 dist_wp=19.10 bearing_deg=8.45 speed=0.784 pos=(-70.729,0.014,48.283) bounded=true
tick=3120 phase=following reason=path_ready wp=7 dist_wp=16.22 bearing_deg=4.97 speed=1.487 pos=(-68.457,0.014,46.484) bounded=true
tick=3150 phase=following reason=path_ready wp=7 dist_wp=11.59 bearing_deg=3.55 speed=2.152 pos=(-64.990,0.014,43.394) bounded=true
tick=3180 phase=following reason=path_ready wp=7 dist_wp=5.79 bearing_deg=3.65 speed=2.455 pos=(-60.819,0.007,39.358) bounded=true
tick=3210 phase=following reason=path_ready wp=7 dist_wp=0.31 bearing_deg=139.24 speed=1.875 pos=(-56.694,0.015,34.943) bounded=true
tick=3240 phase=following reason=path_ready wp=7 dist_wp=2.86 bearing_deg=164.78 speed=0.287 pos=(-55.288,0.031,32.707) bounded=true
tick=3270 phase=following reason=path_ready wp=7 dist_wp=2.91 bearing_deg=147.16 speed=0.000 pos=(-55.269,0.005,32.656) bounded=true
tick=3300 phase=following reason=path_ready wp=7 dist_wp=2.91 bearing_deg=129.16 speed=0.000 pos=(-55.269,0.001,32.656) bounded=true
tick=3330 phase=following reason=path_ready wp=7 dist_wp=2.91 bearing_deg=111.16 speed=0.000 pos=(-55.269,0.001,32.656) bounded=true
tick=3360 phase=following reason=path_ready wp=7 dist_wp=2.91 bearing_deg=93.16 speed=0.000 pos=(-55.269,0.001,32.656) bounded=true
tick=3390 phase=following reason=path_ready wp=7 dist_wp=2.91 bearing_deg=75.16 speed=0.000 pos=(-55.269,0.001,32.656) bounded=true
tick=3420 phase=following reason=path_ready wp=7 dist_wp=2.91 bearing_deg=57.16 speed=0.000 pos=(-55.269,0.001,32.656) bounded=true
tick=3450 phase=following reason=path_ready wp=7 dist_wp=2.91 bearing_deg=39.16 speed=0.000 pos=(-55.269,0.001,32.656) bounded=true
tick=3480 phase=following reason=path_ready wp=7 dist_wp=2.91 bearing_deg=21.40 speed=0.000 pos=(-55.269,0.001,32.656) bounded=true
tick=3510 phase=following reason=path_ready wp=7 dist_wp=2.77 bearing_deg=10.89 speed=0.152 pos=(-55.381,0.004,32.753) bounded=true
tick=3540 phase=following reason=path_ready wp=7 dist_wp=2.15 bearing_deg=6.82 speed=0.326 pos=(-55.805,0.004,33.210) bounded=true
tick=3570 phase=following reason=path_ready wp=8 dist_wp=20.04 bearing_deg=169.84 speed=0.291 pos=(-56.385,0.001,33.947) bounded=true
tick=3600 phase=following reason=path_ready wp=8 dist_wp=20.09 bearing_deg=151.89 speed=0.000 pos=(-56.417,0.003,33.994) bounded=true
tick=3630 phase=following reason=path_ready wp=8 dist_wp=20.09 bearing_deg=133.89 speed=0.000 pos=(-56.417,0.001,33.994) bounded=true
tick=3660 phase=following reason=path_ready wp=8 dist_wp=20.09 bearing_deg=115.89 speed=0.000 pos=(-56.417,0.001,33.994) bounded=true
tick=3690 phase=following reason=path_ready wp=8 dist_wp=20.09 bearing_deg=97.89 speed=0.000 pos=(-56.417,0.001,33.994) bounded=true
tick=3720 phase=following reason=path_ready wp=8 dist_wp=20.09 bearing_deg=79.89 speed=0.000 pos=(-56.417,0.001,33.994) bounded=true
tick=3750 phase=following reason=path_ready wp=8 dist_wp=20.09 bearing_deg=61.89 speed=0.000 pos=(-56.417,0.001,33.994) bounded=true
tick=3780 phase=following reason=path_ready wp=8 dist_wp=20.09 bearing_deg=43.89 speed=0.000 pos=(-56.417,0.001,33.994) bounded=true
tick=3810 phase=following reason=path_ready wp=8 dist_wp=20.09 bearing_deg=25.89 speed=0.000 pos=(-56.417,0.001,33.994) bounded=true
tick=3840 phase=following reason=path_ready wp=8 dist_wp=19.89 bearing_deg=12.67 speed=0.333 pos=(-56.235,0.008,33.888) bounded=true
tick=3870 phase=following reason=path_ready wp=8 dist_wp=18.14 bearing_deg=6.84 speed=1.043 pos=(-54.803,0.014,32.849) bounded=true
tick=3900 phase=following reason=path_ready wp=8 dist_wp=14.61 bearing_deg=4.28 speed=1.741 pos=(-52.105,0.014,30.546) bounded=true
tick=3930 phase=following reason=path_ready wp=8 dist_wp=9.41 bearing_deg=3.40 speed=2.249 pos=(-48.322,0.011,26.976) bounded=true
tick=3960 phase=following reason=path_ready wp=8 dist_wp=3.37 bearing_deg=4.91 speed=2.557 pos=(-44.087,0.007,22.646) bounded=true
tick=3990 phase=following reason=path_ready wp=8 dist_wp=1.60 bearing_deg=169.03 speed=1.157 pos=(-40.920,0.029,18.823) bounded=true
tick=4020 phase=following reason=path_ready wp=8 dist_wp=2.51 bearing_deg=156.89 speed=0.000 pos=(-40.490,0.021,17.999) bounded=true
tick=4050 phase=following reason=path_ready wp=8 dist_wp=2.51 bearing_deg=138.90 speed=0.000 pos=(-40.490,0.001,17.999) bounded=true
tick=4080 phase=following reason=path_ready wp=8 dist_wp=2.51 bearing_deg=120.90 speed=0.000 pos=(-40.490,0.001,17.999) bounded=true
tick=4110 phase=following reason=path_ready wp=8 dist_wp=2.51 bearing_deg=102.90 speed=0.000 pos=(-40.490,0.001,17.999) bounded=true
tick=4140 phase=following reason=path_ready wp=8 dist_wp=2.51 bearing_deg=84.90 speed=0.000 pos=(-40.490,0.001,17.999) bounded=true
tick=4170 phase=following reason=path_ready wp=8 dist_wp=2.51 bearing_deg=66.90 speed=0.000 pos=(-40.490,0.001,17.999) bounded=true
tick=4200 phase=following reason=path_ready wp=8 dist_wp=2.51 bearing_deg=48.90 speed=0.000 pos=(-40.490,0.001,17.999) bounded=true
tick=4230 phase=following reason=path_ready wp=8 dist_wp=2.51 bearing_deg=30.90 speed=0.000 pos=(-40.490,0.001,17.999) bounded=true
tick=4260 phase=following reason=path_ready wp=8 dist_wp=2.51 bearing_deg=15.32 speed=0.000 pos=(-40.490,0.001,17.999) bounded=true
tick=4290 phase=following reason=path_ready wp=8 dist_wp=2.51 bearing_deg=7.39 speed=0.000 pos=(-40.490,0.001,17.999) bounded=true
tick=4320 phase=following reason=path_ready wp=8 dist_wp=2.51 bearing_deg=3.57 speed=0.000 pos=(-40.490,0.001,17.999) bounded=true
tick=4350 phase=following reason=path_ready wp=8 dist_wp=2.51 bearing_deg=1.72 speed=0.000 pos=(-40.490,0.001,17.999) bounded=true
tick=4380 phase=reverse reason=insufficient_actual_progress wp=8 dist_wp=2.51 bearing_deg=0.94 speed=-0.017 pos=(-40.487,0.001,17.997) bounded=true
tick=4410 phase=reverse reason=insufficient_actual_progress wp=8 dist_wp=2.69 bearing_deg=0.88 speed=-0.120 pos=(-40.378,0.003,17.857) bounded=true
tick=4440 phase=reverse reason=insufficient_actual_progress wp=8 dist_wp=3.12 bearing_deg=0.75 speed=-0.222 pos=(-40.109,0.003,17.513) bounded=true
tick=4470 phase=turn_recovery reason=reverse_complete wp=8 dist_wp=3.30 bearing_deg=-13.04 speed=0.000 pos=(-40.004,0.002,17.378) bounded=true
tick=4500 phase=following reason=path_ready wp=0 dist_wp=3.30 bearing_deg=-18.71 speed=0.000 pos=(-40.004,0.000,17.378) bounded=true
tick=4530 phase=following reason=path_ready wp=0 dist_wp=3.27 bearing_deg=-9.10 speed=0.024 pos=(-40.016,0.001,17.400) bounded=true
tick=4560 phase=following reason=path_ready wp=0 dist_wp=3.18 bearing_deg=-4.52 speed=0.046 pos=(-40.063,0.001,17.478) bounded=true
tick=4590 phase=following reason=path_ready wp=0 dist_wp=3.05 bearing_deg=-2.28 speed=0.059 pos=(-40.139,0.001,17.589) bounded=true
tick=4620 phase=following reason=path_ready wp=0 dist_wp=2.89 bearing_deg=-1.16 speed=0.060 pos=(-40.229,0.001,17.712) bounded=true
tick=4650 phase=following reason=path_ready wp=0 dist_wp=2.75 bearing_deg=-0.79 speed=0.049 pos=(-40.312,0.001,17.823) bounded=true
tick=4680 phase=following reason=path_ready wp=0 dist_wp=2.66 bearing_deg=-0.80 speed=0.027 pos=(-40.370,0.001,17.900) bounded=true
tick=4710 phase=following reason=path_ready wp=0 dist_wp=2.63 bearing_deg=-0.79 speed=0.000 pos=(-40.387,0.001,17.923) bounded=true
tick=4740 phase=reverse reason=insufficient_actual_progress wp=0 dist_wp=2.64 bearing_deg=-0.78 speed=-0.027 pos=(-40.381,0.002,17.915) bounded=true
tick=4770 phase=reverse reason=insufficient_actual_progress wp=0 dist_wp=2.84 bearing_deg=-0.73 speed=-0.130 pos=(-40.259,0.003,17.753) bounded=true
tick=4800 phase=reverse reason=insufficient_actual_progress wp=0 dist_wp=3.31 bearing_deg=-0.63 speed=-0.233 pos=(-39.980,0.003,17.384) bounded=true
tick=4830 phase=turn_recovery reason=reverse_complete wp=0 dist_wp=3.42 bearing_deg=14.95 speed=0.000 pos=(-39.912,0.003,17.293) bounded=true
tick=4860 phase=following reason=path_ready wp=0 dist_wp=3.42 bearing_deg=17.47 speed=0.001 pos=(-39.912,0.001,17.293) bounded=true
tick=4890 phase=following reason=path_ready wp=0 dist_wp=3.37 bearing_deg=8.55 speed=0.036 pos=(-39.945,0.002,17.324) bounded=true
tick=4920 phase=following reason=path_ready wp=0 dist_wp=3.25 bearing_deg=4.29 speed=0.064 pos=(-40.034,0.001,17.417) bounded=true
tick=4950 phase=following reason=path_ready wp=0 dist_wp=3.06 bearing_deg=2.20 speed=0.080 pos=(-40.153,0.001,17.559) bounded=true
tick=4980 phase=following reason=path_ready wp=0 dist_wp=2.86 bearing_deg=1.14 speed=0.080 pos=(-40.282,0.001,17.719) bounded=true
tick=5010 phase=following reason=path_ready wp=0 dist_wp=2.67 bearing_deg=0.79 speed=0.064 pos=(-40.395,0.001,17.865) bounded=true
tick=5040 phase=following reason=path_ready wp=0 dist_wp=2.55 bearing_deg=0.79 speed=0.033 pos=(-40.470,0.002,17.962) bounded=true
tick=5070 phase=following reason=path_ready wp=0 dist_wp=2.52 bearing_deg=0.80 speed=0.000 pos=(-40.490,0.002,17.988) bounded=true
tick=5100 phase=following reason=path_ready wp=0 dist_wp=2.52 bearing_deg=0.80 speed=0.000 pos=(-40.490,0.001,17.988) bounded=true
tick=5130 phase=reverse reason=insufficient_actual_progress wp=0 dist_wp=2.52 bearing_deg=0.80 speed=-0.021 pos=(-40.487,0.001,17.984) bounded=true
tick=5160 phase=reverse reason=insufficient_actual_progress wp=0 dist_wp=2.71 bearing_deg=0.74 speed=-0.123 pos=(-40.373,0.003,17.837) bounded=true
tick=5190 phase=reverse reason=insufficient_actual_progress wp=0 dist_wp=3.15 bearing_deg=0.64 speed=-0.226 pos=(-40.101,0.003,17.484) bounded=true
tick=5220 phase=turn_recovery reason=reverse_complete wp=0 dist_wp=3.30 bearing_deg=-13.75 speed=0.000 pos=(-40.008,0.002,17.364) bounded=true
tick=5250 phase=following reason=path_ready wp=0 dist_wp=3.30 bearing_deg=-18.34 speed=0.000 pos=(-40.008,0.000,17.364) bounded=true
tick=5280 phase=following reason=path_ready wp=0 dist_wp=3.28 bearing_deg=-8.93 speed=0.026 pos=(-40.021,0.001,17.388) bounded=true
tick=5310 phase=following reason=path_ready wp=0 dist_wp=3.18 bearing_deg=-4.44 speed=0.048 pos=(-40.070,0.001,17.470) bounded=true
tick=5340 phase=following reason=path_ready wp=0 dist_wp=3.04 bearing_deg=-2.24 speed=0.060 pos=(-40.148,0.001,17.585) bounded=true
tick=5370 phase=following reason=path_ready wp=0 dist_wp=2.89 bearing_deg=-1.14 speed=0.061 pos=(-40.240,0.001,17.711) bounded=true
tick=5400 phase=following reason=path_ready wp=0 dist_wp=2.75 bearing_deg=-0.80 speed=0.049 pos=(-40.325,0.001,17.825) bounded=true
tick=5430 phase=following reason=path_ready wp=0 dist_wp=2.65 bearing_deg=-0.79 speed=0.027 pos=(-40.383,0.001,17.903) bounded=true
tick=5460 phase=following reason=path_ready wp=0 dist_wp=2.62 bearing_deg=-0.79 speed=0.000 pos=(-40.399,0.001,17.925) bounded=true
