tick=0 phase=following reason=path_ready wp=1 dist_wp=13.42 bearing_deg=-26.57 speed=0.000 pos=(-27.000,0.005,-116.000) thr=0.00 steer=-1.00 blocked=false attempts=0 stuck_s=0.00 pitch=-0.00 roll=0.00 normal_y=1.00 contacts=0[] bounded=true
tick=30 phase=following reason=path_ready wp=1 dist_wp=13.32 bearing_deg=-13.28 speed=0.185 pos=(-27.022,0.005,-115.900) thr=0.95 steer=-0.54 blocked=false attempts=0 stuck_s=0.20 pitch=0.08 roll=0.00 normal_y=1.00 contacts=3[VillageTerrain,VillageTerrain,VillageTerrain] bounded=true
tick=60 phase=following reason=path_ready wp=1 dist_wp=12.26 bearing_deg=-7.05 speed=0.632 pos=(-27.352,0.009,-114.884) thr=0.91 steer=-0.29 blocked=false attempts=0 stuck_s=0.00 pitch=0.16 roll=0.00 normal_y=1.00 contacts=3[VillageTerrain,VillageTerrain,VillageTerrain] bounded=true
tick=90 phase=following reason=path_ready wp=1 dist_wp=10.13 bearing_deg=-4.22 speed=1.024 pos=(-28.178,0.008,-112.906) thr=0.82 steer=-0.17 blocked=false attempts=0 stuck_s=0.03 pitch=0.14 roll=0.00 normal_y=1.00 contacts=3[VillageTerrain,VillageTerrain,VillageTerrain] bounded=true
tick=120 phase=following reason=path_ready wp=1 dist_wp=7.11 bearing_deg=-3.00 speed=1.319 pos=(-29.485,0.007,-110.177) thr=0.67 steer=-0.12 blocked=false attempts=0 stuck_s=0.05 pitch=0.11 roll=0.00 normal_y=1.00 contacts=3[VillageTerrain,VillageTerrain,VillageTerrain] bounded=true
tick=150 phase=following reason=path_ready wp=1 dist_wp=3.52 bearing_deg=-3.05 speed=1.463 pos=(-31.153,0.004,-106.995) thr=0.42 steer=-0.12 blocked=false attempts=0 stuck_s=0.00 pitch=0.05 roll=0.00 normal_y=1.00 contacts=3[VillageTerrain,VillageTerrain,VillageTerrain] bounded=true
tick=180 phase=following reason=path_ready wp=1 dist_wp=0.37 bearing_deg=-14.66 speed=0.606 pos=(-32.728,0.021,-104.253) thr=0.00 steer=-0.53 blocked=false attempts=0 stuck_s=0.00 pitch=-0.36 roll=0.00 normal_y=1.00 contacts=3[VillageTerrain,VillageTerrain,VillageTerrain] bounded=true
tick=210 phase=following reason=path_ready wp=2 dist_wp=20.52 bearing_deg=-57.20 speed=0.000 pos=(-32.861,0.009,-104.056) thr=0.00 steer=-1.00 blocked=false attempts=0 stuck_s=0.00 pitch=-0.15 roll=0.00 normal_y=1.00 contacts=1[VillageTerrain] bounded=true
tick=240 phase=following reason=path_ready wp=2 dist_wp=20.52 bearing_deg=-39.20 speed=0.000 pos=(-32.861,0.001,-104.056) thr=0.00 steer=-1.00 blocked=false attempts=0 stuck_s=0.00 pitch=-0.01 roll=0.00 normal_y=1.00 contacts=1[VillageTerrain] bounded=true
tick=270 phase=following reason=path_ready wp=2 dist_wp=20.52 bearing_deg=-21.44 speed=0.000 pos=(-32.861,0.001,-104.056) thr=0.00 steer=-0.88 blocked=false attempts=0 stuck_s=0.00 pitch=-0.00 roll=0.00 normal_y=1.00 contacts=1[VillageTerrain] bounded=true
tick=300 phase=following reason=path_ready wp=2 dist_wp=20.17 bearing_deg=-10.56 speed=0.366 pos=(-33.218,0.008,-104.084) thr=1.00 steer=-0.43 blocked=false attempts=0 stuck_s=0.37 pitch=0.14 roll=0.00 normal_y=1.00 contacts=3[VillageTerrain,VillageTerrain,VillageTerrain] bounded=true
tick=330 phase=following reason=path_ready wp=2 dist_wp=18.59 bearing_deg=-5.63 speed=0.862 pos=(-34.782,0.010,-104.360) thr=1.00 steer=-0.23 blocked=false attempts=0 stuck_s=0.00 pitch=0.18 roll=0.00 normal_y=1.00 contacts=3[VillageTerrain,VillageTerrain,VillageTerrain] bounded=true
tick=360 phase=following reason=path_ready wp=2 dist_wp=15.76 bearing_deg=-3.31 speed=1.353 pos=(-37.545,0.010,-105.040) thr=1.00 steer=-0.13 blocked=false attempts=0 stuck_s=0.00 pitch=0.18 roll=0.00 normal_y=1.00 contacts=3[VillageTerrain,VillageTerrain,VillageTerrain] bounded=true
tick=390 phase=following reason=path_ready wp=2 dist_wp=11.69 bearing_deg=-2.25 speed=1.809 pos=(-41.457,0.010,-106.169) thr=0.89 steer=-0.09 blocked=false attempts=0 stuck_s=0.03 pitch=0.16 roll=0.00 normal_y=1.00 contacts=3[VillageTerrain,VillageTerrain,VillageTerrain] bounded=true
tick=420 phase=following reason=path_ready wp=2 dist_wp=6.64 bearing_deg=-2.03 speed=2.114 pos=(-46.276,0.007,-107.700) thr=0.64 steer=-0.08 blocked=false attempts=0 stuck_s=0.02 pitch=0.11 roll=0.00 normal_y=1.00 contacts=3[VillageTerrain,VillageTerrain,VillageTerrain] bounded=true
tick=450 phase=following reason=path_ready wp=2 dist_wp=1.18 bearing_deg=-5.81 speed=1.892 pos=(-51.434,0.005,-109.482) thr=0.07 steer=-0.21 blocked=false attempts=0 stuck_s=0.00 pitch=-0.07 roll=0.00 normal_y=1.00 contacts=3[VillageTerrain,VillageTerrain,VillageTerrain] bounded=true
tick=480 phase=following reason=path_ready wp=3 dist_wp=19.08 bearing_deg=14.52 speed=0.403 pos=(-53.725,0.030,-110.522) thr=1.00 steer=0.59 blocked=false attempts=0 stuck_s=0.07 pitch=-0.53 roll=0.00 normal_y=1.00 contacts=3[VillageTerrain,VillageTerrain,VillageTerrain] bounded=true
tick=510 phase=following reason=path_ready wp=3 dist_wp=17.42 bearing_deg=7.83 speed=0.898 pos=(-55.229,0.008,-111.269) thr=1.00 steer=0.32 blocked=false attempts=0 stuck_s=0.05 pitch=0.13 roll=0.00 normal_y=1.00 contacts=3[VillageTerrain,VillageTerrain,VillageTerrain] bounded=true
tick=540 phase=following reason=path_ready wp=3 dist_wp=14.51 bearing_deg=4.69 speed=1.386 pos=(-57.966,0.010,-112.325) thr=1.00 steer=0.19 blocked=false attempts=0 stuck_s=0.05 pitch=0.17 roll=0.00 normal_y=1.00 contacts=3[VillageTerrain,VillageTerrain,VillageTerrain] bounded=true
tick=570 phase=following reason=path_ready wp=3 dist_wp=10.40 bearing_deg=3.31 speed=1.807 pos=(-61.884,0.009,-113.588) thr=0.83 steer=0.13 blocked=false attempts=0 stuck_s=0.03 pitch=0.15 roll=0.00 normal_y=1.00 contacts=3[VillageTerrain,VillageTerrain,VillageTerrain] bounded=true
tick=600 phase=following reason=path_ready wp=3 dist_wp=5.41 bearing_deg=3.26 speed=2.084 pos=(-66.700,0.006,-114.934) thr=0.57 steer=0.13 blocked=false attempts=0 stuck_s=0.00 pitch=0.10 roll=0.00 normal_y=1.00 contacts=3[VillageTerrain,VillageTerrain,VillageTerrain] bounded=true
tick=630 phase=following reason=path_ready wp=3 dist_wp=0.29 bearing_deg=32.92 speed=1.550 pos=(-71.731,0.014,-116.113) thr=0.00 steer=0.93 blocked=false attempts=0 stuck_s=0.00 pitch=-0.23 roll=0.00 normal_y=1.00 contacts=3[VillageTerrain,VillageTerrain,VillageTerrain] bounded=true
tick=660 phase=following reason=path_ready wp=4 dist_wp=22.31 bearing_deg=86.63 speed=0.000 pos=(-73.514,0.031,-116.256) thr=0.00 steer=1.00 blocked=false attempts=0 stuck_s=0.00 pitch=-0.56 roll=0.00 normal_y=1.00 contacts=1[VillageTerrain] bounded=true
tick=690 phase=following reason=path_ready wp=4 dist_wp=22.31 bearing_deg=68.63 speed=0.000 pos=(-73.514,0.003,-116.256) thr=0.00 steer=1.00 blocked=false attempts=0 stuck_s=0.00 pitch=-0.04 roll=0.00 normal_y=1.00 contacts=1[VillageTerrain] bounded=true
tick=720 phase=following reason=path_ready wp=4 dist_wp=22.31 bearing_deg=50.63 speed=0.000 pos=(-73.514,0.001,-116.256) thr=0.00 steer=1.00 blocked=false attempts=0 stuck_s=0.00 pitch=-0.00 roll=0.00 normal_y=1.00 contacts=1[VillageTerrain] bounded=true
tick=750 phase=following reason=path_ready wp=4 dist_wp=22.31 bearing_deg=32.63 speed=0.000 pos=(-73.514,0.001,-116.256) thr=0.00 steer=1.00 blocked=false attempts=0 stuck_s=0.00 pitch=-0.00 roll=0.00 normal_y=1.00 contacts=1[VillageTerrain] bounded=true
tick=780 phase=following reason=path_ready wp=4 dist_wp=22.30 bearing_deg=16.44 speed=0.063 pos=(-73.517,0.002,-116.245) thr=1.00 steer=0.67 blocked=false attempts=0 stuck_s=0.05 pitch=0.01 roll=0.00 normal_y=1.00 contacts=3[VillageTerrain,VillageTerrain,VillageTerrain] bounded=true
tick=810 phase=following reason=path_ready wp=4 dist_wp=21.31 bearing_deg=8.39 speed=0.710 pos=(-73.630,0.012,-115.252) thr=1.00 steer=0.34 blocked=false attempts=0 stuck_s=0.07 pitch=0.22 roll=0.00 normal_y=1.00 contacts=3[VillageTerrain,VillageTerrain,VillageTerrain] bounded=true
tick=840 phase=following reason=path_ready wp=4 dist_wp=18.64 bearing_deg=4.77 speed=1.386 pos=(-73.689,0.014,-112.563) thr=1.00 steer=0.19 blocked=false attempts=0 stuck_s=0.00 pitch=0.24 roll=0.00 normal_y=1.00 contacts=3[VillageTerrain,VillageTerrain,VillageTerrain] bounded=true
tick=870 phase=following reason=path_ready wp=4 dist_wp=14.20 bearing_deg=3.18 speed=2.079 pos=(-73.537,0.014,-108.116) thr=0.99 steer=0.13 blocked=false attempts=0 stuck_s=0.00 pitch=0.25 roll=0.00 normal_y=1.00 contacts=3[VillageTerrain,VillageTerrain,VillageTerrain] bounded=true
tick=900 phase=following reason=path_ready wp=4 dist_wp=8.40 bearing_deg=2.77 speed=2.455 pos=(-73.126,0.008,-102.322) thr=0.74 steer=0.11 blocked=false attempts=0 stuck_s=0.00 pitch=0.14 roll=0.00 normal_y=1.00 contacts=3[VillageTerrain,VillageTerrain,VillageTerrain] bounded=true
tick=930 phase=following reason=path_ready wp=4 dist_wp=1.69 bearing_deg=7.18 speed=2.596 pos=(-72.422,0.005,-95.637) thr=0.22 steer=0.26 blocked=false attempts=0 stuck_s=0.00 pitch=0.07 roll=0.00 normal_y=1.00 contacts=3[VillageTerrain,VillageTerrain,VillageTerrain] bounded=true
tick=960 phase=following reason=path_ready wp=4 dist_wp=2.78 bearing_deg=169.75 speed=0.981 pos=(-71.429,0.030,-91.280) thr=0.00 steer=1.00 blocked=false attempts=0 stuck_s=0.00 pitch=-0.54 roll=0.00 normal_y=1.00 contacts=3[VillageTerrain,VillageTerrain,VillageTerrain] bounded=true
tick=990 phase=following reason=path_ready wp=4 dist_wp=3.50 bearing_deg=154.93 speed=0.000 pos=(-71.105,0.018,-90.615) thr=0.00 steer=1.00 blocked=false attempts=0 stuck_s=0.00 pitch=-0.31 roll=0.00 normal_y=1.00 contacts=1[VillageTerrain] bounded=true
tick=1020 phase=following reason=path_ready wp=4 dist_wp=3.50 bearing_deg=136.93 speed=0.000 pos=(-71.105,0.002,-90.615) thr=0.00 steer=1.00 blocked=false attempts=0 stuck_s=0.00 pitch=-0.02 roll=0.00 normal_y=1.00 contacts=1[VillageTerrain] bounded=true
tick=1050 phase=following reason=path_ready wp=4 dist_wp=3.50 bearing_deg=118.93 speed=0.000 pos=(-71.105,0.001,-90.615) thr=0.00 steer=1.00 blocked=false attempts=0 stuck_s=0.00 pitch=-0.00 roll=0.00 normal_y=1.00 contacts=1[VillageTerrain] bounded=true
tick=1080 phase=following reason=path_ready wp=4 dist_wp=3.50 bearing_deg=100.93 speed=0.000 pos=(-71.105,0.001,-90.615) thr=0.00 steer=1.00 blocked=false attempts=0 stuck_s=0.00 pitch=-0.00 roll=0.00 normal_y=1.00 contacts=1[VillageTerrain] bounded=true
tick=1110 phase=following reason=path_ready wp=4 dist_wp=3.50 bearing_deg=82.93 speed=0.000 pos=(-71.105,0.001,-90.615) thr=0.00 steer=1.00 blocked=false attempts=0 stuck_s=0.00 pitch=-0.00 roll=0.00 normal_y=1.00 contacts=1[VillageTerrain] bounded=true
tick=1140 phase=following reason=path_ready wp=4 dist_wp=3.50 bearing_deg=64.93 speed=0.000 pos=(-71.105,0.001,-90.615) thr=0.00 steer=1.00 blocked=false attempts=0 stuck_s=0.00 pitch=-0.00 roll=0.00 normal_y=1.00 contacts=1[VillageTerrain] bounded=true
tick=1170 phase=following reason=path_ready wp=4 dist_wp=3.50 bearing_deg=46.93 speed=0.000 pos=(-71.105,0.001,-90.615) thr=0.00 steer=1.00 blocked=false attempts=0 stuck_s=0.00 pitch=-0.00 roll=0.00 normal_y=1.00 contacts=1[VillageTerrain] bounded=true
tick=1200 phase=following reason=path_ready wp=4 dist_wp=3.50 bearing_deg=28.93 speed=0.000 pos=(-71.105,0.001,-90.615) thr=0.00 steer=1.00 blocked=false attempts=0 stuck_s=0.00 pitch=-0.00 roll=0.00 normal_y=1.00 contacts=1[VillageTerrain] bounded=true
tick=1230 phase=following reason=path_ready wp=4 dist_wp=3.47 bearing_deg=14.28 speed=0.077 pos=(-71.105,0.003,-90.647) thr=0.41 steer=0.58 blocked=false attempts=0 stuck_s=0.15 pitch=0.03 roll=0.00 normal_y=1.00 contacts=3[VillageTerrain,VillageTerrain,VillageTerrain] bounded=true
tick=1260 phase=following reason=path_ready wp=4 dist_wp=2.96 bearing_deg=8.14 speed=0.316 pos=(-71.157,0.005,-91.164) thr=0.36 steer=0.33 blocked=false attempts=0 stuck_s=0.12 pitch=0.08 roll=0.00 normal_y=1.00 contacts=3[VillageTerrain,VillageTerrain,VillageTerrain] bounded=true
tick=1290 phase=following reason=path_ready wp=4 dist_wp=1.91 bearing_deg=6.17 speed=0.486 pos=(-71.362,0.004,-92.196) thr=0.23 steer=0.25 blocked=false attempts=0 stuck_s=0.03 pitch=0.06 roll=0.00 normal_y=1.00 contacts=3[VillageTerrain,VillageTerrain,VillageTerrain] bounded=true
tick=1320 phase=following reason=path_ready wp=5 dist_wp=20.97 bearing_deg=155.67 speed=0.000 pos=(-71.566,0.013,-92.966) thr=0.00 steer=1.00 blocked=false attempts=0 stuck_s=0.00 pitch=-0.23 roll=0.00 normal_y=1.00 contacts=1[VillageTerrain] bounded=true
tick=1350 phase=following reason=path_ready wp=5 dist_wp=20.97 bearing_deg=137.67 speed=0.000 pos=(-71.566,0.001,-92.966) thr=0.00 steer=1.00 blocked=false attempts=0 stuck_s=0.00 pitch=-0.02 roll=0.00 normal_y=1.00 contacts=1[VillageTerrain] bounded=true
tick=1380 phase=following reason=path_ready wp=5 dist_wp=20.97 bearing_deg=119.67 speed=0.000 pos=(-71.566,0.000,-92.966) thr=0.00 steer=1.00 blocked=false attempts=0 stuck_s=0.00 pitch=-0.00 roll=0.00 normal_y=1.00 contacts=1[VillageTerrain] bounded=true
tick=1410 phase=following reason=path_ready wp=5 dist_wp=20.97 bearing_deg=101.67 speed=0.000 pos=(-71.566,0.000,-92.966) thr=0.00 steer=1.00 blocked=false attempts=0 stuck_s=0.00 pitch=-0.00 roll=0.00 normal_y=1.00 contacts=1[VillageTerrain] bounded=true
tick=1440 phase=following reason=path_ready wp=5 dist_wp=20.97 bearing_deg=83.67 speed=0.000 pos=(-71.566,0.000,-92.966) thr=0.00 steer=1.00 blocked=false attempts=0 stuck_s=0.00 pitch=-0.00 roll=0.00 normal_y=1.00 contacts=1[VillageTerrain] bounded=true
tick=1470 phase=following reason=path_ready wp=5 dist_wp=20.97 bearing_deg=65.67 speed=0.000 pos=(-71.566,0.000,-92.966) thr=0.00 steer=1.00 blocked=false attempts=0 stuck_s=0.00 pitch=-0.00 roll=0.00 normal_y=1.00 contacts=1[VillageTerrain] bounded=true
tick=1500 phase=following reason=path_ready wp=5 dist_wp=20.97 bearing_deg=47.67 speed=0.000 pos=(-71.566,0.000,-92.966) thr=0.00 steer=1.00 blocked=false attempts=0 stuck_s=0.00 pitch=-0.00 roll=0.00 normal_y=1.00 contacts=1[VillageTerrain] bounded=true
tick=1530 phase=following reason=path_ready wp=5 dist_wp=20.97 bearing_deg=29.67 speed=0.000 pos=(-71.566,0.000,-92.966) thr=0.00 steer=1.00 blocked=false attempts=0 stuck_s=0.00 pitch=-0.00 roll=0.00 normal_y=1.00 contacts=1[VillageTerrain] bounded=true
tick=1560 phase=following reason=path_ready wp=5 dist_wp=20.90 bearing_deg=14.63 speed=0.191 pos=(-71.587,0.005,-92.897) thr=1.00 steer=0.60 blocked=false attempts=0 stuck_s=0.13 pitch=0.07 roll=0.00 normal_y=1.00 contacts=3[VillageTerrain,VillageTerrain,VillageTerrain] bounded=true
tick=1590 phase=following reason=path_ready wp=5 dist_wp=19.50 bearing_deg=7.69 speed=0.902 pos=(-71.848,0.014,-91.498) thr=1.00 steer=0.31 blocked=false attempts=0 stuck_s=0.07 pitch=0.25 roll=0.00 normal_y=1.00 contacts=3[VillageTerrain,VillageTerrain,VillageTerrain] bounded=true
tick=1620 phase=following reason=path_ready wp=5 dist_wp=16.29 bearing_deg=4.61 speed=1.603 pos=(-72.165,0.014,-88.289) thr=1.00 steer=0.19 blocked=false attempts=0 stuck_s=0.03 pitch=0.25 roll=0.00 normal_y=1.00 contacts=3[VillageTerrain,VillageTerrain,VillageTerrain] bounded=true
tick=1650 phase=following reason=path_ready wp=5 dist_wp=11.32 bearing_deg=3.38 speed=2.244 pos=(-72.385,0.013,-83.316) thr=0.88 steer=0.14 blocked=false attempts=0 stuck_s=0.00 pitch=0.23 roll=0.00 normal_y=1.00 contacts=3[VillageTerrain,VillageTerrain,VillageTerrain] bounded=true
tick=1680 phase=following reason=path_ready wp=5 dist_wp=5.32 bearing_deg=3.72 speed=2.541 pos=(-72.415,0.008,-77.304) thr=0.57 steer=0.15 blocked=false attempts=0 stuck_s=0.00 pitch=0.14 roll=0.00 normal_y=1.00 contacts=3[VillageTerrain,VillageTerrain,VillageTerrain] bounded=true
tick=1710 phase=following reason=path_ready wp=5 dist_wp=0.78 bearing_deg=163.83 speed=1.785 pos=(-72.108,0.019,-71.230) thr=0.00 steer=1.00 blocked=false attempts=0 stuck_s=0.00 pitch=-0.33 roll=0.00 normal_y=1.00 contacts=3[VillageTerrain,VillageTerrain,VillageTerrain] bounded=true
tick=1740 phase=following reason=path_ready wp=5 dist_wp=3.17 bearing_deg=163.78 speed=0.200 pos=(-71.490,0.032,-68.867) thr=0.00 steer=1.00 blocked=false attempts=0 stuck_s=0.00 pitch=-0.56 roll=0.00 normal_y=1.00 contacts=3[VillageTerrain,VillageTerrain,VillageTerrain] bounded=true
tick=1770 phase=following reason=path_ready wp=5 dist_wp=3.20 bearing_deg=145.92 speed=0.000 pos=(-71.479,0.005,-68.845) thr=0.00 steer=1.00 blocked=false attempts=0 stuck_s=0.00 pitch=-0.08 roll=0.00 normal_y=1.00 contacts=1[VillageTerrain] bounded=true
tick=1800 phase=following reason=path_ready wp=5 dist_wp=3.20 bearing_deg=127.92 speed=0.000 pos=(-71.479,0.001,-68.845) thr=0.00 steer=1.00 blocked=false attempts=0 stuck_s=0.00 pitch=-0.00 roll=0.00 normal_y=1.00 contacts=1[VillageTerrain] bounded=true
tick=1830 phase=following reason=path_ready wp=5 dist_wp=3.20 bearing_deg=109.92 speed=0.000 pos=(-71.479,0.001,-68.845) thr=0.00 steer=1.00 blocked=false attempts=0 stuck_s=0.00 pitch=-0.00 roll=0.00 normal_y=1.00 contacts=1[VillageTerrain] bounded=true
tick=1860 phase=following reason=path_ready wp=5 dist_wp=3.20 bearing_deg=91.92 speed=0.000 pos=(-71.479,0.001,-68.845) thr=0.00 steer=1.00 blocked=false attempts=0 stuck_s=0.00 pitch=-0.00 roll=0.00 normal_y=1.00 contacts=1[VillageTerrain] bounded=true
tick=1890 phase=following reason=path_ready wp=5 dist_wp=3.20 bearing_deg=73.92 speed=0.000 pos=(-71.479,0.001,-68.845) thr=0.00 steer=1.00 blocked=false attempts=0 stuck_s=0.00 pitch=-0.00 roll=0.00 normal_y=1.00 contacts=1[VillageTerrain] bounded=true
tick=1920 phase=following reason=path_ready wp=5 dist_wp=3.20 bearing_deg=55.92 speed=0.000 pos=(-71.479,0.001,-68.845) thr=0.00 steer=1.00 blocked=false attempts=0 stuck_s=0.00 pitch=-0.00 roll=0.00 normal_y=1.00 contacts=1[VillageTerrain] bounded=true
tick=1950 phase=following reason=path_ready wp=5 dist_wp=3.20 bearing_deg=37.92 speed=0.000 pos=(-71.479,0.001,-68.845) thr=0.00 steer=1.00 blocked=false attempts=0 stuck_s=0.00 pitch=-0.00 roll=0.00 normal_y=1.00 contacts=1[VillageTerrain] bounded=true
tick=1980 phase=following reason=path_ready wp=5 dist_wp=3.20 bearing_deg=20.35 speed=0.000 pos=(-71.479,0.001,-68.845) thr=0.00 steer=0.83 blocked=false attempts=0 stuck_s=0.00 pitch=-0.00 roll=0.00 normal_y=1.00 contacts=1[VillageTerrain] bounded=true
tick=2010 phase=following reason=path_ready wp=5 dist_wp=3.01 bearing_deg=10.48 speed=0.183 pos=(-71.470,0.005,-69.041) thr=0.36 steer=0.43 blocked=false attempts=0 stuck_s=0.40 pitch=0.07 roll=0.00 normal_y=1.00 contacts=3[VillageTerrain,VillageTerrain,VillageTerrain] bounded=true
tick=2040 phase=following reason=path_ready wp=5 dist_wp=2.28 bearing_deg=6.74 speed=0.375 pos=(-71.512,0.005,-69.773) thr=0.28 steer=0.27 blocked=false attempts=0 stuck_s=0.10 pitch=0.07 roll=0.00 normal_y=1.00 contacts=3[VillageTerrain,VillageTerrain,VillageTerrain] bounded=true
tick=2070 phase=following reason=path_ready wp=5 dist_wp=1.21 bearing_deg=6.21 speed=0.299 pos=(-71.660,0.001,-70.834) thr=0.00 steer=0.25 blocked=false attempts=0 stuck_s=0.00 pitch=-0.01 roll=0.00 normal_y=1.00 contacts=3[VillageTerrain,VillageTerrain,VillageTerrain] bounded=true
tick=2100 phase=following reason=path_ready wp=6 dist_wp=20.90 bearing_deg=151.07 speed=0.000 pos=(-71.672,0.003,-70.894) thr=0.00 steer=1.00 blocked=false attempts=0 stuck_s=0.00 pitch=-0.06 roll=0.00 normal_y=1.00 contacts=1[VillageTerrain] bounded=true
tick=2130 phase=following reason=path_ready wp=6 dist_wp=20.90 bearing_deg=133.07 speed=0.000 pos=(-71.672,0.001,-70.894) thr=0.00 steer=1.00 blocked=false attempts=0 stuck_s=0.00 pitch=-0.00 roll=0.00 normal_y=1.00 contacts=1[VillageTerrain] bounded=true
tick=2160 phase=following reason=path_ready wp=6 dist_wp=20.90 bearing_deg=115.07 speed=0.000 pos=(-71.672,0.001,-70.894) thr=0.00 steer=1.00 blocked=false attempts=0 stuck_s=0.00 pitch=-0.00 roll=0.00 normal_y=1.00 contacts=1[VillageTerrain] bounded=true
tick=2190 phase=following reason=path_ready wp=6 dist_wp=20.90 bearing_deg=97.06 speed=0.000 pos=(-71.672,0.001,-70.894) thr=0.00 steer=1.00 blocked=false attempts=0 stuck_s=0.00 pitch=-0.00 roll=0.00 normal_y=1.00 contacts=1[VillageTerrain] bounded=true
tick=2220 phase=following reason=path_ready wp=6 dist_wp=20.90 bearing_deg=79.06 speed=0.000 pos=(-71.672,0.001,-70.894) thr=0.00 steer=1.00 blocked=false attempts=0 stuck_s=0.00 pitch=-0.00 roll=0.00 normal_y=1.00 contacts=1[VillageTerrain] bounded=true
tick=2250 phase=following reason=path_ready wp=6 dist_wp=20.90 bearing_deg=61.06 speed=0.000 pos=(-71.672,0.001,-70.894) thr=0.00 steer=1.00 blocked=false attempts=0 stuck_s=0.00 pitch=-0.00 roll=0.00 normal_y=1.00 contacts=1[VillageTerrain] bounded=true
tick=2280 phase=following reason=path_ready wp=6 dist_wp=20.90 bearing_deg=43.06 speed=0.000 pos=(-71.672,0.001,-70.894) thr=0.00 steer=1.00 blocked=false attempts=0 stuck_s=0.00 pitch=-0.00 roll=0.00 normal_y=1.00 contacts=1[VillageTerrain] bounded=true
tick=2310 phase=following reason=path_ready wp=6 dist_wp=20.90 bearing_deg=25.06 speed=0.000 pos=(-71.672,0.001,-70.894) thr=0.00 steer=1.00 blocked=false attempts=0 stuck_s=0.00 pitch=-0.00 roll=0.00 normal_y=1.00 contacts=1[VillageTerrain] bounded=true
tick=2340 phase=following reason=path_ready wp=6 dist_wp=20.63 bearing_deg=12.29 speed=0.381 pos=(-71.741,0.009,-70.627) thr=1.00 steer=0.50 blocked=false attempts=0 stuck_s=0.27 pitch=0.16 roll=0.00 normal_y=1.00 contacts=3[VillageTerrain,VillageTerrain,VillageTerrain] bounded=true
tick=2370 phase=following reason=path_ready wp=6 dist_wp=18.74 bearing_deg=6.67 speed=1.090 pos=(-72.033,0.014,-68.744) thr=1.00 steer=0.27 blocked=false attempts=0 stuck_s=0.03 pitch=0.25 roll=0.00 normal_y=1.00 contacts=3[VillageTerrain,VillageTerrain,VillageTerrain] bounded=true
tick=2400 phase=following reason=path_ready wp=6 dist_wp=15.06 bearing_deg=4.17 speed=1.787 pos=(-72.318,0.014,-65.056) thr=1.00 steer=0.17 blocked=false attempts=0 stuck_s=0.02 pitch=0.25 roll=0.00 normal_y=1.00 contacts=3[VillageTerrain,VillageTerrain,VillageTerrain] bounded=true
tick=2430 phase=following reason=path_ready wp=6 dist_wp=9.73 bearing_deg=3.31 speed=2.248 pos=(-72.468,0.009,-59.715) thr=0.81 steer=0.13 blocked=false attempts=0 stuck_s=0.00 pitch=0.16 roll=0.00 normal_y=1.00 contacts=3[VillageTerrain,VillageTerrain,VillageTerrain] bounded=true
tick=2460 phase=following reason=path_ready wp=6 dist_wp=3.50 bearing_deg=4.76 speed=2.613 pos=(-72.399,0.008,-53.480) thr=0.43 steer=0.18 blocked=false attempts=0 stuck_s=0.00 pitch=0.13 roll=0.00 normal_y=1.00 contacts=3[VillageTerrain,VillageTerrain,VillageTerrain] bounded=true
tick=2490 phase=following reason=path_ready wp=6 dist_wp=1.74 bearing_deg=169.75 speed=1.298 pos=(-71.913,0.027,-48.263) thr=0.00 steer=1.00 blocked=false attempts=0 stuck_s=0.00 pitch=-0.48 roll=0.00 normal_y=1.00 contacts=3[VillageTerrain,VillageTerrain,VillageTerrain] bounded=true
tick=2520 phase=following reason=path_ready wp=6 dist_wp=3.02 bearing_deg=158.67 speed=0.000 pos=(-71.507,0.026,-47.022) thr=0.00 steer=1.00 blocked=false attempts=0 stuck_s=0.00 pitch=-0.47 roll=0.00 normal_y=1.00 contacts=1[VillageTerrain] bounded=true
tick=2550 phase=following reason=path_ready wp=6 dist_wp=3.02 bearing_deg=140.68 speed=0.000 pos=(-71.506,0.002,-47.022) thr=0.00 steer=1.00 blocked=false attempts=0 stuck_s=0.00 pitch=-0.03 roll=0.00 normal_y=1.00 contacts=1[VillageTerrain] bounded=true
tick=2580 phase=following reason=path_ready wp=6 dist_wp=3.02 bearing_deg=122.69 speed=0.000 pos=(-71.506,0.001,-47.022) thr=0.00 steer=1.00 blocked=false attempts=0 stuck_s=0.00 pitch=-0.00 roll=0.00 normal_y=1.00 contacts=1[VillageTerrain] bounded=true
tick=2610 phase=following reason=path_ready wp=6 dist_wp=3.02 bearing_deg=104.70 speed=0.000 pos=(-71.505,0.001,-47.022) thr=0.00 steer=1.00 blocked=false attempts=0 stuck_s=0.00 pitch=-0.00 roll=0.00 normal_y=1.00 contacts=1[VillageTerrain] bounded=true
tick=2640 phase=following reason=path_ready wp=6 dist_wp=3.02 bearing_deg=86.72 speed=0.000 pos=(-71.504,0.001,-47.022) thr=0.00 steer=1.00 blocked=false attempts=0 stuck_s=0.00 pitch=-0.00 roll=0.00 normal_y=1.00 contacts=1[VillageTerrain] bounded=true
tick=2670 phase=following reason=path_ready wp=6 dist_wp=3.02 bearing_deg=68.73 speed=0.000 pos=(-71.503,0.001,-47.022) thr=0.00 steer=1.00 blocked=false attempts=0 stuck_s=0.00 pitch=-0.00 roll=0.00 normal_y=1.00 contacts=1[VillageTerrain] bounded=true
tick=2700 phase=following reason=path_ready wp=6 dist_wp=3.02 bearing_deg=50.74 speed=0.000 pos=(-71.503,0.001,-47.022) thr=0.00 steer=1.00 blocked=false attempts=0 stuck_s=0.00 pitch=-0.00 roll=0.00 normal_y=1.00 contacts=1[VillageTerrain] bounded=true
tick=2730 phase=following reason=path_ready wp=6 dist_wp=3.02 bearing_deg=32.76 speed=0.000 pos=(-71.502,0.001,-47.022) thr=0.00 steer=1.00 blocked=false attempts=0 stuck_s=0.00 pitch=-0.00 roll=0.00 normal_y=1.00 contacts=1[VillageTerrain] bounded=true
tick=2760 phase=following reason=path_ready wp=6 dist_wp=3.02 bearing_deg=16.54 speed=0.022 pos=(-71.501,0.001,-47.025) thr=0.36 steer=0.68 blocked=false attempts=0 stuck_s=0.05 pitch=0.00 roll=0.00 normal_y=1.00 contacts=3[VillageTerrain,VillageTerrain,VillageTerrain] bounded=true
tick=2790 phase=following reason=path_ready wp=6 dist_wp=2.68 bearing_deg=9.03 speed=0.232 pos=(-71.495,0.005,-47.364) thr=0.33 steer=0.37 blocked=false attempts=0 stuck_s=0.55 pitch=0.07 roll=0.00 normal_y=1.00 contacts=3[VillageTerrain,VillageTerrain,VillageTerrain] bounded=true
tick=2820 phase=following reason=path_ready wp=6 dist_wp=1.88 bearing_deg=6.32 speed=0.387 pos=(-71.564,0.004,-48.174) thr=0.22 steer=0.25 blocked=false attempts=0 stuck_s=0.02 pitch=0.06 roll=0.00 normal_y=1.00 contacts=3[VillageTerrain,VillageTerrain,VillageTerrain] bounded=true
tick=2850 phase=following reason=path_ready wp=7 dist_wp=20.20 bearing_deg=-136.72 speed=0.000 pos=(-71.670,0.011,-48.882) thr=0.00 steer=-1.00 blocked=false attempts=0 stuck_s=0.00 pitch=-0.20 roll=0.00 normal_y=1.00 contacts=1[VillageTerrain] bounded=true
tick=2880 phase=following reason=path_ready wp=7 dist_wp=20.20 bearing_deg=-118.72 speed=0.000 pos=(-71.669,0.002,-48.882) thr=0.00 steer=-1.00 blocked=false attempts=0 stuck_s=0.00 pitch=-0.02 roll=0.00 normal_y=1.00 contacts=1[VillageTerrain] bounded=true
tick=2910 phase=following reason=path_ready wp=7 dist_wp=20.20 bearing_deg=-100.72 speed=0.000 pos=(-71.668,0.000,-48.882) thr=0.00 steer=-1.00 blocked=false attempts=0 stuck_s=0.00 pitch=-0.00 roll=0.00 normal_y=1.00 contacts=1[VillageTerrain] bounded=true
tick=2940 phase=following reason=path_ready wp=7 dist_wp=20.20 bearing_deg=-82.72 speed=0.000 pos=(-71.668,0.000,-48.882) thr=0.00 steer=-1.00 blocked=false attempts=0 stuck_s=0.00 pitch=-0.00 roll=0.00 normal_y=1.00 contacts=1[VillageTerrain] bounded=true
tick=2970 phase=following reason=path_ready wp=7 dist_wp=20.20 bearing_deg=-64.72 speed=0.000 pos=(-71.667,0.000,-48.882) thr=0.00 steer=-1.00 blocked=false attempts=0 stuck_s=0.00 pitch=-0.00 roll=0.00 normal_y=1.00 contacts=1[VillageTerrain] bounded=true
tick=3000 phase=following reason=path_ready wp=7 dist_wp=20.19 bearing_deg=-46.73 speed=0.000 pos=(-71.666,0.000,-48.882) thr=0.00 steer=-1.00 blocked=false attempts=0 stuck_s=0.00 pitch=-0.00 roll=0.00 normal_y=1.00 contacts=1[VillageTerrain] bounded=true
tick=3030 phase=following reason=path_ready wp=7 dist_wp=20.19 bearing_deg=-28.73 speed=0.000 pos=(-71.666,0.000,-48.882) thr=0.00 steer=-1.00 blocked=false attempts=0 stuck_s=0.00 pitch=-0.00 roll=0.00 normal_y=1.00 contacts=1[VillageTerrain] bounded=true
tick=3060 phase=following reason=path_ready wp=7 dist_wp=20.09 bearing_deg=-14.12 speed=0.238 pos=(-71.567,0.006,-48.830) thr=1.00 steer=-0.58 blocked=false attempts=0 stuck_s=0.17 pitch=0.10 roll=0.00 normal_y=1.00 contacts=3[VillageTerrain,VillageTerrain,VillageTerrain] bounded=true
tick=3090 phase=following reason=path_ready wp=7 dist_wp=18.56 bearing_deg=-7.50 speed=0.949 pos=(-70.290,0.014,-47.959) thr=1.00 steer=-0.31 blocked=false attempts=0 stuck_s=0.02 pitch=0.25 roll=0.00 normal_y=1.00 contacts=3[VillageTerrain,VillageTerrain,VillageTerrain] bounded=true
tick=3120 phase=following reason=path_ready wp=7 dist_wp=15.24 bearing_deg=-4.59 speed=1.649 pos=(-67.699,0.014,-45.846) thr=1.00 steer=-0.19 blocked=false attempts=0 stuck_s=0.02 pitch=0.25 roll=0.00 normal_y=1.00 contacts=3[VillageTerrain,VillageTerrain,VillageTerrain] bounded=true
tick=3150 phase=following reason=path_ready wp=7 dist_wp=10.18 bearing_deg=-3.51 speed=2.247 pos=(-63.949,0.013,-42.436) thr=0.83 steer=-0.14 blocked=false attempts=0 stuck_s=0.00 pitch=0.22 roll=0.00 normal_y=1.00 contacts=3[VillageTerrain,VillageTerrain,VillageTerrain] bounded=true
tick=3180 phase=following reason=path_ready wp=7 dist_wp=4.18 bearing_deg=-4.43 speed=2.523 pos=(-59.670,0.007,-38.210) thr=0.48 steer=-0.17 blocked=false attempts=0 stuck_s=0.00 pitch=0.12 roll=0.00 normal_y=1.00 contacts=3[VillageTerrain,VillageTerrain,VillageTerrain] bounded=true
tick=3210 phase=following reason=path_ready wp=7 dist_wp=1.34 bearing_deg=-168.48 speed=1.452 pos=(-56.042,0.024,-34.068) thr=0.00 steer=-1.00 blocked=false attempts=0 stuck_s=0.00 pitch=-0.43 roll=0.00 normal_y=1.00 contacts=3[VillageTerrain,VillageTerrain,VillageTerrain] bounded=true
tick=3240 phase=following reason=path_ready wp=7 dist_wp=2.94 bearing_deg=-160.31 speed=0.000 pos=(-55.255,0.030,-32.637) thr=0.00 steer=-1.00 blocked=false attempts=0 stuck_s=0.00 pitch=-0.54 roll=0.00 normal_y=1.00 contacts=1[VillageTerrain] bounded=true
tick=3270 phase=following reason=path_ready wp=7 dist_wp=2.94 bearing_deg=-142.31 speed=0.000 pos=(-55.255,0.002,-32.637) thr=0.00 steer=-1.00 blocked=false attempts=0 stuck_s=0.00 pitch=-0.04 roll=0.00 normal_y=1.00 contacts=1[VillageTerrain] bounded=true
tick=3300 phase=following reason=path_ready wp=7 dist_wp=2.94 bearing_deg=-124.31 speed=0.000 pos=(-55.255,0.001,-32.637) thr=0.00 steer=-1.00 blocked=false attempts=0 stuck_s=0.00 pitch=-0.00 roll=0.00 normal_y=1.00 contacts=1[VillageTerrain] bounded=true
tick=3330 phase=following reason=path_ready wp=7 dist_wp=2.94 bearing_deg=-106.31 speed=0.000 pos=(-55.255,0.001,-32.637) thr=0.00 steer=-1.00 blocked=false attempts=0 stuck_s=0.00 pitch=-0.00 roll=0.00 normal_y=1.00 contacts=1[VillageTerrain] bounded=true
tick=3360 phase=following reason=path_ready wp=7 dist_wp=2.94 bearing_deg=-88.31 speed=0.000 pos=(-55.255,0.001,-32.637) thr=0.00 steer=-1.00 blocked=false attempts=0 stuck_s=0.00 pitch=-0.00 roll=0.00 normal_y=1.00 contacts=1[VillageTerrain] bounded=true
tick=3390 phase=following reason=path_ready wp=7 dist_wp=2.94 bearing_deg=-70.31 speed=0.000 pos=(-55.255,0.001,-32.637) thr=0.00 steer=-1.00 blocked=false attempts=0 stuck_s=0.00 pitch=-0.00 roll=0.00 normal_y=1.00 contacts=1[VillageTerrain] bounded=true
tick=3420 phase=following reason=path_ready wp=7 dist_wp=2.94 bearing_deg=-52.31 speed=0.000 pos=(-55.255,0.001,-32.637) thr=0.00 steer=-1.00 blocked=false attempts=0 stuck_s=0.00 pitch=-0.00 roll=0.00 normal_y=1.00 contacts=1[VillageTerrain] bounded=true
tick=3450 phase=following reason=path_ready wp=7 dist_wp=2.94 bearing_deg=-34.31 speed=0.000 pos=(-55.255,0.001,-32.637) thr=0.00 steer=-1.00 blocked=false attempts=0 stuck_s=0.00 pitch=-0.00 roll=0.00 normal_y=1.00 contacts=1[VillageTerrain] bounded=true
tick=3480 phase=following reason=path_ready wp=7 dist_wp=2.94 bearing_deg=-17.59 speed=0.000 pos=(-55.255,0.001,-32.637) thr=0.00 steer=-0.72 blocked=false attempts=0 stuck_s=0.00 pitch=-0.00 roll=0.00 normal_y=1.00 contacts=1[VillageTerrain] bounded=true
tick=3510 phase=following reason=path_ready wp=7 dist_wp=2.67 bearing_deg=-9.38 speed=0.206 pos=(-55.457,0.004,-32.824) thr=0.32 steer=-0.38 blocked=false attempts=0 stuck_s=0.50 pitch=0.07 roll=0.00 normal_y=1.00 contacts=3[VillageTerrain,VillageTerrain,VillageTerrain] bounded=true
tick=3540 phase=following reason=path_ready wp=7 dist_wp=1.93 bearing_deg=-6.33 speed=0.363 pos=(-55.952,0.004,-33.385) thr=0.23 steer=-0.26 blocked=false attempts=0 stuck_s=0.17 pitch=0.06 roll=0.00 normal_y=1.00 contacts=3[VillageTerrain,VillageTerrain,VillageTerrain] bounded=true
tick=3570 phase=following reason=path_ready wp=8 dist_wp=20.07 bearing_deg=-164.60 speed=0.000 pos=(-56.404,0.010,-33.976) thr=0.00 steer=-1.00 blocked=false attempts=0 stuck_s=0.00 pitch=-0.19 roll=0.00 normal_y=1.00 contacts=1[VillageTerrain] bounded=true
tick=3600 phase=following reason=path_ready wp=8 dist_wp=20.07 bearing_deg=-146.60 speed=0.000 pos=(-56.404,0.001,-33.976) thr=0.00 steer=-1.00 blocked=false attempts=0 stuck_s=0.00 pitch=-0.02 roll=0.00 normal_y=1.00 contacts=1[VillageTerrain] bounded=true
tick=3630 phase=following reason=path_ready wp=8 dist_wp=20.07 bearing_deg=-128.60 speed=0.000 pos=(-56.404,0.000,-33.976) thr=0.00 steer=-1.00 blocked=false attempts=0 stuck_s=0.00 pitch=-0.00 roll=0.00 normal_y=1.00 contacts=1[VillageTerrain] bounded=true
tick=3660 phase=following reason=path_ready wp=8 dist_wp=20.07 bearing_deg=-110.60 speed=0.000 pos=(-56.404,0.000,-33.976) thr=0.00 steer=-1.00 blocked=false attempts=0 stuck_s=0.00 pitch=-0.00 roll=0.00 normal_y=1.00 contacts=1[VillageTerrain] bounded=true
tick=3690 phase=following reason=path_ready wp=8 dist_wp=20.07 bearing_deg=-92.60 speed=0.000 pos=(-56.404,0.000,-33.976) thr=0.00 steer=-1.00 blocked=false attempts=0 stuck_s=0.00 pitch=-0.00 roll=0.00 normal_y=1.00 contacts=1[VillageTerrain] bounded=true
tick=3720 phase=following reason=path_ready wp=8 dist_wp=20.07 bearing_deg=-74.60 speed=0.000 pos=(-56.404,0.000,-33.976) thr=0.00 steer=-1.00 blocked=false attempts=0 stuck_s=0.00 pitch=-0.00 roll=0.00 normal_y=1.00 contacts=1[VillageTerrain] bounded=true
tick=3750 phase=following reason=path_ready wp=8 dist_wp=20.07 bearing_deg=-56.60 speed=0.000 pos=(-56.404,0.000,-33.976) thr=0.00 steer=-1.00 blocked=false attempts=0 stuck_s=0.00 pitch=-0.00 roll=0.00 normal_y=1.00 contacts=1[VillageTerrain] bounded=true
tick=3780 phase=following reason=path_ready wp=8 dist_wp=20.07 bearing_deg=-38.60 speed=0.000 pos=(-56.404,0.000,-33.976) thr=0.00 steer=-1.00 blocked=false attempts=0 stuck_s=0.00 pitch=-0.00 roll=0.00 normal_y=1.00 contacts=1[VillageTerrain] bounded=true
tick=3810 phase=following reason=path_ready wp=8 dist_wp=20.07 bearing_deg=-20.92 speed=0.000 pos=(-56.404,0.000,-33.976) thr=0.00 steer=-0.86 blocked=false attempts=0 stuck_s=0.00 pitch=-0.00 roll=0.00 normal_y=1.00 contacts=1[VillageTerrain] bounded=true
tick=3840 phase=following reason=path_ready wp=8 dist_wp=19.52 bearing_deg=-10.44 speed=0.547 pos=(-55.930,0.012,-33.680) thr=1.00 steer=-0.43 blocked=false attempts=0 stuck_s=0.05 pitch=0.21 roll=0.00 normal_y=1.00 contacts=3[VillageTerrain,VillageTerrain,VillageTerrain] bounded=true
tick=3870 phase=following reason=path_ready wp=8 dist_wp=17.22 bearing_deg=-5.87 speed=1.254 pos=(-54.084,0.014,-32.264) thr=1.00 steer=-0.24 blocked=false attempts=0 stuck_s=0.02 pitch=0.25 roll=0.00 normal_y=1.00 contacts=3[VillageTerrain,VillageTerrain,VillageTerrain] bounded=true
tick=3900 phase=following reason=path_ready wp=8 dist_wp=13.12 bearing_deg=-3.89 speed=1.942 pos=(-51.002,0.014,-29.542) thr=0.95 steer=-0.16 blocked=false attempts=0 stuck_s=0.03 pitch=0.25 roll=0.00 normal_y=1.00 contacts=3[VillageTerrain,VillageTerrain,VillageTerrain] bounded=true
tick=3930 phase=following reason=path_ready wp=8 dist_wp=7.56 bearing_deg=-3.47 speed=2.310 pos=(-47.003,0.007,-25.675) thr=0.70 steer=-0.14 blocked=false attempts=0 stuck_s=0.02 pitch=0.11 roll=0.00 normal_y=1.00 contacts=3[VillageTerrain,VillageTerrain,VillageTerrain] bounded=true
tick=3960 phase=following reason=path_ready wp=8 dist_wp=1.33 bearing_deg=-10.35 speed=2.296 pos=(-42.691,0.001,-21.131) thr=0.13 steer=-0.37 blocked=false attempts=0 stuck_s=0.00 pitch=0.00 roll=0.00 normal_y=1.00 contacts=3[VillageTerrain,VillageTerrain,VillageTerrain] bounded=true
tick=3990 phase=following reason=path_ready wp=8 dist_wp=2.26 bearing_deg=-167.42 speed=0.571 pos=(-40.596,0.033,-18.235) thr=0.00 steer=-1.00 blocked=false attempts=0 stuck_s=0.00 pitch=-0.58 roll=0.00 normal_y=1.00 contacts=3[VillageTerrain,VillageTerrain,VillageTerrain] bounded=true
tick=4020 phase=following reason=path_ready wp=8 dist_wp=2.46 bearing_deg=-150.76 speed=0.000 pos=(-40.509,0.010,-18.038) thr=0.00 steer=-1.00 blocked=false attempts=0 stuck_s=0.00 pitch=-0.16 roll=0.00 normal_y=1.00 contacts=1[VillageTerrain] bounded=true
tick=4050 phase=following reason=path_ready wp=8 dist_wp=2.46 bearing_deg=-132.76 speed=0.000 pos=(-40.509,0.001,-18.038) thr=0.00 steer=-1.00 blocked=false attempts=0 stuck_s=0.00 pitch=-0.01 roll=0.00 normal_y=1.00 contacts=1[VillageTerrain] bounded=true
tick=4080 phase=following reason=path_ready wp=8 dist_wp=2.46 bearing_deg=-114.76 speed=0.000 pos=(-40.509,0.000,-18.038) thr=0.00 steer=-1.00 blocked=false attempts=0 stuck_s=0.00 pitch=-0.00 roll=0.00 normal_y=1.00 contacts=1[VillageTerrain] bounded=true
tick=4110 phase=following reason=path_ready wp=8 dist_wp=2.46 bearing_deg=-96.76 speed=0.000 pos=(-40.509,0.000,-18.038) thr=0.00 steer=-1.00 blocked=false attempts=0 stuck_s=0.00 pitch=-0.00 roll=0.00 normal_y=1.00 contacts=1[VillageTerrain] bounded=true
tick=4140 phase=following reason=path_ready wp=8 dist_wp=2.46 bearing_deg=-78.76 speed=0.000 pos=(-40.509,0.000,-18.038) thr=0.00 steer=-1.00 blocked=false attempts=0 stuck_s=0.00 pitch=-0.00 roll=0.00 normal_y=1.00 contacts=1[VillageTerrain] bounded=true
tick=4170 phase=following reason=path_ready wp=8 dist_wp=2.46 bearing_deg=-60.76 speed=0.000 pos=(-40.509,0.000,-18.038) thr=0.00 steer=-1.00 blocked=false attempts=0 stuck_s=0.00 pitch=-0.00 roll=0.00 normal_y=1.00 contacts=1[VillageTerrain] bounded=true
tick=4200 phase=following reason=path_ready wp=8 dist_wp=2.46 bearing_deg=-42.76 speed=0.000 pos=(-40.509,0.000,-18.038) thr=0.00 steer=-1.00 blocked=false attempts=0 stuck_s=0.00 pitch=-0.00 roll=0.00 normal_y=1.00 contacts=1[VillageTerrain] bounded=true
tick=4230 phase=following reason=path_ready wp=8 dist_wp=2.46 bearing_deg=-24.76 speed=0.000 pos=(-40.509,0.000,-18.038) thr=0.00 steer=-1.00 blocked=false attempts=0 stuck_s=0.00 pitch=-0.00 roll=0.00 normal_y=1.00 contacts=1[VillageTerrain] bounded=true
tick=4260 phase=following reason=path_ready wp=8 dist_wp=2.46 bearing_deg=-11.95 speed=0.000 pos=(-40.509,0.000,-18.038) thr=0.30 steer=-0.49 blocked=false attempts=0 stuck_s=0.27 pitch=-0.00 roll=0.00 normal_y=1.00 contacts=1[VillageTerrain] bounded=true
tick=4290 phase=following reason=path_ready wp=8 dist_wp=2.46 bearing_deg=-5.76 speed=0.000 pos=(-40.509,0.000,-18.038) thr=0.30 steer=-0.24 blocked=false attempts=0 stuck_s=0.77 pitch=-0.00 roll=0.00 normal_y=1.00 contacts=1[VillageTerrain] bounded=true
tick=4320 phase=following reason=path_ready wp=8 dist_wp=2.46 bearing_deg=-2.78 speed=0.000 pos=(-40.509,0.000,-18.038) thr=0.30 steer=-0.11 blocked=false attempts=0 stuck_s=1.27 pitch=-0.00 roll=0.00 normal_y=1.00 contacts=1[VillageTerrain] bounded=true
tick=4350 phase=following reason=path_ready wp=8 dist_wp=2.46 bearing_deg=-1.34 speed=0.000 pos=(-40.509,0.000,-18.038) thr=0.30 steer=-0.05 blocked=false attempts=0 stuck_s=1.77 pitch=-0.00 roll=0.00 normal_y=1.00 contacts=1[VillageTerrain] bounded=true
tick=4380 phase=reverse reason=insufficient_actual_progress wp=8 dist_wp=2.50 bearing_deg=-0.92 speed=-0.051 pos=(-40.488,0.002,-18.011) thr=-0.75 steer=0.00 blocked=false attempts=1 stuck_s=0.00 pitch=-0.02 roll=0.00 normal_y=1.00 contacts=3[VillageTerrain,VillageTerrain,VillageTerrain] bounded=true
tick=4410 phase=reverse reason=insufficient_actual_progress wp=8 dist_wp=2.76 bearing_deg=-0.82 speed=-0.154 pos=(-40.323,0.003,-17.802) thr=-0.75 steer=0.00 blocked=false attempts=1 stuck_s=0.00 pitch=-0.04 roll=0.00 normal_y=1.00 contacts=3[VillageTerrain,VillageTerrain,VillageTerrain] bounded=true
tick=4440 phase=turn_recovery reason=reverse_complete wp=8 dist_wp=3.26 bearing_deg=-2.45 speed=-0.069 pos=(-40.017,0.001,-17.413) thr=0.00 steer=1.00 blocked=false attempts=1 stuck_s=0.00 pitch=0.00 roll=0.00 normal_y=1.00 contacts=3[VillageTerrain,VillageTerrain,VillageTerrain] bounded=true
tick=4470 phase=turn_recovery reason=reverse_complete wp=8 dist_wp=3.26 bearing_deg=-20.45 speed=0.000 pos=(-40.017,0.001,-17.413) thr=0.00 steer=1.00 blocked=false attempts=1 stuck_s=0.00 pitch=0.02 roll=0.00 normal_y=1.00 contacts=1[VillageTerrain] bounded=true
tick=4500 phase=following reason=path_ready wp=0 dist_wp=3.26 bearing_deg=-15.54 speed=0.005 pos=(-40.017,0.001,-17.413) thr=0.39 steer=-0.64 blocked=false attempts=1 stuck_s=0.10 pitch=0.00 roll=0.00 normal_y=1.00 contacts=1[VillageTerrain] bounded=true
tick=4530 phase=following reason=path_ready wp=0 dist_wp=3.22 bearing_deg=-7.59 speed=0.028 pos=(-40.045,0.001,-17.440) thr=0.38 steer=-0.31 blocked=false attempts=1 stuck_s=0.60 pitch=0.01 roll=0.00 normal_y=1.00 contacts=3[VillageTerrain,VillageTerrain,VillageTerrain] bounded=true
tick=4560 phase=following reason=path_ready wp=0 dist_wp=3.13 bearing_deg=-3.77 speed=0.045 pos=(-40.109,0.001,-17.510) thr=0.37 steer=-0.15 blocked=false attempts=1 stuck_s=1.10 pitch=0.01 roll=0.00 normal_y=1.00 contacts=3[VillageTerrain,VillageTerrain,VillageTerrain] bounded=true
tick=4590 phase=following reason=path_ready wp=0 dist_wp=3.00 bearing_deg=-1.90 speed=0.054 pos=(-40.192,0.001,-17.610) thr=0.36 steer=-0.08 blocked=false attempts=1 stuck_s=1.60 pitch=0.00 roll=0.00 normal_y=1.00 contacts=3[VillageTerrain,VillageTerrain,VillageTerrain] bounded=true
tick=4620 phase=following reason=path_ready wp=0 dist_wp=2.86 bearing_deg=-0.96 speed=0.052 pos=(-40.277,0.001,-17.717) thr=0.34 steer=-0.04 blocked=false attempts=1 stuck_s=0.17 pitch=-0.00 roll=0.00 normal_y=1.00 contacts=3[VillageTerrain,VillageTerrain,VillageTerrain] bounded=true
tick=4650 phase=following reason=path_ready wp=0 dist_wp=2.74 bearing_deg=-0.80 speed=0.038 pos=(-40.348,0.001,-17.809) thr=0.33 steer=0.00 blocked=false attempts=1 stuck_s=0.67 pitch=-0.00 roll=0.00 normal_y=1.00 contacts=3[VillageTerrain,VillageTerrain,VillageTerrain] bounded=true
tick=4680 phase=following reason=path_ready wp=0 dist_wp=2.67 bearing_deg=-0.79 speed=0.017 pos=(-40.392,0.001,-17.866) thr=0.32 steer=0.00 blocked=false attempts=1 stuck_s=1.17 pitch=-0.01 roll=0.00 normal_y=1.00 contacts=3[VillageTerrain,VillageTerrain,VillageTerrain] bounded=true
tick=4710 phase=following reason=path_ready wp=0 dist_wp=2.66 bearing_deg=-0.79 speed=0.000 pos=(-40.397,0.001,-17.873) thr=0.32 steer=0.00 blocked=false attempts=1 stuck_s=1.67 pitch=-0.01 roll=0.00 normal_y=1.00 contacts=1[VillageTerrain] bounded=true
tick=4740 phase=reverse reason=insufficient_actual_progress wp=0 dist_wp=2.68 bearing_deg=-0.79 speed=-0.031 pos=(-40.389,0.002,-17.864) thr=-0.75 steer=0.00 blocked=false attempts=2 stuck_s=0.00 pitch=-0.01 roll=0.00 normal_y=1.00 contacts=3[VillageTerrain,VillageTerrain,VillageTerrain] bounded=true
tick=4770 phase=reverse reason=insufficient_actual_progress wp=0 dist_wp=2.89 bearing_deg=-0.72 speed=-0.134 pos=(-40.258,0.003,-17.695) thr=-0.75 steer=0.00 blocked=false attempts=2 stuck_s=0.00 pitch=-0.04 roll=0.00 normal_y=1.00 contacts=3[VillageTerrain,VillageTerrain,VillageTerrain] bounded=true
tick=4800 phase=reverse reason=insufficient_actual_progress wp=0 dist_wp=3.36 bearing_deg=-0.62 speed=-0.236 pos=(-39.967,0.003,-17.320) thr=-0.75 steer=0.00 blocked=false attempts=2 stuck_s=0.00 pitch=-0.04 roll=0.00 normal_y=1.00 contacts=3[VillageTerrain,VillageTerrain,VillageTerrain] bounded=true
tick=4830 phase=turn_recovery reason=reverse_complete wp=0 dist_wp=3.46 bearing_deg=15.56 speed=0.000 pos=(-39.909,0.003,-17.245) thr=0.00 steer=-1.00 blocked=false attempts=2 stuck_s=0.00 pitch=0.04 roll=0.00 normal_y=1.00 contacts=1[VillageTerrain] bounded=true
tick=4860 phase=following reason=path_ready wp=0 dist_wp=3.46 bearing_deg=17.06 speed=0.003 pos=(-39.909,0.000,-17.245) thr=0.40 steer=0.70 blocked=false attempts=2 stuck_s=0.03 pitch=0.00 roll=0.00 normal_y=1.00 contacts=1[VillageTerrain] bounded=true
tick=4890 phase=following reason=path_ready wp=0 dist_wp=3.41 bearing_deg=8.37 speed=0.040 pos=(-39.933,0.002,-17.293) thr=0.40 steer=0.34 blocked=false attempts=2 stuck_s=0.53 pitch=0.01 roll=0.00 normal_y=1.00 contacts=3[VillageTerrain,VillageTerrain,VillageTerrain] bounded=true
tick=4920 phase=following reason=path_ready wp=0 dist_wp=3.26 bearing_deg=4.22 speed=0.070 pos=(-40.009,0.002,-17.415) thr=0.39 steer=0.17 blocked=false attempts=2 stuck_s=1.03 pitch=0.01 roll=0.00 normal_y=1.00 contacts=3[VillageTerrain,VillageTerrain,VillageTerrain] bounded=true
tick=4950 phase=following reason=path_ready wp=0 dist_wp=3.06 bearing_deg=2.18 speed=0.086 pos=(-40.124,0.001,-17.582) thr=0.37 steer=0.09 blocked=false attempts=2 stuck_s=0.08 pitch=0.01 roll=0.00 normal_y=1.00 contacts=3[VillageTerrain,VillageTerrain,VillageTerrain] bounded=true
tick=4980 phase=following reason=path_ready wp=0 dist_wp=2.84 bearing_deg=1.14 speed=0.086 pos=(-40.256,0.001,-17.763) thr=0.34 steer=0.05 blocked=false attempts=2 stuck_s=0.58 pitch=-0.00 roll=0.00 normal_y=1.00 contacts=3[VillageTerrain,VillageTerrain,VillageTerrain] bounded=true
tick=5010 phase=following reason=path_ready wp=0 dist_wp=2.64 bearing_deg=0.80 speed=0.067 pos=(-40.376,0.001,-17.921) thr=0.32 steer=0.00 blocked=false attempts=2 stuck_s=0.28 pitch=-0.01 roll=0.00 normal_y=1.00 contacts=3[VillageTerrain,VillageTerrain,VillageTerrain] bounded=true
tick=5040 phase=following reason=path_ready wp=0 dist_wp=2.51 bearing_deg=0.79 speed=0.033 pos=(-40.454,0.002,-18.024) thr=0.30 steer=0.00 blocked=false attempts=2 stuck_s=0.78 pitch=-0.01 roll=0.00 normal_y=1.00 contacts=3[VillageTerrain,VillageTerrain,VillageTerrain] bounded=true
tick=5070 phase=following reason=path_ready wp=0 dist_wp=2.48 bearing_deg=0.78 speed=0.000 pos=(-40.471,0.001,-18.048) thr=0.30 steer=0.00 blocked=false attempts=2 stuck_s=1.28 pitch=-0.01 roll=0.00 normal_y=1.00 contacts=1[VillageTerrain] bounded=true
tick=5100 phase=following reason=path_ready wp=0 dist_wp=2.48 bearing_deg=0.78 speed=0.000 pos=(-40.471,0.001,-18.048) thr=0.30 steer=0.00 blocked=false attempts=2 stuck_s=1.78 pitch=-0.00 roll=0.00 normal_y=1.00 contacts=1[VillageTerrain] bounded=true
tick=5130 phase=reverse reason=insufficient_actual_progress wp=0 dist_wp=2.52 bearing_deg=0.77 speed=-0.055 pos=(-40.448,0.002,-18.017) thr=-0.75 steer=0.00 blocked=false attempts=3 stuck_s=0.00 pitch=-0.02 roll=0.00 normal_y=1.00 contacts=3[VillageTerrain,VillageTerrain,VillageTerrain] bounded=true
tick=5160 phase=reverse reason=insufficient_actual_progress wp=0 dist_wp=2.79 bearing_deg=0.70 speed=-0.158 pos=(-40.281,0.003,-17.799) thr=-0.75 steer=0.00 blocked=false attempts=3 stuck_s=0.00 pitch=-0.04 roll=0.00 normal_y=1.00 contacts=3[VillageTerrain,VillageTerrain,VillageTerrain] bounded=true
tick=5190 phase=turn_recovery reason=reverse_complete wp=0 dist_wp=3.27 bearing_deg=-1.75 speed=-0.009 pos=(-39.989,0.001,-17.416) thr=0.00 steer=1.00 blocked=false attempts=3 stuck_s=0.00 pitch=0.03 roll=0.00 normal_y=1.00 contacts=1[VillageTerrain] bounded=true
tick=5220 phase=turn_recovery reason=reverse_complete wp=0 dist_wp=3.27 bearing_deg=-19.75 speed=0.000 pos=(-39.989,0.001,-17.416) thr=0.00 steer=1.00 blocked=false attempts=3 stuck_s=0.00 pitch=0.02 roll=0.00 normal_y=1.00 contacts=1[VillageTerrain] bounded=true
tick=5250 phase=following reason=path_ready wp=0 dist_wp=3.27 bearing_deg=-14.39 speed=0.007 pos=(-39.989,0.000,-17.416) thr=0.39 steer=-0.59 blocked=false attempts=3 stuck_s=0.15 pitch=0.00 roll=0.00 normal_y=1.00 contacts=1[VillageTerrain] bounded=true
tick=5280 phase=following reason=path_ready wp=0 dist_wp=3.23 bearing_deg=-7.05 speed=0.031 pos=(-40.024,0.001,-17.449) thr=0.38 steer=-0.29 blocked=false attempts=3 stuck_s=0.65 pitch=0.01 roll=0.00 normal_y=1.00 contacts=3[VillageTerrain,VillageTerrain,VillageTerrain] bounded=true
tick=5310 phase=following reason=path_ready wp=0 dist_wp=3.12 bearing_deg=-3.51 speed=0.049 pos=(-40.094,0.001,-17.526) thr=0.37 steer=-0.14 blocked=false attempts=3 stuck_s=1.15 pitch=0.01 roll=0.00 normal_y=1.00 contacts=3[VillageTerrain,VillageTerrain,VillageTerrain] bounded=true
tick=5340 phase=following reason=path_ready wp=0 dist_wp=2.99 bearing_deg=-1.77 speed=0.057 pos=(-40.183,0.001,-17.632) thr=0.36 steer=-0.07 blocked=false attempts=3 stuck_s=1.65 pitch=0.00 roll=0.00 normal_y=1.00 contacts=3[VillageTerrain,VillageTerrain,VillageTerrain] bounded=true
tick=5370 phase=following reason=path_ready wp=0 dist_wp=2.84 bearing_deg=-0.90 speed=0.053 pos=(-40.272,0.001,-17.743) thr=0.34 steer=-0.04 blocked=false attempts=3 stuck_s=0.27 pitch=-0.00 roll=0.00 normal_y=1.00 contacts=3[VillageTerrain,VillageTerrain,VillageTerrain] bounded=true
tick=5400 phase=following reason=path_ready wp=0 dist_wp=2.72 bearing_deg=-0.79 speed=0.038 pos=(-40.345,0.001,-17.837) thr=0.33 steer=0.00 blocked=false attempts=3 stuck_s=0.77 pitch=-0.01 roll=0.00 normal_y=1.00 contacts=3[VillageTerrain,VillageTerrain,VillageTerrain] bounded=true
tick=5430 phase=following reason=path_ready wp=0 dist_wp=2.65 bearing_deg=-0.80 speed=0.015 pos=(-40.388,0.001,-17.891) thr=0.32 steer=0.00 blocked=false attempts=3 stuck_s=1.27 pitch=-0.01 roll=0.00 normal_y=1.00 contacts=3[VillageTerrain,VillageTerrain,VillageTerrain] bounded=true
tick=5460 phase=following reason=path_ready wp=0 dist_wp=2.65 bearing_deg=-0.80 speed=0.000 pos=(-40.391,0.000,-17.896) thr=0.32 steer=0.00 blocked=false attempts=3 stuck_s=1.77 pitch=-0.00 roll=0.00 normal_y=1.00 contacts=1[VillageTerrain] bounded=true
