tick=0 phase=following reason=path_ready wp=1 dist_wp=13.42 bearing_deg=-26.57 speed=0.000 pos=(-27.000,0.007,-116.000) thr=0.00 steer=-1.00 blocked=false attempts=0 stuck_s=0.00 pitch=-0.00 roll=0.00 normal_y=1.00 contacts=0[] bounded=true
tick=30 phase=following reason=path_ready wp=1 dist_wp=13.33 bearing_deg=-13.27 speed=0.185 pos=(-27.020,0.005,-115.908) thr=0.95 steer=-0.54 blocked=false attempts=0 stuck_s=0.20 pitch=0.08 roll=0.00 normal_y=1.00 contacts=3[VillageTerrain,VillageTerrain,VillageTerrain] bounded=true
tick=60 phase=following reason=path_ready wp=1 dist_wp=12.35 bearing_deg=-6.99 speed=0.634 pos=(-27.324,0.009,-114.972) thr=0.91 steer=-0.29 blocked=false attempts=0 stuck_s=0.12 pitch=0.16 roll=0.00 normal_y=1.00 contacts=3[VillageTerrain,VillageTerrain,VillageTerrain] bounded=true
tick=90 phase=following reason=path_ready wp=1 dist_wp=10.38 bearing_deg=-4.12 speed=1.031 pos=(-28.086,0.008,-113.144) thr=0.83 steer=-0.17 blocked=false attempts=0 stuck_s=0.00 pitch=0.14 roll=0.00 normal_y=1.00 contacts=3[VillageTerrain,VillageTerrain,VillageTerrain] bounded=true
tick=120 phase=following reason=path_ready wp=1 dist_wp=7.57 bearing_deg=-2.82 speed=1.340 pos=(-29.295,0.007,-110.604) thr=0.69 steer=-0.11 blocked=false attempts=0 stuck_s=0.00 pitch=0.11 roll=0.00 normal_y=1.00 contacts=3[VillageTerrain,VillageTerrain,VillageTerrain] bounded=true
tick=150 phase=following reason=path_ready wp=1 dist_wp=4.19 bearing_deg=-2.56 speed=1.513 pos=(-30.854,0.004,-107.600) thr=0.48 steer=-0.10 blocked=false attempts=0 stuck_s=0.00 pitch=0.06 roll=0.00 normal_y=1.00 contacts=3[VillageTerrain,VillageTerrain,VillageTerrain] bounded=true
tick=180 phase=following reason=path_ready wp=1 dist_wp=0.81 bearing_deg=-6.66 speed=1.024 pos=(-32.506,0.011,-104.648) thr=0.00 steer=-0.25 blocked=false attempts=0 stuck_s=0.00 pitch=-0.19 roll=0.00 normal_y=1.00 contacts=3[VillageTerrain,VillageTerrain,VillageTerrain] bounded=true
tick=210 phase=following reason=path_ready wp=2 dist_wp=20.52 bearing_deg=-62.22 speed=0.000 pos=(-32.852,0.016,-104.095) thr=0.00 steer=-1.00 blocked=false attempts=0 stuck_s=0.00 pitch=-0.29 roll=0.00 normal_y=1.00 contacts=1[VillageTerrain] bounded=true
tick=240 phase=following reason=path_ready wp=2 dist_wp=20.52 bearing_deg=-44.22 speed=0.000 pos=(-32.852,0.002,-104.095) thr=0.00 steer=-1.00 blocked=false attempts=0 stuck_s=0.00 pitch=-0.01 roll=0.00 normal_y=1.00 contacts=1[VillageTerrain] bounded=true
tick=270 phase=following reason=path_ready wp=2 dist_wp=20.52 bearing_deg=-26.22 speed=0.000 pos=(-32.852,0.001,-104.095) thr=0.00 steer=-1.00 blocked=false attempts=0 stuck_s=0.00 pitch=-0.00 roll=0.00 normal_y=1.00 contacts=1[VillageTerrain] bounded=true
tick=300 phase=following reason=path_ready wp=2 dist_wp=20.38 bearing_deg=-12.77 speed=0.233 pos=(-32.989,0.006,-104.101) thr=1.00 steer=-0.52 blocked=false attempts=0 stuck_s=0.23 pitch=0.10 roll=0.00 normal_y=1.00 contacts=3[VillageTerrain,VillageTerrain,VillageTerrain] bounded=true
tick=330 phase=following reason=path_ready wp=2 dist_wp=19.25 bearing_deg=-6.62 speed=0.731 pos=(-34.126,0.010,-104.269) thr=1.00 steer=-0.27 blocked=false attempts=0 stuck_s=0.03 pitch=0.18 roll=0.00 normal_y=1.00 contacts=3[VillageTerrain,VillageTerrain,VillageTerrain] bounded=true
tick=360 phase=following reason=path_ready wp=2 dist_wp=16.94 bearing_deg=-3.73 speed=1.223 pos=(-36.379,0.010,-104.782) thr=1.00 steer=-0.15 blocked=false attempts=0 stuck_s=0.00 pitch=0.18 roll=0.00 normal_y=1.00 contacts=3[VillageTerrain,VillageTerrain,VillageTerrain] bounded=true
tick=390 phase=following reason=path_ready wp=2 dist_wp=13.49 bearing_deg=-2.36 speed=1.704 pos=(-39.712,0.010,-105.699) thr=0.96 steer=-0.10 blocked=false attempts=0 stuck_s=0.03 pitch=0.17 roll=0.00 normal_y=1.00 contacts=3[VillageTerrain,VillageTerrain,VillageTerrain] bounded=true
tick=420 phase=following reason=path_ready wp=2 dist_wp=9.01 bearing_deg=-1.80 speed=2.084 pos=(-44.004,0.008,-107.010) thr=0.77 steer=-0.07 blocked=false attempts=0 stuck_s=0.03 pitch=0.14 roll=0.00 normal_y=1.00 contacts=3[VillageTerrain,VillageTerrain,VillageTerrain] bounded=true
tick=450 phase=following reason=path_ready wp=2 dist_wp=3.90 bearing_deg=-2.13 speed=2.162 pos=(-48.861,0.002,-108.608) thr=0.46 steer=-0.08 blocked=false attempts=0 stuck_s=0.03 pitch=0.02 roll=0.00 normal_y=1.00 contacts=3[VillageTerrain,VillageTerrain,VillageTerrain] bounded=true
tick=480 phase=following reason=path_ready wp=2 dist_wp=0.35 bearing_deg=-165.63 speed=1.065 pos=(-52.840,0.026,-110.061) thr=0.00 steer=-1.00 blocked=false attempts=0 stuck_s=0.00 pitch=-0.45 roll=0.00 normal_y=1.00 contacts=3[VillageTerrain,VillageTerrain,VillageTerrain] bounded=true
tick=510 phase=following reason=path_ready wp=3 dist_wp=18.84 bearing_deg=10.48 speed=0.573 pos=(-53.933,0.006,-110.652) thr=1.00 steer=0.43 blocked=false attempts=0 stuck_s=0.07 pitch=-0.09 roll=0.00 normal_y=1.00 contacts=3[VillageTerrain,VillageTerrain,VillageTerrain] bounded=true
tick=540 phase=following reason=path_ready wp=3 dist_wp=16.92 bearing_deg=5.77 speed=1.066 pos=(-55.712,0.010,-111.429) thr=1.00 steer=0.24 blocked=false attempts=0 stuck_s=0.03 pitch=0.17 roll=0.00 normal_y=1.00 contacts=3[VillageTerrain,VillageTerrain,VillageTerrain] bounded=true
tick=570 phase=following reason=path_ready wp=3 dist_wp=13.84 bearing_deg=3.54 speed=1.551 pos=(-58.623,0.010,-112.467) thr=0.98 steer=0.14 blocked=false attempts=0 stuck_s=0.00 pitch=0.17 roll=0.00 normal_y=1.00 contacts=3[VillageTerrain,VillageTerrain,VillageTerrain] bounded=true
tick=600 phase=following reason=path_ready wp=3 dist_wp=9.70 bearing_deg=2.57 speed=1.948 pos=(-62.582,0.008,-113.694) thr=0.80 steer=0.10 blocked=false attempts=0 stuck_s=0.00 pitch=0.14 roll=0.00 normal_y=1.00 contacts=3[VillageTerrain,VillageTerrain,VillageTerrain] bounded=true
tick=630 phase=following reason=path_ready wp=3 dist_wp=4.79 bearing_deg=2.67 speed=2.207 pos=(-67.311,0.006,-115.003) thr=0.53 steer=0.11 blocked=false attempts=0 stuck_s=0.00 pitch=0.09 roll=0.00 normal_y=1.00 contacts=3[VillageTerrain,VillageTerrain,VillageTerrain] bounded=true
tick=660 phase=following reason=path_ready wp=3 dist_wp=0.14 bearing_deg=56.63 speed=1.411 pos=(-71.904,0.019,-116.100) thr=0.00 steer=1.00 blocked=false attempts=0 stuck_s=0.00 pitch=-0.34 roll=0.00 normal_y=1.00 contacts=3[VillageTerrain,VillageTerrain,VillageTerrain] bounded=true
tick=690 phase=following reason=path_ready wp=4 dist_wp=22.26 bearing_deg=86.02 speed=0.000 pos=(-73.266,0.028,-116.223) thr=0.00 steer=1.00 blocked=false attempts=0 stuck_s=0.00 pitch=-0.51 roll=0.00 normal_y=1.00 contacts=1[VillageTerrain] bounded=true
tick=720 phase=following reason=path_ready wp=4 dist_wp=22.26 bearing_deg=68.02 speed=0.000 pos=(-73.266,0.003,-116.223) thr=0.00 steer=1.00 blocked=false attempts=0 stuck_s=0.00 pitch=-0.03 roll=0.00 normal_y=1.00 contacts=1[VillageTerrain] bounded=true
tick=750 phase=following reason=path_ready wp=4 dist_wp=22.26 bearing_deg=50.02 speed=0.000 pos=(-73.266,0.001,-116.223) thr=0.00 steer=1.00 blocked=false attempts=0 stuck_s=0.00 pitch=-0.00 roll=0.00 normal_y=1.00 contacts=1[VillageTerrain] bounded=true
tick=780 phase=following reason=path_ready wp=4 dist_wp=22.26 bearing_deg=32.02 speed=0.000 pos=(-73.266,0.001,-116.223) thr=0.00 steer=1.00 blocked=false attempts=0 stuck_s=0.00 pitch=-0.00 roll=0.00 normal_y=1.00 contacts=1[VillageTerrain] bounded=true
tick=810 phase=following reason=path_ready wp=4 dist_wp=22.24 bearing_deg=16.04 speed=0.084 pos=(-73.269,0.002,-116.207) thr=1.00 steer=0.66 blocked=false attempts=0 stuck_s=0.07 pitch=0.02 roll=0.00 normal_y=1.00 contacts=3[VillageTerrain,VillageTerrain,VillageTerrain] bounded=true
tick=840 phase=following reason=path_ready wp=4 dist_wp=21.30 bearing_deg=8.18 speed=0.725 pos=(-73.386,0.012,-115.251) thr=1.00 steer=0.33 blocked=false attempts=0 stuck_s=0.05 pitch=0.22 roll=0.00 normal_y=1.00 contacts=3[VillageTerrain,VillageTerrain,VillageTerrain] bounded=true
tick=870 phase=following reason=path_ready wp=4 dist_wp=18.80 bearing_deg=4.61 speed=1.398 pos=(-73.464,0.014,-112.745) thr=1.00 steer=0.19 blocked=false attempts=0 stuck_s=0.03 pitch=0.24 roll=0.00 normal_y=1.00 contacts=3[VillageTerrain,VillageTerrain,VillageTerrain] bounded=true
tick=900 phase=following reason=path_ready wp=4 dist_wp=14.69 bearing_deg=2.99 speed=2.091 pos=(-73.369,0.014,-108.624) thr=1.00 steer=0.12 blocked=false attempts=0 stuck_s=0.00 pitch=0.25 roll=0.00 normal_y=1.00 contacts=3[VillageTerrain,VillageTerrain,VillageTerrain] bounded=true
tick=930 phase=following reason=path_ready wp=4 dist_wp=9.32 bearing_deg=2.43 speed=2.482 pos=(-73.059,0.009,-103.265) thr=0.79 steer=0.10 blocked=false attempts=0 stuck_s=0.02 pitch=0.15 roll=0.00 normal_y=1.00 contacts=3[VillageTerrain,VillageTerrain,VillageTerrain] bounded=true
tick=960 phase=following reason=path_ready wp=4 dist_wp=3.00 bearing_deg=3.95 speed=2.857 pos=(-72.511,0.008,-96.952) thr=0.38 steer=0.15 blocked=false attempts=0 stuck_s=0.02 pitch=0.13 roll=0.00 normal_y=1.00 contacts=3[VillageTerrain,VillageTerrain,VillageTerrain] bounded=true
tick=990 phase=following reason=path_ready wp=4 dist_wp=2.01 bearing_deg=171.50 speed=1.359 pos=(-71.688,0.029,-92.011) thr=0.00 steer=1.00 blocked=false attempts=0 stuck_s=0.00 pitch=-0.51 roll=0.00 normal_y=1.00 contacts=3[VillageTerrain,VillageTerrain,VillageTerrain] bounded=true
tick=1020 phase=following reason=path_ready wp=4 dist_wp=3.31 bearing_deg=159.32 speed=0.000 pos=(-71.183,0.028,-90.796) thr=0.00 steer=1.00 blocked=false attempts=0 stuck_s=0.00 pitch=-0.50 roll=0.00 normal_y=1.00 contacts=1[VillageTerrain] bounded=true
tick=1050 phase=following reason=path_ready wp=4 dist_wp=3.31 bearing_deg=141.32 speed=0.000 pos=(-71.183,0.003,-90.796) thr=0.00 steer=1.00 blocked=false attempts=0 stuck_s=0.00 pitch=-0.03 roll=0.00 normal_y=1.00 contacts=1[VillageTerrain] bounded=true
tick=1080 phase=following reason=path_ready wp=4 dist_wp=3.31 bearing_deg=123.32 speed=0.000 pos=(-71.183,0.000,-90.796) thr=0.00 steer=1.00 blocked=false attempts=0 stuck_s=0.00 pitch=-0.00 roll=0.00 normal_y=1.00 contacts=1[VillageTerrain] bounded=true
tick=1110 phase=following reason=path_ready wp=4 dist_wp=3.31 bearing_deg=105.32 speed=0.000 pos=(-71.183,0.000,-90.796) thr=0.00 steer=1.00 blocked=false attempts=0 stuck_s=0.00 pitch=-0.00 roll=0.00 normal_y=1.00 contacts=1[VillageTerrain] bounded=true
tick=1140 phase=following reason=path_ready wp=4 dist_wp=3.31 bearing_deg=87.32 speed=0.000 pos=(-71.183,0.000,-90.796) thr=0.00 steer=1.00 blocked=false attempts=0 stuck_s=0.00 pitch=-0.00 roll=0.00 normal_y=1.00 contacts=1[VillageTerrain] bounded=true
tick=1170 phase=following reason=path_ready wp=4 dist_wp=3.31 bearing_deg=69.32 speed=0.000 pos=(-71.183,0.000,-90.796) thr=0.00 steer=1.00 blocked=false attempts=0 stuck_s=0.00 pitch=-0.00 roll=0.00 normal_y=1.00 contacts=1[VillageTerrain] bounded=true
tick=1200 phase=following reason=path_ready wp=4 dist_wp=3.31 bearing_deg=51.32 speed=0.000 pos=(-71.183,0.000,-90.796) thr=0.00 steer=1.00 blocked=false attempts=0 stuck_s=0.00 pitch=-0.00 roll=0.00 normal_y=1.00 contacts=1[VillageTerrain] bounded=true
tick=1230 phase=following reason=path_ready wp=4 dist_wp=3.31 bearing_deg=33.32 speed=0.000 pos=(-71.183,0.000,-90.796) thr=0.00 steer=1.00 blocked=false attempts=0 stuck_s=0.00 pitch=-0.00 roll=0.00 normal_y=1.00 contacts=1[VillageTerrain] bounded=true
tick=1260 phase=following reason=path_ready wp=4 dist_wp=3.31 bearing_deg=16.90 speed=0.016 pos=(-71.183,0.001,-90.797) thr=0.39 steer=0.69 blocked=false attempts=0 stuck_s=0.03 pitch=0.00 roll=0.00 normal_y=1.00 contacts=3[VillageTerrain,VillageTerrain,VillageTerrain] bounded=true
tick=1290 phase=following reason=path_ready wp=4 dist_wp=2.99 bearing_deg=9.08 speed=0.250 pos=(-71.204,0.005,-91.122) thr=0.36 steer=0.37 blocked=false attempts=0 stuck_s=0.53 pitch=0.08 roll=0.00 normal_y=1.00 contacts=3[VillageTerrain,VillageTerrain,VillageTerrain] bounded=true
tick=1320 phase=following reason=path_ready wp=4 dist_wp=2.17 bearing_deg=6.11 speed=0.434 pos=(-71.340,0.004,-91.935) thr=0.26 steer=0.25 blocked=false attempts=0 stuck_s=0.00 pitch=0.07 roll=0.00 normal_y=1.00 contacts=3[VillageTerrain,VillageTerrain,VillageTerrain] bounded=true
tick=1350 phase=following reason=path_ready wp=5 dist_wp=20.94 bearing_deg=161.74 speed=0.153 pos=(-71.582,0.007,-92.931) thr=0.00 steer=1.00 blocked=false attempts=0 stuck_s=0.00 pitch=-0.10 roll=0.00 normal_y=1.00 contacts=3[VillageTerrain,VillageTerrain,VillageTerrain] bounded=true
tick=1380 phase=following reason=path_ready wp=5 dist_wp=20.95 bearing_deg=143.76 speed=0.000 pos=(-71.585,0.003,-92.943) thr=0.00 steer=1.00 blocked=false attempts=0 stuck_s=0.00 pitch=-0.04 roll=0.00 normal_y=1.00 contacts=1[VillageTerrain] bounded=true
tick=1410 phase=following reason=path_ready wp=5 dist_wp=20.95 bearing_deg=125.76 speed=0.000 pos=(-71.585,0.001,-92.943) thr=0.00 steer=1.00 blocked=false attempts=0 stuck_s=0.00 pitch=-0.00 roll=0.00 normal_y=1.00 contacts=1[VillageTerrain] bounded=true
tick=1440 phase=following reason=path_ready wp=5 dist_wp=20.95 bearing_deg=107.76 speed=0.000 pos=(-71.585,0.001,-92.943) thr=0.00 steer=1.00 blocked=false attempts=0 stuck_s=0.00 pitch=-0.00 roll=0.00 normal_y=1.00 contacts=1[VillageTerrain] bounded=true
tick=1470 phase=following reason=path_ready wp=5 dist_wp=20.95 bearing_deg=89.76 speed=0.000 pos=(-71.585,0.001,-92.943) thr=0.00 steer=1.00 blocked=false attempts=0 stuck_s=0.00 pitch=-0.00 roll=0.00 normal_y=1.00 contacts=1[VillageTerrain] bounded=true
tick=1500 phase=following reason=path_ready wp=5 dist_wp=20.95 bearing_deg=71.76 speed=0.000 pos=(-71.585,0.001,-92.943) thr=0.00 steer=1.00 blocked=false attempts=0 stuck_s=0.00 pitch=-0.00 roll=0.00 normal_y=1.00 contacts=1[VillageTerrain] bounded=true
tick=1530 phase=following reason=path_ready wp=5 dist_wp=20.95 bearing_deg=53.76 speed=0.000 pos=(-71.585,0.001,-92.943) thr=0.00 steer=1.00 blocked=false attempts=0 stuck_s=0.00 pitch=-0.00 roll=0.00 normal_y=1.00 contacts=1[VillageTerrain] bounded=true
tick=1560 phase=following reason=path_ready wp=5 dist_wp=20.95 bearing_deg=35.76 speed=0.000 pos=(-71.585,0.001,-92.943) thr=0.00 steer=1.00 blocked=false attempts=0 stuck_s=0.00 pitch=-0.00 roll=0.00 normal_y=1.00 contacts=1[VillageTerrain] bounded=true
tick=1590 phase=following reason=path_ready wp=5 dist_wp=20.95 bearing_deg=18.65 speed=0.000 pos=(-71.585,0.001,-92.943) thr=0.00 steer=0.76 blocked=false attempts=0 stuck_s=0.00 pitch=-0.00 roll=0.00 normal_y=1.00 contacts=1[VillageTerrain] bounded=true
tick=1620 phase=following reason=path_ready wp=5 dist_wp=20.21 bearing_deg=9.41 speed=0.666 pos=(-71.748,0.013,-92.206) thr=1.00 steer=0.38 blocked=false attempts=0 stuck_s=0.13 pitch=0.23 roll=0.00 normal_y=1.00 contacts=3[VillageTerrain,VillageTerrain,VillageTerrain] bounded=true
tick=1650 phase=following reason=path_ready wp=5 dist_wp=17.81 bearing_deg=5.31 speed=1.370 pos=(-72.044,0.014,-89.808) thr=1.00 steer=0.22 blocked=false attempts=0 stuck_s=0.00 pitch=0.25 roll=0.00 normal_y=1.00 contacts=3[VillageTerrain,VillageTerrain,VillageTerrain] bounded=true
tick=1680 phase=following reason=path_ready wp=5 dist_wp=13.76 bearing_deg=3.48 speed=2.061 pos=(-72.289,0.014,-85.760) thr=0.97 steer=0.14 blocked=false attempts=0 stuck_s=0.02 pitch=0.25 roll=0.00 normal_y=1.00 contacts=3[VillageTerrain,VillageTerrain,VillageTerrain] bounded=true
tick=1710 phase=following reason=path_ready wp=5 dist_wp=8.46 bearing_deg=2.92 speed=2.434 pos=(-72.397,0.008,-80.449) thr=0.74 steer=0.12 blocked=false attempts=0 stuck_s=0.00 pitch=0.13 roll=0.00 normal_y=1.00 contacts=3[VillageTerrain,VillageTerrain,VillageTerrain] bounded=true
tick=1740 phase=following reason=path_ready wp=5 dist_wp=2.30 bearing_deg=5.60 speed=2.714 pos=(-72.305,0.007,-74.276) thr=0.30 steer=0.21 blocked=false attempts=0 stuck_s=0.00 pitch=0.11 roll=0.00 normal_y=1.00 contacts=3[VillageTerrain,VillageTerrain,VillageTerrain] bounded=true
tick=1770 phase=following reason=path_ready wp=5 dist_wp=2.10 bearing_deg=170.11 speed=1.102 pos=(-71.801,0.030,-69.906) thr=0.00 steer=1.00 blocked=false attempts=0 stuck_s=0.00 pitch=-0.52 roll=0.00 normal_y=1.00 contacts=3[VillageTerrain,VillageTerrain,VillageTerrain] bounded=true
tick=1800 phase=following reason=path_ready wp=5 dist_wp=2.95 bearing_deg=156.50 speed=0.000 pos=(-71.512,0.021,-69.094) thr=0.00 steer=1.00 blocked=false attempts=0 stuck_s=0.00 pitch=-0.38 roll=0.00 normal_y=1.00 contacts=1[VillageTerrain] bounded=true
tick=1830 phase=following reason=path_ready wp=5 dist_wp=2.95 bearing_deg=138.50 speed=0.000 pos=(-71.512,0.001,-69.094) thr=0.00 steer=1.00 blocked=false attempts=0 stuck_s=0.00 pitch=-0.02 roll=0.00 normal_y=1.00 contacts=1[VillageTerrain] bounded=true
tick=1860 phase=following reason=path_ready wp=5 dist_wp=2.95 bearing_deg=120.50 speed=0.000 pos=(-71.512,0.001,-69.094) thr=0.00 steer=1.00 blocked=false attempts=0 stuck_s=0.00 pitch=-0.00 roll=0.00 normal_y=1.00 contacts=1[VillageTerrain] bounded=true
tick=1890 phase=following reason=path_ready wp=5 dist_wp=2.95 bearing_deg=102.50 speed=0.000 pos=(-71.512,0.001,-69.094) thr=0.00 steer=1.00 blocked=false attempts=0 stuck_s=0.00 pitch=-0.00 roll=0.00 normal_y=1.00 contacts=1[VillageTerrain] bounded=true
tick=1920 phase=following reason=path_ready wp=5 dist_wp=2.95 bearing_deg=84.50 speed=0.000 pos=(-71.512,0.001,-69.094) thr=0.00 steer=1.00 blocked=false attempts=0 stuck_s=0.00 pitch=-0.00 roll=0.00 normal_y=1.00 contacts=1[VillageTerrain] bounded=true
tick=1950 phase=following reason=path_ready wp=5 dist_wp=2.95 bearing_deg=66.50 speed=0.000 pos=(-71.512,0.001,-69.094) thr=0.00 steer=1.00 blocked=false attempts=0 stuck_s=0.00 pitch=-0.00 roll=0.00 normal_y=1.00 contacts=1[VillageTerrain] bounded=true
tick=1980 phase=following reason=path_ready wp=5 dist_wp=2.95 bearing_deg=48.50 speed=0.000 pos=(-71.512,0.001,-69.094) thr=0.00 steer=1.00 blocked=false attempts=0 stuck_s=0.00 pitch=-0.00 roll=0.00 normal_y=1.00 contacts=1[VillageTerrain] bounded=true
tick=2010 phase=following reason=path_ready wp=5 dist_wp=2.95 bearing_deg=30.50 speed=0.000 pos=(-71.512,0.001,-69.094) thr=0.00 steer=1.00 blocked=false attempts=0 stuck_s=0.00 pitch=-0.00 roll=0.00 normal_y=1.00 contacts=1[VillageTerrain] bounded=true
tick=2040 phase=following reason=path_ready wp=5 dist_wp=2.93 bearing_deg=15.15 speed=0.050 pos=(-71.511,0.002,-69.110) thr=0.35 steer=0.62 blocked=false attempts=0 stuck_s=0.12 pitch=0.02 roll=0.00 normal_y=1.00 contacts=3[VillageTerrain,VillageTerrain,VillageTerrain] bounded=true
tick=2070 phase=following reason=path_ready wp=5 dist_wp=2.57 bearing_deg=8.39 speed=0.251 pos=(-71.510,0.005,-69.476) thr=0.31 steer=0.34 blocked=false attempts=0 stuck_s=0.00 pitch=0.07 roll=0.00 normal_y=1.00 contacts=3[VillageTerrain,VillageTerrain,VillageTerrain] bounded=true
tick=2100 phase=following reason=path_ready wp=5 dist_wp=1.80 bearing_deg=5.87 speed=0.395 pos=(-71.584,0.004,-70.253) thr=0.20 steer=0.24 blocked=false attempts=0 stuck_s=0.02 pitch=0.05 roll=0.00 normal_y=1.00 contacts=3[VillageTerrain,VillageTerrain,VillageTerrain] bounded=true
tick=2130 phase=following reason=path_ready wp=6 dist_wp=20.88 bearing_deg=162.01 speed=0.000 pos=(-71.683,0.011,-70.878) thr=0.00 steer=1.00 blocked=false attempts=0 stuck_s=0.00 pitch=-0.20 roll=0.00 normal_y=1.00 contacts=1[VillageTerrain] bounded=true
tick=2160 phase=following reason=path_ready wp=6 dist_wp=20.88 bearing_deg=144.01 speed=0.000 pos=(-71.683,0.001,-70.878) thr=0.00 steer=1.00 blocked=false attempts=0 stuck_s=0.00 pitch=-0.02 roll=0.00 normal_y=1.00 contacts=1[VillageTerrain] bounded=true
tick=2190 phase=following reason=path_ready wp=6 dist_wp=20.88 bearing_deg=126.01 speed=0.000 pos=(-71.683,0.001,-70.878) thr=0.00 steer=1.00 blocked=false attempts=0 stuck_s=0.00 pitch=-0.00 roll=0.00 normal_y=1.00 contacts=1[VillageTerrain] bounded=true
tick=2220 phase=following reason=path_ready wp=6 dist_wp=20.88 bearing_deg=108.01 speed=0.000 pos=(-71.683,0.001,-70.878) thr=0.00 steer=1.00 blocked=false attempts=0 stuck_s=0.00 pitch=-0.00 roll=0.00 normal_y=1.00 contacts=1[VillageTerrain] bounded=true
tick=2250 phase=following reason=path_ready wp=6 dist_wp=20.88 bearing_deg=90.01 speed=0.000 pos=(-71.683,0.001,-70.878) thr=0.00 steer=1.00 blocked=false attempts=0 stuck_s=0.00 pitch=-0.00 roll=0.00 normal_y=1.00 contacts=1[VillageTerrain] bounded=true
tick=2280 phase=following reason=path_ready wp=6 dist_wp=20.88 bearing_deg=72.01 speed=0.000 pos=(-71.683,0.001,-70.878) thr=0.00 steer=1.00 blocked=false attempts=0 stuck_s=0.00 pitch=-0.00 roll=0.00 normal_y=1.00 contacts=1[VillageTerrain] bounded=true
tick=2310 phase=following reason=path_ready wp=6 dist_wp=20.88 bearing_deg=54.01 speed=0.000 pos=(-71.683,0.001,-70.878) thr=0.00 steer=1.00 blocked=false attempts=0 stuck_s=0.00 pitch=-0.00 roll=0.00 normal_y=1.00 contacts=1[VillageTerrain] bounded=true
tick=2340 phase=following reason=path_ready wp=6 dist_wp=20.88 bearing_deg=36.01 speed=0.000 pos=(-71.683,0.001,-70.878) thr=0.00 steer=1.00 blocked=false attempts=0 stuck_s=0.00 pitch=-0.00 roll=0.00 normal_y=1.00 contacts=1[VillageTerrain] bounded=true
tick=2370 phase=following reason=path_ready wp=6 dist_wp=20.88 bearing_deg=18.84 speed=0.000 pos=(-71.683,0.001,-70.878) thr=0.00 steer=0.77 blocked=false attempts=0 stuck_s=0.00 pitch=-0.00 roll=0.00 normal_y=1.00 contacts=1[VillageTerrain] bounded=true
tick=2400 phase=following reason=path_ready wp=6 dist_wp=20.14 bearing_deg=9.51 speed=0.666 pos=(-71.844,0.013,-70.140) thr=1.00 steer=0.39 blocked=false attempts=0 stuck_s=0.13 pitch=0.23 roll=0.00 normal_y=1.00 contacts=3[VillageTerrain,VillageTerrain,VillageTerrain] bounded=true
tick=2430 phase=following reason=path_ready wp=6 dist_wp=17.74 bearing_deg=5.37 speed=1.370 pos=(-72.131,0.014,-67.741) thr=1.00 steer=0.22 blocked=false attempts=0 stuck_s=0.00 pitch=0.25 roll=0.00 normal_y=1.00 contacts=3[VillageTerrain,VillageTerrain,VillageTerrain] bounded=true
tick=2460 phase=following reason=path_ready wp=6 dist_wp=13.70 bearing_deg=3.52 speed=2.061 pos=(-72.359,0.014,-63.693) thr=0.97 steer=0.14 blocked=false attempts=0 stuck_s=0.02 pitch=0.25 roll=0.00 normal_y=1.00 contacts=3[VillageTerrain,VillageTerrain,VillageTerrain] bounded=true
tick=2490 phase=following reason=path_ready wp=6 dist_wp=8.40 bearing_deg=2.96 speed=2.432 pos=(-72.441,0.008,-58.385) thr=0.74 steer=0.12 blocked=false attempts=0 stuck_s=0.00 pitch=0.13 roll=0.00 normal_y=1.00 contacts=3[VillageTerrain,VillageTerrain,VillageTerrain] bounded=true
tick=2520 phase=following reason=path_ready wp=6 dist_wp=2.24 bearing_deg=5.77 speed=2.704 pos=(-72.317,0.007,-52.222) thr=0.30 steer=0.22 blocked=false attempts=0 stuck_s=0.00 pitch=0.11 roll=0.00 normal_y=1.00 contacts=3[VillageTerrain,VillageTerrain,VillageTerrain] bounded=true
tick=2550 phase=following reason=path_ready wp=6 dist_wp=2.13 bearing_deg=170.03 speed=1.091 pos=(-71.784,0.030,-47.880) thr=0.00 steer=1.00 blocked=false attempts=0 stuck_s=0.00 pitch=-0.53 roll=0.00 normal_y=1.00 contacts=3[VillageTerrain,VillageTerrain,VillageTerrain] bounded=true
tick=2580 phase=following reason=path_ready wp=6 dist_wp=2.96 bearing_deg=156.34 speed=0.000 pos=(-71.494,0.020,-47.086) thr=0.00 steer=1.00 blocked=false attempts=0 stuck_s=0.00 pitch=-0.37 roll=0.00 normal_y=1.00 contacts=1[VillageTerrain] bounded=true
tick=2610 phase=following reason=path_ready wp=6 dist_wp=2.96 bearing_deg=138.35 speed=0.000 pos=(-71.494,0.001,-47.086) thr=0.00 steer=1.00 blocked=false attempts=0 stuck_s=0.00 pitch=-0.02 roll=0.00 normal_y=1.00 contacts=1[VillageTerrain] bounded=true
tick=2640 phase=following reason=path_ready wp=6 dist_wp=2.96 bearing_deg=120.37 speed=0.000 pos=(-71.493,0.000,-47.086) thr=0.00 steer=1.00 blocked=false attempts=0 stuck_s=0.00 pitch=-0.00 roll=0.00 normal_y=1.00 contacts=1[VillageTerrain] bounded=true
tick=2670 phase=following reason=path_ready wp=6 dist_wp=2.96 bearing_deg=102.38 speed=0.000 pos=(-71.492,0.000,-47.086) thr=0.00 steer=1.00 blocked=false attempts=0 stuck_s=0.00 pitch=-0.00 roll=0.00 normal_y=1.00 contacts=1[VillageTerrain] bounded=true
tick=2700 phase=following reason=path_ready wp=6 dist_wp=2.96 bearing_deg=84.39 speed=0.000 pos=(-71.492,0.000,-47.086) thr=0.00 steer=1.00 blocked=false attempts=0 stuck_s=0.00 pitch=-0.00 roll=0.00 normal_y=1.00 contacts=1[VillageTerrain] bounded=true
tick=2730 phase=following reason=path_ready wp=6 dist_wp=2.96 bearing_deg=66.41 speed=0.000 pos=(-71.491,0.000,-47.086) thr=0.00 steer=1.00 blocked=false attempts=0 stuck_s=0.00 pitch=-0.00 roll=0.00 normal_y=1.00 contacts=1[VillageTerrain] bounded=true
tick=2760 phase=following reason=path_ready wp=6 dist_wp=2.96 bearing_deg=48.42 speed=0.000 pos=(-71.490,0.000,-47.086) thr=0.00 steer=1.00 blocked=false attempts=0 stuck_s=0.00 pitch=-0.00 roll=0.00 normal_y=1.00 contacts=1[VillageTerrain] bounded=true
tick=2790 phase=following reason=path_ready wp=6 dist_wp=2.96 bearing_deg=30.43 speed=0.000 pos=(-71.490,0.000,-47.086) thr=0.00 steer=1.00 blocked=false attempts=0 stuck_s=0.00 pitch=-0.00 roll=0.00 normal_y=1.00 contacts=1[VillageTerrain] bounded=true
tick=2820 phase=following reason=path_ready wp=6 dist_wp=2.94 bearing_deg=15.12 speed=0.050 pos=(-71.487,0.002,-47.101) thr=0.35 steer=0.62 blocked=false attempts=0 stuck_s=0.12 pitch=0.02 roll=0.00 normal_y=1.00 contacts=3[VillageTerrain,VillageTerrain,VillageTerrain] bounded=true
tick=2850 phase=following reason=path_ready wp=6 dist_wp=2.58 bearing_deg=8.38 speed=0.252 pos=(-71.489,0.005,-47.469) thr=0.31 steer=0.34 blocked=false attempts=0 stuck_s=0.00 pitch=0.07 roll=0.00 normal_y=1.00 contacts=3[VillageTerrain,VillageTerrain,VillageTerrain] bounded=true
tick=2880 phase=following reason=path_ready wp=6 dist_wp=1.80 bearing_deg=5.88 speed=0.397 pos=(-71.569,0.004,-48.249) thr=0.20 steer=0.24 blocked=false attempts=0 stuck_s=0.02 pitch=0.05 roll=0.00 normal_y=1.00 contacts=3[VillageTerrain,VillageTerrain,VillageTerrain] bounded=true
tick=2910 phase=following reason=path_ready wp=7 dist_wp=20.19 bearing_deg=-136.62 speed=0.000 pos=(-71.670,0.011,-48.878) thr=0.00 steer=-1.00 blocked=false attempts=0 stuck_s=0.00 pitch=-0.20 roll=0.00 normal_y=1.00 contacts=1[VillageTerrain] bounded=true
tick=2940 phase=following reason=path_ready wp=7 dist_wp=20.19 bearing_deg=-118.62 speed=0.000 pos=(-71.669,0.001,-48.878) thr=0.00 steer=-1.00 blocked=false attempts=0 stuck_s=0.00 pitch=-0.02 roll=0.00 normal_y=1.00 contacts=1[VillageTerrain] bounded=true
tick=2970 phase=following reason=path_ready wp=7 dist_wp=20.19 bearing_deg=-100.62 speed=0.000 pos=(-71.669,0.000,-48.878) thr=0.00 steer=-1.00 blocked=false attempts=0 stuck_s=0.00 pitch=-0.00 roll=0.00 normal_y=1.00 contacts=1[VillageTerrain] bounded=true
tick=3000 phase=following reason=path_ready wp=7 dist_wp=20.19 bearing_deg=-82.63 speed=0.000 pos=(-71.668,0.000,-48.878) thr=0.00 steer=-1.00 blocked=false attempts=0 stuck_s=0.00 pitch=-0.00 roll=0.00 normal_y=1.00 contacts=1[VillageTerrain] bounded=true
tick=3030 phase=following reason=path_ready wp=7 dist_wp=20.19 bearing_deg=-64.63 speed=0.000 pos=(-71.667,0.000,-48.878) thr=0.00 steer=-1.00 blocked=false attempts=0 stuck_s=0.00 pitch=-0.00 roll=0.00 normal_y=1.00 contacts=1[VillageTerrain] bounded=true
tick=3060 phase=following reason=path_ready wp=7 dist_wp=20.19 bearing_deg=-46.63 speed=0.000 pos=(-71.666,0.000,-48.878) thr=0.00 steer=-1.00 blocked=false attempts=0 stuck_s=0.00 pitch=-0.00 roll=0.00 normal_y=1.00 contacts=1[VillageTerrain] bounded=true
tick=3090 phase=following reason=path_ready wp=7 dist_wp=20.19 bearing_deg=-28.63 speed=0.000 pos=(-71.666,0.000,-48.878) thr=0.00 steer=-1.00 blocked=false attempts=0 stuck_s=0.00 pitch=-0.00 roll=0.00 normal_y=1.00 contacts=1[VillageTerrain] bounded=true
tick=3120 phase=following reason=path_ready wp=7 dist_wp=20.09 bearing_deg=-14.06 speed=0.238 pos=(-71.575,0.006,-48.830) thr=1.00 steer=-0.58 blocked=false attempts=0 stuck_s=0.17 pitch=0.10 roll=0.00 normal_y=1.00 contacts=3[VillageTerrain,VillageTerrain,VillageTerrain] bounded=true
tick=3150 phase=following reason=path_ready wp=7 dist_wp=18.69 bearing_deg=-7.42 speed=0.949 pos=(-70.401,0.014,-48.028) thr=1.00 steer=-0.30 blocked=false attempts=0 stuck_s=0.08 pitch=0.25 roll=0.00 normal_y=1.00 contacts=3[VillageTerrain,VillageTerrain,VillageTerrain] bounded=true
tick=3180 phase=following reason=path_ready wp=7 dist_wp=15.63 bearing_deg=-4.45 speed=1.649 pos=(-68.015,0.014,-46.087) thr=1.00 steer=-0.18 blocked=false attempts=0 stuck_s=0.02 pitch=0.25 roll=0.00 normal_y=1.00 contacts=3[VillageTerrain,VillageTerrain,VillageTerrain] bounded=true
tick=3210 phase=following reason=path_ready wp=7 dist_wp=10.97 bearing_deg=-3.24 speed=2.243 pos=(-64.552,0.013,-42.952) thr=0.86 steer=-0.13 blocked=false attempts=0 stuck_s=0.02 pitch=0.22 roll=0.00 normal_y=1.00 contacts=3[VillageTerrain,VillageTerrain,VillageTerrain] bounded=true
tick=3240 phase=following reason=path_ready wp=7 dist_wp=5.39 bearing_deg=-3.41 speed=2.571 pos=(-60.559,0.008,-39.053) thr=0.57 steer=-0.13 blocked=false attempts=0 stuck_s=0.02 pitch=0.14 roll=0.00 normal_y=1.00 contacts=3[VillageTerrain,VillageTerrain,VillageTerrain] bounded=true
tick=3270 phase=following reason=path_ready wp=7 dist_wp=0.40 bearing_deg=-152.69 speed=1.886 pos=(-56.638,0.018,-34.837) thr=0.00 steer=-1.00 blocked=false attempts=0 stuck_s=0.00 pitch=-0.31 roll=0.00 normal_y=1.00 contacts=3[VillageTerrain,VillageTerrain,VillageTerrain] bounded=true
tick=3300 phase=following reason=path_ready wp=7 dist_wp=2.82 bearing_deg=-164.91 speed=0.298 pos=(-55.330,0.031,-32.733) thr=0.00 steer=-1.00 blocked=false attempts=0 stuck_s=0.00 pitch=-0.56 roll=0.00 normal_y=1.00 contacts=3[VillageTerrain,VillageTerrain,VillageTerrain] bounded=true
tick=3330 phase=following reason=path_ready wp=7 dist_wp=2.87 bearing_deg=-147.25 speed=0.000 pos=(-55.311,0.006,-32.681) thr=0.00 steer=-1.00 blocked=false attempts=0 stuck_s=0.00 pitch=-0.09 roll=0.00 normal_y=1.00 contacts=1[VillageTerrain] bounded=true
tick=3360 phase=following reason=path_ready wp=7 dist_wp=2.87 bearing_deg=-129.25 speed=0.000 pos=(-55.311,0.001,-32.681) thr=0.00 steer=-1.00 blocked=false attempts=0 stuck_s=0.00 pitch=-0.00 roll=0.00 normal_y=1.00 contacts=1[VillageTerrain] bounded=true
tick=3390 phase=following reason=path_ready wp=7 dist_wp=2.87 bearing_deg=-111.25 speed=0.000 pos=(-55.311,0.001,-32.681) thr=0.00 steer=-1.00 blocked=false attempts=0 stuck_s=0.00 pitch=-0.00 roll=0.00 normal_y=1.00 contacts=1[VillageTerrain] bounded=true
tick=3420 phase=following reason=path_ready wp=7 dist_wp=2.87 bearing_deg=-93.25 speed=0.000 pos=(-55.311,0.001,-32.681) thr=0.00 steer=-1.00 blocked=false attempts=0 stuck_s=0.00 pitch=-0.00 roll=0.00 normal_y=1.00 contacts=1[VillageTerrain] bounded=true
tick=3450 phase=following reason=path_ready wp=7 dist_wp=2.87 bearing_deg=-75.25 speed=0.000 pos=(-55.311,0.001,-32.681) thr=0.00 steer=-1.00 blocked=false attempts=0 stuck_s=0.00 pitch=-0.00 roll=0.00 normal_y=1.00 contacts=1[VillageTerrain] bounded=true
tick=3480 phase=following reason=path_ready wp=7 dist_wp=2.87 bearing_deg=-57.25 speed=0.000 pos=(-55.311,0.001,-32.681) thr=0.00 steer=-1.00 blocked=false attempts=0 stuck_s=0.00 pitch=-0.00 roll=0.00 normal_y=1.00 contacts=1[VillageTerrain] bounded=true
tick=3510 phase=following reason=path_ready wp=7 dist_wp=2.87 bearing_deg=-39.25 speed=0.000 pos=(-55.311,0.001,-32.681) thr=0.00 steer=-1.00 blocked=false attempts=0 stuck_s=0.00 pitch=-0.00 roll=0.00 normal_y=1.00 contacts=1[VillageTerrain] bounded=true
tick=3540 phase=following reason=path_ready wp=7 dist_wp=2.87 bearing_deg=-21.48 speed=0.000 pos=(-55.311,0.001,-32.681) thr=0.00 steer=-0.88 blocked=false attempts=0 stuck_s=0.00 pitch=-0.00 roll=0.00 normal_y=1.00 contacts=1[VillageTerrain] bounded=true
tick=3570 phase=following reason=path_ready wp=7 dist_wp=2.74 bearing_deg=-10.88 speed=0.150 pos=(-55.412,0.004,-32.771) thr=0.33 steer=-0.44 blocked=false attempts=0 stuck_s=0.37 pitch=0.06 roll=0.00 normal_y=1.00 contacts=3[VillageTerrain,VillageTerrain,VillageTerrain] bounded=true
tick=3600 phase=following reason=path_ready wp=7 dist_wp=2.17 bearing_deg=-6.67 speed=0.323 pos=(-55.799,0.004,-33.192) thr=0.26 steer=-0.27 blocked=false attempts=0 stuck_s=0.25 pitch=0.06 roll=0.00 normal_y=1.00 contacts=3[VillageTerrain,VillageTerrain,VillageTerrain] bounded=true
tick=3630 phase=following reason=path_ready wp=7 dist_wp=1.29 bearing_deg=-5.46 speed=0.403 pos=(-56.342,0.002,-33.888) thr=0.06 steer=-0.22 blocked=false attempts=0 stuck_s=0.00 pitch=0.03 roll=0.00 normal_y=1.00 contacts=3[VillageTerrain,VillageTerrain,VillageTerrain] bounded=true
tick=3660 phase=following reason=path_ready wp=8 dist_wp=20.07 bearing_deg=-153.19 speed=0.000 pos=(-56.403,0.004,-33.976) thr=0.00 steer=-1.00 blocked=false attempts=0 stuck_s=0.00 pitch=-0.06 roll=0.00 normal_y=1.00 contacts=1[VillageTerrain] bounded=true
tick=3690 phase=following reason=path_ready wp=8 dist_wp=20.07 bearing_deg=-135.19 speed=0.000 pos=(-56.403,0.001,-33.976) thr=0.00 steer=-1.00 blocked=false attempts=0 stuck_s=0.00 pitch=-0.00 roll=0.00 normal_y=1.00 contacts=1[VillageTerrain] bounded=true
tick=3720 phase=following reason=path_ready wp=8 dist_wp=20.07 bearing_deg=-117.19 speed=0.000 pos=(-56.403,0.001,-33.976) thr=0.00 steer=-1.00 blocked=false attempts=0 stuck_s=0.00 pitch=-0.00 roll=0.00 normal_y=1.00 contacts=1[VillageTerrain] bounded=true
tick=3750 phase=following reason=path_ready wp=8 dist_wp=20.07 bearing_deg=-99.19 speed=0.000 pos=(-56.403,0.001,-33.976) thr=0.00 steer=-1.00 blocked=false attempts=0 stuck_s=0.00 pitch=-0.00 roll=0.00 normal_y=1.00 contacts=1[VillageTerrain] bounded=true
tick=3780 phase=following reason=path_ready wp=8 dist_wp=20.07 bearing_deg=-81.19 speed=0.000 pos=(-56.403,0.001,-33.976) thr=0.00 steer=-1.00 blocked=false attempts=0 stuck_s=0.00 pitch=-0.00 roll=0.00 normal_y=1.00 contacts=1[VillageTerrain] bounded=true
tick=3810 phase=following reason=path_ready wp=8 dist_wp=20.07 bearing_deg=-63.19 speed=0.000 pos=(-56.403,0.001,-33.976) thr=0.00 steer=-1.00 blocked=false attempts=0 stuck_s=0.00 pitch=-0.00 roll=0.00 normal_y=1.00 contacts=1[VillageTerrain] bounded=true
tick=3840 phase=following reason=path_ready wp=8 dist_wp=20.07 bearing_deg=-45.19 speed=0.000 pos=(-56.403,0.001,-33.976) thr=0.00 steer=-1.00 blocked=false attempts=0 stuck_s=0.00 pitch=-0.00 roll=0.00 normal_y=1.00 contacts=1[VillageTerrain] bounded=true
tick=3870 phase=following reason=path_ready wp=8 dist_wp=20.07 bearing_deg=-27.19 speed=0.000 pos=(-56.403,0.001,-33.976) thr=0.00 steer=-1.00 blocked=false attempts=0 stuck_s=0.00 pitch=-0.00 roll=0.00 normal_y=1.00 contacts=1[VillageTerrain] bounded=true
tick=3900 phase=following reason=path_ready wp=8 dist_wp=19.93 bearing_deg=-13.30 speed=0.286 pos=(-56.277,0.007,-33.904) thr=1.00 steer=-0.54 blocked=false attempts=0 stuck_s=0.20 pitch=0.12 roll=0.00 normal_y=1.00 contacts=3[VillageTerrain,VillageTerrain,VillageTerrain] bounded=true
tick=3930 phase=following reason=path_ready wp=8 dist_wp=18.42 bearing_deg=-7.08 speed=0.996 pos=(-55.030,0.014,-33.014) thr=1.00 steer=-0.29 blocked=false attempts=0 stuck_s=0.02 pitch=0.25 roll=0.00 normal_y=1.00 contacts=3[VillageTerrain,VillageTerrain,VillageTerrain] bounded=true
tick=3960 phase=following reason=path_ready wp=8 dist_wp=15.24 bearing_deg=-4.29 speed=1.695 pos=(-52.596,0.014,-30.960) thr=1.00 steer=-0.17 blocked=false attempts=0 stuck_s=0.00 pitch=0.25 roll=0.00 normal_y=1.00 contacts=3[VillageTerrain,VillageTerrain,VillageTerrain] bounded=true
tick=3990 phase=following reason=path_ready wp=8 dist_wp=10.50 bearing_deg=-3.19 speed=2.242 pos=(-49.120,0.011,-27.713) thr=0.84 steer=-0.13 blocked=false attempts=0 stuck_s=0.02 pitch=0.20 roll=0.00 normal_y=1.00 contacts=3[VillageTerrain,VillageTerrain,VillageTerrain] bounded=true
tick=4020 phase=following reason=path_ready wp=8 dist_wp=4.88 bearing_deg=-3.55 speed=2.587 pos=(-45.155,0.008,-23.723) thr=0.53 steer=-0.14 blocked=false attempts=0 stuck_s=0.02 pitch=0.14 roll=0.00 normal_y=1.00 contacts=3[VillageTerrain,VillageTerrain,VillageTerrain] bounded=true
tick=4050 phase=following reason=path_ready wp=8 dist_wp=0.63 bearing_deg=-162.79 speed=1.659 pos=(-41.489,0.022,-19.625) thr=0.00 steer=-1.00 blocked=false attempts=0 stuck_s=0.00 pitch=-0.39 roll=0.00 normal_y=1.00 contacts=3[VillageTerrain,VillageTerrain,VillageTerrain] bounded=true
tick=4080 phase=following reason=path_ready wp=8 dist_wp=2.40 bearing_deg=-162.33 speed=0.000 pos=(-40.567,0.033,-18.081) thr=0.00 steer=-1.00 blocked=false attempts=0 stuck_s=0.00 pitch=-0.61 roll=0.00 normal_y=1.00 contacts=1[VillageTerrain] bounded=true
tick=4110 phase=following reason=path_ready wp=8 dist_wp=2.40 bearing_deg=-144.33 speed=0.000 pos=(-40.567,0.004,-18.081) thr=0.00 steer=-1.00 blocked=false attempts=0 stuck_s=0.00 pitch=-0.05 roll=0.00 normal_y=1.00 contacts=1[VillageTerrain] bounded=true
tick=4140 phase=following reason=path_ready wp=8 dist_wp=2.40 bearing_deg=-126.33 speed=0.000 pos=(-40.567,0.001,-18.081) thr=0.00 steer=-1.00 blocked=false attempts=0 stuck_s=0.00 pitch=-0.00 roll=0.00 normal_y=1.00 contacts=1[VillageTerrain] bounded=true
tick=4170 phase=following reason=path_ready wp=8 dist_wp=2.40 bearing_deg=-108.33 speed=0.000 pos=(-40.567,0.000,-18.081) thr=0.00 steer=-1.00 blocked=false attempts=0 stuck_s=0.00 pitch=-0.00 roll=0.00 normal_y=1.00 contacts=1[VillageTerrain] bounded=true
tick=4200 phase=following reason=path_ready wp=8 dist_wp=2.40 bearing_deg=-90.33 speed=0.000 pos=(-40.567,0.000,-18.081) thr=0.00 steer=-1.00 blocked=false attempts=0 stuck_s=0.00 pitch=-0.00 roll=0.00 normal_y=1.00 contacts=1[VillageTerrain] bounded=true
tick=4230 phase=following reason=path_ready wp=8 dist_wp=2.40 bearing_deg=-72.33 speed=0.000 pos=(-40.567,0.000,-18.081) thr=0.00 steer=-1.00 blocked=false attempts=0 stuck_s=0.00 pitch=-0.00 roll=0.00 normal_y=1.00 contacts=1[VillageTerrain] bounded=true
tick=4260 phase=following reason=path_ready wp=8 dist_wp=2.40 bearing_deg=-54.33 speed=0.000 pos=(-40.567,0.000,-18.081) thr=0.00 steer=-1.00 blocked=false attempts=0 stuck_s=0.00 pitch=-0.00 roll=0.00 normal_y=1.00 contacts=1[VillageTerrain] bounded=true
tick=4290 phase=following reason=path_ready wp=8 dist_wp=2.40 bearing_deg=-36.33 speed=0.000 pos=(-40.567,0.000,-18.081) thr=0.00 steer=-1.00 blocked=false attempts=0 stuck_s=0.00 pitch=-0.00 roll=0.00 normal_y=1.00 contacts=1[VillageTerrain] bounded=true
tick=4320 phase=following reason=path_ready wp=8 dist_wp=2.40 bearing_deg=-19.08 speed=0.000 pos=(-40.567,0.000,-18.081) thr=0.00 steer=-0.78 blocked=false attempts=0 stuck_s=0.00 pitch=-0.00 roll=0.00 normal_y=1.00 contacts=1[VillageTerrain] bounded=true
tick=4350 phase=following reason=path_ready wp=8 dist_wp=2.40 bearing_deg=-9.21 speed=0.000 pos=(-40.567,0.000,-18.081) thr=0.29 steer=-0.38 blocked=false attempts=0 stuck_s=0.45 pitch=-0.00 roll=0.00 normal_y=1.00 contacts=1[VillageTerrain] bounded=true
tick=4380 phase=following reason=path_ready wp=8 dist_wp=2.40 bearing_deg=-4.44 speed=0.000 pos=(-40.567,0.000,-18.081) thr=0.29 steer=-0.18 blocked=false attempts=0 stuck_s=0.95 pitch=-0.00 roll=0.00 normal_y=1.00 contacts=1[VillageTerrain] bounded=true
tick=4410 phase=following reason=path_ready wp=8 dist_wp=2.40 bearing_deg=-2.14 speed=0.000 pos=(-40.567,0.000,-18.081) thr=0.29 steer=-0.09 blocked=false attempts=0 stuck_s=1.45 pitch=-0.00 roll=0.00 normal_y=1.00 contacts=1[VillageTerrain] bounded=true
tick=4440 phase=following reason=path_ready wp=8 dist_wp=2.40 bearing_deg=-1.03 speed=0.000 pos=(-40.567,0.000,-18.081) thr=0.29 steer=-0.04 blocked=false attempts=0 stuck_s=1.95 pitch=-0.00 roll=0.00 normal_y=1.00 contacts=1[VillageTerrain] bounded=true
tick=4470 phase=reverse reason=insufficient_actual_progress wp=8 dist_wp=2.52 bearing_deg=-0.89 speed=-0.112 pos=(-40.490,0.003,-17.982) thr=-0.75 steer=0.00 blocked=false attempts=1 stuck_s=0.00 pitch=-0.04 roll=0.00 normal_y=1.00 contacts=3[VillageTerrain,VillageTerrain,VillageTerrain] bounded=true
tick=4500 phase=reverse reason=insufficient_actual_progress wp=8 dist_wp=2.91 bearing_deg=-0.76 speed=-0.215 pos=(-40.253,0.003,-17.676) thr=-0.75 steer=0.00 blocked=false attempts=1 stuck_s=0.00 pitch=-0.04 roll=0.00 normal_y=1.00 contacts=3[VillageTerrain,VillageTerrain,VillageTerrain] bounded=true
tick=4530 phase=turn_recovery reason=reverse_complete wp=8 dist_wp=3.25 bearing_deg=-9.03 speed=0.000 pos=(-40.043,0.006,-17.406) thr=0.00 steer=1.00 blocked=false attempts=1 stuck_s=0.00 pitch=0.11 roll=0.00 normal_y=1.00 contacts=1[VillageTerrain] bounded=true
tick=4560 phase=following reason=path_ready wp=0 dist_wp=3.25 bearing_deg=-24.63 speed=0.000 pos=(-40.043,0.001,-17.406) thr=0.00 steer=-1.00 blocked=false attempts=1 stuck_s=0.00 pitch=0.01 roll=0.00 normal_y=1.00 contacts=1[VillageTerrain] bounded=true
tick=4590 phase=following reason=path_ready wp=0 dist_wp=3.25 bearing_deg=-11.90 speed=0.013 pos=(-40.046,0.001,-17.408) thr=0.38 steer=-0.49 blocked=false attempts=1 stuck_s=0.28 pitch=0.01 roll=0.00 normal_y=1.00 contacts=3[VillageTerrain,VillageTerrain,VillageTerrain] bounded=true
tick=4620 phase=following reason=path_ready wp=0 dist_wp=3.19 bearing_deg=-5.84 speed=0.034 pos=(-40.086,0.001,-17.449) thr=0.38 steer=-0.24 blocked=false attempts=1 stuck_s=0.78 pitch=0.01 roll=0.00 normal_y=1.00 contacts=3[VillageTerrain,VillageTerrain,VillageTerrain] bounded=true
tick=4650 phase=following reason=path_ready wp=0 dist_wp=3.09 bearing_deg=-2.91 speed=0.049 pos=(-40.151,0.001,-17.524) thr=0.37 steer=-0.12 blocked=false attempts=1 stuck_s=1.28 pitch=0.01 roll=0.00 normal_y=1.00 contacts=3[VillageTerrain,VillageTerrain,VillageTerrain] bounded=true
tick=4680 phase=following reason=path_ready wp=0 dist_wp=2.97 bearing_deg=-1.46 speed=0.055 pos=(-40.228,0.001,-17.621) thr=0.36 steer=-0.06 blocked=false attempts=1 stuck_s=1.78 pitch=0.00 roll=0.00 normal_y=1.00 contacts=3[VillageTerrain,VillageTerrain,VillageTerrain] bounded=true
tick=4710 phase=reverse reason=insufficient_actual_progress wp=0 dist_wp=2.94 bearing_deg=-1.05 speed=-0.051 pos=(-40.246,0.003,-17.644) thr=-0.75 steer=0.00 blocked=false attempts=2 stuck_s=0.00 pitch=-0.04 roll=0.00 normal_y=1.00 contacts=3[VillageTerrain,VillageTerrain,VillageTerrain] bounded=true
tick=4740 phase=reverse reason=insufficient_actual_progress wp=0 dist_wp=3.18 bearing_deg=-0.96 speed=-0.154 pos=(-40.096,0.003,-17.451) thr=-0.75 steer=0.00 blocked=false attempts=2 stuck_s=0.00 pitch=-0.04 roll=0.00 normal_y=1.00 contacts=3[VillageTerrain,VillageTerrain,VillageTerrain] bounded=true
tick=4770 phase=turn_recovery reason=reverse_complete wp=0 dist_wp=3.62 bearing_deg=1.52 speed=-0.006 pos=(-39.829,0.001,-17.106) thr=0.00 steer=-1.00 blocked=false attempts=2 stuck_s=0.00 pitch=0.03 roll=0.00 normal_y=1.00 contacts=1[VillageTerrain] bounded=true
tick=4800 phase=turn_recovery reason=reverse_complete wp=0 dist_wp=3.62 bearing_deg=19.52 speed=0.000 pos=(-39.829,0.002,-17.106) thr=0.00 steer=-1.00 blocked=false attempts=2 stuck_s=0.00 pitch=0.02 roll=0.00 normal_y=1.00 contacts=1[VillageTerrain] bounded=true
tick=4830 phase=following reason=path_ready wp=0 dist_wp=3.61 bearing_deg=14.26 speed=0.015 pos=(-39.831,0.001,-17.109) thr=0.42 steer=0.58 blocked=false attempts=2 stuck_s=0.15 pitch=0.01 roll=0.00 normal_y=1.00 contacts=3[VillageTerrain,VillageTerrain,VillageTerrain] bounded=true
tick=4860 phase=following reason=path_ready wp=0 dist_wp=3.52 bearing_deg=7.07 speed=0.062 pos=(-39.874,0.002,-17.192) thr=0.41 steer=0.29 blocked=false attempts=2 stuck_s=0.65 pitch=0.02 roll=0.00 normal_y=1.00 contacts=3[VillageTerrain,VillageTerrain,VillageTerrain] bounded=true
tick=4890 phase=following reason=path_ready wp=0 dist_wp=3.33 bearing_deg=3.62 speed=0.099 pos=(-39.976,0.002,-17.354) thr=0.39 steer=0.15 blocked=false attempts=2 stuck_s=1.15 pitch=0.01 roll=0.00 normal_y=1.00 contacts=3[VillageTerrain,VillageTerrain,VillageTerrain] bounded=true
tick=4920 phase=following reason=path_ready wp=0 dist_wp=3.07 bearing_deg=1.90 speed=0.118 pos=(-40.125,0.001,-17.567) thr=0.37 steer=0.08 blocked=false attempts=2 stuck_s=0.35 pitch=0.01 roll=0.00 normal_y=1.00 contacts=3[VillageTerrain,VillageTerrain,VillageTerrain] bounded=true
tick=4950 phase=following reason=path_ready wp=0 dist_wp=2.79 bearing_deg=1.02 speed=0.117 pos=(-40.291,0.001,-17.793) thr=0.34 steer=0.04 blocked=false attempts=2 stuck_s=0.20 pitch=-0.00 roll=0.00 normal_y=1.00 contacts=3[VillageTerrain,VillageTerrain,VillageTerrain] bounded=true
tick=4980 phase=following reason=path_ready wp=0 dist_wp=2.54 bearing_deg=0.80 speed=0.091 pos=(-40.439,0.001,-17.991) thr=0.31 steer=0.00 blocked=false attempts=2 stuck_s=0.02 pitch=-0.01 roll=0.00 normal_y=1.00 contacts=3[VillageTerrain,VillageTerrain,VillageTerrain] bounded=true
tick=5010 phase=following reason=path_ready wp=0 dist_wp=2.37 bearing_deg=0.79 speed=0.068 pos=(-40.546,0.001,-18.133) thr=0.29 steer=0.00 blocked=false attempts=2 stuck_s=0.52 pitch=-0.01 roll=0.00 normal_y=1.00 contacts=3[VillageTerrain,VillageTerrain,VillageTerrain] bounded=true
tick=5040 phase=following reason=path_ready wp=0 dist_wp=2.23 bearing_deg=0.79 speed=0.050 pos=(-40.630,0.001,-18.245) thr=0.27 steer=0.00 blocked=false attempts=2 stuck_s=1.02 pitch=-0.01 roll=0.00 normal_y=1.00 contacts=3[VillageTerrain,VillageTerrain,VillageTerrain] bounded=true
tick=5070 phase=following reason=path_ready wp=0 dist_wp=2.14 bearing_deg=0.78 speed=0.019 pos=(-40.680,0.002,-18.310) thr=0.25 steer=0.00 blocked=false attempts=2 stuck_s=0.40 pitch=-0.01 roll=0.00 normal_y=1.00 contacts=3[VillageTerrain,VillageTerrain,VillageTerrain] bounded=true
tick=5100 phase=following reason=path_ready wp=0 dist_wp=2.14 bearing_deg=0.79 speed=0.000 pos=(-40.685,0.000,-18.317) thr=0.25 steer=0.00 blocked=false attempts=2 stuck_s=0.90 pitch=-0.01 roll=0.00 normal_y=1.00 contacts=1[VillageTerrain] bounded=true
tick=5130 phase=following reason=path_ready wp=0 dist_wp=2.14 bearing_deg=0.79 speed=0.000 pos=(-40.685,0.000,-18.317) thr=0.25 steer=0.00 blocked=false attempts=2 stuck_s=1.40 pitch=-0.00 roll=0.00 normal_y=1.00 contacts=1[VillageTerrain] bounded=true
tick=5160 phase=following reason=path_ready wp=0 dist_wp=2.14 bearing_deg=0.79 speed=0.000 pos=(-40.685,0.000,-18.317) thr=0.25 steer=0.00 blocked=false attempts=2 stuck_s=1.90 pitch=-0.00 roll=0.00 normal_y=1.00 contacts=1[VillageTerrain] bounded=true
tick=5190 phase=reverse reason=insufficient_actual_progress wp=0 dist_wp=2.24 bearing_deg=0.76 speed=-0.112 pos=(-40.622,0.003,-18.235) thr=-0.75 steer=0.00 blocked=false attempts=3 stuck_s=0.00 pitch=-0.04 roll=0.00 normal_y=1.00 contacts=3[VillageTerrain,VillageTerrain,VillageTerrain] bounded=true
tick=5220 phase=reverse reason=insufficient_actual_progress wp=0 dist_wp=2.67 bearing_deg=0.64 speed=-0.240 pos=(-40.362,0.003,-17.893) thr=-0.75 steer=0.00 blocked=false attempts=3 stuck_s=0.00 pitch=-0.04 roll=0.00 normal_y=1.00 contacts=3[VillageTerrain,VillageTerrain,VillageTerrain] bounded=true
tick=5250 phase=turn_recovery reason=reverse_complete wp=0 dist_wp=3.12 bearing_deg=-5.98 speed=0.000 pos=(-40.085,0.007,-17.531) thr=0.00 steer=1.00 blocked=false attempts=3 stuck_s=0.00 pitch=0.14 roll=0.00 normal_y=1.00 contacts=1[VillageTerrain] bounded=true
tick=5280 phase=turn_recovery reason=reverse_complete wp=0 dist_wp=3.12 bearing_deg=-23.98 speed=0.000 pos=(-40.085,0.001,-17.531) thr=0.00 steer=1.00 blocked=false attempts=3 stuck_s=0.00 pitch=0.01 roll=0.00 normal_y=1.00 contacts=1[VillageTerrain] bounded=true
tick=5310 phase=following reason=path_ready wp=0 dist_wp=3.12 bearing_deg=-12.15 speed=0.007 pos=(-40.085,0.001,-17.531) thr=0.37 steer=-0.50 blocked=false attempts=3 stuck_s=0.27 pitch=0.00 roll=0.00 normal_y=1.00 contacts=1[VillageTerrain] bounded=true
tick=5340 phase=following reason=path_ready wp=0 dist_wp=3.10 bearing_deg=-5.92 speed=0.020 pos=(-40.106,0.001,-17.551) thr=0.37 steer=-0.24 blocked=false attempts=3 stuck_s=0.77 pitch=0.00 roll=0.00 normal_y=1.00 contacts=3[VillageTerrain,VillageTerrain,VillageTerrain] bounded=true
tick=5370 phase=following reason=path_ready wp=0 dist_wp=3.04 bearing_deg=-2.91 speed=0.029 pos=(-40.144,0.001,-17.595) thr=0.36 steer=-0.12 blocked=false attempts=3 stuck_s=1.27 pitch=0.00 roll=0.00 normal_y=1.00 contacts=3[VillageTerrain,VillageTerrain,VillageTerrain] bounded=true
tick=5400 phase=following reason=path_ready wp=0 dist_wp=2.96 bearing_deg=-1.44 speed=0.032 pos=(-40.191,0.001,-17.652) thr=0.36 steer=-0.06 blocked=false attempts=3 stuck_s=1.77 pitch=0.00 roll=0.00 normal_y=1.00 contacts=3[VillageTerrain,VillageTerrain,VillageTerrain] bounded=true
