tick=0 phase=following reason=path_ready wp=1 dist_wp=13.42 bearing_deg=-26.57 speed=0.000 pos=(-27.000,0.005,-116.000) bounded=true
tick=30 phase=following reason=path_ready wp=1 dist_wp=13.32 bearing_deg=-13.28 speed=0.185 pos=(-27.021,0.005,-115.902) bounded=true
tick=60 phase=following reason=path_ready wp=1 dist_wp=12.28 bearing_deg=-7.03 speed=0.633 pos=(-27.345,0.009,-114.905) bounded=true
tick=90 phase=following reason=path_ready wp=1 dist_wp=10.19 bearing_deg=-4.19 speed=1.026 pos=(-28.156,0.008,-112.963) bounded=true
tick=120 phase=following reason=path_ready wp=1 dist_wp=7.22 bearing_deg=-2.96 speed=1.324 pos=(-29.439,0.007,-110.281) bounded=true
tick=150 phase=following reason=path_ready wp=1 dist_wp=3.68 bearing_deg=-2.92 speed=1.475 pos=(-31.081,0.004,-107.140) bounded=true
tick=180 phase=following reason=path_ready wp=1 dist_wp=0.48 bearing_deg=-11.27 speed=0.682 pos=(-32.671,0.019,-104.351) bounded=true
tick=210 phase=following reason=path_ready wp=2 dist_wp=20.53 bearing_deg=-58.43 speed=0.000 pos=(-32.835,0.010,-104.101) bounded=true
tick=240 phase=following reason=path_ready wp=2 dist_wp=20.53 bearing_deg=-40.43 speed=0.000 pos=(-32.835,0.001,-104.101) bounded=true
tick=270 phase=following reason=path_ready wp=2 dist_wp=20.53 bearing_deg=-22.53 speed=0.000 pos=(-32.835,0.000,-104.101) bounded=true
tick=300 phase=following reason=path_ready wp=2 dist_wp=20.25 bearing_deg=-11.06 speed=0.333 pos=(-33.126,0.008,-104.121) bounded=true
tick=330 phase=following reason=path_ready wp=2 dist_wp=18.79 bearing_deg=-5.85 speed=0.829 pos=(-34.580,0.010,-104.365) bounded=true
tick=360 phase=following reason=path_ready wp=2 dist_wp=16.08 bearing_deg=-3.40 speed=1.320 pos=(-37.214,0.010,-104.996) bounded=true
tick=390 phase=following reason=path_ready wp=2 dist_wp=12.17 bearing_deg=-2.27 speed=1.785 pos=(-40.984,0.010,-106.064) bounded=true
tick=420 phase=following reason=path_ready wp=2 dist_wp=7.25 bearing_deg=-1.94 speed=2.111 pos=(-45.682,0.007,-107.531) bounded=true
tick=450 phase=following reason=path_ready wp=2 dist_wp=1.81 bearing_deg=-3.99 speed=2.137 pos=(-50.843,0.002,-109.279) bounded=true
tick=480 phase=following reason=path_ready wp=2 dist_wp=1.21 bearing_deg=-169.64 speed=0.343 pos=(-53.621,0.033,-110.456) bounded=true
tick=510 phase=following reason=path_ready wp=3 dist_wp=17.73 bearing_deg=8.37 speed=0.838 pos=(-54.951,0.006,-111.143) bounded=true
tick=540 phase=following reason=path_ready wp=3 dist_wp=15.01 bearing_deg=4.92 speed=1.327 pos=(-57.488,0.010,-112.147) bounded=true
tick=570 phase=following reason=path_ready wp=3 dist_wp=11.11 bearing_deg=3.36 speed=1.767 pos=(-61.203,0.009,-113.371) bounded=true
tick=600 phase=following reason=path_ready wp=3 dist_wp=6.29 bearing_deg=3.04 speed=2.068 pos=(-65.850,0.007,-114.699) bounded=true
tick=630 phase=following reason=path_ready wp=3 dist_wp=1.02 bearing_deg=9.73 speed=1.857 pos=(-70.984,0.005,-115.958) bounded=true
tick=660 phase=following reason=path_ready wp=4 dist_wp=22.30 bearing_deg=89.80 speed=0.208 pos=(-73.443,0.031,-116.251) bounded=true
tick=690 phase=following reason=path_ready wp=4 dist_wp=22.30 bearing_deg=71.88 speed=0.000 pos=(-73.469,0.005,-116.249) bounded=true
tick=720 phase=following reason=path_ready wp=4 dist_wp=22.30 bearing_deg=53.88 speed=0.000 pos=(-73.469,0.000,-116.249) bounded=true
tick=750 phase=following reason=path_ready wp=4 dist_wp=22.30 bearing_deg=35.88 speed=0.000 pos=(-73.469,0.000,-116.249) bounded=true
tick=780 phase=following reason=path_ready wp=4 dist_wp=22.30 bearing_deg=18.74 speed=0.000 pos=(-73.469,0.000,-116.249) bounded=true
tick=810 phase=following reason=path_ready wp=4 dist_wp=21.60 bearing_deg=9.41 speed=0.597 pos=(-73.563,0.012,-115.543) bounded=true
tick=840 phase=following reason=path_ready wp=4 dist_wp=19.26 bearing_deg=5.23 speed=1.268 pos=(-73.652,0.014,-113.191) bounded=true
tick=870 phase=following reason=path_ready wp=4 dist_wp=15.20 bearing_deg=3.35 speed=1.963 pos=(-73.555,0.014,-109.122) bounded=true
tick=900 phase=following reason=path_ready wp=4 dist_wp=9.68 bearing_deg=2.71 speed=2.374 pos=(-73.209,0.008,-103.600) bounded=true
tick=930 phase=following reason=path_ready wp=4 dist_wp=3.18 bearing_deg=4.28 speed=2.762 pos=(-72.592,0.008,-97.128) bounded=true
tick=960 phase=following reason=path_ready wp=4 dist_wp=2.06 bearing_deg=171.04 speed=1.324 pos=(-71.673,0.028,-91.967) bounded=true
tick=990 phase=following reason=path_ready wp=4 dist_wp=3.37 bearing_deg=158.94 speed=0.000 pos=(-71.149,0.027,-90.742) bounded=true
tick=1020 phase=following reason=path_ready wp=4 dist_wp=3.37 bearing_deg=140.94 speed=0.000 pos=(-71.149,0.002,-90.742) bounded=true
tick=1050 phase=following reason=path_ready wp=4 dist_wp=3.37 bearing_deg=122.94 speed=0.000 pos=(-71.149,0.001,-90.742) bounded=true
tick=1080 phase=following reason=path_ready wp=4 dist_wp=3.37 bearing_deg=104.94 speed=0.000 pos=(-71.149,0.001,-90.742) bounded=true
tick=1110 phase=following reason=path_ready wp=4 dist_wp=3.37 bearing_deg=86.94 speed=0.000 pos=(-71.149,0.001,-90.742) bounded=true
tick=1140 phase=following reason=path_ready wp=4 dist_wp=3.37 bearing_deg=68.94 speed=0.000 pos=(-71.149,0.001,-90.742) bounded=true
tick=1170 phase=following reason=path_ready wp=4 dist_wp=3.37 bearing_deg=50.94 speed=0.000 pos=(-71.149,0.001,-90.742) bounded=true
tick=1200 phase=following reason=path_ready wp=4 dist_wp=3.37 bearing_deg=32.94 speed=0.000 pos=(-71.149,0.001,-90.742) bounded=true
tick=1230 phase=following reason=path_ready wp=4 dist_wp=3.36 bearing_deg=16.66 speed=0.025 pos=(-71.149,0.001,-90.746) bounded=true
tick=1260 phase=following reason=path_ready wp=4 dist_wp=3.00 bearing_deg=9.07 speed=0.261 pos=(-71.176,0.005,-91.118) bounded=true
tick=1290 phase=following reason=path_ready wp=4 dist_wp=2.10 bearing_deg=6.34 speed=0.443 pos=(-71.333,0.004,-92.010) bounded=true
tick=1320 phase=following reason=path_ready wp=5 dist_wp=20.95 bearing_deg=159.10 speed=0.000 pos=(-71.570,0.010,-92.951) bounded=true
tick=1350 phase=following reason=path_ready wp=5 dist_wp=20.95 bearing_deg=141.10 speed=0.000 pos=(-71.570,0.003,-92.951) bounded=true
tick=1380 phase=following reason=path_ready wp=5 dist_wp=20.95 bearing_deg=123.10 speed=0.000 pos=(-71.570,0.000,-92.951) bounded=true
tick=1410 phase=following reason=path_ready wp=5 dist_wp=20.95 bearing_deg=105.10 speed=0.000 pos=(-71.570,0.000,-92.951) bounded=true
tick=1440 phase=following reason=path_ready wp=5 dist_wp=20.95 bearing_deg=87.10 speed=0.000 pos=(-71.570,0.000,-92.951) bounded=true
tick=1470 phase=following reason=path_ready wp=5 dist_wp=20.95 bearing_deg=69.10 speed=0.000 pos=(-71.570,0.000,-92.951) bounded=true
tick=1500 phase=following reason=path_ready wp=5 dist_wp=20.95 bearing_deg=51.10 speed=0.000 pos=(-71.570,0.000,-92.951) bounded=true
tick=1530 phase=following reason=path_ready wp=5 dist_wp=20.95 bearing_deg=33.10 speed=0.000 pos=(-71.570,0.000,-92.951) bounded=true
tick=1560 phase=following reason=path_ready wp=5 dist_wp=20.95 bearing_deg=16.75 speed=0.048 pos=(-71.572,0.001,-92.945) bounded=true
tick=1590 phase=following reason=path_ready wp=5 dist_wp=19.93 bearing_deg=8.60 speed=0.760 pos=(-71.783,0.013,-91.927) bounded=true
tick=1620 phase=following reason=path_ready wp=5 dist_wp=17.13 bearing_deg=4.98 speed=1.464 pos=(-72.096,0.014,-89.134) bounded=true
tick=1650 phase=following reason=path_ready wp=5 dist_wp=12.60 bearing_deg=3.45 speed=2.144 pos=(-72.339,0.014,-84.591) bounded=true
tick=1680 phase=following reason=path_ready wp=5 dist_wp=6.85 bearing_deg=3.26 speed=2.474 pos=(-72.416,0.008,-78.838) bounded=true
tick=1710 phase=following reason=path_ready wp=5 dist_wp=0.54 bearing_deg=21.90 speed=2.196 pos=(-72.237,0.008,-72.490) bounded=true
tick=1740 phase=following reason=path_ready wp=5 dist_wp=2.87 bearing_deg=167.22 speed=0.593 pos=(-71.595,0.031,-69.161) bounded=true
tick=1770 phase=following reason=path_ready wp=5 dist_wp=3.12 bearing_deg=150.55 speed=0.000 pos=(-71.493,0.009,-68.926) bounded=true
tick=1800 phase=following reason=path_ready wp=5 dist_wp=3.12 bearing_deg=132.55 speed=0.000 pos=(-71.493,0.001,-68.926) bounded=true
tick=1830 phase=following reason=path_ready wp=5 dist_wp=3.12 bearing_deg=114.55 speed=0.000 pos=(-71.493,0.001,-68.926) bounded=true
tick=1860 phase=following reason=path_ready wp=5 dist_wp=3.12 bearing_deg=96.55 speed=0.000 pos=(-71.493,0.001,-68.926) bounded=true
tick=1890 phase=following reason=path_ready wp=5 dist_wp=3.12 bearing_deg=78.55 speed=0.000 pos=(-71.493,0.001,-68.926) bounded=true
tick=1920 phase=following reason=path_ready wp=5 dist_wp=3.12 bearing_deg=60.55 speed=0.000 pos=(-71.493,0.001,-68.926) bounded=true
tick=1950 phase=following reason=path_ready wp=5 dist_wp=3.12 bearing_deg=42.55 speed=0.000 pos=(-71.493,0.001,-68.926) bounded=true
tick=1980 phase=following reason=path_ready wp=5 dist_wp=3.12 bearing_deg=24.55 speed=0.000 pos=(-71.493,0.001,-68.926) bounded=true
tick=2010 phase=following reason=path_ready wp=5 dist_wp=3.02 bearing_deg=12.23 speed=0.128 pos=(-71.486,0.004,-69.021) bounded=true
tick=2040 phase=following reason=path_ready wp=5 dist_wp=2.44 bearing_deg=7.37 speed=0.327 pos=(-71.504,0.005,-69.608) bounded=true
tick=2070 phase=following reason=path_ready wp=5 dist_wp=1.46 bearing_deg=6.06 speed=0.441 pos=(-71.623,0.003,-70.594) bounded=true
tick=2100 phase=following reason=path_ready wp=6 dist_wp=20.90 bearing_deg=155.39 speed=0.000 pos=(-71.676,0.006,-70.895) bounded=true
tick=2130 phase=following reason=path_ready wp=6 dist_wp=20.90 bearing_deg=137.39 speed=0.000 pos=(-71.676,0.001,-70.895) bounded=true
tick=2160 phase=following reason=path_ready wp=6 dist_wp=20.90 bearing_deg=119.39 speed=0.000 pos=(-71.676,0.000,-70.895) bounded=true
tick=2190 phase=following reason=path_ready wp=6 dist_wp=20.90 bearing_deg=101.39 speed=0.000 pos=(-71.676,0.000,-70.895) bounded=true
tick=2220 phase=following reason=path_ready wp=6 dist_wp=20.90 bearing_deg=83.39 speed=0.000 pos=(-71.676,0.000,-70.895) bounded=true
tick=2250 phase=following reason=path_ready wp=6 dist_wp=20.90 bearing_deg=65.39 speed=0.000 pos=(-71.676,0.000,-70.895) bounded=true
tick=2280 phase=following reason=path_ready wp=6 dist_wp=20.90 bearing_deg=47.39 speed=0.000 pos=(-71.676,0.000,-70.895) bounded=true
tick=2310 phase=following reason=path_ready wp=6 dist_wp=20.90 bearing_deg=29.39 speed=0.000 pos=(-71.676,0.000,-70.895) bounded=true
tick=2340 phase=following reason=path_ready wp=6 dist_wp=20.81 bearing_deg=14.48 speed=0.214 pos=(-71.700,0.006,-70.809) bounded=true
tick=2370 phase=following reason=path_ready wp=6 dist_wp=19.38 bearing_deg=7.63 speed=0.925 pos=(-71.959,0.014,-69.377) bounded=true
tick=2400 phase=following reason=path_ready wp=6 dist_wp=16.17 bearing_deg=4.58 speed=1.626 pos=(-72.255,0.014,-66.171) bounded=true
tick=2430 phase=following reason=path_ready wp=6 dist_wp=11.25 bearing_deg=3.36 speed=2.246 pos=(-72.444,0.013,-61.242) bounded=true
tick=2460 phase=following reason=path_ready wp=6 dist_wp=5.33 bearing_deg=3.66 speed=2.559 pos=(-72.439,0.008,-55.314) bounded=true
tick=2490 phase=following reason=path_ready wp=6 dist_wp=0.70 bearing_deg=162.68 speed=1.808 pos=(-72.110,0.019,-49.306) bounded=true
tick=2520 phase=following reason=path_ready wp=6 dist_wp=3.11 bearing_deg=164.01 speed=0.223 pos=(-71.483,0.032,-46.937) bounded=true
tick=2550 phase=following reason=path_ready wp=6 dist_wp=3.14 bearing_deg=146.21 speed=0.000 pos=(-71.469,0.005,-46.909) bounded=true
tick=2580 phase=following reason=path_ready wp=6 dist_wp=3.14 bearing_deg=128.22 speed=0.000 pos=(-71.468,0.000,-46.909) bounded=true
tick=2610 phase=following reason=path_ready wp=6 dist_wp=3.14 bearing_deg=110.23 speed=0.000 pos=(-71.467,0.000,-46.909) bounded=true
tick=2640 phase=following reason=path_ready wp=6 dist_wp=3.14 bearing_deg=92.24 speed=0.000 pos=(-71.467,0.000,-46.909) bounded=true
tick=2670 phase=following reason=path_ready wp=6 dist_wp=3.14 bearing_deg=74.26 speed=0.000 pos=(-71.466,0.000,-46.909) bounded=true
tick=2700 phase=following reason=path_ready wp=6 dist_wp=3.14 bearing_deg=56.27 speed=0.000 pos=(-71.465,0.000,-46.909) bounded=true
tick=2730 phase=following reason=path_ready wp=6 dist_wp=3.14 bearing_deg=38.28 speed=0.000 pos=(-71.465,0.000,-46.909) bounded=true
tick=2760 phase=following reason=path_ready wp=6 dist_wp=3.14 bearing_deg=20.66 speed=0.000 pos=(-71.464,0.000,-46.909) bounded=true
tick=2790 phase=following reason=path_ready wp=6 dist_wp=2.95 bearing_deg=10.63 speed=0.180 pos=(-71.456,0.004,-47.097) bounded=true
tick=2820 phase=following reason=path_ready wp=6 dist_wp=2.26 bearing_deg=6.80 speed=0.367 pos=(-71.500,0.004,-47.801) bounded=true
tick=2850 phase=following reason=path_ready wp=6 dist_wp=1.22 bearing_deg=6.19 speed=0.342 pos=(-71.651,0.002,-48.832) bounded=true
tick=2880 phase=following reason=path_ready wp=7 dist_wp=20.21 bearing_deg=-125.97 speed=0.000 pos=(-71.663,0.004,-48.912) bounded=true
tick=2910 phase=following reason=path_ready wp=7 dist_wp=20.21 bearing_deg=-107.97 speed=0.000 pos=(-71.662,0.001,-48.912) bounded=true
tick=2940 phase=following reason=path_ready wp=7 dist_wp=20.21 bearing_deg=-89.98 speed=0.000 pos=(-71.661,0.001,-48.912) bounded=true
tick=2970 phase=following reason=path_ready wp=7 dist_wp=20.21 bearing_deg=-71.98 speed=0.000 pos=(-71.661,0.001,-48.912) bounded=true
tick=3000 phase=following reason=path_ready wp=7 dist_wp=20.21 bearing_deg=-53.98 speed=0.000 pos=(-71.660,0.001,-48.912) bounded=true
tick=3030 phase=following reason=path_ready wp=7 dist_wp=20.21 bearing_deg=-35.98 speed=0.000 pos=(-71.659,0.001,-48.912) bounded=true
tick=3060 phase=following reason=path_ready wp=7 dist_wp=20.21 bearing_deg=-18.82 speed=0.000 pos=(-71.659,0.001,-48.912) bounded=true
tick=3090 phase=following reason=path_ready wp=7 dist_wp=19.42 bearing_deg=-9.54 speed=0.666 pos=(-70.976,0.013,-48.485) bounded=true
tick=3120 phase=following reason=path_ready wp=7 dist_wp=16.86 bearing_deg=-5.46 speed=1.370 pos=(-68.933,0.014,-46.914) bounded=true
tick=3150 phase=following reason=path_ready wp=7 dist_wp=12.56 bearing_deg=-3.72 speed=2.051 pos=(-65.686,0.014,-44.068) bounded=true
tick=3180 phase=following reason=path_ready wp=7 dist_wp=6.95 bearing_deg=-3.47 speed=2.393 pos=(-61.627,0.007,-40.185) bounded=true
tick=3210 phase=following reason=path_ready wp=7 dist_wp=0.78 bearing_deg=-16.26 speed=2.182 pos=(-57.335,0.006,-35.706) bounded=true
tick=3240 phase=following reason=path_ready wp=7 dist_wp=2.59 bearing_deg=-167.13 speed=0.581 pos=(-55.414,0.031,-32.951) bounded=true
tick=3270 phase=following reason=path_ready wp=7 dist_wp=2.83 bearing_deg=-150.52 speed=0.000 pos=(-55.320,0.009,-32.724) bounded=true
tick=3300 phase=following reason=path_ready wp=7 dist_wp=2.83 bearing_deg=-132.52 speed=0.000 pos=(-55.320,0.001,-32.724) bounded=true
tick=3330 phase=following reason=path_ready wp=7 dist_wp=2.83 bearing_deg=-114.52 speed=0.000 pos=(-55.320,0.000,-32.724) bounded=true
tick=3360 phase=following reason=path_ready wp=7 dist_wp=2.83 bearing_deg=-96.52 speed=0.000 pos=(-55.320,0.000,-32.724) bounded=true
tick=3390 phase=following reason=path_ready wp=7 dist_wp=2.83 bearing_deg=-78.52 speed=0.000 pos=(-55.320,0.000,-32.724) bounded=true
tick=3420 phase=following reason=path_ready wp=7 dist_wp=2.83 bearing_deg=-60.52 speed=0.000 pos=(-55.320,0.000,-32.724) bounded=true
tick=3450 phase=following reason=path_ready wp=7 dist_wp=2.83 bearing_deg=-42.52 speed=0.000 pos=(-55.320,0.000,-32.724) bounded=true
tick=3480 phase=following reason=path_ready wp=7 dist_wp=2.83 bearing_deg=-24.52 speed=0.000 pos=(-55.320,0.000,-32.724) bounded=true
tick=3510 phase=following reason=path_ready wp=7 dist_wp=2.75 bearing_deg=-12.20 speed=0.114 pos=(-55.385,0.003,-32.780) bounded=true
tick=3540 phase=following reason=path_ready wp=7 dist_wp=2.23 bearing_deg=-7.31 speed=0.291 pos=(-55.749,0.004,-33.158) bounded=true
tick=3570 phase=following reason=path_ready wp=7 dist_wp=1.36 bearing_deg=-5.84 speed=0.382 pos=(-56.298,0.003,-33.837) bounded=true
tick=3600 phase=following reason=path_ready wp=8 dist_wp=20.06 bearing_deg=-154.51 speed=0.000 pos=(-56.395,0.004,-33.971) bounded=true
tick=3630 phase=following reason=path_ready wp=8 dist_wp=20.06 bearing_deg=-136.51 speed=0.000 pos=(-56.395,0.000,-33.971) bounded=true
tick=3660 phase=following reason=path_ready wp=8 dist_wp=20.06 bearing_deg=-118.51 speed=0.000 pos=(-56.395,0.000,-33.971) bounded=true
tick=3690 phase=following reason=path_ready wp=8 dist_wp=20.06 bearing_deg=-100.51 speed=0.000 pos=(-56.395,0.000,-33.971) bounded=true
tick=3720 phase=following reason=path_ready wp=8 dist_wp=20.06 bearing_deg=-82.51 speed=0.000 pos=(-56.395,0.000,-33.971) bounded=true
tick=3750 phase=following reason=path_ready wp=8 dist_wp=20.06 bearing_deg=-64.51 speed=0.000 pos=(-56.395,0.000,-33.971) bounded=true
tick=3780 phase=following reason=path_ready wp=8 dist_wp=20.06 bearing_deg=-46.51 speed=0.000 pos=(-56.395,0.000,-33.971) bounded=true
tick=3810 phase=following reason=path_ready wp=8 dist_wp=20.06 bearing_deg=-28.51 speed=0.000 pos=(-56.395,0.000,-33.971) bounded=true
tick=3840 phase=following reason=path_ready wp=8 dist_wp=19.95 bearing_deg=-14.00 speed=0.238 pos=(-56.300,0.006,-33.918) bounded=true
tick=3870 phase=following reason=path_ready wp=8 dist_wp=18.46 bearing_deg=-7.43 speed=0.949 pos=(-55.061,0.014,-33.047) bounded=true
tick=3900 phase=following reason=path_ready wp=8 dist_wp=15.20 bearing_deg=-4.52 speed=1.649 pos=(-52.547,0.014,-30.943) bounded=true
tick=3930 phase=following reason=path_ready wp=8 dist_wp=10.24 bearing_deg=-3.43 speed=2.248 pos=(-48.912,0.013,-27.554) bounded=true
tick=3960 phase=following reason=path_ready wp=8 dist_wp=4.35 bearing_deg=-4.18 speed=2.528 pos=(-44.760,0.008,-23.359) bounded=true
tick=3990 phase=following reason=path_ready wp=8 dist_wp=1.13 bearing_deg=-167.64 speed=1.452 pos=(-41.177,0.025,-19.223) bounded=true
tick=4020 phase=following reason=path_ready wp=8 dist_wp=2.56 bearing_deg=-159.88 speed=0.000 pos=(-40.463,0.029,-17.949) bounded=true
tick=4050 phase=following reason=path_ready wp=8 dist_wp=2.56 bearing_deg=-141.88 speed=0.000 pos=(-40.463,0.002,-17.949) bounded=true
tick=4080 phase=following reason=path_ready wp=8 dist_wp=2.56 bearing_deg=-123.88 speed=0.000 pos=(-40.463,0.001,-17.949) bounded=true
tick=4110 phase=following reason=path_ready wp=8 dist_wp=2.56 bearing_deg=-105.88 speed=0.000 pos=(-40.463,0.001,-17.949) bounded=true
tick=4140 phase=following reason=path_ready wp=8 dist_wp=2.56 bearing_deg=-87.88 speed=0.000 pos=(-40.463,0.001,-17.949) bounded=true
tick=4170 phase=following reason=path_ready wp=8 dist_wp=2.56 bearing_deg=-69.88 speed=0.000 pos=(-40.463,0.001,-17.949) bounded=true
tick=4200 phase=following reason=path_ready wp=8 dist_wp=2.56 bearing_deg=-51.88 speed=0.000 pos=(-40.463,0.001,-17.949) bounded=true
tick=4230 phase=following reason=path_ready wp=8 dist_wp=2.56 bearing_deg=-33.88 speed=0.000 pos=(-40.463,0.001,-17.949) bounded=true
tick=4260 phase=following reason=path_ready wp=8 dist_wp=2.56 bearing_deg=-17.28 speed=0.000 pos=(-40.463,0.001,-17.949) bounded=true
tick=4290 phase=following reason=path_ready wp=8 dist_wp=2.56 bearing_deg=-8.34 speed=0.000 pos=(-40.463,0.001,-17.949) bounded=true
tick=4320 phase=following reason=path_ready wp=8 dist_wp=2.56 bearing_deg=-4.02 speed=0.000 pos=(-40.463,0.001,-17.949) bounded=true
tick=4350 phase=following reason=path_ready wp=8 dist_wp=2.56 bearing_deg=-1.94 speed=0.000 pos=(-40.463,0.001,-17.949) bounded=true
tick=4380 phase=reverse reason=insufficient_actual_progress wp=8 dist_wp=2.56 bearing_deg=-0.94 speed=0.000 pos=(-40.463,0.001,-17.949) bounded=true
tick=4410 phase=reverse reason=insufficient_actual_progress wp=8 dist_wp=2.69 bearing_deg=-0.89 speed=-0.103 pos=(-40.382,0.003,-17.845) bounded=true
tick=4440 phase=reverse reason=insufficient_actual_progress wp=8 dist_wp=3.08 bearing_deg=-0.77 speed=-0.205 pos=(-40.143,0.003,-17.538) bounded=true
tick=4470 phase=turn_recovery reason=reverse_complete wp=8 dist_wp=3.34 bearing_deg=-11.46 speed=0.000 pos=(-39.984,0.005,-17.334) bounded=true
tick=4500 phase=following reason=path_ready wp=0 dist_wp=3.34 bearing_deg=-22.38 speed=0.000 pos=(-39.984,0.000,-17.334) bounded=true
tick=4530 phase=following reason=path_ready wp=0 dist_wp=3.33 bearing_deg=-10.85 speed=0.021 pos=(-39.995,0.001,-17.343) bounded=true
tick=4560 phase=following reason=path_ready wp=0 dist_wp=3.24 bearing_deg=-5.38 speed=0.047 pos=(-40.056,0.001,-17.406) bounded=true
tick=4590 phase=following reason=path_ready wp=0 dist_wp=3.10 bearing_deg=-2.71 speed=0.064 pos=(-40.148,0.001,-17.515) bounded=true
tick=4620 phase=following reason=path_ready wp=0 dist_wp=2.93 bearing_deg=-1.39 speed=0.069 pos=(-40.254,0.001,-17.648) bounded=true
tick=4650 phase=following reason=path_ready wp=0 dist_wp=2.76 bearing_deg=-0.80 speed=0.060 pos=(-40.354,0.001,-17.779) bounded=true
tick=4680 phase=following reason=path_ready wp=0 dist_wp=2.64 bearing_deg=-0.79 speed=0.038 pos=(-40.429,0.001,-17.878) bounded=true
tick=4710 phase=following reason=path_ready wp=0 dist_wp=2.59 bearing_deg=-0.80 speed=0.008 pos=(-40.463,0.002,-17.922) bounded=true
tick=4740 phase=following reason=path_ready wp=0 dist_wp=2.59 bearing_deg=-0.80 speed=0.000 pos=(-40.463,0.000,-17.922) bounded=true
tick=4770 phase=following reason=path_ready wp=0 dist_wp=2.59 bearing_deg=-0.80 speed=0.000 pos=(-40.463,0.000,-17.922) bounded=true
tick=4800 phase=following reason=path_ready wp=0 dist_wp=2.59 bearing_deg=-0.80 speed=0.000 pos=(-40.463,0.000,-17.922) bounded=true
tick=4830 phase=reverse reason=insufficient_actual_progress wp=0 dist_wp=2.70 bearing_deg=-0.76 speed=-0.096 pos=(-40.393,0.003,-17.831) bounded=true
tick=4860 phase=reverse reason=insufficient_actual_progress wp=0 dist_wp=3.07 bearing_deg=-0.66 speed=-0.199 pos=(-40.167,0.003,-17.535) bounded=true
tick=4890 phase=turn_recovery reason=reverse_complete wp=0 dist_wp=3.37 bearing_deg=8.95 speed=0.000 pos=(-39.990,0.006,-17.301) bounded=true
tick=4920 phase=following reason=path_ready wp=0 dist_wp=3.37 bearing_deg=22.28 speed=0.000 pos=(-39.990,0.001,-17.301) bounded=true
tick=4950 phase=following reason=path_ready wp=0 dist_wp=3.35 bearing_deg=10.81 speed=0.022 pos=(-39.997,0.001,-17.316) bounded=true
tick=4980 phase=following reason=path_ready wp=0 dist_wp=3.26 bearing_deg=5.37 speed=0.049 pos=(-40.042,0.001,-17.397) bounded=true
tick=5010 phase=following reason=path_ready wp=0 dist_wp=3.11 bearing_deg=2.72 speed=0.068 pos=(-40.124,0.001,-17.522) bounded=true
tick=5040 phase=following reason=path_ready wp=0 dist_wp=2.93 bearing_deg=1.40 speed=0.073 pos=(-40.227,0.001,-17.669) bounded=true
tick=5070 phase=following reason=path_ready wp=0 dist_wp=2.75 bearing_deg=0.80 speed=0.063 pos=(-40.330,0.001,-17.809) bounded=true
tick=5100 phase=following reason=path_ready wp=0 dist_wp=2.62 bearing_deg=0.78 speed=0.040 pos=(-40.408,0.001,-17.915) bounded=true
tick=5130 phase=following reason=path_ready wp=0 dist_wp=2.56 bearing_deg=0.79 speed=0.008 pos=(-40.443,0.002,-17.962) bounded=true
tick=5160 phase=following reason=path_ready wp=0 dist_wp=2.56 bearing_deg=0.79 speed=0.000 pos=(-40.443,0.001,-17.962) bounded=true
tick=5190 phase=following reason=path_ready wp=0 dist_wp=2.56 bearing_deg=0.79 speed=0.000 pos=(-40.443,0.001,-17.962) bounded=true
tick=5220 phase=reverse reason=insufficient_actual_progress wp=0 dist_wp=2.57 bearing_deg=0.79 speed=-0.027 pos=(-40.437,0.002,-17.955) bounded=true
tick=5250 phase=reverse reason=insufficient_actual_progress wp=0 dist_wp=2.78 bearing_deg=0.74 speed=-0.130 pos=(-40.317,0.003,-17.794) bounded=true
tick=5280 phase=reverse reason=insufficient_actual_progress wp=0 dist_wp=3.23 bearing_deg=0.64 speed=-0.233 pos=(-40.044,0.003,-17.426) bounded=true
tick=5310 phase=turn_recovery reason=reverse_complete wp=0 dist_wp=3.34 bearing_deg=-14.94 speed=0.000 pos=(-39.977,0.003,-17.337) bounded=true
tick=5340 phase=following reason=path_ready wp=0 dist_wp=3.34 bearing_deg=-17.47 speed=0.001 pos=(-39.977,0.000,-17.337) bounded=true
tick=5370 phase=following reason=path_ready wp=0 dist_wp=3.31 bearing_deg=-8.52 speed=0.030 pos=(-40.004,0.001,-17.362) bounded=true
tick=5400 phase=following reason=path_ready wp=0 dist_wp=3.20 bearing_deg=-4.25 speed=0.054 pos=(-40.078,0.001,-17.442) bounded=true
tick=5430 phase=following reason=path_ready wp=0 dist_wp=3.04 bearing_deg=-2.16 speed=0.068 pos=(-40.177,0.001,-17.561) bounded=true
tick=5460 phase=following reason=path_ready wp=0 dist_wp=2.87 bearing_deg=-1.10 speed=0.068 pos=(-40.284,0.001,-17.697) bounded=true
tick=5490 phase=following reason=path_ready wp=0 dist_wp=2.72 bearing_deg=-0.79 speed=0.054 pos=(-40.378,0.001,-17.820) bounded=true
tick=5520 phase=following reason=path_ready wp=0 dist_wp=2.61 bearing_deg=-0.79 speed=0.029 pos=(-40.442,0.001,-17.904) bounded=true
tick=5550 phase=following reason=path_ready wp=0 dist_wp=2.58 bearing_deg=-0.79 speed=0.000 pos=(-40.458,0.002,-17.926) bounded=true
tick=5580 phase=following reason=path_ready wp=0 dist_wp=2.58 bearing_deg=-0.79 speed=0.000 pos=(-40.458,0.000,-17.926) bounded=true
tick=5610 phase=following reason=path_ready wp=0 dist_wp=2.58 bearing_deg=-0.79 speed=0.000 pos=(-40.458,0.000,-17.926) bounded=true
