tick=0 phase=following reason=path_ready wp=1 dist_wp=13.42 bearing_deg=26.57 speed=0.000 pos=(-27.000,0.006,116.000) bounded=true
tick=30 phase=following reason=path_ready wp=1 dist_wp=13.32 bearing_deg=13.27 speed=0.185 pos=(-27.020,0.005,115.907) bounded=true
tick=60 phase=following reason=path_ready wp=1 dist_wp=12.35 bearing_deg=7.00 speed=0.634 pos=(-27.325,0.009,114.969) bounded=true
tick=90 phase=following reason=path_ready wp=1 dist_wp=10.37 bearing_deg=4.12 speed=1.031 pos=(-28.089,0.008,113.135) bounded=true
tick=120 phase=following reason=path_ready wp=1 dist_wp=7.55 bearing_deg=2.83 speed=1.339 pos=(-29.303,0.007,110.588) bounded=true
tick=150 phase=following reason=path_ready wp=1 dist_wp=4.17 bearing_deg=2.58 speed=1.511 pos=(-30.865,0.004,107.577) bounded=true
tick=180 phase=following reason=path_ready wp=1 dist_wp=0.78 bearing_deg=6.93 speed=1.020 pos=(-32.521,0.011,104.622) bounded=true
tick=210 phase=following reason=path_ready wp=2 dist_wp=20.51 bearing_deg=61.98 speed=0.000 pos=(-32.866,0.016,104.072) bounded=true
tick=240 phase=following reason=path_ready wp=2 dist_wp=20.51 bearing_deg=43.98 speed=0.000 pos=(-32.866,0.001,104.072) bounded=true
tick=270 phase=following reason=path_ready wp=2 dist_wp=20.51 bearing_deg=25.98 speed=0.000 pos=(-32.866,0.000,104.072) bounded=true
tick=300 phase=following reason=path_ready wp=2 dist_wp=20.38 bearing_deg=12.66 speed=0.233 pos=(-33.003,0.006,104.079) bounded=true
tick=330 phase=following reason=path_ready wp=2 dist_wp=19.24 bearing_deg=6.56 speed=0.731 pos=(-34.144,0.010,104.251) bounded=true
tick=360 phase=following reason=path_ready wp=2 dist_wp=16.92 bearing_deg=3.71 speed=1.223 pos=(-36.404,0.010,104.770) bounded=true
tick=390 phase=following reason=path_ready wp=2 dist_wp=13.46 bearing_deg=2.35 speed=1.704 pos=(-39.746,0.010,105.695) bounded=true
tick=420 phase=following reason=path_ready wp=2 dist_wp=8.96 bearing_deg=1.80 speed=2.083 pos=(-44.048,0.008,107.015) bounded=true
tick=450 phase=following reason=path_ready wp=2 dist_wp=3.83 bearing_deg=2.16 speed=2.171 pos=(-48.923,0.002,108.625) bounded=true
tick=480 phase=following reason=path_ready wp=2 dist_wp=0.34 bearing_deg=164.52 speed=1.010 pos=(-52.835,0.027,110.060) bounded=true
tick=510 phase=following reason=path_ready wp=3 dist_wp=18.86 bearing_deg=-10.00 speed=0.594 pos=(-53.916,0.005,110.639) bounded=true
tick=540 phase=following reason=path_ready wp=3 dist_wp=16.88 bearing_deg=-5.53 speed=1.087 pos=(-55.751,0.010,111.429) bounded=true
tick=570 phase=following reason=path_ready wp=3 dist_wp=13.74 bearing_deg=-3.41 speed=1.571 pos=(-58.721,0.010,112.479) bounded=true
tick=600 phase=following reason=path_ready wp=3 dist_wp=9.54 bearing_deg=-2.50 speed=1.964 pos=(-62.736,0.008,113.719) bounded=true
tick=630 phase=following reason=path_ready wp=3 dist_wp=4.59 bearing_deg=-2.66 speed=2.221 pos=(-67.515,0.006,115.042) bounded=true
tick=660 phase=following reason=path_ready wp=3 dist_wp=0.13 bearing_deg=-119.51 speed=1.349 pos=(-72.045,0.021,116.122) bounded=true
tick=690 phase=following reason=path_ready wp=4 dist_wp=22.26 bearing_deg=-85.51 speed=0.000 pos=(-73.297,0.027,116.227) bounded=true
tick=720 phase=following reason=path_ready wp=4 dist_wp=22.26 bearing_deg=-67.51 speed=0.000 pos=(-73.297,0.003,116.227) bounded=true
tick=750 phase=following reason=path_ready wp=4 dist_wp=22.26 bearing_deg=-49.51 speed=0.000 pos=(-73.297,0.001,116.227) bounded=true
tick=780 phase=following reason=path_ready wp=4 dist_wp=22.26 bearing_deg=-31.51 speed=0.000 pos=(-73.297,0.001,116.227) bounded=true
tick=810 phase=following reason=path_ready wp=4 dist_wp=22.24 bearing_deg=-15.72 speed=0.105 pos=(-73.302,0.003,116.203) bounded=true
tick=840 phase=following reason=path_ready wp=4 dist_wp=21.24 bearing_deg=-8.05 speed=0.747 pos=(-73.421,0.013,115.193) bounded=true
tick=870 phase=following reason=path_ready wp=4 dist_wp=18.69 bearing_deg=-4.56 speed=1.422 pos=(-73.492,0.014,112.625) bounded=true
tick=900 phase=following reason=path_ready wp=4 dist_wp=14.50 bearing_deg=-2.99 speed=2.114 pos=(-73.384,0.014,108.438) bounded=true
tick=930 phase=following reason=path_ready wp=4 dist_wp=9.09 bearing_deg=-2.46 speed=2.499 pos=(-73.058,0.009,103.032) bounded=true
tick=960 phase=following reason=path_ready wp=4 dist_wp=2.72 bearing_deg=-4.28 speed=2.860 pos=(-72.488,0.008,96.676) bounded=true
tick=990 phase=following reason=path_ready wp=4 dist_wp=2.17 bearing_deg=-171.22 speed=1.301 pos=(-71.639,0.029,91.856) bounded=true
tick=1020 phase=following reason=path_ready wp=4 dist_wp=3.36 bearing_deg=-158.56 speed=0.000 pos=(-71.162,0.026,90.744) bounded=true
tick=1050 phase=following reason=path_ready wp=4 dist_wp=3.36 bearing_deg=-140.58 speed=0.000 pos=(-71.162,0.002,90.744) bounded=true
tick=1080 phase=following reason=path_ready wp=4 dist_wp=3.36 bearing_deg=-122.58 speed=0.000 pos=(-71.162,0.001,90.744) bounded=true
tick=1110 phase=following reason=path_ready wp=4 dist_wp=3.36 bearing_deg=-104.58 speed=0.000 pos=(-71.162,0.001,90.744) bounded=true
tick=1140 phase=following reason=path_ready wp=4 dist_wp=3.36 bearing_deg=-86.58 speed=0.000 pos=(-71.162,0.001,90.744) bounded=true
tick=1170 phase=following reason=path_ready wp=4 dist_wp=3.36 bearing_deg=-68.58 speed=0.000 pos=(-71.162,0.001,90.744) bounded=true
tick=1200 phase=following reason=path_ready wp=4 dist_wp=3.36 bearing_deg=-50.58 speed=0.000 pos=(-71.162,0.001,90.744) bounded=true
tick=1230 phase=following reason=path_ready wp=4 dist_wp=3.36 bearing_deg=-32.58 speed=0.000 pos=(-71.162,0.001,90.744) bounded=true
tick=1260 phase=following reason=path_ready wp=4 dist_wp=3.36 bearing_deg=-16.41 speed=0.025 pos=(-71.162,0.001,90.747) bounded=true
tick=1290 phase=following reason=path_ready wp=4 dist_wp=3.01 bearing_deg=-8.87 speed=0.261 pos=(-71.187,0.005,91.097) bounded=true
tick=1320 phase=following reason=path_ready wp=4 dist_wp=2.16 bearing_deg=-6.03 speed=0.447 pos=(-71.333,0.004,91.941) bounded=true
tick=1350 phase=following reason=path_ready wp=5 dist_wp=20.96 bearing_deg=-161.48 speed=0.143 pos=(-71.585,0.007,92.954) bounded=true
tick=1380 phase=following reason=path_ready wp=5 dist_wp=20.97 bearing_deg=-143.50 speed=0.000 pos=(-71.588,0.003,92.964) bounded=true
tick=1410 phase=following reason=path_ready wp=5 dist_wp=20.97 bearing_deg=-125.50 speed=0.000 pos=(-71.588,0.001,92.964) bounded=true
tick=1440 phase=following reason=path_ready wp=5 dist_wp=20.97 bearing_deg=-107.50 speed=0.000 pos=(-71.588,0.001,92.964) bounded=true
tick=1470 phase=following reason=path_ready wp=5 dist_wp=20.97 bearing_deg=-89.50 speed=0.000 pos=(-71.588,0.001,92.964) bounded=true
tick=1500 phase=following reason=path_ready wp=5 dist_wp=20.97 bearing_deg=-71.50 speed=0.000 pos=(-71.588,0.001,92.964) bounded=true
tick=1530 phase=following reason=path_ready wp=5 dist_wp=20.97 bearing_deg=-53.50 speed=0.000 pos=(-71.588,0.001,92.964) bounded=true
tick=1560 phase=following reason=path_ready wp=5 dist_wp=20.97 bearing_deg=-35.50 speed=0.000 pos=(-71.588,0.001,92.964) bounded=true
tick=1590 phase=following reason=path_ready wp=5 dist_wp=20.97 bearing_deg=-18.45 speed=0.000 pos=(-71.588,0.001,92.964) bounded=true
tick=1620 phase=following reason=path_ready wp=5 dist_wp=20.23 bearing_deg=-9.32 speed=0.666 pos=(-71.750,0.013,92.224) bounded=true
tick=1650 phase=following reason=path_ready wp=5 dist_wp=17.82 bearing_deg=-5.26 speed=1.371 pos=(-72.044,0.014,89.817) bounded=true
tick=1680 phase=following reason=path_ready wp=5 dist_wp=13.76 bearing_deg=-3.46 speed=2.061 pos=(-72.288,0.014,85.756) bounded=true
tick=1710 phase=following reason=path_ready wp=5 dist_wp=8.44 bearing_deg=-2.91 speed=2.434 pos=(-72.394,0.008,80.427) bounded=true
tick=1740 phase=following reason=path_ready wp=5 dist_wp=2.26 bearing_deg=-5.66 speed=2.707 pos=(-72.302,0.007,74.236) bounded=true
tick=1770 phase=following reason=path_ready wp=5 dist_wp=2.14 bearing_deg=-170.02 speed=1.095 pos=(-71.794,0.030,69.868) bounded=true
tick=1800 phase=following reason=path_ready wp=5 dist_wp=2.98 bearing_deg=-156.39 speed=0.000 pos=(-71.507,0.021,69.064) bounded=true
tick=1830 phase=following reason=path_ready wp=5 dist_wp=2.98 bearing_deg=-138.40 speed=0.000 pos=(-71.507,0.001,69.064) bounded=true
tick=1860 phase=following reason=path_ready wp=5 dist_wp=2.98 bearing_deg=-120.40 speed=0.000 pos=(-71.507,0.000,69.064) bounded=true
tick=1890 phase=following reason=path_ready wp=5 dist_wp=2.98 bearing_deg=-102.40 speed=0.000 pos=(-71.507,0.000,69.064) bounded=true
tick=1920 phase=following reason=path_ready wp=5 dist_wp=2.98 bearing_deg=-84.40 speed=0.000 pos=(-71.507,0.000,69.064) bounded=true
tick=1950 phase=following reason=path_ready wp=5 dist_wp=2.98 bearing_deg=-66.40 speed=0.000 pos=(-71.507,0.000,69.064) bounded=true
tick=1980 phase=following reason=path_ready wp=5 dist_wp=2.98 bearing_deg=-48.40 speed=0.000 pos=(-71.507,0.000,69.064) bounded=true
tick=2010 phase=following reason=path_ready wp=5 dist_wp=2.98 bearing_deg=-30.40 speed=0.000 pos=(-71.507,0.000,69.064) bounded=true
tick=2040 phase=following reason=path_ready wp=5 dist_wp=2.96 bearing_deg=-15.09 speed=0.050 pos=(-71.505,0.002,69.079) bounded=true
tick=2070 phase=following reason=path_ready wp=5 dist_wp=2.60 bearing_deg=-8.36 speed=0.254 pos=(-71.505,0.005,69.451) bounded=true
tick=2100 phase=following reason=path_ready wp=5 dist_wp=1.81 bearing_deg=-5.85 speed=0.400 pos=(-71.581,0.004,70.240) bounded=true
tick=2130 phase=following reason=path_ready wp=6 dist_wp=20.88 bearing_deg=-162.00 speed=0.000 pos=(-71.683,0.011,70.877) bounded=true
tick=2160 phase=following reason=path_ready wp=6 dist_wp=20.88 bearing_deg=-144.00 speed=0.000 pos=(-71.683,0.002,70.877) bounded=true
tick=2190 phase=following reason=path_ready wp=6 dist_wp=20.88 bearing_deg=-126.00 speed=0.000 pos=(-71.683,0.001,70.877) bounded=true
tick=2220 phase=following reason=path_ready wp=6 dist_wp=20.88 bearing_deg=-108.00 speed=0.000 pos=(-71.683,0.001,70.877) bounded=true
tick=2250 phase=following reason=path_ready wp=6 dist_wp=20.88 bearing_deg=-90.00 speed=0.000 pos=(-71.683,0.001,70.877) bounded=true
tick=2280 phase=following reason=path_ready wp=6 dist_wp=20.88 bearing_deg=-72.00 speed=0.000 pos=(-71.683,0.001,70.877) bounded=true
tick=2310 phase=following reason=path_ready wp=6 dist_wp=20.88 bearing_deg=-54.00 speed=0.000 pos=(-71.683,0.001,70.877) bounded=true
tick=2340 phase=following reason=path_ready wp=6 dist_wp=20.88 bearing_deg=-36.00 speed=0.000 pos=(-71.683,0.001,70.877) bounded=true
tick=2370 phase=following reason=path_ready wp=6 dist_wp=20.88 bearing_deg=-18.84 speed=0.000 pos=(-71.683,0.001,70.877) bounded=true
tick=2400 phase=following reason=path_ready wp=6 dist_wp=20.14 bearing_deg=-9.51 speed=0.666 pos=(-71.845,0.013,70.137) bounded=true
tick=2430 phase=following reason=path_ready wp=6 dist_wp=17.73 bearing_deg=-5.38 speed=1.370 pos=(-72.133,0.014,67.730) bounded=true
tick=2460 phase=following reason=path_ready wp=6 dist_wp=13.67 bearing_deg=-3.54 speed=2.061 pos=(-72.361,0.014,63.668) bounded=true
tick=2490 phase=following reason=path_ready wp=6 dist_wp=8.36 bearing_deg=-2.98 speed=2.431 pos=(-72.444,0.008,58.343) bounded=true
tick=2520 phase=following reason=path_ready wp=6 dist_wp=2.19 bearing_deg=-5.93 speed=2.700 pos=(-72.317,0.007,52.164) bounded=true
tick=2550 phase=following reason=path_ready wp=6 dist_wp=2.19 bearing_deg=-169.87 speed=1.087 pos=(-71.773,0.030,47.820) bounded=true
tick=2580 phase=following reason=path_ready wp=6 dist_wp=3.01 bearing_deg=-156.16 speed=0.000 pos=(-71.483,0.020,47.031) bounded=true
tick=2610 phase=following reason=path_ready wp=6 dist_wp=3.01 bearing_deg=-138.18 speed=0.000 pos=(-71.483,0.002,47.031) bounded=true
tick=2640 phase=following reason=path_ready wp=6 dist_wp=3.01 bearing_deg=-120.18 speed=0.000 pos=(-71.483,0.001,47.031) bounded=true
tick=2670 phase=following reason=path_ready wp=6 dist_wp=3.01 bearing_deg=-102.18 speed=0.000 pos=(-71.483,0.001,47.031) bounded=true
tick=2700 phase=following reason=path_ready wp=6 dist_wp=3.01 bearing_deg=-84.18 speed=0.000 pos=(-71.483,0.001,47.031) bounded=true
tick=2730 phase=following reason=path_ready wp=6 dist_wp=3.01 bearing_deg=-66.18 speed=0.000 pos=(-71.483,0.001,47.031) bounded=true
tick=2760 phase=following reason=path_ready wp=6 dist_wp=3.01 bearing_deg=-48.18 speed=0.000 pos=(-71.483,0.001,47.031) bounded=true
tick=2790 phase=following reason=path_ready wp=6 dist_wp=3.01 bearing_deg=-30.18 speed=0.000 pos=(-71.483,0.001,47.031) bounded=true
tick=2820 phase=following reason=path_ready wp=6 dist_wp=3.00 bearing_deg=-14.95 speed=0.051 pos=(-71.482,0.002,47.047) bounded=true
tick=2850 phase=following reason=path_ready wp=6 dist_wp=2.63 bearing_deg=-8.28 speed=0.258 pos=(-71.484,0.005,47.424) bounded=true
tick=2880 phase=following reason=path_ready wp=6 dist_wp=1.83 bearing_deg=-5.81 speed=0.407 pos=(-71.567,0.004,48.224) bounded=true
tick=2910 phase=following reason=path_ready wp=7 dist_wp=20.19 bearing_deg=136.53 speed=0.000 pos=(-71.671,0.011,48.875) bounded=true
tick=2940 phase=following reason=path_ready wp=7 dist_wp=20.19 bearing_deg=118.53 speed=0.000 pos=(-71.671,0.002,48.875) bounded=true
tick=2970 phase=following reason=path_ready wp=7 dist_wp=20.19 bearing_deg=100.53 speed=0.000 pos=(-71.671,0.001,48.875) bounded=true
tick=3000 phase=following reason=path_ready wp=7 dist_wp=20.19 bearing_deg=82.53 speed=0.000 pos=(-71.671,0.001,48.875) bounded=true
tick=3030 phase=following reason=path_ready wp=7 dist_wp=20.19 bearing_deg=64.53 speed=0.000 pos=(-71.671,0.001,48.875) bounded=true
tick=3060 phase=following reason=path_ready wp=7 dist_wp=20.19 bearing_deg=46.53 speed=0.000 pos=(-71.671,0.001,48.875) bounded=true
tick=3090 phase=following reason=path_ready wp=7 dist_wp=20.19 bearing_deg=28.53 speed=0.000 pos=(-71.671,0.001,48.875) bounded=true
tick=3120 phase=following reason=path_ready wp=7 dist_wp=20.09 bearing_deg=14.00 speed=0.238 pos=(-71.581,0.006,48.826) bounded=true
tick=3150 phase=following reason=path_ready wp=7 dist_wp=18.69 bearing_deg=7.40 speed=0.949 pos=(-70.404,0.014,48.022) bounded=true
tick=3180 phase=following reason=path_ready wp=7 dist_wp=15.62 bearing_deg=4.44 speed=1.649 pos=(-68.012,0.014,46.073) bounded=true
tick=3210 phase=following reason=path_ready wp=7 dist_wp=10.94 bearing_deg=3.25 speed=2.243 pos=(-64.538,0.013,42.928) bounded=true
tick=3240 phase=following reason=path_ready wp=7 dist_wp=5.35 bearing_deg=3.43 speed=2.570 pos=(-60.532,0.008,39.019) bounded=true
tick=3270 phase=following reason=path_ready wp=7 dist_wp=0.41 bearing_deg=153.65 speed=1.851 pos=(-56.629,0.018,34.824) bounded=true
tick=3300 phase=following reason=path_ready wp=7 dist_wp=2.76 bearing_deg=164.68 speed=0.264 pos=(-55.359,0.032,32.779) bounded=true
tick=3330 phase=following reason=path_ready wp=7 dist_wp=2.80 bearing_deg=146.99 speed=0.000 pos=(-55.345,0.006,32.740) bounded=true
tick=3360 phase=following reason=path_ready wp=7 dist_wp=2.80 bearing_deg=128.99 speed=0.000 pos=(-55.345,0.001,32.740) bounded=true
tick=3390 phase=following reason=path_ready wp=7 dist_wp=2.80 bearing_deg=110.99 speed=0.000 pos=(-55.345,0.001,32.740) bounded=true
tick=3420 phase=following reason=path_ready wp=7 dist_wp=2.80 bearing_deg=92.99 speed=0.000 pos=(-55.345,0.001,32.740) bounded=true
tick=3450 phase=following reason=path_ready wp=7 dist_wp=2.80 bearing_deg=74.99 speed=0.000 pos=(-55.345,0.001,32.740) bounded=true
tick=3480 phase=following reason=path_ready wp=7 dist_wp=2.80 bearing_deg=56.99 speed=0.000 pos=(-55.345,0.001,32.740) bounded=true
tick=3510 phase=following reason=path_ready wp=7 dist_wp=2.80 bearing_deg=38.99 speed=0.000 pos=(-55.345,0.001,32.740) bounded=true
tick=3540 phase=following reason=path_ready wp=7 dist_wp=2.80 bearing_deg=21.25 speed=0.000 pos=(-55.345,0.001,32.740) bounded=true
tick=3570 phase=following reason=path_ready wp=7 dist_wp=2.66 bearing_deg=10.83 speed=0.152 pos=(-55.453,0.004,32.835) bounded=true
tick=3600 phase=following reason=path_ready wp=7 dist_wp=2.10 bearing_deg=6.69 speed=0.318 pos=(-55.839,0.004,33.254) bounded=true
tick=3630 phase=following reason=path_ready wp=7 dist_wp=1.25 bearing_deg=5.48 speed=0.299 pos=(-56.363,0.002,33.925) bounded=true
tick=3660 phase=following reason=path_ready wp=8 dist_wp=20.06 bearing_deg=152.28 speed=0.000 pos=(-56.395,0.004,33.971) bounded=true
tick=3690 phase=following reason=path_ready wp=8 dist_wp=20.06 bearing_deg=134.28 speed=0.000 pos=(-56.395,0.000,33.971) bounded=true
tick=3720 phase=following reason=path_ready wp=8 dist_wp=20.06 bearing_deg=116.28 speed=0.000 pos=(-56.395,0.000,33.971) bounded=true
tick=3750 phase=following reason=path_ready wp=8 dist_wp=20.06 bearing_deg=98.28 speed=0.000 pos=(-56.395,0.000,33.971) bounded=true
tick=3780 phase=following reason=path_ready wp=8 dist_wp=20.06 bearing_deg=80.28 speed=0.000 pos=(-56.395,0.000,33.971) bounded=true
tick=3810 phase=following reason=path_ready wp=8 dist_wp=20.06 bearing_deg=62.28 speed=0.000 pos=(-56.395,0.000,33.971) bounded=true
tick=3840 phase=following reason=path_ready wp=8 dist_wp=20.06 bearing_deg=44.28 speed=0.000 pos=(-56.395,0.000,33.971) bounded=true
tick=3870 phase=following reason=path_ready wp=8 dist_wp=20.06 bearing_deg=26.28 speed=0.000 pos=(-56.395,0.000,33.971) bounded=true
tick=3900 phase=following reason=path_ready wp=8 dist_wp=19.87 bearing_deg=12.85 speed=0.333 pos=(-56.225,0.008,33.873) bounded=true
tick=3930 phase=following reason=path_ready wp=8 dist_wp=18.24 bearing_deg=6.90 speed=1.043 pos=(-54.889,0.014,32.908) bounded=true
tick=3960 phase=following reason=path_ready wp=8 dist_wp=14.95 bearing_deg=4.24 speed=1.741 pos=(-52.371,0.014,30.767) bounded=true
tick=3990 phase=following reason=path_ready wp=8 dist_wp=10.11 bearing_deg=3.21 speed=2.243 pos=(-48.835,0.010,27.446) bounded=true
tick=4020 phase=following reason=path_ready wp=8 dist_wp=4.42 bearing_deg=3.80 speed=2.604 pos=(-44.832,0.008,23.394) bounded=true
tick=4050 phase=following reason=path_ready wp=8 dist_wp=0.93 bearing_deg=166.98 speed=1.537 pos=(-41.308,0.025,19.377) bounded=true
tick=4080 phase=following reason=path_ready wp=8 dist_wp=2.45 bearing_deg=160.94 speed=0.000 pos=(-40.537,0.031,18.035) bounded=true
tick=4110 phase=following reason=path_ready wp=8 dist_wp=2.45 bearing_deg=142.98 speed=0.000 pos=(-40.537,0.002,18.035) bounded=true
tick=4140 phase=following reason=path_ready wp=8 dist_wp=2.45 bearing_deg=124.98 speed=0.000 pos=(-40.537,0.001,18.035) bounded=true
tick=4170 phase=following reason=path_ready wp=8 dist_wp=2.45 bearing_deg=106.98 speed=0.000 pos=(-40.537,0.001,18.035) bounded=true
tick=4200 phase=following reason=path_ready wp=8 dist_wp=2.45 bearing_deg=88.98 speed=0.000 pos=(-40.537,0.001,18.035) bounded=true
tick=4230 phase=following reason=path_ready wp=8 dist_wp=2.45 bearing_deg=70.98 speed=0.000 pos=(-40.537,0.001,18.035) bounded=true
tick=4260 phase=following reason=path_ready wp=8 dist_wp=2.45 bearing_deg=52.98 speed=0.000 pos=(-40.537,0.001,18.035) bounded=true
tick=4290 phase=following reason=path_ready wp=8 dist_wp=2.45 bearing_deg=34.98 speed=0.000 pos=(-40.537,0.001,18.035) bounded=true
tick=4320 phase=following reason=path_ready wp=8 dist_wp=2.45 bearing_deg=18.07 speed=0.000 pos=(-40.537,0.001,18.035) bounded=true
tick=4350 phase=following reason=path_ready wp=8 dist_wp=2.45 bearing_deg=8.72 speed=0.000 pos=(-40.537,0.001,18.035) bounded=true
tick=4380 phase=following reason=path_ready wp=8 dist_wp=2.45 bearing_deg=4.21 speed=0.000 pos=(-40.537,0.001,18.035) bounded=true
tick=4410 phase=following reason=path_ready wp=8 dist_wp=2.45 bearing_deg=2.03 speed=0.000 pos=(-40.537,0.001,18.035) bounded=true
tick=4440 phase=following reason=path_ready wp=8 dist_wp=2.45 bearing_deg=0.98 speed=0.000 pos=(-40.537,0.001,18.035) bounded=true
tick=4470 phase=reverse reason=insufficient_actual_progress wp=8 dist_wp=2.56 bearing_deg=0.89 speed=-0.096 pos=(-40.471,0.003,17.949) bounded=true
tick=4500 phase=reverse reason=insufficient_actual_progress wp=8 dist_wp=2.91 bearing_deg=0.79 speed=-0.199 pos=(-40.257,0.003,17.671) bounded=true
tick=4530 phase=turn_recovery reason=reverse_complete wp=8 dist_wp=3.18 bearing_deg=-8.84 speed=0.000 pos=(-40.089,0.005,17.452) bounded=true
tick=4560 phase=following reason=path_ready wp=0 dist_wp=3.18 bearing_deg=-22.18 speed=0.000 pos=(-40.089,0.001,17.452) bounded=true
tick=4590 phase=following reason=path_ready wp=0 dist_wp=3.18 bearing_deg=-10.72 speed=0.013 pos=(-40.091,0.001,17.456) bounded=true
tick=4620 phase=following reason=path_ready wp=0 dist_wp=3.13 bearing_deg=-5.26 speed=0.029 pos=(-40.116,0.001,17.500) bounded=true
tick=4650 phase=following reason=path_ready wp=0 dist_wp=3.05 bearing_deg=-2.61 speed=0.040 pos=(-40.161,0.001,17.568) bounded=true
tick=4680 phase=following reason=path_ready wp=0 dist_wp=2.95 bearing_deg=-1.30 speed=0.043 pos=(-40.218,0.001,17.649) bounded=true
tick=4710 phase=reverse reason=insufficient_actual_progress wp=0 dist_wp=2.97 bearing_deg=-1.02 speed=-0.065 pos=(-40.208,0.003,17.636) bounded=true
tick=4740 phase=reverse reason=insufficient_actual_progress wp=0 dist_wp=3.24 bearing_deg=-0.93 speed=-0.168 pos=(-40.045,0.003,17.411) bounded=true
tick=4770 phase=turn_recovery reason=reverse_complete wp=0 dist_wp=3.63 bearing_deg=3.93 speed=0.000 pos=(-39.816,0.005,17.099) bounded=true
tick=4800 phase=turn_recovery reason=reverse_complete wp=0 dist_wp=3.63 bearing_deg=21.93 speed=0.000 pos=(-39.816,0.002,17.099) bounded=true
tick=4830 phase=following reason=path_ready wp=0 dist_wp=3.62 bearing_deg=12.97 speed=0.022 pos=(-39.824,0.001,17.106) bounded=true
tick=4860 phase=following reason=path_ready wp=0 dist_wp=3.51 bearing_deg=6.46 speed=0.069 pos=(-39.902,0.002,17.183) bounded=true
tick=4890 phase=following reason=path_ready wp=0 dist_wp=3.31 bearing_deg=3.32 speed=0.104 pos=(-40.039,0.002,17.339) bounded=true
tick=4920 phase=following reason=path_ready wp=0 dist_wp=3.04 bearing_deg=1.75 speed=0.122 pos=(-40.208,0.001,17.550) bounded=true
tick=4950 phase=following reason=path_ready wp=0 dist_wp=2.75 bearing_deg=0.94 speed=0.116 pos=(-40.381,0.001,17.776) bounded=true
tick=4980 phase=following reason=path_ready wp=0 dist_wp=2.51 bearing_deg=0.79 speed=0.088 pos=(-40.527,0.002,17.971) bounded=true
tick=5010 phase=following reason=path_ready wp=0 dist_wp=2.33 bearing_deg=0.79 speed=0.072 pos=(-40.636,0.001,18.117) bounded=true
tick=5040 phase=following reason=path_ready wp=0 dist_wp=2.18 bearing_deg=0.80 speed=0.049 pos=(-40.722,0.001,18.234) bounded=true
tick=5070 phase=following reason=path_ready wp=0 dist_wp=2.11 bearing_deg=0.79 speed=0.014 pos=(-40.767,0.002,18.293) bounded=true
tick=5100 phase=following reason=path_ready wp=0 dist_wp=2.10 bearing_deg=0.79 speed=0.000 pos=(-40.768,0.001,18.295) bounded=true
tick=5130 phase=following reason=path_ready wp=0 dist_wp=2.10 bearing_deg=0.79 speed=0.000 pos=(-40.768,0.001,18.295) bounded=true
tick=5160 phase=reverse reason=insufficient_actual_progress wp=0 dist_wp=2.12 bearing_deg=0.79 speed=-0.039 pos=(-40.760,0.002,18.285) bounded=true
tick=5190 phase=reverse reason=insufficient_actual_progress wp=0 dist_wp=2.38 bearing_deg=0.70 speed=-0.185 pos=(-40.600,0.004,18.069) bounded=true
tick=5220 phase=reverse reason=insufficient_actual_progress wp=0 dist_wp=2.96 bearing_deg=0.56 speed=-0.295 pos=(-40.256,0.003,17.606) bounded=true
tick=5250 phase=turn_recovery reason=reverse_complete wp=0 dist_wp=3.11 bearing_deg=-15.00 speed=0.000 pos=(-40.169,0.003,17.488) bounded=true
tick=5280 phase=following reason=path_ready wp=0 dist_wp=3.11 bearing_deg=-17.50 speed=0.000 pos=(-40.169,0.001,17.488) bounded=true
tick=5310 phase=following reason=path_ready wp=0 dist_wp=3.10 bearing_deg=-8.46 speed=0.012 pos=(-40.172,0.001,17.493) bounded=true
tick=5340 phase=following reason=path_ready wp=0 dist_wp=3.06 bearing_deg=-4.14 speed=0.023 pos=(-40.193,0.001,17.530) bounded=true
tick=5370 phase=following reason=path_ready wp=0 dist_wp=3.00 bearing_deg=-2.04 speed=0.029 pos=(-40.227,0.001,17.581) bounded=true
tick=5400 phase=failed reason=recovery_limit wp=0 dist_wp=2.93 bearing_deg=-1.03 speed=0.000 pos=(-40.265,0.001,17.636) bounded=true
