tick=0 phase=following reason=path_ready wp=1 dist_wp=13.42 bearing_deg=-26.57 speed=0.000 pos=(27.000,0.004,130.000) thr=0.00 steer=-1.00 blocked=false attempts=0 stuck_s=0.00 pitch=-0.00 roll=0.00 normal_y=1.00 contacts=0[] bounded=true
tick=30 phase=following reason=path_ready wp=1 dist_wp=13.31 bearing_deg=-13.29 speed=0.185 pos=(27.022,0.005,129.896) thr=0.95 steer=-0.54 blocked=false attempts=0 stuck_s=0.20 pitch=0.08 roll=0.00 normal_y=1.00 contacts=3[VillageTerrain,VillageTerrain,VillageTerrain] bounded=true
tick=60 phase=following reason=path_ready wp=1 dist_wp=12.22 bearing_deg=-7.07 speed=0.632 pos=(27.364,0.009,128.844) thr=0.91 steer=-0.29 blocked=false attempts=0 stuck_s=0.00 pitch=0.16 roll=0.00 normal_y=1.00 contacts=3[VillageTerrain,VillageTerrain,VillageTerrain] bounded=true
tick=90 phase=following reason=path_ready wp=1 dist_wp=10.01 bearing_deg=-4.27 speed=1.021 pos=(28.220,0.008,126.799) thr=0.81 steer=-0.17 blocked=false attempts=0 stuck_s=0.05 pitch=0.14 roll=0.00 normal_y=1.00 contacts=3[VillageTerrain,VillageTerrain,VillageTerrain] bounded=true
tick=120 phase=following reason=path_ready wp=1 dist_wp=6.90 bearing_deg=-3.09 speed=1.310 pos=(29.569,0.006,123.987) thr=0.66 steer=-0.12 blocked=false attempts=0 stuck_s=0.02 pitch=0.10 roll=0.00 normal_y=1.00 contacts=3[VillageTerrain,VillageTerrain,VillageTerrain] bounded=true
tick=150 phase=following reason=path_ready wp=1 dist_wp=3.22 bearing_deg=-3.32 speed=1.440 pos=(31.287,0.003,120.730) thr=0.39 steer=-0.13 blocked=false attempts=0 stuck_s=0.00 pitch=0.05 roll=0.00 normal_y=1.00 contacts=3[VillageTerrain,VillageTerrain,VillageTerrain] bounded=true
tick=180 phase=following reason=path_ready wp=1 dist_wp=0.28 bearing_deg=-19.40 speed=0.409 pos=(32.775,0.024,118.169) thr=0.00 steer=-0.71 blocked=false attempts=0 stuck_s=0.00 pitch=-0.43 roll=0.00 normal_y=1.00 contacts=3[VillageTerrain,VillageTerrain,VillageTerrain] bounded=true
tick=210 phase=following reason=path_ready wp=2 dist_wp=19.69 bearing_deg=-35.33 speed=0.000 pos=(32.836,0.007,118.082) thr=0.00 steer=-1.00 blocked=false attempts=0 stuck_s=0.00 pitch=-0.11 roll=0.00 normal_y=1.00 contacts=1[VillageTerrain] bounded=true
tick=240 phase=following reason=path_ready wp=2 dist_wp=19.69 bearing_deg=-18.32 speed=0.000 pos=(32.836,0.001,118.082) thr=0.00 steer=-0.75 blocked=false attempts=0 stuck_s=0.00 pitch=-0.00 roll=0.00 normal_y=1.00 contacts=1[VillageTerrain] bounded=true
tick=270 phase=following reason=path_ready wp=2 dist_wp=19.07 bearing_deg=-9.19 speed=0.482 pos=(33.454,0.009,117.923) thr=1.00 steer=-0.38 blocked=false attempts=0 stuck_s=0.10 pitch=0.16 roll=0.00 normal_y=1.00 contacts=3[VillageTerrain,VillageTerrain,VillageTerrain] bounded=true
tick=300 phase=following reason=path_ready wp=2 dist_wp=17.13 bearing_deg=-5.04 speed=0.977 pos=(35.380,0.010,117.620) thr=1.00 steer=-0.21 blocked=false attempts=0 stuck_s=0.05 pitch=0.18 roll=0.00 normal_y=1.00 contacts=3[VillageTerrain,VillageTerrain,VillageTerrain] bounded=true
tick=330 phase=following reason=path_ready wp=2 dist_wp=13.89 bearing_deg=-3.11 speed=1.465 pos=(38.616,0.010,117.308) thr=0.98 steer=-0.13 blocked=false attempts=0 stuck_s=0.03 pitch=0.18 roll=0.00 normal_y=1.00 contacts=3[VillageTerrain,VillageTerrain,VillageTerrain] bounded=true
tick=360 phase=following reason=path_ready wp=2 dist_wp=9.45 bearing_deg=-2.32 speed=1.862 pos=(43.052,0.008,117.047) thr=0.79 steer=-0.09 blocked=false attempts=0 stuck_s=0.03 pitch=0.14 roll=0.00 normal_y=1.00 contacts=3[VillageTerrain,VillageTerrain,VillageTerrain] bounded=true
tick=390 phase=following reason=path_ready wp=2 dist_wp=4.20 bearing_deg=-2.66 speed=2.069 pos=(48.303,0.005,116.882) thr=0.48 steer=-0.10 blocked=false attempts=0 stuck_s=0.00 pitch=0.07 roll=0.00 normal_y=1.00 contacts=3[VillageTerrain,VillageTerrain,VillageTerrain] bounded=true
tick=420 phase=following reason=path_ready wp=2 dist_wp=0.47 bearing_deg=-165.01 speed=1.045 pos=(52.959,0.024,116.924) thr=0.00 steer=-1.00 blocked=false attempts=0 stuck_s=0.00 pitch=-0.43 roll=0.00 normal_y=1.00 contacts=3[VillageTerrain,VillageTerrain,VillageTerrain] bounded=true
tick=450 phase=following reason=path_ready wp=3 dist_wp=17.63 bearing_deg=10.76 speed=0.628 pos=(54.408,0.005,117.154) thr=1.00 steer=0.44 blocked=false attempts=0 stuck_s=0.12 pitch=-0.07 roll=0.00 normal_y=1.00 contacts=3[VillageTerrain,VillageTerrain,VillageTerrain] bounded=true
tick=480 phase=following reason=path_ready wp=3 dist_wp=15.32 bearing_deg=6.13 speed=1.120 pos=(56.736,0.010,117.296) thr=1.00 steer=0.25 blocked=false attempts=0 stuck_s=0.05 pitch=0.17 roll=0.00 normal_y=1.00 contacts=3[VillageTerrain,VillageTerrain,VillageTerrain] bounded=true
tick=510 phase=following reason=path_ready wp=3 dist_wp=11.73 bearing_deg=4.02 speed=1.575 pos=(60.338,0.009,117.253) thr=0.89 steer=0.16 blocked=false attempts=0 stuck_s=0.03 pitch=0.16 roll=0.00 normal_y=1.00 contacts=3[VillageTerrain,VillageTerrain,VillageTerrain] bounded=true
tick=540 phase=following reason=path_ready wp=3 dist_wp=7.11 bearing_deg=3.37 speed=1.895 pos=(64.960,0.007,116.975) thr=0.67 steer=0.13 blocked=false attempts=0 stuck_s=0.03 pitch=0.11 roll=0.00 normal_y=1.00 contacts=3[VillageTerrain,VillageTerrain,VillageTerrain] bounded=true
tick=570 phase=following reason=path_ready wp=3 dist_wp=1.87 bearing_deg=6.54 speed=2.026 pos=(70.180,0.003,116.446) thr=0.24 steer=0.24 blocked=false attempts=0 stuck_s=0.02 pitch=0.05 roll=0.00 normal_y=1.00 contacts=3[VillageTerrain,VillageTerrain,VillageTerrain] bounded=true
tick=600 phase=following reason=path_ready wp=3 dist_wp=1.14 bearing_deg=166.15 speed=0.329 pos=(73.134,0.031,115.853) thr=0.00 steer=1.00 blocked=false attempts=0 stuck_s=0.00 pitch=-0.55 roll=0.00 normal_y=1.00 contacts=3[VillageTerrain,VillageTerrain,VillageTerrain] bounded=true
tick=630 phase=following reason=path_ready wp=4 dist_wp=21.86 bearing_deg=53.92 speed=0.000 pos=(73.200,0.006,115.825) thr=0.00 steer=1.00 blocked=false attempts=0 stuck_s=0.00 pitch=-0.10 roll=0.00 normal_y=1.00 contacts=1[VillageTerrain] bounded=true
tick=660 phase=following reason=path_ready wp=4 dist_wp=21.86 bearing_deg=35.92 speed=0.000 pos=(73.200,0.000,115.825) thr=0.00 steer=1.00 blocked=false attempts=0 stuck_s=0.00 pitch=-0.00 roll=0.00 normal_y=1.00 contacts=1[VillageTerrain] bounded=true
tick=690 phase=following reason=path_ready wp=4 dist_wp=21.86 bearing_deg=18.77 speed=0.000 pos=(73.200,0.000,115.825) thr=0.00 steer=0.77 blocked=false attempts=0 stuck_s=0.00 pitch=-0.00 roll=0.00 normal_y=1.00 contacts=1[VillageTerrain] bounded=true
tick=720 phase=following reason=path_ready wp=4 dist_wp=21.12 bearing_deg=9.45 speed=0.586 pos=(73.308,0.011,115.084) thr=1.00 steer=0.39 blocked=false attempts=0 stuck_s=0.13 pitch=0.20 roll=0.00 normal_y=1.00 contacts=3[VillageTerrain,VillageTerrain,VillageTerrain] bounded=true
tick=750 phase=following reason=path_ready wp=4 dist_wp=18.73 bearing_deg=5.28 speed=1.231 pos=(73.425,0.013,112.681) thr=1.00 steer=0.21 blocked=false attempts=0 stuck_s=0.05 pitch=0.23 roll=0.00 normal_y=1.00 contacts=3[VillageTerrain,VillageTerrain,VillageTerrain] bounded=true
tick=780 phase=following reason=path_ready wp=4 dist_wp=14.54 bearing_deg=3.43 speed=1.927 pos=(73.367,0.014,108.476) thr=1.00 steer=0.14 blocked=false attempts=0 stuck_s=0.02 pitch=0.25 roll=0.00 normal_y=1.00 contacts=3[VillageTerrain,VillageTerrain,VillageTerrain] bounded=true
tick=810 phase=following reason=path_ready wp=4 dist_wp=8.77 bearing_deg=2.92 speed=2.327 pos=(73.058,0.007,102.711) thr=0.76 steer=0.12 blocked=false attempts=0 stuck_s=0.02 pitch=0.12 roll=0.00 normal_y=1.00 contacts=3[VillageTerrain,VillageTerrain,VillageTerrain] bounded=true
tick=840 phase=following reason=path_ready wp=4 dist_wp=2.11 bearing_deg=6.34 speed=2.606 pos=(72.463,0.007,96.054) thr=0.28 steer=0.23 blocked=false attempts=0 stuck_s=0.02 pitch=0.11 roll=0.00 normal_y=1.00 contacts=3[VillageTerrain,VillageTerrain,VillageTerrain] bounded=true
tick=870 phase=following reason=path_ready wp=4 dist_wp=2.56 bearing_deg=169.86 speed=0.995 pos=(71.539,0.030,91.479) thr=0.00 steer=1.00 blocked=false attempts=0 stuck_s=0.00 pitch=-0.52 roll=0.00 normal_y=1.00 contacts=3[VillageTerrain,VillageTerrain,VillageTerrain] bounded=true
tick=900 phase=following reason=path_ready wp=4 dist_wp=3.33 bearing_deg=155.38 speed=0.000 pos=(71.213,0.018,90.761) thr=0.00 steer=1.00 blocked=false attempts=0 stuck_s=0.00 pitch=-0.32 roll=0.00 normal_y=1.00 contacts=1[VillageTerrain] bounded=true
tick=930 phase=following reason=path_ready wp=4 dist_wp=3.33 bearing_deg=137.38 speed=0.000 pos=(71.213,0.002,90.761) thr=0.00 steer=1.00 blocked=false attempts=0 stuck_s=0.00 pitch=-0.02 roll=0.00 normal_y=1.00 contacts=1[VillageTerrain] bounded=true
tick=960 phase=following reason=path_ready wp=4 dist_wp=3.33 bearing_deg=119.38 speed=0.000 pos=(71.213,0.001,90.761) thr=0.00 steer=1.00 blocked=false attempts=0 stuck_s=0.00 pitch=-0.00 roll=0.00 normal_y=1.00 contacts=1[VillageTerrain] bounded=true
tick=990 phase=following reason=path_ready wp=4 dist_wp=3.33 bearing_deg=101.38 speed=0.000 pos=(71.213,0.001,90.761) thr=0.00 steer=1.00 blocked=false attempts=0 stuck_s=0.00 pitch=-0.00 roll=0.00 normal_y=1.00 contacts=1[VillageTerrain] bounded=true
tick=1020 phase=following reason=path_ready wp=4 dist_wp=3.33 bearing_deg=83.38 speed=0.000 pos=(71.213,0.001,90.761) thr=0.00 steer=1.00 blocked=false attempts=0 stuck_s=0.00 pitch=-0.00 roll=0.00 normal_y=1.00 contacts=1[VillageTerrain] bounded=true
tick=1050 phase=following reason=path_ready wp=4 dist_wp=3.33 bearing_deg=65.38 speed=0.000 pos=(71.213,0.001,90.761) thr=0.00 steer=1.00 blocked=false attempts=0 stuck_s=0.00 pitch=-0.00 roll=0.00 normal_y=1.00 contacts=1[VillageTerrain] bounded=true
tick=1080 phase=following reason=path_ready wp=4 dist_wp=3.33 bearing_deg=47.38 speed=0.000 pos=(71.213,0.001,90.761) thr=0.00 steer=1.00 blocked=false attempts=0 stuck_s=0.00 pitch=-0.00 roll=0.00 normal_y=1.00 contacts=1[VillageTerrain] bounded=true
tick=1110 phase=following reason=path_ready wp=4 dist_wp=3.33 bearing_deg=29.38 speed=0.000 pos=(71.213,0.001,90.761) thr=0.00 steer=1.00 blocked=false attempts=0 stuck_s=0.00 pitch=-0.00 roll=0.00 normal_y=1.00 contacts=1[VillageTerrain] bounded=true
tick=1140 phase=following reason=path_ready wp=4 dist_wp=3.30 bearing_deg=14.54 speed=0.073 pos=(71.212,0.003,90.792) thr=0.39 steer=0.59 blocked=false attempts=0 stuck_s=0.15 pitch=0.03 roll=0.00 normal_y=1.00 contacts=3[VillageTerrain,VillageTerrain,VillageTerrain] bounded=true
tick=1170 phase=following reason=path_ready wp=4 dist_wp=2.80 bearing_deg=8.34 speed=0.300 pos=(71.252,0.005,91.302) thr=0.34 steer=0.34 blocked=false attempts=0 stuck_s=0.10 pitch=0.08 roll=0.00 normal_y=1.00 contacts=3[VillageTerrain,VillageTerrain,VillageTerrain] bounded=true
tick=1200 phase=following reason=path_ready wp=4 dist_wp=1.78 bearing_deg=6.41 speed=0.455 pos=(71.431,0.004,92.313) thr=0.20 steer=0.26 blocked=false attempts=0 stuck_s=0.02 pitch=0.06 roll=0.00 normal_y=1.00 contacts=3[VillageTerrain,VillageTerrain,VillageTerrain] bounded=true
tick=1230 phase=following reason=path_ready wp=5 dist_wp=20.96 bearing_deg=155.38 speed=0.000 pos=(71.588,0.011,92.958) thr=0.00 steer=1.00 blocked=false attempts=0 stuck_s=0.00 pitch=-0.19 roll=0.00 normal_y=1.00 contacts=1[VillageTerrain] bounded=true
tick=1260 phase=following reason=path_ready wp=5 dist_wp=20.96 bearing_deg=137.38 speed=0.000 pos=(71.588,0.001,92.958) thr=0.00 steer=1.00 blocked=false attempts=0 stuck_s=0.00 pitch=-0.01 roll=0.00 normal_y=1.00 contacts=1[VillageTerrain] bounded=true
tick=1290 phase=following reason=path_ready wp=5 dist_wp=20.96 bearing_deg=119.38 speed=0.000 pos=(71.588,0.000,92.958) thr=0.00 steer=1.00 blocked=false attempts=0 stuck_s=0.00 pitch=-0.00 roll=0.00 normal_y=1.00 contacts=1[VillageTerrain] bounded=true
tick=1320 phase=following reason=path_ready wp=5 dist_wp=20.96 bearing_deg=101.38 speed=0.000 pos=(71.588,0.000,92.958) thr=0.00 steer=1.00 blocked=false attempts=0 stuck_s=0.00 pitch=-0.00 roll=0.00 normal_y=1.00 contacts=1[VillageTerrain] bounded=true
tick=1350 phase=following reason=path_ready wp=5 dist_wp=20.96 bearing_deg=83.38 speed=0.000 pos=(71.588,0.000,92.958) thr=0.00 steer=1.00 blocked=false attempts=0 stuck_s=0.00 pitch=-0.00 roll=0.00 normal_y=1.00 contacts=1[VillageTerrain] bounded=true
tick=1380 phase=following reason=path_ready wp=5 dist_wp=20.96 bearing_deg=65.38 speed=0.000 pos=(71.588,0.000,92.958) thr=0.00 steer=1.00 blocked=false attempts=0 stuck_s=0.00 pitch=-0.00 roll=0.00 normal_y=1.00 contacts=1[VillageTerrain] bounded=true
tick=1410 phase=following reason=path_ready wp=5 dist_wp=20.96 bearing_deg=47.38 speed=0.000 pos=(71.588,0.000,92.958) thr=0.00 steer=1.00 blocked=false attempts=0 stuck_s=0.00 pitch=-0.00 roll=0.00 normal_y=1.00 contacts=1[VillageTerrain] bounded=true
tick=1440 phase=following reason=path_ready wp=5 dist_wp=20.96 bearing_deg=29.38 speed=0.000 pos=(71.588,0.000,92.958) thr=0.00 steer=1.00 blocked=false attempts=0 stuck_s=0.00 pitch=-0.00 roll=0.00 normal_y=1.00 contacts=1[VillageTerrain] bounded=true
tick=1470 phase=following reason=path_ready wp=5 dist_wp=20.87 bearing_deg=14.48 speed=0.214 pos=(71.615,0.006,92.868) thr=1.00 steer=0.59 blocked=false attempts=0 stuck_s=0.15 pitch=0.09 roll=0.00 normal_y=1.00 contacts=3[VillageTerrain,VillageTerrain,VillageTerrain] bounded=true
tick=1500 phase=following reason=path_ready wp=5 dist_wp=19.36 bearing_deg=7.66 speed=0.925 pos=(71.894,0.014,91.356) thr=1.00 steer=0.31 blocked=false attempts=0 stuck_s=0.02 pitch=0.25 roll=0.00 normal_y=1.00 contacts=3[VillageTerrain,VillageTerrain,VillageTerrain] bounded=true
tick=1530 phase=following reason=path_ready wp=5 dist_wp=15.97 bearing_deg=4.65 speed=1.626 pos=(72.219,0.014,87.969) thr=1.00 steer=0.19 blocked=false attempts=0 stuck_s=0.02 pitch=0.25 roll=0.00 normal_y=1.00 contacts=3[VillageTerrain,VillageTerrain,VillageTerrain] bounded=true
tick=1560 phase=following reason=path_ready wp=5 dist_wp=10.77 bearing_deg=3.52 speed=2.239 pos=(72.433,0.013,82.766) thr=0.85 steer=0.14 blocked=false attempts=0 stuck_s=0.02 pitch=0.23 roll=0.00 normal_y=1.00 contacts=3[VillageTerrain,VillageTerrain,VillageTerrain] bounded=true
tick=1590 phase=following reason=path_ready wp=5 dist_wp=4.56 bearing_deg=4.30 speed=2.530 pos=(72.433,0.008,76.540) thr=0.51 steer=0.17 blocked=false attempts=0 stuck_s=0.02 pitch=0.13 roll=0.00 normal_y=1.00 contacts=3[VillageTerrain,VillageTerrain,VillageTerrain] bounded=true
tick=1620 phase=following reason=path_ready wp=5 dist_wp=1.30 bearing_deg=168.09 speed=1.524 pos=(72.029,0.023,70.704) thr=0.00 steer=1.00 blocked=false attempts=0 stuck_s=0.00 pitch=-0.41 roll=0.00 normal_y=1.00 contacts=3[VillageTerrain,VillageTerrain,VillageTerrain] bounded=true
tick=1650 phase=following reason=path_ready wp=5 dist_wp=3.12 bearing_deg=161.04 speed=0.000 pos=(71.505,0.032,68.915) thr=0.00 steer=1.00 blocked=false attempts=0 stuck_s=0.00 pitch=-0.56 roll=0.00 normal_y=1.00 contacts=1[VillageTerrain] bounded=true
tick=1680 phase=following reason=path_ready wp=5 dist_wp=3.12 bearing_deg=143.04 speed=0.000 pos=(71.505,0.003,68.915) thr=0.00 steer=1.00 blocked=false attempts=0 stuck_s=0.00 pitch=-0.05 roll=0.00 normal_y=1.00 contacts=1[VillageTerrain] bounded=true
tick=1710 phase=following reason=path_ready wp=5 dist_wp=3.12 bearing_deg=125.04 speed=0.000 pos=(71.505,0.000,68.915) thr=0.00 steer=1.00 blocked=false attempts=0 stuck_s=0.00 pitch=-0.00 roll=0.00 normal_y=1.00 contacts=1[VillageTerrain] bounded=true
tick=1740 phase=following reason=path_ready wp=5 dist_wp=3.12 bearing_deg=107.04 speed=0.000 pos=(71.505,0.000,68.915) thr=0.00 steer=1.00 blocked=false attempts=0 stuck_s=0.00 pitch=-0.00 roll=0.00 normal_y=1.00 contacts=1[VillageTerrain] bounded=true
tick=1770 phase=following reason=path_ready wp=5 dist_wp=3.12 bearing_deg=89.04 speed=0.000 pos=(71.505,0.000,68.915) thr=0.00 steer=1.00 blocked=false attempts=0 stuck_s=0.00 pitch=-0.00 roll=0.00 normal_y=1.00 contacts=1[VillageTerrain] bounded=true
tick=1800 phase=following reason=path_ready wp=5 dist_wp=3.12 bearing_deg=71.04 speed=0.000 pos=(71.505,0.000,68.915) thr=0.00 steer=1.00 blocked=false attempts=0 stuck_s=0.00 pitch=-0.00 roll=0.00 normal_y=1.00 contacts=1[VillageTerrain] bounded=true
tick=1830 phase=following reason=path_ready wp=5 dist_wp=3.12 bearing_deg=53.04 speed=0.000 pos=(71.505,0.000,68.915) thr=0.00 steer=1.00 blocked=false attempts=0 stuck_s=0.00 pitch=-0.00 roll=0.00 normal_y=1.00 contacts=1[VillageTerrain] bounded=true
tick=1860 phase=following reason=path_ready wp=5 dist_wp=3.12 bearing_deg=35.04 speed=0.000 pos=(71.505,0.000,68.915) thr=0.00 steer=1.00 blocked=false attempts=0 stuck_s=0.00 pitch=-0.00 roll=0.00 normal_y=1.00 contacts=1[VillageTerrain] bounded=true
tick=1890 phase=following reason=path_ready wp=5 dist_wp=3.12 bearing_deg=18.11 speed=0.000 pos=(71.505,0.000,68.915) thr=0.00 steer=0.74 blocked=false attempts=0 stuck_s=0.00 pitch=-0.00 roll=0.00 normal_y=1.00 contacts=1[VillageTerrain] bounded=true
tick=1920 phase=following reason=path_ready wp=5 dist_wp=2.84 bearing_deg=9.64 speed=0.214 pos=(71.495,0.005,69.201) thr=0.34 steer=0.39 blocked=false attempts=0 stuck_s=0.48 pitch=0.07 roll=0.00 normal_y=1.00 contacts=3[VillageTerrain,VillageTerrain,VillageTerrain] bounded=true
tick=1950 phase=following reason=path_ready wp=5 dist_wp=2.04 bearing_deg=6.57 speed=0.386 pos=(71.551,0.004,70.015) thr=0.24 steer=0.26 blocked=false attempts=0 stuck_s=0.18 pitch=0.06 roll=0.00 normal_y=1.00 contacts=3[VillageTerrain,VillageTerrain,VillageTerrain] bounded=true
tick=1980 phase=following reason=path_ready wp=6 dist_wp=20.89 bearing_deg=164.87 speed=0.000 pos=(71.676,0.010,70.882) thr=0.00 steer=1.00 blocked=false attempts=0 stuck_s=0.00 pitch=-0.19 roll=0.00 normal_y=1.00 contacts=1[VillageTerrain] bounded=true
tick=2010 phase=following reason=path_ready wp=6 dist_wp=20.89 bearing_deg=146.87 speed=0.000 pos=(71.676,0.002,70.882) thr=0.00 steer=1.00 blocked=false attempts=0 stuck_s=0.00 pitch=-0.03 roll=0.00 normal_y=1.00 contacts=1[VillageTerrain] bounded=true
tick=2040 phase=following reason=path_ready wp=6 dist_wp=20.89 bearing_deg=128.87 speed=0.000 pos=(71.676,0.001,70.882) thr=0.00 steer=1.00 blocked=false attempts=0 stuck_s=0.00 pitch=-0.00 roll=0.00 normal_y=1.00 contacts=1[VillageTerrain] bounded=true
tick=2070 phase=following reason=path_ready wp=6 dist_wp=20.89 bearing_deg=110.87 speed=0.000 pos=(71.676,0.001,70.882) thr=0.00 steer=1.00 blocked=false attempts=0 stuck_s=0.00 pitch=-0.00 roll=0.00 normal_y=1.00 contacts=1[VillageTerrain] bounded=true
tick=2100 phase=following reason=path_ready wp=6 dist_wp=20.89 bearing_deg=92.87 speed=0.000 pos=(71.676,0.001,70.882) thr=0.00 steer=1.00 blocked=false attempts=0 stuck_s=0.00 pitch=-0.00 roll=0.00 normal_y=1.00 contacts=1[VillageTerrain] bounded=true
tick=2130 phase=following reason=path_ready wp=6 dist_wp=20.89 bearing_deg=74.87 speed=0.000 pos=(71.676,0.001,70.882) thr=0.00 steer=1.00 blocked=false attempts=0 stuck_s=0.00 pitch=-0.00 roll=0.00 normal_y=1.00 contacts=1[VillageTerrain] bounded=true
tick=2160 phase=following reason=path_ready wp=6 dist_wp=20.89 bearing_deg=56.87 speed=0.000 pos=(71.676,0.001,70.882) thr=0.00 steer=1.00 blocked=false attempts=0 stuck_s=0.00 pitch=-0.00 roll=0.00 normal_y=1.00 contacts=1[VillageTerrain] bounded=true
tick=2190 phase=following reason=path_ready wp=6 dist_wp=20.89 bearing_deg=38.87 speed=0.000 pos=(71.676,0.001,70.882) thr=0.00 steer=1.00 blocked=false attempts=0 stuck_s=0.00 pitch=-0.00 roll=0.00 normal_y=1.00 contacts=1[VillageTerrain] bounded=true
tick=2220 phase=following reason=path_ready wp=6 dist_wp=20.89 bearing_deg=21.15 speed=0.000 pos=(71.676,0.001,70.882) thr=0.00 steer=0.87 blocked=false attempts=0 stuck_s=0.00 pitch=-0.00 roll=0.00 normal_y=1.00 contacts=1[VillageTerrain] bounded=true
tick=2250 phase=following reason=path_ready wp=6 dist_wp=20.32 bearing_deg=10.55 speed=0.547 pos=(71.808,0.012,70.319) thr=1.00 steer=0.43 blocked=false attempts=0 stuck_s=0.07 pitch=0.21 roll=0.00 normal_y=1.00 contacts=3[VillageTerrain,VillageTerrain,VillageTerrain] bounded=true
tick=2280 phase=following reason=path_ready wp=6 dist_wp=17.93 bearing_deg=5.93 speed=1.254 pos=(72.126,0.014,67.929) thr=1.00 steer=0.24 blocked=false attempts=0 stuck_s=0.03 pitch=0.25 roll=0.00 normal_y=1.00 contacts=3[VillageTerrain,VillageTerrain,VillageTerrain] bounded=true
tick=2310 phase=following reason=path_ready wp=6 dist_wp=13.68 bearing_deg=3.93 speed=1.946 pos=(72.394,0.014,63.675) thr=0.97 steer=0.16 blocked=false attempts=0 stuck_s=0.00 pitch=0.25 roll=0.00 normal_y=1.00 contacts=3[VillageTerrain,VillageTerrain,VillageTerrain] bounded=true
tick=2340 phase=following reason=path_ready wp=6 dist_wp=7.92 bearing_deg=3.49 speed=2.323 pos=(72.495,0.007,57.903) thr=0.72 steer=0.14 blocked=false attempts=0 stuck_s=0.02 pitch=0.11 roll=0.00 normal_y=1.00 contacts=3[VillageTerrain,VillageTerrain,VillageTerrain] bounded=true
tick=2370 phase=following reason=path_ready wp=6 dist_wp=1.38 bearing_deg=10.44 speed=2.378 pos=(72.326,0.003,51.340) thr=0.15 steer=0.37 blocked=false attempts=0 stuck_s=0.00 pitch=0.03 roll=0.00 normal_y=1.00 contacts=3[VillageTerrain,VillageTerrain,VillageTerrain] bounded=true
tick=2400 phase=following reason=path_ready wp=6 dist_wp=2.67 bearing_deg=168.12 speed=0.754 pos=(71.668,0.031,47.349) thr=0.00 steer=1.00 blocked=false attempts=0 stuck_s=0.00 pitch=-0.54 roll=0.00 normal_y=1.00 contacts=3[VillageTerrain,VillageTerrain,VillageTerrain] bounded=true
tick=2430 phase=following reason=path_ready wp=6 dist_wp=3.09 bearing_deg=152.30 speed=0.000 pos=(71.506,0.012,46.947) thr=0.00 steer=1.00 blocked=false attempts=0 stuck_s=0.00 pitch=-0.22 roll=0.00 normal_y=1.00 contacts=1[VillageTerrain] bounded=true
tick=2460 phase=following reason=path_ready wp=6 dist_wp=3.09 bearing_deg=134.30 speed=0.000 pos=(71.506,0.001,46.947) thr=0.00 steer=1.00 blocked=false attempts=0 stuck_s=0.00 pitch=-0.01 roll=0.00 normal_y=1.00 contacts=1[VillageTerrain] bounded=true
tick=2490 phase=following reason=path_ready wp=6 dist_wp=3.09 bearing_deg=116.30 speed=0.000 pos=(71.506,0.001,46.947) thr=0.00 steer=1.00 blocked=false attempts=0 stuck_s=0.00 pitch=-0.00 roll=0.00 normal_y=1.00 contacts=1[VillageTerrain] bounded=true
tick=2520 phase=following reason=path_ready wp=6 dist_wp=3.09 bearing_deg=98.30 speed=0.000 pos=(71.506,0.001,46.947) thr=0.00 steer=1.00 blocked=false attempts=0 stuck_s=0.00 pitch=-0.00 roll=0.00 normal_y=1.00 contacts=1[VillageTerrain] bounded=true
tick=2550 phase=following reason=path_ready wp=6 dist_wp=3.09 bearing_deg=80.30 speed=0.000 pos=(71.506,0.001,46.947) thr=0.00 steer=1.00 blocked=false attempts=0 stuck_s=0.00 pitch=-0.00 roll=0.00 normal_y=1.00 contacts=1[VillageTerrain] bounded=true
tick=2580 phase=following reason=path_ready wp=6 dist_wp=3.09 bearing_deg=62.30 speed=0.000 pos=(71.506,0.001,46.947) thr=0.00 steer=1.00 blocked=false attempts=0 stuck_s=0.00 pitch=-0.00 roll=0.00 normal_y=1.00 contacts=1[VillageTerrain] bounded=true
tick=2610 phase=following reason=path_ready wp=6 dist_wp=3.09 bearing_deg=44.30 speed=0.000 pos=(71.506,0.001,46.947) thr=0.00 steer=1.00 blocked=false attempts=0 stuck_s=0.00 pitch=-0.00 roll=0.00 normal_y=1.00 contacts=1[VillageTerrain] bounded=true
tick=2640 phase=following reason=path_ready wp=6 dist_wp=3.09 bearing_deg=26.30 speed=0.000 pos=(71.506,0.001,46.947) thr=0.00 steer=1.00 blocked=false attempts=0 stuck_s=0.00 pitch=-0.00 roll=0.00 normal_y=1.00 contacts=1[VillageTerrain] bounded=true
tick=2670 phase=following reason=path_ready wp=6 dist_wp=3.04 bearing_deg=12.95 speed=0.085 pos=(71.501,0.003,47.002) thr=0.36 steer=0.53 blocked=false attempts=0 stuck_s=0.23 pitch=0.04 roll=0.00 normal_y=1.00 contacts=3[VillageTerrain,VillageTerrain,VillageTerrain] bounded=true
tick=2700 phase=following reason=path_ready wp=6 dist_wp=2.59 bearing_deg=7.38 speed=0.248 pos=(71.510,0.004,47.457) thr=0.32 steer=0.30 blocked=false attempts=0 stuck_s=0.10 pitch=0.06 roll=0.00 normal_y=1.00 contacts=3[VillageTerrain,VillageTerrain,VillageTerrain] bounded=true
tick=2730 phase=following reason=path_ready wp=6 dist_wp=1.77 bearing_deg=5.25 speed=0.364 pos=(71.596,0.003,48.273) thr=0.20 steer=0.21 blocked=false attempts=0 stuck_s=0.12 pitch=0.04 roll=0.00 normal_y=1.00 contacts=3[VillageTerrain,VillageTerrain,VillageTerrain] bounded=true
tick=2760 phase=following reason=path_ready wp=7 dist_wp=20.21 bearing_deg=-134.85 speed=0.000 pos=(71.691,0.010,48.878) thr=0.00 steer=-1.00 blocked=false attempts=0 stuck_s=0.00 pitch=-0.18 roll=0.00 normal_y=1.00 contacts=1[VillageTerrain] bounded=true
tick=2790 phase=following reason=path_ready wp=7 dist_wp=20.21 bearing_deg=-116.85 speed=0.000 pos=(71.691,0.001,48.878) thr=0.00 steer=-1.00 blocked=false attempts=0 stuck_s=0.00 pitch=-0.01 roll=0.00 normal_y=1.00 contacts=1[VillageTerrain] bounded=true
tick=2820 phase=following reason=path_ready wp=7 dist_wp=20.21 bearing_deg=-98.85 speed=0.000 pos=(71.691,0.000,48.878) thr=0.00 steer=-1.00 blocked=false attempts=0 stuck_s=0.00 pitch=-0.00 roll=0.00 normal_y=1.00 contacts=1[VillageTerrain] bounded=true
tick=2850 phase=following reason=path_ready wp=7 dist_wp=20.21 bearing_deg=-80.85 speed=0.000 pos=(71.691,0.000,48.878) thr=0.00 steer=-1.00 blocked=false attempts=0 stuck_s=0.00 pitch=-0.00 roll=0.00 normal_y=1.00 contacts=1[VillageTerrain] bounded=true
tick=2880 phase=following reason=path_ready wp=7 dist_wp=20.21 bearing_deg=-62.85 speed=0.000 pos=(71.691,0.000,48.878) thr=0.00 steer=-1.00 blocked=false attempts=0 stuck_s=0.00 pitch=-0.00 roll=0.00 normal_y=1.00 contacts=1[VillageTerrain] bounded=true
tick=2910 phase=following reason=path_ready wp=7 dist_wp=20.21 bearing_deg=-44.85 speed=0.000 pos=(71.691,0.000,48.878) thr=0.00 steer=-1.00 blocked=false attempts=0 stuck_s=0.00 pitch=-0.00 roll=0.00 normal_y=1.00 contacts=1[VillageTerrain] bounded=true
tick=2940 phase=following reason=path_ready wp=7 dist_wp=20.21 bearing_deg=-26.85 speed=0.000 pos=(71.691,0.000,48.878) thr=0.00 steer=-1.00 blocked=false attempts=0 stuck_s=0.00 pitch=-0.00 roll=0.00 normal_y=1.00 contacts=1[VillageTerrain] bounded=true
tick=2970 phase=following reason=path_ready wp=7 dist_wp=20.04 bearing_deg=-13.14 speed=0.291 pos=(71.534,0.008,48.791) thr=1.00 steer=-0.54 blocked=false attempts=0 stuck_s=0.22 pitch=0.13 roll=0.00 normal_y=1.00 contacts=3[VillageTerrain,VillageTerrain,VillageTerrain] bounded=true
tick=3000 phase=following reason=path_ready wp=7 dist_wp=18.37 bearing_deg=-7.04 speed=0.970 pos=(70.151,0.014,47.827) thr=1.00 steer=-0.29 blocked=false attempts=0 stuck_s=0.07 pitch=0.24 roll=0.00 normal_y=1.00 contacts=3[VillageTerrain,VillageTerrain,VillageTerrain] bounded=true
tick=3030 phase=following reason=path_ready wp=7 dist_wp=14.87 bearing_deg=-4.36 speed=1.670 pos=(67.437,0.014,45.587) thr=1.00 steer=-0.18 blocked=false attempts=0 stuck_s=0.02 pitch=0.25 roll=0.00 normal_y=1.00 contacts=3[VillageTerrain,VillageTerrain,VillageTerrain] bounded=true
tick=3060 phase=following reason=path_ready wp=7 dist_wp=9.59 bearing_deg=-3.46 speed=2.238 pos=(63.536,0.012,42.017) thr=0.80 steer=-0.14 blocked=false attempts=0 stuck_s=0.00 pitch=0.21 roll=0.00 normal_y=1.00 contacts=3[VillageTerrain,VillageTerrain,VillageTerrain] bounded=true
tick=3090 phase=following reason=path_ready wp=7 dist_wp=3.39 bearing_deg=-5.06 speed=2.503 pos=(59.128,0.007,37.637) thr=0.42 steer=-0.19 blocked=false attempts=0 stuck_s=0.00 pitch=0.12 roll=0.00 normal_y=1.00 contacts=3[VillageTerrain,VillageTerrain,VillageTerrain] bounded=true
tick=3120 phase=following reason=path_ready wp=7 dist_wp=1.75 bearing_deg=-169.36 speed=1.190 pos=(55.807,0.027,33.715) thr=0.00 steer=-1.00 blocked=false attempts=0 stuck_s=0.00 pitch=-0.48 roll=0.00 normal_y=1.00 contacts=3[VillageTerrain,VillageTerrain,VillageTerrain] bounded=true
tick=3150 phase=following reason=path_ready wp=7 dist_wp=2.86 bearing_deg=-157.66 speed=0.000 pos=(55.280,0.023,32.709) thr=0.00 steer=-1.00 blocked=false attempts=0 stuck_s=0.00 pitch=-0.42 roll=0.00 normal_y=1.00 contacts=1[VillageTerrain] bounded=true
tick=3180 phase=following reason=path_ready wp=7 dist_wp=2.86 bearing_deg=-139.66 speed=0.000 pos=(55.280,0.002,32.709) thr=0.00 steer=-1.00 blocked=false attempts=0 stuck_s=0.00 pitch=-0.02 roll=0.00 normal_y=1.00 contacts=1[VillageTerrain] bounded=true
tick=3210 phase=following reason=path_ready wp=7 dist_wp=2.86 bearing_deg=-121.66 speed=0.000 pos=(55.280,0.001,32.709) thr=0.00 steer=-1.00 blocked=false attempts=0 stuck_s=0.00 pitch=-0.00 roll=0.00 normal_y=1.00 contacts=1[VillageTerrain] bounded=true
tick=3240 phase=following reason=path_ready wp=7 dist_wp=2.86 bearing_deg=-103.66 speed=0.000 pos=(55.280,0.001,32.709) thr=0.00 steer=-1.00 blocked=false attempts=0 stuck_s=0.00 pitch=-0.00 roll=0.00 normal_y=1.00 contacts=1[VillageTerrain] bounded=true
tick=3270 phase=following reason=path_ready wp=7 dist_wp=2.86 bearing_deg=-85.66 speed=0.000 pos=(55.280,0.001,32.709) thr=0.00 steer=-1.00 blocked=false attempts=0 stuck_s=0.00 pitch=-0.00 roll=0.00 normal_y=1.00 contacts=1[VillageTerrain] bounded=true
tick=3300 phase=following reason=path_ready wp=7 dist_wp=2.86 bearing_deg=-67.66 speed=0.000 pos=(55.280,0.001,32.709) thr=0.00 steer=-1.00 blocked=false attempts=0 stuck_s=0.00 pitch=-0.00 roll=0.00 normal_y=1.00 contacts=1[VillageTerrain] bounded=true
tick=3330 phase=following reason=path_ready wp=7 dist_wp=2.86 bearing_deg=-49.66 speed=0.000 pos=(55.280,0.001,32.709) thr=0.00 steer=-1.00 blocked=false attempts=0 stuck_s=0.00 pitch=-0.00 roll=0.00 normal_y=1.00 contacts=1[VillageTerrain] bounded=true
tick=3360 phase=following reason=path_ready wp=7 dist_wp=2.86 bearing_deg=-31.66 speed=0.000 pos=(55.280,0.001,32.709) thr=0.00 steer=-1.00 blocked=false attempts=0 stuck_s=0.00 pitch=-0.00 roll=0.00 normal_y=1.00 contacts=1[VillageTerrain] bounded=true
tick=3390 phase=following reason=path_ready wp=7 dist_wp=2.86 bearing_deg=-15.84 speed=0.035 pos=(55.287,0.002,32.714) thr=0.34 steer=-0.65 blocked=false attempts=0 stuck_s=0.08 pitch=0.01 roll=0.00 normal_y=1.00 contacts=3[VillageTerrain,VillageTerrain,VillageTerrain] bounded=true
tick=3420 phase=following reason=path_ready wp=7 dist_wp=2.50 bearing_deg=-8.79 speed=0.229 pos=(55.553,0.004,32.963) thr=0.30 steer=-0.36 blocked=false attempts=0 stuck_s=0.00 pitch=0.07 roll=0.00 normal_y=1.00 contacts=3[VillageTerrain,VillageTerrain,VillageTerrain] bounded=true
tick=3450 phase=following reason=path_ready wp=7 dist_wp=1.69 bearing_deg=-6.32 speed=0.364 pos=(56.086,0.003,33.573) thr=0.18 steer=-0.25 blocked=false attempts=0 stuck_s=0.05 pitch=0.05 roll=0.00 normal_y=1.00 contacts=3[VillageTerrain,VillageTerrain,VillageTerrain] bounded=true
tick=3480 phase=following reason=path_ready wp=8 dist_wp=20.07 bearing_deg=-161.04 speed=0.000 pos=(56.400,0.009,33.982) thr=0.00 steer=-1.00 blocked=false attempts=0 stuck_s=0.00 pitch=-0.15 roll=0.00 normal_y=1.00 contacts=1[VillageTerrain] bounded=true
tick=3510 phase=following reason=path_ready wp=8 dist_wp=20.07 bearing_deg=-143.04 speed=0.000 pos=(56.400,0.001,33.982) thr=0.00 steer=-1.00 blocked=false attempts=0 stuck_s=0.00 pitch=-0.01 roll=0.00 normal_y=1.00 contacts=1[VillageTerrain] bounded=true
tick=3540 phase=following reason=path_ready wp=8 dist_wp=20.07 bearing_deg=-125.04 speed=0.000 pos=(56.400,0.001,33.982) thr=0.00 steer=-1.00 blocked=false attempts=0 stuck_s=0.00 pitch=-0.00 roll=0.00 normal_y=1.00 contacts=1[VillageTerrain] bounded=true
tick=3570 phase=following reason=path_ready wp=8 dist_wp=20.07 bearing_deg=-107.04 speed=0.000 pos=(56.400,0.001,33.982) thr=0.00 steer=-1.00 blocked=false attempts=0 stuck_s=0.00 pitch=-0.00 roll=0.00 normal_y=1.00 contacts=1[VillageTerrain] bounded=true
tick=3600 phase=following reason=path_ready wp=8 dist_wp=20.07 bearing_deg=-89.04 speed=0.000 pos=(56.400,0.001,33.982) thr=0.00 steer=-1.00 blocked=false attempts=0 stuck_s=0.00 pitch=-0.00 roll=0.00 normal_y=1.00 contacts=1[VillageTerrain] bounded=true
tick=3630 phase=following reason=path_ready wp=8 dist_wp=20.07 bearing_deg=-71.04 speed=0.000 pos=(56.400,0.001,33.982) thr=0.00 steer=-1.00 blocked=false attempts=0 stuck_s=0.00 pitch=-0.00 roll=0.00 normal_y=1.00 contacts=1[VillageTerrain] bounded=true
tick=3660 phase=following reason=path_ready wp=8 dist_wp=20.07 bearing_deg=-53.04 speed=0.000 pos=(56.400,0.001,33.982) thr=0.00 steer=-1.00 blocked=false attempts=0 stuck_s=0.00 pitch=-0.00 roll=0.00 normal_y=1.00 contacts=1[VillageTerrain] bounded=true
tick=3690 phase=following reason=path_ready wp=8 dist_wp=20.07 bearing_deg=-35.04 speed=0.000 pos=(56.400,0.001,33.982) thr=0.00 steer=-1.00 blocked=false attempts=0 stuck_s=0.00 pitch=-0.00 roll=0.00 normal_y=1.00 contacts=1[VillageTerrain] bounded=true
tick=3720 phase=following reason=path_ready wp=8 dist_wp=20.07 bearing_deg=-18.11 speed=0.000 pos=(56.400,0.001,33.982) thr=0.00 steer=-0.74 blocked=false attempts=0 stuck_s=0.00 pitch=-0.00 roll=0.00 normal_y=1.00 contacts=1[VillageTerrain] bounded=true
tick=3750 phase=following reason=path_ready wp=8 dist_wp=19.18 bearing_deg=-9.24 speed=0.689 pos=(55.636,0.013,33.485) thr=1.00 steer=-0.38 blocked=false attempts=0 stuck_s=0.03 pitch=0.23 roll=0.00 normal_y=1.00 contacts=3[VillageTerrain,VillageTerrain,VillageTerrain] bounded=true
tick=3780 phase=following reason=path_ready wp=8 dist_wp=16.41 bearing_deg=-5.37 speed=1.394 pos=(53.457,0.014,31.752) thr=1.00 steer=-0.22 blocked=false attempts=0 stuck_s=0.00 pitch=0.25 roll=0.00 normal_y=1.00 contacts=3[VillageTerrain,VillageTerrain,VillageTerrain] bounded=true
tick=3810 phase=following reason=path_ready wp=8 dist_wp=11.81 bearing_deg=-3.79 speed=2.064 pos=(50.030,0.014,28.656) thr=0.90 steer=-0.15 blocked=false attempts=0 stuck_s=0.02 pitch=0.24 roll=0.00 normal_y=1.00 contacts=3[VillageTerrain,VillageTerrain,VillageTerrain] bounded=true
tick=3840 phase=following reason=path_ready wp=8 dist_wp=5.89 bearing_deg=-3.91 speed=2.380 pos=(45.814,0.007,24.494) thr=0.60 steer=-0.15 blocked=false attempts=0 stuck_s=0.02 pitch=0.11 roll=0.00 normal_y=1.00 contacts=3[VillageTerrain,VillageTerrain,VillageTerrain] bounded=true
tick=3870 phase=following reason=path_ready wp=8 dist_wp=0.32 bearing_deg=-135.84 speed=1.788 pos=(41.686,0.016,19.956) thr=0.00 steer=-1.00 blocked=false attempts=0 stuck_s=0.00 pitch=-0.27 roll=0.00 normal_y=1.00 contacts=3[VillageTerrain,VillageTerrain,VillageTerrain] bounded=true
tick=3900 phase=following reason=path_ready wp=8 dist_wp=2.57 bearing_deg=-163.27 speed=0.055 pos=(40.446,0.034,17.956) thr=0.00 steer=-1.00 blocked=false attempts=0 stuck_s=0.00 pitch=-0.61 roll=0.00 normal_y=1.00 contacts=3[VillageTerrain,VillageTerrain,VillageTerrain] bounded=true
tick=3930 phase=following reason=path_ready wp=8 dist_wp=2.57 bearing_deg=-145.27 speed=0.000 pos=(40.446,0.004,17.956) thr=0.00 steer=-1.00 blocked=false attempts=0 stuck_s=0.00 pitch=-0.06 roll=0.00 normal_y=1.00 contacts=1[VillageTerrain] bounded=true
tick=3960 phase=following reason=path_ready wp=8 dist_wp=2.57 bearing_deg=-127.27 speed=0.000 pos=(40.446,0.000,17.956) thr=0.00 steer=-1.00 blocked=false attempts=0 stuck_s=0.00 pitch=-0.00 roll=0.00 normal_y=1.00 contacts=1[VillageTerrain] bounded=true
tick=3990 phase=following reason=path_ready wp=8 dist_wp=2.57 bearing_deg=-109.27 speed=0.000 pos=(40.446,0.000,17.956) thr=0.00 steer=-1.00 blocked=false attempts=0 stuck_s=0.00 pitch=-0.00 roll=0.00 normal_y=1.00 contacts=1[VillageTerrain] bounded=true
tick=4020 phase=following reason=path_ready wp=8 dist_wp=2.57 bearing_deg=-91.27 speed=0.000 pos=(40.446,0.000,17.956) thr=0.00 steer=-1.00 blocked=false attempts=0 stuck_s=0.00 pitch=-0.00 roll=0.00 normal_y=1.00 contacts=1[VillageTerrain] bounded=true
tick=4050 phase=following reason=path_ready wp=8 dist_wp=2.57 bearing_deg=-73.27 speed=0.000 pos=(40.446,0.000,17.956) thr=0.00 steer=-1.00 blocked=false attempts=0 stuck_s=0.00 pitch=-0.00 roll=0.00 normal_y=1.00 contacts=1[VillageTerrain] bounded=true
tick=4080 phase=following reason=path_ready wp=8 dist_wp=2.57 bearing_deg=-55.27 speed=0.000 pos=(40.446,0.000,17.956) thr=0.00 steer=-1.00 blocked=false attempts=0 stuck_s=0.00 pitch=-0.00 roll=0.00 normal_y=1.00 contacts=1[VillageTerrain] bounded=true
tick=4110 phase=following reason=path_ready wp=8 dist_wp=2.57 bearing_deg=-37.27 speed=0.000 pos=(40.446,0.000,17.956) thr=0.00 steer=-1.00 blocked=false attempts=0 stuck_s=0.00 pitch=-0.00 roll=0.00 normal_y=1.00 contacts=1[VillageTerrain] bounded=true
tick=4140 phase=following reason=path_ready wp=8 dist_wp=2.57 bearing_deg=-19.83 speed=0.000 pos=(40.446,0.000,17.956) thr=0.00 steer=-0.81 blocked=false attempts=0 stuck_s=0.00 pitch=-0.00 roll=0.00 normal_y=1.00 contacts=1[VillageTerrain] bounded=true
tick=4170 phase=following reason=path_ready wp=8 dist_wp=2.57 bearing_deg=-9.57 speed=0.000 pos=(40.446,0.000,17.956) thr=0.31 steer=-0.39 blocked=false attempts=0 stuck_s=0.43 pitch=-0.00 roll=0.00 normal_y=1.00 contacts=1[VillageTerrain] bounded=true
tick=4200 phase=following reason=path_ready wp=8 dist_wp=2.57 bearing_deg=-4.62 speed=0.000 pos=(40.446,0.000,17.956) thr=0.31 steer=-0.19 blocked=false attempts=0 stuck_s=0.93 pitch=-0.00 roll=0.00 normal_y=1.00 contacts=1[VillageTerrain] bounded=true
tick=4230 phase=following reason=path_ready wp=8 dist_wp=2.57 bearing_deg=-2.23 speed=0.000 pos=(40.446,0.000,17.956) thr=0.31 steer=-0.09 blocked=false attempts=0 stuck_s=1.43 pitch=-0.00 roll=0.00 normal_y=1.00 contacts=1[VillageTerrain] bounded=true
tick=4260 phase=following reason=path_ready wp=8 dist_wp=2.57 bearing_deg=-1.07 speed=0.000 pos=(40.446,0.000,17.956) thr=0.31 steer=-0.04 blocked=false attempts=0 stuck_s=1.93 pitch=-0.00 roll=0.00 normal_y=1.00 contacts=1[VillageTerrain] bounded=true
tick=4290 phase=reverse reason=insufficient_actual_progress wp=8 dist_wp=2.66 bearing_deg=-0.92 speed=-0.086 pos=(40.385,0.003,17.880) thr=-0.75 steer=0.00 blocked=false attempts=1 stuck_s=0.00 pitch=-0.03 roll=0.00 normal_y=1.00 contacts=3[VillageTerrain,VillageTerrain,VillageTerrain] bounded=true
tick=4320 phase=reverse reason=insufficient_actual_progress wp=8 dist_wp=3.03 bearing_deg=-0.81 speed=-0.188 pos=(40.159,0.003,17.592) thr=-0.75 steer=0.00 blocked=false attempts=1 stuck_s=0.00 pitch=-0.04 roll=0.00 normal_y=1.00 contacts=3[VillageTerrain,VillageTerrain,VillageTerrain] bounded=true
tick=4350 phase=turn_recovery reason=reverse_complete wp=8 dist_wp=3.39 bearing_deg=-8.48 speed=0.000 pos=(39.935,0.005,17.308) thr=0.00 steer=1.00 blocked=false attempts=1 stuck_s=0.00 pitch=0.10 roll=0.00 normal_y=1.00 contacts=1[VillageTerrain] bounded=true
tick=4380 phase=following reason=path_ready wp=0 dist_wp=3.39 bearing_deg=-25.28 speed=0.000 pos=(39.935,0.001,17.308) thr=0.00 steer=-1.00 blocked=false attempts=1 stuck_s=0.00 pitch=0.01 roll=0.00 normal_y=1.00 contacts=1[VillageTerrain] bounded=true
tick=4410 phase=following reason=path_ready wp=0 dist_wp=3.38 bearing_deg=-12.24 speed=0.018 pos=(39.942,0.001,17.314) thr=0.40 steer=-0.50 blocked=false attempts=1 stuck_s=0.27 pitch=0.01 roll=0.00 normal_y=1.00 contacts=3[VillageTerrain,VillageTerrain,VillageTerrain] bounded=true
tick=4440 phase=following reason=path_ready wp=0 dist_wp=3.29 bearing_deg=-6.07 speed=0.048 pos=(40.006,0.002,17.377) thr=0.39 steer=-0.25 blocked=false attempts=1 stuck_s=0.77 pitch=0.01 roll=0.00 normal_y=1.00 contacts=3[VillageTerrain,VillageTerrain,VillageTerrain] bounded=true
tick=4470 phase=following reason=path_ready wp=0 dist_wp=3.14 bearing_deg=-3.08 speed=0.069 pos=(40.111,0.001,17.496) thr=0.37 steer=-0.13 blocked=false attempts=1 stuck_s=1.27 pitch=0.01 roll=0.00 normal_y=1.00 contacts=3[VillageTerrain,VillageTerrain,VillageTerrain] bounded=true
tick=4500 phase=following reason=path_ready wp=0 dist_wp=2.94 bearing_deg=-1.59 speed=0.076 pos=(40.234,0.001,17.647) thr=0.35 steer=-0.06 blocked=false attempts=1 stuck_s=0.23 pitch=0.00 roll=0.00 normal_y=1.00 contacts=3[VillageTerrain,VillageTerrain,VillageTerrain] bounded=true
tick=4530 phase=following reason=path_ready wp=0 dist_wp=2.75 bearing_deg=-0.82 speed=0.067 pos=(40.352,0.001,17.798) thr=0.33 steer=-0.03 blocked=false attempts=1 stuck_s=0.73 pitch=-0.00 roll=0.00 normal_y=1.00 contacts=3[VillageTerrain,VillageTerrain,VillageTerrain] bounded=true
tick=4560 phase=following reason=path_ready wp=0 dist_wp=2.60 bearing_deg=-0.79 speed=0.042 pos=(40.441,0.001,17.914) thr=0.32 steer=0.00 blocked=false attempts=1 stuck_s=0.30 pitch=-0.01 roll=0.00 normal_y=1.00 contacts=3[VillageTerrain,VillageTerrain,VillageTerrain] bounded=true
tick=4590 phase=following reason=path_ready wp=0 dist_wp=2.54 bearing_deg=-0.79 speed=0.008 pos=(40.481,0.002,17.965) thr=0.31 steer=0.00 blocked=false attempts=1 stuck_s=0.80 pitch=-0.01 roll=0.00 normal_y=1.00 contacts=1[VillageTerrain] bounded=true
tick=4620 phase=following reason=path_ready wp=0 dist_wp=2.54 bearing_deg=-0.79 speed=0.000 pos=(40.481,0.000,17.965) thr=0.31 steer=0.00 blocked=false attempts=1 stuck_s=1.30 pitch=-0.00 roll=0.00 normal_y=1.00 contacts=1[VillageTerrain] bounded=true
tick=4650 phase=following reason=path_ready wp=0 dist_wp=2.54 bearing_deg=-0.79 speed=0.000 pos=(40.481,0.000,17.965) thr=0.31 steer=0.00 blocked=false attempts=1 stuck_s=1.80 pitch=-0.00 roll=0.00 normal_y=1.00 contacts=1[VillageTerrain] bounded=true
tick=4680 phase=reverse reason=insufficient_actual_progress wp=0 dist_wp=2.58 bearing_deg=-0.77 speed=-0.058 pos=(40.453,0.002,17.929) thr=-0.75 steer=0.00 blocked=false attempts=2 stuck_s=0.00 pitch=-0.02 roll=0.00 normal_y=1.00 contacts=3[VillageTerrain,VillageTerrain,VillageTerrain] bounded=true
tick=4710 phase=reverse reason=insufficient_actual_progress wp=0 dist_wp=2.88 bearing_deg=-0.70 speed=-0.161 pos=(40.274,0.003,17.696) thr=-0.75 steer=0.00 blocked=false attempts=2 stuck_s=0.00 pitch=-0.04 roll=0.00 normal_y=1.00 contacts=3[VillageTerrain,VillageTerrain,VillageTerrain] bounded=true
tick=4740 phase=turn_recovery reason=reverse_complete wp=0 dist_wp=3.36 bearing_deg=2.36 speed=0.000 pos=(39.978,0.003,17.311) thr=0.00 steer=-1.00 blocked=false attempts=2 stuck_s=0.00 pitch=0.06 roll=0.00 normal_y=1.00 contacts=1[VillageTerrain] bounded=true
tick=4770 phase=turn_recovery reason=reverse_complete wp=0 dist_wp=3.36 bearing_deg=20.36 speed=0.000 pos=(39.978,0.002,17.311) thr=0.00 steer=-1.00 blocked=false attempts=2 stuck_s=0.00 pitch=0.02 roll=0.00 normal_y=1.00 contacts=1[VillageTerrain] bounded=true
tick=4800 phase=following reason=path_ready wp=0 dist_wp=3.36 bearing_deg=14.05 speed=0.011 pos=(39.979,0.001,17.311) thr=0.40 steer=0.58 blocked=false attempts=2 stuck_s=0.17 pitch=0.00 roll=0.00 normal_y=1.00 contacts=3[VillageTerrain,VillageTerrain,VillageTerrain] bounded=true
tick=4830 phase=following reason=path_ready wp=0 dist_wp=3.30 bearing_deg=6.93 speed=0.040 pos=(40.011,0.001,17.373) thr=0.39 steer=0.28 blocked=false attempts=2 stuck_s=0.67 pitch=0.01 roll=0.00 normal_y=1.00 contacts=3[VillageTerrain,VillageTerrain,VillageTerrain] bounded=true
tick=4860 phase=following reason=path_ready wp=0 dist_wp=3.16 bearing_deg=3.49 speed=0.062 pos=(40.085,0.001,17.489) thr=0.38 steer=0.14 blocked=false attempts=2 stuck_s=1.17 pitch=0.01 roll=0.00 normal_y=1.00 contacts=3[VillageTerrain,VillageTerrain,VillageTerrain] bounded=true
tick=4890 phase=following reason=path_ready wp=0 dist_wp=2.98 bearing_deg=1.79 speed=0.071 pos=(40.187,0.001,17.636) thr=0.36 steer=0.07 blocked=false attempts=2 stuck_s=0.07 pitch=0.00 roll=0.00 normal_y=1.00 contacts=3[VillageTerrain,VillageTerrain,VillageTerrain] bounded=true
tick=4920 phase=following reason=path_ready wp=0 dist_wp=2.80 bearing_deg=0.92 speed=0.065 pos=(40.296,0.001,17.784) thr=0.34 steer=0.04 blocked=false attempts=2 stuck_s=0.57 pitch=-0.00 roll=0.00 normal_y=1.00 contacts=3[VillageTerrain,VillageTerrain,VillageTerrain] bounded=true
tick=4950 phase=following reason=path_ready wp=0 dist_wp=2.65 bearing_deg=0.78 speed=0.045 pos=(40.384,0.001,17.902) thr=0.32 steer=0.03 blocked=false attempts=2 stuck_s=0.03 pitch=-0.01 roll=0.00 normal_y=1.00 contacts=3[VillageTerrain,VillageTerrain,VillageTerrain] bounded=true
tick=4980 phase=following reason=path_ready wp=0 dist_wp=2.57 bearing_deg=0.79 speed=0.014 pos=(40.432,0.002,17.965) thr=0.31 steer=0.00 blocked=false attempts=2 stuck_s=0.53 pitch=-0.01 roll=0.00 normal_y=1.00 contacts=3[VillageTerrain,VillageTerrain,VillageTerrain] bounded=true
tick=5010 phase=following reason=path_ready wp=0 dist_wp=2.57 bearing_deg=0.79 speed=0.000 pos=(40.434,0.000,17.968) thr=0.31 steer=0.00 blocked=false attempts=2 stuck_s=1.03 pitch=-0.00 roll=0.00 normal_y=1.00 contacts=1[VillageTerrain] bounded=true
tick=5040 phase=following reason=path_ready wp=0 dist_wp=2.57 bearing_deg=0.79 speed=0.000 pos=(40.434,0.000,17.968) thr=0.31 steer=0.00 blocked=false attempts=2 stuck_s=1.53 pitch=-0.00 roll=0.00 normal_y=1.00 contacts=1[VillageTerrain] bounded=true
tick=5070 phase=reverse reason=insufficient_actual_progress wp=0 dist_wp=2.57 bearing_deg=0.79 speed=-0.003 pos=(40.434,0.000,17.968) thr=-0.75 steer=0.00 blocked=false attempts=3 stuck_s=0.00 pitch=-0.00 roll=0.00 normal_y=1.00 contacts=1[VillageTerrain] bounded=true
tick=5100 phase=reverse reason=insufficient_actual_progress wp=0 dist_wp=2.71 bearing_deg=0.74 speed=-0.106 pos=(40.344,0.003,17.849) thr=-0.75 steer=0.00 blocked=false attempts=3 stuck_s=0.00 pitch=-0.03 roll=0.00 normal_y=1.00 contacts=3[VillageTerrain,VillageTerrain,VillageTerrain] bounded=true
tick=5130 phase=reverse reason=insufficient_actual_progress wp=0 dist_wp=3.13 bearing_deg=0.64 speed=-0.209 pos=(40.092,0.003,17.512) thr=-0.75 steer=0.00 blocked=false attempts=3 stuck_s=0.00 pitch=-0.04 roll=0.00 normal_y=1.00 contacts=3[VillageTerrain,VillageTerrain,VillageTerrain] bounded=true
tick=5160 phase=turn_recovery reason=reverse_complete wp=0 dist_wp=3.39 bearing_deg=-10.76 speed=0.000 pos=(39.938,0.004,17.308) thr=0.00 steer=1.00 blocked=false attempts=3 stuck_s=0.00 pitch=0.07 roll=0.00 normal_y=1.00 contacts=1[VillageTerrain] bounded=true
tick=5190 phase=following reason=path_ready wp=0 dist_wp=3.39 bearing_deg=-20.72 speed=0.000 pos=(39.938,0.001,17.308) thr=0.00 steer=-0.85 blocked=false attempts=3 stuck_s=0.00 pitch=0.00 roll=0.00 normal_y=1.00 contacts=1[VillageTerrain] bounded=true
tick=5220 phase=following reason=path_ready wp=0 dist_wp=3.37 bearing_deg=-10.08 speed=0.026 pos=(39.958,0.001,17.325) thr=0.40 steer=-0.41 blocked=false attempts=3 stuck_s=0.40 pitch=0.01 roll=0.00 normal_y=1.00 contacts=3[VillageTerrain,VillageTerrain,VillageTerrain] bounded=true
tick=5250 phase=following reason=path_ready wp=0 dist_wp=3.26 bearing_deg=-5.03 speed=0.055 pos=(40.034,0.001,17.404) thr=0.39 steer=-0.21 blocked=false attempts=3 stuck_s=0.90 pitch=0.01 roll=0.00 normal_y=1.00 contacts=3[VillageTerrain,VillageTerrain,VillageTerrain] bounded=true
tick=5280 phase=following reason=path_ready wp=0 dist_wp=3.09 bearing_deg=-2.57 speed=0.072 pos=(40.146,0.001,17.534) thr=0.37 steer=-0.10 blocked=false attempts=3 stuck_s=1.40 pitch=0.01 roll=0.00 normal_y=1.00 contacts=3[VillageTerrain,VillageTerrain,VillageTerrain] bounded=true
tick=5310 phase=following reason=path_ready wp=0 dist_wp=2.89 bearing_deg=-1.33 speed=0.075 pos=(40.269,0.001,17.688) thr=0.35 steer=-0.05 blocked=false attempts=3 stuck_s=0.37 pitch=0.00 roll=0.00 normal_y=1.00 contacts=3[VillageTerrain,VillageTerrain,VillageTerrain] bounded=true
tick=5340 phase=following reason=path_ready wp=0 dist_wp=2.71 bearing_deg=-0.79 speed=0.061 pos=(40.381,0.001,17.832) thr=0.33 steer=0.00 blocked=false attempts=3 stuck_s=0.87 pitch=-0.00 roll=0.00 normal_y=1.00 contacts=3[VillageTerrain,VillageTerrain,VillageTerrain] bounded=true
tick=5370 phase=following reason=path_ready wp=0 dist_wp=2.58 bearing_deg=-0.79 speed=0.034 pos=(40.458,0.001,17.932) thr=0.31 steer=0.00 blocked=false attempts=3 stuck_s=0.43 pitch=-0.01 roll=0.00 normal_y=1.00 contacts=3[VillageTerrain,VillageTerrain,VillageTerrain] bounded=true
tick=5400 phase=following reason=path_ready wp=0 dist_wp=2.54 bearing_deg=-0.78 speed=0.000 pos=(40.481,0.002,17.962) thr=0.31 steer=0.00 blocked=false attempts=3 stuck_s=0.93 pitch=-0.01 roll=0.00 normal_y=1.00 contacts=1[VillageTerrain] bounded=true
tick=5430 phase=following reason=path_ready wp=0 dist_wp=2.54 bearing_deg=-0.78 speed=0.000 pos=(40.481,0.000,17.962) thr=0.31 steer=0.00 blocked=false attempts=3 stuck_s=1.43 pitch=-0.00 roll=0.00 normal_y=1.00 contacts=1[VillageTerrain] bounded=true
tick=5460 phase=following reason=path_ready wp=0 dist_wp=2.54 bearing_deg=-0.78 speed=0.000 pos=(40.481,0.000,17.962) thr=0.31 steer=0.00 blocked=false attempts=3 stuck_s=1.93 pitch=-0.00 roll=0.00 normal_y=1.00 contacts=1[VillageTerrain] bounded=true
