tick=0 phase=following reason=path_ready wp=1 dist_wp=13.42 bearing_deg=26.57 speed=0.000 pos=(-27.000,0.004,116.000) bounded=true
tick=30 phase=following reason=path_ready wp=1 dist_wp=13.32 bearing_deg=13.28 speed=0.185 pos=(-27.022,0.005,115.900) bounded=true
tick=60 phase=following reason=path_ready wp=1 dist_wp=12.26 bearing_deg=7.05 speed=0.632 pos=(-27.352,0.009,114.883) bounded=true
tick=90 phase=following reason=path_ready wp=1 dist_wp=10.12 bearing_deg=4.22 speed=1.024 pos=(-28.179,0.008,112.903) bounded=true
tick=120 phase=following reason=path_ready wp=1 dist_wp=7.10 bearing_deg=3.00 speed=1.319 pos=(-29.487,0.007,110.172) bounded=true
tick=150 phase=following reason=path_ready wp=1 dist_wp=3.51 bearing_deg=3.05 speed=1.462 pos=(-31.157,0.004,106.988) bounded=true
tick=180 phase=following reason=path_ready wp=1 dist_wp=0.36 bearing_deg=14.96 speed=0.605 pos=(-32.732,0.021,104.246) bounded=true
tick=210 phase=following reason=path_ready wp=2 dist_wp=20.52 bearing_deg=57.12 speed=0.000 pos=(-32.865,0.009,104.050) bounded=true
tick=240 phase=following reason=path_ready wp=2 dist_wp=20.52 bearing_deg=39.12 speed=0.000 pos=(-32.865,0.001,104.050) bounded=true
tick=270 phase=following reason=path_ready wp=2 dist_wp=20.52 bearing_deg=21.37 speed=0.000 pos=(-32.865,0.001,104.050) bounded=true
tick=300 phase=following reason=path_ready wp=2 dist_wp=20.17 bearing_deg=10.53 speed=0.366 pos=(-33.222,0.008,104.078) bounded=true
tick=330 phase=following reason=path_ready wp=2 dist_wp=18.59 bearing_deg=5.61 speed=0.862 pos=(-34.787,0.010,104.355) bounded=true
tick=360 phase=following reason=path_ready wp=2 dist_wp=15.75 bearing_deg=3.30 speed=1.353 pos=(-37.553,0.010,105.038) bounded=true
tick=390 phase=following reason=path_ready wp=2 dist_wp=11.68 bearing_deg=2.25 speed=1.809 pos=(-41.469,0.010,106.169) bounded=true
tick=420 phase=following reason=path_ready wp=2 dist_wp=6.62 bearing_deg=2.03 speed=2.114 pos=(-46.290,0.007,107.703) bounded=true
tick=450 phase=following reason=path_ready wp=2 dist_wp=1.17 bearing_deg=5.87 speed=1.876 pos=(-51.444,0.005,109.485) bounded=true
tick=480 phase=following reason=path_ready wp=3 dist_wp=19.11 bearing_deg=-14.56 speed=0.388 pos=(-53.701,0.030,110.509) bounded=true
tick=510 phase=following reason=path_ready wp=3 dist_wp=17.49 bearing_deg=-7.82 speed=0.882 pos=(-55.171,0.008,111.239) bounded=true
tick=540 phase=following reason=path_ready wp=3 dist_wp=14.61 bearing_deg=-4.67 speed=1.371 pos=(-57.874,0.010,112.283) bounded=true
tick=570 phase=following reason=path_ready wp=3 dist_wp=10.53 bearing_deg=-3.27 speed=1.796 pos=(-61.763,0.009,113.540) bounded=true
tick=600 phase=following reason=path_ready wp=3 dist_wp=5.55 bearing_deg=-3.17 speed=2.076 pos=(-66.559,0.006,114.887) bounded=true
tick=630 phase=following reason=path_ready wp=3 dist_wp=0.38 bearing_deg=-24.67 speed=1.606 pos=(-71.633,0.012,116.091) bounded=true
tick=660 phase=following reason=path_ready wp=4 dist_wp=22.31 bearing_deg=-87.31 speed=0.000 pos=(-73.544,0.032,116.257) bounded=true
tick=690 phase=following reason=path_ready wp=4 dist_wp=22.31 bearing_deg=-69.31 speed=0.000 pos=(-73.544,0.003,116.257) bounded=true
tick=720 phase=following reason=path_ready wp=4 dist_wp=22.31 bearing_deg=-51.31 speed=0.000 pos=(-73.544,0.001,116.257) bounded=true
tick=750 phase=following reason=path_ready wp=4 dist_wp=22.31 bearing_deg=-33.31 speed=0.000 pos=(-73.544,0.001,116.257) bounded=true
tick=780 phase=following reason=path_ready wp=4 dist_wp=22.31 bearing_deg=-16.89 speed=0.042 pos=(-73.545,0.001,116.252) bounded=true
tick=810 phase=following reason=path_ready wp=4 dist_wp=21.38 bearing_deg=-8.60 speed=0.688 pos=(-73.655,0.012,115.313) bounded=true
tick=840 phase=following reason=path_ready wp=4 dist_wp=18.76 bearing_deg=-4.87 speed=1.364 pos=(-73.717,0.014,112.677) bounded=true
tick=870 phase=following reason=path_ready wp=4 dist_wp=14.37 bearing_deg=-3.22 speed=2.058 pos=(-73.567,0.014,108.281) bounded=true
tick=900 phase=following reason=path_ready wp=4 dist_wp=8.59 bearing_deg=-2.78 speed=2.440 pos=(-73.156,0.008,102.511) bounded=true
tick=930 phase=following reason=path_ready wp=4 dist_wp=1.89 bearing_deg=-6.60 speed=2.648 pos=(-72.451,0.006,95.830) bounded=true
tick=960 phase=following reason=path_ready wp=4 dist_wp=2.72 bearing_deg=-169.97 speed=1.033 pos=(-71.449,0.030,91.332) bounded=true
tick=990 phase=following reason=path_ready wp=4 dist_wp=3.53 bearing_deg=-155.47 speed=0.000 pos=(-71.092,0.019,90.591) bounded=true
tick=1020 phase=following reason=path_ready wp=4 dist_wp=3.53 bearing_deg=-137.47 speed=0.000 pos=(-71.092,0.002,90.591) bounded=true
tick=1050 phase=following reason=path_ready wp=4 dist_wp=3.53 bearing_deg=-119.47 speed=0.000 pos=(-71.092,0.001,90.591) bounded=true
tick=1080 phase=following reason=path_ready wp=4 dist_wp=3.53 bearing_deg=-101.47 speed=0.000 pos=(-71.092,0.001,90.591) bounded=true
tick=1110 phase=following reason=path_ready wp=4 dist_wp=3.53 bearing_deg=-83.47 speed=0.000 pos=(-71.092,0.001,90.591) bounded=true
tick=1140 phase=following reason=path_ready wp=4 dist_wp=3.53 bearing_deg=-65.47 speed=0.000 pos=(-71.092,0.001,90.591) bounded=true
tick=1170 phase=following reason=path_ready wp=4 dist_wp=3.53 bearing_deg=-47.47 speed=0.000 pos=(-71.092,0.001,90.591) bounded=true
tick=1200 phase=following reason=path_ready wp=4 dist_wp=3.53 bearing_deg=-29.47 speed=0.000 pos=(-71.092,0.001,90.591) bounded=true
tick=1230 phase=following reason=path_ready wp=4 dist_wp=3.50 bearing_deg=-14.59 speed=0.077 pos=(-71.092,0.003,90.623) bounded=true
tick=1260 phase=following reason=path_ready wp=4 dist_wp=2.98 bearing_deg=-8.32 speed=0.318 pos=(-71.144,0.005,91.144) bounded=true
tick=1290 phase=following reason=path_ready wp=4 dist_wp=1.93 bearing_deg=-6.29 speed=0.491 pos=(-71.351,0.004,92.185) bounded=true
tick=1320 phase=following reason=path_ready wp=5 dist_wp=21.00 bearing_deg=-155.99 speed=0.000 pos=(-71.569,0.012,92.997) bounded=true
tick=1350 phase=following reason=path_ready wp=5 dist_wp=21.00 bearing_deg=-137.99 speed=0.000 pos=(-71.569,0.002,92.997) bounded=true
tick=1380 phase=following reason=path_ready wp=5 dist_wp=21.00 bearing_deg=-119.99 speed=0.000 pos=(-71.569,0.001,92.997) bounded=true
tick=1410 phase=following reason=path_ready wp=5 dist_wp=21.00 bearing_deg=-101.99 speed=0.000 pos=(-71.569,0.001,92.997) bounded=true
tick=1440 phase=following reason=path_ready wp=5 dist_wp=21.00 bearing_deg=-83.99 speed=0.000 pos=(-71.569,0.001,92.997) bounded=true
tick=1470 phase=following reason=path_ready wp=5 dist_wp=21.00 bearing_deg=-65.99 speed=0.000 pos=(-71.569,0.001,92.997) bounded=true
tick=1500 phase=following reason=path_ready wp=5 dist_wp=21.00 bearing_deg=-47.99 speed=0.000 pos=(-71.569,0.001,92.997) bounded=true
tick=1530 phase=following reason=path_ready wp=5 dist_wp=21.00 bearing_deg=-29.99 speed=0.000 pos=(-71.569,0.001,92.997) bounded=true
tick=1560 phase=following reason=path_ready wp=5 dist_wp=20.93 bearing_deg=-14.82 speed=0.191 pos=(-71.590,0.005,92.927) bounded=true
tick=1590 phase=following reason=path_ready wp=5 dist_wp=19.53 bearing_deg=-7.79 speed=0.902 pos=(-71.855,0.014,91.527) bounded=true
tick=1620 phase=following reason=path_ready wp=5 dist_wp=16.32 bearing_deg=-4.67 speed=1.603 pos=(-72.175,0.014,88.315) bounded=true
tick=1650 phase=following reason=path_ready wp=5 dist_wp=11.34 bearing_deg=-3.43 speed=2.244 pos=(-72.396,0.013,83.337) bounded=true
tick=1680 phase=following reason=path_ready wp=5 dist_wp=5.34 bearing_deg=-3.76 speed=2.541 pos=(-72.424,0.008,77.319) bounded=true
tick=1710 phase=following reason=path_ready wp=5 dist_wp=0.78 bearing_deg=-163.53 speed=1.789 pos=(-72.111,0.019,71.233) bounded=true
tick=1740 phase=following reason=path_ready wp=5 dist_wp=3.18 bearing_deg=-163.74 speed=0.204 pos=(-71.487,0.032,68.859) bounded=true
tick=1770 phase=following reason=path_ready wp=5 dist_wp=3.21 bearing_deg=-145.89 speed=0.000 pos=(-71.475,0.005,68.836) bounded=true
tick=1800 phase=following reason=path_ready wp=5 dist_wp=3.21 bearing_deg=-127.89 speed=0.000 pos=(-71.475,0.001,68.836) bounded=true
tick=1830 phase=following reason=path_ready wp=5 dist_wp=3.21 bearing_deg=-109.89 speed=0.000 pos=(-71.475,0.001,68.836) bounded=true
tick=1860 phase=following reason=path_ready wp=5 dist_wp=3.21 bearing_deg=-91.89 speed=0.000 pos=(-71.475,0.001,68.836) bounded=true
tick=1890 phase=following reason=path_ready wp=5 dist_wp=3.21 bearing_deg=-73.89 speed=0.000 pos=(-71.475,0.001,68.836) bounded=true
tick=1920 phase=following reason=path_ready wp=5 dist_wp=3.21 bearing_deg=-55.89 speed=0.000 pos=(-71.475,0.001,68.836) bounded=true
tick=1950 phase=following reason=path_ready wp=5 dist_wp=3.21 bearing_deg=-37.89 speed=0.000 pos=(-71.475,0.001,68.836) bounded=true
tick=1980 phase=following reason=path_ready wp=5 dist_wp=3.21 bearing_deg=-20.33 speed=0.000 pos=(-71.475,0.001,68.836) bounded=true
tick=2010 phase=following reason=path_ready wp=5 dist_wp=3.02 bearing_deg=-10.47 speed=0.184 pos=(-71.467,0.005,69.032) bounded=true
tick=2040 phase=following reason=path_ready wp=5 dist_wp=2.29 bearing_deg=-6.73 speed=0.376 pos=(-71.510,0.005,69.767) bounded=true
tick=2070 phase=following reason=path_ready wp=5 dist_wp=1.22 bearing_deg=-6.19 speed=0.301 pos=(-71.659,0.001,70.833) bounded=true
tick=2100 phase=following reason=path_ready wp=6 dist_wp=20.90 bearing_deg=-151.04 speed=0.000 pos=(-71.671,0.002,70.893) bounded=true
tick=2130 phase=following reason=path_ready wp=6 dist_wp=20.90 bearing_deg=-133.04 speed=0.000 pos=(-71.671,0.001,70.893) bounded=true
tick=2160 phase=following reason=path_ready wp=6 dist_wp=20.90 bearing_deg=-115.04 speed=0.000 pos=(-71.671,0.001,70.893) bounded=true
tick=2190 phase=following reason=path_ready wp=6 dist_wp=20.90 bearing_deg=-97.04 speed=0.000 pos=(-71.671,0.001,70.893) bounded=true
tick=2220 phase=following reason=path_ready wp=6 dist_wp=20.90 bearing_deg=-79.04 speed=0.000 pos=(-71.671,0.001,70.893) bounded=true
tick=2250 phase=following reason=path_ready wp=6 dist_wp=20.90 bearing_deg=-61.04 speed=0.000 pos=(-71.671,0.001,70.893) bounded=true
tick=2280 phase=following reason=path_ready wp=6 dist_wp=20.90 bearing_deg=-43.04 speed=0.000 pos=(-71.671,0.001,70.893) bounded=true
tick=2310 phase=following reason=path_ready wp=6 dist_wp=20.90 bearing_deg=-25.04 speed=0.000 pos=(-71.671,0.001,70.893) bounded=true
tick=2340 phase=following reason=path_ready wp=6 dist_wp=20.63 bearing_deg=-12.28 speed=0.381 pos=(-71.741,0.009,70.626) bounded=true
tick=2370 phase=following reason=path_ready wp=6 dist_wp=18.74 bearing_deg=-6.66 speed=1.090 pos=(-72.034,0.014,68.741) bounded=true
tick=2400 phase=following reason=path_ready wp=6 dist_wp=15.05 bearing_deg=-4.17 speed=1.787 pos=(-72.318,0.014,65.049) bounded=true
tick=2430 phase=following reason=path_ready wp=6 dist_wp=9.71 bearing_deg=-3.32 speed=2.248 pos=(-72.469,0.009,59.702) bounded=true
tick=2460 phase=following reason=path_ready wp=6 dist_wp=3.49 bearing_deg=-4.79 speed=2.612 pos=(-72.400,0.008,53.463) bounded=true
tick=2490 phase=following reason=path_ready wp=6 dist_wp=1.76 bearing_deg=-169.74 speed=1.297 pos=(-71.910,0.027,48.244) bounded=true
tick=2520 phase=following reason=path_ready wp=6 dist_wp=3.04 bearing_deg=-158.60 speed=0.000 pos=(-71.504,0.026,47.005) bounded=true
tick=2550 phase=following reason=path_ready wp=6 dist_wp=3.04 bearing_deg=-140.60 speed=0.000 pos=(-71.504,0.002,47.005) bounded=true
tick=2580 phase=following reason=path_ready wp=6 dist_wp=3.04 bearing_deg=-122.60 speed=0.000 pos=(-71.504,0.001,47.005) bounded=true
tick=2610 phase=following reason=path_ready wp=6 dist_wp=3.04 bearing_deg=-104.60 speed=0.000 pos=(-71.504,0.001,47.005) bounded=true
tick=2640 phase=following reason=path_ready wp=6 dist_wp=3.04 bearing_deg=-86.60 speed=0.000 pos=(-71.504,0.001,47.005) bounded=true
tick=2670 phase=following reason=path_ready wp=6 dist_wp=3.04 bearing_deg=-68.60 speed=0.000 pos=(-71.504,0.001,47.005) bounded=true
tick=2700 phase=following reason=path_ready wp=6 dist_wp=3.04 bearing_deg=-50.60 speed=0.000 pos=(-71.504,0.001,47.005) bounded=true
tick=2730 phase=following reason=path_ready wp=6 dist_wp=3.04 bearing_deg=-32.60 speed=0.000 pos=(-71.504,0.001,47.005) bounded=true
tick=2760 phase=following reason=path_ready wp=6 dist_wp=3.03 bearing_deg=-16.43 speed=0.022 pos=(-71.504,0.001,47.008) bounded=true
tick=2790 phase=following reason=path_ready wp=6 dist_wp=2.70 bearing_deg=-8.95 speed=0.233 pos=(-71.499,0.005,47.349) bounded=true
tick=2820 phase=following reason=path_ready wp=6 dist_wp=1.88 bearing_deg=-6.25 speed=0.390 pos=(-71.568,0.004,48.166) bounded=true
tick=2850 phase=following reason=path_ready wp=7 dist_wp=20.20 bearing_deg=136.57 speed=0.000 pos=(-71.674,0.011,48.881) bounded=true
tick=2880 phase=following reason=path_ready wp=7 dist_wp=20.20 bearing_deg=118.57 speed=0.000 pos=(-71.674,0.001,48.881) bounded=true
tick=2910 phase=following reason=path_ready wp=7 dist_wp=20.20 bearing_deg=100.57 speed=0.000 pos=(-71.674,0.000,48.881) bounded=true
tick=2940 phase=following reason=path_ready wp=7 dist_wp=20.20 bearing_deg=82.57 speed=0.000 pos=(-71.674,0.000,48.881) bounded=true
tick=2970 phase=following reason=path_ready wp=7 dist_wp=20.20 bearing_deg=64.57 speed=0.000 pos=(-71.674,0.000,48.881) bounded=true
tick=3000 phase=following reason=path_ready wp=7 dist_wp=20.20 bearing_deg=46.57 speed=0.000 pos=(-71.674,0.000,48.881) bounded=true
tick=3030 phase=following reason=path_ready wp=7 dist_wp=20.20 bearing_deg=28.57 speed=0.000 pos=(-71.674,0.000,48.881) bounded=true
tick=3060 phase=following reason=path_ready wp=7 dist_wp=20.09 bearing_deg=14.03 speed=0.238 pos=(-71.576,0.006,48.828) bounded=true
tick=3090 phase=following reason=path_ready wp=7 dist_wp=18.57 bearing_deg=7.46 speed=0.949 pos=(-70.300,0.014,47.955) bounded=true
tick=3120 phase=following reason=path_ready wp=7 dist_wp=15.24 bearing_deg=4.55 speed=1.649 pos=(-67.707,0.014,45.839) bounded=true
tick=3150 phase=following reason=path_ready wp=7 dist_wp=10.17 bearing_deg=3.48 speed=2.247 pos=(-63.953,0.013,42.426) bounded=true
tick=3180 phase=following reason=path_ready wp=7 dist_wp=4.16 bearing_deg=4.40 speed=2.523 pos=(-59.668,0.007,38.198) bounded=true
tick=3210 phase=following reason=path_ready wp=7 dist_wp=1.35 bearing_deg=168.63 speed=1.451 pos=(-56.033,0.024,34.056) bounded=true
tick=3240 phase=following reason=path_ready wp=7 dist_wp=2.95 bearing_deg=160.34 speed=0.000 pos=(-55.245,0.030,32.624) bounded=true
tick=3270 phase=following reason=path_ready wp=7 dist_wp=2.95 bearing_deg=142.34 speed=0.000 pos=(-55.245,0.003,32.624) bounded=true
tick=3300 phase=following reason=path_ready wp=7 dist_wp=2.95 bearing_deg=124.34 speed=0.000 pos=(-55.245,0.001,32.624) bounded=true
tick=3330 phase=following reason=path_ready wp=7 dist_wp=2.95 bearing_deg=106.34 speed=0.000 pos=(-55.245,0.001,32.624) bounded=true
tick=3360 phase=following reason=path_ready wp=7 dist_wp=2.95 bearing_deg=88.34 speed=0.000 pos=(-55.245,0.001,32.624) bounded=true
tick=3390 phase=following reason=path_ready wp=7 dist_wp=2.95 bearing_deg=70.34 speed=0.000 pos=(-55.245,0.001,32.624) bounded=true
tick=3420 phase=following reason=path_ready wp=7 dist_wp=2.95 bearing_deg=52.34 speed=0.000 pos=(-55.245,0.001,32.624) bounded=true
tick=3450 phase=following reason=path_ready wp=7 dist_wp=2.95 bearing_deg=34.34 speed=0.000 pos=(-55.245,0.001,32.624) bounded=true
tick=3480 phase=following reason=path_ready wp=7 dist_wp=2.95 bearing_deg=17.61 speed=0.000 pos=(-55.245,0.001,32.624) bounded=true
tick=3510 phase=following reason=path_ready wp=7 dist_wp=2.68 bearing_deg=9.40 speed=0.207 pos=(-55.448,0.004,32.812) bounded=true
tick=3540 phase=following reason=path_ready wp=7 dist_wp=1.93 bearing_deg=6.35 speed=0.366 pos=(-55.948,0.004,33.377) bounded=true
tick=3570 phase=following reason=path_ready wp=8 dist_wp=20.08 bearing_deg=165.04 speed=0.000 pos=(-56.413,0.010,33.984) bounded=true
tick=3600 phase=following reason=path_ready wp=8 dist_wp=20.08 bearing_deg=147.04 speed=0.000 pos=(-56.413,0.001,33.984) bounded=true
tick=3630 phase=following reason=path_ready wp=8 dist_wp=20.08 bearing_deg=129.04 speed=0.000 pos=(-56.413,0.000,33.984) bounded=true
tick=3660 phase=following reason=path_ready wp=8 dist_wp=20.08 bearing_deg=111.04 speed=0.000 pos=(-56.413,0.000,33.984) bounded=true
tick=3690 phase=following reason=path_ready wp=8 dist_wp=20.08 bearing_deg=93.04 speed=0.000 pos=(-56.413,0.000,33.984) bounded=true
tick=3720 phase=following reason=path_ready wp=8 dist_wp=20.08 bearing_deg=75.04 speed=0.000 pos=(-56.413,0.000,33.984) bounded=true
tick=3750 phase=following reason=path_ready wp=8 dist_wp=20.08 bearing_deg=57.04 speed=0.000 pos=(-56.413,0.000,33.984) bounded=true
tick=3780 phase=following reason=path_ready wp=8 dist_wp=20.08 bearing_deg=39.04 speed=0.000 pos=(-56.413,0.000,33.984) bounded=true
tick=3810 phase=following reason=path_ready wp=8 dist_wp=20.08 bearing_deg=21.30 speed=0.000 pos=(-56.413,0.000,33.984) bounded=true
tick=3840 phase=following reason=path_ready wp=8 dist_wp=19.54 bearing_deg=10.63 speed=0.547 pos=(-55.938,0.012,33.691) bounded=true
tick=3870 phase=following reason=path_ready wp=8 dist_wp=17.23 bearing_deg=5.97 speed=1.254 pos=(-54.087,0.014,32.276) bounded=true
tick=3900 phase=following reason=path_ready wp=8 dist_wp=13.13 bearing_deg=3.96 speed=1.942 pos=(-51.000,0.014,29.554) bounded=true
tick=3930 phase=following reason=path_ready wp=8 dist_wp=7.57 bearing_deg=3.53 speed=2.310 pos=(-46.998,0.007,25.683) bounded=true
tick=3960 phase=following reason=path_ready wp=8 dist_wp=1.32 bearing_deg=10.53 speed=2.295 pos=(-42.685,0.001,21.133) bounded=true
tick=3990 phase=following reason=path_ready wp=8 dist_wp=2.26 bearing_deg=167.33 speed=0.570 pos=(-40.595,0.033,18.232) bounded=true
tick=4020 phase=following reason=path_ready wp=8 dist_wp=2.47 bearing_deg=150.68 speed=0.000 pos=(-40.508,0.010,18.036) bounded=true
tick=4050 phase=following reason=path_ready wp=8 dist_wp=2.47 bearing_deg=132.68 speed=0.000 pos=(-40.508,0.001,18.036) bounded=true
tick=4080 phase=following reason=path_ready wp=8 dist_wp=2.47 bearing_deg=114.68 speed=0.000 pos=(-40.508,0.000,18.036) bounded=true
tick=4110 phase=following reason=path_ready wp=8 dist_wp=2.47 bearing_deg=96.68 speed=0.000 pos=(-40.508,0.000,18.036) bounded=true
tick=4140 phase=following reason=path_ready wp=8 dist_wp=2.47 bearing_deg=78.68 speed=0.000 pos=(-40.508,0.000,18.036) bounded=true
tick=4170 phase=following reason=path_ready wp=8 dist_wp=2.47 bearing_deg=60.68 speed=0.000 pos=(-40.508,0.000,18.036) bounded=true
tick=4200 phase=following reason=path_ready wp=8 dist_wp=2.47 bearing_deg=42.68 speed=0.000 pos=(-40.508,0.000,18.036) bounded=true
tick=4230 phase=following reason=path_ready wp=8 dist_wp=2.47 bearing_deg=24.68 speed=0.000 pos=(-40.508,0.000,18.036) bounded=true
tick=4260 phase=following reason=path_ready wp=8 dist_wp=2.47 bearing_deg=11.91 speed=0.000 pos=(-40.508,0.000,18.036) bounded=true
tick=4290 phase=following reason=path_ready wp=8 dist_wp=2.47 bearing_deg=5.75 speed=0.000 pos=(-40.508,0.000,18.036) bounded=true
tick=4320 phase=following reason=path_ready wp=8 dist_wp=2.47 bearing_deg=2.77 speed=0.000 pos=(-40.508,0.000,18.036) bounded=true
tick=4350 phase=following reason=path_ready wp=8 dist_wp=2.47 bearing_deg=1.34 speed=0.000 pos=(-40.508,0.000,18.036) bounded=true
tick=4380 phase=reverse reason=insufficient_actual_progress wp=8 dist_wp=2.51 bearing_deg=0.94 speed=-0.055 pos=(-40.484,0.002,18.005) bounded=true
tick=4410 phase=reverse reason=insufficient_actual_progress wp=8 dist_wp=2.78 bearing_deg=0.84 speed=-0.158 pos=(-40.314,0.003,17.789) bounded=true
tick=4440 phase=turn_recovery reason=reverse_complete wp=8 dist_wp=3.26 bearing_deg=-1.64 speed=-0.009 pos=(-40.016,0.001,17.409) bounded=true
tick=4470 phase=turn_recovery reason=reverse_complete wp=8 dist_wp=3.26 bearing_deg=-19.64 speed=0.000 pos=(-40.016,0.002,17.409) bounded=true
tick=4500 phase=following reason=path_ready wp=0 dist_wp=3.26 bearing_deg=-14.32 speed=0.007 pos=(-40.016,0.001,17.409) bounded=true
tick=4530 phase=following reason=path_ready wp=0 dist_wp=3.22 bearing_deg=-7.01 speed=0.030 pos=(-40.039,0.001,17.450) bounded=true
tick=4560 phase=following reason=path_ready wp=0 dist_wp=3.12 bearing_deg=-3.50 speed=0.047 pos=(-40.093,0.001,17.535) bounded=true
tick=4590 phase=following reason=path_ready wp=0 dist_wp=2.98 bearing_deg=-1.77 speed=0.055 pos=(-40.170,0.001,17.643) bounded=true
tick=4620 phase=following reason=path_ready wp=0 dist_wp=2.85 bearing_deg=-0.89 speed=0.051 pos=(-40.252,0.001,17.754) bounded=true
tick=4650 phase=following reason=path_ready wp=0 dist_wp=2.73 bearing_deg=-0.79 speed=0.037 pos=(-40.321,0.001,17.845) bounded=true
tick=4680 phase=following reason=path_ready wp=0 dist_wp=2.67 bearing_deg=-0.79 speed=0.015 pos=(-40.361,0.001,17.898) bounded=true
tick=4710 phase=following reason=path_ready wp=0 dist_wp=2.66 bearing_deg=-0.79 speed=0.000 pos=(-40.365,0.001,17.902) bounded=true
tick=4740 phase=reverse reason=insufficient_actual_progress wp=0 dist_wp=2.69 bearing_deg=-0.78 speed=-0.045 pos=(-40.349,0.002,17.882) bounded=true
tick=4770 phase=reverse reason=insufficient_actual_progress wp=0 dist_wp=2.93 bearing_deg=-0.71 speed=-0.147 pos=(-40.199,0.003,17.683) bounded=true
tick=4800 phase=turn_recovery reason=reverse_complete wp=0 dist_wp=3.44 bearing_deg=-0.03 speed=-0.187 pos=(-39.893,0.003,17.280) bounded=true
tick=4830 phase=turn_recovery reason=reverse_complete wp=0 dist_wp=3.46 bearing_deg=17.95 speed=0.000 pos=(-39.883,0.002,17.267) bounded=true
tick=4860 phase=following reason=path_ready wp=0 dist_wp=3.46 bearing_deg=15.47 speed=0.008 pos=(-39.883,0.001,17.267) bounded=true
tick=4890 phase=following reason=path_ready wp=0 dist_wp=3.39 bearing_deg=7.62 speed=0.044 pos=(-39.933,0.002,17.313) bounded=true
tick=4920 phase=following reason=path_ready wp=0 dist_wp=3.24 bearing_deg=3.86 speed=0.073 pos=(-40.036,0.001,17.425) bounded=true
tick=4950 phase=following reason=path_ready wp=0 dist_wp=3.03 bearing_deg=1.99 speed=0.087 pos=(-40.170,0.001,17.584) bounded=true
tick=4980 phase=following reason=path_ready wp=0 dist_wp=2.81 bearing_deg=1.04 speed=0.084 pos=(-40.309,0.001,17.759) bounded=true
tick=5010 phase=following reason=path_ready wp=0 dist_wp=2.62 bearing_deg=0.79 speed=0.063 pos=(-40.426,0.001,17.909) bounded=true
tick=5040 phase=following reason=path_ready wp=0 dist_wp=2.50 bearing_deg=0.79 speed=0.028 pos=(-40.497,0.002,18.002) bounded=true
tick=5070 phase=following reason=path_ready wp=0 dist_wp=2.48 bearing_deg=0.80 speed=0.000 pos=(-40.509,0.001,18.017) bounded=true
tick=5100 phase=following reason=path_ready wp=0 dist_wp=2.48 bearing_deg=0.80 speed=0.000 pos=(-40.509,0.001,18.017) bounded=true
tick=5130 phase=reverse reason=insufficient_actual_progress wp=0 dist_wp=2.54 bearing_deg=0.78 speed=-0.069 pos=(-40.472,0.002,17.969) bounded=true
tick=5160 phase=reverse reason=insufficient_actual_progress wp=0 dist_wp=2.85 bearing_deg=0.70 speed=-0.171 pos=(-40.282,0.003,17.724) bounded=true
tick=5190 phase=turn_recovery reason=reverse_complete wp=0 dist_wp=3.28 bearing_deg=-4.15 speed=0.000 pos=(-40.022,0.005,17.386) bounded=true
tick=5220 phase=turn_recovery reason=reverse_complete wp=0 dist_wp=3.28 bearing_deg=-22.15 speed=0.000 pos=(-40.022,0.001,17.386) bounded=true
tick=5250 phase=following reason=path_ready wp=0 dist_wp=3.28 bearing_deg=-13.06 speed=0.011 pos=(-40.022,0.001,17.388) bounded=true
tick=5280 phase=following reason=path_ready wp=0 dist_wp=3.22 bearing_deg=-6.42 speed=0.034 pos=(-40.051,0.001,17.440) bounded=true
tick=5310 phase=following reason=path_ready wp=0 dist_wp=3.11 bearing_deg=-3.21 speed=0.051 pos=(-40.111,0.001,17.533) bounded=true
tick=5340 phase=following reason=path_ready wp=0 dist_wp=2.97 bearing_deg=-1.63 speed=0.058 pos=(-40.192,0.001,17.648) bounded=true
tick=5370 phase=following reason=path_ready wp=0 dist_wp=2.82 bearing_deg=-0.83 speed=0.052 pos=(-40.277,0.001,17.763) bounded=true
tick=5400 phase=following reason=path_ready wp=0 dist_wp=2.71 bearing_deg=-0.80 speed=0.036 pos=(-40.346,0.001,17.855) bounded=true
tick=5430 phase=following reason=path_ready wp=0 dist_wp=2.65 bearing_deg=-0.80 speed=0.012 pos=(-40.382,0.001,17.904) bounded=true
tick=5460 phase=following reason=path_ready wp=0 dist_wp=2.65 bearing_deg=-0.78 speed=0.000 pos=(-40.384,0.000,17.905) bounded=true
