tick=0 phase=following reason=path_ready wp=1 dist_wp=13.42 bearing_deg=26.57 speed=0.000 pos=(-27.000,0.005,116.000) bounded=true
tick=30 phase=following reason=path_ready wp=1 dist_wp=13.32 bearing_deg=13.28 speed=0.185 pos=(-27.021,0.005,115.902) bounded=true
tick=60 phase=following reason=path_ready wp=1 dist_wp=12.28 bearing_deg=7.04 speed=0.633 pos=(-27.345,0.009,114.905) bounded=true
tick=90 phase=following reason=path_ready wp=1 dist_wp=10.19 bearing_deg=4.20 speed=1.026 pos=(-28.156,0.008,112.963) bounded=true
tick=120 phase=following reason=path_ready wp=1 dist_wp=7.22 bearing_deg=2.96 speed=1.324 pos=(-29.439,0.007,110.281) bounded=true
tick=150 phase=following reason=path_ready wp=1 dist_wp=3.68 bearing_deg=2.92 speed=1.475 pos=(-31.081,0.004,107.141) bounded=true
tick=180 phase=following reason=path_ready wp=1 dist_wp=0.48 bearing_deg=11.43 speed=0.682 pos=(-32.671,0.019,104.351) bounded=true
tick=210 phase=following reason=path_ready wp=2 dist_wp=20.53 bearing_deg=58.43 speed=0.000 pos=(-32.835,0.010,104.101) bounded=true
tick=240 phase=following reason=path_ready wp=2 dist_wp=20.53 bearing_deg=40.43 speed=0.000 pos=(-32.835,0.001,104.101) bounded=true
tick=270 phase=following reason=path_ready wp=2 dist_wp=20.53 bearing_deg=22.53 speed=0.000 pos=(-32.835,0.000,104.101) bounded=true
tick=300 phase=following reason=path_ready wp=2 dist_wp=20.25 bearing_deg=11.06 speed=0.333 pos=(-33.126,0.008,104.121) bounded=true
tick=330 phase=following reason=path_ready wp=2 dist_wp=18.79 bearing_deg=5.85 speed=0.829 pos=(-34.580,0.010,104.365) bounded=true
tick=360 phase=following reason=path_ready wp=2 dist_wp=16.08 bearing_deg=3.41 speed=1.320 pos=(-37.214,0.010,104.996) bounded=true
tick=390 phase=following reason=path_ready wp=2 dist_wp=12.17 bearing_deg=2.28 speed=1.785 pos=(-40.984,0.010,106.064) bounded=true
tick=420 phase=following reason=path_ready wp=2 dist_wp=7.25 bearing_deg=1.95 speed=2.111 pos=(-45.682,0.007,107.531) bounded=true
tick=450 phase=following reason=path_ready wp=2 dist_wp=1.81 bearing_deg=4.01 speed=2.137 pos=(-50.843,0.002,109.278) bounded=true
tick=480 phase=following reason=path_ready wp=2 dist_wp=1.21 bearing_deg=169.34 speed=0.343 pos=(-53.620,0.033,110.455) bounded=true
tick=510 phase=following reason=path_ready wp=3 dist_wp=17.73 bearing_deg=-8.37 speed=0.838 pos=(-54.951,0.006,111.141) bounded=true
tick=540 phase=following reason=path_ready wp=3 dist_wp=15.02 bearing_deg=-4.93 speed=1.327 pos=(-57.488,0.010,112.145) bounded=true
tick=570 phase=following reason=path_ready wp=3 dist_wp=11.11 bearing_deg=-3.36 speed=1.767 pos=(-61.202,0.009,113.368) bounded=true
tick=600 phase=following reason=path_ready wp=3 dist_wp=6.29 bearing_deg=-3.03 speed=2.068 pos=(-65.849,0.007,114.696) bounded=true
tick=630 phase=following reason=path_ready wp=3 dist_wp=1.02 bearing_deg=-9.66 speed=1.857 pos=(-70.983,0.005,115.956) bounded=true
tick=660 phase=following reason=path_ready wp=4 dist_wp=22.30 bearing_deg=-89.84 speed=0.208 pos=(-73.443,0.031,116.251) bounded=true
tick=690 phase=following reason=path_ready wp=4 dist_wp=22.30 bearing_deg=-71.92 speed=0.000 pos=(-73.468,0.005,116.249) bounded=true
tick=720 phase=following reason=path_ready wp=4 dist_wp=22.30 bearing_deg=-53.92 speed=0.000 pos=(-73.468,0.001,116.249) bounded=true
tick=750 phase=following reason=path_ready wp=4 dist_wp=22.30 bearing_deg=-35.92 speed=0.000 pos=(-73.468,0.001,116.249) bounded=true
tick=780 phase=following reason=path_ready wp=4 dist_wp=22.30 bearing_deg=-18.77 speed=0.000 pos=(-73.468,0.001,116.249) bounded=true
tick=810 phase=following reason=path_ready wp=4 dist_wp=21.60 bearing_deg=-9.43 speed=0.597 pos=(-73.563,0.012,115.543) bounded=true
tick=840 phase=following reason=path_ready wp=4 dist_wp=19.26 bearing_deg=-5.25 speed=1.268 pos=(-73.652,0.014,113.191) bounded=true
tick=870 phase=following reason=path_ready wp=4 dist_wp=15.20 bearing_deg=-3.37 speed=1.963 pos=(-73.556,0.014,109.122) bounded=true
tick=900 phase=following reason=path_ready wp=4 dist_wp=9.68 bearing_deg=-2.72 speed=2.374 pos=(-73.209,0.008,103.599) bounded=true
tick=930 phase=following reason=path_ready wp=4 dist_wp=3.18 bearing_deg=-4.30 speed=2.762 pos=(-72.592,0.008,97.128) bounded=true
tick=960 phase=following reason=path_ready wp=4 dist_wp=2.06 bearing_deg=-170.93 speed=1.324 pos=(-71.673,0.028,91.967) bounded=true
tick=990 phase=following reason=path_ready wp=4 dist_wp=3.37 bearing_deg=-158.91 speed=0.000 pos=(-71.150,0.027,90.742) bounded=true
tick=1020 phase=following reason=path_ready wp=4 dist_wp=3.37 bearing_deg=-140.93 speed=0.000 pos=(-71.150,0.003,90.742) bounded=true
tick=1050 phase=following reason=path_ready wp=4 dist_wp=3.37 bearing_deg=-122.93 speed=0.000 pos=(-71.150,0.001,90.742) bounded=true
tick=1080 phase=following reason=path_ready wp=4 dist_wp=3.37 bearing_deg=-104.93 speed=0.000 pos=(-71.150,0.001,90.742) bounded=true
tick=1110 phase=following reason=path_ready wp=4 dist_wp=3.37 bearing_deg=-86.93 speed=0.000 pos=(-71.150,0.001,90.742) bounded=true
tick=1140 phase=following reason=path_ready wp=4 dist_wp=3.37 bearing_deg=-68.93 speed=0.000 pos=(-71.150,0.001,90.742) bounded=true
tick=1170 phase=following reason=path_ready wp=4 dist_wp=3.37 bearing_deg=-50.93 speed=0.000 pos=(-71.150,0.001,90.742) bounded=true
tick=1200 phase=following reason=path_ready wp=4 dist_wp=3.37 bearing_deg=-32.93 speed=0.000 pos=(-71.150,0.001,90.742) bounded=true
tick=1230 phase=following reason=path_ready wp=4 dist_wp=3.36 bearing_deg=-16.65 speed=0.025 pos=(-71.150,0.001,90.745) bounded=true
tick=1260 phase=following reason=path_ready wp=4 dist_wp=3.00 bearing_deg=-9.06 speed=0.261 pos=(-71.177,0.005,91.117) bounded=true
tick=1290 phase=following reason=path_ready wp=4 dist_wp=2.10 bearing_deg=-6.32 speed=0.443 pos=(-71.334,0.004,92.009) bounded=true
tick=1320 phase=following reason=path_ready wp=5 dist_wp=20.95 bearing_deg=-159.13 speed=0.000 pos=(-71.571,0.010,92.950) bounded=true
tick=1350 phase=following reason=path_ready wp=5 dist_wp=20.95 bearing_deg=-141.13 speed=0.000 pos=(-71.571,0.003,92.950) bounded=true
tick=1380 phase=following reason=path_ready wp=5 dist_wp=20.95 bearing_deg=-123.13 speed=0.000 pos=(-71.571,0.000,92.950) bounded=true
tick=1410 phase=following reason=path_ready wp=5 dist_wp=20.95 bearing_deg=-105.13 speed=0.000 pos=(-71.571,0.000,92.950) bounded=true
tick=1440 phase=following reason=path_ready wp=5 dist_wp=20.95 bearing_deg=-87.13 speed=0.000 pos=(-71.571,0.000,92.950) bounded=true
tick=1470 phase=following reason=path_ready wp=5 dist_wp=20.95 bearing_deg=-69.13 speed=0.000 pos=(-71.571,0.000,92.950) bounded=true
tick=1500 phase=following reason=path_ready wp=5 dist_wp=20.95 bearing_deg=-51.13 speed=0.000 pos=(-71.571,0.000,92.950) bounded=true
tick=1530 phase=following reason=path_ready wp=5 dist_wp=20.95 bearing_deg=-33.13 speed=0.000 pos=(-71.571,0.000,92.950) bounded=true
tick=1560 phase=following reason=path_ready wp=5 dist_wp=20.95 bearing_deg=-16.77 speed=0.048 pos=(-71.573,0.001,92.944) bounded=true
tick=1590 phase=following reason=path_ready wp=5 dist_wp=19.93 bearing_deg=-8.61 speed=0.760 pos=(-71.784,0.013,91.926) bounded=true
tick=1620 phase=following reason=path_ready wp=5 dist_wp=17.13 bearing_deg=-5.00 speed=1.464 pos=(-72.099,0.014,89.132) bounded=true
tick=1650 phase=following reason=path_ready wp=5 dist_wp=12.59 bearing_deg=-3.47 speed=2.144 pos=(-72.341,0.014,84.589) bounded=true
tick=1680 phase=following reason=path_ready wp=5 dist_wp=6.85 bearing_deg=-3.28 speed=2.474 pos=(-72.418,0.008,78.836) bounded=true
tick=1710 phase=following reason=path_ready wp=5 dist_wp=0.54 bearing_deg=-22.05 speed=2.196 pos=(-72.238,0.008,72.488) bounded=true
tick=1740 phase=following reason=path_ready wp=5 dist_wp=2.87 bearing_deg=-167.14 speed=0.593 pos=(-71.595,0.031,69.160) bounded=true
tick=1770 phase=following reason=path_ready wp=5 dist_wp=3.12 bearing_deg=-150.52 speed=0.000 pos=(-71.493,0.009,68.925) bounded=true
tick=1800 phase=following reason=path_ready wp=5 dist_wp=3.12 bearing_deg=-132.52 speed=0.000 pos=(-71.493,0.001,68.925) bounded=true
tick=1830 phase=following reason=path_ready wp=5 dist_wp=3.12 bearing_deg=-114.52 speed=0.000 pos=(-71.493,0.001,68.925) bounded=true
tick=1860 phase=following reason=path_ready wp=5 dist_wp=3.12 bearing_deg=-96.52 speed=0.000 pos=(-71.493,0.001,68.925) bounded=true
tick=1890 phase=following reason=path_ready wp=5 dist_wp=3.12 bearing_deg=-78.52 speed=0.000 pos=(-71.493,0.001,68.925) bounded=true
tick=1920 phase=following reason=path_ready wp=5 dist_wp=3.12 bearing_deg=-60.52 speed=0.000 pos=(-71.493,0.001,68.925) bounded=true
tick=1950 phase=following reason=path_ready wp=5 dist_wp=3.12 bearing_deg=-42.52 speed=0.000 pos=(-71.493,0.001,68.925) bounded=true
tick=1980 phase=following reason=path_ready wp=5 dist_wp=3.12 bearing_deg=-24.52 speed=0.000 pos=(-71.493,0.001,68.925) bounded=true
tick=2010 phase=following reason=path_ready wp=5 dist_wp=3.02 bearing_deg=-12.22 speed=0.128 pos=(-71.486,0.004,69.020) bounded=true
tick=2040 phase=following reason=path_ready wp=5 dist_wp=2.44 bearing_deg=-7.36 speed=0.327 pos=(-71.505,0.005,69.607) bounded=true
tick=2070 phase=following reason=path_ready wp=5 dist_wp=1.46 bearing_deg=-6.04 speed=0.441 pos=(-71.624,0.003,70.593) bounded=true
tick=2100 phase=following reason=path_ready wp=6 dist_wp=20.90 bearing_deg=-155.41 speed=0.000 pos=(-71.677,0.007,70.897) bounded=true
tick=2130 phase=following reason=path_ready wp=6 dist_wp=20.90 bearing_deg=-137.41 speed=0.000 pos=(-71.677,0.000,70.897) bounded=true
tick=2160 phase=following reason=path_ready wp=6 dist_wp=20.90 bearing_deg=-119.41 speed=0.000 pos=(-71.677,0.000,70.897) bounded=true
tick=2190 phase=following reason=path_ready wp=6 dist_wp=20.90 bearing_deg=-101.41 speed=0.000 pos=(-71.677,0.000,70.897) bounded=true
tick=2220 phase=following reason=path_ready wp=6 dist_wp=20.90 bearing_deg=-83.41 speed=0.000 pos=(-71.677,0.000,70.897) bounded=true
tick=2250 phase=following reason=path_ready wp=6 dist_wp=20.90 bearing_deg=-65.41 speed=0.000 pos=(-71.677,0.000,70.897) bounded=true
tick=2280 phase=following reason=path_ready wp=6 dist_wp=20.90 bearing_deg=-47.41 speed=0.000 pos=(-71.677,0.000,70.897) bounded=true
tick=2310 phase=following reason=path_ready wp=6 dist_wp=20.90 bearing_deg=-29.41 speed=0.000 pos=(-71.677,0.000,70.897) bounded=true
tick=2340 phase=following reason=path_ready wp=6 dist_wp=20.81 bearing_deg=-14.50 speed=0.214 pos=(-71.702,0.006,70.811) bounded=true
tick=2370 phase=following reason=path_ready wp=6 dist_wp=19.38 bearing_deg=-7.65 speed=0.925 pos=(-71.961,0.014,69.379) bounded=true
tick=2400 phase=following reason=path_ready wp=6 dist_wp=16.17 bearing_deg=-4.59 speed=1.626 pos=(-72.257,0.014,66.173) bounded=true
tick=2430 phase=following reason=path_ready wp=6 dist_wp=11.25 bearing_deg=-3.38 speed=2.246 pos=(-72.446,0.013,61.243) bounded=true
tick=2460 phase=following reason=path_ready wp=6 dist_wp=5.33 bearing_deg=-3.68 speed=2.559 pos=(-72.441,0.008,55.314) bounded=true
tick=2490 phase=following reason=path_ready wp=6 dist_wp=0.70 bearing_deg=-162.49 speed=1.808 pos=(-72.111,0.019,49.307) bounded=true
tick=2520 phase=following reason=path_ready wp=6 dist_wp=3.11 bearing_deg=-163.94 speed=0.222 pos=(-71.484,0.032,46.937) bounded=true
tick=2550 phase=following reason=path_ready wp=6 dist_wp=3.14 bearing_deg=-146.16 speed=0.000 pos=(-71.470,0.005,46.910) bounded=true
tick=2580 phase=following reason=path_ready wp=6 dist_wp=3.14 bearing_deg=-128.16 speed=0.000 pos=(-71.470,0.000,46.910) bounded=true
tick=2610 phase=following reason=path_ready wp=6 dist_wp=3.14 bearing_deg=-110.16 speed=0.000 pos=(-71.470,0.000,46.910) bounded=true
tick=2640 phase=following reason=path_ready wp=6 dist_wp=3.14 bearing_deg=-92.16 speed=0.000 pos=(-71.470,0.000,46.910) bounded=true
tick=2670 phase=following reason=path_ready wp=6 dist_wp=3.14 bearing_deg=-74.16 speed=0.000 pos=(-71.470,0.000,46.910) bounded=true
tick=2700 phase=following reason=path_ready wp=6 dist_wp=3.14 bearing_deg=-56.16 speed=0.000 pos=(-71.470,0.000,46.910) bounded=true
tick=2730 phase=following reason=path_ready wp=6 dist_wp=3.14 bearing_deg=-38.16 speed=0.000 pos=(-71.470,0.000,46.910) bounded=true
tick=2760 phase=following reason=path_ready wp=6 dist_wp=3.14 bearing_deg=-20.55 speed=0.000 pos=(-71.470,0.000,46.910) bounded=true
tick=2790 phase=following reason=path_ready wp=6 dist_wp=2.95 bearing_deg=-10.57 speed=0.180 pos=(-71.463,0.004,47.098) bounded=true
tick=2820 phase=following reason=path_ready wp=6 dist_wp=2.25 bearing_deg=-6.74 speed=0.367 pos=(-71.507,0.004,47.801) bounded=true
tick=2850 phase=following reason=path_ready wp=6 dist_wp=1.22 bearing_deg=-6.11 speed=0.342 pos=(-71.656,0.002,48.832) bounded=true
tick=2880 phase=following reason=path_ready wp=7 dist_wp=20.22 bearing_deg=125.80 speed=0.000 pos=(-71.668,0.004,48.911) bounded=true
tick=2910 phase=following reason=path_ready wp=7 dist_wp=20.22 bearing_deg=107.80 speed=0.000 pos=(-71.668,0.001,48.911) bounded=true
tick=2940 phase=following reason=path_ready wp=7 dist_wp=20.22 bearing_deg=89.80 speed=0.000 pos=(-71.668,0.001,48.911) bounded=true
tick=2970 phase=following reason=path_ready wp=7 dist_wp=20.22 bearing_deg=71.80 speed=0.000 pos=(-71.668,0.001,48.911) bounded=true
tick=3000 phase=following reason=path_ready wp=7 dist_wp=20.22 bearing_deg=53.80 speed=0.000 pos=(-71.668,0.001,48.911) bounded=true
tick=3030 phase=following reason=path_ready wp=7 dist_wp=20.22 bearing_deg=35.80 speed=0.000 pos=(-71.668,0.001,48.911) bounded=true
tick=3060 phase=following reason=path_ready wp=7 dist_wp=20.22 bearing_deg=18.68 speed=0.000 pos=(-71.668,0.001,48.911) bounded=true
tick=3090 phase=following reason=path_ready wp=7 dist_wp=19.43 bearing_deg=9.47 speed=0.666 pos=(-70.987,0.013,48.483) bounded=true
tick=3120 phase=following reason=path_ready wp=7 dist_wp=16.87 bearing_deg=5.43 speed=1.370 pos=(-68.946,0.014,46.912) bounded=true
tick=3150 phase=following reason=path_ready wp=7 dist_wp=12.56 bearing_deg=3.70 speed=2.051 pos=(-65.699,0.014,44.064) bounded=true
tick=3180 phase=following reason=path_ready wp=7 dist_wp=6.95 bearing_deg=3.44 speed=2.393 pos=(-61.637,0.007,40.183) bounded=true
tick=3210 phase=following reason=path_ready wp=7 dist_wp=0.78 bearing_deg=16.03 speed=2.183 pos=(-57.339,0.006,35.707) bounded=true
tick=3240 phase=following reason=path_ready wp=7 dist_wp=2.59 bearing_deg=167.14 speed=0.582 pos=(-55.413,0.031,32.952) bounded=true
tick=3270 phase=following reason=path_ready wp=7 dist_wp=2.83 bearing_deg=150.59 speed=0.000 pos=(-55.318,0.010,32.725) bounded=true
tick=3300 phase=following reason=path_ready wp=7 dist_wp=2.83 bearing_deg=132.59 speed=0.000 pos=(-55.318,0.001,32.725) bounded=true
tick=3330 phase=following reason=path_ready wp=7 dist_wp=2.83 bearing_deg=114.59 speed=0.000 pos=(-55.318,0.001,32.725) bounded=true
tick=3360 phase=following reason=path_ready wp=7 dist_wp=2.83 bearing_deg=96.59 speed=0.000 pos=(-55.318,0.001,32.725) bounded=true
tick=3390 phase=following reason=path_ready wp=7 dist_wp=2.83 bearing_deg=78.59 speed=0.000 pos=(-55.318,0.001,32.725) bounded=true
tick=3420 phase=following reason=path_ready wp=7 dist_wp=2.83 bearing_deg=60.59 speed=0.000 pos=(-55.318,0.001,32.725) bounded=true
tick=3450 phase=following reason=path_ready wp=7 dist_wp=2.83 bearing_deg=42.59 speed=0.000 pos=(-55.318,0.001,32.725) bounded=true
tick=3480 phase=following reason=path_ready wp=7 dist_wp=2.83 bearing_deg=24.59 speed=0.000 pos=(-55.318,0.001,32.725) bounded=true
tick=3510 phase=following reason=path_ready wp=7 dist_wp=2.75 bearing_deg=12.24 speed=0.114 pos=(-55.384,0.003,32.780) bounded=true
tick=3540 phase=following reason=path_ready wp=7 dist_wp=2.23 bearing_deg=7.34 speed=0.291 pos=(-55.748,0.004,33.157) bounded=true
tick=3570 phase=following reason=path_ready wp=7 dist_wp=1.36 bearing_deg=5.88 speed=0.383 pos=(-56.298,0.003,33.836) bounded=true
tick=3600 phase=following reason=path_ready wp=8 dist_wp=20.06 bearing_deg=154.52 speed=0.000 pos=(-56.395,0.004,33.970) bounded=true
tick=3630 phase=following reason=path_ready wp=8 dist_wp=20.06 bearing_deg=136.52 speed=0.000 pos=(-56.395,0.000,33.970) bounded=true
tick=3660 phase=following reason=path_ready wp=8 dist_wp=20.06 bearing_deg=118.52 speed=0.000 pos=(-56.395,0.000,33.970) bounded=true
tick=3690 phase=following reason=path_ready wp=8 dist_wp=20.06 bearing_deg=100.52 speed=0.000 pos=(-56.395,0.000,33.970) bounded=true
tick=3720 phase=following reason=path_ready wp=8 dist_wp=20.06 bearing_deg=82.52 speed=0.000 pos=(-56.395,0.000,33.970) bounded=true
tick=3750 phase=following reason=path_ready wp=8 dist_wp=20.06 bearing_deg=64.52 speed=0.000 pos=(-56.395,0.000,33.970) bounded=true
tick=3780 phase=following reason=path_ready wp=8 dist_wp=20.06 bearing_deg=46.52 speed=0.000 pos=(-56.395,0.000,33.970) bounded=true
tick=3810 phase=following reason=path_ready wp=8 dist_wp=20.06 bearing_deg=28.52 speed=0.000 pos=(-56.395,0.000,33.970) bounded=true
tick=3840 phase=following reason=path_ready wp=8 dist_wp=19.95 bearing_deg=14.00 speed=0.238 pos=(-56.300,0.006,33.917) bounded=true
tick=3870 phase=following reason=path_ready wp=8 dist_wp=18.46 bearing_deg=7.44 speed=0.949 pos=(-55.061,0.014,33.046) bounded=true
tick=3900 phase=following reason=path_ready wp=8 dist_wp=15.20 bearing_deg=4.53 speed=1.649 pos=(-52.548,0.014,30.941) bounded=true
tick=3930 phase=following reason=path_ready wp=8 dist_wp=10.24 bearing_deg=3.44 speed=2.248 pos=(-48.912,0.013,27.552) bounded=true
tick=3960 phase=following reason=path_ready wp=8 dist_wp=4.35 bearing_deg=4.18 speed=2.528 pos=(-44.759,0.008,23.357) bounded=true
tick=3990 phase=following reason=path_ready wp=8 dist_wp=1.13 bearing_deg=167.57 speed=1.452 pos=(-41.177,0.025,19.222) bounded=true
tick=4020 phase=following reason=path_ready wp=8 dist_wp=2.56 bearing_deg=159.86 speed=0.000 pos=(-40.462,0.029,17.948) bounded=true
tick=4050 phase=following reason=path_ready wp=8 dist_wp=2.56 bearing_deg=141.89 speed=0.000 pos=(-40.462,0.003,17.948) bounded=true
tick=4080 phase=following reason=path_ready wp=8 dist_wp=2.56 bearing_deg=123.89 speed=0.000 pos=(-40.462,0.000,17.948) bounded=true
tick=4110 phase=following reason=path_ready wp=8 dist_wp=2.56 bearing_deg=105.89 speed=0.000 pos=(-40.462,0.000,17.948) bounded=true
tick=4140 phase=following reason=path_ready wp=8 dist_wp=2.56 bearing_deg=87.89 speed=0.000 pos=(-40.462,0.000,17.948) bounded=true
tick=4170 phase=following reason=path_ready wp=8 dist_wp=2.56 bearing_deg=69.89 speed=0.000 pos=(-40.462,0.000,17.948) bounded=true
tick=4200 phase=following reason=path_ready wp=8 dist_wp=2.56 bearing_deg=51.89 speed=0.000 pos=(-40.462,0.000,17.948) bounded=true
tick=4230 phase=following reason=path_ready wp=8 dist_wp=2.56 bearing_deg=33.89 speed=0.000 pos=(-40.462,0.000,17.948) bounded=true
tick=4260 phase=following reason=path_ready wp=8 dist_wp=2.56 bearing_deg=17.29 speed=0.000 pos=(-40.462,0.000,17.948) bounded=true
tick=4290 phase=following reason=path_ready wp=8 dist_wp=2.56 bearing_deg=8.34 speed=0.000 pos=(-40.462,0.000,17.948) bounded=true
tick=4320 phase=following reason=path_ready wp=8 dist_wp=2.56 bearing_deg=4.03 speed=0.000 pos=(-40.462,0.000,17.948) bounded=true
tick=4350 phase=following reason=path_ready wp=8 dist_wp=2.56 bearing_deg=1.94 speed=0.000 pos=(-40.462,0.000,17.948) bounded=true
tick=4380 phase=reverse reason=insufficient_actual_progress wp=8 dist_wp=2.56 bearing_deg=0.94 speed=0.000 pos=(-40.462,0.000,17.948) bounded=true
tick=4410 phase=reverse reason=insufficient_actual_progress wp=8 dist_wp=2.70 bearing_deg=0.89 speed=-0.103 pos=(-40.381,0.003,17.843) bounded=true
tick=4440 phase=reverse reason=insufficient_actual_progress wp=8 dist_wp=3.09 bearing_deg=0.78 speed=-0.205 pos=(-40.142,0.003,17.536) bounded=true
tick=4470 phase=turn_recovery reason=reverse_complete wp=8 dist_wp=3.35 bearing_deg=-10.04 speed=0.000 pos=(-39.984,0.003,17.330) bounded=true
tick=4500 phase=following reason=path_ready wp=0 dist_wp=3.35 bearing_deg=-21.12 speed=0.000 pos=(-39.984,0.001,17.330) bounded=true
tick=4530 phase=following reason=path_ready wp=0 dist_wp=3.33 bearing_deg=-10.25 speed=0.023 pos=(-39.992,0.001,17.348) bounded=true
tick=4560 phase=following reason=path_ready wp=0 dist_wp=3.24 bearing_deg=-5.09 speed=0.049 pos=(-40.038,0.001,17.427) bounded=true
tick=4590 phase=following reason=path_ready wp=0 dist_wp=3.09 bearing_deg=-2.58 speed=0.065 pos=(-40.119,0.001,17.548) bounded=true
tick=4620 phase=following reason=path_ready wp=0 dist_wp=2.92 bearing_deg=-1.32 speed=0.070 pos=(-40.220,0.001,17.688) bounded=true
tick=4650 phase=following reason=path_ready wp=0 dist_wp=2.75 bearing_deg=-0.80 speed=0.059 pos=(-40.317,0.001,17.819) bounded=true
tick=4680 phase=following reason=path_ready wp=0 dist_wp=2.63 bearing_deg=-0.80 speed=0.037 pos=(-40.390,0.001,17.916) bounded=true
tick=4710 phase=following reason=path_ready wp=0 dist_wp=2.58 bearing_deg=-0.79 speed=0.006 pos=(-40.420,0.002,17.956) bounded=true
tick=4740 phase=following reason=path_ready wp=0 dist_wp=2.58 bearing_deg=-0.79 speed=0.000 pos=(-40.420,0.000,17.956) bounded=true
tick=4770 phase=following reason=path_ready wp=0 dist_wp=2.58 bearing_deg=-0.79 speed=0.000 pos=(-40.420,0.000,17.956) bounded=true
tick=4800 phase=reverse reason=insufficient_actual_progress wp=0 dist_wp=2.58 bearing_deg=-0.79 speed=-0.003 pos=(-40.420,0.000,17.956) bounded=true
tick=4830 phase=reverse reason=insufficient_actual_progress wp=0 dist_wp=2.72 bearing_deg=-0.75 speed=-0.106 pos=(-40.336,0.003,17.844) bounded=true
tick=4860 phase=reverse reason=insufficient_actual_progress wp=0 dist_wp=3.12 bearing_deg=-0.66 speed=-0.209 pos=(-40.097,0.003,17.525) bounded=true
tick=4890 phase=turn_recovery reason=reverse_complete wp=0 dist_wp=3.36 bearing_deg=10.75 speed=0.000 pos=(-39.951,0.005,17.332) bounded=true
tick=4920 phase=following reason=path_ready wp=0 dist_wp=3.36 bearing_deg=20.71 speed=0.000 pos=(-39.951,0.001,17.332) bounded=true
tick=4950 phase=following reason=path_ready wp=0 dist_wp=3.34 bearing_deg=10.06 speed=0.025 pos=(-39.968,0.001,17.347) bounded=true
tick=4980 phase=following reason=path_ready wp=0 dist_wp=3.24 bearing_deg=5.01 speed=0.052 pos=(-40.036,0.001,17.417) bounded=true
tick=5010 phase=following reason=path_ready wp=0 dist_wp=3.09 bearing_deg=2.54 speed=0.069 pos=(-40.137,0.001,17.534) bounded=true
tick=5040 phase=following reason=path_ready wp=0 dist_wp=2.91 bearing_deg=1.30 speed=0.073 pos=(-40.250,0.001,17.674) bounded=true
tick=5070 phase=following reason=path_ready wp=0 dist_wp=2.74 bearing_deg=0.79 speed=0.062 pos=(-40.354,0.001,17.809) bounded=true
tick=5100 phase=following reason=path_ready wp=0 dist_wp=2.62 bearing_deg=0.79 speed=0.037 pos=(-40.431,0.001,17.908) bounded=true
tick=5130 phase=following reason=path_ready wp=0 dist_wp=2.57 bearing_deg=0.79 speed=0.005 pos=(-40.461,0.002,17.947) bounded=true
tick=5160 phase=following reason=path_ready wp=0 dist_wp=2.57 bearing_deg=0.79 speed=0.000 pos=(-40.461,0.001,17.947) bounded=true
tick=5190 phase=following reason=path_ready wp=0 dist_wp=2.57 bearing_deg=0.79 speed=0.000 pos=(-40.461,0.001,17.947) bounded=true
tick=5220 phase=reverse reason=insufficient_actual_progress wp=0 dist_wp=2.58 bearing_deg=0.78 speed=-0.038 pos=(-40.450,0.002,17.932) bounded=true
tick=5250 phase=reverse reason=insufficient_actual_progress wp=0 dist_wp=2.81 bearing_deg=0.72 speed=-0.140 pos=(-40.311,0.003,17.753) bounded=true
tick=5280 phase=reverse reason=insufficient_actual_progress wp=0 dist_wp=3.29 bearing_deg=0.61 speed=-0.243 pos=(-40.016,0.003,17.370) bounded=true
tick=5310 phase=turn_recovery reason=reverse_complete wp=0 dist_wp=3.35 bearing_deg=-16.75 speed=0.000 pos=(-39.984,0.002,17.328) bounded=true
tick=5340 phase=following reason=path_ready wp=0 dist_wp=3.35 bearing_deg=-16.25 speed=0.004 pos=(-39.984,0.001,17.328) bounded=true
tick=5370 phase=following reason=path_ready wp=0 dist_wp=3.30 bearing_deg=-7.95 speed=0.033 pos=(-40.005,0.001,17.369) bounded=true
tick=5400 phase=following reason=path_ready wp=0 dist_wp=3.19 bearing_deg=-3.98 speed=0.056 pos=(-40.065,0.001,17.466) bounded=true
tick=5430 phase=following reason=path_ready wp=0 dist_wp=3.03 bearing_deg=-2.03 speed=0.069 pos=(-40.156,0.001,17.597) bounded=true
tick=5460 phase=following reason=path_ready wp=0 dist_wp=2.86 bearing_deg=-1.04 speed=0.068 pos=(-40.258,0.001,17.738) bounded=true
tick=5490 phase=following reason=path_ready wp=0 dist_wp=2.70 bearing_deg=-0.80 speed=0.053 pos=(-40.350,0.001,17.860) bounded=true
tick=5520 phase=following reason=path_ready wp=0 dist_wp=2.60 bearing_deg=-0.79 speed=0.026 pos=(-40.409,0.001,17.939) bounded=true
tick=5550 phase=following reason=path_ready wp=0 dist_wp=2.58 bearing_deg=-0.80 speed=0.000 pos=(-40.422,0.002,17.957) bounded=true
tick=5580 phase=following reason=path_ready wp=0 dist_wp=2.58 bearing_deg=-0.80 speed=0.000 pos=(-40.422,0.000,17.957) bounded=true
tick=5610 phase=following reason=path_ready wp=0 dist_wp=2.58 bearing_deg=-0.80 speed=0.000 pos=(-40.422,0.000,17.957) bounded=true
