tick=0 phase=following reason=path_ready wp=1 dist_wp=13.42 bearing_deg=26.57 speed=0.000 pos=(27.000,0.007,-130.000) bounded=true
tick=30 phase=following reason=path_ready wp=1 dist_wp=13.33 bearing_deg=13.27 speed=0.185 pos=(27.020,0.005,-129.909) bounded=true
tick=60 phase=following reason=path_ready wp=1 dist_wp=12.37 bearing_deg=6.99 speed=0.634 pos=(27.319,0.009,-128.985) bounded=true
tick=90 phase=following reason=path_ready wp=1 dist_wp=10.42 bearing_deg=4.10 speed=1.032 pos=(28.071,0.008,-127.181) bounded=true
tick=120 phase=following reason=path_ready wp=1 dist_wp=7.64 bearing_deg=2.80 speed=1.343 pos=(29.266,0.007,-124.671) bounded=true
tick=150 phase=following reason=path_ready wp=1 dist_wp=4.30 bearing_deg=2.50 speed=1.520 pos=(30.807,0.004,-121.695) bounded=true
tick=180 phase=following reason=path_ready wp=1 dist_wp=0.90 bearing_deg=6.02 speed=1.094 pos=(32.463,0.010,-118.726) bounded=true
tick=210 phase=following reason=path_ready wp=2 dist_wp=19.68 bearing_deg=43.08 speed=0.000 pos=(32.851,0.018,-118.100) bounded=true
tick=240 phase=following reason=path_ready wp=2 dist_wp=19.68 bearing_deg=25.08 speed=0.000 pos=(32.851,0.002,-118.100) bounded=true
tick=270 phase=following reason=path_ready wp=2 dist_wp=19.51 bearing_deg=12.23 speed=0.266 pos=(33.018,0.007,-118.049) bounded=true
tick=300 phase=following reason=path_ready wp=2 dist_wp=18.31 bearing_deg=6.39 speed=0.764 pos=(34.207,0.010,-117.815) bounded=true
tick=330 phase=following reason=path_ready wp=2 dist_wp=15.96 bearing_deg=3.64 speed=1.255 pos=(36.545,0.010,-117.532) bounded=true
tick=360 phase=following reason=path_ready wp=2 dist_wp=12.49 bearing_deg=2.35 speed=1.724 pos=(40.014,0.010,-117.266) bounded=true
tick=390 phase=following reason=path_ready wp=2 dist_wp=8.06 bearing_deg=1.86 speed=2.071 pos=(44.443,0.007,-117.048) bounded=true
tick=420 phase=following reason=path_ready wp=2 dist_wp=3.05 bearing_deg=2.53 speed=2.215 pos=(49.455,0.004,-116.913) bounded=true
tick=450 phase=following reason=path_ready wp=2 dist_wp=0.68 bearing_deg=169.80 speed=0.769 pos=(53.174,0.030,-116.975) bounded=true
tick=480 phase=following reason=path_ready wp=3 dist_wp=17.74 bearing_deg=-9.59 speed=0.658 pos=(54.293,0.002,-117.146) bounded=true
tick=510 phase=following reason=path_ready wp=3 dist_wp=15.65 bearing_deg=-5.39 speed=1.150 pos=(56.403,0.010,-117.248) bounded=true
tick=540 phase=following reason=path_ready wp=3 dist_wp=12.42 bearing_deg=-3.41 speed=1.617 pos=(59.636,0.010,-117.196) bounded=true
tick=570 phase=following reason=path_ready wp=3 dist_wp=8.24 bearing_deg=-2.61 speed=1.965 pos=(63.816,0.008,-116.960) bounded=true
tick=600 phase=following reason=path_ready wp=3 dist_wp=3.42 bearing_deg=-3.21 speed=2.161 pos=(68.619,0.005,-116.540) bounded=true
tick=630 phase=following reason=path_ready wp=3 dist_wp=0.58 bearing_deg=-166.48 speed=0.970 pos=(72.581,0.027,-115.991) bounded=true
tick=660 phase=following reason=path_ready wp=4 dist_wp=21.83 bearing_deg=-61.20 speed=0.000 pos=(73.171,0.016,-115.802) bounded=true
tick=690 phase=following reason=path_ready wp=4 dist_wp=21.83 bearing_deg=-43.20 speed=0.000 pos=(73.171,0.002,-115.802) bounded=true
tick=720 phase=following reason=path_ready wp=4 dist_wp=21.83 bearing_deg=-25.20 speed=0.000 pos=(73.171,0.001,-115.802) bounded=true
tick=750 phase=following reason=path_ready wp=4 dist_wp=21.62 bearing_deg=-12.31 speed=0.335 pos=(73.212,0.008,-115.586) bounded=true
tick=780 phase=following reason=path_ready wp=4 dist_wp=20.11 bearing_deg=-6.51 speed=0.959 pos=(73.342,0.013,-114.069) bounded=true
tick=810 phase=following reason=path_ready wp=4 dist_wp=17.10 bearing_deg=-3.84 speed=1.642 pos=(73.373,0.014,-111.047) bounded=true
tick=840 phase=following reason=path_ready wp=4 dist_wp=12.50 bearing_deg=-2.69 speed=2.259 pos=(73.212,0.013,-106.437) bounded=true
tick=870 phase=following reason=path_ready wp=4 dist_wp=6.91 bearing_deg=-2.52 speed=2.636 pos=(72.845,0.009,-100.861) bounded=true
tick=900 phase=following reason=path_ready wp=4 dist_wp=0.67 bearing_deg=-13.56 speed=2.365 pos=(72.239,0.008,-94.630) bounded=true
tick=930 phase=following reason=path_ready wp=4 dist_wp=2.85 bearing_deg=-168.60 speed=0.755 pos=(71.390,0.031,-91.214) bounded=true
tick=960 phase=following reason=path_ready wp=4 dist_wp=3.23 bearing_deg=-152.52 speed=0.000 pos=(71.214,0.012,-90.864) bounded=true
tick=990 phase=following reason=path_ready wp=4 dist_wp=3.23 bearing_deg=-134.52 speed=0.000 pos=(71.214,0.002,-90.864) bounded=true
tick=1020 phase=following reason=path_ready wp=4 dist_wp=3.23 bearing_deg=-116.52 speed=0.000 pos=(71.214,0.001,-90.864) bounded=true
tick=1050 phase=following reason=path_ready wp=4 dist_wp=3.23 bearing_deg=-98.52 speed=0.000 pos=(71.214,0.001,-90.864) bounded=true
tick=1080 phase=following reason=path_ready wp=4 dist_wp=3.23 bearing_deg=-80.52 speed=0.000 pos=(71.214,0.001,-90.864) bounded=true
tick=1110 phase=following reason=path_ready wp=4 dist_wp=3.23 bearing_deg=-62.52 speed=0.000 pos=(71.214,0.001,-90.864) bounded=true
tick=1140 phase=following reason=path_ready wp=4 dist_wp=3.23 bearing_deg=-44.52 speed=0.000 pos=(71.214,0.001,-90.864) bounded=true
tick=1170 phase=following reason=path_ready wp=4 dist_wp=3.23 bearing_deg=-26.52 speed=0.000 pos=(71.214,0.001,-90.864) bounded=true
tick=1200 phase=following reason=path_ready wp=4 dist_wp=3.18 bearing_deg=-13.05 speed=0.102 pos=(71.214,0.003,-90.919) bounded=true
tick=1230 phase=following reason=path_ready wp=4 dist_wp=2.68 bearing_deg=-7.52 speed=0.318 pos=(71.265,0.005,-91.418) bounded=true
tick=1260 phase=following reason=path_ready wp=4 dist_wp=1.76 bearing_deg=-5.62 speed=0.466 pos=(71.442,0.004,-92.333) bounded=true
tick=1290 phase=following reason=path_ready wp=5 dist_wp=20.94 bearing_deg=-155.51 speed=0.000 pos=(71.595,0.011,-92.936) bounded=true
tick=1320 phase=following reason=path_ready wp=5 dist_wp=20.94 bearing_deg=-137.51 speed=0.000 pos=(71.595,0.002,-92.936) bounded=true
tick=1350 phase=following reason=path_ready wp=5 dist_wp=20.94 bearing_deg=-119.51 speed=0.000 pos=(71.595,0.001,-92.936) bounded=true
tick=1380 phase=following reason=path_ready wp=5 dist_wp=20.94 bearing_deg=-101.51 speed=0.000 pos=(71.595,0.001,-92.936) bounded=true
tick=1410 phase=following reason=path_ready wp=5 dist_wp=20.94 bearing_deg=-83.51 speed=0.000 pos=(71.595,0.001,-92.936) bounded=true
tick=1440 phase=following reason=path_ready wp=5 dist_wp=20.94 bearing_deg=-65.51 speed=0.000 pos=(71.595,0.001,-92.936) bounded=true
tick=1470 phase=following reason=path_ready wp=5 dist_wp=20.94 bearing_deg=-47.51 speed=0.000 pos=(71.595,0.001,-92.936) bounded=true
tick=1500 phase=following reason=path_ready wp=5 dist_wp=20.94 bearing_deg=-29.51 speed=0.000 pos=(71.595,0.001,-92.936) bounded=true
tick=1530 phase=following reason=path_ready wp=5 dist_wp=20.88 bearing_deg=-14.54 speed=0.191 pos=(71.613,0.005,-92.872) bounded=true
tick=1560 phase=following reason=path_ready wp=5 dist_wp=19.60 bearing_deg=-7.60 speed=0.902 pos=(71.848,0.014,-91.601) bounded=true
tick=1590 phase=following reason=path_ready wp=5 dist_wp=16.69 bearing_deg=-4.47 speed=1.603 pos=(72.133,0.014,-88.688) bounded=true
tick=1620 phase=following reason=path_ready wp=5 dist_wp=12.17 bearing_deg=-3.14 speed=2.255 pos=(72.337,0.014,-84.166) bounded=true
tick=1650 phase=following reason=path_ready wp=5 dist_wp=6.67 bearing_deg=-2.95 speed=2.587 pos=(72.386,0.009,-78.656) bounded=true
tick=1680 phase=following reason=path_ready wp=5 dist_wp=0.61 bearing_deg=-17.07 speed=2.248 pos=(72.215,0.010,-72.570) bounded=true
tick=1710 phase=following reason=path_ready wp=5 dist_wp=2.66 bearing_deg=-167.71 speed=0.643 pos=(71.623,0.031,-69.369) bounded=true
tick=1740 phase=following reason=path_ready wp=5 dist_wp=2.93 bearing_deg=-151.27 speed=0.000 pos=(71.513,0.011,-69.110) bounded=true
tick=1770 phase=following reason=path_ready wp=5 dist_wp=2.93 bearing_deg=-133.28 speed=0.000 pos=(71.513,0.001,-69.110) bounded=true
tick=1800 phase=following reason=path_ready wp=5 dist_wp=2.93 bearing_deg=-115.28 speed=0.000 pos=(71.513,0.001,-69.110) bounded=true
tick=1830 phase=following reason=path_ready wp=5 dist_wp=2.93 bearing_deg=-97.28 speed=0.000 pos=(71.513,0.001,-69.110) bounded=true
tick=1860 phase=following reason=path_ready wp=5 dist_wp=2.93 bearing_deg=-79.28 speed=0.000 pos=(71.513,0.001,-69.110) bounded=true
tick=1890 phase=following reason=path_ready wp=5 dist_wp=2.93 bearing_deg=-61.28 speed=0.000 pos=(71.513,0.001,-69.110) bounded=true
tick=1920 phase=following reason=path_ready wp=5 dist_wp=2.93 bearing_deg=-43.28 speed=0.000 pos=(71.513,0.001,-69.110) bounded=true
tick=1950 phase=following reason=path_ready wp=5 dist_wp=2.93 bearing_deg=-25.28 speed=0.000 pos=(71.513,0.001,-69.110) bounded=true
tick=1980 phase=following reason=path_ready wp=5 dist_wp=2.86 bearing_deg=-12.52 speed=0.112 pos=(71.508,0.003,-69.183) bounded=true
tick=2010 phase=following reason=path_ready wp=5 dist_wp=2.37 bearing_deg=-7.34 speed=0.301 pos=(71.523,0.004,-69.677) bounded=true
tick=2040 phase=following reason=path_ready wp=5 dist_wp=1.52 bearing_deg=-5.59 speed=0.415 pos=(71.624,0.003,-70.526) bounded=true
tick=2070 phase=following reason=path_ready wp=6 dist_wp=20.86 bearing_deg=-156.65 speed=0.000 pos=(71.681,0.007,-70.861) bounded=true
tick=2100 phase=following reason=path_ready wp=6 dist_wp=20.86 bearing_deg=-138.65 speed=0.000 pos=(71.681,0.001,-70.861) bounded=true
tick=2130 phase=following reason=path_ready wp=6 dist_wp=20.86 bearing_deg=-120.65 speed=0.000 pos=(71.681,0.000,-70.861) bounded=true
tick=2160 phase=following reason=path_ready wp=6 dist_wp=20.86 bearing_deg=-102.65 speed=0.000 pos=(71.681,0.000,-70.861) bounded=true
tick=2190 phase=following reason=path_ready wp=6 dist_wp=20.86 bearing_deg=-84.65 speed=0.000 pos=(71.681,0.000,-70.861) bounded=true
tick=2220 phase=following reason=path_ready wp=6 dist_wp=20.86 bearing_deg=-66.65 speed=0.000 pos=(71.681,0.000,-70.861) bounded=true
tick=2250 phase=following reason=path_ready wp=6 dist_wp=20.86 bearing_deg=-48.65 speed=0.000 pos=(71.681,0.000,-70.861) bounded=true
tick=2280 phase=following reason=path_ready wp=6 dist_wp=20.86 bearing_deg=-30.65 speed=0.000 pos=(71.681,0.000,-70.861) bounded=true
tick=2310 phase=following reason=path_ready wp=6 dist_wp=20.81 bearing_deg=-15.21 speed=0.167 pos=(71.696,0.004,-70.812) bounded=true
tick=2340 phase=following reason=path_ready wp=6 dist_wp=19.60 bearing_deg=-7.92 speed=0.878 pos=(71.925,0.014,-69.595) bounded=true
tick=2370 phase=following reason=path_ready wp=6 dist_wp=16.74 bearing_deg=-4.64 speed=1.580 pos=(72.204,0.014,-66.736) bounded=true
tick=2400 phase=following reason=path_ready wp=6 dist_wp=12.27 bearing_deg=-3.24 speed=2.253 pos=(72.396,0.014,-62.266) bounded=true
tick=2430 phase=following reason=path_ready wp=6 dist_wp=6.80 bearing_deg=-3.02 speed=2.570 pos=(72.427,0.009,-56.786) bounded=true
tick=2460 phase=following reason=path_ready wp=6 dist_wp=0.73 bearing_deg=-14.81 speed=2.283 pos=(72.232,0.008,-50.692) bounded=true
tick=2490 phase=following reason=path_ready wp=6 dist_wp=2.61 bearing_deg=-167.82 speed=0.663 pos=(71.627,0.031,-47.419) bounded=true
tick=2520 phase=following reason=path_ready wp=6 dist_wp=2.89 bearing_deg=-151.45 speed=0.000 pos=(71.513,0.011,-47.151) bounded=true
tick=2550 phase=following reason=path_ready wp=6 dist_wp=2.89 bearing_deg=-133.45 speed=0.000 pos=(71.513,0.001,-47.151) bounded=true
tick=2580 phase=following reason=path_ready wp=6 dist_wp=2.89 bearing_deg=-115.45 speed=0.000 pos=(71.513,0.001,-47.151) bounded=true
tick=2610 phase=following reason=path_ready wp=6 dist_wp=2.89 bearing_deg=-97.45 speed=0.000 pos=(71.513,0.001,-47.151) bounded=true
tick=2640 phase=following reason=path_ready wp=6 dist_wp=2.89 bearing_deg=-79.45 speed=0.000 pos=(71.513,0.001,-47.151) bounded=true
tick=2670 phase=following reason=path_ready wp=6 dist_wp=2.89 bearing_deg=-61.45 speed=0.000 pos=(71.513,0.001,-47.151) bounded=true
tick=2700 phase=following reason=path_ready wp=6 dist_wp=2.89 bearing_deg=-43.45 speed=0.000 pos=(71.513,0.001,-47.151) bounded=true
tick=2730 phase=following reason=path_ready wp=6 dist_wp=2.89 bearing_deg=-25.45 speed=0.000 pos=(71.513,0.001,-47.151) bounded=true
tick=2760 phase=following reason=path_ready wp=6 dist_wp=2.84 bearing_deg=-12.51 speed=0.083 pos=(71.510,0.003,-47.202) bounded=true
tick=2790 phase=following reason=path_ready wp=6 dist_wp=2.47 bearing_deg=-6.98 speed=0.231 pos=(71.522,0.004,-47.577) bounded=true
tick=2820 phase=following reason=path_ready wp=6 dist_wp=1.80 bearing_deg=-4.65 speed=0.344 pos=(71.599,0.003,-48.245) bounded=true
tick=2850 phase=following reason=path_ready wp=7 dist_wp=20.18 bearing_deg=136.89 speed=0.000 pos=(71.694,0.010,-48.832) bounded=true
tick=2880 phase=following reason=path_ready wp=7 dist_wp=20.18 bearing_deg=118.89 speed=0.000 pos=(71.694,0.001,-48.832) bounded=true
tick=2910 phase=following reason=path_ready wp=7 dist_wp=20.18 bearing_deg=100.89 speed=0.000 pos=(71.694,0.001,-48.832) bounded=true
tick=2940 phase=following reason=path_ready wp=7 dist_wp=20.18 bearing_deg=82.89 speed=0.000 pos=(71.694,0.001,-48.832) bounded=true
tick=2970 phase=following reason=path_ready wp=7 dist_wp=20.18 bearing_deg=64.89 speed=0.000 pos=(71.694,0.001,-48.832) bounded=true
tick=3000 phase=following reason=path_ready wp=7 dist_wp=20.18 bearing_deg=46.89 speed=0.000 pos=(71.694,0.001,-48.832) bounded=true
tick=3030 phase=following reason=path_ready wp=7 dist_wp=20.18 bearing_deg=28.89 speed=0.000 pos=(71.694,0.001,-48.832) bounded=true
tick=3060 phase=following reason=path_ready wp=7 dist_wp=20.11 bearing_deg=14.18 speed=0.202 pos=(71.626,0.005,-48.795) bounded=true
tick=3090 phase=following reason=path_ready wp=7 dist_wp=18.86 bearing_deg=7.42 speed=0.873 pos=(70.578,0.013,-48.085) bounded=true
tick=3120 phase=following reason=path_ready wp=7 dist_wp=16.01 bearing_deg=4.37 speed=1.575 pos=(68.353,0.014,-46.286) bounded=true
tick=3150 phase=following reason=path_ready wp=7 dist_wp=11.56 bearing_deg=3.09 speed=2.237 pos=(65.034,0.013,-43.311) bounded=true
tick=3180 phase=following reason=path_ready wp=7 dist_wp=6.14 bearing_deg=3.00 speed=2.537 pos=(61.123,0.008,-39.546) bounded=true
tick=3210 phase=following reason=path_ready wp=7 dist_wp=0.31 bearing_deg=32.17 speed=2.100 pos=(57.050,0.012,-35.310) bounded=true
tick=3240 phase=following reason=path_ready wp=7 dist_wp=2.64 bearing_deg=166.92 speed=0.502 pos=(55.400,0.031,-32.895) bounded=true
tick=3270 phase=following reason=path_ready wp=7 dist_wp=2.81 bearing_deg=149.93 speed=0.000 pos=(55.337,0.008,-32.739) bounded=true
tick=3300 phase=following reason=path_ready wp=7 dist_wp=2.81 bearing_deg=131.93 speed=0.000 pos=(55.337,0.000,-32.739) bounded=true
tick=3330 phase=following reason=path_ready wp=7 dist_wp=2.81 bearing_deg=113.93 speed=0.000 pos=(55.337,0.000,-32.739) bounded=true
tick=3360 phase=following reason=path_ready wp=7 dist_wp=2.81 bearing_deg=95.93 speed=0.000 pos=(55.337,0.000,-32.739) bounded=true
tick=3390 phase=following reason=path_ready wp=7 dist_wp=2.81 bearing_deg=77.93 speed=0.000 pos=(55.337,0.000,-32.739) bounded=true
tick=3420 phase=following reason=path_ready wp=7 dist_wp=2.81 bearing_deg=59.93 speed=0.000 pos=(55.337,0.000,-32.739) bounded=true
tick=3450 phase=following reason=path_ready wp=7 dist_wp=2.81 bearing_deg=41.93 speed=0.000 pos=(55.337,0.000,-32.739) bounded=true
tick=3480 phase=following reason=path_ready wp=7 dist_wp=2.81 bearing_deg=23.94 speed=0.000 pos=(55.337,0.000,-32.739) bounded=true
tick=3510 phase=following reason=path_ready wp=7 dist_wp=2.72 bearing_deg=11.94 speed=0.120 pos=(55.404,0.004,-32.796) bounded=true
tick=3540 phase=following reason=path_ready wp=7 dist_wp=2.23 bearing_deg=7.09 speed=0.295 pos=(55.747,0.004,-33.154) bounded=true
tick=3570 phase=following reason=path_ready wp=7 dist_wp=1.41 bearing_deg=5.47 speed=0.392 pos=(56.262,0.003,-33.794) bounded=true
tick=3600 phase=following reason=path_ready wp=8 dist_wp=20.06 bearing_deg=155.46 speed=0.000 pos=(56.392,0.005,-33.972) bounded=true
tick=3630 phase=following reason=path_ready wp=8 dist_wp=20.06 bearing_deg=137.46 speed=0.000 pos=(56.392,0.001,-33.972) bounded=true
tick=3660 phase=following reason=path_ready wp=8 dist_wp=20.06 bearing_deg=119.46 speed=0.000 pos=(56.392,0.001,-33.972) bounded=true
tick=3690 phase=following reason=path_ready wp=8 dist_wp=20.06 bearing_deg=101.46 speed=0.000 pos=(56.392,0.001,-33.972) bounded=true
tick=3720 phase=following reason=path_ready wp=8 dist_wp=20.06 bearing_deg=83.46 speed=0.000 pos=(56.392,0.001,-33.972) bounded=true
tick=3750 phase=following reason=path_ready wp=8 dist_wp=20.06 bearing_deg=65.46 speed=0.000 pos=(56.392,0.001,-33.972) bounded=true
tick=3780 phase=following reason=path_ready wp=8 dist_wp=20.06 bearing_deg=47.46 speed=0.000 pos=(56.392,0.001,-33.972) bounded=true
tick=3810 phase=following reason=path_ready wp=8 dist_wp=20.06 bearing_deg=29.46 speed=0.000 pos=(56.392,0.001,-33.972) bounded=true
tick=3840 phase=following reason=path_ready wp=8 dist_wp=19.98 bearing_deg=14.52 speed=0.214 pos=(56.319,0.006,-33.933) bounded=true
tick=3870 phase=following reason=path_ready wp=8 dist_wp=18.65 bearing_deg=7.64 speed=0.925 pos=(55.213,0.014,-33.164) bounded=true
tick=3900 phase=following reason=path_ready wp=8 dist_wp=15.69 bearing_deg=4.55 speed=1.626 pos=(52.921,0.014,-31.259) bounded=true
tick=3930 phase=following reason=path_ready wp=8 dist_wp=11.13 bearing_deg=3.28 speed=2.241 pos=(49.573,0.013,-28.159) bounded=true
tick=3960 phase=following reason=path_ready wp=8 dist_wp=5.66 bearing_deg=3.33 speed=2.560 pos=(45.696,0.008,-24.287) bounded=true
tick=3990 phase=following reason=path_ready wp=8 dist_wp=0.18 bearing_deg=106.73 speed=1.910 pos=(41.830,0.017,-20.068) bounded=true
tick=4020 phase=following reason=path_ready wp=8 dist_wp=2.38 bearing_deg=164.71 speed=0.177 pos=(40.577,0.034,-18.093) bounded=true
tick=4050 phase=following reason=path_ready wp=8 dist_wp=2.39 bearing_deg=146.88 speed=0.000 pos=(40.572,0.004,-18.080) bounded=true
tick=4080 phase=following reason=path_ready wp=8 dist_wp=2.39 bearing_deg=128.88 speed=0.000 pos=(40.572,0.001,-18.080) bounded=true
tick=4110 phase=following reason=path_ready wp=8 dist_wp=2.39 bearing_deg=110.88 speed=0.000 pos=(40.572,0.001,-18.080) bounded=true
tick=4140 phase=following reason=path_ready wp=8 dist_wp=2.39 bearing_deg=92.88 speed=0.000 pos=(40.572,0.001,-18.080) bounded=true
tick=4170 phase=following reason=path_ready wp=8 dist_wp=2.39 bearing_deg=74.88 speed=0.000 pos=(40.572,0.001,-18.080) bounded=true
tick=4200 phase=following reason=path_ready wp=8 dist_wp=2.39 bearing_deg=56.88 speed=0.000 pos=(40.572,0.001,-18.080) bounded=true
tick=4230 phase=following reason=path_ready wp=8 dist_wp=2.39 bearing_deg=38.88 speed=0.000 pos=(40.572,0.001,-18.080) bounded=true
tick=4260 phase=following reason=path_ready wp=8 dist_wp=2.39 bearing_deg=21.16 speed=0.000 pos=(40.572,0.001,-18.080) bounded=true
tick=4290 phase=following reason=path_ready wp=8 dist_wp=2.39 bearing_deg=10.21 speed=0.000 pos=(40.572,0.001,-18.080) bounded=true
tick=4320 phase=following reason=path_ready wp=8 dist_wp=2.39 bearing_deg=4.93 speed=0.000 pos=(40.572,0.001,-18.080) bounded=true
tick=4350 phase=following reason=path_ready wp=8 dist_wp=2.39 bearing_deg=2.38 speed=0.000 pos=(40.572,0.001,-18.080) bounded=true
tick=4380 phase=following reason=path_ready wp=8 dist_wp=2.39 bearing_deg=1.15 speed=0.000 pos=(40.572,0.001,-18.080) bounded=true
tick=4410 phase=reverse reason=insufficient_actual_progress wp=8 dist_wp=2.49 bearing_deg=0.91 speed=-0.100 pos=(40.516,0.003,-18.007) bounded=true
tick=4440 phase=reverse reason=insufficient_actual_progress wp=8 dist_wp=2.84 bearing_deg=0.80 speed=-0.202 pos=(40.300,0.003,-17.726) bounded=true
tick=4470 phase=turn_recovery reason=reverse_complete wp=8 dist_wp=3.24 bearing_deg=-5.25 speed=0.000 pos=(40.054,0.006,-17.404) bounded=true
tick=4500 phase=turn_recovery reason=reverse_complete wp=8 dist_wp=3.24 bearing_deg=-23.24 speed=0.000 pos=(40.054,0.001,-17.404) bounded=true
tick=4530 phase=following reason=path_ready wp=0 dist_wp=3.24 bearing_deg=-12.39 speed=0.011 pos=(40.054,0.001,-17.406) bounded=true
tick=4560 phase=following reason=path_ready wp=0 dist_wp=3.19 bearing_deg=-6.08 speed=0.032 pos=(40.079,0.001,-17.451) bounded=true
tick=4590 phase=following reason=path_ready wp=0 dist_wp=3.10 bearing_deg=-3.02 speed=0.048 pos=(40.130,0.001,-17.530) bounded=true
tick=4620 phase=following reason=path_ready wp=0 dist_wp=2.98 bearing_deg=-1.52 speed=0.054 pos=(40.199,0.001,-17.627) bounded=true
tick=4650 phase=reverse reason=insufficient_actual_progress wp=0 dist_wp=2.94 bearing_deg=-1.04 speed=-0.045 pos=(40.224,0.003,-17.662) bounded=true
tick=4680 phase=reverse reason=insufficient_actual_progress wp=0 dist_wp=3.16 bearing_deg=-0.97 speed=-0.147 pos=(40.091,0.003,-17.480) bounded=true
tick=4710 phase=turn_recovery reason=reverse_complete wp=0 dist_wp=3.61 bearing_deg=0.33 speed=-0.124 pos=(39.825,0.002,-17.117) bounded=true
tick=4740 phase=turn_recovery reason=reverse_complete wp=0 dist_wp=3.62 bearing_deg=18.32 speed=0.000 pos=(39.822,0.002,-17.113) bounded=true
tick=4770 phase=following reason=path_ready wp=0 dist_wp=3.62 bearing_deg=14.96 speed=0.012 pos=(39.823,0.001,-17.114) bounded=true
tick=4800 phase=following reason=path_ready wp=0 dist_wp=3.53 bearing_deg=7.40 speed=0.059 pos=(39.884,0.002,-17.171) bounded=true
tick=4830 phase=following reason=path_ready wp=0 dist_wp=3.35 bearing_deg=3.78 speed=0.097 pos=(40.006,0.002,-17.308) bounded=true
tick=4860 phase=following reason=path_ready wp=0 dist_wp=3.10 bearing_deg=1.98 speed=0.118 pos=(40.166,0.001,-17.504) bounded=true
tick=4890 phase=following reason=path_ready wp=0 dist_wp=2.82 bearing_deg=1.06 speed=0.119 pos=(40.336,0.001,-17.724) bounded=true
tick=4920 phase=following reason=path_ready wp=0 dist_wp=2.57 bearing_deg=0.79 speed=0.096 pos=(40.487,0.001,-17.924) bounded=true
tick=4950 phase=following reason=path_ready wp=0 dist_wp=2.38 bearing_deg=0.80 speed=0.073 pos=(40.599,0.001,-18.073) bounded=true
tick=4980 phase=following reason=path_ready wp=0 dist_wp=2.23 bearing_deg=0.79 speed=0.056 pos=(40.689,0.001,-18.194) bounded=true
tick=5010 phase=following reason=path_ready wp=0 dist_wp=2.14 bearing_deg=0.79 speed=0.025 pos=(40.746,0.002,-18.270) bounded=true
tick=5040 phase=following reason=path_ready wp=0 dist_wp=2.12 bearing_deg=0.80 speed=0.000 pos=(40.756,0.002,-18.282) bounded=true
tick=5070 phase=following reason=path_ready wp=0 dist_wp=2.12 bearing_deg=0.80 speed=0.000 pos=(40.756,0.001,-18.282) bounded=true
tick=5100 phase=following reason=path_ready wp=0 dist_wp=2.12 bearing_deg=0.80 speed=0.000 pos=(40.756,0.001,-18.282) bounded=true
tick=5130 phase=reverse reason=insufficient_actual_progress wp=0 dist_wp=2.21 bearing_deg=0.77 speed=-0.107 pos=(40.700,0.003,-18.207) bounded=true
tick=5160 phase=reverse reason=insufficient_actual_progress wp=0 dist_wp=2.63 bearing_deg=0.65 speed=-0.239 pos=(40.451,0.003,-17.873) bounded=true
tick=5190 phase=turn_recovery reason=reverse_complete wp=0 dist_wp=3.11 bearing_deg=-5.39 speed=0.000 pos=(40.168,0.007,-17.491) bounded=true
tick=5220 phase=turn_recovery reason=reverse_complete wp=0 dist_wp=3.11 bearing_deg=-23.38 speed=0.000 pos=(40.168,0.001,-17.491) bounded=true
tick=5250 phase=following reason=path_ready wp=0 dist_wp=3.11 bearing_deg=-12.45 speed=0.006 pos=(40.167,0.001,-17.491) bounded=true
tick=5280 phase=following reason=path_ready wp=0 dist_wp=3.09 bearing_deg=-6.05 speed=0.017 pos=(40.178,0.001,-17.510) bounded=true
tick=5310 phase=following reason=path_ready wp=0 dist_wp=3.03 bearing_deg=-2.97 speed=0.026 pos=(40.205,0.001,-17.553) bounded=true
tick=5340 phase=following reason=path_ready wp=0 dist_wp=2.97 bearing_deg=-1.47 speed=0.030 pos=(40.241,0.001,-17.607) bounded=true
