tick=0 phase=following reason=path_ready wp=1 dist_wp=13.42 bearing_deg=26.57 speed=0.000 pos=(27.000,0.004,-130.000) thr=0.00 steer=1.00 blocked=false attempts=0 stuck_s=0.00 bounded=true
tick=30 phase=following reason=path_ready wp=1 dist_wp=13.32 bearing_deg=13.28 speed=0.185 pos=(27.022,0.005,-129.898) thr=0.95 steer=0.54 blocked=false attempts=0 stuck_s=0.20 bounded=true
tick=60 phase=following reason=path_ready wp=1 dist_wp=12.24 bearing_deg=7.06 speed=0.632 pos=(27.359,0.009,-128.861) thr=0.91 steer=0.29 blocked=false attempts=0 stuck_s=0.00 bounded=true
tick=90 phase=following reason=path_ready wp=1 dist_wp=10.06 bearing_deg=4.25 speed=1.022 pos=(28.201,0.008,-126.846) thr=0.82 steer=0.17 blocked=false attempts=0 stuck_s=0.03 bounded=true
tick=120 phase=following reason=path_ready wp=1 dist_wp=6.99 bearing_deg=3.05 speed=1.314 pos=(29.532,0.006,-124.072) thr=0.66 steer=0.12 blocked=false attempts=0 stuck_s=0.00 bounded=true
tick=150 phase=following reason=path_ready wp=1 dist_wp=3.35 bearing_deg=3.20 speed=1.450 pos=(31.227,0.003,-120.848) thr=0.41 steer=0.13 blocked=false attempts=0 stuck_s=0.03 bounded=true
tick=180 phase=following reason=path_ready wp=1 dist_wp=0.30 bearing_deg=18.20 speed=0.507 pos=(32.765,0.023,-118.187) thr=0.00 steer=0.65 blocked=false attempts=0 stuck_s=0.00 bounded=true
tick=210 phase=following reason=path_ready wp=2 dist_wp=19.67 bearing_deg=36.13 speed=0.000 pos=(32.860,0.008,-118.051) thr=0.00 steer=1.00 blocked=false attempts=0 stuck_s=0.00 bounded=true
tick=240 phase=following reason=path_ready wp=2 dist_wp=19.67 bearing_deg=18.93 speed=0.000 pos=(32.860,0.001,-118.051) thr=0.00 steer=0.78 blocked=false attempts=0 stuck_s=0.00 bounded=true
tick=270 phase=following reason=path_ready wp=2 dist_wp=19.13 bearing_deg=9.45 speed=0.449 pos=(33.388,0.009,-117.914) thr=1.00 steer=0.39 blocked=false attempts=0 stuck_s=0.07 bounded=true
tick=300 phase=following reason=path_ready wp=2 dist_wp=17.31 bearing_deg=5.14 speed=0.945 pos=(35.200,0.010,-117.625) thr=1.00 steer=0.21 blocked=false attempts=0 stuck_s=0.02 bounded=true
tick=330 phase=following reason=path_ready wp=2 dist_wp=14.20 bearing_deg=3.13 speed=1.434 pos=(38.301,0.010,-117.323) thr=0.99 steer=0.13 blocked=false attempts=0 stuck_s=0.00 bounded=true
tick=360 phase=following reason=path_ready wp=2 dist_wp=9.90 bearing_deg=2.27 speed=1.843 pos=(42.603,0.009,-117.066) thr=0.81 steer=0.09 blocked=false attempts=0 stuck_s=0.00 bounded=true
tick=390 phase=following reason=path_ready wp=2 dist_wp=4.75 bearing_deg=2.43 speed=2.074 pos=(47.752,0.005,-116.896) thr=0.52 steer=0.10 blocked=false attempts=0 stuck_s=0.02 bounded=true
tick=420 phase=following reason=path_ready wp=2 dist_wp=0.16 bearing_deg=137.57 speed=1.240 pos=(52.625,0.020,-116.900) thr=0.00 steer=1.00 blocked=false attempts=0 stuck_s=0.00 bounded=true
tick=450 phase=following reason=path_ready wp=3 dist_wp=17.82 bearing_deg=-11.29 speed=0.593 pos=(54.218,0.009,-117.131) thr=1.00 steer=-0.46 blocked=false attempts=0 stuck_s=0.07 bounded=true
tick=480 phase=following reason=path_ready wp=3 dist_wp=15.63 bearing_deg=-6.36 speed=1.086 pos=(56.419,0.010,-117.282) thr=1.00 steer=-0.26 blocked=false attempts=0 stuck_s=0.02 bounded=true
tick=510 phase=following reason=path_ready wp=3 dist_wp=12.18 bearing_deg=-4.09 speed=1.550 pos=(59.883,0.010,-117.258) thr=0.91 steer=-0.17 blocked=false attempts=0 stuck_s=0.03 bounded=true
tick=540 phase=following reason=path_ready wp=3 dist_wp=7.68 bearing_deg=-3.29 speed=1.884 pos=(64.391,0.007,-117.007) thr=0.70 steer=-0.13 blocked=false attempts=0 stuck_s=0.03 bounded=true
tick=570 phase=following reason=path_ready wp=3 dist_wp=2.51 bearing_deg=-5.14 speed=2.047 pos=(69.545,0.004,-116.515) thr=0.32 steer=-0.20 blocked=false attempts=0 stuck_s=0.02 bounded=true
tick=600 phase=following reason=path_ready wp=3 dist_wp=1.07 bearing_deg=-167.33 speed=0.570 pos=(73.066,0.030,-115.882) thr=0.00 steer=-1.00 blocked=false attempts=0 stuck_s=0.00 bounded=true
tick=630 phase=following reason=path_ready wp=4 dist_wp=21.84 bearing_deg=-56.46 speed=0.000 pos=(73.282,0.010,-115.798) thr=0.00 steer=-1.00 blocked=false attempts=0 stuck_s=0.00 bounded=true
tick=660 phase=following reason=path_ready wp=4 dist_wp=21.84 bearing_deg=-38.46 speed=0.000 pos=(73.282,0.001,-115.798) thr=0.00 steer=-1.00 blocked=false attempts=0 stuck_s=0.00 bounded=true
tick=690 phase=following reason=path_ready wp=4 dist_wp=21.84 bearing_deg=-20.81 speed=0.000 pos=(73.282,0.001,-115.798) thr=0.00 steer=-0.85 blocked=false attempts=0 stuck_s=0.00 bounded=true
tick=720 phase=following reason=path_ready wp=4 dist_wp=21.30 bearing_deg=-10.35 speed=0.502 pos=(73.365,0.011,-115.260) thr=1.00 steer=-0.42 blocked=false attempts=0 stuck_s=0.05 bounded=true
tick=750 phase=following reason=path_ready wp=4 dist_wp=19.17 bearing_deg=-5.68 speed=1.137 pos=(73.486,0.013,-113.116) thr=1.00 steer=-0.23 blocked=false attempts=0 stuck_s=0.05 bounded=true
tick=780 phase=following reason=path_ready wp=4 dist_wp=15.29 bearing_deg=-3.59 speed=1.835 pos=(73.446,0.014,-109.218) thr=1.00 steer=-0.15 blocked=false attempts=0 stuck_s=0.00 bounded=true
tick=810 phase=following reason=path_ready wp=4 dist_wp=9.75 bearing_deg=-2.89 speed=2.261 pos=(73.156,0.008,-103.680) thr=0.81 steer=-0.12 blocked=false attempts=0 stuck_s=0.02 bounded=true
tick=840 phase=following reason=path_ready wp=4 dist_wp=3.28 bearing_deg=-4.45 speed=2.655 pos=(72.596,0.008,-97.227) thr=0.41 steer=-0.17 blocked=false attempts=0 stuck_s=0.02 bounded=true
tick=870 phase=following reason=path_ready wp=4 dist_wp=2.04 bearing_deg=-170.72 speed=1.279 pos=(71.702,0.028,-91.986) thr=0.00 steer=-1.00 blocked=false attempts=0 stuck_s=0.00 bounded=true
tick=900 phase=following reason=path_ready wp=4 dist_wp=3.30 bearing_deg=-158.59 speed=0.000 pos=(71.206,0.026,-90.792) thr=0.00 steer=-1.00 blocked=false attempts=0 stuck_s=0.00 bounded=true
tick=930 phase=following reason=path_ready wp=4 dist_wp=3.30 bearing_deg=-140.59 speed=0.000 pos=(71.206,0.002,-90.792) thr=0.00 steer=-1.00 blocked=false attempts=0 stuck_s=0.00 bounded=true
tick=960 phase=following reason=path_ready wp=4 dist_wp=3.30 bearing_deg=-122.59 speed=0.000 pos=(71.206,0.001,-90.792) thr=0.00 steer=-1.00 blocked=false attempts=0 stuck_s=0.00 bounded=true
tick=990 phase=following reason=path_ready wp=4 dist_wp=3.30 bearing_deg=-104.59 speed=0.000 pos=(71.206,0.001,-90.792) thr=0.00 steer=-1.00 blocked=false attempts=0 stuck_s=0.00 bounded=true
tick=1020 phase=following reason=path_ready wp=4 dist_wp=3.30 bearing_deg=-86.59 speed=0.000 pos=(71.206,0.001,-90.792) thr=0.00 steer=-1.00 blocked=false attempts=0 stuck_s=0.00 bounded=true
tick=1050 phase=following reason=path_ready wp=4 dist_wp=3.30 bearing_deg=-68.59 speed=0.000 pos=(71.206,0.001,-90.792) thr=0.00 steer=-1.00 blocked=false attempts=0 stuck_s=0.00 bounded=true
tick=1080 phase=following reason=path_ready wp=4 dist_wp=3.30 bearing_deg=-50.59 speed=0.000 pos=(71.206,0.001,-90.792) thr=0.00 steer=-1.00 blocked=false attempts=0 stuck_s=0.00 bounded=true
tick=1110 phase=following reason=path_ready wp=4 dist_wp=3.30 bearing_deg=-32.59 speed=0.000 pos=(71.206,0.001,-90.792) thr=0.00 steer=-1.00 blocked=false attempts=0 stuck_s=0.00 bounded=true
tick=1140 phase=following reason=path_ready wp=4 dist_wp=3.30 bearing_deg=-16.42 speed=0.024 pos=(71.206,0.001,-90.796) thr=0.39 steer=-0.67 blocked=false attempts=0 stuck_s=0.05 bounded=true
tick=1170 phase=following reason=path_ready wp=4 dist_wp=2.93 bearing_deg=-8.98 speed=0.256 pos=(71.230,0.005,-91.175) thr=0.35 steer=-0.37 blocked=false attempts=0 stuck_s=0.00 bounded=true
tick=1200 phase=following reason=path_ready wp=4 dist_wp=2.02 bearing_deg=-6.37 speed=0.431 pos=(71.379,0.004,-92.081) thr=0.24 steer=-0.26 blocked=false attempts=0 stuck_s=0.08 bounded=true
tick=1230 phase=following reason=path_ready wp=5 dist_wp=20.94 bearing_deg=-158.81 speed=0.000 pos=(71.583,0.012,-92.938) thr=0.00 steer=-1.00 blocked=false attempts=0 stuck_s=0.00 bounded=true
tick=1260 phase=following reason=path_ready wp=5 dist_wp=20.94 bearing_deg=-140.81 speed=0.000 pos=(71.583,0.001,-92.938) thr=0.00 steer=-1.00 blocked=false attempts=0 stuck_s=0.00 bounded=true
tick=1290 phase=following reason=path_ready wp=5 dist_wp=20.94 bearing_deg=-122.81 speed=0.000 pos=(71.583,0.000,-92.938) thr=0.00 steer=-1.00 blocked=false attempts=0 stuck_s=0.00 bounded=true
tick=1320 phase=following reason=path_ready wp=5 dist_wp=20.94 bearing_deg=-104.81 speed=0.000 pos=(71.583,0.000,-92.938) thr=0.00 steer=-1.00 blocked=false attempts=0 stuck_s=0.00 bounded=true
tick=1350 phase=following reason=path_ready wp=5 dist_wp=20.94 bearing_deg=-86.81 speed=0.000 pos=(71.583,0.000,-92.938) thr=0.00 steer=-1.00 blocked=false attempts=0 stuck_s=0.00 bounded=true
tick=1380 phase=following reason=path_ready wp=5 dist_wp=20.94 bearing_deg=-68.81 speed=0.000 pos=(71.583,0.000,-92.938) thr=0.00 steer=-1.00 blocked=false attempts=0 stuck_s=0.00 bounded=true
tick=1410 phase=following reason=path_ready wp=5 dist_wp=20.94 bearing_deg=-50.81 speed=0.000 pos=(71.583,0.000,-92.938) thr=0.00 steer=-1.00 blocked=false attempts=0 stuck_s=0.00 bounded=true
tick=1440 phase=following reason=path_ready wp=5 dist_wp=20.94 bearing_deg=-32.81 speed=0.000 pos=(71.583,0.000,-92.938) thr=0.00 steer=-1.00 blocked=false attempts=0 stuck_s=0.00 bounded=true
tick=1470 phase=following reason=path_ready wp=5 dist_wp=20.93 bearing_deg=-16.56 speed=0.071 pos=(71.587,0.002,-92.926) thr=1.00 steer=-0.68 blocked=false attempts=0 stuck_s=0.05 bounded=true
tick=1500 phase=following reason=path_ready wp=5 dist_wp=19.81 bearing_deg=-8.55 speed=0.784 pos=(71.817,0.014,-91.805) thr=1.00 steer=-0.35 blocked=false attempts=0 stuck_s=0.00 bounded=true
tick=1530 phase=following reason=path_ready wp=5 dist_wp=16.84 bearing_deg=-5.02 speed=1.487 pos=(72.144,0.014,-88.837) thr=1.00 steer=-0.20 blocked=false attempts=0 stuck_s=0.02 bounded=true
tick=1560 phase=following reason=path_ready wp=5 dist_wp=12.06 bearing_deg=-3.56 speed=2.160 pos=(72.387,0.014,-84.054) thr=0.91 steer=-0.14 blocked=false attempts=0 stuck_s=0.02 bounded=true
tick=1590 phase=following reason=path_ready wp=5 dist_wp=6.08 bearing_deg=-3.65 speed=2.470 pos=(72.443,0.008,-78.065) thr=0.61 steer=-0.14 blocked=false attempts=0 stuck_s=0.02 bounded=true
tick=1620 phase=following reason=path_ready wp=5 dist_wp=0.30 bearing_deg=-135.22 speed=1.921 pos=(72.186,0.015,-71.764) thr=0.00 steer=-1.00 blocked=false attempts=0 stuck_s=0.00 bounded=true
tick=1650 phase=following reason=path_ready wp=5 dist_wp=3.03 bearing_deg=-165.07 speed=0.331 pos=(71.538,0.031,-69.004) thr=0.00 steer=-1.00 blocked=false attempts=0 stuck_s=0.00 bounded=true
tick=1680 phase=following reason=path_ready wp=5 dist_wp=3.11 bearing_deg=-147.50 speed=0.000 pos=(71.505,0.006,-68.934) thr=0.00 steer=-1.00 blocked=false attempts=0 stuck_s=0.00 bounded=true
tick=1710 phase=following reason=path_ready wp=5 dist_wp=3.11 bearing_deg=-129.50 speed=0.000 pos=(71.505,0.001,-68.934) thr=0.00 steer=-1.00 blocked=false attempts=0 stuck_s=0.00 bounded=true
tick=1740 phase=following reason=path_ready wp=5 dist_wp=3.11 bearing_deg=-111.50 speed=0.000 pos=(71.505,0.001,-68.934) thr=0.00 steer=-1.00 blocked=false attempts=0 stuck_s=0.00 bounded=true
tick=1770 phase=following reason=path_ready wp=5 dist_wp=3.11 bearing_deg=-93.50 speed=0.000 pos=(71.505,0.001,-68.934) thr=0.00 steer=-1.00 blocked=false attempts=0 stuck_s=0.00 bounded=true
tick=1800 phase=following reason=path_ready wp=5 dist_wp=3.11 bearing_deg=-75.50 speed=0.000 pos=(71.505,0.001,-68.934) thr=0.00 steer=-1.00 blocked=false attempts=0 stuck_s=0.00 bounded=true
tick=1830 phase=following reason=path_ready wp=5 dist_wp=3.11 bearing_deg=-57.50 speed=0.000 pos=(71.505,0.001,-68.934) thr=0.00 steer=-1.00 blocked=false attempts=0 stuck_s=0.00 bounded=true
tick=1860 phase=following reason=path_ready wp=5 dist_wp=3.11 bearing_deg=-39.50 speed=0.000 pos=(71.505,0.001,-68.934) thr=0.00 steer=-1.00 blocked=false attempts=0 stuck_s=0.00 bounded=true
tick=1890 phase=following reason=path_ready wp=5 dist_wp=3.11 bearing_deg=-21.70 speed=0.000 pos=(71.505,0.001,-68.934) thr=0.00 steer=-0.89 blocked=false attempts=0 stuck_s=0.00 bounded=true
tick=1920 phase=following reason=path_ready wp=5 dist_wp=2.95 bearing_deg=-11.06 speed=0.163 pos=(71.495,0.004,-69.098) thr=0.36 steer=-0.45 blocked=false attempts=0 stuck_s=0.37 bounded=true
tick=1950 phase=following reason=path_ready wp=5 dist_wp=2.26 bearing_deg=-7.01 speed=0.351 pos=(71.527,0.004,-69.787) thr=0.28 steer=-0.28 blocked=false attempts=0 stuck_s=0.05 bounded=true
tick=1980 phase=following reason=path_ready wp=5 dist_wp=1.22 bearing_deg=-6.34 speed=0.328 pos=(71.663,0.002,-70.823) thr=0.00 steer=-0.25 blocked=false attempts=0 stuck_s=0.00 bounded=true
tick=2010 phase=following reason=path_ready wp=6 dist_wp=20.90 bearing_deg=-151.53 speed=0.000 pos=(71.678,0.003,-70.897) thr=0.00 steer=-1.00 blocked=false attempts=0 stuck_s=0.00 bounded=true
tick=2040 phase=following reason=path_ready wp=6 dist_wp=20.90 bearing_deg=-133.53 speed=0.000 pos=(71.678,0.000,-70.897) thr=0.00 steer=-1.00 blocked=false attempts=0 stuck_s=0.00 bounded=true
tick=2070 phase=following reason=path_ready wp=6 dist_wp=20.90 bearing_deg=-115.53 speed=0.000 pos=(71.678,0.000,-70.897) thr=0.00 steer=-1.00 blocked=false attempts=0 stuck_s=0.00 bounded=true
tick=2100 phase=following reason=path_ready wp=6 dist_wp=20.90 bearing_deg=-97.53 speed=0.000 pos=(71.678,0.000,-70.897) thr=0.00 steer=-1.00 blocked=false attempts=0 stuck_s=0.00 bounded=true
tick=2130 phase=following reason=path_ready wp=6 dist_wp=20.90 bearing_deg=-79.53 speed=0.000 pos=(71.678,0.000,-70.897) thr=0.00 steer=-1.00 blocked=false attempts=0 stuck_s=0.00 bounded=true
tick=2160 phase=following reason=path_ready wp=6 dist_wp=20.90 bearing_deg=-61.53 speed=0.000 pos=(71.678,0.000,-70.897) thr=0.00 steer=-1.00 blocked=false attempts=0 stuck_s=0.00 bounded=true
tick=2190 phase=following reason=path_ready wp=6 dist_wp=20.90 bearing_deg=-43.53 speed=0.000 pos=(71.678,0.000,-70.897) thr=0.00 steer=-1.00 blocked=false attempts=0 stuck_s=0.00 bounded=true
tick=2220 phase=following reason=path_ready wp=6 dist_wp=20.90 bearing_deg=-25.53 speed=0.000 pos=(71.678,0.000,-70.897) thr=0.00 steer=-1.00 blocked=false attempts=0 stuck_s=0.00 bounded=true
tick=2250 phase=following reason=path_ready wp=6 dist_wp=20.66 bearing_deg=-12.50 speed=0.357 pos=(71.741,0.009,-70.657) thr=1.00 steer=-0.51 blocked=false attempts=0 stuck_s=0.25 bounded=true
tick=2280 phase=following reason=path_ready wp=6 dist_wp=18.80 bearing_deg=-6.77 speed=1.066 pos=(72.034,0.014,-68.797) thr=1.00 steer=-0.28 blocked=false attempts=0 stuck_s=0.03 bounded=true
tick=2310 phase=following reason=path_ready wp=6 dist_wp=15.10 bearing_deg=-4.24 speed=1.764 pos=(72.324,0.014,-65.094) thr=1.00 steer=-0.17 blocked=false attempts=0 stuck_s=0.02 bounded=true
tick=2340 phase=following reason=path_ready wp=6 dist_wp=9.70 bearing_deg=-3.38 speed=2.244 pos=(72.479,0.010,-59.689) thr=0.80 steer=-0.14 blocked=false attempts=0 stuck_s=0.02 bounded=true
tick=2370 phase=following reason=path_ready wp=6 dist_wp=3.41 bearing_deg=-4.99 speed=2.590 pos=(72.406,0.008,-53.382) thr=0.42 steer=-0.19 blocked=false attempts=0 stuck_s=0.02 bounded=true
tick=2400 phase=following reason=path_ready wp=6 dist_wp=1.85 bearing_deg=-169.66 speed=1.260 pos=(71.895,0.027,-48.151) thr=0.00 steer=-1.00 blocked=false attempts=0 stuck_s=0.00 bounded=true
tick=2430 phase=following reason=path_ready wp=6 dist_wp=3.05 bearing_deg=-158.00 speed=0.000 pos=(71.510,0.025,-46.988) thr=0.00 steer=-1.00 blocked=false attempts=0 stuck_s=0.00 bounded=true
tick=2460 phase=following reason=path_ready wp=6 dist_wp=3.05 bearing_deg=-140.00 speed=0.000 pos=(71.510,0.002,-46.988) thr=0.00 steer=-1.00 blocked=false attempts=0 stuck_s=0.00 bounded=true
tick=2490 phase=following reason=path_ready wp=6 dist_wp=3.05 bearing_deg=-122.00 speed=0.000 pos=(71.510,0.001,-46.988) thr=0.00 steer=-1.00 blocked=false attempts=0 stuck_s=0.00 bounded=true
tick=2520 phase=following reason=path_ready wp=6 dist_wp=3.05 bearing_deg=-104.00 speed=0.000 pos=(71.510,0.001,-46.988) thr=0.00 steer=-1.00 blocked=false attempts=0 stuck_s=0.00 bounded=true
tick=2550 phase=following reason=path_ready wp=6 dist_wp=3.05 bearing_deg=-86.00 speed=0.000 pos=(71.510,0.001,-46.988) thr=0.00 steer=-1.00 blocked=false attempts=0 stuck_s=0.00 bounded=true
tick=2580 phase=following reason=path_ready wp=6 dist_wp=3.05 bearing_deg=-68.00 speed=0.000 pos=(71.510,0.001,-46.988) thr=0.00 steer=-1.00 blocked=false attempts=0 stuck_s=0.00 bounded=true
tick=2610 phase=following reason=path_ready wp=6 dist_wp=3.05 bearing_deg=-50.00 speed=0.000 pos=(71.510,0.001,-46.988) thr=0.00 steer=-1.00 blocked=false attempts=0 stuck_s=0.00 bounded=true
tick=2640 phase=following reason=path_ready wp=6 dist_wp=3.05 bearing_deg=-32.00 speed=0.000 pos=(71.510,0.001,-46.988) thr=0.00 steer=-1.00 blocked=false attempts=0 stuck_s=0.00 bounded=true
tick=2670 phase=following reason=path_ready wp=6 dist_wp=3.05 bearing_deg=-16.04 speed=0.024 pos=(71.510,0.001,-46.992) thr=0.36 steer=-0.66 blocked=false attempts=0 stuck_s=0.07 bounded=true
tick=2700 phase=following reason=path_ready wp=6 dist_wp=2.76 bearing_deg=-8.59 speed=0.195 pos=(71.506,0.004,-47.289) thr=0.33 steer=-0.35 blocked=false attempts=0 stuck_s=0.57 bounded=true
tick=2730 phase=following reason=path_ready wp=6 dist_wp=2.07 bearing_deg=-5.56 speed=0.322 pos=(71.562,0.003,-47.976) thr=0.25 steer=-0.22 blocked=false attempts=0 stuck_s=0.15 bounded=true
tick=2760 phase=following reason=path_ready wp=7 dist_wp=20.19 bearing_deg=140.73 speed=0.121 pos=(71.691,0.004,-48.850) thr=0.00 steer=1.00 blocked=false attempts=0 stuck_s=0.00 bounded=true
tick=2790 phase=following reason=path_ready wp=7 dist_wp=20.20 bearing_deg=122.75 speed=0.000 pos=(71.692,0.003,-48.857) thr=0.00 steer=1.00 blocked=false attempts=0 stuck_s=0.00 bounded=true
tick=2820 phase=following reason=path_ready wp=7 dist_wp=20.20 bearing_deg=104.75 speed=0.000 pos=(71.692,0.001,-48.857) thr=0.00 steer=1.00 blocked=false attempts=0 stuck_s=0.00 bounded=true
tick=2850 phase=following reason=path_ready wp=7 dist_wp=20.20 bearing_deg=86.75 speed=0.000 pos=(71.692,0.001,-48.857) thr=0.00 steer=1.00 blocked=false attempts=0 stuck_s=0.00 bounded=true
tick=2880 phase=following reason=path_ready wp=7 dist_wp=20.20 bearing_deg=68.75 speed=0.000 pos=(71.692,0.001,-48.857) thr=0.00 steer=1.00 blocked=false attempts=0 stuck_s=0.00 bounded=true
tick=2910 phase=following reason=path_ready wp=7 dist_wp=20.20 bearing_deg=50.75 speed=0.000 pos=(71.692,0.001,-48.857) thr=0.00 steer=1.00 blocked=false attempts=0 stuck_s=0.00 bounded=true
tick=2940 phase=following reason=path_ready wp=7 dist_wp=20.20 bearing_deg=32.75 speed=0.000 pos=(71.692,0.001,-48.857) thr=0.00 steer=1.00 blocked=false attempts=0 stuck_s=0.00 bounded=true
tick=2970 phase=following reason=path_ready wp=7 dist_wp=20.18 bearing_deg=16.52 speed=0.067 pos=(71.681,0.002,-48.852) thr=1.00 steer=0.68 blocked=false attempts=0 stuck_s=0.05 bounded=true
tick=3000 phase=following reason=path_ready wp=7 dist_wp=19.13 bearing_deg=8.51 speed=0.737 pos=(70.779,0.013,-48.268) thr=1.00 steer=0.35 blocked=false attempts=0 stuck_s=0.08 bounded=true
tick=3030 phase=following reason=path_ready wp=7 dist_wp=16.29 bearing_deg=4.98 speed=1.438 pos=(68.534,0.014,-46.501) thr=1.00 steer=0.20 blocked=false attempts=0 stuck_s=0.03 bounded=true
tick=3060 phase=following reason=path_ready wp=7 dist_wp=11.64 bearing_deg=3.53 speed=2.105 pos=(65.048,0.014,-43.409) thr=0.89 steer=0.14 blocked=false attempts=0 stuck_s=0.00 bounded=true
tick=3090 phase=following reason=path_ready wp=7 dist_wp=5.75 bearing_deg=3.68 speed=2.413 pos=(60.799,0.007,-39.319) thr=0.59 steer=0.15 blocked=false attempts=0 stuck_s=0.00 bounded=true
tick=3120 phase=following reason=path_ready wp=7 dist_wp=0.37 bearing_deg=146.05 speed=1.798 pos=(56.648,0.016,-34.890) thr=0.00 steer=1.00 blocked=false attempts=0 stuck_s=0.00 bounded=true
tick=3150 phase=following reason=path_ready wp=7 dist_wp=2.82 bearing_deg=164.35 speed=0.213 pos=(55.302,0.031,-32.752) thr=0.00 steer=1.00 blocked=false attempts=0 stuck_s=0.00 bounded=true
tick=3180 phase=following reason=path_ready wp=7 dist_wp=2.84 bearing_deg=146.53 speed=0.000 pos=(55.292,0.005,-32.725) thr=0.00 steer=1.00 blocked=false attempts=0 stuck_s=0.00 bounded=true
tick=3210 phase=following reason=path_ready wp=7 dist_wp=2.84 bearing_deg=128.53 speed=0.000 pos=(55.292,0.001,-32.725) thr=0.00 steer=1.00 blocked=false attempts=0 stuck_s=0.00 bounded=true
tick=3240 phase=following reason=path_ready wp=7 dist_wp=2.84 bearing_deg=110.53 speed=0.000 pos=(55.292,0.001,-32.725) thr=0.00 steer=1.00 blocked=false attempts=0 stuck_s=0.00 bounded=true
tick=3270 phase=following reason=path_ready wp=7 dist_wp=2.84 bearing_deg=92.53 speed=0.000 pos=(55.292,0.001,-32.725) thr=0.00 steer=1.00 blocked=false attempts=0 stuck_s=0.00 bounded=true
tick=3300 phase=following reason=path_ready wp=7 dist_wp=2.84 bearing_deg=74.53 speed=0.000 pos=(55.292,0.001,-32.725) thr=0.00 steer=1.00 blocked=false attempts=0 stuck_s=0.00 bounded=true
tick=3330 phase=following reason=path_ready wp=7 dist_wp=2.84 bearing_deg=56.53 speed=0.000 pos=(55.292,0.001,-32.725) thr=0.00 steer=1.00 blocked=false attempts=0 stuck_s=0.00 bounded=true
tick=3360 phase=following reason=path_ready wp=7 dist_wp=2.84 bearing_deg=38.53 speed=0.000 pos=(55.292,0.001,-32.725) thr=0.00 steer=1.00 blocked=false attempts=0 stuck_s=0.00 bounded=true
tick=3390 phase=following reason=path_ready wp=7 dist_wp=2.84 bearing_deg=20.86 speed=0.000 pos=(55.292,0.001,-32.725) thr=0.00 steer=0.85 blocked=false attempts=0 stuck_s=0.00 bounded=true
tick=3420 phase=following reason=path_ready wp=7 dist_wp=2.69 bearing_deg=10.69 speed=0.154 pos=(55.414,0.004,-32.831) thr=0.33 steer=0.44 blocked=false attempts=0 stuck_s=0.38 bounded=true
tick=3450 phase=following reason=path_ready wp=7 dist_wp=2.06 bearing_deg=6.80 speed=0.320 pos=(55.850,0.004,-33.295) thr=0.25 steer=0.27 blocked=false attempts=0 stuck_s=0.03 bounded=true
tick=3480 phase=following reason=path_ready wp=8 dist_wp=20.07 bearing_deg=168.75 speed=0.117 pos=(56.395,0.004,-33.980) thr=0.00 steer=1.00 blocked=false attempts=0 stuck_s=0.00 bounded=true
tick=3510 phase=following reason=path_ready wp=8 dist_wp=20.07 bearing_deg=150.76 speed=0.000 pos=(56.398,0.003,-33.985) thr=0.00 steer=1.00 blocked=false attempts=0 stuck_s=0.00 bounded=true
tick=3540 phase=following reason=path_ready wp=8 dist_wp=20.07 bearing_deg=132.76 speed=0.000 pos=(56.398,0.000,-33.985) thr=0.00 steer=1.00 blocked=false attempts=0 stuck_s=0.00 bounded=true
tick=3570 phase=following reason=path_ready wp=8 dist_wp=20.07 bearing_deg=114.76 speed=0.000 pos=(56.398,0.000,-33.985) thr=0.00 steer=1.00 blocked=false attempts=0 stuck_s=0.00 bounded=true
tick=3600 phase=following reason=path_ready wp=8 dist_wp=20.07 bearing_deg=96.76 speed=0.000 pos=(56.398,0.000,-33.985) thr=0.00 steer=1.00 blocked=false attempts=0 stuck_s=0.00 bounded=true
tick=3630 phase=following reason=path_ready wp=8 dist_wp=20.07 bearing_deg=78.76 speed=0.000 pos=(56.398,0.000,-33.985) thr=0.00 steer=1.00 blocked=false attempts=0 stuck_s=0.00 bounded=true
tick=3660 phase=following reason=path_ready wp=8 dist_wp=20.07 bearing_deg=60.76 speed=0.000 pos=(56.398,0.000,-33.985) thr=0.00 steer=1.00 blocked=false attempts=0 stuck_s=0.00 bounded=true
tick=3690 phase=following reason=path_ready wp=8 dist_wp=20.07 bearing_deg=42.76 speed=0.000 pos=(56.398,0.000,-33.985) thr=0.00 steer=1.00 blocked=false attempts=0 stuck_s=0.00 bounded=true
tick=3720 phase=following reason=path_ready wp=8 dist_wp=20.07 bearing_deg=24.76 speed=0.000 pos=(56.398,0.000,-33.985) thr=0.00 steer=1.00 blocked=false attempts=0 stuck_s=0.00 bounded=true
tick=3750 phase=following reason=path_ready wp=8 dist_wp=19.80 bearing_deg=12.15 speed=0.381 pos=(56.157,0.009,-33.842) thr=1.00 steer=0.50 blocked=false attempts=0 stuck_s=0.27 bounded=true
tick=3780 phase=following reason=path_ready wp=8 dist_wp=17.88 bearing_deg=6.63 speed=1.090 pos=(54.590,0.014,-32.689) thr=1.00 steer=0.27 blocked=false attempts=0 stuck_s=0.05 bounded=true
tick=3810 phase=following reason=path_ready wp=8 dist_wp=14.12 bearing_deg=4.22 speed=1.787 pos=(51.731,0.014,-30.226) thr=0.99 steer=0.17 blocked=false attempts=0 stuck_s=0.03 bounded=true
tick=3840 phase=following reason=path_ready wp=8 dist_wp=8.70 bearing_deg=3.51 speed=2.244 pos=(47.798,0.009,-26.483) thr=0.76 steer=0.14 blocked=false attempts=0 stuck_s=0.02 bounded=true
tick=3870 phase=following reason=path_ready wp=8 dist_wp=2.46 bearing_deg=6.43 speed=2.543 pos=(43.452,0.007,-21.985) thr=0.32 steer=0.24 blocked=false attempts=0 stuck_s=0.02 bounded=true
tick=3900 phase=following reason=path_ready wp=8 dist_wp=2.01 bearing_deg=168.71 speed=0.889 pos=(40.702,0.031,-18.467) thr=0.00 steer=1.00 blocked=false attempts=0 stuck_s=0.00 bounded=true
tick=3930 phase=following reason=path_ready wp=8 dist_wp=2.55 bearing_deg=153.99 speed=0.000 pos=(40.462,0.014,-17.970) thr=0.00 steer=1.00 blocked=false attempts=0 stuck_s=0.00 bounded=true
tick=3960 phase=following reason=path_ready wp=8 dist_wp=2.55 bearing_deg=135.99 speed=0.000 pos=(40.462,0.001,-17.970) thr=0.00 steer=1.00 blocked=false attempts=0 stuck_s=0.00 bounded=true
tick=3990 phase=following reason=path_ready wp=8 dist_wp=2.55 bearing_deg=117.99 speed=0.000 pos=(40.462,0.000,-17.970) thr=0.00 steer=1.00 blocked=false attempts=0 stuck_s=0.00 bounded=true
tick=4020 phase=following reason=path_ready wp=8 dist_wp=2.55 bearing_deg=99.99 speed=0.000 pos=(40.462,0.000,-17.970) thr=0.00 steer=1.00 blocked=false attempts=0 stuck_s=0.00 bounded=true
tick=4050 phase=following reason=path_ready wp=8 dist_wp=2.55 bearing_deg=81.99 speed=0.000 pos=(40.462,0.000,-17.970) thr=0.00 steer=1.00 blocked=false attempts=0 stuck_s=0.00 bounded=true
tick=4080 phase=following reason=path_ready wp=8 dist_wp=2.55 bearing_deg=63.99 speed=0.000 pos=(40.462,0.000,-17.970) thr=0.00 steer=1.00 blocked=false attempts=0 stuck_s=0.00 bounded=true
tick=4110 phase=following reason=path_ready wp=8 dist_wp=2.55 bearing_deg=45.99 speed=0.000 pos=(40.462,0.000,-17.970) thr=0.00 steer=1.00 blocked=false attempts=0 stuck_s=0.00 bounded=true
tick=4140 phase=following reason=path_ready wp=8 dist_wp=2.55 bearing_deg=27.99 speed=0.000 pos=(40.462,0.000,-17.970) thr=0.00 steer=1.00 blocked=false attempts=0 stuck_s=0.00 bounded=true
tick=4170 phase=following reason=path_ready wp=8 dist_wp=2.55 bearing_deg=13.61 speed=0.000 pos=(40.462,0.000,-17.970) thr=0.31 steer=0.56 blocked=false attempts=0 stuck_s=0.18 bounded=true
tick=4200 phase=following reason=path_ready wp=8 dist_wp=2.55 bearing_deg=6.57 speed=0.000 pos=(40.462,0.000,-17.970) thr=0.31 steer=0.27 blocked=false attempts=0 stuck_s=0.68 bounded=true
tick=4230 phase=following reason=path_ready wp=8 dist_wp=2.55 bearing_deg=3.17 speed=0.000 pos=(40.462,0.000,-17.970) thr=0.31 steer=0.13 blocked=false attempts=0 stuck_s=1.18 bounded=true
tick=4260 phase=following reason=path_ready wp=8 dist_wp=2.55 bearing_deg=1.53 speed=0.000 pos=(40.462,0.000,-17.970) thr=0.31 steer=0.06 blocked=false attempts=0 stuck_s=1.68 bounded=true
tick=4290 phase=reverse reason=insufficient_actual_progress wp=8 dist_wp=2.56 bearing_deg=0.94 speed=-0.034 pos=(40.452,0.002,-17.957) thr=-0.75 steer=0.00 blocked=false attempts=1 stuck_s=0.00 bounded=true
tick=4320 phase=reverse reason=insufficient_actual_progress wp=8 dist_wp=2.79 bearing_deg=0.86 speed=-0.137 pos=(40.312,0.003,-17.778) thr=-0.75 steer=0.00 blocked=false attempts=1 stuck_s=0.00 bounded=true
tick=4350 phase=reverse reason=insufficient_actual_progress wp=8 dist_wp=3.28 bearing_deg=0.73 speed=-0.239 pos=(40.007,0.003,-17.389) thr=-0.75 steer=0.00 blocked=false attempts=1 stuck_s=0.00 bounded=true
tick=4380 phase=turn_recovery reason=reverse_complete wp=8 dist_wp=3.36 bearing_deg=-16.04 speed=0.000 pos=(39.961,0.002,-17.329) thr=0.00 steer=1.00 blocked=false attempts=1 stuck_s=0.00 bounded=true
tick=4410 phase=following reason=path_ready wp=0 dist_wp=3.36 bearing_deg=-16.57 speed=0.003 pos=(39.961,0.001,-17.329) thr=0.40 steer=-0.68 blocked=false attempts=1 stuck_s=0.05 bounded=true
tick=4440 phase=following reason=path_ready wp=0 dist_wp=3.32 bearing_deg=-8.11 speed=0.033 pos=(39.981,0.001,-17.369) thr=0.39 steer=-0.33 blocked=false attempts=1 stuck_s=0.55 bounded=true
tick=4470 phase=following reason=path_ready wp=0 dist_wp=3.20 bearing_deg=-4.06 speed=0.057 pos=(40.045,0.001,-17.471) thr=0.38 steer=-0.17 blocked=false attempts=1 stuck_s=1.05 bounded=true
tick=4500 phase=following reason=path_ready wp=0 dist_wp=3.03 bearing_deg=-2.07 speed=0.070 pos=(40.142,0.001,-17.610) thr=0.36 steer=-0.08 blocked=false attempts=1 stuck_s=1.55 bounded=true
tick=4530 phase=following reason=path_ready wp=0 dist_wp=2.84 bearing_deg=-1.07 speed=0.068 pos=(40.251,0.001,-17.757) thr=0.34 steer=-0.04 blocked=false attempts=1 stuck_s=0.43 bounded=true
tick=4560 phase=following reason=path_ready wp=0 dist_wp=2.69 bearing_deg=-0.78 speed=0.052 pos=(40.347,0.001,-17.884) thr=0.33 steer=-0.03 blocked=false attempts=1 stuck_s=0.93 bounded=true
tick=4590 phase=following reason=path_ready wp=0 dist_wp=2.59 bearing_deg=-0.79 speed=0.024 pos=(40.407,0.001,-17.963) thr=0.31 steer=0.00 blocked=false attempts=1 stuck_s=0.37 bounded=true
tick=4620 phase=following reason=path_ready wp=0 dist_wp=2.57 bearing_deg=-0.79 speed=0.000 pos=(40.417,0.002,-17.976) thr=0.31 steer=0.00 blocked=false attempts=1 stuck_s=0.87 bounded=true
tick=4650 phase=following reason=path_ready wp=0 dist_wp=2.57 bearing_deg=-0.79 speed=0.000 pos=(40.417,0.000,-17.976) thr=0.31 steer=0.00 blocked=false attempts=1 stuck_s=1.37 bounded=true
tick=4680 phase=following reason=path_ready wp=0 dist_wp=2.57 bearing_deg=-0.79 speed=0.000 pos=(40.417,0.000,-17.976) thr=0.31 steer=0.00 blocked=false attempts=1 stuck_s=1.87 bounded=true
tick=4710 phase=reverse reason=insufficient_actual_progress wp=0 dist_wp=2.64 bearing_deg=-0.77 speed=-0.072 pos=(40.376,0.002,-17.922) thr=-0.75 steer=0.00 blocked=false attempts=2 stuck_s=0.00 bounded=true
tick=4740 phase=reverse reason=insufficient_actual_progress wp=0 dist_wp=2.96 bearing_deg=-0.68 speed=-0.175 pos=(40.179,0.003,-17.663) thr=-0.75 steer=0.00 blocked=false attempts=2 stuck_s=0.00 bounded=true
tick=4770 phase=turn_recovery reason=reverse_complete wp=0 dist_wp=3.38 bearing_deg=4.76 speed=0.000 pos=(39.925,0.006,-17.329) thr=0.00 steer=-1.00 blocked=false attempts=2 stuck_s=0.00 bounded=true
tick=4800 phase=turn_recovery reason=reverse_complete wp=0 dist_wp=3.38 bearing_deg=22.76 speed=0.000 pos=(39.925,0.001,-17.329) thr=0.00 steer=-1.00 blocked=false attempts=2 stuck_s=0.00 bounded=true
tick=4830 phase=following reason=path_ready wp=0 dist_wp=3.38 bearing_deg=12.77 speed=0.015 pos=(39.929,0.001,-17.332) thr=0.40 steer=0.52 blocked=false attempts=2 stuck_s=0.23 bounded=true
tick=4860 phase=following reason=path_ready wp=0 dist_wp=3.30 bearing_deg=6.32 speed=0.045 pos=(39.988,0.001,-17.388) thr=0.39 steer=0.26 blocked=false attempts=2 stuck_s=0.73 bounded=true
tick=4890 phase=following reason=path_ready wp=0 dist_wp=3.15 bearing_deg=3.20 speed=0.067 pos=(40.087,0.001,-17.499) thr=0.38 steer=0.13 blocked=false attempts=2 stuck_s=1.23 bounded=true
tick=4920 phase=following reason=path_ready wp=0 dist_wp=2.96 bearing_deg=1.65 speed=0.075 pos=(40.207,0.001,-17.643) thr=0.36 steer=0.07 blocked=false attempts=2 stuck_s=0.17 bounded=true
tick=4950 phase=following reason=path_ready wp=0 dist_wp=2.77 bearing_deg=0.85 speed=0.068 pos=(40.325,0.001,-17.791) thr=0.34 steer=0.03 blocked=false attempts=2 stuck_s=0.67 bounded=true
tick=4980 phase=following reason=path_ready wp=0 dist_wp=2.62 bearing_deg=0.78 speed=0.045 pos=(40.416,0.001,-17.908) thr=0.32 steer=0.03 blocked=false attempts=2 stuck_s=0.20 bounded=true
tick=5010 phase=following reason=path_ready wp=0 dist_wp=2.55 bearing_deg=0.79 speed=0.012 pos=(40.462,0.002,-17.967) thr=0.31 steer=0.00 blocked=false attempts=2 stuck_s=0.70 bounded=true
tick=5040 phase=following reason=path_ready wp=0 dist_wp=2.55 bearing_deg=0.79 speed=0.000 pos=(40.463,0.000,-17.968) thr=0.31 steer=0.00 blocked=false attempts=2 stuck_s=1.20 bounded=true
tick=5070 phase=following reason=path_ready wp=0 dist_wp=2.55 bearing_deg=0.79 speed=0.000 pos=(40.463,0.000,-17.968) thr=0.31 steer=0.00 blocked=false attempts=2 stuck_s=1.70 bounded=true
tick=5100 phase=reverse reason=insufficient_actual_progress wp=0 dist_wp=2.57 bearing_deg=0.79 speed=-0.038 pos=(40.451,0.002,-17.953) thr=-0.75 steer=0.00 blocked=false attempts=3 stuck_s=0.00 bounded=true
tick=5130 phase=reverse reason=insufficient_actual_progress wp=0 dist_wp=2.80 bearing_deg=0.72 speed=-0.140 pos=(40.306,0.003,-17.766) thr=-0.75 steer=0.00 blocked=false attempts=3 stuck_s=0.00 bounded=true
tick=5160 phase=reverse reason=insufficient_actual_progress wp=0 dist_wp=3.31 bearing_deg=0.61 speed=-0.243 pos=(39.997,0.003,-17.369) thr=-0.75 steer=0.00 blocked=false attempts=3 stuck_s=0.00 bounded=true
tick=5190 phase=turn_recovery reason=reverse_complete wp=0 dist_wp=3.36 bearing_deg=-16.75 speed=0.000 pos=(39.964,0.002,-17.325) thr=0.00 steer=1.00 blocked=false attempts=3 stuck_s=0.00 bounded=true
tick=5220 phase=following reason=path_ready wp=0 dist_wp=3.36 bearing_deg=-16.25 speed=0.004 pos=(39.964,0.000,-17.325) thr=0.40 steer=-0.67 blocked=false attempts=3 stuck_s=0.07 bounded=true
tick=5250 phase=following reason=path_ready wp=0 dist_wp=3.31 bearing_deg=-7.96 speed=0.034 pos=(39.986,0.001,-17.369) thr=0.39 steer=-0.33 blocked=false attempts=3 stuck_s=0.57 bounded=true
tick=5280 phase=following reason=path_ready wp=0 dist_wp=3.19 bearing_deg=-3.99 speed=0.058 pos=(40.051,0.001,-17.473) thr=0.38 steer=-0.16 blocked=false attempts=3 stuck_s=1.07 bounded=true
tick=5310 phase=following reason=path_ready wp=0 dist_wp=3.02 bearing_deg=-2.04 speed=0.070 pos=(40.149,0.001,-17.612) thr=0.36 steer=-0.08 blocked=false attempts=3 stuck_s=1.57 bounded=true
tick=5340 phase=following reason=path_ready wp=0 dist_wp=2.84 bearing_deg=-1.05 speed=0.068 pos=(40.257,0.001,-17.760) thr=0.34 steer=-0.04 blocked=false attempts=3 stuck_s=0.45 bounded=true
tick=5370 phase=following reason=path_ready wp=0 dist_wp=2.68 bearing_deg=-0.79 speed=0.051 pos=(40.352,0.001,-17.885) thr=0.32 steer=0.00 blocked=false attempts=3 stuck_s=0.95 bounded=true
tick=5400 phase=following reason=path_ready wp=0 dist_wp=2.58 bearing_deg=-0.80 speed=0.023 pos=(40.411,0.001,-17.962) thr=0.31 steer=0.00 blocked=false attempts=3 stuck_s=0.38 bounded=true
tick=5430 phase=following reason=path_ready wp=0 dist_wp=2.57 bearing_deg=-0.80 speed=0.000 pos=(40.420,0.002,-17.975) thr=0.31 steer=0.00 blocked=false attempts=3 stuck_s=0.88 bounded=true
tick=5460 phase=following reason=path_ready wp=0 dist_wp=2.57 bearing_deg=-0.80 speed=0.000 pos=(40.420,0.000,-17.975) thr=0.31 steer=0.00 blocked=false attempts=3 stuck_s=1.38 bounded=true
tick=5490 phase=following reason=path_ready wp=0 dist_wp=2.57 bearing_deg=-0.80 speed=0.000 pos=(40.420,0.000,-17.975) thr=0.31 steer=0.00 blocked=false attempts=3 stuck_s=1.88 bounded=true
