tick=0 phase=following reason=path_ready wp=1 dist_wp=13.42 bearing_deg=-26.57 speed=0.000 pos=(27.000,0.007,130.000) thr=0.00 steer=-1.00 blocked=false attempts=0 stuck_s=0.00 bounded=true
tick=30 phase=following reason=path_ready wp=1 dist_wp=13.32 bearing_deg=-13.27 speed=0.185 pos=(27.020,0.005,129.908) thr=0.95 steer=-0.54 blocked=false attempts=0 stuck_s=0.20 bounded=true
tick=60 phase=following reason=path_ready wp=1 dist_wp=12.35 bearing_deg=-6.99 speed=0.634 pos=(27.324,0.009,128.971) thr=0.91 steer=-0.29 blocked=false attempts=0 stuck_s=0.12 bounded=true
tick=90 phase=following reason=path_ready wp=1 dist_wp=10.38 bearing_deg=-4.12 speed=1.031 pos=(28.087,0.008,127.141) thr=0.83 steer=-0.17 blocked=false attempts=0 stuck_s=0.00 bounded=true
tick=120 phase=following reason=path_ready wp=1 dist_wp=7.57 bearing_deg=-2.82 speed=1.339 pos=(29.298,0.007,124.598) thr=0.69 steer=-0.11 blocked=false attempts=0 stuck_s=0.00 bounded=true
tick=150 phase=following reason=path_ready wp=1 dist_wp=4.18 bearing_deg=-2.57 speed=1.512 pos=(30.858,0.004,121.592) thr=0.48 steer=-0.10 blocked=false attempts=0 stuck_s=0.00 bounded=true
tick=180 phase=following reason=path_ready wp=1 dist_wp=0.80 bearing_deg=-6.69 speed=1.023 pos=(32.513,0.011,118.638) thr=0.00 steer=-0.25 blocked=false attempts=0 stuck_s=0.00 bounded=true
tick=210 phase=following reason=path_ready wp=2 dist_wp=19.67 bearing_deg=-42.25 speed=0.000 pos=(32.858,0.016,118.087) thr=0.00 steer=-1.00 blocked=false attempts=0 stuck_s=0.00 bounded=true
tick=240 phase=following reason=path_ready wp=2 dist_wp=19.67 bearing_deg=-24.25 speed=0.000 pos=(32.858,0.002,118.087) thr=0.00 steer=-0.99 blocked=false attempts=0 stuck_s=0.00 bounded=true
tick=270 phase=following reason=path_ready wp=2 dist_wp=19.48 bearing_deg=-11.84 speed=0.283 pos=(33.049,0.007,118.030) thr=1.00 steer=-0.48 blocked=false attempts=0 stuck_s=0.28 bounded=true
tick=300 phase=following reason=path_ready wp=2 dist_wp=18.22 bearing_deg=-6.20 speed=0.780 pos=(34.295,0.010,117.791) thr=1.00 steer=-0.25 blocked=false attempts=0 stuck_s=0.08 bounded=true
tick=330 phase=following reason=path_ready wp=2 dist_wp=15.80 bearing_deg=-3.56 speed=1.272 pos=(36.707,0.010,117.507) thr=1.00 steer=-0.14 blocked=false attempts=0 stuck_s=0.05 bounded=true
tick=360 phase=following reason=path_ready wp=2 dist_wp=12.24 bearing_deg=-2.31 speed=1.737 pos=(40.263,0.010,117.242) thr=0.91 steer=-0.09 blocked=false attempts=0 stuck_s=0.03 bounded=true
tick=390 phase=following reason=path_ready wp=2 dist_wp=7.72 bearing_deg=-1.87 speed=2.073 pos=(44.775,0.007,117.029) thr=0.70 steer=-0.07 blocked=false attempts=0 stuck_s=0.03 bounded=true
tick=420 phase=following reason=path_ready wp=2 dist_wp=2.66 bearing_deg=-2.79 speed=2.197 pos=(49.846,0.003,116.904) thr=0.34 steer=-0.11 blocked=false attempts=0 stuck_s=0.03 bounded=true
tick=450 phase=following reason=path_ready wp=2 dist_wp=0.84 bearing_deg=-170.69 speed=0.632 pos=(53.336,0.031,116.998) thr=0.00 steer=-1.00 blocked=false attempts=0 stuck_s=0.00 bounded=true
tick=480 phase=following reason=path_ready wp=3 dist_wp=17.46 bearing_deg=8.95 speed=0.749 pos=(54.579,0.004,117.175) thr=1.00 steer=0.37 blocked=false attempts=0 stuck_s=0.08 bounded=true
tick=510 phase=following reason=path_ready wp=3 dist_wp=15.12 bearing_deg=5.13 speed=1.240 pos=(56.932,0.010,117.266) thr=1.00 steer=0.21 blocked=false attempts=0 stuck_s=0.05 bounded=true
tick=540 phase=following reason=path_ready wp=3 dist_wp=11.65 bearing_deg=3.35 speed=1.690 pos=(60.408,0.009,117.187) thr=0.89 steer=0.14 blocked=false attempts=0 stuck_s=0.02 bounded=true
tick=570 phase=following reason=path_ready wp=3 dist_wp=7.27 bearing_deg=2.74 speed=2.009 pos=(64.783,0.007,116.913) thr=0.68 steer=0.11 blocked=false attempts=0 stuck_s=0.02 bounded=true
tick=600 phase=following reason=path_ready wp=3 dist_wp=2.33 bearing_deg=4.38 speed=2.156 pos=(69.708,0.004,116.441) thr=0.30 steer=0.17 blocked=false attempts=0 stuck_s=0.02 bounded=true
tick=630 phase=following reason=path_ready wp=3 dist_wp=0.91 bearing_deg=168.22 speed=0.568 pos=(72.909,0.030,115.898) thr=0.00 steer=1.00 blocked=false attempts=0 stuck_s=0.00 bounded=true
tick=660 phase=following reason=path_ready wp=4 dist_wp=21.85 bearing_deg=56.77 speed=0.000 pos=(73.103,0.009,115.825) thr=0.00 steer=1.00 blocked=false attempts=0 stuck_s=0.00 bounded=true
tick=690 phase=following reason=path_ready wp=4 dist_wp=21.85 bearing_deg=38.77 speed=0.000 pos=(73.103,0.001,115.825) thr=0.00 steer=1.00 blocked=false attempts=0 stuck_s=0.00 bounded=true
tick=720 phase=following reason=path_ready wp=4 dist_wp=21.85 bearing_deg=21.06 speed=0.000 pos=(73.103,0.001,115.825) thr=0.00 steer=0.86 blocked=false attempts=0 stuck_s=0.00 bounded=true
tick=750 phase=following reason=path_ready wp=4 dist_wp=21.41 bearing_deg=10.43 speed=0.481 pos=(73.177,0.011,115.379) thr=1.00 steer=0.43 blocked=false attempts=0 stuck_s=0.02 bounded=true
tick=780 phase=following reason=path_ready wp=4 dist_wp=19.54 bearing_deg=5.64 speed=1.105 pos=(73.303,0.013,113.496) thr=1.00 steer=0.23 blocked=false attempts=0 stuck_s=0.07 bounded=true
tick=810 phase=following reason=path_ready wp=4 dist_wp=16.10 bearing_deg=3.45 speed=1.804 pos=(73.303,0.014,110.051) thr=1.00 steer=0.14 blocked=false attempts=0 stuck_s=0.02 bounded=true
tick=840 phase=following reason=path_ready wp=4 dist_wp=11.14 bearing_deg=2.55 speed=2.265 pos=(73.105,0.009,105.085) thr=0.87 steer=0.10 blocked=false attempts=0 stuck_s=0.00 bounded=true
tick=870 phase=following reason=path_ready wp=4 dist_wp=5.25 bearing_deg=2.81 speed=2.717 pos=(72.693,0.009,99.206) thr=0.56 steer=0.11 blocked=false attempts=0 stuck_s=0.00 bounded=true
tick=900 phase=following reason=path_ready wp=4 dist_wp=0.70 bearing_deg=166.71 speed=1.907 pos=(72.026,0.020,93.298) thr=0.00 steer=1.00 blocked=false attempts=0 stuck_s=0.00 bounded=true
tick=930 phase=following reason=path_ready wp=4 dist_wp=3.20 bearing_deg=165.18 speed=0.318 pos=(71.252,0.032,90.890) thr=0.00 steer=1.00 blocked=false attempts=0 stuck_s=0.00 bounded=true
tick=960 phase=following reason=path_ready wp=4 dist_wp=3.26 bearing_deg=147.52 speed=0.000 pos=(71.221,0.006,90.835) thr=0.00 steer=1.00 blocked=false attempts=0 stuck_s=0.00 bounded=true
tick=990 phase=following reason=path_ready wp=4 dist_wp=3.26 bearing_deg=129.52 speed=0.000 pos=(71.221,0.001,90.835) thr=0.00 steer=1.00 blocked=false attempts=0 stuck_s=0.00 bounded=true
tick=1020 phase=following reason=path_ready wp=4 dist_wp=3.26 bearing_deg=111.52 speed=0.000 pos=(71.221,0.000,90.835) thr=0.00 steer=1.00 blocked=false attempts=0 stuck_s=0.00 bounded=true
tick=1050 phase=following reason=path_ready wp=4 dist_wp=3.26 bearing_deg=93.52 speed=0.000 pos=(71.221,0.000,90.835) thr=0.00 steer=1.00 blocked=false attempts=0 stuck_s=0.00 bounded=true
tick=1080 phase=following reason=path_ready wp=4 dist_wp=3.26 bearing_deg=75.52 speed=0.000 pos=(71.221,0.000,90.835) thr=0.00 steer=1.00 blocked=false attempts=0 stuck_s=0.00 bounded=true
tick=1110 phase=following reason=path_ready wp=4 dist_wp=3.26 bearing_deg=57.52 speed=0.000 pos=(71.221,0.000,90.835) thr=0.00 steer=1.00 blocked=false attempts=0 stuck_s=0.00 bounded=true
tick=1140 phase=following reason=path_ready wp=4 dist_wp=3.26 bearing_deg=39.52 speed=0.000 pos=(71.221,0.000,90.835) thr=0.00 steer=1.00 blocked=false attempts=0 stuck_s=0.00 bounded=true
tick=1170 phase=following reason=path_ready wp=4 dist_wp=3.26 bearing_deg=21.72 speed=0.000 pos=(71.221,0.000,90.835) thr=0.00 steer=0.89 blocked=false attempts=0 stuck_s=0.00 bounded=true
tick=1200 phase=following reason=path_ready wp=4 dist_wp=3.11 bearing_deg=11.02 speed=0.172 pos=(71.224,0.004,90.991) thr=0.37 steer=0.45 blocked=false attempts=0 stuck_s=0.37 bounded=true
tick=1230 phase=following reason=path_ready wp=4 dist_wp=2.45 bearing_deg=6.80 speed=0.376 pos=(71.308,0.005,91.647) thr=0.30 steer=0.28 blocked=false attempts=0 stuck_s=0.03 bounded=true
tick=1260 phase=following reason=path_ready wp=4 dist_wp=1.41 bearing_deg=5.78 speed=0.486 pos=(71.524,0.003,92.668) thr=0.11 steer=0.23 blocked=false attempts=0 stuck_s=0.00 bounded=true
tick=1290 phase=following reason=path_ready wp=5 dist_wp=20.94 bearing_deg=149.80 speed=0.000 pos=(71.594,0.006,92.933) thr=0.00 steer=1.00 blocked=false attempts=0 stuck_s=0.00 bounded=true
tick=1320 phase=following reason=path_ready wp=5 dist_wp=20.94 bearing_deg=131.80 speed=0.000 pos=(71.594,0.001,92.933) thr=0.00 steer=1.00 blocked=false attempts=0 stuck_s=0.00 bounded=true
tick=1350 phase=following reason=path_ready wp=5 dist_wp=20.94 bearing_deg=113.80 speed=0.000 pos=(71.594,0.000,92.933) thr=0.00 steer=1.00 blocked=false attempts=0 stuck_s=0.00 bounded=true
tick=1380 phase=following reason=path_ready wp=5 dist_wp=20.94 bearing_deg=95.80 speed=0.000 pos=(71.594,0.000,92.933) thr=0.00 steer=1.00 blocked=false attempts=0 stuck_s=0.00 bounded=true
tick=1410 phase=following reason=path_ready wp=5 dist_wp=20.94 bearing_deg=77.80 speed=0.000 pos=(71.594,0.000,92.933) thr=0.00 steer=1.00 blocked=false attempts=0 stuck_s=0.00 bounded=true
tick=1440 phase=following reason=path_ready wp=5 dist_wp=20.94 bearing_deg=59.80 speed=0.000 pos=(71.594,0.000,92.933) thr=0.00 steer=1.00 blocked=false attempts=0 stuck_s=0.00 bounded=true
tick=1470 phase=following reason=path_ready wp=5 dist_wp=20.94 bearing_deg=41.80 speed=0.000 pos=(71.594,0.000,92.933) thr=0.00 steer=1.00 blocked=false attempts=0 stuck_s=0.00 bounded=true
tick=1500 phase=following reason=path_ready wp=5 dist_wp=20.94 bearing_deg=23.82 speed=0.000 pos=(71.594,0.000,92.933) thr=0.00 steer=0.98 blocked=false attempts=0 stuck_s=0.00 bounded=true
tick=1530 phase=following reason=path_ready wp=5 dist_wp=20.63 bearing_deg=11.71 speed=0.429 pos=(71.673,0.010,92.624) thr=1.00 steer=0.48 blocked=false attempts=0 stuck_s=0.30 bounded=true
tick=1560 phase=following reason=path_ready wp=5 dist_wp=18.78 bearing_deg=6.35 speed=1.137 pos=(71.955,0.014,90.779) thr=1.00 steer=0.26 blocked=false attempts=0 stuck_s=0.03 bounded=true
tick=1590 phase=following reason=path_ready wp=5 dist_wp=15.27 bearing_deg=3.93 speed=1.834 pos=(72.228,0.014,87.273) thr=1.00 steer=0.16 blocked=false attempts=0 stuck_s=0.00 bounded=true
tick=1620 phase=following reason=path_ready wp=5 dist_wp=10.28 bearing_deg=3.00 speed=2.262 pos=(72.387,0.008,82.270) thr=0.83 steer=0.12 blocked=false attempts=0 stuck_s=0.00 bounded=true
tick=1650 phase=following reason=path_ready wp=5 dist_wp=4.40 bearing_deg=3.64 speed=2.694 pos=(72.367,0.008,76.384) thr=0.50 steer=0.14 blocked=false attempts=0 stuck_s=0.00 bounded=true
tick=1680 phase=following reason=path_ready wp=5 dist_wp=1.09 bearing_deg=168.85 speed=1.627 pos=(72.026,0.024,70.907) thr=0.00 steer=1.00 blocked=false attempts=0 stuck_s=0.00 bounded=true
tick=1710 phase=following reason=path_ready wp=5 dist_wp=2.95 bearing_deg=162.38 speed=0.049 pos=(71.510,0.032,69.088) thr=0.00 steer=1.00 blocked=false attempts=0 stuck_s=0.00 bounded=true
tick=1740 phase=following reason=path_ready wp=5 dist_wp=2.95 bearing_deg=144.38 speed=0.000 pos=(71.510,0.004,69.088) thr=0.00 steer=1.00 blocked=false attempts=0 stuck_s=0.00 bounded=true
tick=1770 phase=following reason=path_ready wp=5 dist_wp=2.95 bearing_deg=126.38 speed=0.000 pos=(71.510,0.001,69.088) thr=0.00 steer=1.00 blocked=false attempts=0 stuck_s=0.00 bounded=true
tick=1800 phase=following reason=path_ready wp=5 dist_wp=2.95 bearing_deg=108.38 speed=0.000 pos=(71.510,0.001,69.088) thr=0.00 steer=1.00 blocked=false attempts=0 stuck_s=0.00 bounded=true
tick=1830 phase=following reason=path_ready wp=5 dist_wp=2.95 bearing_deg=90.38 speed=0.000 pos=(71.510,0.001,69.088) thr=0.00 steer=1.00 blocked=false attempts=0 stuck_s=0.00 bounded=true
tick=1860 phase=following reason=path_ready wp=5 dist_wp=2.95 bearing_deg=72.38 speed=0.000 pos=(71.510,0.001,69.088) thr=0.00 steer=1.00 blocked=false attempts=0 stuck_s=0.00 bounded=true
tick=1890 phase=following reason=path_ready wp=5 dist_wp=2.95 bearing_deg=54.38 speed=0.000 pos=(71.510,0.001,69.088) thr=0.00 steer=1.00 blocked=false attempts=0 stuck_s=0.00 bounded=true
tick=1920 phase=following reason=path_ready wp=5 dist_wp=2.95 bearing_deg=36.38 speed=0.000 pos=(71.510,0.001,69.088) thr=0.00 steer=1.00 blocked=false attempts=0 stuck_s=0.00 bounded=true
tick=1950 phase=following reason=path_ready wp=5 dist_wp=2.95 bearing_deg=19.12 speed=0.000 pos=(71.510,0.001,69.088) thr=0.00 steer=0.78 blocked=false attempts=0 stuck_s=0.00 bounded=true
tick=1980 phase=following reason=path_ready wp=5 dist_wp=2.75 bearing_deg=9.95 speed=0.188 pos=(71.503,0.004,69.296) thr=0.33 steer=0.41 blocked=false attempts=0 stuck_s=0.45 bounded=true
tick=2010 phase=following reason=path_ready wp=5 dist_wp=2.09 bearing_deg=6.36 speed=0.358 pos=(71.548,0.004,69.955) thr=0.25 steer=0.26 blocked=false attempts=0 stuck_s=0.07 bounded=true
tick=2040 phase=following reason=path_ready wp=6 dist_wp=20.86 bearing_deg=167.97 speed=0.213 pos=(71.678,0.003,70.853) thr=0.00 steer=1.00 blocked=false attempts=0 stuck_s=0.00 bounded=true
tick=2070 phase=following reason=path_ready wp=6 dist_wp=20.88 bearing_deg=150.00 speed=0.000 pos=(71.684,0.003,70.878) thr=0.00 steer=1.00 blocked=false attempts=0 stuck_s=0.00 bounded=true
tick=2100 phase=following reason=path_ready wp=6 dist_wp=20.88 bearing_deg=132.00 speed=0.000 pos=(71.684,0.001,70.878) thr=0.00 steer=1.00 blocked=false attempts=0 stuck_s=0.00 bounded=true
tick=2130 phase=following reason=path_ready wp=6 dist_wp=20.88 bearing_deg=114.00 speed=0.000 pos=(71.684,0.001,70.878) thr=0.00 steer=1.00 blocked=false attempts=0 stuck_s=0.00 bounded=true
tick=2160 phase=following reason=path_ready wp=6 dist_wp=20.88 bearing_deg=96.00 speed=0.000 pos=(71.684,0.001,70.878) thr=0.00 steer=1.00 blocked=false attempts=0 stuck_s=0.00 bounded=true
tick=2190 phase=following reason=path_ready wp=6 dist_wp=20.88 bearing_deg=78.00 speed=0.000 pos=(71.684,0.001,70.878) thr=0.00 steer=1.00 blocked=false attempts=0 stuck_s=0.00 bounded=true
tick=2220 phase=following reason=path_ready wp=6 dist_wp=20.88 bearing_deg=60.00 speed=0.000 pos=(71.684,0.001,70.878) thr=0.00 steer=1.00 blocked=false attempts=0 stuck_s=0.00 bounded=true
tick=2250 phase=following reason=path_ready wp=6 dist_wp=20.88 bearing_deg=42.00 speed=0.000 pos=(71.684,0.001,70.878) thr=0.00 steer=1.00 blocked=false attempts=0 stuck_s=0.00 bounded=true
tick=2280 phase=following reason=path_ready wp=6 dist_wp=20.88 bearing_deg=24.01 speed=0.000 pos=(71.684,0.001,70.878) thr=0.00 steer=0.98 blocked=false attempts=0 stuck_s=0.00 bounded=true
tick=2310 phase=following reason=path_ready wp=6 dist_wp=20.57 bearing_deg=11.80 speed=0.429 pos=(71.762,0.010,70.569) thr=1.00 steer=0.48 blocked=false attempts=0 stuck_s=0.30 bounded=true
tick=2340 phase=following reason=path_ready wp=6 dist_wp=18.72 bearing_deg=6.40 speed=1.137 pos=(72.038,0.014,68.723) thr=1.00 steer=0.26 blocked=false attempts=0 stuck_s=0.03 bounded=true
tick=2370 phase=following reason=path_ready wp=6 dist_wp=15.22 bearing_deg=3.97 speed=1.834 pos=(72.297,0.014,65.216) thr=1.00 steer=0.16 blocked=false attempts=0 stuck_s=0.00 bounded=true
tick=2400 phase=following reason=path_ready wp=6 dist_wp=10.22 bearing_deg=3.03 speed=2.261 pos=(72.436,0.008,60.214) thr=0.83 steer=0.12 blocked=false attempts=0 stuck_s=0.00 bounded=true
tick=2430 phase=following reason=path_ready wp=6 dist_wp=4.35 bearing_deg=3.70 speed=2.691 pos=(72.389,0.008,54.333) thr=0.50 steer=0.14 blocked=false attempts=0 stuck_s=0.00 bounded=true
tick=2460 phase=following reason=path_ready wp=6 dist_wp=1.12 bearing_deg=168.87 speed=1.608 pos=(72.018,0.025,48.885) thr=0.00 steer=1.00 blocked=false attempts=0 stuck_s=0.00 bounded=true
tick=2490 phase=following reason=path_ready wp=6 dist_wp=2.91 bearing_deg=162.04 speed=0.001 pos=(71.514,0.032,47.134) thr=0.00 steer=1.00 blocked=false attempts=0 stuck_s=0.00 bounded=true
tick=2520 phase=following reason=path_ready wp=6 dist_wp=2.91 bearing_deg=144.04 speed=0.000 pos=(71.514,0.003,47.134) thr=0.00 steer=1.00 blocked=false attempts=0 stuck_s=0.00 bounded=true
tick=2550 phase=following reason=path_ready wp=6 dist_wp=2.91 bearing_deg=126.04 speed=0.000 pos=(71.514,0.001,47.134) thr=0.00 steer=1.00 blocked=false attempts=0 stuck_s=0.00 bounded=true
tick=2580 phase=following reason=path_ready wp=6 dist_wp=2.91 bearing_deg=108.04 speed=0.000 pos=(71.514,0.001,47.134) thr=0.00 steer=1.00 blocked=false attempts=0 stuck_s=0.00 bounded=true
tick=2610 phase=following reason=path_ready wp=6 dist_wp=2.91 bearing_deg=90.04 speed=0.000 pos=(71.514,0.001,47.134) thr=0.00 steer=1.00 blocked=false attempts=0 stuck_s=0.00 bounded=true
tick=2640 phase=following reason=path_ready wp=6 dist_wp=2.91 bearing_deg=72.04 speed=0.000 pos=(71.514,0.001,47.134) thr=0.00 steer=1.00 blocked=false attempts=0 stuck_s=0.00 bounded=true
tick=2670 phase=following reason=path_ready wp=6 dist_wp=2.91 bearing_deg=54.04 speed=0.000 pos=(71.514,0.001,47.134) thr=0.00 steer=1.00 blocked=false attempts=0 stuck_s=0.00 bounded=true
tick=2700 phase=following reason=path_ready wp=6 dist_wp=2.91 bearing_deg=36.04 speed=0.000 pos=(71.514,0.001,47.134) thr=0.00 steer=1.00 blocked=false attempts=0 stuck_s=0.00 bounded=true
tick=2730 phase=following reason=path_ready wp=6 dist_wp=2.91 bearing_deg=18.86 speed=0.000 pos=(71.514,0.001,47.134) thr=0.00 steer=0.77 blocked=false attempts=0 stuck_s=0.00 bounded=true
tick=2760 phase=following reason=path_ready wp=6 dist_wp=2.74 bearing_deg=9.70 speed=0.152 pos=(71.508,0.004,47.309) thr=0.33 steer=0.40 blocked=false attempts=0 stuck_s=0.47 bounded=true
tick=2790 phase=following reason=path_ready wp=6 dist_wp=2.21 bearing_deg=5.83 speed=0.284 pos=(71.544,0.003,47.834) thr=0.27 steer=0.24 blocked=false attempts=0 stuck_s=0.27 bounded=true
tick=2820 phase=following reason=path_ready wp=6 dist_wp=1.43 bearing_deg=4.41 speed=0.373 pos=(71.655,0.003,48.617) thr=0.11 steer=0.18 blocked=false attempts=0 stuck_s=0.00 bounded=true
tick=2850 phase=following reason=path_ready wp=7 dist_wp=20.19 bearing_deg=-129.15 speed=0.000 pos=(71.694,0.006,48.849) thr=0.00 steer=-1.00 blocked=false attempts=0 stuck_s=0.00 bounded=true
tick=2880 phase=following reason=path_ready wp=7 dist_wp=20.19 bearing_deg=-111.15 speed=0.000 pos=(71.694,0.001,48.849) thr=0.00 steer=-1.00 blocked=false attempts=0 stuck_s=0.00 bounded=true
tick=2910 phase=following reason=path_ready wp=7 dist_wp=20.19 bearing_deg=-93.15 speed=0.000 pos=(71.694,0.001,48.849) thr=0.00 steer=-1.00 blocked=false attempts=0 stuck_s=0.00 bounded=true
tick=2940 phase=following reason=path_ready wp=7 dist_wp=20.19 bearing_deg=-75.15 speed=0.000 pos=(71.694,0.001,48.849) thr=0.00 steer=-1.00 blocked=false attempts=0 stuck_s=0.00 bounded=true
tick=2970 phase=following reason=path_ready wp=7 dist_wp=20.19 bearing_deg=-57.15 speed=0.000 pos=(71.694,0.001,48.849) thr=0.00 steer=-1.00 blocked=false attempts=0 stuck_s=0.00 bounded=true
tick=3000 phase=following reason=path_ready wp=7 dist_wp=20.19 bearing_deg=-39.15 speed=0.000 pos=(71.694,0.001,48.849) thr=0.00 steer=-1.00 blocked=false attempts=0 stuck_s=0.00 bounded=true
tick=3030 phase=following reason=path_ready wp=7 dist_wp=20.19 bearing_deg=-21.39 speed=0.000 pos=(71.694,0.001,48.849) thr=0.00 steer=-0.88 blocked=false attempts=0 stuck_s=0.00 bounded=true
tick=3060 phase=following reason=path_ready wp=7 dist_wp=19.76 bearing_deg=-10.60 speed=0.492 pos=(71.315,0.011,48.621) thr=1.00 steer=-0.43 blocked=false attempts=0 stuck_s=0.02 bounded=true
tick=3090 phase=following reason=path_ready wp=7 dist_wp=17.80 bearing_deg=-5.82 speed=1.178 pos=(69.726,0.014,47.445) thr=1.00 steer=-0.24 blocked=false attempts=0 stuck_s=0.00 bounded=true
tick=3120 phase=following reason=path_ready wp=7 dist_wp=14.20 bearing_deg=-3.68 speed=1.875 pos=(66.974,0.014,45.102) thr=0.99 steer=-0.15 blocked=false attempts=0 stuck_s=0.03 bounded=true
tick=3150 phase=following reason=path_ready wp=7 dist_wp=9.15 bearing_deg=-2.93 speed=2.280 pos=(63.269,0.008,41.664) thr=0.78 steer=-0.12 blocked=false attempts=0 stuck_s=0.02 bounded=true
tick=3180 phase=following reason=path_ready wp=7 dist_wp=3.29 bearing_deg=-4.24 speed=2.661 pos=(59.107,0.008,37.522) thr=0.41 steer=-0.16 blocked=false attempts=0 stuck_s=0.02 bounded=true
tick=3210 phase=following reason=path_ready wp=7 dist_wp=1.58 bearing_deg=-170.38 speed=1.307 pos=(55.930,0.027,33.844) thr=0.00 steer=-1.00 blocked=false attempts=0 stuck_s=0.00 bounded=true
tick=3240 phase=following reason=path_ready wp=7 dist_wp=2.77 bearing_deg=-159.14 speed=0.000 pos=(55.354,0.026,32.770) thr=0.00 steer=-1.00 blocked=false attempts=0 stuck_s=0.00 bounded=true
tick=3270 phase=following reason=path_ready wp=7 dist_wp=2.77 bearing_deg=-141.14 speed=0.000 pos=(55.354,0.002,32.770) thr=0.00 steer=-1.00 blocked=false attempts=0 stuck_s=0.00 bounded=true
tick=3300 phase=following reason=path_ready wp=7 dist_wp=2.77 bearing_deg=-123.14 speed=0.000 pos=(55.354,0.000,32.770) thr=0.00 steer=-1.00 blocked=false attempts=0 stuck_s=0.00 bounded=true
tick=3330 phase=following reason=path_ready wp=7 dist_wp=2.77 bearing_deg=-105.14 speed=0.000 pos=(55.354,0.000,32.770) thr=0.00 steer=-1.00 blocked=false attempts=0 stuck_s=0.00 bounded=true
tick=3360 phase=following reason=path_ready wp=7 dist_wp=2.77 bearing_deg=-87.14 speed=0.000 pos=(55.354,0.000,32.770) thr=0.00 steer=-1.00 blocked=false attempts=0 stuck_s=0.00 bounded=true
tick=3390 phase=following reason=path_ready wp=7 dist_wp=2.77 bearing_deg=-69.14 speed=0.000 pos=(55.354,0.000,32.770) thr=0.00 steer=-1.00 blocked=false attempts=0 stuck_s=0.00 bounded=true
tick=3420 phase=following reason=path_ready wp=7 dist_wp=2.77 bearing_deg=-51.14 speed=0.000 pos=(55.354,0.000,32.770) thr=0.00 steer=-1.00 blocked=false attempts=0 stuck_s=0.00 bounded=true
tick=3450 phase=following reason=path_ready wp=7 dist_wp=2.77 bearing_deg=-33.14 speed=0.000 pos=(55.354,0.000,32.770) thr=0.00 steer=-1.00 blocked=false attempts=0 stuck_s=0.00 bounded=true
tick=3480 phase=following reason=path_ready wp=7 dist_wp=2.77 bearing_deg=-16.78 speed=0.013 pos=(55.355,0.001,32.770) thr=0.33 steer=-0.69 blocked=false attempts=0 stuck_s=0.03 bounded=true
tick=3510 phase=following reason=path_ready wp=7 dist_wp=2.51 bearing_deg=-8.98 speed=0.204 pos=(55.551,0.004,32.953) thr=0.31 steer=-0.37 blocked=false attempts=0 stuck_s=0.53 bounded=true
tick=3540 phase=following reason=path_ready wp=7 dist_wp=1.84 bearing_deg=-5.95 speed=0.348 pos=(55.991,0.004,33.456) thr=0.21 steer=-0.24 blocked=false attempts=0 stuck_s=0.12 bounded=true
tick=3570 phase=following reason=path_ready wp=8 dist_wp=20.05 bearing_deg=-164.66 speed=0.000 pos=(56.384,0.009,33.970) thr=0.00 steer=-1.00 blocked=false attempts=0 stuck_s=0.00 bounded=true
tick=3600 phase=following reason=path_ready wp=8 dist_wp=20.05 bearing_deg=-146.66 speed=0.000 pos=(56.384,0.001,33.970) thr=0.00 steer=-1.00 blocked=false attempts=0 stuck_s=0.00 bounded=true
tick=3630 phase=following reason=path_ready wp=8 dist_wp=20.05 bearing_deg=-128.66 speed=0.000 pos=(56.384,0.000,33.970) thr=0.00 steer=-1.00 blocked=false attempts=0 stuck_s=0.00 bounded=true
tick=3660 phase=following reason=path_ready wp=8 dist_wp=20.05 bearing_deg=-110.66 speed=0.000 pos=(56.384,0.000,33.970) thr=0.00 steer=-1.00 blocked=false attempts=0 stuck_s=0.00 bounded=true
tick=3690 phase=following reason=path_ready wp=8 dist_wp=20.05 bearing_deg=-92.66 speed=0.000 pos=(56.384,0.000,33.970) thr=0.00 steer=-1.00 blocked=false attempts=0 stuck_s=0.00 bounded=true
tick=3720 phase=following reason=path_ready wp=8 dist_wp=20.05 bearing_deg=-74.66 speed=0.000 pos=(56.384,0.000,33.970) thr=0.00 steer=-1.00 blocked=false attempts=0 stuck_s=0.00 bounded=true
tick=3750 phase=following reason=path_ready wp=8 dist_wp=20.05 bearing_deg=-56.66 speed=0.000 pos=(56.384,0.000,33.970) thr=0.00 steer=-1.00 blocked=false attempts=0 stuck_s=0.00 bounded=true
tick=3780 phase=following reason=path_ready wp=8 dist_wp=20.05 bearing_deg=-38.66 speed=0.000 pos=(56.384,0.000,33.970) thr=0.00 steer=-1.00 blocked=false attempts=0 stuck_s=0.00 bounded=true
tick=3810 phase=following reason=path_ready wp=8 dist_wp=20.05 bearing_deg=-20.97 speed=0.000 pos=(56.384,0.000,33.970) thr=0.00 steer=-0.86 blocked=false attempts=0 stuck_s=0.00 bounded=true
tick=3840 phase=following reason=path_ready wp=8 dist_wp=19.55 bearing_deg=-10.44 speed=0.547 pos=(55.948,0.012,33.698) thr=1.00 steer=-0.43 blocked=false attempts=0 stuck_s=0.05 bounded=true
tick=3870 phase=following reason=path_ready wp=8 dist_wp=17.42 bearing_deg=-5.80 speed=1.254 pos=(54.248,0.014,32.393) thr=1.00 steer=-0.24 blocked=false attempts=0 stuck_s=0.05 bounded=true
tick=3900 phase=following reason=path_ready wp=8 dist_wp=13.65 bearing_deg=-3.75 speed=1.946 pos=(51.405,0.014,29.888) thr=0.97 steer=-0.15 blocked=false attempts=0 stuck_s=0.03 bounded=true
tick=3930 phase=following reason=path_ready wp=8 dist_wp=8.52 bearing_deg=-3.08 speed=2.329 pos=(47.704,0.007,26.327) thr=0.75 steer=-0.12 blocked=false attempts=0 stuck_s=0.00 bounded=true
tick=3960 phase=following reason=path_ready wp=8 dist_wp=2.58 bearing_deg=-5.29 speed=2.674 pos=(43.572,0.007,22.047) thr=0.34 steer=-0.20 blocked=false attempts=0 stuck_s=0.00 bounded=true
tick=3990 phase=following reason=path_ready wp=8 dist_wp=1.77 bearing_deg=-169.61 speed=1.023 pos=(40.850,0.031,18.655) thr=0.00 steer=-1.00 blocked=false attempts=0 stuck_s=0.00 bounded=true
tick=4020 phase=following reason=path_ready wp=8 dist_wp=2.42 bearing_deg=-155.67 speed=0.000 pos=(40.551,0.018,18.056) thr=0.00 steer=-1.00 blocked=false attempts=0 stuck_s=0.00 bounded=true
tick=4050 phase=following reason=path_ready wp=8 dist_wp=2.42 bearing_deg=-137.67 speed=0.000 pos=(40.551,0.001,18.056) thr=0.00 steer=-1.00 blocked=false attempts=0 stuck_s=0.00 bounded=true
tick=4080 phase=following reason=path_ready wp=8 dist_wp=2.42 bearing_deg=-119.67 speed=0.000 pos=(40.551,0.000,18.056) thr=0.00 steer=-1.00 blocked=false attempts=0 stuck_s=0.00 bounded=true
tick=4110 phase=following reason=path_ready wp=8 dist_wp=2.42 bearing_deg=-101.67 speed=0.000 pos=(40.551,0.000,18.056) thr=0.00 steer=-1.00 blocked=false attempts=0 stuck_s=0.00 bounded=true
tick=4140 phase=following reason=path_ready wp=8 dist_wp=2.42 bearing_deg=-83.67 speed=0.000 pos=(40.551,0.000,18.056) thr=0.00 steer=-1.00 blocked=false attempts=0 stuck_s=0.00 bounded=true
tick=4170 phase=following reason=path_ready wp=8 dist_wp=2.42 bearing_deg=-65.67 speed=0.000 pos=(40.551,0.000,18.056) thr=0.00 steer=-1.00 blocked=false attempts=0 stuck_s=0.00 bounded=true
tick=4200 phase=following reason=path_ready wp=8 dist_wp=2.42 bearing_deg=-47.67 speed=0.000 pos=(40.551,0.000,18.056) thr=0.00 steer=-1.00 blocked=false attempts=0 stuck_s=0.00 bounded=true
tick=4230 phase=following reason=path_ready wp=8 dist_wp=2.42 bearing_deg=-29.67 speed=0.000 pos=(40.551,0.000,18.056) thr=0.00 steer=-1.00 blocked=false attempts=0 stuck_s=0.00 bounded=true
tick=4260 phase=following reason=path_ready wp=8 dist_wp=2.42 bearing_deg=-14.57 speed=0.000 pos=(40.551,0.000,18.056) thr=0.29 steer=-0.60 blocked=false attempts=0 stuck_s=0.13 bounded=true
tick=4290 phase=following reason=path_ready wp=8 dist_wp=2.42 bearing_deg=-7.03 speed=0.000 pos=(40.551,0.000,18.056) thr=0.29 steer=-0.29 blocked=false attempts=0 stuck_s=0.63 bounded=true
tick=4320 phase=following reason=path_ready wp=8 dist_wp=2.42 bearing_deg=-3.39 speed=0.000 pos=(40.551,0.000,18.056) thr=0.29 steer=-0.14 blocked=false attempts=0 stuck_s=1.13 bounded=true
tick=4350 phase=following reason=path_ready wp=8 dist_wp=2.42 bearing_deg=-1.64 speed=0.000 pos=(40.551,0.000,18.056) thr=0.29 steer=-0.07 blocked=false attempts=0 stuck_s=1.63 bounded=true
tick=4380 phase=reverse reason=insufficient_actual_progress wp=8 dist_wp=2.43 bearing_deg=-0.93 speed=-0.034 pos=(40.546,0.002,18.048) thr=-0.75 steer=0.00 blocked=false attempts=1 stuck_s=0.00 bounded=true
tick=4410 phase=reverse reason=insufficient_actual_progress wp=8 dist_wp=2.65 bearing_deg=-0.86 speed=-0.142 pos=(40.413,0.003,17.876) thr=-0.75 steer=0.00 blocked=false attempts=1 stuck_s=0.00 bounded=true
tick=4440 phase=reverse reason=insufficient_actual_progress wp=8 dist_wp=3.11 bearing_deg=-0.73 speed=-0.245 pos=(40.133,0.003,17.513) thr=-0.75 steer=0.00 blocked=false attempts=1 stuck_s=0.00 bounded=true
tick=4470 phase=turn_recovery reason=reverse_complete wp=8 dist_wp=3.25 bearing_deg=-15.65 speed=0.000 pos=(40.050,0.003,17.406) thr=0.00 steer=1.00 blocked=false attempts=1 stuck_s=0.00 bounded=true
tick=4500 phase=following reason=path_ready wp=0 dist_wp=3.25 bearing_deg=-18.87 speed=0.000 pos=(40.050,0.001,17.406) thr=0.00 steer=-0.77 blocked=false attempts=1 stuck_s=0.00 bounded=true
tick=4530 phase=following reason=path_ready wp=0 dist_wp=3.23 bearing_deg=-9.16 speed=0.021 pos=(40.063,0.001,17.418) thr=0.38 steer=-0.38 blocked=false attempts=1 stuck_s=0.47 bounded=true
tick=4560 phase=following reason=path_ready wp=0 dist_wp=3.15 bearing_deg=-4.53 speed=0.040 pos=(40.113,0.001,17.472) thr=0.38 steer=-0.19 blocked=false attempts=1 stuck_s=0.97 bounded=true
tick=4590 phase=following reason=path_ready wp=0 dist_wp=3.05 bearing_deg=-2.26 speed=0.052 pos=(40.183,0.001,17.556) thr=0.36 steer=-0.09 blocked=false attempts=1 stuck_s=1.47 bounded=true
tick=4620 phase=following reason=path_ready wp=0 dist_wp=2.92 bearing_deg=-1.14 speed=0.054 pos=(40.261,0.001,17.654) thr=0.35 steer=-0.05 blocked=false attempts=1 stuck_s=1.97 bounded=true
tick=4650 phase=reverse reason=insufficient_actual_progress wp=0 dist_wp=3.00 bearing_deg=-1.03 speed=-0.089 pos=(40.212,0.003,17.590) thr=-0.75 steer=0.00 blocked=false attempts=2 stuck_s=0.00 bounded=true
tick=4680 phase=reverse reason=insufficient_actual_progress wp=0 dist_wp=3.33 bearing_deg=-0.93 speed=-0.192 pos=(40.008,0.003,17.326) thr=-0.75 steer=0.00 blocked=false attempts=2 stuck_s=0.00 bounded=true
tick=4710 phase=turn_recovery reason=reverse_complete wp=0 dist_wp=3.62 bearing_deg=8.10 speed=0.000 pos=(39.834,0.005,17.099) thr=0.00 steer=-1.00 blocked=false attempts=2 stuck_s=0.00 bounded=true
tick=4740 phase=following reason=path_ready wp=0 dist_wp=3.62 bearing_deg=22.59 speed=0.000 pos=(39.834,0.001,17.099) thr=0.00 steer=0.93 blocked=false attempts=2 stuck_s=0.00 bounded=true
tick=4770 phase=following reason=path_ready wp=0 dist_wp=3.60 bearing_deg=10.98 speed=0.033 pos=(39.844,0.002,17.121) thr=0.42 steer=0.45 blocked=false attempts=2 stuck_s=0.33 bounded=true
tick=4800 phase=following reason=path_ready wp=0 dist_wp=3.47 bearing_deg=5.51 speed=0.077 pos=(39.909,0.002,17.237) thr=0.41 steer=0.23 blocked=false attempts=2 stuck_s=0.83 bounded=true
tick=4830 phase=following reason=path_ready wp=0 dist_wp=3.24 bearing_deg=2.85 speed=0.109 pos=(40.032,0.002,17.423) thr=0.38 steer=0.12 blocked=false attempts=2 stuck_s=0.03 bounded=true
tick=4860 phase=following reason=path_ready wp=0 dist_wp=2.97 bearing_deg=1.51 speed=0.121 pos=(40.190,0.001,17.646) thr=0.36 steer=0.06 blocked=false attempts=2 stuck_s=0.53 bounded=true
tick=4890 phase=following reason=path_ready wp=0 dist_wp=2.69 bearing_deg=0.80 speed=0.110 pos=(40.355,0.001,17.868) thr=0.33 steer=0.03 blocked=false attempts=2 stuck_s=0.38 bounded=true
tick=4920 phase=following reason=path_ready wp=0 dist_wp=2.47 bearing_deg=0.80 speed=0.077 pos=(40.489,0.002,18.047) thr=0.30 steer=0.00 blocked=false attempts=2 stuck_s=0.20 bounded=true
tick=4950 phase=following reason=path_ready wp=0 dist_wp=2.30 bearing_deg=0.79 speed=0.064 pos=(40.588,0.001,18.178) thr=0.28 steer=0.00 blocked=false attempts=2 stuck_s=0.70 bounded=true
tick=4980 phase=following reason=path_ready wp=0 dist_wp=2.18 bearing_deg=0.80 speed=0.040 pos=(40.663,0.001,18.278) thr=0.26 steer=0.00 blocked=false attempts=2 stuck_s=0.10 bounded=true
tick=5010 phase=following reason=path_ready wp=0 dist_wp=2.13 bearing_deg=0.80 speed=0.006 pos=(40.694,0.002,18.320) thr=0.25 steer=0.00 blocked=false attempts=2 stuck_s=0.60 bounded=true
tick=5040 phase=following reason=path_ready wp=0 dist_wp=2.13 bearing_deg=0.80 speed=0.000 pos=(40.694,0.000,18.320) thr=0.25 steer=0.00 blocked=false attempts=2 stuck_s=1.10 bounded=true
tick=5070 phase=following reason=path_ready wp=0 dist_wp=2.13 bearing_deg=0.80 speed=0.000 pos=(40.694,0.000,18.320) thr=0.25 steer=0.00 blocked=false attempts=2 stuck_s=1.60 bounded=true
tick=5100 phase=reverse reason=insufficient_actual_progress wp=0 dist_wp=2.13 bearing_deg=0.80 speed=-0.024 pos=(40.692,0.001,18.316) thr=-0.75 steer=0.00 blocked=false attempts=3 stuck_s=0.00 bounded=true
tick=5130 phase=reverse reason=insufficient_actual_progress wp=0 dist_wp=2.37 bearing_deg=0.72 speed=-0.170 pos=(40.551,0.004,18.129) thr=-0.75 steer=0.00 blocked=false attempts=3 stuck_s=0.00 bounded=true
tick=5160 phase=reverse reason=insufficient_actual_progress wp=0 dist_wp=2.91 bearing_deg=0.58 speed=-0.281 pos=(40.224,0.003,17.697) thr=-0.75 steer=0.00 blocked=false attempts=3 stuck_s=0.00 bounded=true
tick=5190 phase=turn_recovery reason=reverse_complete wp=0 dist_wp=3.12 bearing_deg=-13.19 speed=0.000 pos=(40.097,0.005,17.530) thr=0.00 steer=1.00 blocked=false attempts=3 stuck_s=0.00 bounded=true
tick=5220 phase=following reason=path_ready wp=0 dist_wp=3.12 bearing_deg=-18.82 speed=0.000 pos=(40.097,0.001,17.530) thr=0.00 steer=-0.77 blocked=false attempts=3 stuck_s=0.00 bounded=true
tick=5250 phase=following reason=path_ready wp=0 dist_wp=3.11 bearing_deg=-9.10 speed=0.012 pos=(40.100,0.001,17.533) thr=0.37 steer=-0.37 blocked=false attempts=3 stuck_s=0.47 bounded=true
tick=5280 phase=following reason=path_ready wp=0 dist_wp=3.07 bearing_deg=-4.45 speed=0.023 pos=(40.129,0.001,17.563) thr=0.37 steer=-0.18 blocked=false attempts=3 stuck_s=0.97 bounded=true
tick=5310 phase=following reason=path_ready wp=0 dist_wp=3.01 bearing_deg=-2.20 speed=0.030 pos=(40.171,0.001,17.612) thr=0.36 steer=-0.09 blocked=false attempts=3 stuck_s=1.47 bounded=true
tick=5340 phase=following reason=path_ready wp=0 dist_wp=2.94 bearing_deg=-1.09 speed=0.031 pos=(40.217,0.001,17.668) thr=0.35 steer=-0.04 blocked=false attempts=3 stuck_s=1.97 bounded=true
