tick=0 phase=following reason=path_ready wp=1 dist_wp=13.42 bearing_deg=-26.57 speed=0.000 pos=(27.000,0.005,130.000) thr=0.00 steer=-1.00 blocked=false bounded=true
tick=30 phase=following reason=path_ready wp=1 dist_wp=13.32 bearing_deg=-13.28 speed=0.185 pos=(27.021,0.005,129.902) thr=0.95 steer=-0.54 blocked=false bounded=true
tick=60 phase=following reason=path_ready wp=1 dist_wp=12.28 bearing_deg=-7.03 speed=0.633 pos=(27.345,0.009,128.904) thr=0.91 steer=-0.29 blocked=false bounded=true
tick=90 phase=following reason=path_ready wp=1 dist_wp=10.19 bearing_deg=-4.19 speed=1.026 pos=(28.157,0.008,126.960) thr=0.82 steer=-0.17 blocked=false bounded=true
tick=120 phase=following reason=path_ready wp=1 dist_wp=7.21 bearing_deg=-2.96 speed=1.324 pos=(29.441,0.007,124.275) thr=0.67 steer=-0.12 blocked=false bounded=true
tick=150 phase=following reason=path_ready wp=1 dist_wp=3.67 bearing_deg=-2.92 speed=1.474 pos=(31.085,0.004,121.133) thr=0.43 steer=-0.12 blocked=false bounded=true
tick=180 phase=following reason=path_ready wp=1 dist_wp=0.47 bearing_deg=-11.45 speed=0.681 pos=(32.676,0.019,118.343) thr=0.00 steer=-0.42 blocked=false bounded=true
tick=210 phase=following reason=path_ready wp=2 dist_wp=19.69 bearing_deg=-38.47 speed=0.000 pos=(32.840,0.010,118.094) thr=0.00 steer=-1.00 blocked=false bounded=true
tick=240 phase=following reason=path_ready wp=2 dist_wp=19.69 bearing_deg=-20.81 speed=0.000 pos=(32.840,0.001,118.094) thr=0.00 steer=-0.85 blocked=false bounded=true
tick=270 phase=following reason=path_ready wp=2 dist_wp=19.28 bearing_deg=-10.30 speed=0.399 pos=(33.242,0.009,117.983) thr=1.00 steer=-0.42 blocked=false bounded=true
tick=300 phase=following reason=path_ready wp=2 dist_wp=17.65 bearing_deg=-5.53 speed=0.895 pos=(34.859,0.010,117.703) thr=1.00 steer=-0.23 blocked=false bounded=true
tick=330 phase=following reason=path_ready wp=2 dist_wp=14.79 bearing_deg=-3.29 speed=1.385 pos=(37.718,0.010,117.401) thr=1.00 steer=-0.13 blocked=false bounded=true
tick=360 phase=following reason=path_ready wp=2 dist_wp=10.74 bearing_deg=-2.29 speed=1.818 pos=(41.762,0.009,117.132) thr=0.85 steer=-0.09 blocked=false bounded=true
tick=390 phase=following reason=path_ready wp=2 dist_wp=5.80 bearing_deg=-2.17 speed=2.088 pos=(46.698,0.006,116.940) thr=0.59 steer=-0.09 blocked=false bounded=true
tick=420 phase=following reason=path_ready wp=2 dist_wp=0.68 bearing_deg=-9.48 speed=1.644 pos=(51.828,0.011,116.879) thr=0.00 steer=-0.32 blocked=false bounded=true
tick=450 phase=following reason=path_ready wp=3 dist_wp=18.20 bearing_deg=13.06 speed=0.461 pos=(53.834,0.022,117.079) thr=1.00 steer=0.53 blocked=false bounded=true
tick=480 phase=following reason=path_ready wp=3 dist_wp=16.43 bearing_deg=7.13 speed=0.955 pos=(55.618,0.009,117.246) thr=1.00 steer=0.29 blocked=false bounded=true
tick=510 phase=following reason=path_ready wp=3 dist_wp=13.42 bearing_deg=4.36 speed=1.437 pos=(58.638,0.010,117.272) thr=0.96 steer=0.18 blocked=false bounded=true
tick=540 phase=following reason=path_ready wp=3 dist_wp=9.31 bearing_deg=3.18 speed=1.822 pos=(62.758,0.008,117.094) thr=0.78 steer=0.13 blocked=false bounded=true
tick=570 phase=following reason=path_ready wp=3 dist_wp=4.41 bearing_deg=3.43 speed=2.058 pos=(67.641,0.005,116.696) thr=0.50 steer=0.13 blocked=false bounded=true
tick=600 phase=following reason=path_ready wp=3 dist_wp=0.24 bearing_deg=142.92 speed=1.211 pos=(72.218,0.021,116.102) thr=0.00 steer=1.00 blocked=false bounded=true
tick=630 phase=following reason=path_ready wp=4 dist_wp=21.84 bearing_deg=63.45 speed=0.000 pos=(73.218,0.023,115.807) thr=0.00 steer=1.00 blocked=false bounded=true
tick=660 phase=following reason=path_ready wp=4 dist_wp=21.84 bearing_deg=45.45 speed=0.000 pos=(73.218,0.001,115.807) thr=0.00 steer=1.00 blocked=false bounded=true
tick=690 phase=following reason=path_ready wp=4 dist_wp=21.84 bearing_deg=27.45 speed=0.000 pos=(73.218,0.000,115.807) thr=0.00 steer=1.00 blocked=false bounded=true
tick=720 phase=following reason=path_ready wp=4 dist_wp=21.71 bearing_deg=13.42 speed=0.251 pos=(73.245,0.007,115.673) thr=1.00 steer=0.55 blocked=false bounded=true
tick=750 phase=following reason=path_ready wp=4 dist_wp=20.29 bearing_deg=7.04 speed=0.877 pos=(73.383,0.013,114.241) thr=1.00 steer=0.29 blocked=false bounded=true
tick=780 phase=following reason=path_ready wp=4 dist_wp=17.25 bearing_deg=4.14 speed=1.553 pos=(73.428,0.014,111.193) thr=1.00 steer=0.17 blocked=false bounded=true
tick=810 phase=following reason=path_ready wp=4 dist_wp=12.48 bearing_deg=2.92 speed=2.232 pos=(73.266,0.014,106.417) thr=0.92 steer=0.12 blocked=false bounded=true
tick=840 phase=following reason=path_ready wp=4 dist_wp=6.59 bearing_deg=2.85 speed=2.551 pos=(72.868,0.009,100.533) thr=0.64 steer=0.11 blocked=false bounded=true
tick=870 phase=following reason=path_ready wp=4 dist_wp=0.24 bearing_deg=45.57 speed=2.142 pos=(72.195,0.011,94.140) thr=0.00 steer=1.00 blocked=false bounded=true
tick=900 phase=following reason=path_ready wp=4 dist_wp=3.08 bearing_deg=167.15 speed=0.542 pos=(71.310,0.031,90.998) thr=0.00 steer=1.00 blocked=false bounded=true
tick=930 phase=following reason=path_ready wp=4 dist_wp=3.29 bearing_deg=150.19 speed=0.000 pos=(71.210,0.009,90.810) thr=0.00 steer=1.00 blocked=false bounded=true
tick=960 phase=following reason=path_ready wp=4 dist_wp=3.29 bearing_deg=132.19 speed=0.000 pos=(71.210,0.001,90.810) thr=0.00 steer=1.00 blocked=false bounded=true
tick=990 phase=following reason=path_ready wp=4 dist_wp=3.29 bearing_deg=114.19 speed=0.000 pos=(71.210,0.001,90.810) thr=0.00 steer=1.00 blocked=false bounded=true
tick=1020 phase=following reason=path_ready wp=4 dist_wp=3.29 bearing_deg=96.19 speed=0.000 pos=(71.210,0.001,90.810) thr=0.00 steer=1.00 blocked=false bounded=true
tick=1050 phase=following reason=path_ready wp=4 dist_wp=3.29 bearing_deg=78.19 speed=0.000 pos=(71.210,0.001,90.810) thr=0.00 steer=1.00 blocked=false bounded=true
tick=1080 phase=following reason=path_ready wp=4 dist_wp=3.29 bearing_deg=60.19 speed=0.000 pos=(71.210,0.001,90.810) thr=0.00 steer=1.00 blocked=false bounded=true
tick=1110 phase=following reason=path_ready wp=4 dist_wp=3.29 bearing_deg=42.19 speed=0.000 pos=(71.210,0.001,90.810) thr=0.00 steer=1.00 blocked=false bounded=true
tick=1140 phase=following reason=path_ready wp=4 dist_wp=3.29 bearing_deg=24.19 speed=0.000 pos=(71.210,0.001,90.810) thr=0.00 steer=0.99 blocked=false bounded=true
tick=1170 phase=following reason=path_ready wp=4 dist_wp=3.19 bearing_deg=12.05 speed=0.135 pos=(71.211,0.004,90.911) thr=0.38 steer=0.49 blocked=false bounded=true
tick=1200 phase=following reason=path_ready wp=4 dist_wp=2.57 bearing_deg=7.27 speed=0.347 pos=(71.282,0.005,91.530) thr=0.31 steer=0.29 blocked=false bounded=true
tick=1230 phase=following reason=path_ready wp=4 dist_wp=1.52 bearing_deg=6.02 speed=0.473 pos=(71.493,0.003,92.568) thr=0.14 steer=0.24 blocked=false bounded=true
tick=1260 phase=following reason=path_ready wp=5 dist_wp=20.96 bearing_deg=151.52 speed=0.000 pos=(71.593,0.007,92.956) thr=0.00 steer=1.00 blocked=false bounded=true
tick=1290 phase=following reason=path_ready wp=5 dist_wp=20.96 bearing_deg=133.52 speed=0.000 pos=(71.593,0.000,92.956) thr=0.00 steer=1.00 blocked=false bounded=true
tick=1320 phase=following reason=path_ready wp=5 dist_wp=20.96 bearing_deg=115.52 speed=0.000 pos=(71.593,0.000,92.956) thr=0.00 steer=1.00 blocked=false bounded=true
tick=1350 phase=following reason=path_ready wp=5 dist_wp=20.96 bearing_deg=97.52 speed=0.000 pos=(71.593,0.000,92.956) thr=0.00 steer=1.00 blocked=false bounded=true
tick=1380 phase=following reason=path_ready wp=5 dist_wp=20.96 bearing_deg=79.52 speed=0.000 pos=(71.593,0.000,92.956) thr=0.00 steer=1.00 blocked=false bounded=true
tick=1410 phase=following reason=path_ready wp=5 dist_wp=20.96 bearing_deg=61.52 speed=0.000 pos=(71.593,0.000,92.956) thr=0.00 steer=1.00 blocked=false bounded=true
tick=1440 phase=following reason=path_ready wp=5 dist_wp=20.96 bearing_deg=43.52 speed=0.000 pos=(71.593,0.000,92.956) thr=0.00 steer=1.00 blocked=false bounded=true
tick=1470 phase=following reason=path_ready wp=5 dist_wp=20.96 bearing_deg=25.52 speed=0.000 pos=(71.593,0.000,92.956) thr=0.00 steer=1.00 blocked=false bounded=true
tick=1500 phase=following reason=path_ready wp=5 dist_wp=20.73 bearing_deg=12.49 speed=0.357 pos=(71.654,0.009,92.725) thr=1.00 steer=0.51 blocked=false bounded=true
tick=1530 phase=following reason=path_ready wp=5 dist_wp=18.94 bearing_deg=6.74 speed=1.066 pos=(71.944,0.014,90.937) thr=1.00 steer=0.27 blocked=false bounded=true
tick=1560 phase=following reason=path_ready wp=5 dist_wp=15.38 bearing_deg=4.17 speed=1.765 pos=(72.239,0.014,87.375) thr=1.00 steer=0.17 blocked=false bounded=true
tick=1590 phase=following reason=path_ready wp=5 dist_wp=10.17 bearing_deg=3.23 speed=2.252 pos=(72.415,0.010,82.166) thr=0.83 steer=0.13 blocked=false bounded=true
tick=1620 phase=following reason=path_ready wp=5 dist_wp=4.07 bearing_deg=4.18 speed=2.623 pos=(72.390,0.008,76.052) thr=0.48 steer=0.16 blocked=false bounded=true
tick=1650 phase=following reason=path_ready wp=5 dist_wp=1.47 bearing_deg=169.62 speed=1.489 pos=(71.977,0.025,70.528) thr=0.00 steer=1.00 blocked=false bounded=true
tick=1680 phase=following reason=path_ready wp=5 dist_wp=3.13 bearing_deg=160.67 speed=0.000 pos=(71.486,0.030,68.914) thr=0.00 steer=1.00 blocked=false bounded=true
tick=1710 phase=following reason=path_ready wp=5 dist_wp=3.13 bearing_deg=142.67 speed=0.000 pos=(71.486,0.003,68.914) thr=0.00 steer=1.00 blocked=false bounded=true
tick=1740 phase=following reason=path_ready wp=5 dist_wp=3.13 bearing_deg=124.67 speed=0.000 pos=(71.486,0.001,68.914) thr=0.00 steer=1.00 blocked=false bounded=true
tick=1770 phase=following reason=path_ready wp=5 dist_wp=3.13 bearing_deg=106.66 speed=0.000 pos=(71.486,0.001,68.914) thr=0.00 steer=1.00 blocked=false bounded=true
tick=1800 phase=following reason=path_ready wp=5 dist_wp=3.13 bearing_deg=88.66 speed=0.000 pos=(71.486,0.001,68.914) thr=0.00 steer=1.00 blocked=false bounded=true
tick=1830 phase=following reason=path_ready wp=5 dist_wp=3.13 bearing_deg=70.66 speed=0.000 pos=(71.486,0.001,68.914) thr=0.00 steer=1.00 blocked=false bounded=true
tick=1860 phase=following reason=path_ready wp=5 dist_wp=3.13 bearing_deg=52.66 speed=0.000 pos=(71.486,0.001,68.914) thr=0.00 steer=1.00 blocked=false bounded=true
tick=1890 phase=following reason=path_ready wp=5 dist_wp=3.13 bearing_deg=34.66 speed=0.000 pos=(71.486,0.001,68.914) thr=0.00 steer=1.00 blocked=false bounded=true
tick=1920 phase=following reason=path_ready wp=5 dist_wp=3.13 bearing_deg=17.84 speed=0.000 pos=(71.486,0.001,68.914) thr=0.00 steer=0.73 blocked=false bounded=true
tick=1950 phase=following reason=path_ready wp=5 dist_wp=2.84 bearing_deg=9.51 speed=0.221 pos=(71.478,0.005,69.203) thr=0.34 steer=0.39 blocked=false bounded=true
tick=1980 phase=following reason=path_ready wp=5 dist_wp=2.06 bearing_deg=6.41 speed=0.394 pos=(71.538,0.004,69.994) thr=0.25 steer=0.26 blocked=false bounded=true
tick=2010 phase=following reason=path_ready wp=6 dist_wp=20.91 bearing_deg=165.52 speed=0.021 pos=(71.677,0.009,70.906) thr=0.00 steer=1.00 blocked=false bounded=true
tick=2040 phase=following reason=path_ready wp=6 dist_wp=20.91 bearing_deg=147.52 speed=0.000 pos=(71.677,0.002,70.906) thr=0.00 steer=1.00 blocked=false bounded=true
tick=2070 phase=following reason=path_ready wp=6 dist_wp=20.91 bearing_deg=129.52 speed=0.000 pos=(71.677,0.001,70.906) thr=0.00 steer=1.00 blocked=false bounded=true
tick=2100 phase=following reason=path_ready wp=6 dist_wp=20.91 bearing_deg=111.52 speed=0.000 pos=(71.677,0.000,70.906) thr=0.00 steer=1.00 blocked=false bounded=true
tick=2130 phase=following reason=path_ready wp=6 dist_wp=20.91 bearing_deg=93.52 speed=0.000 pos=(71.677,0.000,70.906) thr=0.00 steer=1.00 blocked=false bounded=true
tick=2160 phase=following reason=path_ready wp=6 dist_wp=20.91 bearing_deg=75.52 speed=0.000 pos=(71.677,0.000,70.906) thr=0.00 steer=1.00 blocked=false bounded=true
tick=2190 phase=following reason=path_ready wp=6 dist_wp=20.91 bearing_deg=57.52 speed=0.000 pos=(71.677,0.000,70.906) thr=0.00 steer=1.00 blocked=false bounded=true
tick=2220 phase=following reason=path_ready wp=6 dist_wp=20.91 bearing_deg=39.52 speed=0.000 pos=(71.677,0.000,70.906) thr=0.00 steer=1.00 blocked=false bounded=true
tick=2250 phase=following reason=path_ready wp=6 dist_wp=20.91 bearing_deg=21.72 speed=0.000 pos=(71.677,0.000,70.906) thr=0.00 steer=0.89 blocked=false bounded=true
tick=2280 phase=following reason=path_ready wp=6 dist_wp=20.42 bearing_deg=10.79 speed=0.523 pos=(71.793,0.012,70.418) thr=1.00 steer=0.44 blocked=false bounded=true
tick=2310 phase=following reason=path_ready wp=6 dist_wp=18.21 bearing_deg=5.99 speed=1.230 pos=(72.094,0.014,68.213) thr=1.00 steer=0.24 blocked=false bounded=true
tick=2340 phase=following reason=path_ready wp=6 dist_wp=14.25 bearing_deg=3.87 speed=1.925 pos=(72.356,0.014,64.241) thr=0.99 steer=0.16 blocked=false bounded=true
tick=2370 phase=following reason=path_ready wp=6 dist_wp=8.80 bearing_deg=3.22 speed=2.320 pos=(72.469,0.007,58.787) thr=0.76 steer=0.13 blocked=false bounded=true
tick=2400 phase=following reason=path_ready wp=6 dist_wp=2.49 bearing_deg=5.92 speed=2.668 pos=(72.355,0.007,52.461) thr=0.33 steer=0.22 blocked=false bounded=true
tick=2430 phase=following reason=path_ready wp=6 dist_wp=2.21 bearing_deg=169.74 speed=1.097 pos=(71.791,0.029,47.801) thr=0.00 steer=1.00 blocked=false bounded=true
tick=2460 phase=following reason=path_ready wp=6 dist_wp=3.07 bearing_deg=156.13 speed=0.000 pos=(71.491,0.020,46.968) thr=0.00 steer=1.00 blocked=false bounded=true
tick=2490 phase=following reason=path_ready wp=6 dist_wp=3.07 bearing_deg=138.13 speed=0.000 pos=(71.491,0.002,46.968) thr=0.00 steer=1.00 blocked=false bounded=true
tick=2520 phase=following reason=path_ready wp=6 dist_wp=3.07 bearing_deg=120.13 speed=0.000 pos=(71.491,0.001,46.968) thr=0.00 steer=1.00 blocked=false bounded=true
tick=2550 phase=following reason=path_ready wp=6 dist_wp=3.07 bearing_deg=102.13 speed=0.000 pos=(71.491,0.001,46.968) thr=0.00 steer=1.00 blocked=false bounded=true
tick=2580 phase=following reason=path_ready wp=6 dist_wp=3.07 bearing_deg=84.13 speed=0.000 pos=(71.491,0.001,46.968) thr=0.00 steer=1.00 blocked=false bounded=true
tick=2610 phase=following reason=path_ready wp=6 dist_wp=3.07 bearing_deg=66.13 speed=0.000 pos=(71.491,0.001,46.968) thr=0.00 steer=1.00 blocked=false bounded=true
tick=2640 phase=following reason=path_ready wp=6 dist_wp=3.07 bearing_deg=48.13 speed=0.000 pos=(71.491,0.001,46.968) thr=0.00 steer=1.00 blocked=false bounded=true
tick=2670 phase=following reason=path_ready wp=6 dist_wp=3.07 bearing_deg=30.13 speed=0.000 pos=(71.491,0.001,46.968) thr=0.00 steer=1.00 blocked=false bounded=true
tick=2700 phase=following reason=path_ready wp=6 dist_wp=3.06 bearing_deg=14.91 speed=0.042 pos=(71.490,0.002,46.981) thr=0.37 steer=0.61 blocked=false bounded=true
tick=2730 phase=following reason=path_ready wp=6 dist_wp=2.74 bearing_deg=8.09 speed=0.213 pos=(71.490,0.004,47.313) thr=0.33 steer=0.33 blocked=false bounded=true
tick=2760 phase=following reason=path_ready wp=6 dist_wp=2.03 bearing_deg=5.30 speed=0.338 pos=(71.556,0.003,48.015) thr=0.24 steer=0.21 blocked=false bounded=true
tick=2790 phase=following reason=path_ready wp=7 dist_wp=20.20 bearing_deg=-140.57 speed=0.080 pos=(71.688,0.006,48.861) thr=0.00 steer=-1.00 blocked=false bounded=true
tick=2820 phase=following reason=path_ready wp=7 dist_wp=20.20 bearing_deg=-122.57 speed=0.000 pos=(71.688,0.002,48.864) thr=0.00 steer=-1.00 blocked=false bounded=true
tick=2850 phase=following reason=path_ready wp=7 dist_wp=20.20 bearing_deg=-104.57 speed=0.000 pos=(71.688,0.001,48.864) thr=0.00 steer=-1.00 blocked=false bounded=true
tick=2880 phase=following reason=path_ready wp=7 dist_wp=20.20 bearing_deg=-86.57 speed=0.000 pos=(71.688,0.001,48.864) thr=0.00 steer=-1.00 blocked=false bounded=true
tick=2910 phase=following reason=path_ready wp=7 dist_wp=20.20 bearing_deg=-68.57 speed=0.000 pos=(71.688,0.001,48.864) thr=0.00 steer=-1.00 blocked=false bounded=true
tick=2940 phase=following reason=path_ready wp=7 dist_wp=20.20 bearing_deg=-50.57 speed=0.000 pos=(71.688,0.001,48.864) thr=0.00 steer=-1.00 blocked=false bounded=true
tick=2970 phase=following reason=path_ready wp=7 dist_wp=20.20 bearing_deg=-32.57 speed=0.000 pos=(71.688,0.001,48.864) thr=0.00 steer=-1.00 blocked=false bounded=true
tick=3000 phase=following reason=path_ready wp=7 dist_wp=20.19 bearing_deg=-16.40 speed=0.067 pos=(71.678,0.002,48.859) thr=1.00 steer=-0.67 blocked=false bounded=true
tick=3030 phase=following reason=path_ready wp=7 dist_wp=19.17 bearing_deg=-8.43 speed=0.737 pos=(70.810,0.013,48.296) thr=1.00 steer=-0.34 blocked=false bounded=true
tick=3060 phase=following reason=path_ready wp=7 dist_wp=16.44 bearing_deg=-4.90 speed=1.437 pos=(68.654,0.014,46.596) thr=1.00 steer=-0.20 blocked=false bounded=true
tick=3090 phase=following reason=path_ready wp=7 dist_wp=11.97 bearing_deg=-3.42 speed=2.109 pos=(65.298,0.014,43.623) thr=0.90 steer=-0.14 blocked=false bounded=true
tick=3120 phase=following reason=path_ready wp=7 dist_wp=6.28 bearing_deg=-3.36 speed=2.429 pos=(61.189,0.007,39.680) thr=0.62 steer=-0.13 blocked=false bounded=true
tick=3150 phase=following reason=path_ready wp=7 dist_wp=0.26 bearing_deg=-46.97 speed=2.012 pos=(56.971,0.012,35.261) thr=0.00 steer=-1.00 blocked=false bounded=true
tick=3180 phase=following reason=path_ready wp=7 dist_wp=2.75 bearing_deg=-166.18 speed=0.418 pos=(55.333,0.031,32.807) thr=0.00 steer=-1.00 blocked=false bounded=true
tick=3210 phase=following reason=path_ready wp=7 dist_wp=2.87 bearing_deg=-148.88 speed=0.000 pos=(55.288,0.007,32.693) thr=0.00 steer=-1.00 blocked=false bounded=true
tick=3240 phase=following reason=path_ready wp=7 dist_wp=2.87 bearing_deg=-130.88 speed=0.000 pos=(55.288,0.001,32.693) thr=0.00 steer=-1.00 blocked=false bounded=true
tick=3270 phase=following reason=path_ready wp=7 dist_wp=2.87 bearing_deg=-112.88 speed=0.000 pos=(55.288,0.001,32.693) thr=0.00 steer=-1.00 blocked=false bounded=true
tick=3300 phase=following reason=path_ready wp=7 dist_wp=2.87 bearing_deg=-94.88 speed=0.000 pos=(55.288,0.001,32.693) thr=0.00 steer=-1.00 blocked=false bounded=true
tick=3330 phase=following reason=path_ready wp=7 dist_wp=2.87 bearing_deg=-76.88 speed=0.000 pos=(55.288,0.001,32.693) thr=0.00 steer=-1.00 blocked=false bounded=true
tick=3360 phase=following reason=path_ready wp=7 dist_wp=2.87 bearing_deg=-58.88 speed=0.000 pos=(55.288,0.001,32.693) thr=0.00 steer=-1.00 blocked=false bounded=true
tick=3390 phase=following reason=path_ready wp=7 dist_wp=2.87 bearing_deg=-40.88 speed=0.000 pos=(55.288,0.001,32.693) thr=0.00 steer=-1.00 blocked=false bounded=true
tick=3420 phase=following reason=path_ready wp=7 dist_wp=2.87 bearing_deg=-22.94 speed=0.000 pos=(55.288,0.001,32.693) thr=0.00 steer=-0.94 blocked=false bounded=true
tick=3450 phase=following reason=path_ready wp=7 dist_wp=2.76 bearing_deg=-11.56 speed=0.137 pos=(55.379,0.004,32.771) thr=0.33 steer=-0.47 blocked=false bounded=true
tick=3480 phase=following reason=path_ready wp=7 dist_wp=2.18 bearing_deg=-7.10 speed=0.312 pos=(55.778,0.004,33.191) thr=0.26 steer=-0.29 blocked=false bounded=true
tick=3510 phase=following reason=path_ready wp=7 dist_wp=1.27 bearing_deg=-5.95 speed=0.391 pos=(56.349,0.002,33.905) thr=0.04 steer=-0.24 blocked=false bounded=true
tick=3540 phase=following reason=path_ready wp=8 dist_wp=20.09 bearing_deg=-153.30 speed=0.000 pos=(56.411,0.004,33.992) thr=0.00 steer=-1.00 blocked=false bounded=true
tick=3570 phase=following reason=path_ready wp=8 dist_wp=20.09 bearing_deg=-135.30 speed=0.000 pos=(56.411,0.001,33.992) thr=0.00 steer=-1.00 blocked=false bounded=true
tick=3600 phase=following reason=path_ready wp=8 dist_wp=20.09 bearing_deg=-117.30 speed=0.000 pos=(56.411,0.001,33.992) thr=0.00 steer=-1.00 blocked=false bounded=true
tick=3630 phase=following reason=path_ready wp=8 dist_wp=20.09 bearing_deg=-99.30 speed=0.000 pos=(56.411,0.001,33.992) thr=0.00 steer=-1.00 blocked=false bounded=true
tick=3660 phase=following reason=path_ready wp=8 dist_wp=20.09 bearing_deg=-81.30 speed=0.000 pos=(56.411,0.001,33.992) thr=0.00 steer=-1.00 blocked=false bounded=true
tick=3690 phase=following reason=path_ready wp=8 dist_wp=20.09 bearing_deg=-63.30 speed=0.000 pos=(56.411,0.001,33.992) thr=0.00 steer=-1.00 blocked=false bounded=true
tick=3720 phase=following reason=path_ready wp=8 dist_wp=20.09 bearing_deg=-45.30 speed=0.000 pos=(56.411,0.001,33.992) thr=0.00 steer=-1.00 blocked=false bounded=true
tick=3750 phase=following reason=path_ready wp=8 dist_wp=20.09 bearing_deg=-27.30 speed=0.000 pos=(56.411,0.001,33.992) thr=0.00 steer=-1.00 blocked=false bounded=true
tick=3780 phase=following reason=path_ready wp=8 dist_wp=19.94 bearing_deg=-13.36 speed=0.286 pos=(56.276,0.007,33.915) thr=1.00 steer=-0.55 blocked=false bounded=true
tick=3810 phase=following reason=path_ready wp=8 dist_wp=18.32 bearing_deg=-7.15 speed=0.996 pos=(54.946,0.014,32.965) thr=1.00 steer=-0.29 blocked=false bounded=true
tick=3840 phase=following reason=path_ready wp=8 dist_wp=14.94 bearing_deg=-4.40 speed=1.695 pos=(52.350,0.014,30.771) thr=1.00 steer=-0.18 blocked=false bounded=true
tick=3870 phase=following reason=path_ready wp=8 dist_wp=9.88 bearing_deg=-3.40 speed=2.250 pos=(48.652,0.012,27.302) thr=0.81 steer=-0.14 blocked=false bounded=true
tick=3900 phase=following reason=path_ready wp=8 dist_wp=3.93 bearing_deg=-4.43 speed=2.547 pos=(44.472,0.008,23.055) thr=0.46 steer=-0.17 blocked=false bounded=true
tick=3930 phase=following reason=path_ready wp=8 dist_wp=1.36 bearing_deg=-168.76 speed=1.339 pos=(41.049,0.027,19.029) thr=0.00 steer=-1.00 blocked=false bounded=true
tick=3960 phase=following reason=path_ready wp=8 dist_wp=2.58 bearing_deg=-158.72 speed=0.000 pos=(40.457,0.026,17.938) thr=0.00 steer=-1.00 blocked=false bounded=true
tick=3990 phase=following reason=path_ready wp=8 dist_wp=2.58 bearing_deg=-140.72 speed=0.000 pos=(40.457,0.002,17.938) thr=0.00 steer=-1.00 blocked=false bounded=true
tick=4020 phase=following reason=path_ready wp=8 dist_wp=2.58 bearing_deg=-122.72 speed=0.000 pos=(40.457,0.000,17.938) thr=0.00 steer=-1.00 blocked=false bounded=true
tick=4050 phase=following reason=path_ready wp=8 dist_wp=2.58 bearing_deg=-104.72 speed=0.000 pos=(40.457,0.000,17.938) thr=0.00 steer=-1.00 blocked=false bounded=true
tick=4080 phase=following reason=path_ready wp=8 dist_wp=2.58 bearing_deg=-86.72 speed=0.000 pos=(40.457,0.000,17.938) thr=0.00 steer=-1.00 blocked=false bounded=true
tick=4110 phase=following reason=path_ready wp=8 dist_wp=2.58 bearing_deg=-68.72 speed=0.000 pos=(40.457,0.000,17.938) thr=0.00 steer=-1.00 blocked=false bounded=true
tick=4140 phase=following reason=path_ready wp=8 dist_wp=2.58 bearing_deg=-50.72 speed=0.000 pos=(40.457,0.000,17.938) thr=0.00 steer=-1.00 blocked=false bounded=true
tick=4170 phase=following reason=path_ready wp=8 dist_wp=2.58 bearing_deg=-32.72 speed=0.000 pos=(40.457,0.000,17.938) thr=0.00 steer=-1.00 blocked=false bounded=true
tick=4200 phase=following reason=path_ready wp=8 dist_wp=2.58 bearing_deg=-16.49 speed=0.000 pos=(40.457,0.000,17.938) thr=0.31 steer=-0.68 blocked=false bounded=true
tick=4230 phase=following reason=path_ready wp=8 dist_wp=2.58 bearing_deg=-7.96 speed=0.000 pos=(40.457,0.000,17.938) thr=0.31 steer=-0.33 blocked=false bounded=true
tick=4260 phase=following reason=path_ready wp=8 dist_wp=2.58 bearing_deg=-3.84 speed=0.000 pos=(40.457,0.000,17.938) thr=0.31 steer=-0.16 blocked=false bounded=true
tick=4290 phase=following reason=path_ready wp=8 dist_wp=2.58 bearing_deg=-1.85 speed=0.000 pos=(40.457,0.000,17.938) thr=0.31 steer=-0.08 blocked=false bounded=true
tick=4320 phase=reverse reason=insufficient_actual_progress wp=8 dist_wp=2.58 bearing_deg=-0.94 speed=-0.007 pos=(40.457,0.000,17.938) thr=-0.75 steer=0.00 blocked=false bounded=true
tick=4350 phase=reverse reason=insufficient_actual_progress wp=8 dist_wp=2.73 bearing_deg=-0.89 speed=-0.110 pos=(40.365,0.003,17.820) thr=-0.75 steer=0.00 blocked=false bounded=true
tick=4380 phase=reverse reason=insufficient_actual_progress wp=8 dist_wp=3.13 bearing_deg=-0.77 speed=-0.212 pos=(40.115,0.003,17.498) thr=-0.75 steer=0.00 blocked=false bounded=true
tick=4410 phase=turn_recovery reason=reverse_complete wp=8 dist_wp=3.36 bearing_deg=-12.68 speed=0.000 pos=(39.977,0.004,17.321) thr=0.00 steer=1.00 blocked=false bounded=true
tick=4440 phase=following reason=path_ready wp=0 dist_wp=3.36 bearing_deg=-21.33 speed=0.000 pos=(39.977,0.000,17.321) thr=0.00 steer=-0.87 blocked=false bounded=true
tick=4470 phase=following reason=path_ready wp=0 dist_wp=3.34 bearing_deg=-10.35 speed=0.023 pos=(39.992,0.001,17.334) thr=0.39 steer=-0.42 blocked=false bounded=true
tick=4500 phase=following reason=path_ready wp=0 dist_wp=3.24 bearing_deg=-5.15 speed=0.050 pos=(40.058,0.001,17.402) thr=0.38 steer=-0.21 blocked=false bounded=true
tick=4530 phase=following reason=path_ready wp=0 dist_wp=3.09 bearing_deg=-2.61 speed=0.067 pos=(40.155,0.001,17.516) thr=0.37 steer=-0.11 blocked=false bounded=true
tick=4560 phase=following reason=path_ready wp=0 dist_wp=2.92 bearing_deg=-1.34 speed=0.071 pos=(40.265,0.001,17.655) thr=0.35 steer=-0.05 blocked=false bounded=true
tick=4590 phase=following reason=path_ready wp=0 dist_wp=2.75 bearing_deg=-0.79 speed=0.061 pos=(40.367,0.001,17.789) thr=0.33 steer=0.00 blocked=false bounded=true
tick=4620 phase=following reason=path_ready wp=0 dist_wp=2.62 bearing_deg=-0.79 speed=0.038 pos=(40.443,0.001,17.888) thr=0.32 steer=0.00 blocked=false bounded=true
tick=4650 phase=following reason=path_ready wp=0 dist_wp=2.57 bearing_deg=-0.79 speed=0.006 pos=(40.474,0.002,17.929) thr=0.31 steer=0.00 blocked=false bounded=true
tick=4680 phase=following reason=path_ready wp=0 dist_wp=2.57 bearing_deg=-0.79 speed=0.000 pos=(40.474,0.000,17.929) thr=0.31 steer=0.00 blocked=false bounded=true
tick=4710 phase=following reason=path_ready wp=0 dist_wp=2.57 bearing_deg=-0.79 speed=0.000 pos=(40.474,0.000,17.929) thr=0.31 steer=0.00 blocked=false bounded=true
tick=4740 phase=reverse reason=insufficient_actual_progress wp=0 dist_wp=2.58 bearing_deg=-0.79 speed=-0.024 pos=(40.469,0.001,17.924) thr=-0.75 steer=0.00 blocked=false bounded=true
tick=4770 phase=reverse reason=insufficient_actual_progress wp=0 dist_wp=2.77 bearing_deg=-0.73 speed=-0.127 pos=(40.353,0.003,17.770) thr=-0.75 steer=0.00 blocked=false bounded=true
tick=4800 phase=reverse reason=insufficient_actual_progress wp=0 dist_wp=3.22 bearing_deg=-0.63 speed=-0.229 pos=(40.081,0.003,17.411) thr=-0.75 steer=0.00 blocked=false bounded=true
tick=4830 phase=turn_recovery reason=reverse_complete wp=0 dist_wp=3.35 bearing_deg=14.35 speed=0.000 pos=(40.002,0.002,17.306) thr=0.00 steer=-1.00 blocked=false bounded=true
tick=4860 phase=following reason=path_ready wp=0 dist_wp=3.35 bearing_deg=17.90 speed=0.000 pos=(40.002,0.001,17.306) thr=0.00 steer=0.73 blocked=false bounded=true
tick=4890 phase=following reason=path_ready wp=0 dist_wp=3.32 bearing_deg=8.73 speed=0.030 pos=(40.017,0.001,17.338) thr=0.39 steer=0.36 blocked=false bounded=true
tick=4920 phase=following reason=path_ready wp=0 dist_wp=3.21 bearing_deg=4.36 speed=0.055 pos=(40.073,0.001,17.431) thr=0.38 steer=0.18 blocked=false bounded=true
tick=4950 phase=following reason=path_ready wp=0 dist_wp=3.05 bearing_deg=2.22 speed=0.069 pos=(40.161,0.001,17.563) thr=0.37 steer=0.09 blocked=false bounded=true
tick=4980 phase=following reason=path_ready wp=0 dist_wp=2.88 bearing_deg=1.14 speed=0.070 pos=(40.264,0.001,17.707) thr=0.35 steer=0.05 blocked=false bounded=true
tick=5010 phase=following reason=path_ready wp=0 dist_wp=2.72 bearing_deg=0.80 speed=0.056 pos=(40.359,0.001,17.836) thr=0.33 steer=0.00 blocked=false bounded=true
tick=5040 phase=following reason=path_ready wp=0 dist_wp=2.61 bearing_deg=0.79 speed=0.030 pos=(40.424,0.001,17.924) thr=0.32 steer=0.00 blocked=false bounded=true
tick=5070 phase=following reason=path_ready wp=0 dist_wp=2.57 bearing_deg=0.78 speed=0.000 pos=(40.442,0.002,17.950) thr=0.31 steer=0.00 blocked=false bounded=true
tick=5100 phase=following reason=path_ready wp=0 dist_wp=2.57 bearing_deg=0.78 speed=0.000 pos=(40.442,0.000,17.950) thr=0.31 steer=0.00 blocked=false bounded=true
tick=5130 phase=following reason=path_ready wp=0 dist_wp=2.57 bearing_deg=0.78 speed=0.000 pos=(40.442,0.000,17.950) thr=0.31 steer=0.00 blocked=false bounded=true
tick=5160 phase=reverse reason=insufficient_actual_progress wp=0 dist_wp=2.60 bearing_deg=0.78 speed=-0.041 pos=(40.430,0.002,17.932) thr=-0.75 steer=0.00 blocked=false bounded=true
tick=5190 phase=reverse reason=insufficient_actual_progress wp=0 dist_wp=2.83 bearing_deg=0.71 speed=-0.144 pos=(40.290,0.003,17.743) thr=-0.75 steer=0.00 blocked=false bounded=true
tick=5220 phase=turn_recovery reason=reverse_complete wp=0 dist_wp=3.32 bearing_deg=0.61 speed=-0.246 pos=(39.997,0.003,17.346) thr=-0.75 steer=0.00 blocked=false bounded=true
tick=5250 phase=turn_recovery reason=reverse_complete wp=0 dist_wp=3.36 bearing_deg=-17.36 speed=0.000 pos=(39.978,0.002,17.321) thr=0.00 steer=1.00 blocked=false bounded=true
tick=5280 phase=following reason=path_ready wp=0 dist_wp=3.36 bearing_deg=-15.86 speed=0.005 pos=(39.978,0.000,17.321) thr=0.39 steer=-0.65 blocked=false bounded=true
tick=5310 phase=following reason=path_ready wp=0 dist_wp=3.31 bearing_deg=-7.77 speed=0.035 pos=(40.014,0.001,17.355) thr=0.39 steer=-0.32 blocked=false bounded=true
tick=5340 phase=following reason=path_ready wp=0 dist_wp=3.19 bearing_deg=-3.89 speed=0.058 pos=(40.094,0.001,17.443) thr=0.38 steer=-0.16 blocked=false bounded=true
tick=5370 phase=following reason=path_ready wp=0 dist_wp=3.02 bearing_deg=-1.98 speed=0.071 pos=(40.199,0.001,17.571) thr=0.36 steer=-0.08 blocked=false bounded=true
tick=5400 phase=following reason=path_ready wp=0 dist_wp=2.85 bearing_deg=-1.02 speed=0.069 pos=(40.308,0.001,17.711) thr=0.34 steer=-0.04 blocked=false bounded=true
tick=5430 phase=following reason=path_ready wp=0 dist_wp=2.69 bearing_deg=-0.79 speed=0.053 pos=(40.402,0.001,17.834) thr=0.33 steer=0.00 blocked=false bounded=true
tick=5460 phase=following reason=path_ready wp=0 dist_wp=2.59 bearing_deg=-0.80 speed=0.025 pos=(40.461,0.001,17.913) thr=0.31 steer=0.00 blocked=false bounded=true
tick=5490 phase=following reason=path_ready wp=0 dist_wp=2.57 bearing_deg=-0.78 speed=0.000 pos=(40.474,0.002,17.929) thr=0.31 steer=0.00 blocked=false bounded=true
tick=5520 phase=following reason=path_ready wp=0 dist_wp=2.57 bearing_deg=-0.78 speed=0.000 pos=(40.474,0.000,17.929) thr=0.31 steer=0.00 blocked=false bounded=true
tick=5550 phase=following reason=path_ready wp=0 dist_wp=2.57 bearing_deg=-0.78 speed=0.000 pos=(40.474,0.000,17.929) thr=0.31 steer=0.00 blocked=false bounded=true
