tick=0 phase=following reason=path_ready wp=1 dist_wp=13.42 bearing_deg=26.57 speed=0.000 pos=(-27.000,0.004,116.000) bounded=true
tick=30 phase=following reason=path_ready wp=1 dist_wp=13.32 bearing_deg=13.28 speed=0.185 pos=(-27.022,0.005,115.899) bounded=true
tick=60 phase=following reason=path_ready wp=1 dist_wp=12.26 bearing_deg=7.05 speed=0.632 pos=(-27.353,0.009,114.880) bounded=true
tick=90 phase=following reason=path_ready wp=1 dist_wp=10.12 bearing_deg=4.22 speed=1.024 pos=(-28.182,0.008,112.895) bounded=true
tick=120 phase=following reason=path_ready wp=1 dist_wp=7.09 bearing_deg=3.01 speed=1.318 pos=(-29.493,0.007,110.158) bounded=true
tick=150 phase=following reason=path_ready wp=1 dist_wp=3.49 bearing_deg=3.07 speed=1.460 pos=(-31.167,0.004,106.968) bounded=true
tick=180 phase=following reason=path_ready wp=1 dist_wp=0.34 bearing_deg=16.00 speed=0.602 pos=(-32.744,0.021,104.225) bounded=true
tick=210 phase=following reason=path_ready wp=2 dist_wp=20.51 bearing_deg=56.87 speed=0.000 pos=(-32.877,0.009,104.032) bounded=true
tick=240 phase=following reason=path_ready wp=2 dist_wp=20.51 bearing_deg=38.87 speed=0.000 pos=(-32.877,0.001,104.032) bounded=true
tick=270 phase=following reason=path_ready wp=2 dist_wp=20.51 bearing_deg=21.15 speed=0.000 pos=(-32.877,0.000,104.032) bounded=true
tick=300 phase=following reason=path_ready wp=2 dist_wp=20.13 bearing_deg=10.45 speed=0.383 pos=(-33.267,0.009,104.063) bounded=true
tick=330 phase=following reason=path_ready wp=2 dist_wp=18.51 bearing_deg=5.58 speed=0.879 pos=(-34.877,0.010,104.352) bounded=true
tick=360 phase=following reason=path_ready wp=2 dist_wp=15.61 bearing_deg=3.30 speed=1.369 pos=(-37.690,0.010,105.052) bounded=true
tick=390 phase=following reason=path_ready wp=2 dist_wp=11.49 bearing_deg=2.26 speed=1.822 pos=(-41.650,0.009,106.205) bounded=true
tick=420 phase=following reason=path_ready wp=2 dist_wp=6.40 bearing_deg=2.08 speed=2.118 pos=(-46.502,0.007,107.759) bounded=true
tick=450 phase=following reason=path_ready wp=2 dist_wp=0.98 bearing_deg=7.00 speed=1.812 pos=(-51.633,0.007,109.550) bounded=true
tick=480 phase=following reason=path_ready wp=3 dist_wp=19.03 bearing_deg=-14.54 speed=0.399 pos=(-53.764,0.028,110.545) bounded=true
tick=510 phase=following reason=path_ready wp=3 dist_wp=17.38 bearing_deg=-7.83 speed=0.894 pos=(-55.266,0.008,111.290) bounded=true
tick=540 phase=following reason=path_ready wp=3 dist_wp=14.47 bearing_deg=-4.70 speed=1.382 pos=(-58.004,0.010,112.343) bounded=true
tick=570 phase=following reason=path_ready wp=3 dist_wp=10.35 bearing_deg=-3.32 speed=1.802 pos=(-61.927,0.009,113.605) bounded=true
tick=600 phase=following reason=path_ready wp=3 dist_wp=5.36 bearing_deg=-3.27 speed=2.077 pos=(-66.747,0.006,114.948) bounded=true
tick=630 phase=following reason=path_ready wp=3 dist_wp=0.25 bearing_deg=-38.39 speed=1.540 pos=(-71.777,0.014,116.121) bounded=true
tick=660 phase=following reason=path_ready wp=4 dist_wp=22.31 bearing_deg=-86.51 speed=0.000 pos=(-73.546,0.030,116.257) bounded=true
tick=690 phase=following reason=path_ready wp=4 dist_wp=22.31 bearing_deg=-68.51 speed=0.000 pos=(-73.546,0.003,116.257) bounded=true
tick=720 phase=following reason=path_ready wp=4 dist_wp=22.31 bearing_deg=-50.51 speed=0.000 pos=(-73.546,0.000,116.257) bounded=true
tick=750 phase=following reason=path_ready wp=4 dist_wp=22.31 bearing_deg=-32.51 speed=0.000 pos=(-73.546,0.000,116.257) bounded=true
tick=780 phase=following reason=path_ready wp=4 dist_wp=22.30 bearing_deg=-16.36 speed=0.063 pos=(-73.548,0.002,116.247) bounded=true
tick=810 phase=following reason=path_ready wp=4 dist_wp=21.31 bearing_deg=-8.35 speed=0.710 pos=(-73.659,0.012,115.250) bounded=true
tick=840 phase=following reason=path_ready wp=4 dist_wp=18.63 bearing_deg=-4.75 speed=1.388 pos=(-73.714,0.014,112.549) bounded=true
tick=870 phase=following reason=path_ready wp=4 dist_wp=14.17 bearing_deg=-3.17 speed=2.080 pos=(-73.554,0.014,108.082) bounded=true
tick=900 phase=following reason=path_ready wp=4 dist_wp=8.34 bearing_deg=-2.77 speed=2.455 pos=(-73.132,0.008,102.265) bounded=true
tick=930 phase=following reason=path_ready wp=4 dist_wp=1.62 bearing_deg=-7.45 speed=2.568 pos=(-72.416,0.004,95.568) bounded=true
tick=960 phase=following reason=path_ready wp=4 dist_wp=2.80 bearing_deg=-169.64 speed=0.955 pos=(-71.418,0.030,91.266) bounded=true
tick=990 phase=following reason=path_ready wp=4 dist_wp=3.48 bearing_deg=-154.67 speed=0.000 pos=(-71.108,0.017,90.636) bounded=true
tick=1020 phase=following reason=path_ready wp=4 dist_wp=3.48 bearing_deg=-136.67 speed=0.000 pos=(-71.108,0.001,90.636) bounded=true
tick=1050 phase=following reason=path_ready wp=4 dist_wp=3.48 bearing_deg=-118.67 speed=0.000 pos=(-71.108,0.000,90.636) bounded=true
tick=1080 phase=following reason=path_ready wp=4 dist_wp=3.48 bearing_deg=-100.67 speed=0.000 pos=(-71.108,0.000,90.636) bounded=true
tick=1110 phase=following reason=path_ready wp=4 dist_wp=3.48 bearing_deg=-82.67 speed=0.000 pos=(-71.108,0.000,90.636) bounded=true
tick=1140 phase=following reason=path_ready wp=4 dist_wp=3.48 bearing_deg=-64.67 speed=0.000 pos=(-71.108,0.000,90.636) bounded=true
tick=1170 phase=following reason=path_ready wp=4 dist_wp=3.48 bearing_deg=-46.67 speed=0.000 pos=(-71.108,0.000,90.636) bounded=true
tick=1200 phase=following reason=path_ready wp=4 dist_wp=3.48 bearing_deg=-28.67 speed=0.000 pos=(-71.108,0.000,90.636) bounded=true
tick=1230 phase=following reason=path_ready wp=4 dist_wp=3.44 bearing_deg=-14.16 speed=0.085 pos=(-71.108,0.003,90.675) bounded=true
tick=1260 phase=following reason=path_ready wp=4 dist_wp=2.91 bearing_deg=-8.13 speed=0.321 pos=(-71.164,0.005,91.210) bounded=true
tick=1290 phase=following reason=path_ready wp=4 dist_wp=1.86 bearing_deg=-6.24 speed=0.486 pos=(-71.373,0.004,92.252) bounded=true
tick=1320 phase=following reason=path_ready wp=5 dist_wp=20.98 bearing_deg=-155.01 speed=0.000 pos=(-71.567,0.013,92.976) bounded=true
tick=1350 phase=following reason=path_ready wp=5 dist_wp=20.98 bearing_deg=-137.01 speed=0.000 pos=(-71.567,0.001,92.976) bounded=true
tick=1380 phase=following reason=path_ready wp=5 dist_wp=20.98 bearing_deg=-119.01 speed=0.000 pos=(-71.567,0.001,92.976) bounded=true
tick=1410 phase=following reason=path_ready wp=5 dist_wp=20.98 bearing_deg=-101.01 speed=0.000 pos=(-71.567,0.001,92.976) bounded=true
tick=1440 phase=following reason=path_ready wp=5 dist_wp=20.98 bearing_deg=-83.01 speed=0.000 pos=(-71.567,0.001,92.976) bounded=true
tick=1470 phase=following reason=path_ready wp=5 dist_wp=20.98 bearing_deg=-65.01 speed=0.000 pos=(-71.567,0.001,92.976) bounded=true
tick=1500 phase=following reason=path_ready wp=5 dist_wp=20.98 bearing_deg=-47.01 speed=0.000 pos=(-71.567,0.001,92.976) bounded=true
tick=1530 phase=following reason=path_ready wp=5 dist_wp=20.98 bearing_deg=-29.01 speed=0.000 pos=(-71.567,0.001,92.976) bounded=true
tick=1560 phase=following reason=path_ready wp=5 dist_wp=20.89 bearing_deg=-14.26 speed=0.214 pos=(-71.593,0.006,92.888) bounded=true
tick=1590 phase=following reason=path_ready wp=5 dist_wp=19.42 bearing_deg=-7.53 speed=0.925 pos=(-71.861,0.014,91.423) bounded=true
tick=1620 phase=following reason=path_ready wp=5 dist_wp=16.14 bearing_deg=-4.54 speed=1.626 pos=(-72.177,0.014,88.142) bounded=true
tick=1650 phase=following reason=path_ready wp=5 dist_wp=11.10 bearing_deg=-3.37 speed=2.244 pos=(-72.392,0.013,83.097) bounded=true
tick=1680 phase=following reason=path_ready wp=5 dist_wp=5.06 bearing_deg=-3.82 speed=2.550 pos=(-72.413,0.008,77.039) bounded=true
tick=1710 phase=following reason=path_ready wp=5 dist_wp=0.90 bearing_deg=-165.60 speed=1.675 pos=(-72.087,0.021,71.104) bounded=true
tick=1740 phase=following reason=path_ready wp=5 dist_wp=3.04 bearing_deg=-162.86 speed=0.095 pos=(-71.521,0.032,68.999) bounded=true
tick=1770 phase=following reason=path_ready wp=5 dist_wp=3.04 bearing_deg=-144.88 speed=0.000 pos=(-71.519,0.004,68.996) bounded=true
tick=1800 phase=following reason=path_ready wp=5 dist_wp=3.04 bearing_deg=-126.88 speed=0.000 pos=(-71.519,0.001,68.996) bounded=true
tick=1830 phase=following reason=path_ready wp=5 dist_wp=3.04 bearing_deg=-108.88 speed=0.000 pos=(-71.519,0.001,68.996) bounded=true
tick=1860 phase=following reason=path_ready wp=5 dist_wp=3.04 bearing_deg=-90.88 speed=0.000 pos=(-71.519,0.001,68.996) bounded=true
tick=1890 phase=following reason=path_ready wp=5 dist_wp=3.04 bearing_deg=-72.88 speed=0.000 pos=(-71.519,0.001,68.996) bounded=true
tick=1920 phase=following reason=path_ready wp=5 dist_wp=3.04 bearing_deg=-54.88 speed=0.000 pos=(-71.519,0.001,68.996) bounded=true
tick=1950 phase=following reason=path_ready wp=5 dist_wp=3.04 bearing_deg=-36.88 speed=0.000 pos=(-71.519,0.001,68.996) bounded=true
tick=1980 phase=following reason=path_ready wp=5 dist_wp=3.04 bearing_deg=-19.51 speed=0.000 pos=(-71.519,0.001,68.996) bounded=true
tick=2010 phase=following reason=path_ready wp=5 dist_wp=2.83 bearing_deg=-10.16 speed=0.187 pos=(-71.509,0.004,69.214) bounded=true
tick=2040 phase=following reason=path_ready wp=5 dist_wp=2.11 bearing_deg=-6.64 speed=0.362 pos=(-71.552,0.004,69.938) bounded=true
tick=2070 phase=following reason=path_ready wp=6 dist_wp=20.88 bearing_deg=-167.30 speed=0.110 pos=(-71.681,0.006,70.876) bounded=true
tick=2100 phase=following reason=path_ready wp=6 dist_wp=20.88 bearing_deg=-149.30 speed=0.000 pos=(-71.682,0.002,70.881) bounded=true
tick=2130 phase=following reason=path_ready wp=6 dist_wp=20.88 bearing_deg=-131.30 speed=0.000 pos=(-71.682,0.001,70.881) bounded=true
tick=2160 phase=following reason=path_ready wp=6 dist_wp=20.88 bearing_deg=-113.30 speed=0.000 pos=(-71.682,0.001,70.881) bounded=true
tick=2190 phase=following reason=path_ready wp=6 dist_wp=20.88 bearing_deg=-95.30 speed=0.000 pos=(-71.682,0.001,70.881) bounded=true
tick=2220 phase=following reason=path_ready wp=6 dist_wp=20.88 bearing_deg=-77.30 speed=0.000 pos=(-71.682,0.001,70.881) bounded=true
tick=2250 phase=following reason=path_ready wp=6 dist_wp=20.88 bearing_deg=-59.30 speed=0.000 pos=(-71.682,0.001,70.881) bounded=true
tick=2280 phase=following reason=path_ready wp=6 dist_wp=20.88 bearing_deg=-41.30 speed=0.000 pos=(-71.682,0.001,70.881) bounded=true
tick=2310 phase=following reason=path_ready wp=6 dist_wp=20.88 bearing_deg=-23.34 speed=0.000 pos=(-71.682,0.001,70.881) bounded=true
tick=2340 phase=following reason=path_ready wp=6 dist_wp=20.51 bearing_deg=-11.52 speed=0.452 pos=(-71.776,0.011,70.507) bounded=true
tick=2370 phase=following reason=path_ready wp=6 dist_wp=18.43 bearing_deg=-6.33 speed=1.160 pos=(-72.077,0.014,68.434) bounded=true
tick=2400 phase=following reason=path_ready wp=6 dist_wp=14.56 bearing_deg=-4.04 speed=1.856 pos=(-72.352,0.014,64.552) bounded=true
tick=2430 phase=following reason=path_ready wp=6 dist_wp=9.10 bearing_deg=-3.32 speed=2.265 pos=(-72.481,0.008,59.084) bounded=true
tick=2460 phase=following reason=path_ready wp=6 dist_wp=2.76 bearing_deg=-5.67 speed=2.629 pos=(-72.378,0.007,52.739) bounded=true
tick=2490 phase=following reason=path_ready wp=6 dist_wp=2.11 bearing_deg=-169.69 speed=1.133 pos=(-71.823,0.029,47.895) bounded=true
tick=2520 phase=following reason=path_ready wp=6 dist_wp=3.09 bearing_deg=-156.68 speed=0.000 pos=(-71.490,0.021,46.956) bounded=true
tick=2550 phase=following reason=path_ready wp=6 dist_wp=3.09 bearing_deg=-138.68 speed=0.000 pos=(-71.490,0.002,46.956) bounded=true
tick=2580 phase=following reason=path_ready wp=6 dist_wp=3.09 bearing_deg=-120.68 speed=0.000 pos=(-71.490,0.001,46.956) bounded=true
tick=2610 phase=following reason=path_ready wp=6 dist_wp=3.09 bearing_deg=-102.68 speed=0.000 pos=(-71.490,0.001,46.956) bounded=true
tick=2640 phase=following reason=path_ready wp=6 dist_wp=3.09 bearing_deg=-84.68 speed=0.000 pos=(-71.490,0.001,46.956) bounded=true
tick=2670 phase=following reason=path_ready wp=6 dist_wp=3.09 bearing_deg=-66.68 speed=0.000 pos=(-71.490,0.001,46.956) bounded=true
tick=2700 phase=following reason=path_ready wp=6 dist_wp=3.09 bearing_deg=-48.68 speed=0.000 pos=(-71.490,0.001,46.956) bounded=true
tick=2730 phase=following reason=path_ready wp=6 dist_wp=3.09 bearing_deg=-30.68 speed=0.000 pos=(-71.490,0.001,46.956) bounded=true
tick=2760 phase=following reason=path_ready wp=6 dist_wp=3.07 bearing_deg=-15.27 speed=0.052 pos=(-71.488,0.002,46.974) bounded=true
tick=2790 phase=following reason=path_ready wp=6 dist_wp=2.66 bearing_deg=-8.57 speed=0.263 pos=(-71.487,0.005,47.394) bounded=true
tick=2820 phase=following reason=path_ready wp=6 dist_wp=1.77 bearing_deg=-6.27 speed=0.411 pos=(-71.573,0.004,48.280) bounded=true
tick=2850 phase=following reason=path_ready wp=7 dist_wp=20.19 bearing_deg=134.32 speed=0.000 pos=(-71.666,0.010,48.879) bounded=true
tick=2880 phase=following reason=path_ready wp=7 dist_wp=20.19 bearing_deg=116.32 speed=0.000 pos=(-71.666,0.002,48.879) bounded=true
tick=2910 phase=following reason=path_ready wp=7 dist_wp=20.19 bearing_deg=98.32 speed=0.000 pos=(-71.666,0.001,48.879) bounded=true
tick=2940 phase=following reason=path_ready wp=7 dist_wp=20.19 bearing_deg=80.32 speed=0.000 pos=(-71.666,0.001,48.879) bounded=true
tick=2970 phase=following reason=path_ready wp=7 dist_wp=20.19 bearing_deg=62.32 speed=0.000 pos=(-71.666,0.001,48.879) bounded=true
tick=3000 phase=following reason=path_ready wp=7 dist_wp=20.19 bearing_deg=44.32 speed=0.000 pos=(-71.666,0.001,48.879) bounded=true
tick=3030 phase=following reason=path_ready wp=7 dist_wp=20.19 bearing_deg=26.32 speed=0.000 pos=(-71.666,0.001,48.879) bounded=true
tick=3060 phase=following reason=path_ready wp=7 dist_wp=19.98 bearing_deg=12.89 speed=0.333 pos=(-71.479,0.008,48.775) bounded=true
tick=3090 phase=following reason=path_ready wp=7 dist_wp=18.21 bearing_deg=6.96 speed=1.043 pos=(-70.013,0.014,47.745) bounded=true
tick=3120 phase=following reason=path_ready wp=7 dist_wp=14.64 bearing_deg=4.35 speed=1.741 pos=(-67.247,0.014,45.449) bounded=true
tick=3150 phase=following reason=path_ready wp=7 dist_wp=9.38 bearing_deg=3.48 speed=2.249 pos=(-63.369,0.011,41.880) bounded=true
tick=3180 phase=following reason=path_ready wp=7 dist_wp=3.26 bearing_deg=5.19 speed=2.553 pos=(-59.030,0.007,37.545) bounded=true
tick=3210 phase=following reason=path_ready wp=7 dist_wp=1.83 bearing_deg=169.50 speed=1.228 pos=(-55.768,0.027,33.649) bounded=true
tick=3240 phase=following reason=path_ready wp=7 dist_wp=2.97 bearing_deg=157.78 speed=0.000 pos=(-55.234,0.024,32.607) bounded=true
tick=3270 phase=following reason=path_ready wp=7 dist_wp=2.97 bearing_deg=139.78 speed=0.000 pos=(-55.234,0.002,32.607) bounded=true
tick=3300 phase=following reason=path_ready wp=7 dist_wp=2.97 bearing_deg=121.78 speed=0.000 pos=(-55.234,0.000,32.607) bounded=true
tick=3330 phase=following reason=path_ready wp=7 dist_wp=2.97 bearing_deg=103.78 speed=0.000 pos=(-55.234,0.000,32.607) bounded=true
tick=3360 phase=following reason=path_ready wp=7 dist_wp=2.97 bearing_deg=85.78 speed=0.000 pos=(-55.234,0.000,32.607) bounded=true
tick=3390 phase=following reason=path_ready wp=7 dist_wp=2.97 bearing_deg=67.78 speed=0.000 pos=(-55.234,0.000,32.607) bounded=true
tick=3420 phase=following reason=path_ready wp=7 dist_wp=2.97 bearing_deg=49.78 speed=0.000 pos=(-55.234,0.000,32.607) bounded=true
tick=3450 phase=following reason=path_ready wp=7 dist_wp=2.97 bearing_deg=31.78 speed=0.000 pos=(-55.234,0.000,32.607) bounded=true
tick=3480 phase=following reason=path_ready wp=7 dist_wp=2.97 bearing_deg=15.92 speed=0.036 pos=(-55.241,0.002,32.612) bounded=true
tick=3510 phase=following reason=path_ready wp=7 dist_wp=2.60 bearing_deg=8.80 speed=0.240 pos=(-55.508,0.005,32.866) bounded=true
tick=3540 phase=following reason=path_ready wp=7 dist_wp=1.78 bearing_deg=6.27 speed=0.386 pos=(-56.047,0.004,33.492) bounded=true
tick=3570 phase=following reason=path_ready wp=8 dist_wp=20.10 bearing_deg=161.99 speed=0.000 pos=(-56.424,0.011,33.992) bounded=true
tick=3600 phase=following reason=path_ready wp=8 dist_wp=20.10 bearing_deg=143.99 speed=0.000 pos=(-56.424,0.001,33.992) bounded=true
tick=3630 phase=following reason=path_ready wp=8 dist_wp=20.10 bearing_deg=125.99 speed=0.000 pos=(-56.424,0.001,33.992) bounded=true
tick=3660 phase=following reason=path_ready wp=8 dist_wp=20.10 bearing_deg=107.99 speed=0.000 pos=(-56.424,0.001,33.992) bounded=true
tick=3690 phase=following reason=path_ready wp=8 dist_wp=20.10 bearing_deg=89.99 speed=0.000 pos=(-56.424,0.001,33.992) bounded=true
tick=3720 phase=following reason=path_ready wp=8 dist_wp=20.10 bearing_deg=71.99 speed=0.000 pos=(-56.424,0.001,33.992) bounded=true
tick=3750 phase=following reason=path_ready wp=8 dist_wp=20.10 bearing_deg=53.99 speed=0.000 pos=(-56.424,0.001,33.992) bounded=true
tick=3780 phase=following reason=path_ready wp=8 dist_wp=20.10 bearing_deg=35.99 speed=0.000 pos=(-56.424,0.001,33.992) bounded=true
tick=3810 phase=following reason=path_ready wp=8 dist_wp=20.10 bearing_deg=18.83 speed=0.000 pos=(-56.424,0.001,33.992) bounded=true
tick=3840 phase=following reason=path_ready wp=8 dist_wp=19.29 bearing_deg=9.55 speed=0.666 pos=(-55.730,0.013,33.547) bounded=true
tick=3870 phase=following reason=path_ready wp=8 dist_wp=16.67 bearing_deg=5.49 speed=1.370 pos=(-53.658,0.014,31.916) bounded=true
tick=3900 phase=following reason=path_ready wp=8 dist_wp=12.27 bearing_deg=3.79 speed=2.047 pos=(-50.371,0.014,28.965) bounded=true
tick=3930 phase=following reason=path_ready wp=8 dist_wp=6.55 bearing_deg=3.65 speed=2.380 pos=(-46.278,0.007,24.954) bounded=true
tick=3960 phase=following reason=path_ready wp=8 dist_wp=0.43 bearing_deg=30.29 speed=2.005 pos=(-42.072,0.011,20.424) bounded=true
tick=3990 phase=following reason=path_ready wp=8 dist_wp=2.45 bearing_deg=165.31 speed=0.275 pos=(-40.511,0.034,18.056) bounded=true
tick=4020 phase=following reason=path_ready wp=8 dist_wp=2.49 bearing_deg=147.61 speed=0.000 pos=(-40.494,0.006,18.015) bounded=true
tick=4050 phase=following reason=path_ready wp=8 dist_wp=2.49 bearing_deg=129.61 speed=0.000 pos=(-40.494,0.000,18.015) bounded=true
tick=4080 phase=following reason=path_ready wp=8 dist_wp=2.49 bearing_deg=111.61 speed=0.000 pos=(-40.494,0.000,18.015) bounded=true
tick=4110 phase=following reason=path_ready wp=8 dist_wp=2.49 bearing_deg=93.61 speed=0.000 pos=(-40.494,0.000,18.015) bounded=true
tick=4140 phase=following reason=path_ready wp=8 dist_wp=2.49 bearing_deg=75.61 speed=0.000 pos=(-40.494,0.000,18.015) bounded=true
tick=4170 phase=following reason=path_ready wp=8 dist_wp=2.49 bearing_deg=57.61 speed=0.000 pos=(-40.494,0.000,18.015) bounded=true
tick=4200 phase=following reason=path_ready wp=8 dist_wp=2.49 bearing_deg=39.61 speed=0.000 pos=(-40.494,0.000,18.015) bounded=true
tick=4230 phase=following reason=path_ready wp=8 dist_wp=2.49 bearing_deg=21.80 speed=0.000 pos=(-40.494,0.000,18.015) bounded=true
tick=4260 phase=following reason=path_ready wp=8 dist_wp=2.49 bearing_deg=10.52 speed=0.000 pos=(-40.494,0.000,18.015) bounded=true
tick=4290 phase=following reason=path_ready wp=8 dist_wp=2.49 bearing_deg=5.07 speed=0.000 pos=(-40.494,0.000,18.015) bounded=true
tick=4320 phase=following reason=path_ready wp=8 dist_wp=2.49 bearing_deg=2.45 speed=0.000 pos=(-40.494,0.000,18.015) bounded=true
tick=4350 phase=following reason=path_ready wp=8 dist_wp=2.49 bearing_deg=1.18 speed=0.000 pos=(-40.494,0.000,18.015) bounded=true
tick=4380 phase=reverse reason=insufficient_actual_progress wp=8 dist_wp=2.56 bearing_deg=0.92 speed=-0.072 pos=(-40.453,0.002,17.963) bounded=true
tick=4410 phase=reverse reason=insufficient_actual_progress wp=8 dist_wp=2.88 bearing_deg=0.82 speed=-0.175 pos=(-40.256,0.003,17.711) bounded=true
tick=4440 phase=turn_recovery reason=reverse_complete wp=8 dist_wp=3.29 bearing_deg=-4.64 speed=0.000 pos=(-40.001,0.005,17.386) bounded=true
tick=4470 phase=turn_recovery reason=reverse_complete wp=8 dist_wp=3.29 bearing_deg=-22.64 speed=0.000 pos=(-40.001,0.001,17.386) bounded=true
tick=4500 phase=following reason=path_ready wp=0 dist_wp=3.29 bearing_deg=-12.69 speed=0.012 pos=(-40.003,0.001,17.389) bounded=true
tick=4530 phase=following reason=path_ready wp=0 dist_wp=3.22 bearing_deg=-6.25 speed=0.036 pos=(-40.033,0.001,17.444) bounded=true
tick=4560 phase=following reason=path_ready wp=0 dist_wp=3.11 bearing_deg=-3.13 speed=0.053 pos=(-40.098,0.001,17.542) bounded=true
tick=4590 phase=following reason=path_ready wp=0 dist_wp=2.96 bearing_deg=-1.59 speed=0.060 pos=(-40.183,0.001,17.662) bounded=true
tick=4620 phase=following reason=path_ready wp=0 dist_wp=2.81 bearing_deg=-0.81 speed=0.054 pos=(-40.271,0.001,17.780) bounded=true
tick=4650 phase=following reason=path_ready wp=0 dist_wp=2.70 bearing_deg=-0.78 speed=0.037 pos=(-40.342,0.001,17.873) bounded=true
tick=4680 phase=following reason=path_ready wp=0 dist_wp=2.64 bearing_deg=-0.78 speed=0.011 pos=(-40.379,0.001,17.922) bounded=true
tick=4710 phase=following reason=path_ready wp=0 dist_wp=2.63 bearing_deg=-0.78 speed=0.000 pos=(-40.380,0.000,17.923) bounded=true
tick=4740 phase=reverse reason=insufficient_actual_progress wp=0 dist_wp=2.72 bearing_deg=-0.76 speed=-0.082 pos=(-40.327,0.003,17.854) bounded=true
tick=4770 phase=reverse reason=insufficient_actual_progress wp=0 dist_wp=3.07 bearing_deg=-0.67 speed=-0.185 pos=(-40.118,0.003,17.578) bounded=true
tick=4800 phase=turn_recovery reason=reverse_complete wp=0 dist_wp=3.43 bearing_deg=6.56 speed=0.000 pos=(-39.896,0.005,17.286) bounded=true
tick=4830 phase=following reason=path_ready wp=0 dist_wp=3.43 bearing_deg=24.56 speed=0.000 pos=(-39.896,0.002,17.286) bounded=true
tick=4860 phase=following reason=path_ready wp=0 dist_wp=3.42 bearing_deg=11.89 speed=0.021 pos=(-39.906,0.001,17.294) bounded=true
tick=4890 phase=following reason=path_ready wp=0 dist_wp=3.32 bearing_deg=5.91 speed=0.053 pos=(-39.976,0.002,17.362) bounded=true
tick=4920 phase=following reason=path_ready wp=0 dist_wp=3.16 bearing_deg=3.01 speed=0.076 pos=(-40.088,0.001,17.489) bounded=true
tick=4950 phase=following reason=path_ready wp=0 dist_wp=2.95 bearing_deg=1.56 speed=0.084 pos=(-40.221,0.001,17.651) bounded=true
tick=4980 phase=following reason=path_ready wp=0 dist_wp=2.74 bearing_deg=0.81 speed=0.075 pos=(-40.349,0.001,17.813) bounded=true
tick=5010 phase=following reason=path_ready wp=0 dist_wp=2.58 bearing_deg=0.80 speed=0.049 pos=(-40.447,0.001,17.940) bounded=true
tick=5040 phase=following reason=path_ready wp=0 dist_wp=2.50 bearing_deg=0.79 speed=0.012 pos=(-40.494,0.002,18.001) bounded=true
tick=5070 phase=following reason=path_ready wp=0 dist_wp=2.50 bearing_deg=0.79 speed=0.000 pos=(-40.495,0.001,18.002) bounded=true
tick=5100 phase=following reason=path_ready wp=0 dist_wp=2.50 bearing_deg=0.79 speed=0.000 pos=(-40.495,0.001,18.002) bounded=true
tick=5130 phase=reverse reason=insufficient_actual_progress wp=0 dist_wp=2.60 bearing_deg=0.76 speed=-0.089 pos=(-40.433,0.003,17.921) bounded=true
tick=5160 phase=reverse reason=insufficient_actual_progress wp=0 dist_wp=2.97 bearing_deg=0.66 speed=-0.192 pos=(-40.210,0.003,17.634) bounded=true
tick=5190 phase=turn_recovery reason=reverse_complete wp=0 dist_wp=3.30 bearing_deg=-7.76 speed=0.000 pos=(-40.006,0.006,17.370) bounded=true
tick=5220 phase=following reason=path_ready wp=0 dist_wp=3.30 bearing_deg=-23.40 speed=0.000 pos=(-40.006,0.001,17.370) bounded=true
tick=5250 phase=following reason=path_ready wp=0 dist_wp=3.29 bearing_deg=-11.32 speed=0.017 pos=(-40.010,0.001,17.378) bounded=true
tick=5280 phase=following reason=path_ready wp=0 dist_wp=3.22 bearing_deg=-5.60 speed=0.041 pos=(-40.047,0.001,17.444) bounded=true
tick=5310 phase=following reason=path_ready wp=0 dist_wp=3.09 bearing_deg=-2.82 speed=0.057 pos=(-40.118,0.001,17.550) bounded=true
tick=5340 phase=following reason=path_ready wp=0 dist_wp=2.94 bearing_deg=-1.43 speed=0.061 pos=(-40.207,0.001,17.675) bounded=true
tick=5370 phase=following reason=path_ready wp=0 dist_wp=2.79 bearing_deg=-0.78 speed=0.053 pos=(-40.296,0.001,17.795) bounded=true
tick=5400 phase=following reason=path_ready wp=0 dist_wp=2.67 bearing_deg=-0.80 speed=0.034 pos=(-40.364,0.001,17.885) bounded=true
tick=5430 phase=following reason=path_ready wp=0 dist_wp=2.62 bearing_deg=-0.79 speed=0.007 pos=(-40.394,0.001,17.925) bounded=true
