tick=0 phase=following reason=path_ready wp=1 dist_wp=13.42 bearing_deg=26.57 speed=0.000 pos=(-27.000,0.005,116.000) thr=0.00 steer=1.00 blocked=false attempts=0 stuck_s=0.00 pitch=-0.00 roll=0.00 normal_y=1.00 contacts=0[] bounded=true
tick=30 phase=following reason=path_ready wp=1 dist_wp=13.32 bearing_deg=13.28 speed=0.185 pos=(-27.021,0.005,115.900) thr=0.95 steer=0.54 blocked=false attempts=0 stuck_s=0.20 pitch=0.08 roll=0.00 normal_y=1.00 contacts=3[VillageTerrain,VillageTerrain,VillageTerrain] bounded=true
tick=60 phase=following reason=path_ready wp=1 dist_wp=12.27 bearing_deg=7.04 speed=0.632 pos=(-27.350,0.009,114.889) thr=0.91 steer=0.29 blocked=false attempts=0 stuck_s=0.00 pitch=0.16 roll=0.00 normal_y=1.00 contacts=3[VillageTerrain,VillageTerrain,VillageTerrain] bounded=true
tick=90 phase=following reason=path_ready wp=1 dist_wp=10.14 bearing_deg=4.21 speed=1.024 pos=(-28.173,0.008,112.919) thr=0.82 steer=0.17 blocked=false attempts=0 stuck_s=0.03 pitch=0.14 roll=0.00 normal_y=1.00 contacts=3[VillageTerrain,VillageTerrain,VillageTerrain] bounded=true
tick=120 phase=following reason=path_ready wp=1 dist_wp=7.13 bearing_deg=2.99 speed=1.320 pos=(-29.474,0.007,110.202) thr=0.67 steer=0.12 blocked=false attempts=0 stuck_s=0.05 pitch=0.11 roll=0.00 normal_y=1.00 contacts=3[VillageTerrain,VillageTerrain,VillageTerrain] bounded=true
tick=150 phase=following reason=path_ready wp=1 dist_wp=3.56 bearing_deg=3.02 speed=1.466 pos=(-31.136,0.004,107.030) thr=0.42 steer=0.12 blocked=false attempts=0 stuck_s=0.00 pitch=0.05 roll=0.00 normal_y=1.00 contacts=3[VillageTerrain,VillageTerrain,VillageTerrain] bounded=true
tick=180 phase=following reason=path_ready wp=1 dist_wp=0.41 bearing_deg=13.19 speed=0.611 pos=(-32.707,0.021,104.289) thr=0.00 steer=0.48 blocked=false attempts=0 stuck_s=0.00 pitch=-0.36 roll=0.00 normal_y=1.00 contacts=3[VillageTerrain,VillageTerrain,VillageTerrain] bounded=true
tick=210 phase=following reason=path_ready wp=2 dist_wp=20.53 bearing_deg=57.57 speed=0.000 pos=(-32.841,0.010,104.088) thr=0.00 steer=1.00 blocked=false attempts=0 stuck_s=0.00 pitch=-0.16 roll=0.00 normal_y=1.00 contacts=1[VillageTerrain] bounded=true
tick=240 phase=following reason=path_ready wp=2 dist_wp=20.53 bearing_deg=39.57 speed=0.000 pos=(-32.841,0.001,104.088) thr=0.00 steer=1.00 blocked=false attempts=0 stuck_s=0.00 pitch=-0.01 roll=0.00 normal_y=1.00 contacts=1[VillageTerrain] bounded=true
tick=270 phase=following reason=path_ready wp=2 dist_wp=20.53 bearing_deg=21.76 speed=0.000 pos=(-32.841,0.001,104.088) thr=0.00 steer=0.89 blocked=false attempts=0 stuck_s=0.00 pitch=-0.00 roll=0.00 normal_y=1.00 contacts=1[VillageTerrain] bounded=true
tick=300 phase=following reason=path_ready wp=2 dist_wp=20.18 bearing_deg=10.72 speed=0.366 pos=(-33.196,0.008,104.114) thr=1.00 steer=0.44 blocked=false attempts=0 stuck_s=0.37 pitch=0.14 roll=0.00 normal_y=1.00 contacts=3[VillageTerrain,VillageTerrain,VillageTerrain] bounded=true
tick=330 phase=following reason=path_ready wp=2 dist_wp=18.61 bearing_deg=5.71 speed=0.862 pos=(-34.754,0.010,104.383) thr=1.00 steer=0.23 blocked=false attempts=0 stuck_s=0.00 pitch=0.18 roll=0.00 normal_y=1.00 contacts=3[VillageTerrain,VillageTerrain,VillageTerrain] bounded=true
tick=360 phase=following reason=path_ready wp=2 dist_wp=15.79 bearing_deg=3.35 speed=1.353 pos=(-37.506,0.010,105.053) thr=1.00 steer=0.14 blocked=false attempts=0 stuck_s=0.00 pitch=0.18 roll=0.00 normal_y=1.00 contacts=3[VillageTerrain,VillageTerrain,VillageTerrain] bounded=true
tick=390 phase=following reason=path_ready wp=2 dist_wp=11.74 bearing_deg=2.28 speed=1.810 pos=(-41.403,0.010,106.169) thr=0.89 steer=0.09 blocked=false attempts=0 stuck_s=0.03 pitch=0.16 roll=0.00 normal_y=1.00 contacts=3[VillageTerrain,VillageTerrain,VillageTerrain] bounded=true
tick=420 phase=following reason=path_ready wp=2 dist_wp=6.71 bearing_deg=2.04 speed=2.117 pos=(-46.206,0.007,107.685) thr=0.65 steer=0.08 blocked=false attempts=0 stuck_s=0.02 pitch=0.11 roll=0.00 normal_y=1.00 contacts=3[VillageTerrain,VillageTerrain,VillageTerrain] bounded=true
tick=450 phase=following reason=path_ready wp=2 dist_wp=1.25 bearing_deg=5.63 speed=1.941 pos=(-51.373,0.003,109.460) thr=0.10 steer=0.20 blocked=false attempts=0 stuck_s=0.00 pitch=-0.05 roll=0.00 normal_y=1.00 contacts=3[VillageTerrain,VillageTerrain,VillageTerrain] bounded=true
tick=480 phase=following reason=path_ready wp=3 dist_wp=19.06 bearing_deg=-15.17 speed=0.375 pos=(-53.744,0.031,110.527) thr=1.00 steer=-0.62 blocked=false attempts=0 stuck_s=0.05 pitch=-0.56 roll=0.00 normal_y=1.00 contacts=3[VillageTerrain,VillageTerrain,VillageTerrain] bounded=true
tick=510 phase=following reason=path_ready wp=3 dist_wp=17.49 bearing_deg=-8.13 speed=0.870 pos=(-55.172,0.008,111.249) thr=1.00 steer=-0.33 blocked=false attempts=0 stuck_s=0.02 pitch=0.12 roll=0.00 normal_y=1.00 contacts=3[VillageTerrain,VillageTerrain,VillageTerrain] bounded=true
tick=540 phase=following reason=path_ready wp=3 dist_wp=14.65 bearing_deg=-4.84 speed=1.358 pos=(-57.827,0.010,112.283) thr=1.00 steer=-0.20 blocked=false attempts=0 stuck_s=0.02 pitch=0.17 roll=0.00 normal_y=1.00 contacts=3[VillageTerrain,VillageTerrain,VillageTerrain] bounded=true
tick=570 phase=following reason=path_ready wp=3 dist_wp=10.63 bearing_deg=-3.37 speed=1.785 pos=(-61.665,0.009,113.529) thr=0.84 steer=-0.14 blocked=false attempts=0 stuck_s=0.00 pitch=0.15 roll=0.00 normal_y=1.00 contacts=3[VillageTerrain,VillageTerrain,VillageTerrain] bounded=true
tick=600 phase=following reason=path_ready wp=3 dist_wp=5.70 bearing_deg=-3.21 speed=2.071 pos=(-66.415,0.006,114.863) thr=0.59 steer=-0.13 blocked=false attempts=0 stuck_s=0.00 pitch=0.10 roll=0.00 normal_y=1.00 contacts=3[VillageTerrain,VillageTerrain,VillageTerrain] bounded=true
tick=630 phase=following reason=path_ready wp=3 dist_wp=0.50 bearing_deg=-18.95 speed=1.663 pos=(-71.500,0.010,116.070) thr=0.00 steer=-0.61 blocked=false attempts=0 stuck_s=0.00 pitch=-0.17 roll=0.00 normal_y=1.00 contacts=3[VillageTerrain,VillageTerrain,VillageTerrain] bounded=true
tick=660 phase=following reason=path_ready wp=4 dist_wp=22.31 bearing_deg=-87.71 speed=0.026 pos=(-73.534,0.032,116.254) thr=0.00 steer=-1.00 blocked=false attempts=0 stuck_s=0.00 pitch=-0.56 roll=0.00 normal_y=1.00 contacts=3[VillageTerrain,VillageTerrain,VillageTerrain] bounded=true
tick=690 phase=following reason=path_ready wp=4 dist_wp=22.31 bearing_deg=-69.71 speed=0.000 pos=(-73.534,0.004,116.254) thr=0.00 steer=-1.00 blocked=false attempts=0 stuck_s=0.00 pitch=-0.06 roll=0.00 normal_y=1.00 contacts=1[VillageTerrain] bounded=true
tick=720 phase=following reason=path_ready wp=4 dist_wp=22.31 bearing_deg=-51.71 speed=0.000 pos=(-73.534,0.001,116.254) thr=0.00 steer=-1.00 blocked=false attempts=0 stuck_s=0.00 pitch=-0.00 roll=0.00 normal_y=1.00 contacts=1[VillageTerrain] bounded=true
tick=750 phase=following reason=path_ready wp=4 dist_wp=22.31 bearing_deg=-33.71 speed=0.000 pos=(-73.534,0.001,116.254) thr=0.00 steer=-1.00 blocked=false attempts=0 stuck_s=0.00 pitch=-0.00 roll=0.00 normal_y=1.00 contacts=1[VillageTerrain] bounded=true
tick=780 phase=following reason=path_ready wp=4 dist_wp=22.31 bearing_deg=-17.16 speed=0.021 pos=(-73.534,0.001,116.253) thr=1.00 steer=-0.70 blocked=false attempts=0 stuck_s=0.02 pitch=0.00 roll=0.00 normal_y=1.00 contacts=3[VillageTerrain,VillageTerrain,VillageTerrain] bounded=true
tick=810 phase=following reason=path_ready wp=4 dist_wp=21.44 bearing_deg=-8.70 speed=0.665 pos=(-73.639,0.012,115.373) thr=1.00 steer=-0.36 blocked=false attempts=0 stuck_s=0.03 pitch=0.21 roll=0.00 normal_y=1.00 contacts=3[VillageTerrain,VillageTerrain,VillageTerrain] bounded=true
tick=840 phase=following reason=path_ready wp=4 dist_wp=18.89 bearing_deg=-4.91 speed=1.340 pos=(-73.704,0.014,112.810) thr=1.00 steer=-0.20 blocked=false attempts=0 stuck_s=0.03 pitch=0.24 roll=0.00 normal_y=1.00 contacts=3[VillageTerrain,VillageTerrain,VillageTerrain] bounded=true
tick=870 phase=following reason=path_ready wp=4 dist_wp=14.58 bearing_deg=-3.22 speed=2.033 pos=(-73.566,0.014,108.500) thr=1.00 steer=-0.13 blocked=false attempts=0 stuck_s=0.02 pitch=0.25 roll=0.00 normal_y=1.00 contacts=3[VillageTerrain,VillageTerrain,VillageTerrain] bounded=true
tick=900 phase=following reason=path_ready wp=4 dist_wp=8.87 bearing_deg=-2.72 speed=2.424 pos=(-73.169,0.008,102.795) thr=0.77 steer=-0.11 blocked=false attempts=0 stuck_s=0.00 pitch=0.13 roll=0.00 normal_y=1.00 contacts=3[VillageTerrain,VillageTerrain,VillageTerrain] bounded=true
tick=930 phase=following reason=path_ready wp=4 dist_wp=2.21 bearing_deg=-5.69 speed=2.707 pos=(-72.487,0.007,96.160) thr=0.30 steer=-0.21 blocked=false attempts=0 stuck_s=0.00 pitch=0.11 roll=0.00 normal_y=1.00 contacts=3[VillageTerrain,VillageTerrain,VillageTerrain] bounded=true
tick=960 phase=following reason=path_ready wp=4 dist_wp=2.52 bearing_deg=-170.34 speed=1.093 pos=(-71.516,0.030,91.524) thr=0.00 steer=-1.00 blocked=false attempts=0 stuck_s=0.00 pitch=-0.53 roll=0.00 normal_y=1.00 contacts=3[VillageTerrain,VillageTerrain,VillageTerrain] bounded=true
tick=990 phase=following reason=path_ready wp=4 dist_wp=3.42 bearing_deg=-156.31 speed=0.000 pos=(-71.129,0.020,90.693) thr=0.00 steer=-1.00 blocked=false attempts=0 stuck_s=0.00 pitch=-0.37 roll=0.00 normal_y=1.00 contacts=1[VillageTerrain] bounded=true
tick=1020 phase=following reason=path_ready wp=4 dist_wp=3.42 bearing_deg=-138.31 speed=0.000 pos=(-71.129,0.002,90.693) thr=0.00 steer=-1.00 blocked=false attempts=0 stuck_s=0.00 pitch=-0.02 roll=0.00 normal_y=1.00 contacts=1[VillageTerrain] bounded=true
tick=1050 phase=following reason=path_ready wp=4 dist_wp=3.42 bearing_deg=-120.31 speed=0.000 pos=(-71.129,0.001,90.693) thr=0.00 steer=-1.00 blocked=false attempts=0 stuck_s=0.00 pitch=-0.00 roll=0.00 normal_y=1.00 contacts=1[VillageTerrain] bounded=true
tick=1080 phase=following reason=path_ready wp=4 dist_wp=3.42 bearing_deg=-102.31 speed=0.000 pos=(-71.129,0.001,90.693) thr=0.00 steer=-1.00 blocked=false attempts=0 stuck_s=0.00 pitch=-0.00 roll=0.00 normal_y=1.00 contacts=1[VillageTerrain] bounded=true
tick=1110 phase=following reason=path_ready wp=4 dist_wp=3.42 bearing_deg=-84.31 speed=0.000 pos=(-71.129,0.001,90.693) thr=0.00 steer=-1.00 blocked=false attempts=0 stuck_s=0.00 pitch=-0.00 roll=0.00 normal_y=1.00 contacts=1[VillageTerrain] bounded=true
tick=1140 phase=following reason=path_ready wp=4 dist_wp=3.42 bearing_deg=-66.31 speed=0.000 pos=(-71.129,0.001,90.693) thr=0.00 steer=-1.00 blocked=false attempts=0 stuck_s=0.00 pitch=-0.00 roll=0.00 normal_y=1.00 contacts=1[VillageTerrain] bounded=true
tick=1170 phase=following reason=path_ready wp=4 dist_wp=3.42 bearing_deg=-48.31 speed=0.000 pos=(-71.129,0.001,90.693) thr=0.00 steer=-1.00 blocked=false attempts=0 stuck_s=0.00 pitch=-0.00 roll=0.00 normal_y=1.00 contacts=1[VillageTerrain] bounded=true
tick=1200 phase=following reason=path_ready wp=4 dist_wp=3.42 bearing_deg=-30.31 speed=0.000 pos=(-71.129,0.001,90.693) thr=0.00 steer=-1.00 blocked=false attempts=0 stuck_s=0.00 pitch=-0.00 roll=0.00 normal_y=1.00 contacts=1[VillageTerrain] bounded=true
tick=1230 phase=following reason=path_ready wp=4 dist_wp=3.40 bearing_deg=-15.04 speed=0.058 pos=(-71.129,0.002,90.712) thr=0.40 steer=-0.62 blocked=false attempts=0 stuck_s=0.12 pitch=0.02 roll=0.00 normal_y=1.00 contacts=3[VillageTerrain,VillageTerrain,VillageTerrain] bounded=true
tick=1260 phase=following reason=path_ready wp=4 dist_wp=2.94 bearing_deg=-8.44 speed=0.294 pos=(-71.171,0.005,91.174) thr=0.36 steer=-0.34 blocked=false attempts=0 stuck_s=0.07 pitch=0.08 roll=0.00 normal_y=1.00 contacts=3[VillageTerrain,VillageTerrain,VillageTerrain] bounded=true
tick=1290 phase=following reason=path_ready wp=4 dist_wp=1.96 bearing_deg=-6.20 speed=0.467 pos=(-71.358,0.004,92.150) thr=0.23 steer=-0.25 blocked=false attempts=0 stuck_s=0.15 pitch=0.06 roll=0.00 normal_y=1.00 contacts=3[VillageTerrain,VillageTerrain,VillageTerrain] bounded=true
tick=1320 phase=following reason=path_ready wp=5 dist_wp=20.97 bearing_deg=-156.53 speed=0.000 pos=(-71.572,0.012,92.969) thr=0.00 steer=-1.00 blocked=false attempts=0 stuck_s=0.00 pitch=-0.24 roll=0.00 normal_y=1.00 contacts=1[VillageTerrain] bounded=true
tick=1350 phase=following reason=path_ready wp=5 dist_wp=20.97 bearing_deg=-138.53 speed=0.000 pos=(-71.572,0.001,92.969) thr=0.00 steer=-1.00 blocked=false attempts=0 stuck_s=0.00 pitch=-0.02 roll=0.00 normal_y=1.00 contacts=1[VillageTerrain] bounded=true
tick=1380 phase=following reason=path_ready wp=5 dist_wp=20.97 bearing_deg=-120.53 speed=0.000 pos=(-71.572,0.000,92.969) thr=0.00 steer=-1.00 blocked=false attempts=0 stuck_s=0.00 pitch=-0.00 roll=0.00 normal_y=1.00 contacts=1[VillageTerrain] bounded=true
tick=1410 phase=following reason=path_ready wp=5 dist_wp=20.97 bearing_deg=-102.53 speed=0.000 pos=(-71.572,0.000,92.969) thr=0.00 steer=-1.00 blocked=false attempts=0 stuck_s=0.00 pitch=-0.00 roll=0.00 normal_y=1.00 contacts=1[VillageTerrain] bounded=true
tick=1440 phase=following reason=path_ready wp=5 dist_wp=20.97 bearing_deg=-84.53 speed=0.000 pos=(-71.572,0.000,92.969) thr=0.00 steer=-1.00 blocked=false attempts=0 stuck_s=0.00 pitch=-0.00 roll=0.00 normal_y=1.00 contacts=1[VillageTerrain] bounded=true
tick=1470 phase=following reason=path_ready wp=5 dist_wp=20.97 bearing_deg=-66.53 speed=0.000 pos=(-71.572,0.000,92.969) thr=0.00 steer=-1.00 blocked=false attempts=0 stuck_s=0.00 pitch=-0.00 roll=0.00 normal_y=1.00 contacts=1[VillageTerrain] bounded=true
tick=1500 phase=following reason=path_ready wp=5 dist_wp=20.97 bearing_deg=-48.53 speed=0.000 pos=(-71.572,0.000,92.969) thr=0.00 steer=-1.00 blocked=false attempts=0 stuck_s=0.00 pitch=-0.00 roll=0.00 normal_y=1.00 contacts=1[VillageTerrain] bounded=true
tick=1530 phase=following reason=path_ready wp=5 dist_wp=20.97 bearing_deg=-30.53 speed=0.000 pos=(-71.572,0.000,92.969) thr=0.00 steer=-1.00 blocked=false attempts=0 stuck_s=0.00 pitch=-0.00 roll=0.00 normal_y=1.00 contacts=1[VillageTerrain] bounded=true
tick=1560 phase=following reason=path_ready wp=5 dist_wp=20.92 bearing_deg=-15.14 speed=0.167 pos=(-71.588,0.004,92.915) thr=1.00 steer=-0.62 blocked=false attempts=0 stuck_s=0.12 pitch=0.06 roll=0.00 normal_y=1.00 contacts=3[VillageTerrain,VillageTerrain,VillageTerrain] bounded=true
tick=1590 phase=following reason=path_ready wp=5 dist_wp=19.58 bearing_deg=-7.92 speed=0.878 pos=(-71.845,0.014,91.582) thr=1.00 steer=-0.32 blocked=false attempts=0 stuck_s=0.05 pitch=0.25 roll=0.00 normal_y=1.00 contacts=3[VillageTerrain,VillageTerrain,VillageTerrain] bounded=true
tick=1620 phase=following reason=path_ready wp=5 dist_wp=16.45 bearing_deg=-4.72 speed=1.580 pos=(-72.163,0.014,88.448) thr=1.00 steer=-0.19 blocked=false attempts=0 stuck_s=0.02 pitch=0.25 roll=0.00 normal_y=1.00 contacts=3[VillageTerrain,VillageTerrain,VillageTerrain] bounded=true
tick=1650 phase=following reason=path_ready wp=5 dist_wp=11.56 bearing_deg=-3.42 speed=2.243 pos=(-72.388,0.013,83.552) thr=0.89 steer=-0.14 blocked=false attempts=0 stuck_s=0.02 pitch=0.24 roll=0.00 normal_y=1.00 contacts=3[VillageTerrain,VillageTerrain,VillageTerrain] bounded=true
tick=1680 phase=following reason=path_ready wp=5 dist_wp=5.61 bearing_deg=-3.65 speed=2.532 pos=(-72.424,0.008,77.590) thr=0.58 steer=-0.14 blocked=false attempts=0 stuck_s=0.02 pitch=0.14 roll=0.00 normal_y=1.00 contacts=3[VillageTerrain,VillageTerrain,VillageTerrain] bounded=true
tick=1710 phase=following reason=path_ready wp=5 dist_wp=0.56 bearing_deg=-157.91 speed=1.848 pos=(-72.140,0.018,71.462) thr=0.00 steer=-1.00 blocked=false attempts=0 stuck_s=0.00 pitch=-0.31 roll=0.00 normal_y=1.00 contacts=3[VillageTerrain,VillageTerrain,VillageTerrain] bounded=true
tick=1740 phase=following reason=path_ready wp=5 dist_wp=3.09 bearing_deg=-164.39 speed=0.261 pos=(-71.512,0.031,68.953) thr=0.00 steer=-1.00 blocked=false attempts=0 stuck_s=0.00 pitch=-0.56 roll=0.00 normal_y=1.00 contacts=3[VillageTerrain,VillageTerrain,VillageTerrain] bounded=true
tick=1770 phase=following reason=path_ready wp=5 dist_wp=3.13 bearing_deg=-146.64 speed=0.000 pos=(-71.493,0.005,68.913) thr=0.00 steer=-1.00 blocked=false attempts=0 stuck_s=0.00 pitch=-0.09 roll=0.00 normal_y=1.00 contacts=1[VillageTerrain] bounded=true
tick=1800 phase=following reason=path_ready wp=5 dist_wp=3.13 bearing_deg=-128.64 speed=0.000 pos=(-71.493,0.000,68.913) thr=0.00 steer=-1.00 blocked=false attempts=0 stuck_s=0.00 pitch=-0.00 roll=0.00 normal_y=1.00 contacts=1[VillageTerrain] bounded=true
tick=1830 phase=following reason=path_ready wp=5 dist_wp=3.13 bearing_deg=-110.64 speed=0.000 pos=(-71.493,0.000,68.913) thr=0.00 steer=-1.00 blocked=false attempts=0 stuck_s=0.00 pitch=-0.00 roll=0.00 normal_y=1.00 contacts=1[VillageTerrain] bounded=true
tick=1860 phase=following reason=path_ready wp=5 dist_wp=3.13 bearing_deg=-92.64 speed=0.000 pos=(-71.493,0.000,68.913) thr=0.00 steer=-1.00 blocked=false attempts=0 stuck_s=0.00 pitch=-0.00 roll=0.00 normal_y=1.00 contacts=1[VillageTerrain] bounded=true
tick=1890 phase=following reason=path_ready wp=5 dist_wp=3.13 bearing_deg=-74.64 speed=0.000 pos=(-71.493,0.000,68.913) thr=0.00 steer=-1.00 blocked=false attempts=0 stuck_s=0.00 pitch=-0.00 roll=0.00 normal_y=1.00 contacts=1[VillageTerrain] bounded=true
tick=1920 phase=following reason=path_ready wp=5 dist_wp=3.13 bearing_deg=-56.64 speed=0.000 pos=(-71.493,0.000,68.913) thr=0.00 steer=-1.00 blocked=false attempts=0 stuck_s=0.00 pitch=-0.00 roll=0.00 normal_y=1.00 contacts=1[VillageTerrain] bounded=true
tick=1950 phase=following reason=path_ready wp=5 dist_wp=3.13 bearing_deg=-38.64 speed=0.000 pos=(-71.493,0.000,68.913) thr=0.00 steer=-1.00 blocked=false attempts=0 stuck_s=0.00 pitch=-0.00 roll=0.00 normal_y=1.00 contacts=1[VillageTerrain] bounded=true
tick=1980 phase=following reason=path_ready wp=5 dist_wp=3.13 bearing_deg=-20.96 speed=0.000 pos=(-71.493,0.000,68.913) thr=0.00 steer=-0.86 blocked=false attempts=0 stuck_s=0.00 pitch=-0.00 roll=0.00 normal_y=1.00 contacts=1[VillageTerrain] bounded=true
tick=2010 phase=following reason=path_ready wp=5 dist_wp=2.96 bearing_deg=-10.73 speed=0.172 pos=(-71.484,0.004,69.088) thr=0.36 steer=-0.44 blocked=false attempts=0 stuck_s=0.38 pitch=0.07 roll=0.00 normal_y=1.00 contacts=3[VillageTerrain,VillageTerrain,VillageTerrain] bounded=true
tick=2040 phase=following reason=path_ready wp=5 dist_wp=2.27 bearing_deg=-6.81 speed=0.360 pos=(-71.521,0.004,69.784) thr=0.28 steer=-0.28 blocked=false attempts=0 stuck_s=0.07 pitch=0.07 roll=0.00 normal_y=1.00 contacts=3[VillageTerrain,VillageTerrain,VillageTerrain] bounded=true
tick=2070 phase=following reason=path_ready wp=5 dist_wp=1.23 bearing_deg=-6.15 speed=0.337 pos=(-71.662,0.002,70.818) thr=0.00 steer=-0.25 blocked=false attempts=0 stuck_s=0.00 pitch=0.01 roll=0.00 normal_y=1.00 contacts=3[VillageTerrain,VillageTerrain,VillageTerrain] bounded=true
tick=2100 phase=following reason=path_ready wp=6 dist_wp=20.90 bearing_deg=-151.33 speed=0.000 pos=(-71.677,0.004,70.895) thr=0.00 steer=-1.00 blocked=false attempts=0 stuck_s=0.00 pitch=-0.06 roll=0.00 normal_y=1.00 contacts=1[VillageTerrain] bounded=true
tick=2130 phase=following reason=path_ready wp=6 dist_wp=20.90 bearing_deg=-133.33 speed=0.000 pos=(-71.677,0.000,70.895) thr=0.00 steer=-1.00 blocked=false attempts=0 stuck_s=0.00 pitch=-0.00 roll=0.00 normal_y=1.00 contacts=1[VillageTerrain] bounded=true
tick=2160 phase=following reason=path_ready wp=6 dist_wp=20.90 bearing_deg=-115.33 speed=0.000 pos=(-71.677,0.000,70.895) thr=0.00 steer=-1.00 blocked=false attempts=0 stuck_s=0.00 pitch=-0.00 roll=0.00 normal_y=1.00 contacts=1[VillageTerrain] bounded=true
tick=2190 phase=following reason=path_ready wp=6 dist_wp=20.90 bearing_deg=-97.33 speed=0.000 pos=(-71.677,0.000,70.895) thr=0.00 steer=-1.00 blocked=false attempts=0 stuck_s=0.00 pitch=-0.00 roll=0.00 normal_y=1.00 contacts=1[VillageTerrain] bounded=true
tick=2220 phase=following reason=path_ready wp=6 dist_wp=20.90 bearing_deg=-79.33 speed=0.000 pos=(-71.677,0.000,70.895) thr=0.00 steer=-1.00 blocked=false attempts=0 stuck_s=0.00 pitch=-0.00 roll=0.00 normal_y=1.00 contacts=1[VillageTerrain] bounded=true
tick=2250 phase=following reason=path_ready wp=6 dist_wp=20.90 bearing_deg=-61.33 speed=0.000 pos=(-71.677,0.000,70.895) thr=0.00 steer=-1.00 blocked=false attempts=0 stuck_s=0.00 pitch=-0.00 roll=0.00 normal_y=1.00 contacts=1[VillageTerrain] bounded=true
tick=2280 phase=following reason=path_ready wp=6 dist_wp=20.90 bearing_deg=-43.33 speed=0.000 pos=(-71.677,0.000,70.895) thr=0.00 steer=-1.00 blocked=false attempts=0 stuck_s=0.00 pitch=-0.00 roll=0.00 normal_y=1.00 contacts=1[VillageTerrain] bounded=true
tick=2310 phase=following reason=path_ready wp=6 dist_wp=20.90 bearing_deg=-25.33 speed=0.000 pos=(-71.677,0.000,70.895) thr=0.00 steer=-1.00 blocked=false attempts=0 stuck_s=0.00 pitch=-0.00 roll=0.00 normal_y=1.00 contacts=1[VillageTerrain] bounded=true
tick=2340 phase=following reason=path_ready wp=6 dist_wp=20.66 bearing_deg=-12.40 speed=0.357 pos=(-71.738,0.009,70.661) thr=1.00 steer=-0.51 blocked=false attempts=0 stuck_s=0.25 pitch=0.15 roll=0.00 normal_y=1.00 contacts=3[VillageTerrain,VillageTerrain,VillageTerrain] bounded=true
tick=2370 phase=following reason=path_ready wp=6 dist_wp=18.85 bearing_deg=-6.70 speed=1.066 pos=(-72.023,0.014,68.846) thr=1.00 steer=-0.27 blocked=false attempts=0 stuck_s=0.02 pitch=0.25 roll=0.00 normal_y=1.00 contacts=3[VillageTerrain,VillageTerrain,VillageTerrain] bounded=true
tick=2400 phase=following reason=path_ready wp=6 dist_wp=15.24 bearing_deg=-4.17 speed=1.765 pos=(-72.305,0.014,65.233) thr=1.00 steer=-0.17 blocked=false attempts=0 stuck_s=0.00 pitch=0.25 roll=0.00 normal_y=1.00 contacts=3[VillageTerrain,VillageTerrain,VillageTerrain] bounded=true
tick=2430 phase=following reason=path_ready wp=6 dist_wp=9.96 bearing_deg=-3.26 speed=2.248 pos=(-72.459,0.010,59.953) thr=0.82 steer=-0.13 blocked=false attempts=0 stuck_s=0.02 pitch=0.17 roll=0.00 normal_y=1.00 contacts=3[VillageTerrain,VillageTerrain,VillageTerrain] bounded=true
tick=2460 phase=following reason=path_ready wp=6 dist_wp=3.79 bearing_deg=-4.44 speed=2.609 pos=(-72.402,0.008,53.773) thr=0.45 steer=-0.17 blocked=false attempts=0 stuck_s=0.02 pitch=0.13 roll=0.00 normal_y=1.00 contacts=3[VillageTerrain,VillageTerrain,VillageTerrain] bounded=true
tick=2490 phase=following reason=path_ready wp=6 dist_wp=1.66 bearing_deg=-169.91 speed=1.412 pos=(-71.935,0.026,48.337) thr=0.00 steer=-1.00 blocked=false attempts=0 stuck_s=0.00 pitch=-0.46 roll=0.00 normal_y=1.00 contacts=3[VillageTerrain,VillageTerrain,VillageTerrain] bounded=true
tick=2520 phase=following reason=path_ready wp=6 dist_wp=3.17 bearing_deg=-159.77 speed=0.000 pos=(-71.468,0.029,46.872) thr=0.00 steer=-1.00 blocked=false attempts=0 stuck_s=0.00 pitch=-0.53 roll=0.00 normal_y=1.00 contacts=1[VillageTerrain] bounded=true
tick=2550 phase=following reason=path_ready wp=6 dist_wp=3.17 bearing_deg=-141.77 speed=0.000 pos=(-71.468,0.002,46.872) thr=0.00 steer=-1.00 blocked=false attempts=0 stuck_s=0.00 pitch=-0.04 roll=0.00 normal_y=1.00 contacts=1[VillageTerrain] bounded=true
tick=2580 phase=following reason=path_ready wp=6 dist_wp=3.17 bearing_deg=-123.77 speed=0.000 pos=(-71.468,0.000,46.872) thr=0.00 steer=-1.00 blocked=false attempts=0 stuck_s=0.00 pitch=-0.00 roll=0.00 normal_y=1.00 contacts=1[VillageTerrain] bounded=true
tick=2610 phase=following reason=path_ready wp=6 dist_wp=3.17 bearing_deg=-105.77 speed=0.000 pos=(-71.468,0.000,46.872) thr=0.00 steer=-1.00 blocked=false attempts=0 stuck_s=0.00 pitch=-0.00 roll=0.00 normal_y=1.00 contacts=1[VillageTerrain] bounded=true
tick=2640 phase=following reason=path_ready wp=6 dist_wp=3.17 bearing_deg=-87.77 speed=0.000 pos=(-71.468,0.000,46.872) thr=0.00 steer=-1.00 blocked=false attempts=0 stuck_s=0.00 pitch=-0.00 roll=0.00 normal_y=1.00 contacts=1[VillageTerrain] bounded=true
tick=2670 phase=following reason=path_ready wp=6 dist_wp=3.17 bearing_deg=-69.77 speed=0.000 pos=(-71.468,0.000,46.872) thr=0.00 steer=-1.00 blocked=false attempts=0 stuck_s=0.00 pitch=-0.00 roll=0.00 normal_y=1.00 contacts=1[VillageTerrain] bounded=true
tick=2700 phase=following reason=path_ready wp=6 dist_wp=3.17 bearing_deg=-51.77 speed=0.000 pos=(-71.468,0.000,46.872) thr=0.00 steer=-1.00 blocked=false attempts=0 stuck_s=0.00 pitch=-0.00 roll=0.00 normal_y=1.00 contacts=1[VillageTerrain] bounded=true
tick=2730 phase=following reason=path_ready wp=6 dist_wp=3.17 bearing_deg=-33.77 speed=0.000 pos=(-71.468,0.000,46.872) thr=0.00 steer=-1.00 blocked=false attempts=0 stuck_s=0.00 pitch=-0.00 roll=0.00 normal_y=1.00 contacts=1[VillageTerrain] bounded=true
tick=2760 phase=following reason=path_ready wp=6 dist_wp=3.17 bearing_deg=-17.21 speed=0.008 pos=(-71.468,0.000,46.872) thr=0.38 steer=-0.71 blocked=false attempts=0 stuck_s=0.02 pitch=0.00 roll=0.00 normal_y=1.00 contacts=1[VillageTerrain] bounded=true
tick=2790 phase=following reason=path_ready wp=6 dist_wp=2.86 bearing_deg=-9.25 speed=0.231 pos=(-71.462,0.005,47.190) thr=0.35 steer=-0.38 blocked=false attempts=0 stuck_s=0.52 pitch=0.07 roll=0.00 normal_y=1.00 contacts=3[VillageTerrain,VillageTerrain,VillageTerrain] bounded=true
tick=2820 phase=following reason=path_ready wp=6 dist_wp=2.04 bearing_deg=-6.34 speed=0.404 pos=(-71.531,0.004,48.018) thr=0.24 steer=-0.26 blocked=false attempts=0 stuck_s=0.00 pitch=0.06 roll=0.00 normal_y=1.00 contacts=3[VillageTerrain,VillageTerrain,VillageTerrain] bounded=true
tick=2850 phase=following reason=path_ready wp=7 dist_wp=20.20 bearing_deg=138.83 speed=0.000 pos=(-71.664,0.011,48.892) thr=0.00 steer=1.00 blocked=false attempts=0 stuck_s=0.00 pitch=-0.19 roll=0.00 normal_y=1.00 contacts=1[VillageTerrain] bounded=true
tick=2880 phase=following reason=path_ready wp=7 dist_wp=20.20 bearing_deg=120.83 speed=0.000 pos=(-71.664,0.003,48.892) thr=0.00 steer=1.00 blocked=false attempts=0 stuck_s=0.00 pitch=-0.03 roll=0.00 normal_y=1.00 contacts=1[VillageTerrain] bounded=true
tick=2910 phase=following reason=path_ready wp=7 dist_wp=20.20 bearing_deg=102.83 speed=0.000 pos=(-71.664,0.000,48.892) thr=0.00 steer=1.00 blocked=false attempts=0 stuck_s=0.00 pitch=-0.00 roll=0.00 normal_y=1.00 contacts=1[VillageTerrain] bounded=true
tick=2940 phase=following reason=path_ready wp=7 dist_wp=20.20 bearing_deg=84.83 speed=0.000 pos=(-71.664,0.000,48.892) thr=0.00 steer=1.00 blocked=false attempts=0 stuck_s=0.00 pitch=-0.00 roll=0.00 normal_y=1.00 contacts=1[VillageTerrain] bounded=true
tick=2970 phase=following reason=path_ready wp=7 dist_wp=20.20 bearing_deg=66.83 speed=0.000 pos=(-71.664,0.000,48.892) thr=0.00 steer=1.00 blocked=false attempts=0 stuck_s=0.00 pitch=-0.00 roll=0.00 normal_y=1.00 contacts=1[VillageTerrain] bounded=true
tick=3000 phase=following reason=path_ready wp=7 dist_wp=20.20 bearing_deg=48.83 speed=0.000 pos=(-71.664,0.000,48.892) thr=0.00 steer=1.00 blocked=false attempts=0 stuck_s=0.00 pitch=-0.00 roll=0.00 normal_y=1.00 contacts=1[VillageTerrain] bounded=true
tick=3030 phase=following reason=path_ready wp=7 dist_wp=20.20 bearing_deg=30.83 speed=0.000 pos=(-71.664,0.000,48.892) thr=0.00 steer=1.00 blocked=false attempts=0 stuck_s=0.00 pitch=-0.00 roll=0.00 normal_y=1.00 contacts=1[VillageTerrain] bounded=true
tick=3060 phase=following reason=path_ready wp=7 dist_wp=20.16 bearing_deg=15.31 speed=0.143 pos=(-71.626,0.004,48.872) thr=1.00 steer=0.63 blocked=false attempts=0 stuck_s=0.10 pitch=0.05 roll=0.00 normal_y=1.00 contacts=3[VillageTerrain,VillageTerrain,VillageTerrain] bounded=true
tick=3090 phase=following reason=path_ready wp=7 dist_wp=18.88 bearing_deg=8.00 speed=0.855 pos=(-70.547,0.014,48.154) thr=1.00 steer=0.33 blocked=false attempts=0 stuck_s=0.03 pitch=0.24 roll=0.00 normal_y=1.00 contacts=3[VillageTerrain,VillageTerrain,VillageTerrain] bounded=true
tick=3120 phase=following reason=path_ready wp=7 dist_wp=15.81 bearing_deg=4.78 speed=1.556 pos=(-68.137,0.014,46.218) thr=1.00 steer=0.19 blocked=false attempts=0 stuck_s=0.00 pitch=0.25 roll=0.00 normal_y=1.00 contacts=3[VillageTerrain,VillageTerrain,VillageTerrain] bounded=true
tick=3150 phase=following reason=path_ready wp=7 dist_wp=10.98 bearing_deg=3.50 speed=2.209 pos=(-64.543,0.013,42.985) thr=0.86 steer=0.14 blocked=false attempts=0 stuck_s=0.00 pitch=0.23 roll=0.00 normal_y=1.00 contacts=3[VillageTerrain,VillageTerrain,VillageTerrain] bounded=true
tick=3180 phase=following reason=path_ready wp=7 dist_wp=5.09 bearing_deg=3.90 speed=2.486 pos=(-60.321,0.008,38.863) thr=0.55 steer=0.15 blocked=false attempts=0 stuck_s=0.00 pitch=0.13 roll=0.00 normal_y=1.00 contacts=3[VillageTerrain,VillageTerrain,VillageTerrain] bounded=true
tick=3210 phase=following reason=path_ready wp=7 dist_wp=0.75 bearing_deg=163.08 speed=1.673 pos=(-56.394,0.020,34.556) thr=0.00 steer=1.00 blocked=false attempts=0 stuck_s=0.00 pitch=-0.35 roll=0.00 normal_y=1.00 contacts=3[VillageTerrain,VillageTerrain,VillageTerrain] bounded=true
tick=3240 phase=following reason=path_ready wp=7 dist_wp=2.86 bearing_deg=162.92 speed=0.093 pos=(-55.294,0.031,32.701) thr=0.00 steer=1.00 blocked=false attempts=0 stuck_s=0.00 pitch=-0.56 roll=0.00 normal_y=1.00 contacts=3[VillageTerrain,VillageTerrain,VillageTerrain] bounded=true
tick=3270 phase=following reason=path_ready wp=7 dist_wp=2.87 bearing_deg=144.94 speed=0.000 pos=(-55.293,0.004,32.698) thr=0.00 steer=1.00 blocked=false attempts=0 stuck_s=0.00 pitch=-0.06 roll=0.00 normal_y=1.00 contacts=1[VillageTerrain] bounded=true
tick=3300 phase=following reason=path_ready wp=7 dist_wp=2.87 bearing_deg=126.94 speed=0.000 pos=(-55.293,0.001,32.698) thr=0.00 steer=1.00 blocked=false attempts=0 stuck_s=0.00 pitch=-0.00 roll=0.00 normal_y=1.00 contacts=1[VillageTerrain] bounded=true
tick=3330 phase=following reason=path_ready wp=7 dist_wp=2.87 bearing_deg=108.94 speed=0.000 pos=(-55.293,0.001,32.698) thr=0.00 steer=1.00 blocked=false attempts=0 stuck_s=0.00 pitch=-0.00 roll=0.00 normal_y=1.00 contacts=1[VillageTerrain] bounded=true
tick=3360 phase=following reason=path_ready wp=7 dist_wp=2.87 bearing_deg=90.94 speed=0.000 pos=(-55.293,0.001,32.698) thr=0.00 steer=1.00 blocked=false attempts=0 stuck_s=0.00 pitch=-0.00 roll=0.00 normal_y=1.00 contacts=1[VillageTerrain] bounded=true
tick=3390 phase=following reason=path_ready wp=7 dist_wp=2.87 bearing_deg=72.94 speed=0.000 pos=(-55.293,0.001,32.698) thr=0.00 steer=1.00 blocked=false attempts=0 stuck_s=0.00 pitch=-0.00 roll=0.00 normal_y=1.00 contacts=1[VillageTerrain] bounded=true
tick=3420 phase=following reason=path_ready wp=7 dist_wp=2.87 bearing_deg=54.94 speed=0.000 pos=(-55.293,0.001,32.698) thr=0.00 steer=1.00 blocked=false attempts=0 stuck_s=0.00 pitch=-0.00 roll=0.00 normal_y=1.00 contacts=1[VillageTerrain] bounded=true
tick=3450 phase=following reason=path_ready wp=7 dist_wp=2.87 bearing_deg=36.94 speed=0.000 pos=(-55.293,0.001,32.698) thr=0.00 steer=1.00 blocked=false attempts=0 stuck_s=0.00 pitch=-0.00 roll=0.00 normal_y=1.00 contacts=1[VillageTerrain] bounded=true
tick=3480 phase=following reason=path_ready wp=7 dist_wp=2.87 bearing_deg=19.56 speed=0.000 pos=(-55.293,0.001,32.698) thr=0.00 steer=0.80 blocked=false attempts=0 stuck_s=0.00 pitch=-0.00 roll=0.00 normal_y=1.00 contacts=1[VillageTerrain] bounded=true
tick=3510 phase=following reason=path_ready wp=7 dist_wp=2.67 bearing_deg=10.17 speed=0.175 pos=(-55.444,0.004,32.832) thr=0.32 steer=0.41 blocked=false attempts=0 stuck_s=0.43 pitch=0.06 roll=0.00 normal_y=1.00 contacts=3[VillageTerrain,VillageTerrain,VillageTerrain] bounded=true
tick=3540 phase=following reason=path_ready wp=7 dist_wp=2.00 bearing_deg=6.59 speed=0.336 pos=(-55.895,0.004,33.328) thr=0.24 steer=0.27 blocked=false attempts=0 stuck_s=0.07 pitch=0.06 roll=0.00 normal_y=1.00 contacts=3[VillageTerrain,VillageTerrain,VillageTerrain] bounded=true
tick=3570 phase=following reason=path_ready wp=8 dist_wp=20.07 bearing_deg=167.14 speed=0.023 pos=(-56.403,0.007,33.981) thr=0.00 steer=1.00 blocked=false attempts=0 stuck_s=0.00 pitch=-0.12 roll=0.00 normal_y=1.00 contacts=3[VillageTerrain,VillageTerrain,VillageTerrain] bounded=true
tick=3600 phase=following reason=path_ready wp=8 dist_wp=20.07 bearing_deg=149.14 speed=0.000 pos=(-56.403,0.003,33.981) thr=0.00 steer=1.00 blocked=false attempts=0 stuck_s=0.00 pitch=-0.03 roll=0.00 normal_y=1.00 contacts=1[VillageTerrain] bounded=true
tick=3630 phase=following reason=path_ready wp=8 dist_wp=20.07 bearing_deg=131.14 speed=0.000 pos=(-56.403,0.001,33.981) thr=0.00 steer=1.00 blocked=false attempts=0 stuck_s=0.00 pitch=-0.00 roll=0.00 normal_y=1.00 contacts=1[VillageTerrain] bounded=true
tick=3660 phase=following reason=path_ready wp=8 dist_wp=20.07 bearing_deg=113.14 speed=0.000 pos=(-56.403,0.001,33.981) thr=0.00 steer=1.00 blocked=false attempts=0 stuck_s=0.00 pitch=-0.00 roll=0.00 normal_y=1.00 contacts=1[VillageTerrain] bounded=true
tick=3690 phase=following reason=path_ready wp=8 dist_wp=20.07 bearing_deg=95.14 speed=0.000 pos=(-56.403,0.001,33.981) thr=0.00 steer=1.00 blocked=false attempts=0 stuck_s=0.00 pitch=-0.00 roll=0.00 normal_y=1.00 contacts=1[VillageTerrain] bounded=true
tick=3720 phase=following reason=path_ready wp=8 dist_wp=20.07 bearing_deg=77.14 speed=0.000 pos=(-56.403,0.001,33.981) thr=0.00 steer=1.00 blocked=false attempts=0 stuck_s=0.00 pitch=-0.00 roll=0.00 normal_y=1.00 contacts=1[VillageTerrain] bounded=true
tick=3750 phase=following reason=path_ready wp=8 dist_wp=20.07 bearing_deg=59.14 speed=0.000 pos=(-56.403,0.001,33.981) thr=0.00 steer=1.00 blocked=false attempts=0 stuck_s=0.00 pitch=-0.00 roll=0.00 normal_y=1.00 contacts=1[VillageTerrain] bounded=true
tick=3780 phase=following reason=path_ready wp=8 dist_wp=20.07 bearing_deg=41.14 speed=0.000 pos=(-56.403,0.001,33.981) thr=0.00 steer=1.00 blocked=false attempts=0 stuck_s=0.00 pitch=-0.00 roll=0.00 normal_y=1.00 contacts=1[VillageTerrain] bounded=true
tick=3810 phase=following reason=path_ready wp=8 dist_wp=20.07 bearing_deg=23.19 speed=0.000 pos=(-56.403,0.001,33.981) thr=0.00 steer=0.95 blocked=false attempts=0 stuck_s=0.00 pitch=-0.00 roll=0.00 normal_y=1.00 contacts=1[VillageTerrain] bounded=true
tick=3840 phase=following reason=path_ready wp=8 dist_wp=19.70 bearing_deg=11.45 speed=0.452 pos=(-56.076,0.011,33.783) thr=1.00 steer=0.47 blocked=false attempts=0 stuck_s=0.32 pitch=0.18 roll=0.00 normal_y=1.00 contacts=3[VillageTerrain,VillageTerrain,VillageTerrain] bounded=true
tick=3870 phase=following reason=path_ready wp=8 dist_wp=17.64 bearing_deg=6.32 speed=1.160 pos=(-54.412,0.014,32.539) thr=1.00 steer=0.26 blocked=false attempts=0 stuck_s=0.02 pitch=0.25 roll=0.00 normal_y=1.00 contacts=3[VillageTerrain,VillageTerrain,VillageTerrain] bounded=true
tick=3900 phase=following reason=path_ready wp=8 dist_wp=13.80 bearing_deg=4.07 speed=1.855 pos=(-51.500,0.014,30.006) thr=0.98 steer=0.16 blocked=false attempts=0 stuck_s=0.02 pitch=0.25 roll=0.00 normal_y=1.00 contacts=3[VillageTerrain,VillageTerrain,VillageTerrain] bounded=true
tick=3930 phase=following reason=path_ready wp=8 dist_wp=8.40 bearing_deg=3.43 speed=2.250 pos=(-47.590,0.008,26.265) thr=0.74 steer=0.14 blocked=false attempts=0 stuck_s=0.02 pitch=0.13 roll=0.00 normal_y=1.00 contacts=3[VillageTerrain,VillageTerrain,VillageTerrain] bounded=true
tick=3960 phase=following reason=path_ready wp=8 dist_wp=2.20 bearing_deg=6.81 speed=2.579 pos=(-43.282,0.007,21.786) thr=0.29 steer=0.25 blocked=false attempts=0 stuck_s=0.02 pitch=0.11 roll=0.00 normal_y=1.00 contacts=3[VillageTerrain,VillageTerrain,VillageTerrain] bounded=true
tick=3990 phase=following reason=path_ready wp=8 dist_wp=2.09 bearing_deg=168.74 speed=0.860 pos=(-40.664,0.031,18.389) thr=0.00 steer=1.00 blocked=false attempts=0 stuck_s=0.00 pitch=-0.56 roll=0.00 normal_y=1.00 contacts=3[VillageTerrain,VillageTerrain,VillageTerrain] bounded=true
tick=4020 phase=following reason=path_ready wp=8 dist_wp=2.58 bearing_deg=153.67 speed=0.000 pos=(-40.449,0.014,17.934) thr=0.00 steer=1.00 blocked=false attempts=0 stuck_s=0.00 pitch=-0.25 roll=0.00 normal_y=1.00 contacts=1[VillageTerrain] bounded=true
tick=4050 phase=following reason=path_ready wp=8 dist_wp=2.58 bearing_deg=135.67 speed=0.000 pos=(-40.449,0.001,17.934) thr=0.00 steer=1.00 blocked=false attempts=0 stuck_s=0.00 pitch=-0.01 roll=0.00 normal_y=1.00 contacts=1[VillageTerrain] bounded=true
tick=4080 phase=following reason=path_ready wp=8 dist_wp=2.58 bearing_deg=117.67 speed=0.000 pos=(-40.449,0.000,17.934) thr=0.00 steer=1.00 blocked=false attempts=0 stuck_s=0.00 pitch=-0.00 roll=0.00 normal_y=1.00 contacts=1[VillageTerrain] bounded=true
tick=4110 phase=following reason=path_ready wp=8 dist_wp=2.58 bearing_deg=99.67 speed=0.000 pos=(-40.449,0.000,17.934) thr=0.00 steer=1.00 blocked=false attempts=0 stuck_s=0.00 pitch=-0.00 roll=0.00 normal_y=1.00 contacts=1[VillageTerrain] bounded=true
tick=4140 phase=following reason=path_ready wp=8 dist_wp=2.58 bearing_deg=81.67 speed=0.000 pos=(-40.449,0.000,17.934) thr=0.00 steer=1.00 blocked=false attempts=0 stuck_s=0.00 pitch=-0.00 roll=0.00 normal_y=1.00 contacts=1[VillageTerrain] bounded=true
tick=4170 phase=following reason=path_ready wp=8 dist_wp=2.58 bearing_deg=63.67 speed=0.000 pos=(-40.449,0.000,17.934) thr=0.00 steer=1.00 blocked=false attempts=0 stuck_s=0.00 pitch=-0.00 roll=0.00 normal_y=1.00 contacts=1[VillageTerrain] bounded=true
tick=4200 phase=following reason=path_ready wp=8 dist_wp=2.58 bearing_deg=45.67 speed=0.000 pos=(-40.449,0.000,17.934) thr=0.00 steer=1.00 blocked=false attempts=0 stuck_s=0.00 pitch=-0.00 roll=0.00 normal_y=1.00 contacts=1[VillageTerrain] bounded=true
tick=4230 phase=following reason=path_ready wp=8 dist_wp=2.58 bearing_deg=27.67 speed=0.000 pos=(-40.449,0.000,17.934) thr=0.00 steer=1.00 blocked=false attempts=0 stuck_s=0.00 pitch=-0.00 roll=0.00 normal_y=1.00 contacts=1[VillageTerrain] bounded=true
tick=4260 phase=following reason=path_ready wp=8 dist_wp=2.58 bearing_deg=13.44 speed=0.000 pos=(-40.449,0.000,17.934) thr=0.31 steer=0.55 blocked=false attempts=0 stuck_s=0.20 pitch=-0.00 roll=0.00 normal_y=1.00 contacts=1[VillageTerrain] bounded=true
tick=4290 phase=following reason=path_ready wp=8 dist_wp=2.58 bearing_deg=6.48 speed=0.000 pos=(-40.449,0.000,17.934) thr=0.31 steer=0.27 blocked=false attempts=0 stuck_s=0.70 pitch=-0.00 roll=0.00 normal_y=1.00 contacts=1[VillageTerrain] bounded=true
tick=4320 phase=following reason=path_ready wp=8 dist_wp=2.58 bearing_deg=3.13 speed=0.000 pos=(-40.449,0.000,17.934) thr=0.31 steer=0.13 blocked=false attempts=0 stuck_s=1.20 pitch=-0.00 roll=0.00 normal_y=1.00 contacts=1[VillageTerrain] bounded=true
tick=4350 phase=following reason=path_ready wp=8 dist_wp=2.58 bearing_deg=1.51 speed=0.000 pos=(-40.449,0.000,17.934) thr=0.31 steer=0.06 blocked=false attempts=0 stuck_s=1.70 pitch=-0.00 roll=0.00 normal_y=1.00 contacts=1[VillageTerrain] bounded=true
tick=4380 phase=reverse reason=insufficient_actual_progress wp=8 dist_wp=2.60 bearing_deg=0.94 speed=-0.038 pos=(-40.437,0.002,17.920) thr=-0.75 steer=0.00 blocked=false attempts=1 stuck_s=0.00 pitch=-0.02 roll=0.00 normal_y=1.00 contacts=3[VillageTerrain,VillageTerrain,VillageTerrain] bounded=true
tick=4410 phase=reverse reason=insufficient_actual_progress wp=8 dist_wp=2.83 bearing_deg=0.87 speed=-0.140 pos=(-40.296,0.003,17.738) thr=-0.75 steer=0.00 blocked=false attempts=1 stuck_s=0.00 pitch=-0.04 roll=0.00 normal_y=1.00 contacts=3[VillageTerrain,VillageTerrain,VillageTerrain] bounded=true
tick=4440 phase=reverse reason=insufficient_actual_progress wp=8 dist_wp=3.32 bearing_deg=0.74 speed=-0.243 pos=(-39.995,0.003,17.351) thr=-0.75 steer=0.00 blocked=false attempts=1 stuck_s=0.00 pitch=-0.04 roll=0.00 normal_y=1.00 contacts=3[VillageTerrain,VillageTerrain,VillageTerrain] bounded=true
tick=4470 phase=turn_recovery reason=reverse_complete wp=8 dist_wp=3.38 bearing_deg=-16.63 speed=0.000 pos=(-39.963,0.002,17.308) thr=0.00 steer=1.00 blocked=false attempts=1 stuck_s=0.00 pitch=0.03 roll=0.00 normal_y=1.00 contacts=1[VillageTerrain] bounded=true
tick=4500 phase=following reason=path_ready wp=0 dist_wp=3.38 bearing_deg=-16.16 speed=0.004 pos=(-39.963,0.001,17.308) thr=0.40 steer=-0.66 blocked=false attempts=1 stuck_s=0.07 pitch=0.00 roll=0.00 normal_y=1.00 contacts=1[VillageTerrain] bounded=true
tick=4530 phase=following reason=path_ready wp=0 dist_wp=3.33 bearing_deg=-7.92 speed=0.036 pos=(-39.985,0.001,17.352) thr=0.39 steer=-0.32 blocked=false attempts=1 stuck_s=0.57 pitch=0.01 roll=0.00 normal_y=1.00 contacts=3[VillageTerrain,VillageTerrain,VillageTerrain] bounded=true
tick=4560 phase=following reason=path_ready wp=0 dist_wp=3.20 bearing_deg=-3.97 speed=0.060 pos=(-40.051,0.001,17.458) thr=0.38 steer=-0.16 blocked=false attempts=1 stuck_s=1.07 pitch=0.01 roll=0.00 normal_y=1.00 contacts=3[VillageTerrain,VillageTerrain,VillageTerrain] bounded=true
tick=4590 phase=following reason=path_ready wp=0 dist_wp=3.03 bearing_deg=-2.03 speed=0.073 pos=(-40.150,0.001,17.600) thr=0.36 steer=-0.08 blocked=false attempts=1 stuck_s=1.57 pitch=0.00 roll=0.00 normal_y=1.00 contacts=3[VillageTerrain,VillageTerrain,VillageTerrain] bounded=true
tick=4620 phase=following reason=path_ready wp=0 dist_wp=2.84 bearing_deg=-1.05 speed=0.072 pos=(-40.260,0.001,17.751) thr=0.34 steer=-0.04 blocked=false attempts=1 stuck_s=0.47 pitch=-0.00 roll=0.00 normal_y=1.00 contacts=3[VillageTerrain,VillageTerrain,VillageTerrain] bounded=true
tick=4650 phase=following reason=path_ready wp=0 dist_wp=2.68 bearing_deg=-0.79 speed=0.055 pos=(-40.359,0.001,17.882) thr=0.32 steer=0.00 blocked=false attempts=1 stuck_s=0.97 pitch=-0.01 roll=0.00 normal_y=1.00 contacts=3[VillageTerrain,VillageTerrain,VillageTerrain] bounded=true
tick=4680 phase=following reason=path_ready wp=0 dist_wp=2.58 bearing_deg=-0.78 speed=0.026 pos=(-40.421,0.002,17.965) thr=0.31 steer=0.00 blocked=false attempts=1 stuck_s=0.45 pitch=-0.01 roll=0.00 normal_y=1.00 contacts=3[VillageTerrain,VillageTerrain,VillageTerrain] bounded=true
tick=4710 phase=following reason=path_ready wp=0 dist_wp=2.55 bearing_deg=-0.79 speed=0.000 pos=(-40.434,0.002,17.982) thr=0.31 steer=0.00 blocked=false attempts=1 stuck_s=0.95 pitch=-0.01 roll=0.00 normal_y=1.00 contacts=1[VillageTerrain] bounded=true
tick=4740 phase=following reason=path_ready wp=0 dist_wp=2.55 bearing_deg=-0.79 speed=0.000 pos=(-40.434,0.001,17.982) thr=0.31 steer=0.00 blocked=false attempts=1 stuck_s=1.45 pitch=-0.00 roll=0.00 normal_y=1.00 contacts=1[VillageTerrain] bounded=true
tick=4770 phase=following reason=path_ready wp=0 dist_wp=2.55 bearing_deg=-0.79 speed=0.000 pos=(-40.434,0.001,17.982) thr=0.31 steer=0.00 blocked=false attempts=1 stuck_s=1.95 pitch=-0.00 roll=0.00 normal_y=1.00 contacts=1[VillageTerrain] bounded=true
tick=4800 phase=reverse reason=insufficient_actual_progress wp=0 dist_wp=2.66 bearing_deg=-0.76 speed=-0.089 pos=(-40.373,0.003,17.901) thr=-0.75 steer=0.00 blocked=false attempts=2 stuck_s=0.00 pitch=-0.03 roll=0.00 normal_y=1.00 contacts=3[VillageTerrain,VillageTerrain,VillageTerrain] bounded=true
tick=4830 phase=reverse reason=insufficient_actual_progress wp=0 dist_wp=3.02 bearing_deg=-0.67 speed=-0.192 pos=(-40.156,0.003,17.613) thr=-0.75 steer=0.00 blocked=false attempts=2 stuck_s=0.00 pitch=-0.04 roll=0.00 normal_y=1.00 contacts=3[VillageTerrain,VillageTerrain,VillageTerrain] bounded=true
tick=4860 phase=turn_recovery reason=reverse_complete wp=0 dist_wp=3.35 bearing_deg=7.75 speed=0.000 pos=(-39.956,0.005,17.349) thr=0.00 steer=-1.00 blocked=false attempts=2 stuck_s=0.00 pitch=0.10 roll=0.00 normal_y=1.00 contacts=1[VillageTerrain] bounded=true
tick=4890 phase=following reason=path_ready wp=0 dist_wp=3.35 bearing_deg=23.39 speed=0.000 pos=(-39.956,0.001,17.349) thr=0.00 steer=0.96 blocked=false attempts=2 stuck_s=0.00 pitch=0.01 roll=0.00 normal_y=1.00 contacts=1[VillageTerrain] bounded=true
tick=4920 phase=following reason=path_ready wp=0 dist_wp=3.34 bearing_deg=11.33 speed=0.019 pos=(-39.965,0.001,17.357) thr=0.39 steer=0.46 blocked=false attempts=2 stuck_s=0.32 pitch=0.01 roll=0.00 normal_y=1.00 contacts=3[VillageTerrain,VillageTerrain,VillageTerrain] bounded=true
tick=4950 phase=following reason=path_ready wp=0 dist_wp=3.25 bearing_deg=5.61 speed=0.046 pos=(-40.026,0.001,17.417) thr=0.39 steer=0.23 blocked=false attempts=2 stuck_s=0.82 pitch=0.01 roll=0.00 normal_y=1.00 contacts=3[VillageTerrain,VillageTerrain,VillageTerrain] bounded=true
tick=4980 phase=following reason=path_ready wp=0 dist_wp=3.11 bearing_deg=2.84 speed=0.064 pos=(-40.119,0.001,17.524) thr=0.37 steer=0.12 blocked=false attempts=2 stuck_s=1.32 pitch=0.01 roll=0.00 normal_y=1.00 contacts=3[VillageTerrain,VillageTerrain,VillageTerrain] bounded=true
tick=5010 phase=following reason=path_ready wp=0 dist_wp=2.94 bearing_deg=1.45 speed=0.070 pos=(-40.228,0.001,17.658) thr=0.35 steer=0.06 blocked=false attempts=2 stuck_s=0.15 pitch=0.00 roll=0.00 normal_y=1.00 contacts=3[VillageTerrain,VillageTerrain,VillageTerrain] bounded=true
tick=5040 phase=following reason=path_ready wp=0 dist_wp=2.77 bearing_deg=0.80 speed=0.061 pos=(-40.332,0.001,17.790) thr=0.33 steer=0.00 blocked=false attempts=2 stuck_s=0.65 pitch=-0.00 roll=0.00 normal_y=1.00 contacts=3[VillageTerrain,VillageTerrain,VillageTerrain] bounded=true
tick=5070 phase=following reason=path_ready wp=0 dist_wp=2.64 bearing_deg=0.80 speed=0.039 pos=(-40.411,0.001,17.892) thr=0.32 steer=0.00 blocked=false attempts=2 stuck_s=0.00 pitch=-0.01 roll=0.00 normal_y=1.00 contacts=3[VillageTerrain,VillageTerrain,VillageTerrain] bounded=true
tick=5100 phase=following reason=path_ready wp=0 dist_wp=2.58 bearing_deg=0.80 speed=0.008 pos=(-40.447,0.002,17.938) thr=0.31 steer=0.00 blocked=false attempts=2 stuck_s=0.50 pitch=-0.01 roll=0.00 normal_y=1.00 contacts=1[VillageTerrain] bounded=true
tick=5130 phase=following reason=path_ready wp=0 dist_wp=2.58 bearing_deg=0.80 speed=0.000 pos=(-40.447,0.000,17.938) thr=0.31 steer=0.00 blocked=false attempts=2 stuck_s=1.00 pitch=-0.00 roll=0.00 normal_y=1.00 contacts=1[VillageTerrain] bounded=true
tick=5160 phase=following reason=path_ready wp=0 dist_wp=2.58 bearing_deg=0.80 speed=0.000 pos=(-40.447,0.000,17.938) thr=0.31 steer=0.00 blocked=false attempts=2 stuck_s=1.50 pitch=-0.00 roll=0.00 normal_y=1.00 contacts=1[VillageTerrain] bounded=true
tick=5190 phase=following reason=path_ready wp=0 dist_wp=2.58 bearing_deg=0.80 speed=0.000 pos=(-40.447,0.000,17.938) thr=0.31 steer=0.00 blocked=false attempts=2 stuck_s=2.00 pitch=-0.00 roll=0.00 normal_y=1.00 contacts=1[VillageTerrain] bounded=true
tick=5220 phase=reverse reason=insufficient_actual_progress wp=0 dist_wp=2.71 bearing_deg=0.76 speed=-0.099 pos=(-40.370,0.003,17.839) thr=-0.75 steer=0.00 blocked=false attempts=3 stuck_s=0.00 pitch=-0.03 roll=0.00 normal_y=1.00 contacts=3[VillageTerrain,VillageTerrain,VillageTerrain] bounded=true
tick=5250 phase=reverse reason=insufficient_actual_progress wp=0 dist_wp=3.09 bearing_deg=0.66 speed=-0.202 pos=(-40.133,0.003,17.533) thr=-0.75 steer=0.00 blocked=false attempts=3 stuck_s=0.00 pitch=-0.04 roll=0.00 normal_y=1.00 contacts=3[VillageTerrain,VillageTerrain,VillageTerrain] bounded=true
tick=5280 phase=turn_recovery reason=reverse_complete wp=0 dist_wp=3.37 bearing_deg=-9.55 speed=0.000 pos=(-39.961,0.005,17.311) thr=0.00 steer=1.00 blocked=false attempts=3 stuck_s=0.00 pitch=0.08 roll=0.00 normal_y=1.00 contacts=1[VillageTerrain] bounded=true
tick=5310 phase=following reason=path_ready wp=0 dist_wp=3.37 bearing_deg=-21.74 speed=0.000 pos=(-39.961,0.001,17.311) thr=0.00 steer=-0.89 blocked=false attempts=3 stuck_s=0.00 pitch=0.00 roll=0.00 normal_y=1.00 contacts=1[VillageTerrain] bounded=true
tick=5340 phase=following reason=path_ready wp=0 dist_wp=3.36 bearing_deg=-10.55 speed=0.023 pos=(-39.969,0.001,17.328) thr=0.39 steer=-0.43 blocked=false attempts=3 stuck_s=0.37 pitch=0.01 roll=0.00 normal_y=1.00 contacts=3[VillageTerrain,VillageTerrain,VillageTerrain] bounded=true
tick=5370 phase=following reason=path_ready wp=0 dist_wp=3.26 bearing_deg=-5.25 speed=0.051 pos=(-40.018,0.001,17.412) thr=0.39 steer=-0.21 blocked=false attempts=3 stuck_s=0.87 pitch=0.01 roll=0.00 normal_y=1.00 contacts=3[VillageTerrain,VillageTerrain,VillageTerrain] bounded=true
tick=5400 phase=following reason=path_ready wp=0 dist_wp=3.10 bearing_deg=-2.67 speed=0.070 pos=(-40.106,0.001,17.543) thr=0.37 steer=-0.11 blocked=false attempts=3 stuck_s=1.37 pitch=0.01 roll=0.00 normal_y=1.00 contacts=3[VillageTerrain,VillageTerrain,VillageTerrain] bounded=true
tick=5430 phase=following reason=path_ready wp=0 dist_wp=2.92 bearing_deg=-1.37 speed=0.074 pos=(-40.214,0.001,17.693) thr=0.35 steer=-0.06 blocked=false attempts=3 stuck_s=0.27 pitch=0.00 roll=0.00 normal_y=1.00 contacts=3[VillageTerrain,VillageTerrain,VillageTerrain] bounded=true
tick=5460 phase=following reason=path_ready wp=0 dist_wp=2.74 bearing_deg=-0.80 speed=0.063 pos=(-40.320,0.001,17.835) thr=0.33 steer=0.00 blocked=false attempts=3 stuck_s=0.77 pitch=-0.00 roll=0.00 normal_y=1.00 contacts=3[VillageTerrain,VillageTerrain,VillageTerrain] bounded=true
tick=5490 phase=following reason=path_ready wp=0 dist_wp=2.61 bearing_deg=-0.80 speed=0.039 pos=(-40.399,0.001,17.940) thr=0.32 steer=0.00 blocked=false attempts=3 stuck_s=0.25 pitch=-0.01 roll=0.00 normal_y=1.00 contacts=3[VillageTerrain,VillageTerrain,VillageTerrain] bounded=true
tick=5520 phase=following reason=path_ready wp=0 dist_wp=2.56 bearing_deg=-0.79 speed=0.005 pos=(-40.431,0.002,17.982) thr=0.31 steer=0.00 blocked=false attempts=3 stuck_s=0.75 pitch=-0.01 roll=0.00 normal_y=1.00 contacts=1[VillageTerrain] bounded=true
tick=5550 phase=following reason=path_ready wp=0 dist_wp=2.56 bearing_deg=-0.79 speed=0.000 pos=(-40.431,0.001,17.982) thr=0.31 steer=0.00 blocked=false attempts=3 stuck_s=1.25 pitch=-0.00 roll=0.00 normal_y=1.00 contacts=1[VillageTerrain] bounded=true
tick=5580 phase=following reason=path_ready wp=0 dist_wp=2.56 bearing_deg=-0.79 speed=0.000 pos=(-40.431,0.001,17.982) thr=0.31 steer=0.00 blocked=false attempts=3 stuck_s=1.75 pitch=-0.00 roll=0.00 normal_y=1.00 contacts=1[VillageTerrain] bounded=true
