tick=0 phase=following reason=path_ready wp=1 dist_wp=13.42 bearing_deg=26.57 speed=0.000 pos=(-27.000,0.005,116.000) bounded=true
tick=30 phase=following reason=path_ready wp=1 dist_wp=13.32 bearing_deg=13.28 speed=0.185 pos=(-27.021,0.005,115.901) bounded=true
tick=60 phase=following reason=path_ready wp=1 dist_wp=12.27 bearing_deg=7.04 speed=0.632 pos=(-27.348,0.009,114.895) bounded=true
tick=90 phase=following reason=path_ready wp=1 dist_wp=10.16 bearing_deg=4.20 speed=1.025 pos=(-28.166,0.008,112.937) bounded=true
tick=120 phase=following reason=path_ready wp=1 dist_wp=7.17 bearing_deg=2.98 speed=1.322 pos=(-29.460,0.007,110.233) bounded=true
tick=150 phase=following reason=path_ready wp=1 dist_wp=3.61 bearing_deg=2.97 speed=1.469 pos=(-31.114,0.004,107.074) bounded=true
tick=180 phase=following reason=path_ready wp=1 dist_wp=0.40 bearing_deg=13.53 speed=0.672 pos=(-32.712,0.019,104.280) bounded=true
tick=210 phase=following reason=path_ready wp=2 dist_wp=20.51 bearing_deg=57.72 speed=0.000 pos=(-32.876,0.010,104.038) bounded=true
tick=240 phase=following reason=path_ready wp=2 dist_wp=20.51 bearing_deg=39.72 speed=0.000 pos=(-32.876,0.001,104.038) bounded=true
tick=270 phase=following reason=path_ready wp=2 dist_wp=20.51 bearing_deg=21.90 speed=0.000 pos=(-32.876,0.001,104.038) bounded=true
tick=300 phase=following reason=path_ready wp=2 dist_wp=20.19 bearing_deg=10.77 speed=0.350 pos=(-33.198,0.008,104.063) bounded=true
tick=330 phase=following reason=path_ready wp=2 dist_wp=18.68 bearing_deg=5.72 speed=0.846 pos=(-34.705,0.010,104.326) bounded=true
tick=360 phase=following reason=path_ready wp=2 dist_wp=15.91 bearing_deg=3.34 speed=1.337 pos=(-37.399,0.010,104.988) bounded=true
tick=390 phase=following reason=path_ready wp=2 dist_wp=11.92 bearing_deg=2.25 speed=1.797 pos=(-41.235,0.010,106.094) bounded=true
tick=420 phase=following reason=path_ready wp=2 dist_wp=6.94 bearing_deg=1.98 speed=2.113 pos=(-45.986,0.007,107.602) bounded=true
tick=450 phase=following reason=path_ready wp=2 dist_wp=1.49 bearing_deg=4.73 speed=2.007 pos=(-51.145,0.002,109.378) bounded=true
tick=480 phase=following reason=path_ready wp=3 dist_wp=19.16 bearing_deg=-15.21 speed=0.366 pos=(-53.648,0.032,110.479) bounded=true
tick=510 phase=following reason=path_ready wp=3 dist_wp=17.62 bearing_deg=-8.13 speed=0.861 pos=(-55.047,0.007,111.188) bounded=true
tick=540 phase=following reason=path_ready wp=3 dist_wp=14.83 bearing_deg=-4.81 speed=1.350 pos=(-57.663,0.010,112.212) bounded=true
tick=570 phase=following reason=path_ready wp=3 dist_wp=10.84 bearing_deg=-3.33 speed=1.782 pos=(-61.461,0.009,113.451) bounded=true
tick=600 phase=following reason=path_ready wp=3 dist_wp=5.94 bearing_deg=-3.10 speed=2.074 pos=(-66.181,0.007,114.788) bounded=true
tick=630 phase=following reason=path_ready wp=3 dist_wp=0.71 bearing_deg=-13.52 speed=1.737 pos=(-71.295,0.008,116.023) bounded=true
tick=660 phase=following reason=path_ready wp=4 dist_wp=22.30 bearing_deg=-88.63 speed=0.093 pos=(-73.485,0.032,116.252) bounded=true
tick=690 phase=following reason=path_ready wp=4 dist_wp=22.30 bearing_deg=-70.64 speed=0.000 pos=(-73.488,0.004,116.252) bounded=true
tick=720 phase=following reason=path_ready wp=4 dist_wp=22.30 bearing_deg=-52.64 speed=0.000 pos=(-73.488,0.001,116.252) bounded=true
tick=750 phase=following reason=path_ready wp=4 dist_wp=22.30 bearing_deg=-34.64 speed=0.000 pos=(-73.488,0.001,116.252) bounded=true
tick=780 phase=following reason=path_ready wp=4 dist_wp=22.30 bearing_deg=-17.82 speed=0.000 pos=(-73.488,0.001,116.252) bounded=true
tick=810 phase=following reason=path_ready wp=4 dist_wp=21.49 bearing_deg=-9.01 speed=0.642 pos=(-73.591,0.012,115.434) bounded=true
tick=840 phase=following reason=path_ready wp=4 dist_wp=19.02 bearing_deg=-5.05 speed=1.315 pos=(-73.670,0.014,112.947) bounded=true
tick=870 phase=following reason=path_ready wp=4 dist_wp=14.81 bearing_deg=-3.29 speed=2.009 pos=(-73.552,0.014,108.724) bounded=true
tick=900 phase=following reason=path_ready wp=4 dist_wp=9.16 bearing_deg=-2.73 speed=2.407 pos=(-73.179,0.008,103.087) bounded=true
tick=930 phase=following reason=path_ready wp=4 dist_wp=2.56 bearing_deg=-5.09 speed=2.765 pos=(-72.526,0.007,96.508) bounded=true
tick=960 phase=following reason=path_ready wp=4 dist_wp=2.44 bearing_deg=-170.70 speed=1.206 pos=(-71.556,0.029,91.601) bounded=true
tick=990 phase=following reason=path_ready wp=4 dist_wp=3.53 bearing_deg=-157.39 speed=0.000 pos=(-71.096,0.024,90.587) bounded=true
tick=1020 phase=following reason=path_ready wp=4 dist_wp=3.53 bearing_deg=-139.39 speed=0.000 pos=(-71.096,0.002,90.587) bounded=true
tick=1050 phase=following reason=path_ready wp=4 dist_wp=3.53 bearing_deg=-121.39 speed=0.000 pos=(-71.096,0.001,90.587) bounded=true
tick=1080 phase=following reason=path_ready wp=4 dist_wp=3.53 bearing_deg=-103.39 speed=0.000 pos=(-71.096,0.001,90.587) bounded=true
tick=1110 phase=following reason=path_ready wp=4 dist_wp=3.53 bearing_deg=-85.39 speed=0.000 pos=(-71.096,0.001,90.587) bounded=true
tick=1140 phase=following reason=path_ready wp=4 dist_wp=3.53 bearing_deg=-67.39 speed=0.000 pos=(-71.096,0.001,90.587) bounded=true
tick=1170 phase=following reason=path_ready wp=4 dist_wp=3.53 bearing_deg=-49.39 speed=0.000 pos=(-71.096,0.001,90.587) bounded=true
tick=1200 phase=following reason=path_ready wp=4 dist_wp=3.53 bearing_deg=-31.39 speed=0.000 pos=(-71.096,0.001,90.587) bounded=true
tick=1230 phase=following reason=path_ready wp=4 dist_wp=3.52 bearing_deg=-15.67 speed=0.043 pos=(-71.096,0.002,90.597) bounded=true
tick=1260 phase=following reason=path_ready wp=4 dist_wp=3.09 bearing_deg=-8.66 speed=0.289 pos=(-71.133,0.005,91.031) bounded=true
tick=1290 phase=following reason=path_ready wp=4 dist_wp=2.11 bearing_deg=-6.21 speed=0.476 pos=(-71.316,0.004,92.006) bounded=true
tick=1320 phase=following reason=path_ready wp=5 dist_wp=20.99 bearing_deg=-158.56 speed=0.000 pos=(-71.571,0.012,92.985) bounded=true
tick=1350 phase=following reason=path_ready wp=5 dist_wp=20.99 bearing_deg=-140.56 speed=0.000 pos=(-71.571,0.002,92.985) bounded=true
tick=1380 phase=following reason=path_ready wp=5 dist_wp=20.99 bearing_deg=-122.56 speed=0.000 pos=(-71.571,0.001,92.985) bounded=true
tick=1410 phase=following reason=path_ready wp=5 dist_wp=20.99 bearing_deg=-104.56 speed=0.000 pos=(-71.571,0.000,92.985) bounded=true
tick=1440 phase=following reason=path_ready wp=5 dist_wp=20.99 bearing_deg=-86.56 speed=0.000 pos=(-71.571,0.000,92.985) bounded=true
tick=1470 phase=following reason=path_ready wp=5 dist_wp=20.99 bearing_deg=-68.56 speed=0.000 pos=(-71.571,0.000,92.985) bounded=true
tick=1500 phase=following reason=path_ready wp=5 dist_wp=20.99 bearing_deg=-50.56 speed=0.000 pos=(-71.571,0.000,92.985) bounded=true
tick=1530 phase=following reason=path_ready wp=5 dist_wp=20.99 bearing_deg=-32.56 speed=0.000 pos=(-71.571,0.000,92.985) bounded=true
tick=1560 phase=following reason=path_ready wp=5 dist_wp=20.98 bearing_deg=-16.40 speed=0.071 pos=(-71.575,0.002,92.973) bounded=true
tick=1590 phase=following reason=path_ready wp=5 dist_wp=19.89 bearing_deg=-8.45 speed=0.784 pos=(-71.797,0.014,91.886) bounded=true
tick=1620 phase=following reason=path_ready wp=5 dist_wp=17.01 bearing_deg=-4.93 speed=1.487 pos=(-72.114,0.014,89.008) bounded=true
tick=1650 phase=following reason=path_ready wp=5 dist_wp=12.37 bearing_deg=-3.45 speed=2.164 pos=(-72.353,0.014,84.366) bounded=true
tick=1680 phase=following reason=path_ready wp=5 dist_wp=6.55 bearing_deg=-3.36 speed=2.485 pos=(-72.422,0.008,78.536) bounded=true
tick=1710 phase=following reason=path_ready wp=5 dist_wp=0.32 bearing_deg=-39.36 speed=2.076 pos=(-72.220,0.011,72.226) bounded=true
tick=1740 phase=following reason=path_ready wp=5 dist_wp=2.87 bearing_deg=-166.43 speed=0.479 pos=(-71.584,0.031,69.164) bounded=true
tick=1770 phase=following reason=path_ready wp=5 dist_wp=3.02 bearing_deg=-149.32 speed=0.000 pos=(-71.518,0.007,69.014) bounded=true
tick=1800 phase=following reason=path_ready wp=5 dist_wp=3.02 bearing_deg=-131.32 speed=0.000 pos=(-71.518,0.001,69.014) bounded=true
tick=1830 phase=following reason=path_ready wp=5 dist_wp=3.02 bearing_deg=-113.32 speed=0.000 pos=(-71.518,0.001,69.014) bounded=true
tick=1860 phase=following reason=path_ready wp=5 dist_wp=3.02 bearing_deg=-95.32 speed=0.000 pos=(-71.518,0.001,69.014) bounded=true
tick=1890 phase=following reason=path_ready wp=5 dist_wp=3.02 bearing_deg=-77.32 speed=0.000 pos=(-71.518,0.001,69.014) bounded=true
tick=1920 phase=following reason=path_ready wp=5 dist_wp=3.02 bearing_deg=-59.32 speed=0.000 pos=(-71.518,0.001,69.014) bounded=true
tick=1950 phase=following reason=path_ready wp=5 dist_wp=3.02 bearing_deg=-41.32 speed=0.000 pos=(-71.518,0.001,69.014) bounded=true
tick=1980 phase=following reason=path_ready wp=5 dist_wp=3.02 bearing_deg=-23.36 speed=0.000 pos=(-71.518,0.001,69.014) bounded=true
tick=2010 phase=following reason=path_ready wp=5 dist_wp=2.91 bearing_deg=-11.73 speed=0.138 pos=(-71.510,0.004,69.130) bounded=true
tick=2040 phase=following reason=path_ready wp=5 dist_wp=2.31 bearing_deg=-7.18 speed=0.326 pos=(-71.531,0.004,69.734) bounded=true
tick=2070 phase=following reason=path_ready wp=5 dist_wp=1.34 bearing_deg=-6.06 speed=0.422 pos=(-71.651,0.003,70.706) bounded=true
tick=2100 phase=following reason=path_ready wp=6 dist_wp=20.88 bearing_deg=-153.49 speed=0.000 pos=(-71.681,0.004,70.879) bounded=true
tick=2130 phase=following reason=path_ready wp=6 dist_wp=20.88 bearing_deg=-135.49 speed=0.000 pos=(-71.681,0.000,70.879) bounded=true
tick=2160 phase=following reason=path_ready wp=6 dist_wp=20.88 bearing_deg=-117.49 speed=0.000 pos=(-71.681,0.000,70.879) bounded=true
tick=2190 phase=following reason=path_ready wp=6 dist_wp=20.88 bearing_deg=-99.49 speed=0.000 pos=(-71.681,0.000,70.879) bounded=true
tick=2220 phase=following reason=path_ready wp=6 dist_wp=20.88 bearing_deg=-81.49 speed=0.000 pos=(-71.681,0.000,70.879) bounded=true
tick=2250 phase=following reason=path_ready wp=6 dist_wp=20.88 bearing_deg=-63.49 speed=0.000 pos=(-71.681,0.000,70.879) bounded=true
tick=2280 phase=following reason=path_ready wp=6 dist_wp=20.88 bearing_deg=-45.49 speed=0.000 pos=(-71.681,0.000,70.879) bounded=true
tick=2310 phase=following reason=path_ready wp=6 dist_wp=20.88 bearing_deg=-27.49 speed=0.000 pos=(-71.681,0.000,70.879) bounded=true
tick=2340 phase=following reason=path_ready wp=6 dist_wp=20.73 bearing_deg=-13.46 speed=0.286 pos=(-71.723,0.007,70.728) bounded=true
tick=2370 phase=following reason=path_ready wp=6 dist_wp=19.10 bearing_deg=-7.18 speed=0.996 pos=(-71.997,0.014,69.103) bounded=true
tick=2400 phase=following reason=path_ready wp=6 dist_wp=15.69 bearing_deg=-4.39 speed=1.695 pos=(-72.288,0.014,65.690) bounded=true
tick=2430 phase=following reason=path_ready wp=6 dist_wp=10.58 bearing_deg=-3.33 speed=2.247 pos=(-72.460,0.012,60.570) bounded=true
tick=2460 phase=following reason=path_ready wp=6 dist_wp=4.53 bearing_deg=-4.02 speed=2.585 pos=(-72.427,0.008,54.512) bounded=true
tick=2490 phase=following reason=path_ready wp=6 dist_wp=1.20 bearing_deg=-168.30 speed=1.578 pos=(-72.027,0.023,48.802) bounded=true
tick=2520 phase=following reason=path_ready wp=6 dist_wp=3.07 bearing_deg=-161.70 speed=0.001 pos=(-71.489,0.032,46.968) bounded=true
tick=2550 phase=following reason=path_ready wp=6 dist_wp=3.07 bearing_deg=-143.70 speed=0.000 pos=(-71.489,0.004,46.968) bounded=true
tick=2580 phase=following reason=path_ready wp=6 dist_wp=3.07 bearing_deg=-125.70 speed=0.000 pos=(-71.489,0.000,46.968) bounded=true
tick=2610 phase=following reason=path_ready wp=6 dist_wp=3.07 bearing_deg=-107.70 speed=0.000 pos=(-71.489,0.000,46.968) bounded=true
tick=2640 phase=following reason=path_ready wp=6 dist_wp=3.07 bearing_deg=-89.70 speed=0.000 pos=(-71.489,0.000,46.968) bounded=true
tick=2670 phase=following reason=path_ready wp=6 dist_wp=3.07 bearing_deg=-71.70 speed=0.000 pos=(-71.489,0.000,46.968) bounded=true
tick=2700 phase=following reason=path_ready wp=6 dist_wp=3.07 bearing_deg=-53.70 speed=0.000 pos=(-71.489,0.000,46.968) bounded=true
tick=2730 phase=following reason=path_ready wp=6 dist_wp=3.07 bearing_deg=-35.70 speed=0.000 pos=(-71.489,0.000,46.968) bounded=true
tick=2760 phase=following reason=path_ready wp=6 dist_wp=3.07 bearing_deg=-18.60 speed=0.000 pos=(-71.489,0.000,46.968) bounded=true
tick=2790 phase=following reason=path_ready wp=6 dist_wp=2.83 bearing_deg=-9.79 speed=0.203 pos=(-71.482,0.005,47.219) bounded=true
tick=2820 phase=following reason=path_ready wp=6 dist_wp=2.08 bearing_deg=-6.49 speed=0.377 pos=(-71.536,0.004,47.971) bounded=true
tick=2850 phase=following reason=path_ready wp=7 dist_wp=20.21 bearing_deg=140.47 speed=0.067 pos=(-71.671,0.007,48.895) bounded=true
tick=2880 phase=following reason=path_ready wp=7 dist_wp=20.21 bearing_deg=122.48 speed=0.000 pos=(-71.672,0.002,48.896) bounded=true
tick=2910 phase=following reason=path_ready wp=7 dist_wp=20.21 bearing_deg=104.48 speed=0.000 pos=(-71.672,0.001,48.896) bounded=true
tick=2940 phase=following reason=path_ready wp=7 dist_wp=20.21 bearing_deg=86.48 speed=0.000 pos=(-71.672,0.001,48.896) bounded=true
tick=2970 phase=following reason=path_ready wp=7 dist_wp=20.21 bearing_deg=68.48 speed=0.000 pos=(-71.672,0.001,48.896) bounded=true
tick=3000 phase=following reason=path_ready wp=7 dist_wp=20.21 bearing_deg=50.48 speed=0.000 pos=(-71.672,0.001,48.896) bounded=true
tick=3030 phase=following reason=path_ready wp=7 dist_wp=20.21 bearing_deg=32.48 speed=0.000 pos=(-71.672,0.001,48.896) bounded=true
tick=3060 phase=following reason=path_ready wp=7 dist_wp=20.19 bearing_deg=16.35 speed=0.095 pos=(-71.654,0.002,48.887) bounded=true
tick=3090 phase=following reason=path_ready wp=7 dist_wp=19.04 bearing_deg=8.48 speed=0.807 pos=(-70.674,0.014,48.249) bounded=true
tick=3120 phase=following reason=path_ready wp=7 dist_wp=16.10 bearing_deg=5.00 speed=1.510 pos=(-68.358,0.014,46.414) bounded=true
tick=3150 phase=following reason=path_ready wp=7 dist_wp=11.42 bearing_deg=3.59 speed=2.171 pos=(-64.855,0.013,43.288) bounded=true
tick=3180 phase=following reason=path_ready wp=7 dist_wp=5.61 bearing_deg=3.77 speed=2.466 pos=(-60.677,0.008,39.232) bounded=true
tick=3210 phase=following reason=path_ready wp=7 dist_wp=0.44 bearing_deg=151.78 speed=1.843 pos=(-56.593,0.016,34.822) bounded=true
tick=3240 phase=following reason=path_ready wp=7 dist_wp=2.94 bearing_deg=164.38 speed=0.257 pos=(-55.252,0.031,32.640) bounded=true
tick=3270 phase=following reason=path_ready wp=7 dist_wp=2.98 bearing_deg=146.64 speed=0.000 pos=(-55.238,0.005,32.600) bounded=true
tick=3300 phase=following reason=path_ready wp=7 dist_wp=2.98 bearing_deg=128.64 speed=0.000 pos=(-55.238,0.001,32.600) bounded=true
tick=3330 phase=following reason=path_ready wp=7 dist_wp=2.98 bearing_deg=110.64 speed=0.000 pos=(-55.238,0.001,32.600) bounded=true
tick=3360 phase=following reason=path_ready wp=7 dist_wp=2.98 bearing_deg=92.64 speed=0.000 pos=(-55.238,0.001,32.600) bounded=true
tick=3390 phase=following reason=path_ready wp=7 dist_wp=2.98 bearing_deg=74.64 speed=0.000 pos=(-55.238,0.001,32.600) bounded=true
tick=3420 phase=following reason=path_ready wp=7 dist_wp=2.98 bearing_deg=56.64 speed=0.000 pos=(-55.238,0.001,32.600) bounded=true
tick=3450 phase=following reason=path_ready wp=7 dist_wp=2.98 bearing_deg=38.64 speed=0.000 pos=(-55.238,0.001,32.600) bounded=true
tick=3480 phase=following reason=path_ready wp=7 dist_wp=2.98 bearing_deg=20.95 speed=0.000 pos=(-55.238,0.001,32.600) bounded=true
tick=3510 phase=following reason=path_ready wp=7 dist_wp=2.82 bearing_deg=10.72 speed=0.163 pos=(-55.361,0.004,32.709) bounded=true
tick=3540 phase=following reason=path_ready wp=7 dist_wp=2.17 bearing_deg=6.78 speed=0.340 pos=(-55.804,0.004,33.191) bounded=true
tick=3570 phase=following reason=path_ready wp=8 dist_wp=20.04 bearing_deg=169.52 speed=0.256 pos=(-56.393,0.001,33.948) bounded=true
tick=3600 phase=following reason=path_ready wp=8 dist_wp=20.08 bearing_deg=151.56 speed=0.000 pos=(-56.417,0.003,33.983) bounded=true
tick=3630 phase=following reason=path_ready wp=8 dist_wp=20.08 bearing_deg=133.56 speed=0.000 pos=(-56.417,0.001,33.983) bounded=true
tick=3660 phase=following reason=path_ready wp=8 dist_wp=20.08 bearing_deg=115.56 speed=0.000 pos=(-56.417,0.001,33.983) bounded=true
tick=3690 phase=following reason=path_ready wp=8 dist_wp=20.08 bearing_deg=97.56 speed=0.000 pos=(-56.417,0.001,33.983) bounded=true
tick=3720 phase=following reason=path_ready wp=8 dist_wp=20.08 bearing_deg=79.56 speed=0.000 pos=(-56.417,0.001,33.983) bounded=true
tick=3750 phase=following reason=path_ready wp=8 dist_wp=20.08 bearing_deg=61.56 speed=0.000 pos=(-56.417,0.001,33.983) bounded=true
tick=3780 phase=following reason=path_ready wp=8 dist_wp=20.08 bearing_deg=43.56 speed=0.000 pos=(-56.417,0.001,33.983) bounded=true
tick=3810 phase=following reason=path_ready wp=8 dist_wp=20.08 bearing_deg=25.56 speed=0.000 pos=(-56.417,0.001,33.983) bounded=true
tick=3840 phase=following reason=path_ready wp=8 dist_wp=19.85 bearing_deg=12.52 speed=0.357 pos=(-56.210,0.009,33.862) bounded=true
tick=3870 phase=following reason=path_ready wp=8 dist_wp=18.05 bearing_deg=6.78 speed=1.066 pos=(-54.733,0.014,32.787) bounded=true
tick=3900 phase=following reason=path_ready wp=8 dist_wp=14.46 bearing_deg=4.26 speed=1.764 pos=(-51.995,0.014,30.446) bounded=true
tick=3930 phase=following reason=path_ready wp=8 dist_wp=9.23 bearing_deg=3.42 speed=2.250 pos=(-48.189,0.010,26.848) bounded=true
tick=3960 phase=following reason=path_ready wp=8 dist_wp=3.17 bearing_deg=5.16 speed=2.564 pos=(-43.945,0.007,22.498) bounded=true
tick=3990 phase=following reason=path_ready wp=8 dist_wp=1.67 bearing_deg=169.10 speed=1.100 pos=(-40.880,0.029,18.757) bounded=true
tick=4020 phase=following reason=path_ready wp=8 dist_wp=2.49 bearing_deg=156.27 speed=0.000 pos=(-40.498,0.019,18.013) bounded=true
tick=4050 phase=following reason=path_ready wp=8 dist_wp=2.49 bearing_deg=138.27 speed=0.000 pos=(-40.498,0.001,18.013) bounded=true
tick=4080 phase=following reason=path_ready wp=8 dist_wp=2.49 bearing_deg=120.27 speed=0.000 pos=(-40.498,0.000,18.013) bounded=true
tick=4110 phase=following reason=path_ready wp=8 dist_wp=2.49 bearing_deg=102.27 speed=0.000 pos=(-40.498,0.000,18.013) bounded=true
tick=4140 phase=following reason=path_ready wp=8 dist_wp=2.49 bearing_deg=84.27 speed=0.000 pos=(-40.498,0.000,18.013) bounded=true
tick=4170 phase=following reason=path_ready wp=8 dist_wp=2.49 bearing_deg=66.27 speed=0.000 pos=(-40.498,0.000,18.013) bounded=true
tick=4200 phase=following reason=path_ready wp=8 dist_wp=2.49 bearing_deg=48.27 speed=0.000 pos=(-40.498,0.000,18.013) bounded=true
tick=4230 phase=following reason=path_ready wp=8 dist_wp=2.49 bearing_deg=30.27 speed=0.000 pos=(-40.498,0.000,18.013) bounded=true
tick=4260 phase=following reason=path_ready wp=8 dist_wp=2.49 bearing_deg=14.93 speed=0.000 pos=(-40.498,0.000,18.013) bounded=true
tick=4290 phase=following reason=path_ready wp=8 dist_wp=2.49 bearing_deg=7.20 speed=0.000 pos=(-40.498,0.000,18.013) bounded=true
tick=4320 phase=following reason=path_ready wp=8 dist_wp=2.49 bearing_deg=3.48 speed=0.000 pos=(-40.498,0.000,18.013) bounded=true
tick=4350 phase=following reason=path_ready wp=8 dist_wp=2.49 bearing_deg=1.68 speed=0.000 pos=(-40.498,0.000,18.013) bounded=true
tick=4380 phase=reverse reason=insufficient_actual_progress wp=8 dist_wp=2.50 bearing_deg=0.93 speed=-0.021 pos=(-40.495,0.001,18.009) bounded=true
tick=4410 phase=reverse reason=insufficient_actual_progress wp=8 dist_wp=2.68 bearing_deg=0.87 speed=-0.123 pos=(-40.380,0.003,17.863) bounded=true
tick=4440 phase=reverse reason=insufficient_actual_progress wp=8 dist_wp=3.13 bearing_deg=0.75 speed=-0.226 pos=(-40.106,0.003,17.513) bounded=true
tick=4470 phase=turn_recovery reason=reverse_complete wp=8 dist_wp=3.28 bearing_deg=-13.65 speed=0.000 pos=(-40.013,0.002,17.392) bounded=true
tick=4500 phase=following reason=path_ready wp=0 dist_wp=3.28 bearing_deg=-18.26 speed=0.000 pos=(-40.013,0.000,17.392) bounded=true
tick=4530 phase=following reason=path_ready wp=0 dist_wp=3.25 bearing_deg=-8.88 speed=0.024 pos=(-40.024,0.001,17.415) bounded=true
tick=4560 phase=following reason=path_ready wp=0 dist_wp=3.17 bearing_deg=-4.41 speed=0.044 pos=(-40.070,0.001,17.491) bounded=true
tick=4590 phase=following reason=path_ready wp=0 dist_wp=3.04 bearing_deg=-2.22 speed=0.056 pos=(-40.143,0.001,17.597) bounded=true
tick=4620 phase=following reason=path_ready wp=0 dist_wp=2.89 bearing_deg=-1.13 speed=0.057 pos=(-40.229,0.001,17.714) bounded=true
tick=4650 phase=following reason=path_ready wp=0 dist_wp=2.76 bearing_deg=-0.78 speed=0.046 pos=(-40.308,0.001,17.819) bounded=true
tick=4680 phase=following reason=path_ready wp=0 dist_wp=2.67 bearing_deg=-0.79 speed=0.025 pos=(-40.362,0.001,17.891) bounded=true
tick=4710 phase=following reason=path_ready wp=0 dist_wp=2.65 bearing_deg=-0.80 speed=0.000 pos=(-40.377,0.001,17.911) bounded=true
tick=4740 phase=reverse reason=insufficient_actual_progress wp=0 dist_wp=2.65 bearing_deg=-0.80 speed=-0.017 pos=(-40.375,0.001,17.908) bounded=true
tick=4770 phase=reverse reason=insufficient_actual_progress wp=0 dist_wp=2.83 bearing_deg=-0.75 speed=-0.120 pos=(-40.268,0.003,17.766) bounded=true
tick=4800 phase=reverse reason=insufficient_actual_progress wp=0 dist_wp=3.26 bearing_deg=-0.65 speed=-0.222 pos=(-40.005,0.003,17.418) bounded=true
tick=4830 phase=turn_recovery reason=reverse_complete wp=0 dist_wp=3.43 bearing_deg=13.14 speed=0.000 pos=(-39.902,0.003,17.282) bounded=true
tick=4860 phase=following reason=path_ready wp=0 dist_wp=3.43 bearing_deg=18.79 speed=0.000 pos=(-39.902,0.001,17.282) bounded=true
tick=4890 phase=following reason=path_ready wp=0 dist_wp=3.40 bearing_deg=9.17 speed=0.033 pos=(-39.930,0.002,17.307) bounded=true
tick=4920 phase=following reason=path_ready wp=0 dist_wp=3.27 bearing_deg=4.60 speed=0.063 pos=(-40.017,0.002,17.397) bounded=true
tick=4950 phase=following reason=path_ready wp=0 dist_wp=3.09 bearing_deg=2.36 speed=0.081 pos=(-40.138,0.001,17.539) bounded=true
tick=4980 phase=following reason=path_ready wp=0 dist_wp=2.87 bearing_deg=1.22 speed=0.084 pos=(-40.270,0.001,17.705) bounded=true
tick=5010 phase=following reason=path_ready wp=0 dist_wp=2.68 bearing_deg=0.79 speed=0.068 pos=(-40.390,0.001,17.858) bounded=true
tick=5040 phase=following reason=path_ready wp=0 dist_wp=2.54 bearing_deg=0.79 speed=0.038 pos=(-40.473,0.002,17.965) bounded=true
tick=5070 phase=following reason=path_ready wp=0 dist_wp=2.50 bearing_deg=0.79 speed=0.000 pos=(-40.498,0.002,17.999) bounded=true
tick=5100 phase=following reason=path_ready wp=0 dist_wp=2.50 bearing_deg=0.79 speed=0.000 pos=(-40.498,0.001,17.999) bounded=true
tick=5130 phase=reverse reason=insufficient_actual_progress wp=0 dist_wp=2.51 bearing_deg=0.78 speed=-0.021 pos=(-40.495,0.001,17.995) bounded=true
tick=5160 phase=reverse reason=insufficient_actual_progress wp=0 dist_wp=2.69 bearing_deg=0.73 speed=-0.123 pos=(-40.382,0.003,17.848) bounded=true
tick=5190 phase=reverse reason=insufficient_actual_progress wp=0 dist_wp=3.14 bearing_deg=0.63 speed=-0.226 pos=(-40.110,0.003,17.496) bounded=true
tick=5220 phase=turn_recovery reason=reverse_complete wp=0 dist_wp=3.29 bearing_deg=-13.76 speed=0.000 pos=(-40.017,0.002,17.375) bounded=true
tick=5250 phase=following reason=path_ready wp=0 dist_wp=3.29 bearing_deg=-18.35 speed=0.000 pos=(-40.017,0.000,17.375) bounded=true
tick=5280 phase=following reason=path_ready wp=0 dist_wp=3.26 bearing_deg=-8.93 speed=0.025 pos=(-40.029,0.001,17.399) bounded=true
tick=5310 phase=following reason=path_ready wp=0 dist_wp=3.17 bearing_deg=-4.44 speed=0.046 pos=(-40.076,0.001,17.477) bounded=true
tick=5340 phase=following reason=path_ready wp=0 dist_wp=3.04 bearing_deg=-2.24 speed=0.058 pos=(-40.152,0.001,17.587) bounded=true
tick=5370 phase=following reason=path_ready wp=0 dist_wp=2.89 bearing_deg=-1.14 speed=0.059 pos=(-40.239,0.001,17.708) bounded=true
tick=5400 phase=following reason=path_ready wp=0 dist_wp=2.75 bearing_deg=-0.79 speed=0.047 pos=(-40.321,0.001,17.817) bounded=true
tick=5430 phase=following reason=path_ready wp=0 dist_wp=2.66 bearing_deg=-0.80 speed=0.026 pos=(-40.376,0.001,17.892) bounded=true
tick=5460 phase=following reason=path_ready wp=0 dist_wp=2.64 bearing_deg=-0.79 speed=0.000 pos=(-40.392,0.001,17.912) bounded=true
