tick=0 phase=following reason=path_ready wp=1 dist_wp=13.42 bearing_deg=-26.57 speed=0.000 pos=(-27.000,0.007,-116.000) thr=0.00 steer=-1.00 blocked=false bounded=true
tick=30 phase=following reason=path_ready wp=1 dist_wp=13.33 bearing_deg=-13.27 speed=0.185 pos=(-27.019,0.005,-115.910) thr=0.95 steer=-0.54 blocked=false bounded=true
tick=60 phase=following reason=path_ready wp=1 dist_wp=12.38 bearing_deg=-6.98 speed=0.634 pos=(-27.315,0.009,-114.999) thr=0.91 steer=-0.28 blocked=false bounded=true
tick=90 phase=following reason=path_ready wp=1 dist_wp=10.46 bearing_deg=-4.09 speed=1.033 pos=(-28.058,0.008,-113.217) thr=0.83 steer=-0.17 blocked=false bounded=true
tick=120 phase=following reason=path_ready wp=1 dist_wp=7.71 bearing_deg=-2.77 speed=1.346 pos=(-29.238,0.007,-110.735) thr=0.70 steer=-0.11 blocked=false bounded=true
tick=150 phase=following reason=path_ready wp=1 dist_wp=4.40 bearing_deg=-2.44 speed=1.527 pos=(-30.762,0.004,-107.788) thr=0.49 steer=-0.10 blocked=false bounded=true
tick=180 phase=following reason=path_ready wp=1 dist_wp=1.00 bearing_deg=-5.45 speed=1.163 pos=(-32.419,0.008,-104.808) thr=0.00 steer=-0.20 blocked=false bounded=true
tick=210 phase=following reason=path_ready wp=2 dist_wp=20.51 bearing_deg=-63.77 speed=0.000 pos=(-32.851,0.019,-104.105) thr=0.00 steer=-1.00 blocked=false bounded=true
tick=240 phase=following reason=path_ready wp=2 dist_wp=20.51 bearing_deg=-45.77 speed=0.000 pos=(-32.851,0.002,-104.105) thr=0.00 steer=-1.00 blocked=false bounded=true
tick=270 phase=following reason=path_ready wp=2 dist_wp=20.51 bearing_deg=-27.77 speed=0.000 pos=(-32.851,0.001,-104.105) thr=0.00 steer=-1.00 blocked=false bounded=true
tick=300 phase=following reason=path_ready wp=2 dist_wp=20.43 bearing_deg=-13.56 speed=0.183 pos=(-32.934,0.005,-104.108) thr=1.00 steer=-0.56 blocked=false bounded=true
tick=330 phase=following reason=path_ready wp=2 dist_wp=19.44 bearing_deg=-6.96 speed=0.681 pos=(-33.931,0.010,-104.246) thr=1.00 steer=-0.28 blocked=false bounded=true
tick=360 phase=following reason=path_ready wp=2 dist_wp=17.31 bearing_deg=-3.88 speed=1.174 pos=(-36.017,0.010,-104.709) thr=1.00 steer=-0.16 blocked=false bounded=true
tick=390 phase=following reason=path_ready wp=2 dist_wp=14.06 bearing_deg=-2.40 speed=1.660 pos=(-39.160,0.010,-105.559) thr=0.98 steer=-0.10 blocked=false bounded=true
tick=420 phase=following reason=path_ready wp=2 dist_wp=9.77 bearing_deg=-1.76 speed=2.062 pos=(-43.268,0.009,-106.798) thr=0.81 steer=-0.07 blocked=false bounded=true
tick=450 phase=following reason=path_ready wp=2 dist_wp=4.81 bearing_deg=-1.83 speed=2.165 pos=(-47.988,0.002,-108.328) thr=0.53 steer=-0.07 blocked=false bounded=true
tick=480 phase=following reason=path_ready wp=2 dist_wp=0.29 bearing_deg=-15.65 speed=1.389 pos=(-52.268,0.019,-109.828) thr=0.00 steer=-0.47 blocked=false bounded=true
tick=510 phase=following reason=path_ready wp=3 dist_wp=19.18 bearing_deg=10.87 speed=0.514 pos=(-53.623,0.014,-110.491) thr=1.00 steer=0.44 blocked=false bounded=true
tick=540 phase=following reason=path_ready wp=3 dist_wp=17.44 bearing_deg=5.90 speed=1.008 pos=(-55.227,0.009,-111.206) thr=1.00 steer=0.24 blocked=false bounded=true
tick=570 phase=following reason=path_ready wp=3 dist_wp=14.58 bearing_deg=3.54 speed=1.495 pos=(-57.932,0.010,-112.190) thr=1.00 steer=0.14 blocked=false bounded=true
tick=600 phase=following reason=path_ready wp=3 dist_wp=10.64 bearing_deg=2.46 speed=1.920 pos=(-61.688,0.009,-113.380) thr=0.84 steer=0.10 blocked=false bounded=true
tick=630 phase=following reason=path_ready wp=3 dist_wp=5.90 bearing_deg=2.28 speed=2.208 pos=(-66.254,0.006,-114.682) thr=0.60 steer=0.09 blocked=false bounded=true
tick=660 phase=following reason=path_ready wp=3 dist_wp=0.98 bearing_deg=7.11 speed=1.822 pos=(-71.027,0.008,-115.899) thr=0.00 steer=0.25 blocked=false bounded=true
tick=690 phase=following reason=path_ready wp=4 dist_wp=22.25 bearing_deg=90.72 speed=0.178 pos=(-73.196,0.032,-116.216) thr=0.00 steer=1.00 blocked=false bounded=true
tick=720 phase=following reason=path_ready wp=4 dist_wp=22.25 bearing_deg=72.77 speed=0.000 pos=(-73.212,0.005,-116.215) thr=0.00 steer=1.00 blocked=false bounded=true
tick=750 phase=following reason=path_ready wp=4 dist_wp=22.25 bearing_deg=54.77 speed=0.000 pos=(-73.212,0.000,-116.215) thr=0.00 steer=1.00 blocked=false bounded=true
tick=780 phase=following reason=path_ready wp=4 dist_wp=22.25 bearing_deg=36.77 speed=0.000 pos=(-73.212,0.000,-116.215) thr=0.00 steer=1.00 blocked=false bounded=true
tick=810 phase=following reason=path_ready wp=4 dist_wp=22.25 bearing_deg=19.43 speed=0.000 pos=(-73.212,0.000,-116.215) thr=0.00 steer=0.80 blocked=false bounded=true
tick=840 phase=following reason=path_ready wp=4 dist_wp=21.70 bearing_deg=9.68 speed=0.545 pos=(-73.295,0.011,-115.662) thr=1.00 steer=0.40 blocked=false bounded=true
tick=870 phase=following reason=path_ready wp=4 dist_wp=19.68 bearing_deg=5.28 speed=1.210 pos=(-73.403,0.013,-113.634) thr=1.00 steer=0.22 blocked=false bounded=true
tick=900 phase=following reason=path_ready wp=4 dist_wp=16.11 bearing_deg=3.26 speed=1.905 pos=(-73.373,0.014,-110.051) thr=1.00 steer=0.13 blocked=false bounded=true
tick=930 phase=following reason=path_ready wp=4 dist_wp=11.14 bearing_deg=2.42 speed=2.338 pos=(-73.142,0.008,-105.082) thr=0.87 steer=0.10 blocked=false bounded=true
tick=960 phase=following reason=path_ready wp=4 dist_wp=5.21 bearing_deg=2.69 speed=2.806 pos=(-72.699,0.009,-99.162) thr=0.56 steer=0.11 blocked=false bounded=true
tick=990 phase=following reason=path_ready wp=4 dist_wp=0.70 bearing_deg=167.26 speed=1.936 pos=(-72.018,0.021,-93.301) thr=0.00 steer=1.00 blocked=false bounded=true
tick=1020 phase=following reason=path_ready wp=4 dist_wp=3.19 bearing_deg=165.38 speed=0.345 pos=(-71.237,0.032,-90.903) thr=0.00 steer=1.00 blocked=false bounded=true
tick=1050 phase=following reason=path_ready wp=4 dist_wp=3.26 bearing_deg=147.77 speed=0.000 pos=(-71.200,0.007,-90.839) thr=0.00 steer=1.00 blocked=false bounded=true
tick=1080 phase=following reason=path_ready wp=4 dist_wp=3.26 bearing_deg=129.77 speed=0.000 pos=(-71.200,0.001,-90.839) thr=0.00 steer=1.00 blocked=false bounded=true
tick=1110 phase=following reason=path_ready wp=4 dist_wp=3.26 bearing_deg=111.77 speed=0.000 pos=(-71.200,0.001,-90.839) thr=0.00 steer=1.00 blocked=false bounded=true
tick=1140 phase=following reason=path_ready wp=4 dist_wp=3.26 bearing_deg=93.77 speed=0.000 pos=(-71.200,0.001,-90.839) thr=0.00 steer=1.00 blocked=false bounded=true
tick=1170 phase=following reason=path_ready wp=4 dist_wp=3.26 bearing_deg=75.77 speed=0.000 pos=(-71.200,0.001,-90.839) thr=0.00 steer=1.00 blocked=false bounded=true
tick=1200 phase=following reason=path_ready wp=4 dist_wp=3.26 bearing_deg=57.77 speed=0.000 pos=(-71.200,0.001,-90.839) thr=0.00 steer=1.00 blocked=false bounded=true
tick=1230 phase=following reason=path_ready wp=4 dist_wp=3.26 bearing_deg=39.77 speed=0.000 pos=(-71.200,0.001,-90.839) thr=0.00 steer=1.00 blocked=false bounded=true
tick=1260 phase=following reason=path_ready wp=4 dist_wp=3.26 bearing_deg=21.94 speed=0.000 pos=(-71.200,0.001,-90.839) thr=0.00 steer=0.90 blocked=false bounded=true
tick=1290 phase=following reason=path_ready wp=4 dist_wp=3.13 bearing_deg=11.07 speed=0.165 pos=(-71.204,0.004,-90.977) thr=0.37 steer=0.45 blocked=false bounded=true
tick=1320 phase=following reason=path_ready wp=4 dist_wp=2.50 bearing_deg=6.74 speed=0.371 pos=(-71.286,0.005,-91.602) thr=0.31 steer=0.27 blocked=false bounded=true
tick=1350 phase=following reason=path_ready wp=4 dist_wp=1.49 bearing_deg=5.54 speed=0.491 pos=(-71.499,0.003,-92.592) thr=0.14 steer=0.22 blocked=false bounded=true
tick=1380 phase=following reason=path_ready wp=5 dist_wp=20.93 bearing_deg=150.61 speed=0.000 pos=(-71.589,0.007,-92.928) thr=0.00 steer=1.00 blocked=false bounded=true
tick=1410 phase=following reason=path_ready wp=5 dist_wp=20.93 bearing_deg=132.61 speed=0.000 pos=(-71.589,0.001,-92.928) thr=0.00 steer=1.00 blocked=false bounded=true
tick=1440 phase=following reason=path_ready wp=5 dist_wp=20.93 bearing_deg=114.61 speed=0.000 pos=(-71.589,0.000,-92.928) thr=0.00 steer=1.00 blocked=false bounded=true
tick=1470 phase=following reason=path_ready wp=5 dist_wp=20.93 bearing_deg=96.61 speed=0.000 pos=(-71.589,0.000,-92.928) thr=0.00 steer=1.00 blocked=false bounded=true
tick=1500 phase=following reason=path_ready wp=5 dist_wp=20.93 bearing_deg=78.61 speed=0.000 pos=(-71.589,0.000,-92.928) thr=0.00 steer=1.00 blocked=false bounded=true
tick=1530 phase=following reason=path_ready wp=5 dist_wp=20.93 bearing_deg=60.61 speed=0.000 pos=(-71.589,0.000,-92.928) thr=0.00 steer=1.00 blocked=false bounded=true
tick=1560 phase=following reason=path_ready wp=5 dist_wp=20.93 bearing_deg=42.61 speed=0.000 pos=(-71.589,0.000,-92.928) thr=0.00 steer=1.00 blocked=false bounded=true
tick=1590 phase=following reason=path_ready wp=5 dist_wp=20.93 bearing_deg=24.61 speed=0.000 pos=(-71.589,0.000,-92.928) thr=0.00 steer=1.00 blocked=false bounded=true
tick=1620 phase=following reason=path_ready wp=5 dist_wp=20.66 bearing_deg=12.07 speed=0.405 pos=(-71.659,0.010,-92.660) thr=1.00 steer=0.49 blocked=false bounded=true
tick=1650 phase=following reason=path_ready wp=5 dist_wp=18.92 bearing_deg=6.50 speed=1.113 pos=(-71.933,0.014,-90.921) thr=1.00 steer=0.26 blocked=false bounded=true
tick=1680 phase=following reason=path_ready wp=5 dist_wp=15.57 bearing_deg=3.98 speed=1.811 pos=(-72.204,0.014,-87.565) thr=1.00 steer=0.16 blocked=false bounded=true
tick=1710 phase=following reason=path_ready wp=5 dist_wp=10.74 bearing_deg=2.96 speed=2.264 pos=(-72.369,0.009,-82.730) thr=0.85 steer=0.12 blocked=false bounded=true
tick=1740 phase=following reason=path_ready wp=5 dist_wp=5.03 bearing_deg=3.27 speed=2.702 pos=(-72.367,0.009,-77.018) thr=0.54 steer=0.13 blocked=false bounded=true
tick=1770 phase=following reason=path_ready wp=5 dist_wp=0.64 bearing_deg=163.90 speed=1.829 pos=(-72.092,0.021,-71.369) thr=0.00 steer=1.00 blocked=false bounded=true
tick=1800 phase=following reason=path_ready wp=5 dist_wp=2.88 bearing_deg=164.42 speed=0.243 pos=(-71.527,0.032,-69.155) thr=0.00 steer=1.00 blocked=false bounded=true
tick=1830 phase=following reason=path_ready wp=5 dist_wp=2.92 bearing_deg=146.63 speed=0.000 pos=(-71.512,0.005,-69.124) thr=0.00 steer=1.00 blocked=false bounded=true
tick=1860 phase=following reason=path_ready wp=5 dist_wp=2.92 bearing_deg=128.63 speed=0.000 pos=(-71.512,0.000,-69.124) thr=0.00 steer=1.00 blocked=false bounded=true
tick=1890 phase=following reason=path_ready wp=5 dist_wp=2.92 bearing_deg=110.63 speed=0.000 pos=(-71.512,0.000,-69.124) thr=0.00 steer=1.00 blocked=false bounded=true
tick=1920 phase=following reason=path_ready wp=5 dist_wp=2.92 bearing_deg=92.63 speed=0.000 pos=(-71.512,0.000,-69.124) thr=0.00 steer=1.00 blocked=false bounded=true
tick=1950 phase=following reason=path_ready wp=5 dist_wp=2.92 bearing_deg=74.63 speed=0.000 pos=(-71.512,0.000,-69.124) thr=0.00 steer=1.00 blocked=false bounded=true
tick=1980 phase=following reason=path_ready wp=5 dist_wp=2.92 bearing_deg=56.63 speed=0.000 pos=(-71.512,0.000,-69.124) thr=0.00 steer=1.00 blocked=false bounded=true
tick=2010 phase=following reason=path_ready wp=5 dist_wp=2.92 bearing_deg=38.63 speed=0.000 pos=(-71.512,0.000,-69.124) thr=0.00 steer=1.00 blocked=false bounded=true
tick=2040 phase=following reason=path_ready wp=5 dist_wp=2.92 bearing_deg=20.95 speed=0.000 pos=(-71.512,0.000,-69.124) thr=0.00 steer=0.86 blocked=false bounded=true
tick=2070 phase=following reason=path_ready wp=5 dist_wp=2.77 bearing_deg=10.66 speed=0.159 pos=(-71.505,0.004,-69.271) thr=0.34 steer=0.43 blocked=false bounded=true
tick=2100 phase=following reason=path_ready wp=5 dist_wp=2.20 bearing_deg=6.56 speed=0.336 pos=(-71.538,0.004,-69.852) thr=0.27 steer=0.27 blocked=false bounded=true
tick=2130 phase=following reason=path_ready wp=5 dist_wp=1.31 bearing_deg=5.39 speed=0.419 pos=(-71.660,0.003,-70.736) thr=0.07 steer=0.22 blocked=false bounded=true
tick=2160 phase=following reason=path_ready wp=6 dist_wp=20.88 bearing_deg=152.89 speed=0.000 pos=(-71.686,0.004,-70.876) thr=0.00 steer=1.00 blocked=false bounded=true
tick=2190 phase=following reason=path_ready wp=6 dist_wp=20.88 bearing_deg=134.89 speed=0.000 pos=(-71.686,0.001,-70.876) thr=0.00 steer=1.00 blocked=false bounded=true
tick=2220 phase=following reason=path_ready wp=6 dist_wp=20.88 bearing_deg=116.89 speed=0.000 pos=(-71.686,0.001,-70.876) thr=0.00 steer=1.00 blocked=false bounded=true
tick=2250 phase=following reason=path_ready wp=6 dist_wp=20.88 bearing_deg=98.89 speed=0.000 pos=(-71.686,0.001,-70.876) thr=0.00 steer=1.00 blocked=false bounded=true
tick=2280 phase=following reason=path_ready wp=6 dist_wp=20.88 bearing_deg=80.89 speed=0.000 pos=(-71.686,0.001,-70.876) thr=0.00 steer=1.00 blocked=false bounded=true
tick=2310 phase=following reason=path_ready wp=6 dist_wp=20.88 bearing_deg=62.89 speed=0.000 pos=(-71.686,0.001,-70.876) thr=0.00 steer=1.00 blocked=false bounded=true
tick=2340 phase=following reason=path_ready wp=6 dist_wp=20.88 bearing_deg=44.89 speed=0.000 pos=(-71.686,0.001,-70.876) thr=0.00 steer=1.00 blocked=false bounded=true
tick=2370 phase=following reason=path_ready wp=6 dist_wp=20.88 bearing_deg=26.89 speed=0.000 pos=(-71.686,0.001,-70.876) thr=0.00 steer=1.00 blocked=false bounded=true
tick=2400 phase=following reason=path_ready wp=6 dist_wp=20.72 bearing_deg=13.15 speed=0.310 pos=(-71.729,0.008,-70.717) thr=1.00 steer=0.54 blocked=false bounded=true
tick=2430 phase=following reason=path_ready wp=6 dist_wp=19.19 bearing_deg=6.98 speed=1.019 pos=(-71.981,0.014,-69.193) thr=1.00 steer=0.28 blocked=false bounded=true
tick=2460 phase=following reason=path_ready wp=6 dist_wp=16.05 bearing_deg=4.19 speed=1.718 pos=(-72.244,0.014,-66.050) thr=1.00 steer=0.17 blocked=false bounded=true
tick=2490 phase=following reason=path_ready wp=6 dist_wp=11.37 bearing_deg=3.03 speed=2.260 pos=(-72.406,0.011,-61.364) thr=0.88 steer=0.12 blocked=false bounded=true
tick=2520 phase=following reason=path_ready wp=6 dist_wp=5.80 bearing_deg=3.07 speed=2.654 pos=(-72.403,0.009,-55.784) thr=0.60 steer=0.12 blocked=false bounded=true
tick=2550 phase=following reason=path_ready wp=6 dist_wp=0.18 bearing_deg=115.47 speed=2.042 pos=(-72.157,0.016,-49.904) thr=0.00 steer=1.00 blocked=false bounded=true
tick=2580 phase=following reason=path_ready wp=6 dist_wp=2.82 bearing_deg=166.23 speed=0.447 pos=(-71.545,0.032,-47.215) thr=0.00 steer=1.00 blocked=false bounded=true
tick=2610 phase=following reason=path_ready wp=6 dist_wp=2.95 bearing_deg=148.98 speed=0.000 pos=(-71.490,0.008,-47.098) thr=0.00 steer=1.00 blocked=false bounded=true
tick=2640 phase=following reason=path_ready wp=6 dist_wp=2.95 bearing_deg=130.99 speed=0.000 pos=(-71.489,0.001,-47.098) thr=0.00 steer=1.00 blocked=false bounded=true
tick=2670 phase=following reason=path_ready wp=6 dist_wp=2.95 bearing_deg=113.00 speed=0.000 pos=(-71.488,0.001,-47.098) thr=0.00 steer=1.00 blocked=false bounded=true
tick=2700 phase=following reason=path_ready wp=6 dist_wp=2.95 bearing_deg=95.02 speed=0.000 pos=(-71.488,0.001,-47.098) thr=0.00 steer=1.00 blocked=false bounded=true
tick=2730 phase=following reason=path_ready wp=6 dist_wp=2.95 bearing_deg=77.03 speed=0.000 pos=(-71.487,0.001,-47.098) thr=0.00 steer=1.00 blocked=false bounded=true
tick=2760 phase=following reason=path_ready wp=6 dist_wp=2.95 bearing_deg=59.04 speed=0.000 pos=(-71.486,0.001,-47.098) thr=0.00 steer=1.00 blocked=false bounded=true
tick=2790 phase=following reason=path_ready wp=6 dist_wp=2.95 bearing_deg=41.06 speed=0.000 pos=(-71.486,0.001,-47.098) thr=0.00 steer=1.00 blocked=false bounded=true
tick=2820 phase=following reason=path_ready wp=6 dist_wp=2.95 bearing_deg=23.12 speed=0.000 pos=(-71.485,0.001,-47.098) thr=0.00 steer=0.95 blocked=false bounded=true
tick=2850 phase=following reason=path_ready wp=6 dist_wp=2.85 bearing_deg=11.58 speed=0.134 pos=(-71.479,0.004,-47.200) thr=0.34 steer=0.47 blocked=false bounded=true
tick=2880 phase=following reason=path_ready wp=6 dist_wp=2.32 bearing_deg=6.93 speed=0.320 pos=(-71.506,0.004,-47.733) thr=0.28 steer=0.28 blocked=false bounded=true
tick=2910 phase=following reason=path_ready wp=6 dist_wp=1.45 bearing_deg=5.45 speed=0.425 pos=(-71.623,0.003,-48.602) thr=0.12 steer=0.22 blocked=false bounded=true
tick=2940 phase=following reason=path_ready wp=7 dist_wp=20.19 bearing_deg=-130.16 speed=0.000 pos=(-71.670,0.007,-48.876) thr=0.00 steer=-1.00 blocked=false bounded=true
tick=2970 phase=following reason=path_ready wp=7 dist_wp=20.19 bearing_deg=-112.16 speed=0.000 pos=(-71.670,0.001,-48.876) thr=0.00 steer=-1.00 blocked=false bounded=true
tick=3000 phase=following reason=path_ready wp=7 dist_wp=20.19 bearing_deg=-94.17 speed=0.000 pos=(-71.669,0.001,-48.876) thr=0.00 steer=-1.00 blocked=false bounded=true
tick=3030 phase=following reason=path_ready wp=7 dist_wp=20.19 bearing_deg=-76.17 speed=0.000 pos=(-71.668,0.001,-48.876) thr=0.00 steer=-1.00 blocked=false bounded=true
tick=3060 phase=following reason=path_ready wp=7 dist_wp=20.19 bearing_deg=-58.17 speed=0.000 pos=(-71.668,0.001,-48.876) thr=0.00 steer=-1.00 blocked=false bounded=true
tick=3090 phase=following reason=path_ready wp=7 dist_wp=20.19 bearing_deg=-40.17 speed=0.000 pos=(-71.667,0.001,-48.876) thr=0.00 steer=-1.00 blocked=false bounded=true
tick=3120 phase=following reason=path_ready wp=7 dist_wp=20.19 bearing_deg=-22.30 speed=0.000 pos=(-71.666,0.001,-48.876) thr=0.00 steer=-0.91 blocked=false bounded=true
tick=3150 phase=following reason=path_ready wp=7 dist_wp=19.78 bearing_deg=-11.04 speed=0.500 pos=(-71.305,0.011,-48.663) thr=1.00 steer=-0.45 blocked=false bounded=true
tick=3180 phase=following reason=path_ready wp=7 dist_wp=17.82 bearing_deg=-6.06 speed=1.207 pos=(-69.712,0.014,-47.492) thr=1.00 steer=-0.25 blocked=false bounded=true
tick=3210 phase=following reason=path_ready wp=7 dist_wp=14.26 bearing_deg=-3.83 speed=1.902 pos=(-66.985,0.014,-45.175) thr=0.99 steer=-0.16 blocked=false bounded=true
tick=3240 phase=following reason=path_ready wp=7 dist_wp=9.32 bearing_deg=-3.01 speed=2.305 pos=(-63.363,0.007,-41.806) thr=0.79 steer=-0.12 blocked=false bounded=true
tick=3270 phase=following reason=path_ready wp=7 dist_wp=3.55 bearing_deg=-4.12 speed=2.695 pos=(-59.276,0.008,-37.724) thr=0.43 steer=-0.16 blocked=false bounded=true
tick=3300 phase=following reason=path_ready wp=7 dist_wp=1.44 bearing_deg=-170.12 speed=1.434 pos=(-56.007,0.027,-33.956) thr=0.00 steer=-1.00 blocked=false bounded=true
tick=3330 phase=following reason=path_ready wp=7 dist_wp=2.84 bearing_deg=-160.20 speed=0.000 pos=(-55.330,0.030,-32.698) thr=0.00 steer=-1.00 blocked=false bounded=true
tick=3360 phase=following reason=path_ready wp=7 dist_wp=2.84 bearing_deg=-142.20 speed=0.000 pos=(-55.330,0.003,-32.698) thr=0.00 steer=-1.00 blocked=false bounded=true
tick=3390 phase=following reason=path_ready wp=7 dist_wp=2.84 bearing_deg=-124.20 speed=0.000 pos=(-55.330,0.001,-32.698) thr=0.00 steer=-1.00 blocked=false bounded=true
tick=3420 phase=following reason=path_ready wp=7 dist_wp=2.84 bearing_deg=-106.20 speed=0.000 pos=(-55.330,0.001,-32.698) thr=0.00 steer=-1.00 blocked=false bounded=true
tick=3450 phase=following reason=path_ready wp=7 dist_wp=2.84 bearing_deg=-88.20 speed=0.000 pos=(-55.330,0.001,-32.698) thr=0.00 steer=-1.00 blocked=false bounded=true
tick=3480 phase=following reason=path_ready wp=7 dist_wp=2.84 bearing_deg=-70.20 speed=0.000 pos=(-55.330,0.001,-32.698) thr=0.00 steer=-1.00 blocked=false bounded=true
tick=3510 phase=following reason=path_ready wp=7 dist_wp=2.84 bearing_deg=-52.20 speed=0.000 pos=(-55.330,0.001,-32.698) thr=0.00 steer=-1.00 blocked=false bounded=true
tick=3540 phase=following reason=path_ready wp=7 dist_wp=2.84 bearing_deg=-34.20 speed=0.000 pos=(-55.330,0.001,-32.698) thr=0.00 steer=-1.00 blocked=false bounded=true
tick=3570 phase=following reason=path_ready wp=7 dist_wp=2.84 bearing_deg=-17.51 speed=0.007 pos=(-55.330,0.001,-32.698) thr=0.34 steer=-0.72 blocked=false bounded=true
tick=3600 phase=following reason=path_ready wp=7 dist_wp=2.60 bearing_deg=-9.29 speed=0.205 pos=(-55.515,0.004,-32.872) thr=0.32 steer=-0.38 blocked=false bounded=true
tick=3630 phase=following reason=path_ready wp=7 dist_wp=1.94 bearing_deg=-6.05 speed=0.359 pos=(-55.949,0.004,-33.372) thr=0.23 steer=-0.24 blocked=false bounded=true
tick=3660 phase=following reason=path_ready wp=8 dist_wp=20.07 bearing_deg=-166.27 speed=0.000 pos=(-56.404,0.007,-33.976) thr=0.00 steer=-1.00 blocked=false bounded=true
tick=3690 phase=following reason=path_ready wp=8 dist_wp=20.07 bearing_deg=-148.27 speed=0.000 pos=(-56.404,0.002,-33.976) thr=0.00 steer=-1.00 blocked=false bounded=true
tick=3720 phase=following reason=path_ready wp=8 dist_wp=20.07 bearing_deg=-130.27 speed=0.000 pos=(-56.404,0.001,-33.976) thr=0.00 steer=-1.00 blocked=false bounded=true
tick=3750 phase=following reason=path_ready wp=8 dist_wp=20.07 bearing_deg=-112.27 speed=0.000 pos=(-56.404,0.001,-33.976) thr=0.00 steer=-1.00 blocked=false bounded=true
tick=3780 phase=following reason=path_ready wp=8 dist_wp=20.07 bearing_deg=-94.27 speed=0.000 pos=(-56.404,0.001,-33.976) thr=0.00 steer=-1.00 blocked=false bounded=true
tick=3810 phase=following reason=path_ready wp=8 dist_wp=20.07 bearing_deg=-76.27 speed=0.000 pos=(-56.404,0.001,-33.976) thr=0.00 steer=-1.00 blocked=false bounded=true
tick=3840 phase=following reason=path_ready wp=8 dist_wp=20.07 bearing_deg=-58.27 speed=0.000 pos=(-56.404,0.001,-33.976) thr=0.00 steer=-1.00 blocked=false bounded=true
tick=3870 phase=following reason=path_ready wp=8 dist_wp=20.07 bearing_deg=-40.27 speed=0.000 pos=(-56.404,0.001,-33.976) thr=0.00 steer=-1.00 blocked=false bounded=true
tick=3900 phase=following reason=path_ready wp=8 dist_wp=20.07 bearing_deg=-22.38 speed=0.000 pos=(-56.404,0.001,-33.976) thr=0.00 steer=-0.92 blocked=false bounded=true
tick=3930 phase=following reason=path_ready wp=8 dist_wp=19.66 bearing_deg=-11.08 speed=0.500 pos=(-56.046,0.011,-33.758) thr=1.00 steer=-0.45 blocked=false bounded=true
tick=3960 phase=following reason=path_ready wp=8 dist_wp=17.70 bearing_deg=-6.09 speed=1.207 pos=(-54.468,0.014,-32.569) thr=1.00 steer=-0.25 blocked=false bounded=true
tick=3990 phase=following reason=path_ready wp=8 dist_wp=14.14 bearing_deg=-3.85 speed=1.902 pos=(-51.771,0.014,-30.217) thr=0.99 steer=-0.16 blocked=false bounded=true
tick=4020 phase=following reason=path_ready wp=8 dist_wp=9.20 bearing_deg=-3.04 speed=2.302 pos=(-48.195,0.007,-26.806) thr=0.78 steer=-0.12 blocked=false bounded=true
tick=4050 phase=following reason=path_ready wp=8 dist_wp=3.45 bearing_deg=-4.22 speed=2.687 pos=(-44.171,0.008,-22.679) thr=0.42 steer=-0.16 blocked=false bounded=true
tick=4080 phase=following reason=path_ready wp=8 dist_wp=1.35 bearing_deg=-169.61 speed=1.292 pos=(-41.076,0.029,-19.013) thr=0.00 steer=-1.00 blocked=false bounded=true
tick=4110 phase=following reason=path_ready wp=8 dist_wp=2.39 bearing_deg=-158.49 speed=0.000 pos=(-40.577,0.025,-18.084) thr=0.00 steer=-1.00 blocked=false bounded=true
tick=4140 phase=following reason=path_ready wp=8 dist_wp=2.39 bearing_deg=-140.49 speed=0.000 pos=(-40.577,0.002,-18.084) thr=0.00 steer=-1.00 blocked=false bounded=true
tick=4170 phase=following reason=path_ready wp=8 dist_wp=2.39 bearing_deg=-122.49 speed=0.000 pos=(-40.577,0.001,-18.084) thr=0.00 steer=-1.00 blocked=false bounded=true
tick=4200 phase=following reason=path_ready wp=8 dist_wp=2.39 bearing_deg=-104.49 speed=0.000 pos=(-40.577,0.001,-18.084) thr=0.00 steer=-1.00 blocked=false bounded=true
tick=4230 phase=following reason=path_ready wp=8 dist_wp=2.39 bearing_deg=-86.49 speed=0.000 pos=(-40.577,0.001,-18.084) thr=0.00 steer=-1.00 blocked=false bounded=true
tick=4260 phase=following reason=path_ready wp=8 dist_wp=2.39 bearing_deg=-68.49 speed=0.000 pos=(-40.577,0.001,-18.084) thr=0.00 steer=-1.00 blocked=false bounded=true
tick=4290 phase=following reason=path_ready wp=8 dist_wp=2.39 bearing_deg=-50.49 speed=0.000 pos=(-40.577,0.001,-18.084) thr=0.00 steer=-1.00 blocked=false bounded=true
tick=4320 phase=following reason=path_ready wp=8 dist_wp=2.39 bearing_deg=-32.49 speed=0.000 pos=(-40.577,0.001,-18.084) thr=0.00 steer=-1.00 blocked=false bounded=true
tick=4350 phase=following reason=path_ready wp=8 dist_wp=2.39 bearing_deg=-16.33 speed=0.000 pos=(-40.577,0.001,-18.084) thr=0.29 steer=-0.67 blocked=false bounded=true
tick=4380 phase=following reason=path_ready wp=8 dist_wp=2.39 bearing_deg=-7.88 speed=0.000 pos=(-40.577,0.001,-18.084) thr=0.29 steer=-0.32 blocked=false bounded=true
tick=4410 phase=following reason=path_ready wp=8 dist_wp=2.39 bearing_deg=-3.80 speed=0.000 pos=(-40.577,0.001,-18.084) thr=0.29 steer=-0.16 blocked=false bounded=true
tick=4440 phase=following reason=path_ready wp=8 dist_wp=2.39 bearing_deg=-1.83 speed=0.000 pos=(-40.577,0.001,-18.084) thr=0.29 steer=-0.08 blocked=false bounded=true
tick=4470 phase=reverse reason=insufficient_actual_progress wp=8 dist_wp=2.39 bearing_deg=-0.93 speed=-0.010 pos=(-40.577,0.001,-18.084) thr=-0.75 steer=0.00 blocked=false bounded=true
tick=4500 phase=reverse reason=insufficient_actual_progress wp=8 dist_wp=2.57 bearing_deg=-0.86 speed=-0.137 pos=(-40.465,0.003,-17.938) thr=-0.75 steer=0.00 blocked=false bounded=true
tick=4530 phase=reverse reason=insufficient_actual_progress wp=8 dist_wp=3.00 bearing_deg=-0.73 speed=-0.239 pos=(-40.201,0.003,-17.595) thr=-0.75 steer=0.00 blocked=false bounded=true
tick=4560 phase=turn_recovery reason=reverse_complete wp=8 dist_wp=3.24 bearing_deg=-12.62 speed=0.000 pos=(-40.058,0.005,-17.410) thr=0.00 steer=1.00 blocked=false bounded=true
tick=4590 phase=following reason=path_ready wp=0 dist_wp=3.24 bearing_deg=-21.28 speed=0.000 pos=(-40.058,0.000,-17.410) thr=0.00 steer=-0.87 blocked=false bounded=true
tick=4620 phase=following reason=path_ready wp=0 dist_wp=3.23 bearing_deg=-10.30 speed=0.017 pos=(-40.066,0.001,-17.417) thr=0.38 steer=-0.42 blocked=false bounded=true
tick=4650 phase=following reason=path_ready wp=0 dist_wp=3.17 bearing_deg=-5.07 speed=0.036 pos=(-40.108,0.001,-17.462) thr=0.38 steer=-0.21 blocked=false bounded=true
tick=4680 phase=following reason=path_ready wp=0 dist_wp=3.07 bearing_deg=-2.52 speed=0.049 pos=(-40.172,0.001,-17.538) thr=0.37 steer=-0.10 blocked=false bounded=true
tick=4710 phase=following reason=path_ready wp=0 dist_wp=2.95 bearing_deg=-1.26 speed=0.053 pos=(-40.246,0.001,-17.632) thr=0.35 steer=-0.05 blocked=false bounded=true
tick=4740 phase=reverse reason=insufficient_actual_progress wp=0 dist_wp=2.97 bearing_deg=-1.03 speed=-0.072 pos=(-40.229,0.003,-17.611) thr=-0.75 steer=0.00 blocked=false bounded=true
tick=4770 phase=reverse reason=insufficient_actual_progress wp=0 dist_wp=3.26 bearing_deg=-0.93 speed=-0.175 pos=(-40.055,0.003,-17.385) thr=-0.75 steer=0.00 blocked=false bounded=true
tick=4800 phase=turn_recovery reason=reverse_complete wp=0 dist_wp=3.61 bearing_deg=5.12 speed=0.000 pos=(-39.843,0.005,-17.108) thr=0.00 steer=-1.00 blocked=false bounded=true
tick=4830 phase=turn_recovery reason=reverse_complete wp=0 dist_wp=3.61 bearing_deg=23.12 speed=0.000 pos=(-39.843,0.001,-17.108) thr=0.00 steer=-1.00 blocked=false bounded=true
tick=4860 phase=following reason=path_ready wp=0 dist_wp=3.60 bearing_deg=12.36 speed=0.024 pos=(-39.848,0.002,-17.120) thr=0.42 steer=0.51 blocked=false bounded=true
tick=4890 phase=following reason=path_ready wp=0 dist_wp=3.49 bearing_deg=6.16 speed=0.069 pos=(-39.901,0.002,-17.217) thr=0.41 steer=0.25 blocked=false bounded=true
tick=4920 phase=following reason=path_ready wp=0 dist_wp=3.29 bearing_deg=3.17 speed=0.103 pos=(-40.010,0.002,-17.386) thr=0.39 steer=0.13 blocked=false bounded=true
tick=4950 phase=following reason=path_ready wp=0 dist_wp=3.03 bearing_deg=1.67 speed=0.119 pos=(-40.158,0.001,-17.598) thr=0.36 steer=0.07 blocked=false bounded=true
tick=4980 phase=following reason=path_ready wp=0 dist_wp=2.76 bearing_deg=0.89 speed=0.114 pos=(-40.318,0.001,-17.816) thr=0.33 steer=0.04 blocked=false bounded=true
tick=5010 phase=following reason=path_ready wp=0 dist_wp=2.52 bearing_deg=0.79 speed=0.086 pos=(-40.458,0.001,-18.002) thr=0.31 steer=0.00 blocked=false bounded=true
tick=5040 phase=following reason=path_ready wp=0 dist_wp=2.36 bearing_deg=0.79 speed=0.066 pos=(-40.556,0.001,-18.134) thr=0.29 steer=0.00 blocked=false bounded=true
tick=5070 phase=following reason=path_ready wp=0 dist_wp=2.23 bearing_deg=0.78 speed=0.047 pos=(-40.635,0.001,-18.240) thr=0.27 steer=0.00 blocked=false bounded=true
tick=5100 phase=following reason=path_ready wp=0 dist_wp=2.15 bearing_deg=0.80 speed=0.017 pos=(-40.680,0.002,-18.300) thr=0.26 steer=0.00 blocked=false bounded=true
tick=5130 phase=following reason=path_ready wp=0 dist_wp=2.15 bearing_deg=0.79 speed=0.000 pos=(-40.684,0.000,-18.305) thr=0.25 steer=0.00 blocked=false bounded=true
tick=5160 phase=following reason=path_ready wp=0 dist_wp=2.15 bearing_deg=0.79 speed=0.000 pos=(-40.684,0.000,-18.305) thr=0.25 steer=0.00 blocked=false bounded=true
tick=5190 phase=following reason=path_ready wp=0 dist_wp=2.15 bearing_deg=0.79 speed=0.000 pos=(-40.684,0.000,-18.305) thr=0.25 steer=0.00 blocked=false bounded=true
tick=5220 phase=reverse reason=insufficient_actual_progress wp=0 dist_wp=2.20 bearing_deg=0.77 speed=-0.083 pos=(-40.651,0.003,-18.261) thr=-0.75 steer=0.00 blocked=false bounded=true
tick=5250 phase=reverse reason=insufficient_actual_progress wp=0 dist_wp=2.56 bearing_deg=0.67 speed=-0.220 pos=(-40.435,0.004,-17.976) thr=-0.75 steer=0.00 blocked=false bounded=true
tick=5280 phase=turn_recovery reason=reverse_complete wp=0 dist_wp=3.11 bearing_deg=-2.38 speed=-0.008 pos=(-40.103,0.003,-17.538) thr=0.00 steer=1.00 blocked=false bounded=true
tick=5310 phase=turn_recovery reason=reverse_complete wp=0 dist_wp=3.11 bearing_deg=-20.38 speed=0.000 pos=(-40.103,0.002,-17.538) thr=0.00 steer=1.00 blocked=false bounded=true
tick=5340 phase=following reason=path_ready wp=0 dist_wp=3.11 bearing_deg=-14.06 speed=0.004 pos=(-40.103,0.001,-17.538) thr=0.37 steer=-0.58 blocked=false bounded=true
tick=5370 phase=following reason=path_ready wp=0 dist_wp=3.09 bearing_deg=-6.82 speed=0.016 pos=(-40.114,0.001,-17.549) thr=0.37 steer=-0.28 blocked=false bounded=true
tick=5400 phase=following reason=path_ready wp=0 dist_wp=3.04 bearing_deg=-3.34 speed=0.025 pos=(-40.146,0.001,-17.585) thr=0.36 steer=-0.14 blocked=false bounded=true
tick=5430 phase=following reason=path_ready wp=0 dist_wp=2.98 bearing_deg=-1.64 speed=0.030 pos=(-40.187,0.001,-17.634) thr=0.36 steer=-0.07 blocked=false bounded=true
