tick=0 phase=following reason=path_ready wp=1 dist_wp=13.42 bearing_deg=26.57 speed=0.000 pos=(27.000,0.005,-130.000) thr=0.00 steer=1.00 blocked=false bounded=true
tick=30 phase=following reason=path_ready wp=1 dist_wp=13.32 bearing_deg=13.28 speed=0.185 pos=(27.021,0.005,-129.901) thr=0.95 steer=0.54 blocked=false bounded=true
tick=60 phase=following reason=path_ready wp=1 dist_wp=12.27 bearing_deg=7.04 speed=0.632 pos=(27.348,0.009,-128.893) thr=0.91 steer=0.29 blocked=false bounded=true
tick=90 phase=following reason=path_ready wp=1 dist_wp=10.16 bearing_deg=4.21 speed=1.025 pos=(28.168,0.008,-126.932) thr=0.82 steer=0.17 blocked=false bounded=true
tick=120 phase=following reason=path_ready wp=1 dist_wp=7.16 bearing_deg=2.98 speed=1.322 pos=(29.463,0.007,-124.225) thr=0.67 steer=0.12 blocked=false bounded=true
tick=150 phase=following reason=path_ready wp=1 dist_wp=3.59 bearing_deg=2.98 speed=1.468 pos=(31.120,0.004,-121.062) thr=0.43 steer=0.12 blocked=false bounded=true
tick=180 phase=following reason=path_ready wp=1 dist_wp=0.40 bearing_deg=13.66 speed=0.662 pos=(32.714,0.020,-118.277) thr=0.00 steer=0.49 blocked=false bounded=true
tick=210 phase=following reason=path_ready wp=2 dist_wp=19.66 bearing_deg=37.73 speed=0.000 pos=(32.872,0.009,-118.042) thr=0.00 steer=1.00 blocked=false bounded=true
tick=240 phase=following reason=path_ready wp=2 dist_wp=19.66 bearing_deg=20.20 speed=0.000 pos=(32.872,0.001,-118.042) thr=0.00 steer=0.83 blocked=false bounded=true
tick=270 phase=following reason=path_ready wp=2 dist_wp=19.21 bearing_deg=10.02 speed=0.416 pos=(33.312,0.009,-117.925) thr=1.00 steer=0.41 blocked=false bounded=true
tick=300 phase=following reason=path_ready wp=2 dist_wp=17.52 bearing_deg=5.41 speed=0.912 pos=(34.988,0.010,-117.645) thr=1.00 steer=0.22 blocked=false bounded=true
tick=330 phase=following reason=path_ready wp=2 dist_wp=14.59 bearing_deg=3.24 speed=1.402 pos=(37.917,0.010,-117.348) thr=1.00 steer=0.13 blocked=false bounded=true
tick=360 phase=following reason=path_ready wp=2 dist_wp=10.47 bearing_deg=2.28 speed=1.827 pos=(42.033,0.009,-117.092) thr=0.84 steer=0.09 blocked=false bounded=true
tick=390 phase=following reason=path_ready wp=2 dist_wp=5.48 bearing_deg=2.24 speed=2.085 pos=(47.025,0.006,-116.915) thr=0.57 steer=0.09 blocked=false bounded=true
tick=420 phase=following reason=path_ready wp=2 dist_wp=0.44 bearing_deg=14.60 speed=1.511 pos=(52.080,0.014,-116.880) thr=0.00 steer=0.46 blocked=false bounded=true
tick=450 phase=following reason=path_ready wp=3 dist_wp=18.14 bearing_deg=-12.64 speed=0.482 pos=(53.893,0.018,-117.090) thr=1.00 steer=-0.52 blocked=false bounded=true
tick=480 phase=following reason=path_ready wp=3 dist_wp=16.30 bearing_deg=-6.93 speed=0.976 pos=(55.748,0.009,-117.253) thr=1.00 steer=-0.28 blocked=false bounded=true
tick=510 phase=following reason=path_ready wp=3 dist_wp=13.21 bearing_deg=-4.27 speed=1.456 pos=(58.847,0.010,-117.268) thr=0.95 steer=-0.17 blocked=false bounded=true
tick=540 phase=following reason=path_ready wp=3 dist_wp=9.02 bearing_deg=-3.16 speed=1.832 pos=(63.043,0.008,-117.076) thr=0.77 steer=-0.13 blocked=false bounded=true
tick=570 phase=following reason=path_ready wp=3 dist_wp=4.07 bearing_deg=-3.58 speed=2.056 pos=(67.984,0.005,-116.662) thr=0.47 steer=-0.14 blocked=false bounded=true
tick=600 phase=following reason=path_ready wp=3 dist_wp=0.42 bearing_deg=-158.65 speed=1.081 pos=(72.411,0.023,-116.058) thr=0.00 steer=-1.00 blocked=false bounded=true
tick=630 phase=following reason=path_ready wp=4 dist_wp=21.84 bearing_deg=-62.16 speed=0.000 pos=(73.212,0.019,-115.809) thr=0.00 steer=-1.00 blocked=false bounded=true
tick=660 phase=following reason=path_ready wp=4 dist_wp=21.84 bearing_deg=-44.16 speed=0.000 pos=(73.212,0.002,-115.809) thr=0.00 steer=-1.00 blocked=false bounded=true
tick=690 phase=following reason=path_ready wp=4 dist_wp=21.84 bearing_deg=-26.16 speed=0.000 pos=(73.212,0.001,-115.809) thr=0.00 steer=-1.00 blocked=false bounded=true
tick=720 phase=following reason=path_ready wp=4 dist_wp=21.66 bearing_deg=-12.77 speed=0.293 pos=(73.247,0.008,-115.627) thr=1.00 steer=-0.52 blocked=false bounded=true
tick=750 phase=following reason=path_ready wp=4 dist_wp=20.12 bearing_deg=-6.75 speed=0.918 pos=(73.385,0.013,-114.076) thr=1.00 steer=-0.28 blocked=false bounded=true
tick=780 phase=following reason=path_ready wp=4 dist_wp=16.94 bearing_deg=-4.01 speed=1.601 pos=(73.419,0.014,-110.880) thr=1.00 steer=-0.16 blocked=false bounded=true
tick=810 phase=following reason=path_ready wp=4 dist_wp=12.01 bearing_deg=-2.89 speed=2.254 pos=(73.240,0.014,-105.944) thr=0.91 steer=-0.12 blocked=false bounded=true
tick=840 phase=following reason=path_ready wp=4 dist_wp=6.01 bearing_deg=-2.98 speed=2.573 pos=(72.820,0.009,-99.954) thr=0.61 steer=-0.12 blocked=false bounded=true
tick=870 phase=following reason=path_ready wp=4 dist_wp=0.34 bearing_deg=-149.74 speed=1.965 pos=(72.117,0.016,-93.677) thr=0.00 steer=-1.00 blocked=false bounded=true
tick=900 phase=following reason=path_ready wp=4 dist_wp=3.14 bearing_deg=-165.83 speed=0.373 pos=(71.277,0.031,-90.942) thr=0.00 steer=-1.00 blocked=false bounded=true
tick=930 phase=following reason=path_ready wp=4 dist_wp=3.24 bearing_deg=-148.33 speed=0.000 pos=(71.230,0.007,-90.857) thr=0.00 steer=-1.00 blocked=false bounded=true
tick=960 phase=following reason=path_ready wp=4 dist_wp=3.24 bearing_deg=-130.33 speed=0.000 pos=(71.230,0.001,-90.857) thr=0.00 steer=-1.00 blocked=false bounded=true
tick=990 phase=following reason=path_ready wp=4 dist_wp=3.24 bearing_deg=-112.33 speed=0.000 pos=(71.230,0.001,-90.857) thr=0.00 steer=-1.00 blocked=false bounded=true
tick=1020 phase=following reason=path_ready wp=4 dist_wp=3.24 bearing_deg=-94.33 speed=0.000 pos=(71.230,0.001,-90.857) thr=0.00 steer=-1.00 blocked=false bounded=true
tick=1050 phase=following reason=path_ready wp=4 dist_wp=3.24 bearing_deg=-76.33 speed=0.000 pos=(71.230,0.001,-90.857) thr=0.00 steer=-1.00 blocked=false bounded=true
tick=1080 phase=following reason=path_ready wp=4 dist_wp=3.24 bearing_deg=-58.33 speed=0.000 pos=(71.230,0.001,-90.857) thr=0.00 steer=-1.00 blocked=false bounded=true
tick=1110 phase=following reason=path_ready wp=4 dist_wp=3.24 bearing_deg=-40.33 speed=0.000 pos=(71.230,0.001,-90.857) thr=0.00 steer=-1.00 blocked=false bounded=true
tick=1140 phase=following reason=path_ready wp=4 dist_wp=3.24 bearing_deg=-22.44 speed=0.000 pos=(71.230,0.001,-90.857) thr=0.00 steer=-0.92 blocked=false bounded=true
tick=1170 phase=following reason=path_ready wp=4 dist_wp=3.10 bearing_deg=-11.32 speed=0.156 pos=(71.233,0.004,-90.995) thr=0.37 steer=-0.46 blocked=false bounded=true
tick=1200 phase=following reason=path_ready wp=4 dist_wp=2.44 bearing_deg=-7.01 speed=0.358 pos=(71.314,0.005,-91.660) thr=0.30 steer=-0.28 blocked=false bounded=true
tick=1230 phase=following reason=path_ready wp=4 dist_wp=1.37 bearing_deg=-6.11 speed=0.465 pos=(71.534,0.003,-92.713) thr=0.10 steer=-0.24 blocked=false bounded=true
tick=1260 phase=following reason=path_ready wp=5 dist_wp=20.94 bearing_deg=-149.38 speed=0.000 pos=(71.593,0.006,-92.938) thr=0.00 steer=-1.00 blocked=false bounded=true
tick=1290 phase=following reason=path_ready wp=5 dist_wp=20.94 bearing_deg=-131.38 speed=0.000 pos=(71.593,0.000,-92.938) thr=0.00 steer=-1.00 blocked=false bounded=true
tick=1320 phase=following reason=path_ready wp=5 dist_wp=20.94 bearing_deg=-113.38 speed=0.000 pos=(71.593,0.000,-92.938) thr=0.00 steer=-1.00 blocked=false bounded=true
tick=1350 phase=following reason=path_ready wp=5 dist_wp=20.94 bearing_deg=-95.38 speed=0.000 pos=(71.593,0.000,-92.938) thr=0.00 steer=-1.00 blocked=false bounded=true
tick=1380 phase=following reason=path_ready wp=5 dist_wp=20.94 bearing_deg=-77.38 speed=0.000 pos=(71.593,0.000,-92.938) thr=0.00 steer=-1.00 blocked=false bounded=true
tick=1410 phase=following reason=path_ready wp=5 dist_wp=20.94 bearing_deg=-59.38 speed=0.000 pos=(71.593,0.000,-92.938) thr=0.00 steer=-1.00 blocked=false bounded=true
tick=1440 phase=following reason=path_ready wp=5 dist_wp=20.94 bearing_deg=-41.38 speed=0.000 pos=(71.593,0.000,-92.938) thr=0.00 steer=-1.00 blocked=false bounded=true
tick=1470 phase=following reason=path_ready wp=5 dist_wp=20.94 bearing_deg=-23.41 speed=0.000 pos=(71.593,0.000,-92.938) thr=0.00 steer=-0.96 blocked=false bounded=true
tick=1500 phase=following reason=path_ready wp=5 dist_wp=20.57 bearing_deg=-11.55 speed=0.452 pos=(71.687,0.011,-92.569) thr=1.00 steer=-0.47 blocked=false bounded=true
tick=1530 phase=following reason=path_ready wp=5 dist_wp=18.52 bearing_deg=-6.34 speed=1.160 pos=(71.994,0.014,-90.524) thr=1.00 steer=-0.26 blocked=false bounded=true
tick=1560 phase=following reason=path_ready wp=5 dist_wp=14.69 bearing_deg=-4.03 speed=1.856 pos=(72.283,0.014,-86.692) thr=1.00 steer=-0.16 blocked=false bounded=true
tick=1590 phase=following reason=path_ready wp=5 dist_wp=9.30 bearing_deg=-3.27 speed=2.269 pos=(72.436,0.008,-81.288) thr=0.78 steer=-0.13 blocked=false bounded=true
tick=1620 phase=following reason=path_ready wp=5 dist_wp=3.02 bearing_deg=-5.22 speed=2.644 pos=(72.370,0.007,-75.000) thr=0.38 steer=-0.20 blocked=false bounded=true
tick=1650 phase=following reason=path_ready wp=5 dist_wp=1.98 bearing_deg=-169.87 speed=1.208 pos=(71.863,0.028,-70.029) thr=0.00 steer=-1.00 blocked=false bounded=true
tick=1680 phase=following reason=path_ready wp=5 dist_wp=3.07 bearing_deg=-157.53 speed=0.000 pos=(71.504,0.024,-68.972) thr=0.00 steer=-1.00 blocked=false bounded=true
tick=1710 phase=following reason=path_ready wp=5 dist_wp=3.07 bearing_deg=-139.53 speed=0.000 pos=(71.504,0.002,-68.972) thr=0.00 steer=-1.00 blocked=false bounded=true
tick=1740 phase=following reason=path_ready wp=5 dist_wp=3.07 bearing_deg=-121.53 speed=0.000 pos=(71.504,0.001,-68.972) thr=0.00 steer=-1.00 blocked=false bounded=true
tick=1770 phase=following reason=path_ready wp=5 dist_wp=3.07 bearing_deg=-103.53 speed=0.000 pos=(71.504,0.001,-68.972) thr=0.00 steer=-1.00 blocked=false bounded=true
tick=1800 phase=following reason=path_ready wp=5 dist_wp=3.07 bearing_deg=-85.53 speed=0.000 pos=(71.504,0.001,-68.972) thr=0.00 steer=-1.00 blocked=false bounded=true
tick=1830 phase=following reason=path_ready wp=5 dist_wp=3.07 bearing_deg=-67.53 speed=0.000 pos=(71.504,0.001,-68.972) thr=0.00 steer=-1.00 blocked=false bounded=true
tick=1860 phase=following reason=path_ready wp=5 dist_wp=3.07 bearing_deg=-49.53 speed=0.000 pos=(71.504,0.001,-68.972) thr=0.00 steer=-1.00 blocked=false bounded=true
tick=1890 phase=following reason=path_ready wp=5 dist_wp=3.07 bearing_deg=-31.53 speed=0.000 pos=(71.504,0.001,-68.972) thr=0.00 steer=-1.00 blocked=false bounded=true
tick=1920 phase=following reason=path_ready wp=5 dist_wp=3.06 bearing_deg=-15.76 speed=0.037 pos=(71.503,0.002,-68.980) thr=0.37 steer=-0.65 blocked=false bounded=true
tick=1950 phase=following reason=path_ready wp=5 dist_wp=2.69 bearing_deg=-8.70 speed=0.249 pos=(71.498,0.005,-69.357) thr=0.33 steer=-0.35 blocked=false bounded=true
tick=1980 phase=following reason=path_ready wp=5 dist_wp=1.85 bearing_deg=-6.18 speed=0.403 pos=(71.573,0.004,-70.203) thr=0.21 steer=-0.25 blocked=false bounded=true
tick=2010 phase=following reason=path_ready wp=6 dist_wp=20.90 bearing_deg=-162.20 speed=0.000 pos=(71.681,0.010,-70.896) thr=0.00 steer=-1.00 blocked=false bounded=true
tick=2040 phase=following reason=path_ready wp=6 dist_wp=20.90 bearing_deg=-144.20 speed=0.000 pos=(71.681,0.001,-70.896) thr=0.00 steer=-1.00 blocked=false bounded=true
tick=2070 phase=following reason=path_ready wp=6 dist_wp=20.90 bearing_deg=-126.20 speed=0.000 pos=(71.681,0.001,-70.896) thr=0.00 steer=-1.00 blocked=false bounded=true
tick=2100 phase=following reason=path_ready wp=6 dist_wp=20.90 bearing_deg=-108.20 speed=0.000 pos=(71.681,0.001,-70.896) thr=0.00 steer=-1.00 blocked=false bounded=true
tick=2130 phase=following reason=path_ready wp=6 dist_wp=20.90 bearing_deg=-90.20 speed=0.000 pos=(71.681,0.001,-70.896) thr=0.00 steer=-1.00 blocked=false bounded=true
tick=2160 phase=following reason=path_ready wp=6 dist_wp=20.90 bearing_deg=-72.20 speed=0.000 pos=(71.681,0.001,-70.896) thr=0.00 steer=-1.00 blocked=false bounded=true
tick=2190 phase=following reason=path_ready wp=6 dist_wp=20.90 bearing_deg=-54.20 speed=0.000 pos=(71.681,0.001,-70.896) thr=0.00 steer=-1.00 blocked=false bounded=true
tick=2220 phase=following reason=path_ready wp=6 dist_wp=20.90 bearing_deg=-36.20 speed=0.000 pos=(71.681,0.001,-70.896) thr=0.00 steer=-1.00 blocked=false bounded=true
tick=2250 phase=following reason=path_ready wp=6 dist_wp=20.90 bearing_deg=-18.98 speed=0.000 pos=(71.681,0.001,-70.896) thr=0.00 steer=-0.78 blocked=false bounded=true
tick=2280 phase=following reason=path_ready wp=6 dist_wp=20.16 bearing_deg=-9.58 speed=0.642 pos=(71.842,0.013,-70.156) thr=1.00 steer=-0.39 blocked=false bounded=true
tick=2310 phase=following reason=path_ready wp=6 dist_wp=17.63 bearing_deg=-5.44 speed=1.347 pos=(72.147,0.014,-67.629) thr=1.00 steer=-0.22 blocked=false bounded=true
tick=2340 phase=following reason=path_ready wp=6 dist_wp=13.33 bearing_deg=-3.64 speed=2.036 pos=(72.388,0.014,-63.326) thr=0.96 steer=-0.15 blocked=false bounded=true
tick=2370 phase=following reason=path_ready wp=6 dist_wp=7.68 bearing_deg=-3.26 speed=2.397 pos=(72.467,0.007,-57.664) thr=0.70 steer=-0.13 blocked=false bounded=true
tick=2400 phase=following reason=path_ready wp=6 dist_wp=1.27 bearing_deg=-10.27 speed=2.384 pos=(72.297,0.001,-51.240) thr=0.12 steer=-0.36 blocked=false bounded=true
tick=2430 phase=following reason=path_ready wp=6 dist_wp=2.61 bearing_deg=-168.33 speed=0.761 pos=(71.667,0.031,-47.409) thr=0.00 steer=-1.00 blocked=false bounded=true
tick=2460 phase=following reason=path_ready wp=6 dist_wp=3.02 bearing_deg=-152.49 speed=0.000 pos=(71.509,0.012,-47.017) thr=0.00 steer=-1.00 blocked=false bounded=true
tick=2490 phase=following reason=path_ready wp=6 dist_wp=3.02 bearing_deg=-134.49 speed=0.000 pos=(71.509,0.001,-47.017) thr=0.00 steer=-1.00 blocked=false bounded=true
tick=2520 phase=following reason=path_ready wp=6 dist_wp=3.02 bearing_deg=-116.49 speed=0.000 pos=(71.509,0.000,-47.017) thr=0.00 steer=-1.00 blocked=false bounded=true
tick=2550 phase=following reason=path_ready wp=6 dist_wp=3.02 bearing_deg=-98.49 speed=0.000 pos=(71.509,0.000,-47.017) thr=0.00 steer=-1.00 blocked=false bounded=true
tick=2580 phase=following reason=path_ready wp=6 dist_wp=3.02 bearing_deg=-80.49 speed=0.000 pos=(71.509,0.000,-47.017) thr=0.00 steer=-1.00 blocked=false bounded=true
tick=2610 phase=following reason=path_ready wp=6 dist_wp=3.02 bearing_deg=-62.49 speed=0.000 pos=(71.509,0.000,-47.017) thr=0.00 steer=-1.00 blocked=false bounded=true
tick=2640 phase=following reason=path_ready wp=6 dist_wp=3.02 bearing_deg=-44.49 speed=0.000 pos=(71.509,0.000,-47.017) thr=0.00 steer=-1.00 blocked=false bounded=true
tick=2670 phase=following reason=path_ready wp=6 dist_wp=3.02 bearing_deg=-26.49 speed=0.000 pos=(71.509,0.000,-47.017) thr=0.00 steer=-1.00 blocked=false bounded=true
tick=2700 phase=following reason=path_ready wp=6 dist_wp=2.98 bearing_deg=-13.01 speed=0.076 pos=(71.505,0.003,-47.061) thr=0.36 steer=-0.53 blocked=false bounded=true
tick=2730 phase=following reason=path_ready wp=6 dist_wp=2.58 bearing_deg=-7.30 speed=0.236 pos=(71.513,0.004,-47.470) thr=0.31 steer=-0.30 blocked=false bounded=true
tick=2760 phase=following reason=path_ready wp=6 dist_wp=1.82 bearing_deg=-5.01 speed=0.354 pos=(71.593,0.003,-48.221) thr=0.21 steer=-0.20 blocked=false bounded=true
tick=2790 phase=following reason=path_ready wp=7 dist_wp=20.19 bearing_deg=136.05 speed=0.000 pos=(71.692,0.010,-48.851) thr=0.00 steer=1.00 blocked=false bounded=true
tick=2820 phase=following reason=path_ready wp=7 dist_wp=20.19 bearing_deg=118.05 speed=0.000 pos=(71.692,0.002,-48.851) thr=0.00 steer=1.00 blocked=false bounded=true
tick=2850 phase=following reason=path_ready wp=7 dist_wp=20.19 bearing_deg=100.05 speed=0.000 pos=(71.692,0.001,-48.851) thr=0.00 steer=1.00 blocked=false bounded=true
tick=2880 phase=following reason=path_ready wp=7 dist_wp=20.19 bearing_deg=82.05 speed=0.000 pos=(71.692,0.001,-48.851) thr=0.00 steer=1.00 blocked=false bounded=true
tick=2910 phase=following reason=path_ready wp=7 dist_wp=20.19 bearing_deg=64.05 speed=0.000 pos=(71.692,0.001,-48.851) thr=0.00 steer=1.00 blocked=false bounded=true
tick=2940 phase=following reason=path_ready wp=7 dist_wp=20.19 bearing_deg=46.05 speed=0.000 pos=(71.692,0.001,-48.851) thr=0.00 steer=1.00 blocked=false bounded=true
tick=2970 phase=following reason=path_ready wp=7 dist_wp=20.19 bearing_deg=28.05 speed=0.000 pos=(71.692,0.001,-48.851) thr=0.00 steer=1.00 blocked=false bounded=true
tick=3000 phase=following reason=path_ready wp=7 dist_wp=20.07 bearing_deg=13.75 speed=0.246 pos=(71.583,0.006,-48.792) thr=1.00 steer=0.56 blocked=false bounded=true
tick=3030 phase=following reason=path_ready wp=7 dist_wp=18.59 bearing_deg=7.28 speed=0.923 pos=(70.348,0.013,-47.945) thr=1.00 steer=0.30 blocked=false bounded=true
tick=3060 phase=following reason=path_ready wp=7 dist_wp=15.36 bearing_deg=4.41 speed=1.624 pos=(67.831,0.014,-45.891) thr=1.00 steer=0.18 blocked=false bounded=true
tick=3090 phase=following reason=path_ready wp=7 dist_wp=10.40 bearing_deg=3.32 speed=2.245 pos=(64.150,0.013,-42.555) thr=0.84 steer=0.13 blocked=false bounded=true
tick=3120 phase=following reason=path_ready wp=7 dist_wp=4.47 bearing_deg=3.99 speed=2.516 pos=(59.908,0.008,-38.401) thr=0.51 steer=0.16 blocked=false bounded=true
tick=3150 phase=following reason=path_ready wp=7 dist_wp=1.10 bearing_deg=167.81 speed=1.512 pos=(56.189,0.023,-34.264) thr=0.00 steer=1.00 blocked=false bounded=true
tick=3180 phase=following reason=path_ready wp=7 dist_wp=2.82 bearing_deg=161.37 speed=0.000 pos=(55.313,0.030,-32.741) thr=0.00 steer=1.00 blocked=false bounded=true
tick=3210 phase=following reason=path_ready wp=7 dist_wp=2.82 bearing_deg=143.37 speed=0.000 pos=(55.313,0.003,-32.741) thr=0.00 steer=1.00 blocked=false bounded=true
tick=3240 phase=following reason=path_ready wp=7 dist_wp=2.82 bearing_deg=125.37 speed=0.000 pos=(55.313,0.001,-32.741) thr=0.00 steer=1.00 blocked=false bounded=true
tick=3270 phase=following reason=path_ready wp=7 dist_wp=2.82 bearing_deg=107.37 speed=0.000 pos=(55.313,0.001,-32.741) thr=0.00 steer=1.00 blocked=false bounded=true
tick=3300 phase=following reason=path_ready wp=7 dist_wp=2.82 bearing_deg=89.37 speed=0.000 pos=(55.313,0.001,-32.741) thr=0.00 steer=1.00 blocked=false bounded=true
tick=3330 phase=following reason=path_ready wp=7 dist_wp=2.82 bearing_deg=71.37 speed=0.000 pos=(55.313,0.001,-32.741) thr=0.00 steer=1.00 blocked=false bounded=true
tick=3360 phase=following reason=path_ready wp=7 dist_wp=2.82 bearing_deg=53.37 speed=0.000 pos=(55.313,0.001,-32.741) thr=0.00 steer=1.00 blocked=false bounded=true
tick=3390 phase=following reason=path_ready wp=7 dist_wp=2.82 bearing_deg=35.37 speed=0.000 pos=(55.313,0.001,-32.741) thr=0.00 steer=1.00 blocked=false bounded=true
tick=3420 phase=following reason=path_ready wp=7 dist_wp=2.82 bearing_deg=18.35 speed=0.000 pos=(55.313,0.001,-32.741) thr=0.00 steer=0.75 blocked=false bounded=true
tick=3450 phase=following reason=path_ready wp=7 dist_wp=2.58 bearing_deg=9.72 speed=0.190 pos=(55.494,0.004,-32.904) thr=0.31 steer=0.40 blocked=false bounded=true
tick=3480 phase=following reason=path_ready wp=7 dist_wp=1.90 bearing_deg=6.45 speed=0.341 pos=(55.958,0.004,-33.417) thr=0.22 steer=0.26 blocked=false bounded=true
tick=3510 phase=following reason=path_ready wp=8 dist_wp=20.07 bearing_deg=165.58 speed=0.000 pos=(56.399,0.009,-33.984) thr=0.00 steer=1.00 blocked=false bounded=true
tick=3540 phase=following reason=path_ready wp=8 dist_wp=20.07 bearing_deg=147.58 speed=0.000 pos=(56.399,0.001,-33.984) thr=0.00 steer=1.00 blocked=false bounded=true
tick=3570 phase=following reason=path_ready wp=8 dist_wp=20.07 bearing_deg=129.58 speed=0.000 pos=(56.399,0.000,-33.984) thr=0.00 steer=1.00 blocked=false bounded=true
tick=3600 phase=following reason=path_ready wp=8 dist_wp=20.07 bearing_deg=111.58 speed=0.000 pos=(56.399,0.000,-33.984) thr=0.00 steer=1.00 blocked=false bounded=true
tick=3630 phase=following reason=path_ready wp=8 dist_wp=20.07 bearing_deg=93.58 speed=0.000 pos=(56.399,0.000,-33.984) thr=0.00 steer=1.00 blocked=false bounded=true
tick=3660 phase=following reason=path_ready wp=8 dist_wp=20.07 bearing_deg=75.58 speed=0.000 pos=(56.399,0.000,-33.984) thr=0.00 steer=1.00 blocked=false bounded=true
tick=3690 phase=following reason=path_ready wp=8 dist_wp=20.07 bearing_deg=57.58 speed=0.000 pos=(56.399,0.000,-33.984) thr=0.00 steer=1.00 blocked=false bounded=true
tick=3720 phase=following reason=path_ready wp=8 dist_wp=20.07 bearing_deg=39.58 speed=0.000 pos=(56.399,0.000,-33.984) thr=0.00 steer=1.00 blocked=false bounded=true
tick=3750 phase=following reason=path_ready wp=8 dist_wp=20.07 bearing_deg=21.77 speed=0.000 pos=(56.399,0.000,-33.984) thr=0.00 steer=0.89 blocked=false bounded=true
tick=3780 phase=following reason=path_ready wp=8 dist_wp=19.58 bearing_deg=10.83 speed=0.523 pos=(55.967,0.012,-33.718) thr=1.00 steer=0.44 blocked=false bounded=true
tick=3810 phase=following reason=path_ready wp=8 dist_wp=17.35 bearing_deg=6.05 speed=1.230 pos=(54.179,0.014,-32.357) thr=1.00 steer=0.25 blocked=false bounded=true
tick=3840 phase=following reason=path_ready wp=8 dist_wp=13.35 bearing_deg=3.97 speed=1.921 pos=(51.162,0.014,-29.704) thr=0.96 steer=0.16 blocked=false bounded=true
tick=3870 phase=following reason=path_ready wp=8 dist_wp=7.87 bearing_deg=3.46 speed=2.297 pos=(47.215,0.007,-25.896) thr=0.71 steer=0.14 blocked=false bounded=true
tick=3900 phase=following reason=path_ready wp=8 dist_wp=1.65 bearing_deg=8.57 speed=2.417 pos=(42.910,0.004,-21.377) thr=0.21 steer=0.31 blocked=false bounded=true
tick=3930 phase=following reason=path_ready wp=8 dist_wp=2.21 bearing_deg=168.04 speed=0.695 pos=(40.616,0.032,-18.281) thr=0.00 steer=1.00 blocked=false bounded=true
tick=3960 phase=following reason=path_ready wp=8 dist_wp=2.52 bearing_deg=151.98 speed=0.000 pos=(40.484,0.012,-17.988) thr=0.00 steer=1.00 blocked=false bounded=true
tick=3990 phase=following reason=path_ready wp=8 dist_wp=2.52 bearing_deg=133.98 speed=0.000 pos=(40.484,0.000,-17.988) thr=0.00 steer=1.00 blocked=false bounded=true
tick=4020 phase=following reason=path_ready wp=8 dist_wp=2.52 bearing_deg=115.98 speed=0.000 pos=(40.484,0.000,-17.988) thr=0.00 steer=1.00 blocked=false bounded=true
tick=4050 phase=following reason=path_ready wp=8 dist_wp=2.52 bearing_deg=97.98 speed=0.000 pos=(40.484,0.000,-17.988) thr=0.00 steer=1.00 blocked=false bounded=true
tick=4080 phase=following reason=path_ready wp=8 dist_wp=2.52 bearing_deg=79.98 speed=0.000 pos=(40.484,0.000,-17.988) thr=0.00 steer=1.00 blocked=false bounded=true
tick=4110 phase=following reason=path_ready wp=8 dist_wp=2.52 bearing_deg=61.98 speed=0.000 pos=(40.484,0.000,-17.988) thr=0.00 steer=1.00 blocked=false bounded=true
tick=4140 phase=following reason=path_ready wp=8 dist_wp=2.52 bearing_deg=43.98 speed=0.000 pos=(40.484,0.000,-17.988) thr=0.00 steer=1.00 blocked=false bounded=true
tick=4170 phase=following reason=path_ready wp=8 dist_wp=2.52 bearing_deg=25.98 speed=0.000 pos=(40.484,0.000,-17.988) thr=0.00 steer=1.00 blocked=false bounded=true
tick=4200 phase=following reason=path_ready wp=8 dist_wp=2.52 bearing_deg=12.55 speed=0.000 pos=(40.484,0.000,-17.988) thr=0.31 steer=0.51 blocked=false bounded=true
tick=4230 phase=following reason=path_ready wp=8 dist_wp=2.52 bearing_deg=6.06 speed=0.000 pos=(40.484,0.000,-17.988) thr=0.31 steer=0.25 blocked=false bounded=true
tick=4260 phase=following reason=path_ready wp=8 dist_wp=2.52 bearing_deg=2.92 speed=0.000 pos=(40.484,0.000,-17.988) thr=0.31 steer=0.12 blocked=false bounded=true
tick=4290 phase=following reason=path_ready wp=8 dist_wp=2.52 bearing_deg=1.41 speed=0.000 pos=(40.484,0.000,-17.988) thr=0.31 steer=0.06 blocked=false bounded=true
tick=4320 phase=reverse reason=insufficient_actual_progress wp=8 dist_wp=2.55 bearing_deg=0.92 speed=-0.045 pos=(40.468,0.002,-17.967) thr=-0.75 steer=0.00 blocked=false bounded=true
tick=4350 phase=reverse reason=insufficient_actual_progress wp=8 dist_wp=2.79 bearing_deg=0.85 speed=-0.147 pos=(40.316,0.003,-17.772) thr=-0.75 steer=0.00 blocked=false bounded=true
tick=4380 phase=turn_recovery reason=reverse_complete wp=8 dist_wp=3.29 bearing_deg=0.14 speed=-0.187 pos=(40.008,0.003,-17.377) thr=0.00 steer=1.00 blocked=false bounded=true
tick=4410 phase=turn_recovery reason=reverse_complete wp=8 dist_wp=3.31 bearing_deg=-17.84 speed=0.000 pos=(39.999,0.002,-17.364) thr=0.00 steer=1.00 blocked=false bounded=true
tick=4440 phase=following reason=path_ready wp=0 dist_wp=3.31 bearing_deg=-15.40 speed=0.006 pos=(39.999,0.001,-17.364) thr=0.39 steer=-0.63 blocked=false bounded=true
tick=4470 phase=following reason=path_ready wp=0 dist_wp=3.26 bearing_deg=-7.54 speed=0.032 pos=(40.020,0.001,-17.404) thr=0.39 steer=-0.31 blocked=false bounded=true
tick=4500 phase=following reason=path_ready wp=0 dist_wp=3.16 bearing_deg=-3.77 speed=0.052 pos=(40.078,0.001,-17.496) thr=0.38 steer=-0.15 blocked=false bounded=true
tick=4530 phase=following reason=path_ready wp=0 dist_wp=3.01 bearing_deg=-1.91 speed=0.063 pos=(40.162,0.001,-17.617) thr=0.36 steer=-0.08 blocked=false bounded=true
tick=4560 phase=following reason=path_ready wp=0 dist_wp=2.85 bearing_deg=-0.97 speed=0.061 pos=(40.256,0.001,-17.745) thr=0.34 steer=-0.04 blocked=false bounded=true
tick=4590 phase=following reason=path_ready wp=0 dist_wp=2.71 bearing_deg=-0.80 speed=0.046 pos=(40.338,0.001,-17.853) thr=0.33 steer=0.00 blocked=false bounded=true
tick=4620 phase=following reason=path_ready wp=0 dist_wp=2.63 bearing_deg=-0.80 speed=0.021 pos=(40.389,0.001,-17.921) thr=0.32 steer=0.00 blocked=false bounded=true
tick=4650 phase=following reason=path_ready wp=0 dist_wp=2.62 bearing_deg=-0.78 speed=0.000 pos=(40.397,0.001,-17.932) thr=0.32 steer=0.00 blocked=false bounded=true
tick=4680 phase=reverse reason=insufficient_actual_progress wp=0 dist_wp=2.67 bearing_deg=-0.77 speed=-0.062 pos=(40.368,0.002,-17.893) thr=-0.75 steer=0.00 blocked=false bounded=true
tick=4710 phase=reverse reason=insufficient_actual_progress wp=0 dist_wp=2.96 bearing_deg=-0.69 speed=-0.164 pos=(40.194,0.003,-17.661) thr=-0.75 steer=0.00 blocked=false bounded=true
tick=4740 phase=turn_recovery reason=reverse_complete wp=0 dist_wp=3.41 bearing_deg=2.96 speed=0.000 pos=(39.922,0.004,-17.301) thr=0.00 steer=-1.00 blocked=false bounded=true
tick=4770 phase=turn_recovery reason=reverse_complete wp=0 dist_wp=3.41 bearing_deg=20.96 speed=0.000 pos=(39.922,0.002,-17.301) thr=0.00 steer=-1.00 blocked=false bounded=true
tick=4800 phase=following reason=path_ready wp=0 dist_wp=3.40 bearing_deg=13.72 speed=0.013 pos=(39.924,0.001,-17.302) thr=0.40 steer=0.56 blocked=false bounded=true
tick=4830 phase=following reason=path_ready wp=0 dist_wp=3.33 bearing_deg=6.78 speed=0.045 pos=(39.979,0.002,-17.354) thr=0.39 steer=0.28 blocked=false bounded=true
tick=4860 phase=following reason=path_ready wp=0 dist_wp=3.18 bearing_deg=3.43 speed=0.069 pos=(40.077,0.001,-17.463) thr=0.38 steer=0.14 blocked=false bounded=true
tick=4890 phase=following reason=path_ready wp=0 dist_wp=2.99 bearing_deg=1.77 speed=0.080 pos=(40.199,0.001,-17.610) thr=0.36 steer=0.07 blocked=false bounded=true
tick=4920 phase=following reason=path_ready wp=0 dist_wp=2.79 bearing_deg=0.92 speed=0.075 pos=(40.322,0.001,-17.766) thr=0.34 steer=0.04 blocked=false bounded=true
tick=4950 phase=following reason=path_ready wp=0 dist_wp=2.63 bearing_deg=0.79 speed=0.054 pos=(40.422,0.001,-17.896) thr=0.32 steer=0.00 blocked=false bounded=true
tick=4980 phase=following reason=path_ready wp=0 dist_wp=2.54 bearing_deg=0.80 speed=0.021 pos=(40.479,0.002,-17.970) thr=0.31 steer=0.00 blocked=false bounded=true
tick=5010 phase=following reason=path_ready wp=0 dist_wp=2.53 bearing_deg=0.78 speed=0.000 pos=(40.486,0.001,-17.977) thr=0.31 steer=0.00 blocked=false bounded=true
tick=5040 phase=following reason=path_ready wp=0 dist_wp=2.53 bearing_deg=0.78 speed=0.000 pos=(40.486,0.001,-17.977) thr=0.31 steer=0.00 blocked=false bounded=true
tick=5070 phase=reverse reason=insufficient_actual_progress wp=0 dist_wp=2.55 bearing_deg=0.78 speed=-0.041 pos=(40.472,0.002,-17.960) thr=-0.75 steer=0.00 blocked=false bounded=true
tick=5100 phase=reverse reason=insufficient_actual_progress wp=0 dist_wp=2.79 bearing_deg=0.72 speed=-0.144 pos=(40.327,0.003,-17.771) thr=-0.75 steer=0.00 blocked=false bounded=true
tick=5130 phase=turn_recovery reason=reverse_complete wp=0 dist_wp=3.28 bearing_deg=0.61 speed=-0.246 pos=(40.023,0.003,-17.377) thr=-0.75 steer=0.00 blocked=false bounded=true
tick=5160 phase=turn_recovery reason=reverse_complete wp=0 dist_wp=3.32 bearing_deg=-17.35 speed=0.000 pos=(40.004,0.002,-17.351) thr=0.00 steer=1.00 blocked=false bounded=true
tick=5190 phase=following reason=path_ready wp=0 dist_wp=3.32 bearing_deg=-15.86 speed=0.005 pos=(40.004,0.001,-17.351) thr=0.39 steer=-0.65 blocked=false bounded=true
tick=5220 phase=following reason=path_ready wp=0 dist_wp=3.27 bearing_deg=-7.76 speed=0.032 pos=(40.024,0.001,-17.390) thr=0.39 steer=-0.32 blocked=false bounded=true
tick=5250 phase=following reason=path_ready wp=0 dist_wp=3.17 bearing_deg=-3.87 speed=0.053 pos=(40.082,0.001,-17.482) thr=0.38 steer=-0.16 blocked=false bounded=true
tick=5280 phase=following reason=path_ready wp=0 dist_wp=3.02 bearing_deg=-1.96 speed=0.064 pos=(40.167,0.001,-17.606) thr=0.36 steer=-0.08 blocked=false bounded=true
tick=5310 phase=following reason=path_ready wp=0 dist_wp=2.85 bearing_deg=-1.00 speed=0.062 pos=(40.262,0.001,-17.736) thr=0.34 steer=-0.04 blocked=false bounded=true
tick=5340 phase=following reason=path_ready wp=0 dist_wp=2.71 bearing_deg=-0.78 speed=0.047 pos=(40.346,0.001,-17.848) thr=0.33 steer=0.00 blocked=false bounded=true
tick=5370 phase=following reason=path_ready wp=0 dist_wp=2.63 bearing_deg=-0.79 speed=0.022 pos=(40.399,0.001,-17.919) thr=0.32 steer=0.00 blocked=false bounded=true
tick=5400 phase=following reason=path_ready wp=0 dist_wp=2.61 bearing_deg=-0.79 speed=0.000 pos=(40.408,0.001,-17.932) thr=0.32 steer=0.00 blocked=false bounded=true
tick=5430 phase=following reason=path_ready wp=0 dist_wp=2.61 bearing_deg=-0.79 speed=0.000 pos=(40.408,0.000,-17.932) thr=0.32 steer=0.00 blocked=false bounded=true
tick=5460 phase=following reason=path_ready wp=0 dist_wp=2.61 bearing_deg=-0.79 speed=0.000 pos=(40.408,0.000,-17.932) thr=0.32 steer=0.00 blocked=false bounded=true
tick=5490 phase=following reason=path_ready wp=0 dist_wp=2.61 bearing_deg=-0.79 speed=0.000 pos=(40.408,0.000,-17.932) thr=0.32 steer=0.00 blocked=false bounded=true
