tick=0 phase=following reason=path_ready wp=1 dist_wp=13.42 bearing_deg=26.57 speed=0.000 pos=(27.000,0.005,-130.000) bounded=true
tick=30 phase=following reason=path_ready wp=1 dist_wp=13.32 bearing_deg=13.28 speed=0.185 pos=(27.021,0.005,-129.902) bounded=true
tick=60 phase=following reason=path_ready wp=1 dist_wp=12.28 bearing_deg=7.04 speed=0.633 pos=(27.345,0.009,-128.903) bounded=true
tick=90 phase=following reason=path_ready wp=1 dist_wp=10.18 bearing_deg=4.20 speed=1.025 pos=(28.158,0.008,-126.958) bounded=true
tick=120 phase=following reason=path_ready wp=1 dist_wp=7.21 bearing_deg=2.96 speed=1.324 pos=(29.443,0.007,-124.270) bounded=true
tick=150 phase=following reason=path_ready wp=1 dist_wp=3.66 bearing_deg=2.93 speed=1.474 pos=(31.088,0.004,-121.126) bounded=true
tick=180 phase=following reason=path_ready wp=1 dist_wp=0.46 bearing_deg=11.84 speed=0.680 pos=(32.681,0.019,-118.335) bounded=true
tick=210 phase=following reason=path_ready wp=2 dist_wp=19.69 bearing_deg=38.41 speed=0.000 pos=(32.844,0.010,-118.087) bounded=true
tick=240 phase=following reason=path_ready wp=2 dist_wp=19.69 bearing_deg=20.76 speed=0.000 pos=(32.844,0.001,-118.087) bounded=true
tick=270 phase=following reason=path_ready wp=2 dist_wp=19.28 bearing_deg=10.28 speed=0.399 pos=(33.247,0.009,-117.977) bounded=true
tick=300 phase=following reason=path_ready wp=2 dist_wp=17.65 bearing_deg=5.52 speed=0.895 pos=(34.866,0.010,-117.698) bounded=true
tick=330 phase=following reason=path_ready wp=2 dist_wp=14.78 bearing_deg=3.29 speed=1.385 pos=(37.728,0.010,-117.396) bounded=true
tick=360 phase=following reason=path_ready wp=2 dist_wp=10.73 bearing_deg=2.30 speed=1.817 pos=(41.775,0.009,-117.129) bounded=true
tick=390 phase=following reason=path_ready wp=2 dist_wp=5.79 bearing_deg=2.18 speed=2.087 pos=(46.714,0.006,-116.937) bounded=true
tick=420 phase=following reason=path_ready wp=2 dist_wp=0.67 bearing_deg=9.81 speed=1.642 pos=(51.845,0.011,-116.878) bounded=true
tick=450 phase=following reason=path_ready wp=3 dist_wp=18.18 bearing_deg=-13.16 speed=0.459 pos=(53.848,0.022,-117.080) bounded=true
tick=480 phase=following reason=path_ready wp=3 dist_wp=16.42 bearing_deg=-7.18 speed=0.953 pos=(55.629,0.009,-117.248) bounded=true
tick=510 phase=following reason=path_ready wp=3 dist_wp=13.41 bearing_deg=-4.39 speed=1.435 pos=(58.647,0.010,-117.274) bounded=true
tick=540 phase=following reason=path_ready wp=3 dist_wp=9.30 bearing_deg=-3.20 speed=1.820 pos=(62.766,0.008,-117.095) bounded=true
tick=570 phase=following reason=path_ready wp=3 dist_wp=4.41 bearing_deg=-3.44 speed=2.055 pos=(67.647,0.005,-116.697) bounded=true
tick=600 phase=following reason=path_ready wp=3 dist_wp=0.24 bearing_deg=-142.19 speed=1.204 pos=(72.216,0.021,-116.102) bounded=true
tick=630 phase=following reason=path_ready wp=4 dist_wp=21.84 bearing_deg=-63.39 speed=0.000 pos=(73.203,0.022,-115.810) bounded=true
tick=660 phase=following reason=path_ready wp=4 dist_wp=21.84 bearing_deg=-45.39 speed=0.000 pos=(73.203,0.001,-115.810) bounded=true
tick=690 phase=following reason=path_ready wp=4 dist_wp=21.84 bearing_deg=-27.39 speed=0.000 pos=(73.203,0.000,-115.810) bounded=true
tick=720 phase=following reason=path_ready wp=4 dist_wp=21.71 bearing_deg=-13.39 speed=0.251 pos=(73.230,0.007,-115.676) bounded=true
tick=750 phase=following reason=path_ready wp=4 dist_wp=20.29 bearing_deg=-7.03 speed=0.877 pos=(73.369,0.013,-114.243) bounded=true
tick=780 phase=following reason=path_ready wp=4 dist_wp=17.25 bearing_deg=-4.14 speed=1.554 pos=(73.415,0.014,-111.191) bounded=true
tick=810 phase=following reason=path_ready wp=4 dist_wp=12.47 bearing_deg=-2.93 speed=2.232 pos=(73.256,0.014,-106.411) bounded=true
tick=840 phase=following reason=path_ready wp=4 dist_wp=6.58 bearing_deg=-2.86 speed=2.550 pos=(72.861,0.009,-100.521) bounded=true
tick=870 phase=following reason=path_ready wp=4 dist_wp=0.23 bearing_deg=-48.73 speed=2.141 pos=(72.192,0.011,-94.123) bounded=true
tick=900 phase=following reason=path_ready wp=4 dist_wp=3.10 bearing_deg=-167.08 speed=0.541 pos=(71.308,0.031,-90.980) bounded=true
tick=930 phase=following reason=path_ready wp=4 dist_wp=3.30 bearing_deg=-150.16 speed=0.000 pos=(71.208,0.009,-90.792) bounded=true
tick=960 phase=following reason=path_ready wp=4 dist_wp=3.30 bearing_deg=-132.16 speed=0.000 pos=(71.208,0.001,-90.792) bounded=true
tick=990 phase=following reason=path_ready wp=4 dist_wp=3.30 bearing_deg=-114.16 speed=0.000 pos=(71.208,0.001,-90.792) bounded=true
tick=1020 phase=following reason=path_ready wp=4 dist_wp=3.30 bearing_deg=-96.16 speed=0.000 pos=(71.208,0.001,-90.792) bounded=true
tick=1050 phase=following reason=path_ready wp=4 dist_wp=3.30 bearing_deg=-78.16 speed=0.000 pos=(71.208,0.001,-90.792) bounded=true
tick=1080 phase=following reason=path_ready wp=4 dist_wp=3.30 bearing_deg=-60.16 speed=0.000 pos=(71.208,0.001,-90.792) bounded=true
tick=1110 phase=following reason=path_ready wp=4 dist_wp=3.30 bearing_deg=-42.16 speed=0.000 pos=(71.208,0.001,-90.792) bounded=true
tick=1140 phase=following reason=path_ready wp=4 dist_wp=3.30 bearing_deg=-24.17 speed=0.000 pos=(71.208,0.001,-90.792) bounded=true
tick=1170 phase=following reason=path_ready wp=4 dist_wp=3.21 bearing_deg=-12.04 speed=0.136 pos=(71.209,0.004,-90.894) bounded=true
tick=1200 phase=following reason=path_ready wp=4 dist_wp=2.59 bearing_deg=-7.27 speed=0.349 pos=(71.279,0.005,-91.517) bounded=true
tick=1230 phase=following reason=path_ready wp=4 dist_wp=1.53 bearing_deg=-6.03 speed=0.477 pos=(71.491,0.003,-92.562) bounded=true
tick=1260 phase=following reason=path_ready wp=5 dist_wp=20.96 bearing_deg=-151.56 speed=0.000 pos=(71.593,0.008,-92.955) bounded=true
tick=1290 phase=following reason=path_ready wp=5 dist_wp=20.96 bearing_deg=-133.56 speed=0.000 pos=(71.593,0.001,-92.955) bounded=true
tick=1320 phase=following reason=path_ready wp=5 dist_wp=20.96 bearing_deg=-115.56 speed=0.000 pos=(71.593,0.000,-92.955) bounded=true
tick=1350 phase=following reason=path_ready wp=5 dist_wp=20.96 bearing_deg=-97.56 speed=0.000 pos=(71.593,0.000,-92.955) bounded=true
tick=1380 phase=following reason=path_ready wp=5 dist_wp=20.96 bearing_deg=-79.56 speed=0.000 pos=(71.593,0.000,-92.955) bounded=true
tick=1410 phase=following reason=path_ready wp=5 dist_wp=20.96 bearing_deg=-61.56 speed=0.000 pos=(71.593,0.000,-92.955) bounded=true
tick=1440 phase=following reason=path_ready wp=5 dist_wp=20.96 bearing_deg=-43.56 speed=0.000 pos=(71.593,0.000,-92.955) bounded=true
tick=1470 phase=following reason=path_ready wp=5 dist_wp=20.96 bearing_deg=-25.56 speed=0.000 pos=(71.593,0.000,-92.955) bounded=true
tick=1500 phase=following reason=path_ready wp=5 dist_wp=20.73 bearing_deg=-12.51 speed=0.357 pos=(71.655,0.009,-92.724) bounded=true
tick=1530 phase=following reason=path_ready wp=5 dist_wp=18.93 bearing_deg=-6.75 speed=1.066 pos=(71.945,0.014,-90.933) bounded=true
tick=1560 phase=following reason=path_ready wp=5 dist_wp=15.37 bearing_deg=-4.19 speed=1.764 pos=(72.240,0.014,-87.368) bounded=true
tick=1590 phase=following reason=path_ready wp=5 dist_wp=10.16 bearing_deg=-3.25 speed=2.251 pos=(72.417,0.010,-82.154) bounded=true
tick=1620 phase=following reason=path_ready wp=5 dist_wp=4.05 bearing_deg=-4.21 speed=2.622 pos=(72.390,0.008,-76.036) bounded=true
tick=1650 phase=following reason=path_ready wp=5 dist_wp=1.49 bearing_deg=-169.56 speed=1.487 pos=(71.974,0.025,-70.509) bounded=true
tick=1680 phase=following reason=path_ready wp=5 dist_wp=3.15 bearing_deg=-160.59 speed=0.000 pos=(71.482,0.030,-68.897) bounded=true
tick=1710 phase=following reason=path_ready wp=5 dist_wp=3.15 bearing_deg=-142.62 speed=0.000 pos=(71.482,0.003,-68.897) bounded=true
tick=1740 phase=following reason=path_ready wp=5 dist_wp=3.15 bearing_deg=-124.62 speed=0.000 pos=(71.482,0.000,-68.897) bounded=true
tick=1770 phase=following reason=path_ready wp=5 dist_wp=3.15 bearing_deg=-106.62 speed=0.000 pos=(71.482,0.000,-68.897) bounded=true
tick=1800 phase=following reason=path_ready wp=5 dist_wp=3.15 bearing_deg=-88.62 speed=0.000 pos=(71.482,0.000,-68.897) bounded=true
tick=1830 phase=following reason=path_ready wp=5 dist_wp=3.15 bearing_deg=-70.62 speed=0.000 pos=(71.482,0.000,-68.897) bounded=true
tick=1860 phase=following reason=path_ready wp=5 dist_wp=3.15 bearing_deg=-52.62 speed=0.000 pos=(71.482,0.000,-68.897) bounded=true
tick=1890 phase=following reason=path_ready wp=5 dist_wp=3.15 bearing_deg=-34.62 speed=0.000 pos=(71.482,0.000,-68.897) bounded=true
tick=1920 phase=following reason=path_ready wp=5 dist_wp=3.15 bearing_deg=-17.81 speed=0.000 pos=(71.482,0.000,-68.897) bounded=true
tick=1950 phase=following reason=path_ready wp=5 dist_wp=2.86 bearing_deg=-9.50 speed=0.223 pos=(71.474,0.005,-69.188) bounded=true
tick=1980 phase=following reason=path_ready wp=5 dist_wp=2.07 bearing_deg=-6.41 speed=0.397 pos=(71.535,0.004,-69.984) bounded=true
tick=2010 phase=following reason=path_ready wp=6 dist_wp=20.91 bearing_deg=-165.49 speed=0.032 pos=(71.677,0.009,-70.910) bounded=true
tick=2040 phase=following reason=path_ready wp=6 dist_wp=20.91 bearing_deg=-147.49 speed=0.000 pos=(71.677,0.002,-70.910) bounded=true
tick=2070 phase=following reason=path_ready wp=6 dist_wp=20.91 bearing_deg=-129.49 speed=0.000 pos=(71.677,0.001,-70.910) bounded=true
tick=2100 phase=following reason=path_ready wp=6 dist_wp=20.91 bearing_deg=-111.49 speed=0.000 pos=(71.677,0.001,-70.910) bounded=true
tick=2130 phase=following reason=path_ready wp=6 dist_wp=20.91 bearing_deg=-93.49 speed=0.000 pos=(71.677,0.001,-70.910) bounded=true
tick=2160 phase=following reason=path_ready wp=6 dist_wp=20.91 bearing_deg=-75.49 speed=0.000 pos=(71.677,0.001,-70.910) bounded=true
tick=2190 phase=following reason=path_ready wp=6 dist_wp=20.91 bearing_deg=-57.49 speed=0.000 pos=(71.677,0.001,-70.910) bounded=true
tick=2220 phase=following reason=path_ready wp=6 dist_wp=20.91 bearing_deg=-39.49 speed=0.000 pos=(71.677,0.001,-70.910) bounded=true
tick=2250 phase=following reason=path_ready wp=6 dist_wp=20.91 bearing_deg=-21.69 speed=0.000 pos=(71.677,0.001,-70.910) bounded=true
tick=2280 phase=following reason=path_ready wp=6 dist_wp=20.42 bearing_deg=-10.78 speed=0.523 pos=(71.793,0.012,-70.421) bounded=true
tick=2310 phase=following reason=path_ready wp=6 dist_wp=18.21 bearing_deg=-5.99 speed=1.230 pos=(72.094,0.014,-68.213) bounded=true
tick=2340 phase=following reason=path_ready wp=6 dist_wp=14.24 bearing_deg=-3.88 speed=1.925 pos=(72.356,0.014,-64.237) bounded=true
tick=2370 phase=following reason=path_ready wp=6 dist_wp=8.79 bearing_deg=-3.22 speed=2.320 pos=(72.469,0.007,-58.778) bounded=true
tick=2400 phase=following reason=path_ready wp=6 dist_wp=2.47 bearing_deg=-5.96 speed=2.667 pos=(72.355,0.007,-52.447) bounded=true
tick=2430 phase=following reason=path_ready wp=6 dist_wp=2.22 bearing_deg=-169.65 speed=1.096 pos=(71.788,0.029,-47.786) bounded=true
tick=2460 phase=following reason=path_ready wp=6 dist_wp=3.09 bearing_deg=-156.08 speed=0.000 pos=(71.488,0.020,-46.953) bounded=true
tick=2490 phase=following reason=path_ready wp=6 dist_wp=3.09 bearing_deg=-138.09 speed=0.000 pos=(71.488,0.002,-46.953) bounded=true
tick=2520 phase=following reason=path_ready wp=6 dist_wp=3.09 bearing_deg=-120.09 speed=0.000 pos=(71.488,0.001,-46.953) bounded=true
tick=2550 phase=following reason=path_ready wp=6 dist_wp=3.09 bearing_deg=-102.09 speed=0.000 pos=(71.488,0.001,-46.953) bounded=true
tick=2580 phase=following reason=path_ready wp=6 dist_wp=3.09 bearing_deg=-84.09 speed=0.000 pos=(71.488,0.001,-46.953) bounded=true
tick=2610 phase=following reason=path_ready wp=6 dist_wp=3.09 bearing_deg=-66.09 speed=0.000 pos=(71.488,0.001,-46.953) bounded=true
tick=2640 phase=following reason=path_ready wp=6 dist_wp=3.09 bearing_deg=-48.09 speed=0.000 pos=(71.488,0.001,-46.953) bounded=true
tick=2670 phase=following reason=path_ready wp=6 dist_wp=3.09 bearing_deg=-30.09 speed=0.000 pos=(71.488,0.001,-46.953) bounded=true
tick=2700 phase=following reason=path_ready wp=6 dist_wp=3.08 bearing_deg=-14.89 speed=0.043 pos=(71.486,0.002,-46.967) bounded=true
tick=2730 phase=following reason=path_ready wp=6 dist_wp=2.75 bearing_deg=-8.08 speed=0.214 pos=(71.487,0.004,-47.301) bounded=true
tick=2760 phase=following reason=path_ready wp=6 dist_wp=2.04 bearing_deg=-5.29 speed=0.340 pos=(71.555,0.003,-48.008) bounded=true
tick=2790 phase=following reason=path_ready wp=7 dist_wp=20.20 bearing_deg=140.58 speed=0.083 pos=(71.688,0.006,-48.862) bounded=true
tick=2820 phase=following reason=path_ready wp=7 dist_wp=20.20 bearing_deg=122.59 speed=0.000 pos=(71.688,0.002,-48.865) bounded=true
tick=2850 phase=following reason=path_ready wp=7 dist_wp=20.20 bearing_deg=104.59 speed=0.000 pos=(71.688,0.000,-48.865) bounded=true
tick=2880 phase=following reason=path_ready wp=7 dist_wp=20.20 bearing_deg=86.59 speed=0.000 pos=(71.688,0.000,-48.865) bounded=true
tick=2910 phase=following reason=path_ready wp=7 dist_wp=20.20 bearing_deg=68.59 speed=0.000 pos=(71.688,0.000,-48.865) bounded=true
tick=2940 phase=following reason=path_ready wp=7 dist_wp=20.20 bearing_deg=50.59 speed=0.000 pos=(71.688,0.000,-48.865) bounded=true
tick=2970 phase=following reason=path_ready wp=7 dist_wp=20.20 bearing_deg=32.59 speed=0.000 pos=(71.688,0.000,-48.865) bounded=true
tick=3000 phase=following reason=path_ready wp=7 dist_wp=20.19 bearing_deg=16.41 speed=0.067 pos=(71.678,0.002,-48.860) bounded=true
tick=3030 phase=following reason=path_ready wp=7 dist_wp=19.17 bearing_deg=8.44 speed=0.737 pos=(70.810,0.013,-48.296) bounded=true
tick=3060 phase=following reason=path_ready wp=7 dist_wp=16.44 bearing_deg=4.91 speed=1.437 pos=(68.652,0.014,-46.594) bounded=true
tick=3090 phase=following reason=path_ready wp=7 dist_wp=11.96 bearing_deg=3.43 speed=2.109 pos=(65.294,0.014,-43.618) bounded=true
tick=3120 phase=following reason=path_ready wp=7 dist_wp=6.27 bearing_deg=3.36 speed=2.428 pos=(61.180,0.007,-39.671) bounded=true
tick=3150 phase=following reason=path_ready wp=7 dist_wp=0.25 bearing_deg=49.71 speed=2.011 pos=(56.960,0.012,-35.249) bounded=true
tick=3180 phase=following reason=path_ready wp=7 dist_wp=2.77 bearing_deg=166.11 speed=0.417 pos=(55.324,0.031,-32.793) bounded=true
tick=3210 phase=following reason=path_ready wp=7 dist_wp=2.89 bearing_deg=148.86 speed=0.000 pos=(55.279,0.007,-32.680) bounded=true
tick=3240 phase=following reason=path_ready wp=7 dist_wp=2.89 bearing_deg=130.86 speed=0.000 pos=(55.279,0.001,-32.680) bounded=true
tick=3270 phase=following reason=path_ready wp=7 dist_wp=2.89 bearing_deg=112.86 speed=0.000 pos=(55.279,0.000,-32.680) bounded=true
tick=3300 phase=following reason=path_ready wp=7 dist_wp=2.89 bearing_deg=94.86 speed=0.000 pos=(55.279,0.000,-32.680) bounded=true
tick=3330 phase=following reason=path_ready wp=7 dist_wp=2.89 bearing_deg=76.86 speed=0.000 pos=(55.279,0.000,-32.680) bounded=true
tick=3360 phase=following reason=path_ready wp=7 dist_wp=2.89 bearing_deg=58.86 speed=0.000 pos=(55.279,0.000,-32.680) bounded=true
tick=3390 phase=following reason=path_ready wp=7 dist_wp=2.89 bearing_deg=40.86 speed=0.000 pos=(55.279,0.000,-32.680) bounded=true
tick=3420 phase=following reason=path_ready wp=7 dist_wp=2.89 bearing_deg=22.93 speed=0.000 pos=(55.279,0.000,-32.680) bounded=true
tick=3450 phase=following reason=path_ready wp=7 dist_wp=2.77 bearing_deg=11.56 speed=0.137 pos=(55.371,0.004,-32.758) bounded=true
tick=3480 phase=following reason=path_ready wp=7 dist_wp=2.19 bearing_deg=7.11 speed=0.314 pos=(55.773,0.004,-33.181) bounded=true
tick=3510 phase=following reason=path_ready wp=7 dist_wp=1.28 bearing_deg=5.98 speed=0.394 pos=(56.349,0.002,-33.901) bounded=true
tick=3540 phase=following reason=path_ready wp=8 dist_wp=20.08 bearing_deg=153.25 speed=0.000 pos=(56.412,0.003,-33.989) bounded=true
tick=3570 phase=following reason=path_ready wp=8 dist_wp=20.08 bearing_deg=135.25 speed=0.000 pos=(56.412,0.001,-33.989) bounded=true
tick=3600 phase=following reason=path_ready wp=8 dist_wp=20.08 bearing_deg=117.25 speed=0.000 pos=(56.412,0.000,-33.989) bounded=true
tick=3630 phase=following reason=path_ready wp=8 dist_wp=20.08 bearing_deg=99.25 speed=0.000 pos=(56.412,0.000,-33.989) bounded=true
tick=3660 phase=following reason=path_ready wp=8 dist_wp=20.08 bearing_deg=81.25 speed=0.000 pos=(56.412,0.000,-33.989) bounded=true
tick=3690 phase=following reason=path_ready wp=8 dist_wp=20.08 bearing_deg=63.25 speed=0.000 pos=(56.412,0.000,-33.989) bounded=true
tick=3720 phase=following reason=path_ready wp=8 dist_wp=20.08 bearing_deg=45.25 speed=0.000 pos=(56.412,0.000,-33.989) bounded=true
tick=3750 phase=following reason=path_ready wp=8 dist_wp=20.08 bearing_deg=27.25 speed=0.000 pos=(56.412,0.000,-33.989) bounded=true
tick=3780 phase=following reason=path_ready wp=8 dist_wp=19.93 bearing_deg=13.34 speed=0.286 pos=(56.277,0.007,-33.912) bounded=true
tick=3810 phase=following reason=path_ready wp=8 dist_wp=18.32 bearing_deg=7.14 speed=0.996 pos=(54.945,0.014,-32.961) bounded=true
tick=3840 phase=following reason=path_ready wp=8 dist_wp=14.93 bearing_deg=4.40 speed=1.695 pos=(52.348,0.014,-30.765) bounded=true
tick=3870 phase=following reason=path_ready wp=8 dist_wp=9.87 bearing_deg=3.41 speed=2.249 pos=(48.646,0.012,-27.292) bounded=true
tick=3900 phase=following reason=path_ready wp=8 dist_wp=3.91 bearing_deg=4.43 speed=2.547 pos=(44.462,0.007,-23.042) bounded=true
tick=3930 phase=following reason=path_ready wp=8 dist_wp=1.38 bearing_deg=168.74 speed=1.336 pos=(41.040,0.027,-19.015) bounded=true
tick=3960 phase=following reason=path_ready wp=8 dist_wp=2.59 bearing_deg=158.67 speed=0.000 pos=(40.450,0.026,-17.928) bounded=true
tick=3990 phase=following reason=path_ready wp=8 dist_wp=2.59 bearing_deg=140.70 speed=0.000 pos=(40.450,0.001,-17.928) bounded=true
tick=4020 phase=following reason=path_ready wp=8 dist_wp=2.59 bearing_deg=122.70 speed=0.000 pos=(40.450,0.000,-17.928) bounded=true
tick=4050 phase=following reason=path_ready wp=8 dist_wp=2.59 bearing_deg=104.70 speed=0.000 pos=(40.450,0.000,-17.928) bounded=true
tick=4080 phase=following reason=path_ready wp=8 dist_wp=2.59 bearing_deg=86.70 speed=0.000 pos=(40.450,0.000,-17.928) bounded=true
tick=4110 phase=following reason=path_ready wp=8 dist_wp=2.59 bearing_deg=68.70 speed=0.000 pos=(40.450,0.000,-17.928) bounded=true
tick=4140 phase=following reason=path_ready wp=8 dist_wp=2.59 bearing_deg=50.70 speed=0.000 pos=(40.450,0.000,-17.928) bounded=true
tick=4170 phase=following reason=path_ready wp=8 dist_wp=2.59 bearing_deg=32.70 speed=0.000 pos=(40.450,0.000,-17.928) bounded=true
tick=4200 phase=following reason=path_ready wp=8 dist_wp=2.59 bearing_deg=16.48 speed=0.000 pos=(40.450,0.000,-17.928) bounded=true
tick=4230 phase=following reason=path_ready wp=8 dist_wp=2.59 bearing_deg=7.95 speed=0.000 pos=(40.450,0.000,-17.928) bounded=true
tick=4260 phase=following reason=path_ready wp=8 dist_wp=2.59 bearing_deg=3.84 speed=0.000 pos=(40.450,0.000,-17.928) bounded=true
tick=4290 phase=following reason=path_ready wp=8 dist_wp=2.59 bearing_deg=1.85 speed=0.000 pos=(40.450,0.000,-17.928) bounded=true
tick=4320 phase=reverse reason=insufficient_actual_progress wp=8 dist_wp=2.59 bearing_deg=0.94 speed=-0.007 pos=(40.450,0.000,-17.928) bounded=true
tick=4350 phase=reverse reason=insufficient_actual_progress wp=8 dist_wp=2.74 bearing_deg=0.89 speed=-0.110 pos=(40.358,0.003,-17.809) bounded=true
tick=4380 phase=reverse reason=insufficient_actual_progress wp=8 dist_wp=3.15 bearing_deg=0.78 speed=-0.212 pos=(40.108,0.003,-17.487) bounded=true
tick=4410 phase=turn_recovery reason=reverse_complete wp=8 dist_wp=3.37 bearing_deg=-11.23 speed=0.000 pos=(39.971,0.003,-17.308) bounded=true
tick=4440 phase=following reason=path_ready wp=0 dist_wp=3.37 bearing_deg=-20.12 speed=0.000 pos=(39.971,0.001,-17.308) bounded=true
tick=4470 phase=following reason=path_ready wp=0 dist_wp=3.35 bearing_deg=-9.78 speed=0.026 pos=(39.981,0.001,-17.330) bounded=true
tick=4500 phase=following reason=path_ready wp=0 dist_wp=3.25 bearing_deg=-4.87 speed=0.053 pos=(40.033,0.001,-17.418) bounded=true
tick=4530 phase=following reason=path_ready wp=0 dist_wp=3.09 bearing_deg=-2.47 speed=0.070 pos=(40.122,0.001,-17.549) bounded=true
tick=4560 phase=following reason=path_ready wp=0 dist_wp=2.90 bearing_deg=-1.27 speed=0.074 pos=(40.229,0.001,-17.698) bounded=true
tick=4590 phase=following reason=path_ready wp=0 dist_wp=2.73 bearing_deg=-0.79 speed=0.062 pos=(40.332,0.001,-17.836) bounded=true
tick=4620 phase=following reason=path_ready wp=0 dist_wp=2.61 bearing_deg=-0.79 speed=0.037 pos=(40.407,0.001,-17.937) bounded=true
tick=4650 phase=following reason=path_ready wp=0 dist_wp=2.56 bearing_deg=-0.78 speed=0.004 pos=(40.436,0.002,-17.974) bounded=true
tick=4680 phase=following reason=path_ready wp=0 dist_wp=2.56 bearing_deg=-0.78 speed=0.000 pos=(40.436,0.001,-17.974) bounded=true
tick=4710 phase=following reason=path_ready wp=0 dist_wp=2.56 bearing_deg=-0.78 speed=0.000 pos=(40.436,0.001,-17.974) bounded=true
tick=4740 phase=reverse reason=insufficient_actual_progress wp=0 dist_wp=2.59 bearing_deg=-0.77 speed=-0.051 pos=(40.415,0.002,-17.947) bounded=true
tick=4770 phase=reverse reason=insufficient_actual_progress wp=0 dist_wp=2.86 bearing_deg=-0.70 speed=-0.154 pos=(40.258,0.003,-17.737) bounded=true
tick=4800 phase=turn_recovery reason=reverse_complete wp=0 dist_wp=3.34 bearing_deg=1.17 speed=-0.069 pos=(39.965,0.001,-17.348) bounded=true
tick=4830 phase=turn_recovery reason=reverse_complete wp=0 dist_wp=3.34 bearing_deg=19.17 speed=0.000 pos=(39.965,0.002,-17.348) bounded=true
tick=4860 phase=following reason=path_ready wp=0 dist_wp=3.34 bearing_deg=14.75 speed=0.008 pos=(39.965,0.001,-17.347) bounded=true
tick=4890 phase=following reason=path_ready wp=0 dist_wp=3.29 bearing_deg=7.24 speed=0.036 pos=(40.006,0.001,-17.385) bounded=true
tick=4920 phase=following reason=path_ready wp=0 dist_wp=3.17 bearing_deg=3.64 speed=0.058 pos=(40.087,0.001,-17.475) bounded=true
tick=4950 phase=following reason=path_ready wp=0 dist_wp=3.01 bearing_deg=1.85 speed=0.069 pos=(40.191,0.001,-17.600) bounded=true
tick=4980 phase=following reason=path_ready wp=0 dist_wp=2.83 bearing_deg=0.95 speed=0.066 pos=(40.297,0.001,-17.734) bounded=true
tick=5010 phase=following reason=path_ready wp=0 dist_wp=2.69 bearing_deg=0.79 speed=0.049 pos=(40.387,0.001,-17.850) bounded=true
tick=5040 phase=following reason=path_ready wp=0 dist_wp=2.60 bearing_deg=0.78 speed=0.022 pos=(40.442,0.001,-17.921) bounded=true
tick=5070 phase=following reason=path_ready wp=0 dist_wp=2.58 bearing_deg=0.79 speed=0.000 pos=(40.450,0.002,-17.932) bounded=true
tick=5100 phase=following reason=path_ready wp=0 dist_wp=2.58 bearing_deg=0.79 speed=0.000 pos=(40.450,0.000,-17.932) bounded=true
tick=5130 phase=following reason=path_ready wp=0 dist_wp=2.58 bearing_deg=0.79 speed=0.000 pos=(40.450,0.000,-17.932) bounded=true
tick=5160 phase=reverse reason=insufficient_actual_progress wp=0 dist_wp=2.62 bearing_deg=0.78 speed=-0.055 pos=(40.427,0.002,-17.901) bounded=true
tick=5190 phase=reverse reason=insufficient_actual_progress wp=0 dist_wp=2.89 bearing_deg=0.71 speed=-0.158 pos=(40.262,0.003,-17.687) bounded=true
tick=5220 phase=turn_recovery reason=reverse_complete wp=0 dist_wp=3.37 bearing_deg=-1.75 speed=-0.009 pos=(39.972,0.001,-17.310) bounded=true
tick=5250 phase=turn_recovery reason=reverse_complete wp=0 dist_wp=3.37 bearing_deg=-19.75 speed=0.000 pos=(39.972,0.002,-17.310) bounded=true
tick=5280 phase=following reason=path_ready wp=0 dist_wp=3.37 bearing_deg=-14.38 speed=0.010 pos=(39.972,0.001,-17.310) bounded=true
tick=5310 phase=following reason=path_ready wp=0 dist_wp=3.31 bearing_deg=-7.08 speed=0.040 pos=(40.002,0.001,-17.366) bounded=true
tick=5340 phase=following reason=path_ready wp=0 dist_wp=3.18 bearing_deg=-3.56 speed=0.062 pos=(40.072,0.001,-17.476) bounded=true
tick=5370 phase=following reason=path_ready wp=0 dist_wp=3.00 bearing_deg=-1.82 speed=0.073 pos=(40.171,0.001,-17.618) bounded=true
tick=5400 phase=following reason=path_ready wp=0 dist_wp=2.82 bearing_deg=-0.94 speed=0.070 pos=(40.278,0.001,-17.765) bounded=true
tick=5430 phase=following reason=path_ready wp=0 dist_wp=2.67 bearing_deg=-0.80 speed=0.052 pos=(40.371,0.001,-17.888) bounded=true
tick=5460 phase=following reason=path_ready wp=0 dist_wp=2.58 bearing_deg=-0.78 speed=0.022 pos=(40.426,0.002,-17.962) bounded=true
tick=5490 phase=following reason=path_ready wp=0 dist_wp=2.56 bearing_deg=-0.78 speed=0.000 pos=(40.434,0.001,-17.972) bounded=true
tick=5520 phase=following reason=path_ready wp=0 dist_wp=2.56 bearing_deg=-0.78 speed=0.000 pos=(40.434,0.001,-17.972) bounded=true
tick=5550 phase=following reason=path_ready wp=0 dist_wp=2.56 bearing_deg=-0.78 speed=0.000 pos=(40.434,0.001,-17.972) bounded=true
