tick=0 phase=following reason=path_ready wp=1 dist_wp=13.42 bearing_deg=26.57 speed=0.000 pos=(-27.000,0.025,116.000) bounded=true
tick=30 phase=following reason=path_ready wp=1 dist_wp=13.17 bearing_deg=7.11 speed=1.709 pos=(-27.075,0.053,115.757) bounded=true
tick=60 phase=following reason=path_ready wp=1 dist_wp=12.08 bearing_deg=2.15 speed=3.388 pos=(-27.508,0.052,114.755) bounded=true
tick=90 phase=following reason=path_ready wp=1 dist_wp=10.21 bearing_deg=1.09 speed=4.849 pos=(-28.326,0.040,113.079) bounded=true
tick=120 phase=following reason=path_ready wp=1 dist_wp=7.65 bearing_deg=0.99 speed=6.042 pos=(-29.472,0.029,110.786) bounded=true
tick=150 phase=following reason=path_ready wp=1 dist_wp=5.16 bearing_deg=0.79 speed=4.870 pos=(-30.595,0.031,108.565) bounded=true
tick=180 phase=following reason=path_ready wp=1 dist_wp=3.28 bearing_deg=0.80 speed=3.510 pos=(-31.453,0.037,106.892) bounded=true
tick=210 phase=following reason=path_ready wp=1 dist_wp=2.02 bearing_deg=0.97 speed=2.146 pos=(-32.038,0.037,105.770) bounded=true
tick=240 phase=following reason=path_ready wp=1 dist_wp=1.37 bearing_deg=1.34 speed=0.770 pos=(-32.341,0.038,105.198) bounded=true
tick=270 phase=following reason=path_ready wp=2 dist_wp=20.70 bearing_deg=49.36 speed=0.000 pos=(-32.381,0.017,105.123) bounded=true
tick=300 phase=following reason=path_ready wp=2 dist_wp=20.69 bearing_deg=14.61 speed=0.363 pos=(-32.394,0.008,105.123) bounded=true
tick=330 phase=following reason=path_ready wp=2 dist_wp=19.99 bearing_deg=3.66 speed=2.113 pos=(-33.090,0.039,105.212) bounded=true
tick=360 phase=following reason=path_ready wp=2 dist_wp=18.48 bearing_deg=1.31 speed=4.058 pos=(-34.565,0.048,105.527) bounded=true
tick=390 phase=following reason=path_ready wp=2 dist_wp=16.25 bearing_deg=1.20 speed=5.966 pos=(-36.737,0.054,106.039) bounded=true
tick=420 phase=following reason=path_ready wp=2 dist_wp=13.37 bearing_deg=1.06 speed=7.135 pos=(-39.545,0.040,106.708) bounded=true
tick=450 phase=following reason=path_ready wp=2 dist_wp=9.96 bearing_deg=0.79 speed=7.260 pos=(-42.861,0.005,107.509) bounded=true
tick=480 phase=following reason=path_ready wp=2 dist_wp=7.00 bearing_deg=0.80 speed=5.902 pos=(-45.734,0.036,108.216) bounded=true
tick=510 phase=following reason=path_ready wp=2 dist_wp=4.65 bearing_deg=0.79 speed=4.544 pos=(-48.008,0.037,108.789) bounded=true
tick=540 phase=following reason=path_ready wp=2 dist_wp=2.92 bearing_deg=0.83 speed=3.183 pos=(-49.685,0.037,109.222) bounded=true
tick=570 phase=following reason=path_ready wp=2 dist_wp=1.80 bearing_deg=1.04 speed=1.817 pos=(-50.765,0.037,109.508) bounded=true
tick=600 phase=following reason=path_ready wp=2 dist_wp=1.31 bearing_deg=1.42 speed=0.432 pos=(-51.247,0.038,109.638) bounded=true
tick=630 phase=following reason=path_ready wp=3 dist_wp=21.06 bearing_deg=0.97 speed=2.089 pos=(-51.865,0.037,109.817) bounded=true
tick=660 phase=following reason=path_ready wp=3 dist_wp=19.62 bearing_deg=1.17 speed=4.055 pos=(-53.255,0.053,110.224) bounded=true
tick=690 phase=following reason=path_ready wp=3 dist_wp=17.44 bearing_deg=1.18 speed=5.840 pos=(-55.345,0.053,110.839) bounded=true
tick=720 phase=following reason=path_ready wp=3 dist_wp=14.58 bearing_deg=1.03 speed=7.029 pos=(-58.081,0.039,111.649) bounded=true
tick=750 phase=following reason=path_ready wp=3 dist_wp=11.12 bearing_deg=0.84 speed=7.728 pos=(-61.402,0.017,112.644) bounded=true
tick=780 phase=following reason=path_ready wp=3 dist_wp=7.95 bearing_deg=0.83 speed=6.371 pos=(-64.434,0.034,113.565) bounded=true
tick=810 phase=following reason=path_ready wp=3 dist_wp=5.39 bearing_deg=0.81 speed=5.012 pos=(-66.876,0.037,114.321) bounded=true
tick=840 phase=following reason=path_ready wp=3 dist_wp=3.45 bearing_deg=0.81 speed=3.652 pos=(-68.730,0.037,114.906) bounded=true
tick=870 phase=following reason=path_ready wp=3 dist_wp=2.12 bearing_deg=0.95 speed=2.289 pos=(-69.995,0.037,115.314) bounded=true
tick=900 phase=following reason=path_ready wp=3 dist_wp=1.41 bearing_deg=1.30 speed=0.915 pos=(-70.672,0.038,115.538) bounded=true
tick=930 phase=following reason=path_ready wp=4 dist_wp=18.07 bearing_deg=-40.32 speed=0.000 pos=(-70.792,0.022,115.577) bounded=true
tick=960 phase=following reason=path_ready wp=4 dist_wp=17.98 bearing_deg=-10.25 speed=1.043 pos=(-70.869,0.033,115.530) bounded=true
tick=990 phase=following reason=path_ready wp=4 dist_wp=17.06 bearing_deg=-2.75 speed=2.886 pos=(-71.595,0.044,114.958) bounded=true
tick=1020 phase=following reason=path_ready wp=4 dist_wp=15.31 bearing_deg=-1.05 speed=4.597 pos=(-72.896,0.039,113.788) bounded=true
tick=1050 phase=following reason=path_ready wp=4 dist_wp=12.76 bearing_deg=-1.01 speed=6.135 pos=(-74.764,0.036,112.059) bounded=true
tick=1080 phase=following reason=path_ready wp=4 dist_wp=9.61 bearing_deg=-0.88 speed=7.114 pos=(-77.073,0.021,109.909) bounded=true
tick=1110 phase=following reason=path_ready wp=4 dist_wp=6.72 bearing_deg=-0.80 speed=5.757 pos=(-79.181,0.034,107.929) bounded=true
tick=1140 phase=following reason=path_ready wp=4 dist_wp=4.44 bearing_deg=-0.79 speed=4.398 pos=(-80.834,0.037,106.359) bounded=true
tick=1170 phase=following reason=path_ready wp=4 dist_wp=2.77 bearing_deg=-0.84 speed=3.037 pos=(-82.035,0.037,105.204) bounded=true
tick=1200 phase=following reason=path_ready wp=4 dist_wp=1.72 bearing_deg=-1.11 speed=1.670 pos=(-82.789,0.037,104.471) bounded=true
tick=1230 phase=following reason=path_ready wp=5 dist_wp=18.80 bearing_deg=-1.91 speed=0.424 pos=(-83.098,0.037,104.167) bounded=true
tick=1260 phase=following reason=path_ready wp=5 dist_wp=18.04 bearing_deg=-0.97 speed=2.395 pos=(-83.626,0.036,103.625) bounded=true
tick=1290 phase=following reason=path_ready wp=5 dist_wp=16.41 bearing_deg=-1.03 speed=4.237 pos=(-84.756,0.040,102.457) bounded=true
tick=1320 phase=following reason=path_ready wp=5 dist_wp=13.97 bearing_deg=-1.13 speed=6.121 pos=(-86.453,0.047,100.698) bounded=true
tick=1350 phase=following reason=path_ready wp=5 dist_wp=10.85 bearing_deg=-1.15 speed=7.623 pos=(-88.612,0.045,98.447) bounded=true
tick=1380 phase=following reason=path_ready wp=5 dist_wp=7.73 bearing_deg=-0.80 speed=6.266 pos=(-90.764,0.031,96.185) bounded=true
tick=1410 phase=following reason=path_ready wp=5 dist_wp=5.22 bearing_deg=-0.79 speed=4.907 pos=(-92.485,0.037,94.359) bounded=true
tick=1440 phase=following reason=path_ready wp=5 dist_wp=3.32 bearing_deg=-0.80 speed=3.547 pos=(-93.777,0.037,92.971) bounded=true
tick=1470 phase=following reason=path_ready wp=5 dist_wp=2.04 bearing_deg=-0.96 speed=2.183 pos=(-94.645,0.037,92.027) bounded=true
tick=1500 phase=following reason=path_ready wp=5 dist_wp=1.38 bearing_deg=-1.33 speed=0.808 pos=(-95.092,0.038,91.534) bounded=true
tick=1530 phase=following reason=path_ready wp=6 dist_wp=18.40 bearing_deg=1.10 speed=2.106 pos=(-95.420,0.047,91.174) bounded=true
tick=1560 phase=following reason=path_ready wp=6 dist_wp=17.09 bearing_deg=1.30 speed=4.051 pos=(-96.304,0.063,90.204) bounded=true
tick=1590 phase=following reason=path_ready wp=6 dist_wp=14.96 bearing_deg=1.24 speed=5.774 pos=(-97.742,0.056,88.633) bounded=true
tick=1620 phase=following reason=path_ready wp=6 dist_wp=12.07 bearing_deg=1.10 speed=7.166 pos=(-99.694,0.043,86.510) bounded=true
tick=1650 phase=following reason=path_ready wp=6 dist_wp=8.79 bearing_deg=0.79 speed=6.756 pos=(-101.927,0.018,84.100) bounded=true
tick=1680 phase=following reason=path_ready wp=6 dist_wp=6.06 bearing_deg=0.79 speed=5.398 pos=(-103.792,0.036,82.105) bounded=true
tick=1710 phase=following reason=path_ready wp=6 dist_wp=3.94 bearing_deg=0.81 speed=4.039 pos=(-105.247,0.037,80.566) bounded=true
tick=1740 phase=following reason=path_ready wp=6 dist_wp=2.43 bearing_deg=0.90 speed=2.677 pos=(-106.287,0.037,79.479) bounded=true
tick=1770 phase=following reason=path_ready wp=6 dist_wp=1.55 bearing_deg=1.20 speed=1.308 pos=(-106.905,0.038,78.841) bounded=true
tick=1800 phase=following reason=path_ready wp=7 dist_wp=18.69 bearing_deg=-0.79 speed=1.208 pos=(-107.159,0.003,78.581) bounded=true
tick=1830 phase=following reason=path_ready wp=7 dist_wp=17.70 bearing_deg=-1.11 speed=3.142 pos=(-107.852,0.048,77.868) bounded=true
tick=1860 phase=following reason=path_ready wp=7 dist_wp=15.85 bearing_deg=-1.08 speed=4.909 pos=(-109.135,0.044,76.544) bounded=true
tick=1890 phase=following reason=path_ready wp=7 dist_wp=13.21 bearing_deg=-1.00 speed=6.442 pos=(-110.969,0.034,74.644) bounded=true
tick=1920 phase=following reason=path_ready wp=7 dist_wp=9.95 bearing_deg=-0.86 speed=7.258 pos=(-113.227,0.016,72.290) bounded=true
tick=1950 phase=following reason=path_ready wp=7 dist_wp=6.99 bearing_deg=-0.82 speed=5.901 pos=(-115.264,0.035,70.147) bounded=true
tick=1980 phase=following reason=path_ready wp=7 dist_wp=4.65 bearing_deg=-0.78 speed=4.542 pos=(-116.871,0.037,68.439) bounded=true
tick=2010 phase=following reason=path_ready wp=7 dist_wp=2.92 bearing_deg=-0.81 speed=3.181 pos=(-118.050,0.037,67.171) bounded=true
tick=2040 phase=following reason=path_ready wp=7 dist_wp=1.80 bearing_deg=-1.06 speed=1.815 pos=(-118.805,0.037,66.349) bounded=true
tick=2070 phase=following reason=path_ready wp=7 dist_wp=1.30 bearing_deg=-1.41 speed=0.430 pos=(-119.139,0.038,65.980) bounded=true
tick=2100 phase=following reason=path_ready wp=1 dist_wp=22.59 bearing_deg=-11.68 speed=0.783 pos=(-119.169,0.015,65.910) bounded=true
tick=2130 phase=following reason=path_ready wp=1 dist_wp=21.74 bearing_deg=-3.01 speed=2.723 pos=(-119.281,0.043,65.061) bounded=true
tick=2160 phase=following reason=path_ready wp=1 dist_wp=20.02 bearing_deg=-1.01 speed=4.516 pos=(-119.384,0.039,63.341) bounded=true
tick=2190 phase=following reason=path_ready wp=1 dist_wp=17.50 bearing_deg=-0.90 speed=6.096 pos=(-119.494,0.037,60.823) bounded=true
tick=2220 phase=following reason=path_ready wp=1 dist_wp=14.29 bearing_deg=-1.01 speed=7.970 pos=(-119.626,0.047,57.620) bounded=true
tick=2250 phase=following reason=path_ready wp=1 dist_wp=10.72 bearing_deg=-0.85 speed=7.570 pos=(-119.762,0.010,54.048) bounded=true
tick=2280 phase=following reason=path_ready wp=1 dist_wp=7.62 bearing_deg=-0.92 speed=6.213 pos=(-119.867,0.036,50.952) bounded=true
tick=2310 phase=following reason=path_ready wp=1 dist_wp=5.13 bearing_deg=-0.80 speed=4.854 pos=(-119.938,0.023,48.466) bounded=true
tick=2340 phase=following reason=path_ready wp=1 dist_wp=3.25 bearing_deg=-1.39 speed=3.487 pos=(-119.981,0.066,46.587) bounded=true
tick=2370 phase=following reason=path_ready wp=1 dist_wp=1.99 bearing_deg=-3.35 speed=2.113 pos=(-120.000,0.128,45.325) bounded=true
tick=2400 phase=following reason=path_ready wp=1 dist_wp=1.36 bearing_deg=-6.00 speed=0.715 pos=(-120.006,0.167,44.687) bounded=true
tick=2430 phase=following reason=path_ready wp=2 dist_wp=22.75 bearing_deg=-5.36 speed=2.068 pos=(-120.010,0.250,44.166) bounded=true
tick=2460 phase=following reason=path_ready wp=2 dist_wp=21.47 bearing_deg=-4.83 speed=3.910 pos=(-120.024,0.321,42.879) bounded=true
tick=2490 phase=following reason=path_ready wp=2 dist_wp=19.46 bearing_deg=-5.62 speed=5.300 pos=(-120.047,0.351,40.851) bounded=true
tick=2520 phase=following reason=path_ready wp=2 dist_wp=16.76 bearing_deg=-4.19 speed=6.317 pos=(-120.098,0.623,38.154) bounded=true
tick=2550 phase=following reason=path_ready wp=2 dist_wp=13.59 bearing_deg=-4.81 speed=7.507 pos=(-120.227,1.049,35.006) bounded=true
tick=2580 phase=following reason=path_ready wp=2 dist_wp=10.15 bearing_deg=-9.91 speed=7.255 pos=(-120.527,1.591,31.597) bounded=true
tick=2610 phase=following reason=obstacle_cleared wp=2 dist_wp=7.23 bearing_deg=-16.20 speed=5.944 pos=(-120.927,2.165,28.687) bounded=true
tick=2640 phase=following reason=obstacle_cleared wp=2 dist_wp=5.10 bearing_deg=-21.13 speed=3.574 pos=(-121.230,2.602,26.514) bounded=true
tick=2670 phase=following reason=obstacle_cleared wp=2 dist_wp=4.03 bearing_deg=-14.28 speed=1.898 pos=(-121.267,2.821,25.410) bounded=true
tick=2700 phase=following reason=obstacle_cleared wp=2 dist_wp=3.07 bearing_deg=-4.88 speed=2.089 pos=(-121.089,2.995,24.469) bounded=true
tick=2730 phase=following reason=obstacle_cleared wp=2 dist_wp=2.08 bearing_deg=5.24 speed=1.962 pos=(-120.739,3.197,23.560) bounded=true
tick=2760 phase=following reason=obstacle_cleared wp=2 dist_wp=1.37 bearing_deg=16.50 speed=0.692 pos=(-120.407,3.362,22.948) bounded=true
tick=2790 phase=following reason=obstacle_cleared wp=3 dist_wp=23.06 bearing_deg=22.80 speed=0.000 pos=(-120.357,3.386,22.820) bounded=true
tick=2820 phase=following reason=obstacle_cleared wp=3 dist_wp=22.75 bearing_deg=6.99 speed=1.361 pos=(-120.301,3.431,22.516) bounded=true
tick=2850 phase=following reason=obstacle_cleared wp=3 dist_wp=21.84 bearing_deg=-11.32 speed=2.270 pos=(-120.324,3.624,21.620) bounded=true
tick=2880 phase=following reason=obstacle_cleared wp=3 dist_wp=20.69 bearing_deg=-23.72 speed=1.716 pos=(-120.629,3.897,20.490) bounded=true
tick=2910 phase=following reason=obstacle_cleared wp=3 dist_wp=20.36 bearing_deg=-25.59 speed=0.000 pos=(-120.705,3.965,20.170) bounded=true
tick=2940 phase=following reason=obstacle_cleared wp=3 dist_wp=20.32 bearing_deg=-28.54 speed=0.000 pos=(-120.691,3.937,20.128) bounded=true
tick=2970 phase=following reason=obstacle_cleared wp=3 dist_wp=20.32 bearing_deg=-32.35 speed=0.000 pos=(-120.692,3.938,20.128) bounded=true
tick=3000 phase=following reason=obstacle_cleared wp=3 dist_wp=20.32 bearing_deg=-35.78 speed=0.000 pos=(-120.692,3.938,20.128) bounded=true
tick=3030 phase=following reason=obstacle_cleared wp=3 dist_wp=20.32 bearing_deg=-38.61 speed=0.000 pos=(-120.692,3.938,20.128) bounded=true
tick=3060 phase=following reason=obstacle_cleared wp=3 dist_wp=20.32 bearing_deg=-40.68 speed=0.000 pos=(-120.692,3.935,20.127) bounded=true
tick=3090 phase=following reason=obstacle_cleared wp=3 dist_wp=20.32 bearing_deg=-42.17 speed=0.000 pos=(-120.692,3.935,20.127) bounded=true
tick=3120 phase=following reason=obstacle_cleared wp=3 dist_wp=20.32 bearing_deg=-43.06 speed=0.000 pos=(-120.693,3.935,20.127) bounded=true
tick=3150 phase=following reason=obstacle_cleared wp=3 dist_wp=20.32 bearing_deg=-43.57 speed=0.000 pos=(-120.693,3.935,20.127) bounded=true
tick=3180 phase=following reason=obstacle_cleared wp=3 dist_wp=20.32 bearing_deg=-43.85 speed=0.000 pos=(-120.693,3.935,20.127) bounded=true
tick=3210 phase=following reason=obstacle_cleared wp=3 dist_wp=20.32 bearing_deg=-44.01 speed=0.000 pos=(-120.693,3.935,20.127) bounded=true
tick=3240 phase=following reason=obstacle_cleared wp=3 dist_wp=20.32 bearing_deg=-44.09 speed=0.000 pos=(-120.694,3.935,20.127) bounded=true
tick=3270 phase=following reason=obstacle_cleared wp=3 dist_wp=20.32 bearing_deg=-44.14 speed=0.000 pos=(-120.694,3.935,20.127) bounded=true
tick=3300 phase=following reason=obstacle_cleared wp=3 dist_wp=20.32 bearing_deg=-44.16 speed=0.000 pos=(-120.694,3.935,20.127) bounded=true
tick=3330 phase=following reason=obstacle_cleared wp=3 dist_wp=20.32 bearing_deg=-44.18 speed=0.000 pos=(-120.695,3.935,20.127) bounded=true
tick=3360 phase=following reason=obstacle_cleared wp=3 dist_wp=20.32 bearing_deg=-44.19 speed=0.000 pos=(-120.695,3.935,20.127) bounded=true
tick=3390 phase=following reason=obstacle_cleared wp=3 dist_wp=20.32 bearing_deg=-44.19 speed=0.000 pos=(-120.695,3.935,20.127) bounded=true
tick=3420 phase=following reason=obstacle_cleared wp=3 dist_wp=20.32 bearing_deg=-44.19 speed=0.000 pos=(-120.696,3.935,20.127) bounded=true
tick=3450 phase=following reason=obstacle_cleared wp=3 dist_wp=20.32 bearing_deg=-44.20 speed=0.000 pos=(-120.696,3.935,20.127) bounded=true
tick=3480 phase=following reason=obstacle_cleared wp=3 dist_wp=20.32 bearing_deg=-44.20 speed=0.000 pos=(-120.696,3.935,20.127) bounded=true
tick=3510 phase=following reason=obstacle_cleared wp=3 dist_wp=20.32 bearing_deg=-44.20 speed=0.000 pos=(-120.696,3.935,20.127) bounded=true
tick=3540 phase=following reason=obstacle_cleared wp=3 dist_wp=20.32 bearing_deg=-44.20 speed=0.000 pos=(-120.697,3.935,20.127) bounded=true
tick=3570 phase=following reason=obstacle_cleared wp=3 dist_wp=20.32 bearing_deg=-44.20 speed=0.000 pos=(-120.697,3.935,20.127) bounded=true
tick=3600 phase=following reason=obstacle_cleared wp=3 dist_wp=20.32 bearing_deg=-44.20 speed=0.000 pos=(-120.697,3.935,20.127) bounded=true
tick=3630 phase=following reason=obstacle_cleared wp=3 dist_wp=20.32 bearing_deg=-44.20 speed=0.000 pos=(-120.697,3.935,20.127) bounded=true
tick=3660 phase=following reason=obstacle_cleared wp=3 dist_wp=20.32 bearing_deg=-44.20 speed=0.000 pos=(-120.698,3.935,20.127) bounded=true
tick=3690 phase=following reason=obstacle_cleared wp=3 dist_wp=20.32 bearing_deg=-44.20 speed=0.000 pos=(-120.698,3.935,20.127) bounded=true
tick=3720 phase=following reason=obstacle_cleared wp=3 dist_wp=20.32 bearing_deg=-44.20 speed=0.000 pos=(-120.698,3.934,20.127) bounded=true
tick=3750 phase=following reason=obstacle_cleared wp=3 dist_wp=20.32 bearing_deg=-44.20 speed=0.000 pos=(-120.698,3.935,20.127) bounded=true
tick=3780 phase=following reason=obstacle_cleared wp=3 dist_wp=20.32 bearing_deg=-44.20 speed=0.000 pos=(-120.699,3.935,20.127) bounded=true
tick=3810 phase=following reason=obstacle_cleared wp=3 dist_wp=20.32 bearing_deg=-44.21 speed=0.000 pos=(-120.699,3.935,20.127) bounded=true
tick=3840 phase=following reason=obstacle_cleared wp=3 dist_wp=20.32 bearing_deg=-44.21 speed=0.000 pos=(-120.699,3.935,20.127) bounded=true
tick=3870 phase=following reason=obstacle_cleared wp=3 dist_wp=20.33 bearing_deg=-44.21 speed=0.000 pos=(-120.699,3.935,20.127) bounded=true
tick=3900 phase=following reason=obstacle_cleared wp=3 dist_wp=20.33 bearing_deg=-44.21 speed=0.000 pos=(-120.700,3.935,20.127) bounded=true
tick=3930 phase=following reason=obstacle_cleared wp=3 dist_wp=20.33 bearing_deg=-44.21 speed=0.000 pos=(-120.700,3.935,20.127) bounded=true
tick=3960 phase=following reason=obstacle_cleared wp=3 dist_wp=20.33 bearing_deg=-44.21 speed=0.000 pos=(-120.700,3.935,20.127) bounded=true
tick=3990 phase=following reason=obstacle_cleared wp=3 dist_wp=20.33 bearing_deg=-44.21 speed=0.000 pos=(-120.700,3.934,20.127) bounded=true
tick=4020 phase=following reason=obstacle_cleared wp=3 dist_wp=20.33 bearing_deg=-44.21 speed=0.000 pos=(-120.700,3.934,20.127) bounded=true
tick=4050 phase=following reason=obstacle_cleared wp=3 dist_wp=20.33 bearing_deg=-44.21 speed=0.000 pos=(-120.700,3.934,20.127) bounded=true
tick=4080 phase=following reason=obstacle_cleared wp=3 dist_wp=20.33 bearing_deg=-44.21 speed=0.000 pos=(-120.700,3.934,20.127) bounded=true
tick=4110 phase=following reason=obstacle_cleared wp=3 dist_wp=20.33 bearing_deg=-44.21 speed=0.000 pos=(-120.700,3.934,20.127) bounded=true
tick=4140 phase=following reason=obstacle_cleared wp=3 dist_wp=20.33 bearing_deg=-44.21 speed=0.000 pos=(-120.700,3.934,20.127) bounded=true
tick=4170 phase=following reason=obstacle_cleared wp=3 dist_wp=20.33 bearing_deg=-44.21 speed=0.000 pos=(-120.700,3.934,20.127) bounded=true
tick=4200 phase=following reason=obstacle_cleared wp=3 dist_wp=20.33 bearing_deg=-44.21 speed=0.000 pos=(-120.700,3.934,20.127) bounded=true
tick=4230 phase=following reason=obstacle_cleared wp=3 dist_wp=20.33 bearing_deg=-44.21 speed=0.000 pos=(-120.700,3.934,20.127) bounded=true
tick=4260 phase=following reason=obstacle_cleared wp=3 dist_wp=20.33 bearing_deg=-44.21 speed=0.000 pos=(-120.700,3.934,20.127) bounded=true
tick=4290 phase=following reason=obstacle_cleared wp=3 dist_wp=20.33 bearing_deg=-44.21 speed=0.000 pos=(-120.700,3.934,20.127) bounded=true
tick=4320 phase=following reason=obstacle_cleared wp=3 dist_wp=20.33 bearing_deg=-44.21 speed=0.000 pos=(-120.700,3.934,20.127) bounded=true
tick=4350 phase=following reason=obstacle_cleared wp=3 dist_wp=20.33 bearing_deg=-44.21 speed=0.000 pos=(-120.700,3.934,20.127) bounded=true
tick=4380 phase=following reason=obstacle_cleared wp=3 dist_wp=20.33 bearing_deg=-44.21 speed=0.000 pos=(-120.700,3.934,20.127) bounded=true
tick=4410 phase=following reason=obstacle_cleared wp=3 dist_wp=20.33 bearing_deg=-44.21 speed=0.000 pos=(-120.700,3.934,20.127) bounded=true
tick=4440 phase=following reason=obstacle_cleared wp=3 dist_wp=20.33 bearing_deg=-44.21 speed=0.000 pos=(-120.700,3.934,20.127) bounded=true
tick=4470 phase=following reason=obstacle_cleared wp=3 dist_wp=20.33 bearing_deg=-44.21 speed=0.000 pos=(-120.700,3.934,20.127) bounded=true
tick=4500 phase=following reason=obstacle_cleared wp=3 dist_wp=20.33 bearing_deg=-44.21 speed=0.000 pos=(-120.700,3.934,20.127) bounded=true
tick=4530 phase=following reason=obstacle_cleared wp=3 dist_wp=20.33 bearing_deg=-44.21 speed=0.000 pos=(-120.700,3.934,20.127) bounded=true
tick=4560 phase=following reason=obstacle_cleared wp=3 dist_wp=20.33 bearing_deg=-44.21 speed=0.000 pos=(-120.700,3.934,20.127) bounded=true
tick=4590 phase=following reason=obstacle_cleared wp=3 dist_wp=20.33 bearing_deg=-44.21 speed=0.000 pos=(-120.700,3.934,20.127) bounded=true
tick=4620 phase=following reason=obstacle_cleared wp=3 dist_wp=20.33 bearing_deg=-44.21 speed=0.000 pos=(-120.700,3.934,20.127) bounded=true
tick=4650 phase=following reason=obstacle_cleared wp=3 dist_wp=20.33 bearing_deg=-44.21 speed=0.000 pos=(-120.700,3.934,20.127) bounded=true
tick=4680 phase=following reason=obstacle_cleared wp=3 dist_wp=20.33 bearing_deg=-44.21 speed=0.000 pos=(-120.700,3.934,20.127) bounded=true
tick=4710 phase=following reason=obstacle_cleared wp=3 dist_wp=20.33 bearing_deg=-44.21 speed=0.000 pos=(-120.700,3.934,20.127) bounded=true
tick=4740 phase=following reason=obstacle_cleared wp=3 dist_wp=20.33 bearing_deg=-44.21 speed=0.000 pos=(-120.700,3.934,20.127) bounded=true
tick=4770 phase=following reason=obstacle_cleared wp=3 dist_wp=20.33 bearing_deg=-44.21 speed=0.000 pos=(-120.700,3.934,20.127) bounded=true
tick=4800 phase=following reason=obstacle_cleared wp=3 dist_wp=20.33 bearing_deg=-44.21 speed=0.000 pos=(-120.700,3.934,20.127) bounded=true
tick=4830 phase=following reason=obstacle_cleared wp=3 dist_wp=20.33 bearing_deg=-44.21 speed=0.000 pos=(-120.700,3.934,20.127) bounded=true
tick=4860 phase=following reason=obstacle_cleared wp=3 dist_wp=20.33 bearing_deg=-44.21 speed=0.000 pos=(-120.700,3.934,20.127) bounded=true
tick=4890 phase=following reason=obstacle_cleared wp=3 dist_wp=20.33 bearing_deg=-44.21 speed=0.000 pos=(-120.700,3.934,20.127) bounded=true
tick=4920 phase=following reason=obstacle_cleared wp=3 dist_wp=20.33 bearing_deg=-44.21 speed=0.000 pos=(-120.700,3.934,20.127) bounded=true
tick=4950 phase=following reason=obstacle_cleared wp=3 dist_wp=20.33 bearing_deg=-44.21 speed=0.000 pos=(-120.700,3.934,20.127) bounded=true
tick=4980 phase=following reason=obstacle_cleared wp=3 dist_wp=20.33 bearing_deg=-44.21 speed=0.000 pos=(-120.700,3.934,20.127) bounded=true
tick=5010 phase=following reason=obstacle_cleared wp=3 dist_wp=20.33 bearing_deg=-44.21 speed=0.000 pos=(-120.700,3.934,20.127) bounded=true
tick=5040 phase=following reason=obstacle_cleared wp=3 dist_wp=20.33 bearing_deg=-44.21 speed=0.000 pos=(-120.700,3.934,20.127) bounded=true
tick=5070 phase=following reason=obstacle_cleared wp=3 dist_wp=20.33 bearing_deg=-44.21 speed=0.000 pos=(-120.700,3.934,20.127) bounded=true
tick=5100 phase=following reason=obstacle_cleared wp=3 dist_wp=20.33 bearing_deg=-44.21 speed=0.000 pos=(-120.700,3.934,20.127) bounded=true
tick=5130 phase=following reason=obstacle_cleared wp=3 dist_wp=20.33 bearing_deg=-44.21 speed=0.000 pos=(-120.700,3.934,20.127) bounded=true
tick=5160 phase=following reason=obstacle_cleared wp=3 dist_wp=20.33 bearing_deg=-44.21 speed=0.000 pos=(-120.700,3.934,20.127) bounded=true
tick=5190 phase=following reason=obstacle_cleared wp=3 dist_wp=20.33 bearing_deg=-44.21 speed=0.000 pos=(-120.700,3.934,20.127) bounded=true
tick=5220 phase=following reason=obstacle_cleared wp=3 dist_wp=20.33 bearing_deg=-44.21 speed=0.000 pos=(-120.700,3.934,20.127) bounded=true
tick=5250 phase=following reason=obstacle_cleared wp=3 dist_wp=20.33 bearing_deg=-44.21 speed=0.000 pos=(-120.700,3.934,20.127) bounded=true
tick=5280 phase=following reason=obstacle_cleared wp=3 dist_wp=20.33 bearing_deg=-44.21 speed=0.000 pos=(-120.700,3.934,20.127) bounded=true
tick=5310 phase=following reason=obstacle_cleared wp=3 dist_wp=20.33 bearing_deg=-44.21 speed=0.000 pos=(-120.700,3.934,20.127) bounded=true
tick=5340 phase=following reason=obstacle_cleared wp=3 dist_wp=20.33 bearing_deg=-44.21 speed=0.000 pos=(-120.700,3.934,20.127) bounded=true
tick=5370 phase=following reason=obstacle_cleared wp=3 dist_wp=20.33 bearing_deg=-44.21 speed=0.000 pos=(-120.700,3.934,20.127) bounded=true
tick=5400 phase=following reason=obstacle_cleared wp=3 dist_wp=20.33 bearing_deg=-44.21 speed=0.000 pos=(-120.700,3.934,20.127) bounded=true
tick=5430 phase=following reason=obstacle_cleared wp=3 dist_wp=20.33 bearing_deg=-44.21 speed=0.000 pos=(-120.700,3.934,20.127) bounded=true
tick=5460 phase=following reason=obstacle_cleared wp=3 dist_wp=20.33 bearing_deg=-44.21 speed=0.000 pos=(-120.700,3.934,20.127) bounded=true
tick=5490 phase=following reason=obstacle_cleared wp=3 dist_wp=20.33 bearing_deg=-44.21 speed=0.000 pos=(-120.700,3.934,20.127) bounded=true
tick=5520 phase=following reason=obstacle_cleared wp=3 dist_wp=20.33 bearing_deg=-44.21 speed=0.000 pos=(-120.700,3.934,20.127) bounded=true
tick=5550 phase=following reason=obstacle_cleared wp=3 dist_wp=20.33 bearing_deg=-44.21 speed=0.000 pos=(-120.700,3.934,20.127) bounded=true
tick=5580 phase=following reason=obstacle_cleared wp=3 dist_wp=20.33 bearing_deg=-44.21 speed=0.000 pos=(-120.700,3.934,20.127) bounded=true
tick=5610 phase=following reason=obstacle_cleared wp=3 dist_wp=20.33 bearing_deg=-44.21 speed=0.000 pos=(-120.700,3.934,20.127) bounded=true
tick=5640 phase=following reason=obstacle_cleared wp=3 dist_wp=20.33 bearing_deg=-44.21 speed=0.000 pos=(-120.700,3.934,20.127) bounded=true
tick=5670 phase=following reason=obstacle_cleared wp=3 dist_wp=20.33 bearing_deg=-44.21 speed=0.000 pos=(-120.700,3.934,20.127) bounded=true
tick=5700 phase=following reason=obstacle_cleared wp=3 dist_wp=20.33 bearing_deg=-44.21 speed=0.000 pos=(-120.700,3.934,20.127) bounded=true
tick=5730 phase=following reason=obstacle_cleared wp=3 dist_wp=20.33 bearing_deg=-44.21 speed=0.000 pos=(-120.700,3.934,20.127) bounded=true
tick=5760 phase=following reason=obstacle_cleared wp=3 dist_wp=20.33 bearing_deg=-44.21 speed=0.000 pos=(-120.700,3.934,20.127) bounded=true
tick=5790 phase=following reason=obstacle_cleared wp=3 dist_wp=20.33 bearing_deg=-44.21 speed=0.000 pos=(-120.700,3.934,20.127) bounded=true
tick=5820 phase=following reason=obstacle_cleared wp=3 dist_wp=20.33 bearing_deg=-44.21 speed=0.000 pos=(-120.700,3.934,20.127) bounded=true
tick=5850 phase=following reason=obstacle_cleared wp=3 dist_wp=20.33 bearing_deg=-44.21 speed=0.000 pos=(-120.700,3.934,20.127) bounded=true
tick=5880 phase=following reason=obstacle_cleared wp=3 dist_wp=20.33 bearing_deg=-44.21 speed=0.000 pos=(-120.700,3.934,20.127) bounded=true
tick=5910 phase=following reason=obstacle_cleared wp=3 dist_wp=20.33 bearing_deg=-44.21 speed=0.000 pos=(-120.700,3.934,20.127) bounded=true
tick=5940 phase=following reason=obstacle_cleared wp=3 dist_wp=20.33 bearing_deg=-44.21 speed=0.000 pos=(-120.700,3.934,20.127) bounded=true
tick=5970 phase=following reason=obstacle_cleared wp=3 dist_wp=20.33 bearing_deg=-44.21 speed=0.000 pos=(-120.700,3.934,20.127) bounded=true
tick=6000 phase=following reason=obstacle_cleared wp=3 dist_wp=20.33 bearing_deg=-44.21 speed=0.000 pos=(-120.700,3.934,20.127) bounded=true
tick=6030 phase=following reason=obstacle_cleared wp=3 dist_wp=20.33 bearing_deg=-44.21 speed=0.000 pos=(-120.700,3.934,20.127) bounded=true
tick=6060 phase=following reason=obstacle_cleared wp=3 dist_wp=20.33 bearing_deg=-44.21 speed=0.000 pos=(-120.700,3.934,20.127) bounded=true
tick=6090 phase=following reason=obstacle_cleared wp=3 dist_wp=20.33 bearing_deg=-44.21 speed=0.000 pos=(-120.700,3.934,20.127) bounded=true
tick=6120 phase=following reason=obstacle_cleared wp=3 dist_wp=20.33 bearing_deg=-44.21 speed=0.000 pos=(-120.700,3.934,20.127) bounded=true
tick=6150 phase=following reason=obstacle_cleared wp=3 dist_wp=20.33 bearing_deg=-44.21 speed=0.000 pos=(-120.700,3.934,20.127) bounded=true
tick=6180 phase=following reason=obstacle_cleared wp=3 dist_wp=20.33 bearing_deg=-44.21 speed=0.000 pos=(-120.700,3.934,20.127) bounded=true
tick=6210 phase=following reason=obstacle_cleared wp=3 dist_wp=20.33 bearing_deg=-44.21 speed=0.000 pos=(-120.700,3.934,20.127) bounded=true
tick=6240 phase=following reason=obstacle_cleared wp=3 dist_wp=20.33 bearing_deg=-44.21 speed=0.000 pos=(-120.700,3.934,20.127) bounded=true
tick=6270 phase=following reason=obstacle_cleared wp=3 dist_wp=20.33 bearing_deg=-44.21 speed=0.000 pos=(-120.700,3.934,20.127) bounded=true
tick=6300 phase=following reason=obstacle_cleared wp=3 dist_wp=20.33 bearing_deg=-44.21 speed=0.000 pos=(-120.700,3.934,20.127) bounded=true
tick=6330 phase=following reason=obstacle_cleared wp=3 dist_wp=20.33 bearing_deg=-44.21 speed=0.000 pos=(-120.700,3.934,20.127) bounded=true
tick=6360 phase=following reason=obstacle_cleared wp=3 dist_wp=20.33 bearing_deg=-44.21 speed=0.000 pos=(-120.700,3.934,20.127) bounded=true
tick=6390 phase=following reason=obstacle_cleared wp=3 dist_wp=20.33 bearing_deg=-44.21 speed=0.000 pos=(-120.700,3.934,20.127) bounded=true
tick=6420 phase=following reason=obstacle_cleared wp=3 dist_wp=20.33 bearing_deg=-44.21 speed=0.000 pos=(-120.700,3.934,20.127) bounded=true
tick=6450 phase=following reason=obstacle_cleared wp=3 dist_wp=20.33 bearing_deg=-44.21 speed=0.000 pos=(-120.700,3.934,20.127) bounded=true
tick=6480 phase=following reason=obstacle_cleared wp=3 dist_wp=20.33 bearing_deg=-44.21 speed=0.000 pos=(-120.700,3.934,20.127) bounded=true
tick=6510 phase=following reason=obstacle_cleared wp=3 dist_wp=20.33 bearing_deg=-44.21 speed=0.000 pos=(-120.700,3.934,20.127) bounded=true
tick=6540 phase=following reason=obstacle_cleared wp=3 dist_wp=20.33 bearing_deg=-44.21 speed=0.000 pos=(-120.700,3.934,20.127) bounded=true
tick=6570 phase=following reason=obstacle_cleared wp=3 dist_wp=20.33 bearing_deg=-44.21 speed=0.000 pos=(-120.700,3.934,20.127) bounded=true
tick=6600 phase=following reason=obstacle_cleared wp=3 dist_wp=20.33 bearing_deg=-44.21 speed=0.000 pos=(-120.700,3.934,20.127) bounded=true
tick=6630 phase=following reason=obstacle_cleared wp=3 dist_wp=20.33 bearing_deg=-44.21 speed=0.000 pos=(-120.700,3.934,20.127) bounded=true
tick=6660 phase=following reason=obstacle_cleared wp=3 dist_wp=20.33 bearing_deg=-44.21 speed=0.000 pos=(-120.700,3.934,20.127) bounded=true
tick=6690 phase=following reason=obstacle_cleared wp=3 dist_wp=20.33 bearing_deg=-44.21 speed=0.000 pos=(-120.700,3.934,20.127) bounded=true
tick=6720 phase=following reason=obstacle_cleared wp=3 dist_wp=20.33 bearing_deg=-44.21 speed=0.000 pos=(-120.700,3.934,20.127) bounded=true
tick=6750 phase=following reason=obstacle_cleared wp=3 dist_wp=20.33 bearing_deg=-44.21 speed=0.000 pos=(-120.700,3.934,20.127) bounded=true
tick=6780 phase=following reason=obstacle_cleared wp=3 dist_wp=20.33 bearing_deg=-44.21 speed=0.000 pos=(-120.700,3.934,20.127) bounded=true
tick=6810 phase=following reason=obstacle_cleared wp=3 dist_wp=20.33 bearing_deg=-44.21 speed=0.000 pos=(-120.700,3.934,20.127) bounded=true
tick=6840 phase=following reason=obstacle_cleared wp=3 dist_wp=20.33 bearing_deg=-44.21 speed=0.000 pos=(-120.700,3.934,20.127) bounded=true
tick=6870 phase=following reason=obstacle_cleared wp=3 dist_wp=20.33 bearing_deg=-44.21 speed=0.000 pos=(-120.700,3.934,20.127) bounded=true
tick=6900 phase=following reason=obstacle_cleared wp=3 dist_wp=20.33 bearing_deg=-44.21 speed=0.000 pos=(-120.700,3.934,20.127) bounded=true
tick=6930 phase=following reason=obstacle_cleared wp=3 dist_wp=20.33 bearing_deg=-44.21 speed=0.000 pos=(-120.700,3.934,20.127) bounded=true
tick=6960 phase=following reason=obstacle_cleared wp=3 dist_wp=20.33 bearing_deg=-44.21 speed=0.000 pos=(-120.700,3.934,20.127) bounded=true
tick=6990 phase=following reason=obstacle_cleared wp=3 dist_wp=20.33 bearing_deg=-44.21 speed=0.000 pos=(-120.700,3.934,20.127) bounded=true
tick=7020 phase=following reason=obstacle_cleared wp=3 dist_wp=20.33 bearing_deg=-44.21 speed=0.000 pos=(-120.700,3.934,20.127) bounded=true
tick=7050 phase=following reason=obstacle_cleared wp=3 dist_wp=20.33 bearing_deg=-44.21 speed=0.000 pos=(-120.700,3.934,20.127) bounded=true
tick=7080 phase=following reason=obstacle_cleared wp=3 dist_wp=20.33 bearing_deg=-44.21 speed=0.000 pos=(-120.700,3.934,20.127) bounded=true
tick=7110 phase=following reason=obstacle_cleared wp=3 dist_wp=20.33 bearing_deg=-44.21 speed=0.000 pos=(-120.700,3.934,20.127) bounded=true
tick=7140 phase=following reason=obstacle_cleared wp=3 dist_wp=20.33 bearing_deg=-44.21 speed=0.000 pos=(-120.700,3.934,20.127) bounded=true
tick=7170 phase=following reason=obstacle_cleared wp=3 dist_wp=20.33 bearing_deg=-44.21 speed=0.000 pos=(-120.700,3.934,20.127) bounded=true
tick=7200 phase=following reason=obstacle_cleared wp=3 dist_wp=20.33 bearing_deg=-44.21 speed=0.000 pos=(-120.700,3.934,20.127) bounded=true
tick=7230 phase=following reason=obstacle_cleared wp=3 dist_wp=20.33 bearing_deg=-44.21 speed=0.000 pos=(-120.700,3.934,20.127) bounded=true
tick=7260 phase=following reason=obstacle_cleared wp=3 dist_wp=20.33 bearing_deg=-44.21 speed=0.000 pos=(-120.700,3.934,20.127) bounded=true
tick=7290 phase=following reason=obstacle_cleared wp=3 dist_wp=20.33 bearing_deg=-44.21 speed=0.000 pos=(-120.700,3.934,20.127) bounded=true
tick=7320 phase=following reason=obstacle_cleared wp=3 dist_wp=20.33 bearing_deg=-44.21 speed=0.000 pos=(-120.700,3.934,20.127) bounded=true
tick=7350 phase=following reason=obstacle_cleared wp=3 dist_wp=20.33 bearing_deg=-44.21 speed=0.000 pos=(-120.700,3.934,20.127) bounded=true
tick=7380 phase=following reason=obstacle_cleared wp=3 dist_wp=20.33 bearing_deg=-44.21 speed=0.000 pos=(-120.700,3.934,20.127) bounded=true
tick=7410 phase=following reason=obstacle_cleared wp=3 dist_wp=20.33 bearing_deg=-44.21 speed=0.000 pos=(-120.700,3.934,20.127) bounded=true
tick=7440 phase=following reason=obstacle_cleared wp=3 dist_wp=20.33 bearing_deg=-44.21 speed=0.000 pos=(-120.700,3.934,20.127) bounded=true
tick=7470 phase=following reason=obstacle_cleared wp=3 dist_wp=20.33 bearing_deg=-44.21 speed=0.000 pos=(-120.700,3.934,20.127) bounded=true
tick=7500 phase=following reason=obstacle_cleared wp=3 dist_wp=20.33 bearing_deg=-44.21 speed=0.000 pos=(-120.700,3.934,20.127) bounded=true
tick=7530 phase=following reason=obstacle_cleared wp=3 dist_wp=20.33 bearing_deg=-44.21 speed=0.000 pos=(-120.700,3.934,20.127) bounded=true
tick=7560 phase=following reason=obstacle_cleared wp=3 dist_wp=20.33 bearing_deg=-44.21 speed=0.000 pos=(-120.700,3.934,20.127) bounded=true
tick=7590 phase=following reason=obstacle_cleared wp=3 dist_wp=20.33 bearing_deg=-44.21 speed=0.000 pos=(-120.700,3.934,20.127) bounded=true
tick=7620 phase=following reason=obstacle_cleared wp=3 dist_wp=20.33 bearing_deg=-44.21 speed=0.000 pos=(-120.700,3.934,20.127) bounded=true
tick=7650 phase=following reason=obstacle_cleared wp=3 dist_wp=20.33 bearing_deg=-44.21 speed=0.000 pos=(-120.700,3.934,20.127) bounded=true
tick=7680 phase=following reason=obstacle_cleared wp=3 dist_wp=20.33 bearing_deg=-44.21 speed=0.000 pos=(-120.700,3.934,20.127) bounded=true
tick=7710 phase=following reason=obstacle_cleared wp=3 dist_wp=20.33 bearing_deg=-44.21 speed=0.000 pos=(-120.700,3.934,20.127) bounded=true
tick=7740 phase=following reason=obstacle_cleared wp=3 dist_wp=20.33 bearing_deg=-44.21 speed=0.000 pos=(-120.700,3.934,20.127) bounded=true
tick=7770 phase=following reason=obstacle_cleared wp=3 dist_wp=20.33 bearing_deg=-44.21 speed=0.000 pos=(-120.700,3.934,20.127) bounded=true
tick=7800 phase=following reason=obstacle_cleared wp=3 dist_wp=20.33 bearing_deg=-44.21 speed=0.000 pos=(-120.700,3.934,20.127) bounded=true
tick=7830 phase=following reason=obstacle_cleared wp=3 dist_wp=20.33 bearing_deg=-44.21 speed=0.000 pos=(-120.700,3.934,20.127) bounded=true
tick=7860 phase=following reason=obstacle_cleared wp=3 dist_wp=20.33 bearing_deg=-44.21 speed=0.000 pos=(-120.700,3.934,20.127) bounded=true
tick=7890 phase=following reason=obstacle_cleared wp=3 dist_wp=20.33 bearing_deg=-44.21 speed=0.000 pos=(-120.700,3.934,20.127) bounded=true
tick=7920 phase=following reason=obstacle_cleared wp=3 dist_wp=20.33 bearing_deg=-44.21 speed=0.000 pos=(-120.700,3.934,20.127) bounded=true
tick=7950 phase=following reason=obstacle_cleared wp=3 dist_wp=20.33 bearing_deg=-44.21 speed=0.000 pos=(-120.700,3.934,20.127) bounded=true
tick=7980 phase=following reason=obstacle_cleared wp=3 dist_wp=20.33 bearing_deg=-44.21 speed=0.000 pos=(-120.700,3.934,20.127) bounded=true
tick=8010 phase=following reason=obstacle_cleared wp=3 dist_wp=20.33 bearing_deg=-44.21 speed=0.000 pos=(-120.700,3.934,20.127) bounded=true
tick=8040 phase=following reason=obstacle_cleared wp=3 dist_wp=20.33 bearing_deg=-44.21 speed=0.000 pos=(-120.700,3.934,20.127) bounded=true
tick=8070 phase=following reason=obstacle_cleared wp=3 dist_wp=20.33 bearing_deg=-44.21 speed=0.000 pos=(-120.700,3.934,20.127) bounded=true
tick=8100 phase=following reason=obstacle_cleared wp=3 dist_wp=20.33 bearing_deg=-44.21 speed=0.000 pos=(-120.700,3.934,20.127) bounded=true
tick=8130 phase=following reason=obstacle_cleared wp=3 dist_wp=20.33 bearing_deg=-44.21 speed=0.000 pos=(-120.700,3.934,20.127) bounded=true
tick=8160 phase=following reason=obstacle_cleared wp=3 dist_wp=20.33 bearing_deg=-44.21 speed=0.000 pos=(-120.700,3.934,20.127) bounded=true
tick=8190 phase=following reason=obstacle_cleared wp=3 dist_wp=20.33 bearing_deg=-44.21 speed=0.000 pos=(-120.700,3.934,20.127) bounded=true
tick=8220 phase=following reason=obstacle_cleared wp=3 dist_wp=20.33 bearing_deg=-44.21 speed=0.000 pos=(-120.700,3.934,20.127) bounded=true
tick=8250 phase=following reason=obstacle_cleared wp=3 dist_wp=20.33 bearing_deg=-44.21 speed=0.000 pos=(-120.700,3.934,20.127) bounded=true
tick=8280 phase=following reason=obstacle_cleared wp=3 dist_wp=20.33 bearing_deg=-44.21 speed=0.000 pos=(-120.700,3.934,20.127) bounded=true
tick=8310 phase=following reason=obstacle_cleared wp=3 dist_wp=20.33 bearing_deg=-44.21 speed=0.000 pos=(-120.700,3.934,20.127) bounded=true
tick=8340 phase=following reason=obstacle_cleared wp=3 dist_wp=20.33 bearing_deg=-44.21 speed=0.000 pos=(-120.700,3.934,20.127) bounded=true
tick=8370 phase=following reason=obstacle_cleared wp=3 dist_wp=20.33 bearing_deg=-44.21 speed=0.000 pos=(-120.700,3.934,20.127) bounded=true
tick=8400 phase=following reason=obstacle_cleared wp=3 dist_wp=20.33 bearing_deg=-44.21 speed=0.000 pos=(-120.700,3.934,20.127) bounded=true
tick=8430 phase=following reason=obstacle_cleared wp=3 dist_wp=20.33 bearing_deg=-44.21 speed=0.000 pos=(-120.700,3.934,20.127) bounded=true
tick=8460 phase=following reason=obstacle_cleared wp=3 dist_wp=20.33 bearing_deg=-44.21 speed=0.000 pos=(-120.700,3.934,20.127) bounded=true
tick=8490 phase=following reason=obstacle_cleared wp=3 dist_wp=20.33 bearing_deg=-44.21 speed=0.000 pos=(-120.700,3.934,20.127) bounded=true
tick=8520 phase=following reason=obstacle_cleared wp=3 dist_wp=20.33 bearing_deg=-44.21 speed=0.000 pos=(-120.700,3.934,20.127) bounded=true
tick=8550 phase=following reason=obstacle_cleared wp=3 dist_wp=20.33 bearing_deg=-44.21 speed=0.000 pos=(-120.700,3.934,20.127) bounded=true
tick=8580 phase=following reason=obstacle_cleared wp=3 dist_wp=20.33 bearing_deg=-44.21 speed=0.000 pos=(-120.700,3.934,20.127) bounded=true
tick=8610 phase=following reason=obstacle_cleared wp=3 dist_wp=20.33 bearing_deg=-44.21 speed=0.000 pos=(-120.700,3.934,20.127) bounded=true
tick=8640 phase=following reason=obstacle_cleared wp=3 dist_wp=20.33 bearing_deg=-44.21 speed=0.000 pos=(-120.700,3.934,20.127) bounded=true
tick=8670 phase=following reason=obstacle_cleared wp=3 dist_wp=20.33 bearing_deg=-44.21 speed=0.000 pos=(-120.700,3.934,20.127) bounded=true
tick=8700 phase=following reason=obstacle_cleared wp=3 dist_wp=20.33 bearing_deg=-44.21 speed=0.000 pos=(-120.700,3.934,20.127) bounded=true
tick=8730 phase=following reason=obstacle_cleared wp=3 dist_wp=20.33 bearing_deg=-44.21 speed=0.000 pos=(-120.700,3.934,20.127) bounded=true
tick=8760 phase=following reason=obstacle_cleared wp=3 dist_wp=20.33 bearing_deg=-44.21 speed=0.000 pos=(-120.700,3.934,20.127) bounded=true
tick=8790 phase=following reason=obstacle_cleared wp=3 dist_wp=20.33 bearing_deg=-44.21 speed=0.000 pos=(-120.700,3.934,20.127) bounded=true
tick=8820 phase=following reason=obstacle_cleared wp=3 dist_wp=20.33 bearing_deg=-44.21 speed=0.000 pos=(-120.700,3.934,20.127) bounded=true
tick=8850 phase=following reason=obstacle_cleared wp=3 dist_wp=20.33 bearing_deg=-44.21 speed=0.000 pos=(-120.700,3.934,20.127) bounded=true
tick=8880 phase=following reason=obstacle_cleared wp=3 dist_wp=20.33 bearing_deg=-44.21 speed=0.000 pos=(-120.700,3.934,20.127) bounded=true
tick=8910 phase=following reason=obstacle_cleared wp=3 dist_wp=20.33 bearing_deg=-44.21 speed=0.000 pos=(-120.700,3.934,20.127) bounded=true
tick=8940 phase=following reason=obstacle_cleared wp=3 dist_wp=20.33 bearing_deg=-44.21 speed=0.000 pos=(-120.700,3.934,20.127) bounded=true
tick=8970 phase=following reason=obstacle_cleared wp=3 dist_wp=20.33 bearing_deg=-44.21 speed=0.000 pos=(-120.700,3.934,20.127) bounded=true
tick=9000 phase=following reason=obstacle_cleared wp=3 dist_wp=20.33 bearing_deg=-44.21 speed=0.000 pos=(-120.700,3.934,20.127) bounded=true
tick=9030 phase=following reason=obstacle_cleared wp=3 dist_wp=20.33 bearing_deg=-44.21 speed=0.000 pos=(-120.700,3.934,20.127) bounded=true
tick=9060 phase=following reason=obstacle_cleared wp=3 dist_wp=20.33 bearing_deg=-44.21 speed=0.000 pos=(-120.700,3.934,20.127) bounded=true
tick=9090 phase=following reason=obstacle_cleared wp=3 dist_wp=20.33 bearing_deg=-44.21 speed=0.000 pos=(-120.700,3.934,20.127) bounded=true
tick=9120 phase=following reason=obstacle_cleared wp=3 dist_wp=20.33 bearing_deg=-44.21 speed=0.000 pos=(-120.700,3.934,20.127) bounded=true
tick=9150 phase=following reason=obstacle_cleared wp=3 dist_wp=20.33 bearing_deg=-44.21 speed=0.000 pos=(-120.700,3.934,20.127) bounded=true
tick=9180 phase=following reason=obstacle_cleared wp=3 dist_wp=20.33 bearing_deg=-44.21 speed=0.000 pos=(-120.700,3.934,20.127) bounded=true
tick=9210 phase=following reason=obstacle_cleared wp=3 dist_wp=20.33 bearing_deg=-44.21 speed=0.000 pos=(-120.700,3.934,20.127) bounded=true
tick=9240 phase=following reason=obstacle_cleared wp=3 dist_wp=20.33 bearing_deg=-44.21 speed=0.000 pos=(-120.700,3.934,20.127) bounded=true
tick=9270 phase=following reason=obstacle_cleared wp=3 dist_wp=20.33 bearing_deg=-44.21 speed=0.000 pos=(-120.700,3.934,20.127) bounded=true
tick=9300 phase=following reason=obstacle_cleared wp=3 dist_wp=20.33 bearing_deg=-44.21 speed=0.000 pos=(-120.700,3.934,20.127) bounded=true
tick=9330 phase=following reason=obstacle_cleared wp=3 dist_wp=20.33 bearing_deg=-44.21 speed=0.000 pos=(-120.700,3.934,20.127) bounded=true
tick=9360 phase=following reason=obstacle_cleared wp=3 dist_wp=20.33 bearing_deg=-44.21 speed=0.000 pos=(-120.700,3.934,20.127) bounded=true
tick=9390 phase=following reason=obstacle_cleared wp=3 dist_wp=20.33 bearing_deg=-44.21 speed=0.000 pos=(-120.700,3.934,20.127) bounded=true
tick=9420 phase=following reason=obstacle_cleared wp=3 dist_wp=20.33 bearing_deg=-44.21 speed=0.000 pos=(-120.700,3.934,20.127) bounded=true
tick=9450 phase=following reason=obstacle_cleared wp=3 dist_wp=20.33 bearing_deg=-44.21 speed=0.000 pos=(-120.700,3.934,20.127) bounded=true
tick=9480 phase=following reason=obstacle_cleared wp=3 dist_wp=20.33 bearing_deg=-44.21 speed=0.000 pos=(-120.700,3.934,20.127) bounded=true
tick=9510 phase=following reason=obstacle_cleared wp=3 dist_wp=20.33 bearing_deg=-44.21 speed=0.000 pos=(-120.700,3.934,20.127) bounded=true
tick=9540 phase=following reason=obstacle_cleared wp=3 dist_wp=20.33 bearing_deg=-44.21 speed=0.000 pos=(-120.700,3.934,20.127) bounded=true
tick=9570 phase=following reason=obstacle_cleared wp=3 dist_wp=20.33 bearing_deg=-44.21 speed=0.000 pos=(-120.700,3.934,20.127) bounded=true
tick=9600 phase=following reason=obstacle_cleared wp=3 dist_wp=20.33 bearing_deg=-44.21 speed=0.000 pos=(-120.700,3.934,20.127) bounded=true
tick=9630 phase=following reason=obstacle_cleared wp=3 dist_wp=20.33 bearing_deg=-44.21 speed=0.000 pos=(-120.700,3.934,20.127) bounded=true
tick=9660 phase=following reason=obstacle_cleared wp=3 dist_wp=20.33 bearing_deg=-44.21 speed=0.000 pos=(-120.700,3.934,20.127) bounded=true
tick=9690 phase=following reason=obstacle_cleared wp=3 dist_wp=20.33 bearing_deg=-44.21 speed=0.000 pos=(-120.700,3.934,20.127) bounded=true
tick=9720 phase=following reason=obstacle_cleared wp=3 dist_wp=20.33 bearing_deg=-44.21 speed=0.000 pos=(-120.700,3.934,20.127) bounded=true
tick=9750 phase=following reason=obstacle_cleared wp=3 dist_wp=20.33 bearing_deg=-44.21 speed=0.000 pos=(-120.700,3.934,20.127) bounded=true
tick=9780 phase=following reason=obstacle_cleared wp=3 dist_wp=20.33 bearing_deg=-44.21 speed=0.000 pos=(-120.700,3.934,20.127) bounded=true
tick=9810 phase=following reason=obstacle_cleared wp=3 dist_wp=20.33 bearing_deg=-44.21 speed=0.000 pos=(-120.700,3.934,20.127) bounded=true
tick=9840 phase=following reason=obstacle_cleared wp=3 dist_wp=20.33 bearing_deg=-44.21 speed=0.000 pos=(-120.700,3.934,20.127) bounded=true
tick=9870 phase=following reason=obstacle_cleared wp=3 dist_wp=20.33 bearing_deg=-44.21 speed=0.000 pos=(-120.700,3.934,20.127) bounded=true
tick=9900 phase=following reason=obstacle_cleared wp=3 dist_wp=20.33 bearing_deg=-44.21 speed=0.000 pos=(-120.700,3.934,20.127) bounded=true
tick=9930 phase=following reason=obstacle_cleared wp=3 dist_wp=20.33 bearing_deg=-44.21 speed=0.000 pos=(-120.700,3.934,20.127) bounded=true
tick=9960 phase=following reason=obstacle_cleared wp=3 dist_wp=20.33 bearing_deg=-44.21 speed=0.000 pos=(-120.700,3.934,20.127) bounded=true
tick=9990 phase=following reason=obstacle_cleared wp=3 dist_wp=20.33 bearing_deg=-44.21 speed=0.000 pos=(-120.700,3.934,20.127) bounded=true
tick=10020 phase=following reason=obstacle_cleared wp=3 dist_wp=20.33 bearing_deg=-44.21 speed=0.000 pos=(-120.700,3.934,20.127) bounded=true
tick=10050 phase=following reason=obstacle_cleared wp=3 dist_wp=20.33 bearing_deg=-44.21 speed=0.000 pos=(-120.700,3.934,20.127) bounded=true
tick=10080 phase=following reason=obstacle_cleared wp=3 dist_wp=20.33 bearing_deg=-44.21 speed=0.000 pos=(-120.700,3.934,20.127) bounded=true
tick=10110 phase=following reason=obstacle_cleared wp=3 dist_wp=20.33 bearing_deg=-44.21 speed=0.000 pos=(-120.700,3.934,20.127) bounded=true
tick=10140 phase=following reason=obstacle_cleared wp=3 dist_wp=20.33 bearing_deg=-44.21 speed=0.000 pos=(-120.700,3.934,20.127) bounded=true
tick=10170 phase=following reason=obstacle_cleared wp=3 dist_wp=20.33 bearing_deg=-44.21 speed=0.000 pos=(-120.700,3.934,20.127) bounded=true
tick=10200 phase=following reason=obstacle_cleared wp=3 dist_wp=20.33 bearing_deg=-44.21 speed=0.000 pos=(-120.700,3.934,20.127) bounded=true
tick=10230 phase=following reason=obstacle_cleared wp=3 dist_wp=20.33 bearing_deg=-44.21 speed=0.000 pos=(-120.700,3.934,20.127) bounded=true
tick=10260 phase=following reason=obstacle_cleared wp=3 dist_wp=20.33 bearing_deg=-44.21 speed=0.000 pos=(-120.700,3.934,20.127) bounded=true
tick=10290 phase=following reason=obstacle_cleared wp=3 dist_wp=20.33 bearing_deg=-44.21 speed=0.000 pos=(-120.700,3.934,20.127) bounded=true
tick=10320 phase=following reason=obstacle_cleared wp=3 dist_wp=20.33 bearing_deg=-44.21 speed=0.000 pos=(-120.700,3.934,20.127) bounded=true
tick=10350 phase=following reason=obstacle_cleared wp=3 dist_wp=20.33 bearing_deg=-44.21 speed=0.000 pos=(-120.700,3.934,20.127) bounded=true
tick=10380 phase=following reason=obstacle_cleared wp=3 dist_wp=20.33 bearing_deg=-44.21 speed=0.000 pos=(-120.700,3.934,20.127) bounded=true
tick=10410 phase=following reason=obstacle_cleared wp=3 dist_wp=20.33 bearing_deg=-44.21 speed=0.000 pos=(-120.700,3.934,20.127) bounded=true
tick=10440 phase=following reason=obstacle_cleared wp=3 dist_wp=20.33 bearing_deg=-44.21 speed=0.000 pos=(-120.700,3.934,20.127) bounded=true
tick=10470 phase=following reason=obstacle_cleared wp=3 dist_wp=20.33 bearing_deg=-44.21 speed=0.000 pos=(-120.700,3.934,20.127) bounded=true
tick=10500 phase=following reason=obstacle_cleared wp=3 dist_wp=20.33 bearing_deg=-44.21 speed=0.000 pos=(-120.700,3.934,20.127) bounded=true
tick=10530 phase=following reason=obstacle_cleared wp=3 dist_wp=20.33 bearing_deg=-44.21 speed=0.000 pos=(-120.700,3.934,20.127) bounded=true
tick=10560 phase=following reason=obstacle_cleared wp=3 dist_wp=20.33 bearing_deg=-44.21 speed=0.000 pos=(-120.700,3.934,20.127) bounded=true
tick=10590 phase=following reason=obstacle_cleared wp=3 dist_wp=20.33 bearing_deg=-44.21 speed=0.000 pos=(-120.700,3.934,20.127) bounded=true
tick=10620 phase=following reason=obstacle_cleared wp=3 dist_wp=20.33 bearing_deg=-44.21 speed=0.000 pos=(-120.700,3.934,20.127) bounded=true
tick=10650 phase=following reason=obstacle_cleared wp=3 dist_wp=20.33 bearing_deg=-44.21 speed=0.000 pos=(-120.700,3.934,20.127) bounded=true
tick=10680 phase=following reason=obstacle_cleared wp=3 dist_wp=20.33 bearing_deg=-44.21 speed=0.000 pos=(-120.700,3.934,20.127) bounded=true
tick=10710 phase=following reason=obstacle_cleared wp=3 dist_wp=20.33 bearing_deg=-44.21 speed=0.000 pos=(-120.700,3.934,20.127) bounded=true
tick=10740 phase=following reason=obstacle_cleared wp=3 dist_wp=20.33 bearing_deg=-44.21 speed=0.000 pos=(-120.700,3.934,20.127) bounded=true
tick=10770 phase=following reason=obstacle_cleared wp=3 dist_wp=20.33 bearing_deg=-44.21 speed=0.000 pos=(-120.700,3.934,20.127) bounded=true
tick=10800 phase=following reason=obstacle_cleared wp=3 dist_wp=20.33 bearing_deg=-44.21 speed=0.000 pos=(-120.700,3.934,20.127) bounded=true
tick=10830 phase=following reason=obstacle_cleared wp=3 dist_wp=20.33 bearing_deg=-44.21 speed=0.000 pos=(-120.700,3.934,20.127) bounded=true
tick=10860 phase=following reason=obstacle_cleared wp=3 dist_wp=20.33 bearing_deg=-44.21 speed=0.000 pos=(-120.700,3.934,20.127) bounded=true
tick=10890 phase=following reason=obstacle_cleared wp=3 dist_wp=20.33 bearing_deg=-44.21 speed=0.000 pos=(-120.700,3.934,20.127) bounded=true
tick=10920 phase=following reason=obstacle_cleared wp=3 dist_wp=20.33 bearing_deg=-44.21 speed=0.000 pos=(-120.700,3.934,20.127) bounded=true
tick=10950 phase=following reason=obstacle_cleared wp=3 dist_wp=20.33 bearing_deg=-44.21 speed=0.000 pos=(-120.700,3.934,20.127) bounded=true
tick=10980 phase=following reason=obstacle_cleared wp=3 dist_wp=20.33 bearing_deg=-44.21 speed=0.000 pos=(-120.700,3.934,20.127) bounded=true
tick=11010 phase=following reason=obstacle_cleared wp=3 dist_wp=20.33 bearing_deg=-44.21 speed=0.000 pos=(-120.700,3.934,20.127) bounded=true
tick=11040 phase=following reason=obstacle_cleared wp=3 dist_wp=20.33 bearing_deg=-44.21 speed=0.000 pos=(-120.700,3.934,20.127) bounded=true
tick=11070 phase=following reason=obstacle_cleared wp=3 dist_wp=20.33 bearing_deg=-44.21 speed=0.000 pos=(-120.700,3.934,20.127) bounded=true
tick=11100 phase=following reason=obstacle_cleared wp=3 dist_wp=20.33 bearing_deg=-44.21 speed=0.000 pos=(-120.700,3.934,20.127) bounded=true
tick=11130 phase=following reason=obstacle_cleared wp=3 dist_wp=20.33 bearing_deg=-44.21 speed=0.000 pos=(-120.700,3.934,20.127) bounded=true
tick=11160 phase=following reason=obstacle_cleared wp=3 dist_wp=20.33 bearing_deg=-44.21 speed=0.000 pos=(-120.700,3.934,20.127) bounded=true
tick=11190 phase=following reason=obstacle_cleared wp=3 dist_wp=20.33 bearing_deg=-44.21 speed=0.000 pos=(-120.700,3.934,20.127) bounded=true
tick=11220 phase=following reason=obstacle_cleared wp=3 dist_wp=20.33 bearing_deg=-44.21 speed=0.000 pos=(-120.700,3.934,20.127) bounded=true
tick=11250 phase=following reason=obstacle_cleared wp=3 dist_wp=20.33 bearing_deg=-44.21 speed=0.000 pos=(-120.700,3.934,20.127) bounded=true
tick=11280 phase=following reason=obstacle_cleared wp=3 dist_wp=20.33 bearing_deg=-44.21 speed=0.000 pos=(-120.700,3.934,20.127) bounded=true
tick=11310 phase=following reason=obstacle_cleared wp=3 dist_wp=20.33 bearing_deg=-44.21 speed=0.000 pos=(-120.700,3.934,20.127) bounded=true
tick=11340 phase=following reason=obstacle_cleared wp=3 dist_wp=20.33 bearing_deg=-44.21 speed=0.000 pos=(-120.700,3.934,20.127) bounded=true
tick=11370 phase=following reason=obstacle_cleared wp=3 dist_wp=20.33 bearing_deg=-44.21 speed=0.000 pos=(-120.700,3.934,20.127) bounded=true
tick=11400 phase=following reason=obstacle_cleared wp=3 dist_wp=20.33 bearing_deg=-44.21 speed=0.000 pos=(-120.700,3.934,20.127) bounded=true
tick=11430 phase=following reason=obstacle_cleared wp=3 dist_wp=20.33 bearing_deg=-44.21 speed=0.000 pos=(-120.700,3.934,20.127) bounded=true
tick=11460 phase=following reason=obstacle_cleared wp=3 dist_wp=20.33 bearing_deg=-44.21 speed=0.000 pos=(-120.700,3.934,20.127) bounded=true
tick=11490 phase=following reason=obstacle_cleared wp=3 dist_wp=20.33 bearing_deg=-44.21 speed=0.000 pos=(-120.700,3.934,20.127) bounded=true
tick=11520 phase=following reason=obstacle_cleared wp=3 dist_wp=20.33 bearing_deg=-44.21 speed=0.000 pos=(-120.700,3.934,20.127) bounded=true
tick=11550 phase=following reason=obstacle_cleared wp=3 dist_wp=20.33 bearing_deg=-44.21 speed=0.000 pos=(-120.700,3.934,20.127) bounded=true
tick=11580 phase=following reason=obstacle_cleared wp=3 dist_wp=20.33 bearing_deg=-44.21 speed=0.000 pos=(-120.700,3.934,20.127) bounded=true
tick=11610 phase=following reason=obstacle_cleared wp=3 dist_wp=20.33 bearing_deg=-44.21 speed=0.000 pos=(-120.700,3.934,20.127) bounded=true
tick=11640 phase=following reason=obstacle_cleared wp=3 dist_wp=20.33 bearing_deg=-44.21 speed=0.000 pos=(-120.700,3.934,20.127) bounded=true
tick=11670 phase=following reason=obstacle_cleared wp=3 dist_wp=20.33 bearing_deg=-44.21 speed=0.000 pos=(-120.700,3.934,20.127) bounded=true
tick=11700 phase=following reason=obstacle_cleared wp=3 dist_wp=20.33 bearing_deg=-44.21 speed=0.000 pos=(-120.700,3.934,20.127) bounded=true
tick=11730 phase=following reason=obstacle_cleared wp=3 dist_wp=20.33 bearing_deg=-44.21 speed=0.000 pos=(-120.700,3.934,20.127) bounded=true
tick=11760 phase=following reason=obstacle_cleared wp=3 dist_wp=20.33 bearing_deg=-44.21 speed=0.000 pos=(-120.700,3.934,20.127) bounded=true
tick=11790 phase=following reason=obstacle_cleared wp=3 dist_wp=20.33 bearing_deg=-44.21 speed=0.000 pos=(-120.700,3.934,20.127) bounded=true
tick=11820 phase=following reason=obstacle_cleared wp=3 dist_wp=20.33 bearing_deg=-44.21 speed=0.000 pos=(-120.700,3.934,20.127) bounded=true
tick=11850 phase=following reason=obstacle_cleared wp=3 dist_wp=20.33 bearing_deg=-44.21 speed=0.000 pos=(-120.700,3.934,20.127) bounded=true
tick=11880 phase=following reason=obstacle_cleared wp=3 dist_wp=20.33 bearing_deg=-44.21 speed=0.000 pos=(-120.700,3.934,20.127) bounded=true
tick=11910 phase=following reason=obstacle_cleared wp=3 dist_wp=20.33 bearing_deg=-44.21 speed=0.000 pos=(-120.700,3.934,20.127) bounded=true
tick=11940 phase=following reason=obstacle_cleared wp=3 dist_wp=20.33 bearing_deg=-44.21 speed=0.000 pos=(-120.700,3.934,20.127) bounded=true
tick=11970 phase=following reason=obstacle_cleared wp=3 dist_wp=20.33 bearing_deg=-44.21 speed=0.000 pos=(-120.700,3.934,20.127) bounded=true
tick=12000 phase=following reason=obstacle_cleared wp=3 dist_wp=20.33 bearing_deg=-44.21 speed=0.000 pos=(-120.700,3.934,20.127) bounded=true
tick=12030 phase=following reason=obstacle_cleared wp=3 dist_wp=20.33 bearing_deg=-44.21 speed=0.000 pos=(-120.700,3.934,20.127) bounded=true
tick=12060 phase=following reason=obstacle_cleared wp=3 dist_wp=20.33 bearing_deg=-44.21 speed=0.000 pos=(-120.700,3.934,20.127) bounded=true
tick=12090 phase=following reason=obstacle_cleared wp=3 dist_wp=20.33 bearing_deg=-44.21 speed=0.000 pos=(-120.700,3.934,20.127) bounded=true
tick=12120 phase=following reason=obstacle_cleared wp=3 dist_wp=20.33 bearing_deg=-44.21 speed=0.000 pos=(-120.700,3.934,20.127) bounded=true
tick=12150 phase=following reason=obstacle_cleared wp=3 dist_wp=20.33 bearing_deg=-44.21 speed=0.000 pos=(-120.700,3.934,20.127) bounded=true
tick=12180 phase=following reason=obstacle_cleared wp=3 dist_wp=20.33 bearing_deg=-44.21 speed=0.000 pos=(-120.700,3.934,20.127) bounded=true
tick=12210 phase=following reason=obstacle_cleared wp=3 dist_wp=20.33 bearing_deg=-44.21 speed=0.000 pos=(-120.700,3.934,20.127) bounded=true
tick=12240 phase=following reason=obstacle_cleared wp=3 dist_wp=20.33 bearing_deg=-44.21 speed=0.000 pos=(-120.700,3.934,20.127) bounded=true
tick=12270 phase=following reason=obstacle_cleared wp=3 dist_wp=20.33 bearing_deg=-44.21 speed=0.000 pos=(-120.700,3.934,20.127) bounded=true
tick=12300 phase=following reason=obstacle_cleared wp=3 dist_wp=20.33 bearing_deg=-44.21 speed=0.000 pos=(-120.700,3.934,20.127) bounded=true
tick=12330 phase=following reason=obstacle_cleared wp=3 dist_wp=20.33 bearing_deg=-44.21 speed=0.000 pos=(-120.700,3.934,20.127) bounded=true
tick=12360 phase=following reason=obstacle_cleared wp=3 dist_wp=20.33 bearing_deg=-44.21 speed=0.000 pos=(-120.700,3.934,20.127) bounded=true
tick=12390 phase=following reason=obstacle_cleared wp=3 dist_wp=20.33 bearing_deg=-44.21 speed=0.000 pos=(-120.700,3.934,20.127) bounded=true
tick=12420 phase=following reason=obstacle_cleared wp=3 dist_wp=20.33 bearing_deg=-44.21 speed=0.000 pos=(-120.700,3.934,20.127) bounded=true
tick=12450 phase=following reason=obstacle_cleared wp=3 dist_wp=20.33 bearing_deg=-44.21 speed=0.000 pos=(-120.700,3.934,20.127) bounded=true
tick=12480 phase=following reason=obstacle_cleared wp=3 dist_wp=20.33 bearing_deg=-44.21 speed=0.000 pos=(-120.700,3.934,20.127) bounded=true
tick=12510 phase=following reason=obstacle_cleared wp=3 dist_wp=20.33 bearing_deg=-44.21 speed=0.000 pos=(-120.700,3.934,20.127) bounded=true
tick=12540 phase=following reason=obstacle_cleared wp=3 dist_wp=20.33 bearing_deg=-44.21 speed=0.000 pos=(-120.700,3.934,20.127) bounded=true
tick=12570 phase=following reason=obstacle_cleared wp=3 dist_wp=20.33 bearing_deg=-44.21 speed=0.000 pos=(-120.700,3.934,20.127) bounded=true
tick=12600 phase=following reason=obstacle_cleared wp=3 dist_wp=20.33 bearing_deg=-44.21 speed=0.000 pos=(-120.700,3.934,20.127) bounded=true
tick=12630 phase=following reason=obstacle_cleared wp=3 dist_wp=20.33 bearing_deg=-44.21 speed=0.000 pos=(-120.700,3.934,20.127) bounded=true
tick=12660 phase=following reason=obstacle_cleared wp=3 dist_wp=20.33 bearing_deg=-44.21 speed=0.000 pos=(-120.700,3.934,20.127) bounded=true
tick=12690 phase=following reason=obstacle_cleared wp=3 dist_wp=20.33 bearing_deg=-44.21 speed=0.000 pos=(-120.700,3.934,20.127) bounded=true
tick=12720 phase=following reason=obstacle_cleared wp=3 dist_wp=20.33 bearing_deg=-44.21 speed=0.000 pos=(-120.700,3.934,20.127) bounded=true
tick=12750 phase=following reason=obstacle_cleared wp=3 dist_wp=20.33 bearing_deg=-44.21 speed=0.000 pos=(-120.700,3.934,20.127) bounded=true
tick=12780 phase=following reason=obstacle_cleared wp=3 dist_wp=20.33 bearing_deg=-44.21 speed=0.000 pos=(-120.700,3.934,20.127) bounded=true
tick=12810 phase=following reason=obstacle_cleared wp=3 dist_wp=20.33 bearing_deg=-44.21 speed=0.000 pos=(-120.700,3.934,20.127) bounded=true
tick=12840 phase=following reason=obstacle_cleared wp=3 dist_wp=20.33 bearing_deg=-44.21 speed=0.000 pos=(-120.700,3.934,20.127) bounded=true
tick=12870 phase=following reason=obstacle_cleared wp=3 dist_wp=20.33 bearing_deg=-44.21 speed=0.000 pos=(-120.700,3.934,20.127) bounded=true
tick=12900 phase=following reason=obstacle_cleared wp=3 dist_wp=20.33 bearing_deg=-44.21 speed=0.000 pos=(-120.700,3.934,20.127) bounded=true
tick=12930 phase=following reason=obstacle_cleared wp=3 dist_wp=20.33 bearing_deg=-44.21 speed=0.000 pos=(-120.700,3.934,20.127) bounded=true
tick=12960 phase=following reason=obstacle_cleared wp=3 dist_wp=20.33 bearing_deg=-44.21 speed=0.000 pos=(-120.700,3.934,20.127) bounded=true
tick=12990 phase=following reason=obstacle_cleared wp=3 dist_wp=20.33 bearing_deg=-44.21 speed=0.000 pos=(-120.700,3.934,20.127) bounded=true
tick=13020 phase=following reason=obstacle_cleared wp=3 dist_wp=20.33 bearing_deg=-44.21 speed=0.000 pos=(-120.700,3.934,20.127) bounded=true
tick=13050 phase=following reason=obstacle_cleared wp=3 dist_wp=20.33 bearing_deg=-44.21 speed=0.000 pos=(-120.700,3.934,20.127) bounded=true
tick=13080 phase=following reason=obstacle_cleared wp=3 dist_wp=20.33 bearing_deg=-44.21 speed=0.000 pos=(-120.700,3.934,20.127) bounded=true
tick=13110 phase=following reason=obstacle_cleared wp=3 dist_wp=20.33 bearing_deg=-44.21 speed=0.000 pos=(-120.700,3.934,20.127) bounded=true
tick=13140 phase=following reason=obstacle_cleared wp=3 dist_wp=20.33 bearing_deg=-44.21 speed=0.000 pos=(-120.700,3.934,20.127) bounded=true
tick=13170 phase=following reason=obstacle_cleared wp=3 dist_wp=20.33 bearing_deg=-44.21 speed=0.000 pos=(-120.700,3.934,20.127) bounded=true
tick=13200 phase=following reason=obstacle_cleared wp=3 dist_wp=20.33 bearing_deg=-44.21 speed=0.000 pos=(-120.700,3.934,20.127) bounded=true
tick=13230 phase=following reason=obstacle_cleared wp=3 dist_wp=20.33 bearing_deg=-44.21 speed=0.000 pos=(-120.700,3.934,20.127) bounded=true
tick=13260 phase=following reason=obstacle_cleared wp=3 dist_wp=20.33 bearing_deg=-44.21 speed=0.000 pos=(-120.700,3.934,20.127) bounded=true
tick=13290 phase=following reason=obstacle_cleared wp=3 dist_wp=20.33 bearing_deg=-44.21 speed=0.000 pos=(-120.700,3.934,20.127) bounded=true
tick=13320 phase=following reason=obstacle_cleared wp=3 dist_wp=20.33 bearing_deg=-44.21 speed=0.000 pos=(-120.700,3.934,20.127) bounded=true
tick=13350 phase=following reason=obstacle_cleared wp=3 dist_wp=20.33 bearing_deg=-44.21 speed=0.000 pos=(-120.700,3.934,20.127) bounded=true
tick=13380 phase=following reason=obstacle_cleared wp=3 dist_wp=20.33 bearing_deg=-44.21 speed=0.000 pos=(-120.700,3.934,20.127) bounded=true
tick=13410 phase=following reason=obstacle_cleared wp=3 dist_wp=20.33 bearing_deg=-44.21 speed=0.000 pos=(-120.700,3.934,20.127) bounded=true
tick=13440 phase=following reason=obstacle_cleared wp=3 dist_wp=20.33 bearing_deg=-44.21 speed=0.000 pos=(-120.700,3.934,20.127) bounded=true
tick=13470 phase=following reason=obstacle_cleared wp=3 dist_wp=20.33 bearing_deg=-44.21 speed=0.000 pos=(-120.700,3.934,20.127) bounded=true
tick=13500 phase=following reason=obstacle_cleared wp=3 dist_wp=20.33 bearing_deg=-44.21 speed=0.000 pos=(-120.700,3.934,20.127) bounded=true
tick=13530 phase=following reason=obstacle_cleared wp=3 dist_wp=20.33 bearing_deg=-44.21 speed=0.000 pos=(-120.700,3.934,20.127) bounded=true
tick=13560 phase=following reason=obstacle_cleared wp=3 dist_wp=20.33 bearing_deg=-44.21 speed=0.000 pos=(-120.700,3.934,20.127) bounded=true
tick=13590 phase=following reason=obstacle_cleared wp=3 dist_wp=20.33 bearing_deg=-44.21 speed=0.000 pos=(-120.700,3.934,20.127) bounded=true
tick=13620 phase=following reason=obstacle_cleared wp=3 dist_wp=20.33 bearing_deg=-44.21 speed=0.000 pos=(-120.700,3.934,20.127) bounded=true
tick=13650 phase=following reason=obstacle_cleared wp=3 dist_wp=20.33 bearing_deg=-44.21 speed=0.000 pos=(-120.700,3.934,20.127) bounded=true
tick=13680 phase=following reason=obstacle_cleared wp=3 dist_wp=20.33 bearing_deg=-44.21 speed=0.000 pos=(-120.700,3.934,20.127) bounded=true
tick=13710 phase=following reason=obstacle_cleared wp=3 dist_wp=20.33 bearing_deg=-44.21 speed=0.000 pos=(-120.700,3.934,20.127) bounded=true
tick=13740 phase=following reason=obstacle_cleared wp=3 dist_wp=20.33 bearing_deg=-44.21 speed=0.000 pos=(-120.700,3.934,20.127) bounded=true
tick=13770 phase=following reason=obstacle_cleared wp=3 dist_wp=20.33 bearing_deg=-44.21 speed=0.000 pos=(-120.700,3.934,20.127) bounded=true
tick=13800 phase=following reason=obstacle_cleared wp=3 dist_wp=20.33 bearing_deg=-44.21 speed=0.000 pos=(-120.700,3.934,20.127) bounded=true
tick=13830 phase=following reason=obstacle_cleared wp=3 dist_wp=20.33 bearing_deg=-44.21 speed=0.000 pos=(-120.700,3.934,20.127) bounded=true
tick=13860 phase=following reason=obstacle_cleared wp=3 dist_wp=20.33 bearing_deg=-44.21 speed=0.000 pos=(-120.700,3.934,20.127) bounded=true
tick=13890 phase=following reason=obstacle_cleared wp=3 dist_wp=20.33 bearing_deg=-44.21 speed=0.000 pos=(-120.700,3.934,20.127) bounded=true
tick=13920 phase=following reason=obstacle_cleared wp=3 dist_wp=20.33 bearing_deg=-44.21 speed=0.000 pos=(-120.700,3.934,20.127) bounded=true
tick=13950 phase=following reason=obstacle_cleared wp=3 dist_wp=20.33 bearing_deg=-44.21 speed=0.000 pos=(-120.700,3.934,20.127) bounded=true
tick=13980 phase=following reason=obstacle_cleared wp=3 dist_wp=20.33 bearing_deg=-44.21 speed=0.000 pos=(-120.700,3.934,20.127) bounded=true
tick=14010 phase=following reason=obstacle_cleared wp=3 dist_wp=20.33 bearing_deg=-44.21 speed=0.000 pos=(-120.700,3.934,20.127) bounded=true
tick=14040 phase=following reason=obstacle_cleared wp=3 dist_wp=20.33 bearing_deg=-44.21 speed=0.000 pos=(-120.700,3.934,20.127) bounded=true
tick=14070 phase=following reason=obstacle_cleared wp=3 dist_wp=20.33 bearing_deg=-44.21 speed=0.000 pos=(-120.700,3.934,20.127) bounded=true
tick=14100 phase=following reason=obstacle_cleared wp=3 dist_wp=20.33 bearing_deg=-44.21 speed=0.000 pos=(-120.700,3.934,20.127) bounded=true
tick=14130 phase=following reason=obstacle_cleared wp=3 dist_wp=20.33 bearing_deg=-44.21 speed=0.000 pos=(-120.700,3.934,20.127) bounded=true
tick=14160 phase=following reason=obstacle_cleared wp=3 dist_wp=20.33 bearing_deg=-44.21 speed=0.000 pos=(-120.700,3.934,20.127) bounded=true
tick=14190 phase=following reason=obstacle_cleared wp=3 dist_wp=20.33 bearing_deg=-44.21 speed=0.000 pos=(-120.700,3.934,20.127) bounded=true
tick=14220 phase=following reason=obstacle_cleared wp=3 dist_wp=20.33 bearing_deg=-44.21 speed=0.000 pos=(-120.700,3.934,20.127) bounded=true
tick=14250 phase=following reason=obstacle_cleared wp=3 dist_wp=20.33 bearing_deg=-44.21 speed=0.000 pos=(-120.700,3.934,20.127) bounded=true
tick=14280 phase=following reason=obstacle_cleared wp=3 dist_wp=20.33 bearing_deg=-44.21 speed=0.000 pos=(-120.700,3.934,20.127) bounded=true
tick=14310 phase=following reason=obstacle_cleared wp=3 dist_wp=20.33 bearing_deg=-44.21 speed=0.000 pos=(-120.700,3.934,20.127) bounded=true
tick=14340 phase=following reason=obstacle_cleared wp=3 dist_wp=20.33 bearing_deg=-44.21 speed=0.000 pos=(-120.700,3.934,20.127) bounded=true
tick=14370 phase=following reason=obstacle_cleared wp=3 dist_wp=20.33 bearing_deg=-44.21 speed=0.000 pos=(-120.700,3.934,20.127) bounded=true
tick=14400 phase=following reason=obstacle_cleared wp=3 dist_wp=20.33 bearing_deg=-44.21 speed=0.000 pos=(-120.700,3.934,20.127) bounded=true
tick=14430 phase=following reason=obstacle_cleared wp=3 dist_wp=20.33 bearing_deg=-44.21 speed=0.000 pos=(-120.700,3.934,20.127) bounded=true
tick=14460 phase=following reason=obstacle_cleared wp=3 dist_wp=20.33 bearing_deg=-44.21 speed=0.000 pos=(-120.700,3.934,20.127) bounded=true
tick=14490 phase=following reason=obstacle_cleared wp=3 dist_wp=20.33 bearing_deg=-44.21 speed=0.000 pos=(-120.700,3.934,20.127) bounded=true
tick=14520 phase=following reason=obstacle_cleared wp=3 dist_wp=20.33 bearing_deg=-44.21 speed=0.000 pos=(-120.700,3.934,20.127) bounded=true
tick=14550 phase=following reason=obstacle_cleared wp=3 dist_wp=20.33 bearing_deg=-44.21 speed=0.000 pos=(-120.700,3.934,20.127) bounded=true
tick=14580 phase=following reason=obstacle_cleared wp=3 dist_wp=20.33 bearing_deg=-44.21 speed=0.000 pos=(-120.700,3.934,20.127) bounded=true
tick=14610 phase=following reason=obstacle_cleared wp=3 dist_wp=20.33 bearing_deg=-44.21 speed=0.000 pos=(-120.700,3.934,20.127) bounded=true
tick=14640 phase=following reason=obstacle_cleared wp=3 dist_wp=20.33 bearing_deg=-44.21 speed=0.000 pos=(-120.700,3.934,20.127) bounded=true
tick=14670 phase=following reason=obstacle_cleared wp=3 dist_wp=20.33 bearing_deg=-44.21 speed=0.000 pos=(-120.700,3.934,20.127) bounded=true
tick=14700 phase=following reason=obstacle_cleared wp=3 dist_wp=20.33 bearing_deg=-44.21 speed=0.000 pos=(-120.700,3.934,20.127) bounded=true
tick=14730 phase=following reason=obstacle_cleared wp=3 dist_wp=20.33 bearing_deg=-44.21 speed=0.000 pos=(-120.700,3.934,20.127) bounded=true
tick=14760 phase=following reason=obstacle_cleared wp=3 dist_wp=20.33 bearing_deg=-44.21 speed=0.000 pos=(-120.700,3.934,20.127) bounded=true
tick=14790 phase=following reason=obstacle_cleared wp=3 dist_wp=20.33 bearing_deg=-44.21 speed=0.000 pos=(-120.700,3.934,20.127) bounded=true
tick=14820 phase=following reason=obstacle_cleared wp=3 dist_wp=20.33 bearing_deg=-44.21 speed=0.000 pos=(-120.700,3.934,20.127) bounded=true
tick=14850 phase=following reason=obstacle_cleared wp=3 dist_wp=20.33 bearing_deg=-44.21 speed=0.000 pos=(-120.700,3.934,20.127) bounded=true
tick=14880 phase=following reason=obstacle_cleared wp=3 dist_wp=20.33 bearing_deg=-44.21 speed=0.000 pos=(-120.700,3.934,20.127) bounded=true
tick=14910 phase=following reason=obstacle_cleared wp=3 dist_wp=20.33 bearing_deg=-44.21 speed=0.000 pos=(-120.700,3.934,20.127) bounded=true
tick=14940 phase=following reason=obstacle_cleared wp=3 dist_wp=20.33 bearing_deg=-44.21 speed=0.000 pos=(-120.700,3.934,20.127) bounded=true
tick=14970 phase=following reason=obstacle_cleared wp=3 dist_wp=20.33 bearing_deg=-44.21 speed=0.000 pos=(-120.700,3.934,20.127) bounded=true
