tick=0 phase=following reason=path_ready wp=1 dist_wp=13.42 bearing_deg=-26.57 speed=0.000 pos=(-9.000,0.008,-116.000) bounded=true
tick=30 phase=following reason=path_ready wp=1 dist_wp=11.92 bearing_deg=-7.09 speed=1.885 pos=(-9.463,0.028,-114.555) bounded=true
tick=60 phase=following reason=path_ready wp=1 dist_wp=6.58 bearing_deg=-3.26 speed=3.257 pos=(-11.694,0.023,-109.684) bounded=true
tick=90 phase=following reason=path_ready wp=1 dist_wp=0.74 bearing_deg=-169.14 speed=2.669 pos=(-15.335,0.012,-103.337) bounded=true
tick=120 phase=following reason=path_ready wp=1 dist_wp=4.35 bearing_deg=-155.68 speed=0.820 pos=(-18.230,0.025,-101.086) bounded=true
tick=150 phase=following reason=path_ready wp=1 dist_wp=4.68 bearing_deg=-120.87 speed=0.000 pos=(-18.604,0.010,-101.009) bounded=true
tick=180 phase=following reason=path_ready wp=1 dist_wp=4.68 bearing_deg=-83.37 speed=0.000 pos=(-18.604,0.001,-101.009) bounded=true
tick=210 phase=following reason=path_ready wp=1 dist_wp=4.68 bearing_deg=-45.87 speed=0.000 pos=(-18.604,0.001,-101.009) bounded=true
tick=240 phase=following reason=path_ready wp=1 dist_wp=4.61 bearing_deg=-12.86 speed=0.283 pos=(-18.561,0.005,-101.067) bounded=true
tick=270 phase=following reason=path_ready wp=1 dist_wp=2.58 bearing_deg=-5.27 speed=1.454 pos=(-17.094,0.015,-102.500) bounded=true
tick=300 phase=following reason=path_ready wp=1 dist_wp=0.22 bearing_deg=-14.92 speed=0.298 pos=(-15.208,0.017,-103.945) bounded=true
tick=330 phase=following reason=path_ready wp=2 dist_wp=19.26 bearing_deg=100.66 speed=0.000 pos=(-15.171,0.004,-103.968) bounded=true
tick=360 phase=following reason=path_ready wp=2 dist_wp=19.26 bearing_deg=63.16 speed=0.000 pos=(-15.171,0.001,-103.968) bounded=true
tick=390 phase=following reason=path_ready wp=2 dist_wp=19.26 bearing_deg=25.66 speed=0.000 pos=(-15.171,0.001,-103.968) bounded=true
tick=420 phase=following reason=path_ready wp=2 dist_wp=17.47 bearing_deg=6.41 speed=2.060 pos=(-16.866,0.030,-104.603) bounded=true
tick=450 phase=following reason=path_ready wp=2 dist_wp=11.71 bearing_deg=2.46 speed=3.709 pos=(-22.464,0.028,-106.008) bounded=true
tick=480 phase=following reason=path_ready wp=2 dist_wp=2.68 bearing_deg=3.06 speed=4.121 pos=(-31.340,0.009,-107.701) bounded=true
tick=510 phase=following reason=path_ready wp=2 dist_wp=4.12 bearing_deg=167.16 speed=2.192 pos=(-38.113,0.025,-107.800) bounded=true
tick=540 phase=following reason=path_ready wp=2 dist_wp=6.63 bearing_deg=142.22 speed=0.374 pos=(-40.453,0.025,-106.485) bounded=true
tick=570 phase=following reason=path_ready wp=2 dist_wp=6.68 bearing_deg=105.20 speed=0.000 pos=(-40.496,0.005,-106.426) bounded=true
tick=600 phase=following reason=path_ready wp=2 dist_wp=6.68 bearing_deg=67.70 speed=0.000 pos=(-40.497,0.000,-106.426) bounded=true
tick=630 phase=following reason=path_ready wp=2 dist_wp=6.68 bearing_deg=30.20 speed=0.000 pos=(-40.497,0.000,-106.426) bounded=true
tick=660 phase=following reason=path_ready wp=2 dist_wp=5.86 bearing_deg=7.78 speed=1.139 pos=(-39.658,0.018,-106.490) bounded=true
tick=690 phase=following reason=path_ready wp=2 dist_wp=1.99 bearing_deg=5.56 speed=1.990 pos=(-35.859,0.011,-107.295) bounded=true
tick=720 phase=following reason=path_ready wp=3 dist_wp=19.82 bearing_deg=129.74 speed=0.274 pos=(-33.548,0.022,-108.178) bounded=true
tick=750 phase=following reason=path_ready wp=3 dist_wp=19.85 bearing_deg=92.37 speed=0.000 pos=(-33.521,0.004,-108.202) bounded=true
tick=780 phase=following reason=path_ready wp=3 dist_wp=19.85 bearing_deg=54.87 speed=0.000 pos=(-33.521,0.001,-108.202) bounded=true
tick=810 phase=following reason=path_ready wp=3 dist_wp=19.85 bearing_deg=18.28 speed=0.000 pos=(-33.522,0.001,-108.202) bounded=true
tick=840 phase=following reason=path_ready wp=3 dist_wp=17.15 bearing_deg=4.93 speed=2.088 pos=(-36.106,0.026,-109.040) bounded=true
tick=870 phase=following reason=path_ready wp=3 dist_wp=10.57 bearing_deg=2.10 speed=4.031 pos=(-42.551,0.029,-110.423) bounded=true
tick=900 phase=following reason=path_ready wp=3 dist_wp=1.35 bearing_deg=4.76 speed=3.964 pos=(-51.654,0.001,-111.926) bounded=true
tick=930 phase=following reason=path_ready wp=3 dist_wp=5.03 bearing_deg=164.27 speed=2.016 pos=(-58.006,0.025,-111.487) bounded=true
tick=960 phase=following reason=path_ready wp=3 dist_wp=7.15 bearing_deg=137.64 speed=0.207 pos=(-59.910,0.025,-110.167) bounded=true
tick=990 phase=following reason=path_ready wp=3 dist_wp=7.16 bearing_deg=100.27 speed=0.000 pos=(-59.920,0.003,-110.151) bounded=true
tick=1020 phase=following reason=path_ready wp=3 dist_wp=7.16 bearing_deg=62.77 speed=0.000 pos=(-59.920,0.001,-110.151) bounded=true
tick=1050 phase=following reason=path_ready wp=3 dist_wp=7.16 bearing_deg=25.27 speed=0.000 pos=(-59.920,0.000,-110.151) bounded=true
tick=1080 phase=following reason=path_ready wp=3 dist_wp=5.90 bearing_deg=6.84 speed=1.425 pos=(-58.655,0.021,-110.302) bounded=true
tick=1110 phase=following reason=path_ready wp=3 dist_wp=1.72 bearing_deg=5.77 speed=2.046 pos=(-54.580,0.008,-111.325) bounded=true
tick=1140 phase=following reason=path_ready wp=4 dist_wp=19.98 bearing_deg=125.62 speed=0.253 pos=(-52.365,0.022,-112.313) bounded=true
tick=1170 phase=following reason=path_ready wp=4 dist_wp=19.99 bearing_deg=88.23 speed=0.000 pos=(-52.344,0.003,-112.336) bounded=true
tick=1200 phase=following reason=path_ready wp=4 dist_wp=19.99 bearing_deg=50.73 speed=0.000 pos=(-52.344,0.000,-112.336) bounded=true
tick=1230 phase=following reason=path_ready wp=4 dist_wp=19.96 bearing_deg=15.47 speed=0.272 pos=(-52.379,0.003,-112.353) bounded=true
tick=1260 phase=following reason=path_ready wp=4 dist_wp=16.69 bearing_deg=4.39 speed=2.107 pos=(-55.524,0.021,-113.311) bounded=true
tick=1290 phase=following reason=path_ready wp=4 dist_wp=9.55 bearing_deg=2.06 speed=4.039 pos=(-62.542,0.025,-114.702) bounded=true
tick=1320 phase=following reason=path_ready wp=4 dist_wp=0.32 bearing_deg=17.96 speed=3.813 pos=(-71.687,0.006,-116.065) bounded=false
tick=1350 phase=following reason=path_ready wp=4 dist_wp=5.87 bearing_deg=162.09 speed=2.037 pos=(-77.811,0.023,-115.161) bounded=false
tick=1380 phase=following reason=path_ready wp=4 dist_wp=8.19 bearing_deg=136.33 speed=0.435 pos=(-79.790,0.022,-113.485) bounded=false
tick=1410 phase=following reason=path_ready wp=4 dist_wp=8.26 bearing_deg=99.51 speed=0.000 pos=(-79.837,0.006,-113.382) bounded=false
tick=1440 phase=following reason=path_ready wp=4 dist_wp=8.26 bearing_deg=62.01 speed=0.000 pos=(-79.837,0.001,-113.382) bounded=false
tick=1470 phase=following reason=path_ready wp=4 dist_wp=8.26 bearing_deg=24.51 speed=0.000 pos=(-79.837,0.001,-113.382) bounded=false
tick=1500 phase=following reason=path_ready wp=4 dist_wp=6.76 bearing_deg=6.73 speed=1.705 pos=(-78.344,0.025,-113.660) bounded=false
tick=1530 phase=following reason=path_ready wp=4 dist_wp=1.98 bearing_deg=5.76 speed=2.480 pos=(-73.768,0.014,-115.117) bounded=false
tick=1560 phase=following reason=path_ready wp=4 dist_wp=1.53 bearing_deg=165.02 speed=0.791 pos=(-70.716,0.021,-116.827) bounded=false
tick=1590 phase=following reason=path_ready wp=4 dist_wp=1.88 bearing_deg=131.94 speed=0.000 pos=(-70.496,0.009,-117.128) bounded=false
tick=1620 phase=following reason=path_ready wp=4 dist_wp=1.88 bearing_deg=94.44 speed=0.000 pos=(-70.496,0.001,-117.128) bounded=false
tick=1650 phase=following reason=path_ready wp=4 dist_wp=1.88 bearing_deg=56.94 speed=0.000 pos=(-70.496,0.001,-117.128) bounded=false
tick=1680 phase=following reason=path_ready wp=4 dist_wp=1.88 bearing_deg=19.91 speed=0.000 pos=(-70.496,0.001,-117.128) bounded=false
tick=1710 phase=following reason=path_ready wp=5 dist_wp=22.98 bearing_deg=49.04 speed=0.050 pos=(-70.812,0.002,-116.949) bounded=false
tick=1740 phase=following reason=path_ready wp=5 dist_wp=22.91 bearing_deg=14.46 speed=0.375 pos=(-70.833,0.004,-116.884) bounded=false
tick=1770 phase=following reason=path_ready wp=5 dist_wp=19.45 bearing_deg=4.07 speed=2.237 pos=(-71.383,0.020,-113.442) bounded=false
tick=1800 phase=following reason=path_ready wp=5 dist_wp=11.82 bearing_deg=1.82 speed=4.144 pos=(-71.873,0.022,-105.816) bounded=false
tick=1830 phase=following reason=path_ready wp=5 dist_wp=1.25 bearing_deg=5.17 speed=4.646 pos=(-72.113,0.003,-95.243) bounded=false
tick=1860 phase=following reason=path_ready wp=5 dist_wp=6.72 bearing_deg=164.71 speed=2.807 pos=(-70.393,0.024,-87.473) bounded=false
tick=1890 phase=following reason=path_ready wp=5 dist_wp=10.53 bearing_deg=141.99 speed=1.128 pos=(-67.491,0.023,-84.479) bounded=false
tick=1920 phase=following reason=path_ready wp=5 dist_wp=11.09 bearing_deg=108.12 speed=0.000 pos=(-66.737,0.014,-84.233) bounded=false
tick=1950 phase=following reason=path_ready wp=5 dist_wp=11.09 bearing_deg=70.62 speed=0.000 pos=(-66.737,0.001,-84.233) bounded=false
tick=1980 phase=following reason=path_ready wp=5 dist_wp=11.09 bearing_deg=33.12 speed=0.000 pos=(-66.737,0.000,-84.233) bounded=false
tick=2010 phase=following reason=path_ready wp=5 dist_wp=10.11 bearing_deg=8.47 speed=1.519 pos=(-67.051,0.024,-85.186) bounded=false
tick=2040 phase=following reason=path_ready wp=5 dist_wp=5.25 bearing_deg=4.08 speed=2.938 pos=(-69.167,0.021,-89.582) bounded=false
tick=2070 phase=following reason=path_ready wp=5 dist_wp=1.14 bearing_deg=170.06 speed=2.263 pos=(-72.627,0.013,-94.947) bounded=false
tick=2100 phase=following reason=path_ready wp=5 dist_wp=4.12 bearing_deg=152.93 speed=0.646 pos=(-75.224,0.022,-96.568) bounded=false
tick=2130 phase=following reason=path_ready wp=5 dist_wp=4.34 bearing_deg=117.47 speed=0.000 pos=(-75.480,0.007,-96.596) bounded=false
tick=2160 phase=following reason=path_ready wp=5 dist_wp=4.34 bearing_deg=79.97 speed=0.000 pos=(-75.480,0.001,-96.596) bounded=false
tick=2190 phase=following reason=path_ready wp=5 dist_wp=4.34 bearing_deg=42.47 speed=0.000 pos=(-75.480,0.001,-96.596) bounded=false
tick=2220 phase=following reason=path_ready wp=5 dist_wp=4.18 bearing_deg=11.46 speed=0.447 pos=(-75.374,0.008,-96.472) bounded=false
tick=2250 phase=following reason=path_ready wp=5 dist_wp=1.76 bearing_deg=6.34 speed=1.614 pos=(-73.516,0.015,-94.889) bounded=false
tick=2280 phase=following reason=path_ready wp=6 dist_wp=21.89 bearing_deg=-66.49 speed=0.116 pos=(-71.899,0.018,-93.887) bounded=false
tick=2310 phase=following reason=path_ready wp=6 dist_wp=21.89 bearing_deg=-29.01 speed=0.000 pos=(-71.894,0.003,-93.885) bounded=false
tick=2340 phase=following reason=path_ready wp=6 dist_wp=20.42 bearing_deg=-7.08 speed=1.937 pos=(-71.665,0.029,-92.414) bounded=false
tick=2370 phase=following reason=path_ready wp=6 dist_wp=14.62 bearing_deg=-2.54 speed=3.798 pos=(-71.436,0.030,-86.608) bounded=false
tick=2400 phase=following reason=path_ready wp=6 dist_wp=4.93 bearing_deg=-2.19 speed=5.080 pos=(-71.623,0.022,-76.917) bounded=false
tick=2430 phase=following reason=path_ready wp=6 dist_wp=4.20 bearing_deg=-170.65 speed=3.309 pos=(-72.869,0.021,-67.892) bounded=false
tick=2460 phase=following reason=path_ready wp=6 dist_wp=9.19 bearing_deg=-150.73 speed=1.599 pos=(-75.954,0.023,-63.702) bounded=false
tick=2490 phase=following reason=path_ready wp=6 dist_wp=10.45 bearing_deg=-120.31 speed=0.000 pos=(-77.423,0.022,-63.062) bounded=false
tick=2520 phase=following reason=path_ready wp=6 dist_wp=10.45 bearing_deg=-82.80 speed=0.000 pos=(-77.422,0.003,-63.062) bounded=false
tick=2550 phase=following reason=path_ready wp=6 dist_wp=10.45 bearing_deg=-45.30 speed=0.000 pos=(-77.421,0.001,-63.062) bounded=false
tick=2580 phase=following reason=path_ready wp=6 dist_wp=10.28 bearing_deg=-12.61 speed=0.613 pos=(-77.367,0.009,-63.233) bounded=false
tick=2610 phase=following reason=path_ready wp=6 dist_wp=6.63 bearing_deg=-4.70 speed=2.237 pos=(-75.741,0.018,-66.532) bounded=false
tick=2640 phase=following reason=path_ready wp=6 dist_wp=0.47 bearing_deg=-17.49 speed=2.615 pos=(-72.384,0.002,-71.724) bounded=false
tick=2670 phase=following reason=path_ready wp=6 dist_wp=3.32 bearing_deg=-159.99 speed=0.980 pos=(-69.420,0.021,-74.090) bounded=false
tick=2700 phase=following reason=path_ready wp=6 dist_wp=3.89 bearing_deg=-127.37 speed=0.000 pos=(-68.802,0.012,-74.210) bounded=false
tick=2730 phase=following reason=path_ready wp=6 dist_wp=3.89 bearing_deg=-89.87 speed=0.000 pos=(-68.802,0.001,-74.210) bounded=false
tick=2760 phase=following reason=path_ready wp=6 dist_wp=3.89 bearing_deg=-52.37 speed=0.000 pos=(-68.802,0.001,-74.210) bounded=false
tick=2790 phase=following reason=path_ready wp=6 dist_wp=3.88 bearing_deg=-16.52 speed=0.047 pos=(-68.804,0.001,-74.208) bounded=false
tick=2820 phase=following reason=path_ready wp=6 dist_wp=2.30 bearing_deg=-6.30 speed=1.289 pos=(-70.021,0.016,-73.167) bounded=false
tick=2850 phase=following reason=path_ready wp=7 dist_wp=22.04 bearing_deg=63.22 speed=0.250 pos=(-71.772,0.016,-72.038) bounded=false
tick=2880 phase=following reason=path_ready wp=7 dist_wp=22.02 bearing_deg=25.84 speed=0.000 pos=(-71.803,0.004,-72.021) bounded=false
tick=2910 phase=following reason=path_ready wp=7 dist_wp=20.26 bearing_deg=6.36 speed=2.044 pos=(-72.079,0.031,-70.258) bounded=false
tick=2940 phase=following reason=path_ready wp=7 dist_wp=14.18 bearing_deg=2.35 speed=3.972 pos=(-72.359,0.031,-64.177) bounded=false
tick=2970 phase=following reason=path_ready wp=7 dist_wp=4.33 bearing_deg=2.25 speed=4.984 pos=(-72.283,0.020,-54.318) bounded=false
tick=3000 phase=following reason=path_ready wp=7 dist_wp=4.57 bearing_deg=169.84 speed=3.206 pos=(-71.054,0.022,-45.526) bounded=false
tick=3030 phase=following reason=path_ready wp=7 dist_wp=9.34 bearing_deg=149.43 speed=1.517 pos=(-68.033,0.023,-41.545) bounded=false
tick=3060 phase=following reason=path_ready wp=7 dist_wp=10.51 bearing_deg=118.73 speed=0.000 pos=(-66.633,0.021,-40.964) bounded=false
tick=3090 phase=following reason=path_ready wp=7 dist_wp=10.51 bearing_deg=81.23 speed=0.000 pos=(-66.633,0.002,-40.964) bounded=false
tick=3120 phase=following reason=path_ready wp=7 dist_wp=10.51 bearing_deg=43.73 speed=0.000 pos=(-66.633,0.001,-40.964) bounded=false
tick=3150 phase=following reason=path_ready wp=7 dist_wp=10.28 bearing_deg=11.91 speed=0.724 pos=(-66.705,0.011,-41.191) bounded=false
tick=3180 phase=following reason=path_ready wp=7 dist_wp=6.39 bearing_deg=4.64 speed=2.372 pos=(-68.420,0.018,-44.703) bounded=false
tick=3210 phase=following reason=path_ready wp=7 dist_wp=0.20 bearing_deg=42.85 speed=2.531 pos=(-71.802,0.003,-49.968) bounded=false
tick=3240 phase=following reason=path_ready wp=7 dist_wp=3.44 bearing_deg=158.64 speed=0.901 pos=(-74.681,0.021,-52.155) bounded=false
tick=3270 phase=following reason=path_ready wp=7 dist_wp=3.91 bearing_deg=125.32 speed=0.000 pos=(-75.203,0.011,-52.248) bounded=false
tick=3300 phase=following reason=path_ready wp=7 dist_wp=3.91 bearing_deg=87.81 speed=0.000 pos=(-75.202,0.001,-52.248) bounded=false
tick=3330 phase=following reason=path_ready wp=7 dist_wp=3.91 bearing_deg=50.31 speed=0.000 pos=(-75.201,0.001,-52.248) bounded=false
tick=3360 phase=following reason=path_ready wp=7 dist_wp=3.89 bearing_deg=15.24 speed=0.143 pos=(-75.187,0.002,-52.232) bounded=false
tick=3390 phase=following reason=path_ready wp=7 dist_wp=2.12 bearing_deg=6.35 speed=1.351 pos=(-73.829,0.015,-51.071) bounded=false
tick=3420 phase=following reason=path_ready wp=8 dist_wp=21.36 bearing_deg=-16.72 speed=0.304 pos=(-72.193,0.016,-50.019) bounded=false
tick=3450 phase=following reason=path_ready wp=8 dist_wp=17.93 bearing_deg=-4.75 speed=2.264 pos=(-69.454,0.019,-47.906) bounded=false
tick=3480 phase=following reason=path_ready wp=8 dist_wp=10.25 bearing_deg=-2.26 speed=4.160 pos=(-63.910,0.022,-42.576) bounded=false
tick=3510 phase=following reason=path_ready wp=8 dist_wp=0.19 bearing_deg=-39.02 speed=4.225 pos=(-57.004,0.005,-35.190) bounded=false
tick=3540 phase=following reason=path_ready wp=8 dist_wp=6.88 bearing_deg=-162.14 speed=2.417 pos=(-53.966,0.024,-28.826) bounded=false
tick=3570 phase=following reason=path_ready wp=8 dist_wp=9.87 bearing_deg=-137.80 speed=0.751 pos=(-54.336,0.023,-25.494) bounded=false
tick=3600 phase=following reason=path_ready wp=8 dist_wp=10.11 bearing_deg=-102.06 speed=0.000 pos=(-54.522,0.009,-25.202) bounded=false
tick=3630 phase=following reason=path_ready wp=8 dist_wp=10.11 bearing_deg=-64.56 speed=0.000 pos=(-54.522,0.000,-25.202) bounded=false
tick=3660 phase=following reason=path_ready wp=8 dist_wp=10.11 bearing_deg=-27.06 speed=0.000 pos=(-54.522,0.000,-25.202) bounded=false
tick=3690 phase=following reason=path_ready wp=8 dist_wp=8.69 bearing_deg=-7.09 speed=1.762 pos=(-55.074,0.027,-26.523) bounded=false
tick=3720 phase=following reason=path_ready wp=8 dist_wp=3.61 bearing_deg=-4.30 speed=2.959 pos=(-56.455,0.019,-31.432) bounded=false
tick=3750 phase=following reason=path_ready wp=8 dist_wp=1.75 bearing_deg=-169.17 speed=1.690 pos=(-57.095,0.017,-36.751) bounded=false
tick=3780 phase=following reason=path_ready wp=8 dist_wp=3.55 bearing_deg=-145.43 speed=0.107 pos=(-56.437,0.022,-38.503) bounded=false
tick=3810 phase=following reason=path_ready wp=8 dist_wp=3.55 bearing_deg=-107.98 speed=0.000 pos=(-56.434,0.003,-38.506) bounded=false
tick=3840 phase=following reason=path_ready wp=8 dist_wp=3.55 bearing_deg=-70.48 speed=0.000 pos=(-56.434,0.001,-38.506) bounded=false
tick=3870 phase=following reason=path_ready wp=8 dist_wp=3.55 bearing_deg=-32.98 speed=0.000 pos=(-56.434,0.001,-38.506) bounded=false
tick=3900 phase=following reason=path_ready wp=8 dist_wp=3.08 bearing_deg=-8.72 speed=0.722 pos=(-56.428,0.012,-38.024) bounded=false
tick=3930 phase=following reason=path_ready wp=8 dist_wp=0.79 bearing_deg=-7.90 speed=0.788 pos=(-56.728,0.002,-35.742) bounded=false
tick=3960 phase=following reason=path_ready wp=9 dist_wp=21.34 bearing_deg=33.76 speed=0.000 pos=(-56.825,0.008,-35.348) bounded=false
tick=3990 phase=following reason=path_ready wp=9 dist_wp=20.39 bearing_deg=8.27 speed=1.556 pos=(-56.288,0.025,-34.545) bounded=false
tick=4020 phase=following reason=path_ready wp=9 dist_wp=15.14 bearing_deg=2.81 speed=3.447 pos=(-52.853,0.028,-30.555) bounded=false
tick=4050 phase=following reason=path_ready wp=9 dist_wp=5.88 bearing_deg=2.07 speed=4.946 pos=(-46.354,0.021,-23.953) bounded=false
tick=4080 phase=following reason=path_ready wp=9 dist_wp=3.39 bearing_deg=171.89 speed=3.325 pos=(-39.257,0.021,-18.008) bounded=false
tick=4110 phase=following reason=path_ready wp=9 dist_wp=8.24 bearing_deg=151.99 speed=1.419 pos=(-34.379,0.026,-16.874) bounded=false
tick=4140 phase=following reason=path_ready wp=9 dist_wp=9.18 bearing_deg=119.91 speed=0.000 pos=(-33.257,0.019,-17.186) bounded=false
tick=4170 phase=following reason=path_ready wp=9 dist_wp=9.18 bearing_deg=82.41 speed=0.000 pos=(-33.257,0.001,-17.186) bounded=false
tick=4200 phase=following reason=path_ready wp=9 dist_wp=9.18 bearing_deg=44.91 speed=0.000 pos=(-33.257,0.001,-17.186) bounded=false
tick=4230 phase=following reason=path_ready wp=9 dist_wp=9.03 bearing_deg=12.40 speed=0.536 pos=(-33.391,0.008,-17.267) bounded=false
tick=4260 phase=following reason=path_ready wp=9 dist_wp=5.70 bearing_deg=4.69 speed=2.015 pos=(-36.489,0.018,-18.560) bounded=false
tick=4290 phase=following reason=path_ready wp=9 dist_wp=0.57 bearing_deg=11.92 speed=2.055 pos=(-41.428,0.003,-19.994) bounded=false
tick=4320 phase=following reason=path_ready wp=9 dist_wp=1.98 bearing_deg=158.75 speed=0.392 pos=(-43.977,0.022,-19.984) bounded=false
tick=4350 phase=following reason=path_ready wp=9 dist_wp=2.06 bearing_deg=122.39 speed=0.000 pos=(-44.059,0.004,-19.945) bounded=false
tick=4380 phase=following reason=path_ready wp=9 dist_wp=2.06 bearing_deg=84.89 speed=0.000 pos=(-44.060,0.001,-19.945) bounded=false
tick=4410 phase=following reason=path_ready wp=9 dist_wp=2.06 bearing_deg=47.39 speed=0.000 pos=(-44.060,0.000,-19.945) bounded=false
tick=4440 phase=following reason=path_ready wp=9 dist_wp=2.04 bearing_deg=13.62 speed=0.118 pos=(-44.035,0.002,-19.940) bounded=false
tick=4470 phase=following reason=path_ready wp=9 dist_wp=1.19 bearing_deg=5.14 speed=0.343 pos=(-43.184,0.004,-19.886) bounded=false
tick=4500 phase=following reason=path_ready wp=10 dist_wp=17.97 bearing_deg=-4.24 speed=2.187 pos=(-39.788,0.018,-19.393) bounded=false
tick=4530 phase=following reason=path_ready wp=10 dist_wp=10.55 bearing_deg=-1.95 speed=4.046 pos=(-32.586,0.023,-17.612) bounded=false
tick=4560 phase=following reason=path_ready wp=10 dist_wp=0.91 bearing_deg=-6.59 speed=4.046 pos=(-23.329,0.005,-14.880) bounded=false
tick=4590 phase=following reason=path_ready wp=10 dist_wp=5.60 bearing_deg=-163.36 speed=2.076 pos=(-17.755,0.026,-11.528) bounded=false
tick=4620 phase=following reason=path_ready wp=10 dist_wp=7.81 bearing_deg=-136.81 speed=0.264 pos=(-16.611,0.025,-9.371) bounded=false
tick=4650 phase=following reason=path_ready wp=10 dist_wp=7.83 bearing_deg=-99.53 speed=0.000 pos=(-16.609,0.004,-9.337) bounded=false
tick=4680 phase=following reason=path_ready wp=10 dist_wp=7.83 bearing_deg=-62.03 speed=0.000 pos=(-16.609,0.001,-9.337) bounded=false
tick=4710 phase=following reason=path_ready wp=10 dist_wp=7.83 bearing_deg=-24.53 speed=0.000 pos=(-16.609,0.001,-9.337) bounded=false
tick=4740 phase=following reason=path_ready wp=10 dist_wp=6.49 bearing_deg=-6.62 speed=1.518 pos=(-17.743,0.022,-10.082) bounded=false
tick=4770 phase=following reason=path_ready wp=10 dist_wp=2.14 bearing_deg=-4.95 speed=2.288 pos=(-21.075,0.011,-12.906) bounded=false
tick=4800 phase=following reason=path_ready wp=10 dist_wp=0.90 bearing_deg=-165.46 speed=0.529 pos=(-23.041,0.022,-15.217) bounded=false
tick=4830 phase=following reason=path_ready wp=11 dist_wp=21.07 bearing_deg=-92.71 speed=0.000 pos=(-23.089,0.005,-15.362) bounded=false
tick=4860 phase=following reason=path_ready wp=11 dist_wp=21.07 bearing_deg=-55.21 speed=0.000 pos=(-23.089,0.001,-15.362) bounded=false
tick=4890 phase=following reason=path_ready wp=11 dist_wp=21.07 bearing_deg=-18.54 speed=0.000 pos=(-23.089,0.001,-15.362) bounded=false
tick=4920 phase=following reason=path_ready wp=11 dist_wp=18.38 bearing_deg=-4.95 speed=2.088 pos=(-20.419,0.026,-14.866) bounded=false
tick=4950 phase=following reason=path_ready wp=11 dist_wp=11.80 bearing_deg=-2.03 speed=4.035 pos=(-14.095,0.029,-13.003) bounded=false
tick=4980 phase=following reason=path_ready wp=11 dist_wp=2.31 bearing_deg=-3.00 speed=4.275 pos=(-5.121,0.006,-9.909) bounded=false
tick=5010 phase=following reason=path_ready wp=11 dist_wp=4.78 bearing_deg=-166.46 speed=2.321 pos=(1.021,0.025,-6.410) bounded=false
tick=5040 phase=following reason=path_ready wp=11 dist_wp=7.52 bearing_deg=-141.75 speed=0.495 pos=(2.481,0.025,-3.848) bounded=false
tick=5070 phase=following reason=path_ready wp=11 dist_wp=7.62 bearing_deg=-105.06 speed=0.000 pos=(2.489,0.006,-3.715) bounded=false
tick=5100 phase=following reason=path_ready wp=11 dist_wp=7.62 bearing_deg=-67.56 speed=0.000 pos=(2.489,0.001,-3.715) bounded=false
tick=5130 phase=following reason=path_ready wp=11 dist_wp=7.62 bearing_deg=-30.06 speed=0.000 pos=(2.489,0.001,-3.715) bounded=false
tick=5160 phase=following reason=path_ready wp=11 dist_wp=6.71 bearing_deg=-7.71 speed=1.249 pos=(1.730,0.020,-4.241) bounded=false
tick=5190 phase=following reason=path_ready wp=11 dist_wp=2.64 bearing_deg=-4.79 speed=2.154 pos=(-1.304,0.010,-6.980) bounded=false
tick=5220 phase=following reason=path_ready wp=11 dist_wp=0.70 bearing_deg=-166.48 speed=0.679 pos=(-3.422,0.020,-9.554) bounded=false
