tick=0 phase=following reason=path_ready wp=1 dist_wp=13.42 bearing_deg=26.57 speed=0.000 pos=(-27.000,0.028,116.000) bounded=true
tick=30 phase=following reason=path_ready wp=1 dist_wp=13.30 bearing_deg=7.32 speed=1.621 pos=(-27.036,0.051,115.883) bounded=true
tick=60 phase=following reason=path_ready wp=1 dist_wp=12.72 bearing_deg=1.93 speed=3.306 pos=(-27.263,0.050,115.349) bounded=true
tick=90 phase=following reason=path_ready wp=1 dist_wp=11.71 bearing_deg=0.79 speed=4.840 pos=(-27.701,0.040,114.442) bounded=true
tick=120 phase=following reason=path_ready wp=1 dist_wp=10.30 bearing_deg=0.80 speed=6.130 pos=(-28.322,0.029,113.180) bounded=true
tick=150 phase=following reason=path_ready wp=1 dist_wp=8.66 bearing_deg=0.79 speed=6.677 pos=(-29.051,0.008,111.703) bounded=true
tick=180 phase=following reason=path_ready wp=1 dist_wp=7.11 bearing_deg=0.80 speed=5.939 pos=(-29.739,0.019,110.318) bounded=true
tick=210 phase=following reason=path_ready wp=1 dist_wp=5.75 bearing_deg=0.79 speed=5.201 pos=(-30.350,0.021,109.098) bounded=true
tick=240 phase=following reason=path_ready wp=1 dist_wp=4.56 bearing_deg=0.78 speed=4.463 pos=(-30.883,0.021,108.042) bounded=true
tick=270 phase=following reason=path_ready wp=1 dist_wp=3.56 bearing_deg=0.78 speed=3.724 pos=(-31.337,0.021,107.149) bounded=true
tick=300 phase=following reason=path_ready wp=1 dist_wp=2.74 bearing_deg=0.78 speed=2.985 pos=(-31.711,0.021,106.418) bounded=true
tick=330 phase=following reason=path_ready wp=1 dist_wp=2.10 bearing_deg=0.77 speed=2.245 pos=(-32.005,0.021,105.851) bounded=true
tick=360 phase=following reason=path_ready wp=1 dist_wp=1.64 bearing_deg=0.78 speed=1.503 pos=(-32.217,0.021,105.446) bounded=true
tick=390 phase=following reason=path_ready wp=1 dist_wp=1.37 bearing_deg=0.77 speed=0.758 pos=(-32.345,0.021,105.203) bounded=true
tick=420 phase=following reason=path_ready wp=2 dist_wp=20.70 bearing_deg=59.55 speed=0.000 pos=(-32.382,0.022,105.132) bounded=true
tick=450 phase=following reason=path_ready wp=2 dist_wp=20.70 bearing_deg=22.16 speed=0.000 pos=(-32.382,0.002,105.132) bounded=true
tick=480 phase=following reason=path_ready wp=2 dist_wp=20.47 bearing_deg=5.12 speed=2.070 pos=(-32.614,0.059,105.156) bounded=true
tick=510 phase=following reason=path_ready wp=2 dist_wp=19.79 bearing_deg=1.37 speed=3.876 pos=(-33.280,0.058,105.288) bounded=true
tick=540 phase=following reason=path_ready wp=2 dist_wp=18.70 bearing_deg=0.77 speed=5.353 pos=(-34.345,0.049,105.532) bounded=true
tick=570 phase=following reason=path_ready wp=2 dist_wp=17.21 bearing_deg=0.78 speed=6.621 pos=(-35.790,0.032,105.868) bounded=true
tick=600 phase=following reason=path_ready wp=2 dist_wp=15.38 bearing_deg=0.79 speed=8.000 pos=(-37.572,0.038,106.284) bounded=true
tick=630 phase=following reason=path_ready wp=2 dist_wp=13.42 bearing_deg=0.79 speed=8.000 pos=(-39.484,0.003,106.734) bounded=true
tick=660 phase=following reason=path_ready wp=2 dist_wp=11.46 bearing_deg=0.78 speed=7.840 pos=(-41.390,0.005,107.186) bounded=true
tick=690 phase=following reason=path_ready wp=2 dist_wp=9.63 bearing_deg=0.79 speed=7.103 pos=(-43.171,0.020,107.614) bounded=true
tick=720 phase=following reason=path_ready wp=2 dist_wp=7.98 bearing_deg=0.79 speed=6.365 pos=(-44.775,0.021,108.003) bounded=true
tick=750 phase=following reason=path_ready wp=2 dist_wp=6.51 bearing_deg=0.78 speed=5.627 pos=(-46.201,0.021,108.353) bounded=true
tick=780 phase=following reason=path_ready wp=2 dist_wp=5.22 bearing_deg=0.80 speed=4.888 pos=(-47.451,0.021,108.663) bounded=true
tick=810 phase=following reason=path_ready wp=2 dist_wp=4.12 bearing_deg=0.79 speed=4.150 pos=(-48.524,0.021,108.933) bounded=true
tick=840 phase=following reason=path_ready wp=2 dist_wp=3.19 bearing_deg=0.79 speed=3.411 pos=(-49.421,0.021,109.162) bounded=true
tick=870 phase=following reason=path_ready wp=2 dist_wp=2.45 bearing_deg=0.79 speed=2.671 pos=(-50.141,0.021,109.349) bounded=true
tick=900 phase=following reason=path_ready wp=2 dist_wp=1.89 bearing_deg=0.78 speed=1.931 pos=(-50.684,0.021,109.492) bounded=true
tick=930 phase=following reason=path_ready wp=2 dist_wp=1.51 bearing_deg=0.80 speed=1.188 pos=(-51.051,0.021,109.590) bounded=true
tick=960 phase=following reason=path_ready wp=2 dist_wp=1.31 bearing_deg=0.80 speed=0.440 pos=(-51.242,0.021,109.641) bounded=true
tick=990 phase=following reason=path_ready wp=3 dist_wp=21.39 bearing_deg=0.79 speed=2.080 pos=(-51.552,0.044,109.730) bounded=true
tick=1020 phase=following reason=path_ready wp=3 dist_wp=20.63 bearing_deg=0.78 speed=4.048 pos=(-52.278,0.058,109.942) bounded=true
tick=1050 phase=following reason=path_ready wp=3 dist_wp=19.47 bearing_deg=0.80 speed=5.707 pos=(-53.390,0.052,110.268) bounded=true
tick=1080 phase=following reason=path_ready wp=3 dist_wp=17.94 bearing_deg=0.80 speed=6.921 pos=(-54.862,0.037,110.700) bounded=true
tick=1110 phase=following reason=path_ready wp=3 dist_wp=16.06 bearing_deg=0.78 speed=8.000 pos=(-56.665,0.028,111.232) bounded=true
tick=1140 phase=following reason=path_ready wp=3 dist_wp=14.10 bearing_deg=0.78 speed=8.000 pos=(-58.548,0.002,111.791) bounded=true
tick=1170 phase=following reason=path_ready wp=3 dist_wp=12.13 bearing_deg=0.80 speed=8.000 pos=(-60.430,0.001,112.354) bounded=true
tick=1200 phase=following reason=path_ready wp=3 dist_wp=10.24 bearing_deg=0.80 speed=7.356 pos=(-62.242,0.018,112.900) bounded=true
tick=1230 phase=following reason=path_ready wp=3 dist_wp=8.53 bearing_deg=0.80 speed=6.618 pos=(-63.881,0.021,113.398) bounded=true
tick=1260 phase=following reason=path_ready wp=3 dist_wp=6.99 bearing_deg=0.78 speed=5.880 pos=(-65.345,0.021,113.847) bounded=true
tick=1290 phase=following reason=path_ready wp=3 dist_wp=5.64 bearing_deg=0.80 speed=5.142 pos=(-66.634,0.021,114.247) bounded=true
tick=1320 phase=following reason=path_ready wp=3 dist_wp=4.48 bearing_deg=0.79 speed=4.404 pos=(-67.750,0.021,114.596) bounded=true
tick=1350 phase=following reason=path_ready wp=3 dist_wp=3.49 bearing_deg=0.79 speed=3.665 pos=(-68.691,0.021,114.894) bounded=true
tick=1380 phase=following reason=path_ready wp=3 dist_wp=2.68 bearing_deg=0.79 speed=2.926 pos=(-69.459,0.021,115.141) bounded=true
tick=1410 phase=following reason=path_ready wp=3 dist_wp=2.06 bearing_deg=0.78 speed=2.186 pos=(-70.053,0.021,115.334) bounded=true
tick=1440 phase=following reason=path_ready wp=3 dist_wp=1.62 bearing_deg=0.79 speed=1.444 pos=(-70.473,0.021,115.472) bounded=true
tick=1470 phase=following reason=path_ready wp=3 dist_wp=1.36 bearing_deg=0.78 speed=0.699 pos=(-70.720,0.021,115.554) bounded=true
tick=1500 phase=following reason=path_ready wp=4 dist_wp=18.07 bearing_deg=-41.55 speed=0.000 pos=(-70.783,0.019,115.574) bounded=true
tick=1530 phase=following reason=path_ready wp=4 dist_wp=18.03 bearing_deg=-10.71 speed=0.949 pos=(-70.817,0.029,115.554) bounded=true
tick=1560 phase=following reason=path_ready wp=4 dist_wp=17.55 bearing_deg=-2.70 speed=2.797 pos=(-71.201,0.042,115.254) bounded=true
tick=1590 phase=following reason=path_ready wp=4 dist_wp=16.61 bearing_deg=-0.79 speed=4.503 pos=(-71.901,0.037,114.629) bounded=true
tick=1620 phase=following reason=path_ready wp=4 dist_wp=15.24 bearing_deg=-0.80 speed=6.100 pos=(-72.909,0.038,113.706) bounded=true
tick=1650 phase=following reason=path_ready wp=4 dist_wp=13.51 bearing_deg=-0.78 speed=7.895 pos=(-74.182,0.047,112.536) bounded=true
tick=1680 phase=following reason=path_ready wp=4 dist_wp=11.55 bearing_deg=-0.80 speed=7.876 pos=(-75.624,0.003,111.207) bounded=true
tick=1710 phase=following reason=path_ready wp=4 dist_wp=9.71 bearing_deg=-0.78 speed=7.138 pos=(-76.974,0.019,109.957) bounded=true
tick=1740 phase=following reason=path_ready wp=4 dist_wp=8.05 bearing_deg=-0.78 speed=6.400 pos=(-78.188,0.021,108.826) bounded=true
tick=1770 phase=following reason=path_ready wp=4 dist_wp=6.58 bearing_deg=-0.80 speed=5.662 pos=(-79.267,0.021,107.816) bounded=true
tick=1800 phase=following reason=path_ready wp=4 dist_wp=5.28 bearing_deg=-0.78 speed=4.924 pos=(-80.211,0.021,106.928) bounded=true
tick=1830 phase=following reason=path_ready wp=4 dist_wp=4.17 bearing_deg=-0.78 speed=4.185 pos=(-81.021,0.021,106.161) bounded=true
tick=1860 phase=following reason=path_ready wp=4 dist_wp=3.23 bearing_deg=-0.78 speed=3.446 pos=(-81.697,0.021,105.516) bounded=true
tick=1890 phase=following reason=path_ready wp=4 dist_wp=2.48 bearing_deg=-0.77 speed=2.707 pos=(-82.239,0.021,104.995) bounded=true
tick=1920 phase=following reason=path_ready wp=4 dist_wp=1.91 bearing_deg=-0.80 speed=1.966 pos=(-82.649,0.021,104.598) bounded=true
tick=1950 phase=following reason=path_ready wp=4 dist_wp=1.52 bearing_deg=-0.79 speed=1.224 pos=(-82.928,0.021,104.327) bounded=true
tick=1980 phase=following reason=path_ready wp=4 dist_wp=1.31 bearing_deg=-0.79 speed=0.476 pos=(-83.075,0.021,104.183) bounded=true
tick=2010 phase=following reason=path_ready wp=5 dist_wp=18.50 bearing_deg=-0.77 speed=2.179 pos=(-83.304,0.047,103.950) bounded=true
tick=2040 phase=following reason=path_ready wp=5 dist_wp=17.70 bearing_deg=-0.77 speed=4.116 pos=(-83.858,0.055,103.378) bounded=true
tick=2070 phase=following reason=path_ready wp=5 dist_wp=16.46 bearing_deg=-0.80 speed=6.023 pos=(-84.720,0.057,102.488) bounded=true
tick=2100 phase=following reason=path_ready wp=5 dist_wp=14.84 bearing_deg=-0.79 speed=7.479 pos=(-85.848,0.047,101.320) bounded=true
tick=2130 phase=following reason=path_ready wp=5 dist_wp=12.89 bearing_deg=-0.80 speed=8.000 pos=(-87.198,0.012,99.918) bounded=true
tick=2160 phase=following reason=path_ready wp=5 dist_wp=10.95 bearing_deg=-0.80 speed=7.641 pos=(-88.541,0.012,98.516) bounded=true
tick=2190 phase=following reason=path_ready wp=5 dist_wp=9.17 bearing_deg=-0.80 speed=6.904 pos=(-89.772,0.020,97.227) bounded=true
tick=2220 phase=following reason=path_ready wp=5 dist_wp=7.57 bearing_deg=-0.78 speed=6.166 pos=(-90.875,0.021,96.065) bounded=true
tick=2250 phase=following reason=path_ready wp=5 dist_wp=6.15 bearing_deg=-0.79 speed=5.428 pos=(-91.850,0.021,95.032) bounded=true
tick=2280 phase=following reason=path_ready wp=5 dist_wp=4.91 bearing_deg=-0.78 speed=4.689 pos=(-92.697,0.021,94.129) bounded=true
tick=2310 phase=following reason=path_ready wp=5 dist_wp=3.85 bearing_deg=-0.78 speed=3.951 pos=(-93.419,0.021,93.355) bounded=true
tick=2340 phase=following reason=path_ready wp=5 dist_wp=2.97 bearing_deg=-0.78 speed=3.212 pos=(-94.014,0.021,92.712) bounded=true
tick=2370 phase=following reason=path_ready wp=5 dist_wp=2.28 bearing_deg=-0.78 speed=2.472 pos=(-94.485,0.021,92.201) bounded=true
tick=2400 phase=following reason=path_ready wp=5 dist_wp=1.77 bearing_deg=-0.79 speed=1.731 pos=(-94.830,0.021,91.822) bounded=true
tick=2430 phase=following reason=path_ready wp=5 dist_wp=1.43 bearing_deg=-0.77 speed=0.988 pos=(-95.053,0.021,91.577) bounded=true
tick=2460 phase=following reason=path_ready wp=6 dist_wp=18.79 bearing_deg=0.90 speed=0.728 pos=(-95.158,0.011,91.460) bounded=true
tick=2490 phase=following reason=path_ready wp=6 dist_wp=18.32 bearing_deg=0.80 speed=2.687 pos=(-95.470,0.040,91.118) bounded=true
tick=2520 phase=following reason=path_ready wp=6 dist_wp=17.39 bearing_deg=0.77 speed=4.502 pos=(-96.098,0.039,90.429) bounded=true
tick=2550 phase=following reason=path_ready wp=6 dist_wp=16.01 bearing_deg=0.78 speed=6.158 pos=(-97.027,0.040,89.414) bounded=true
tick=2580 phase=following reason=path_ready wp=6 dist_wp=14.27 bearing_deg=0.78 speed=7.976 pos=(-98.207,0.047,88.127) bounded=true
tick=2610 phase=following reason=path_ready wp=6 dist_wp=12.30 bearing_deg=0.80 speed=8.000 pos=(-99.537,0.005,86.681) bounded=true
tick=2640 phase=following reason=path_ready wp=6 dist_wp=10.40 bearing_deg=0.80 speed=7.421 pos=(-100.830,0.017,85.281) bounded=true
tick=2670 phase=following reason=path_ready wp=6 dist_wp=8.67 bearing_deg=0.80 speed=6.683 pos=(-102.006,0.021,84.014) bounded=true
tick=2700 phase=following reason=path_ready wp=6 dist_wp=7.12 bearing_deg=0.78 speed=5.945 pos=(-103.062,0.021,82.883) bounded=true
tick=2730 phase=following reason=path_ready wp=6 dist_wp=5.76 bearing_deg=0.80 speed=5.207 pos=(-103.997,0.021,81.887) bounded=true
tick=2760 phase=following reason=path_ready wp=6 dist_wp=4.57 bearing_deg=0.79 speed=4.469 pos=(-104.810,0.021,81.025) bounded=true
tick=2790 phase=following reason=path_ready wp=6 dist_wp=3.57 bearing_deg=0.79 speed=3.730 pos=(-105.502,0.021,80.298) bounded=true
tick=2820 phase=following reason=path_ready wp=6 dist_wp=2.75 bearing_deg=0.79 speed=2.991 pos=(-106.070,0.021,79.704) bounded=true
tick=2850 phase=following reason=path_ready wp=6 dist_wp=2.11 bearing_deg=0.79 speed=2.251 pos=(-106.515,0.021,79.243) bounded=true
tick=2880 phase=following reason=path_ready wp=6 dist_wp=1.65 bearing_deg=0.79 speed=1.509 pos=(-106.834,0.021,78.914) bounded=true
tick=2910 phase=following reason=path_ready wp=6 dist_wp=1.37 bearing_deg=0.79 speed=0.765 pos=(-107.027,0.021,78.716) bounded=true
tick=2940 phase=following reason=path_ready wp=7 dist_wp=18.70 bearing_deg=-0.77 speed=1.602 pos=(-107.155,0.032,78.585) bounded=true
tick=2970 phase=following reason=path_ready wp=7 dist_wp=18.09 bearing_deg=-0.80 speed=3.511 pos=(-107.577,0.055,78.151) bounded=true
tick=3000 phase=following reason=path_ready wp=7 dist_wp=17.03 bearing_deg=-0.78 speed=5.237 pos=(-108.317,0.050,77.388) bounded=true
tick=3030 phase=following reason=path_ready wp=7 dist_wp=15.54 bearing_deg=-0.79 speed=6.720 pos=(-109.353,0.037,76.318) bounded=true
tick=3060 phase=following reason=path_ready wp=7 dist_wp=13.68 bearing_deg=-0.79 speed=8.000 pos=(-110.645,0.032,74.979) bounded=true
tick=3090 phase=following reason=path_ready wp=7 dist_wp=11.72 bearing_deg=-0.78 speed=7.937 pos=(-112.006,0.002,73.564) bounded=true
tick=3120 phase=following reason=path_ready wp=7 dist_wp=9.86 bearing_deg=-0.78 speed=7.200 pos=(-113.289,0.019,72.224) bounded=true
tick=3150 phase=following reason=path_ready wp=7 dist_wp=8.19 bearing_deg=-0.79 speed=6.462 pos=(-114.444,0.021,71.012) bounded=true
tick=3180 phase=following reason=path_ready wp=7 dist_wp=6.69 bearing_deg=-0.80 speed=5.724 pos=(-115.471,0.021,69.928) bounded=true
tick=3210 phase=following reason=path_ready wp=7 dist_wp=5.38 bearing_deg=-0.79 speed=4.986 pos=(-116.370,0.021,68.973) bounded=true
tick=3240 phase=following reason=path_ready wp=7 dist_wp=4.25 bearing_deg=-0.78 speed=4.247 pos=(-117.143,0.021,68.148) bounded=true
tick=3270 phase=following reason=path_ready wp=7 dist_wp=3.30 bearing_deg=-0.78 speed=3.508 pos=(-117.789,0.021,67.453) bounded=true
tick=3300 phase=following reason=path_ready wp=7 dist_wp=2.54 bearing_deg=-0.78 speed=2.769 pos=(-118.310,0.021,66.889) bounded=true
tick=3330 phase=following reason=path_ready wp=7 dist_wp=1.95 bearing_deg=-0.80 speed=2.028 pos=(-118.705,0.021,66.457) bounded=true
tick=3360 phase=following reason=path_ready wp=7 dist_wp=1.55 bearing_deg=-0.80 speed=1.286 pos=(-118.977,0.021,66.158) bounded=true
tick=3390 phase=following reason=path_ready wp=7 dist_wp=1.32 bearing_deg=-0.77 speed=0.539 pos=(-119.126,0.021,65.994) bounded=true
tick=3420 phase=following reason=path_ready wp=1 dist_wp=22.65 bearing_deg=-15.75 speed=0.196 pos=(-119.150,0.010,65.966) bounded=true
tick=3450 phase=following reason=path_ready wp=1 dist_wp=22.28 bearing_deg=-3.80 speed=2.163 pos=(-119.207,0.043,65.599) bounded=true
tick=3480 phase=following reason=path_ready wp=1 dist_wp=21.43 bearing_deg=-1.07 speed=4.158 pos=(-119.265,0.047,64.753) bounded=true
tick=3510 phase=following reason=path_ready wp=1 dist_wp=20.15 bearing_deg=-0.79 speed=6.054 pos=(-119.327,0.051,63.468) bounded=true
tick=3540 phase=following reason=path_ready wp=1 dist_wp=18.48 bearing_deg=-0.80 speed=7.656 pos=(-119.404,0.047,61.807) bounded=true
tick=3570 phase=following reason=path_ready wp=1 dist_wp=16.53 bearing_deg=-0.78 speed=8.000 pos=(-119.493,0.009,59.852) bounded=true
tick=3600 phase=following reason=path_ready wp=1 dist_wp=14.56 bearing_deg=-0.80 speed=8.000 pos=(-119.579,0.001,57.890) bounded=true
tick=3630 phase=following reason=path_ready wp=1 dist_wp=12.60 bearing_deg=-0.79 speed=8.000 pos=(-119.660,0.001,55.928) bounded=true
tick=3660 phase=following reason=path_ready wp=1 dist_wp=10.67 bearing_deg=-0.79 speed=7.532 pos=(-119.737,0.015,54.003) bounded=true
tick=3690 phase=following reason=path_ready wp=1 dist_wp=8.92 bearing_deg=-0.79 speed=6.794 pos=(-119.802,0.012,52.249) bounded=true
tick=3720 phase=following reason=path_ready wp=1 dist_wp=7.34 bearing_deg=-0.80 speed=6.056 pos=(-119.857,0.023,50.675) bounded=true
tick=3750 phase=following reason=path_ready wp=1 dist_wp=5.95 bearing_deg=-0.79 speed=5.318 pos=(-119.901,0.028,49.282) bounded=true
tick=3780 phase=following reason=path_ready wp=1 dist_wp=4.74 bearing_deg=-0.80 speed=4.578 pos=(-119.936,0.077,48.068) bounded=true
tick=3810 phase=following reason=path_ready wp=1 dist_wp=3.70 bearing_deg=-0.78 speed=3.835 pos=(-119.962,0.082,47.033) bounded=true
tick=3840 phase=following reason=path_ready wp=1 dist_wp=2.85 bearing_deg=-0.81 speed=3.091 pos=(-119.980,0.098,46.180) bounded=true
tick=3870 phase=following reason=path_ready wp=1 dist_wp=2.18 bearing_deg=-0.78 speed=2.345 pos=(-119.992,0.101,45.510) bounded=true
tick=3900 phase=following reason=path_ready wp=1 dist_wp=1.69 bearing_deg=-0.80 speed=1.598 pos=(-119.999,0.130,45.026) bounded=true
tick=3930 phase=following reason=path_ready wp=1 dist_wp=1.39 bearing_deg=-0.77 speed=0.842 pos=(-120.003,0.148,44.725) bounded=true
tick=3960 phase=following reason=path_ready wp=2 dist_wp=23.16 bearing_deg=-0.72 speed=1.259 pos=(-120.004,0.135,44.558) bounded=true
tick=3990 phase=following reason=path_ready wp=2 dist_wp=22.61 bearing_deg=-0.79 speed=2.986 pos=(-120.010,0.247,44.020) bounded=true
tick=4020 phase=following reason=path_ready wp=2 dist_wp=21.64 bearing_deg=-0.82 speed=4.501 pos=(-120.021,0.297,43.054) bounded=true
tick=4050 phase=following reason=path_ready wp=2 dist_wp=20.30 bearing_deg=-0.87 speed=5.990 pos=(-120.037,0.322,41.693) bounded=true
tick=4080 phase=following reason=path_ready wp=2 dist_wp=18.65 bearing_deg=-1.11 speed=7.442 pos=(-120.059,0.411,40.041) bounded=true
tick=4110 phase=following reason=path_ready wp=2 dist_wp=16.70 bearing_deg=-2.24 speed=8.000 pos=(-120.103,0.617,38.094) bounded=true
tick=4140 phase=following reason=path_ready wp=2 dist_wp=14.73 bearing_deg=-3.87 speed=8.000 pos=(-120.186,0.876,36.141) bounded=true
tick=4170 phase=following reason=obstacle_cleared wp=2 dist_wp=12.81 bearing_deg=-6.10 speed=7.917 pos=(-120.307,1.133,34.233) bounded=true
tick=4200 phase=following reason=obstacle_cleared wp=2 dist_wp=10.90 bearing_deg=-9.80 speed=7.537 pos=(-120.497,1.481,32.344) bounded=true
tick=4230 phase=following reason=obstacle_cleared wp=2 dist_wp=9.17 bearing_deg=-14.00 speed=6.821 pos=(-120.736,1.760,30.618) bounded=true
tick=4260 phase=following reason=obstacle_cleared wp=2 dist_wp=7.64 bearing_deg=-18.50 speed=5.883 pos=(-121.001,2.075,29.078) bounded=true
tick=4290 phase=following reason=obstacle_cleared wp=2 dist_wp=6.58 bearing_deg=-20.30 speed=3.075 pos=(-121.190,2.340,28.014) bounded=true
tick=4320 phase=following reason=obstacle_cleared wp=2 dist_wp=6.14 bearing_deg=-16.31 speed=0.866 pos=(-121.241,2.400,27.556) bounded=true
tick=4350 phase=following reason=obstacle_cleared wp=2 dist_wp=5.80 bearing_deg=-10.14 speed=1.734 pos=(-121.236,2.379,27.197) bounded=true
tick=4380 phase=following reason=obstacle_cleared wp=2 dist_wp=5.31 bearing_deg=-5.21 speed=1.891 pos=(-121.187,2.485,26.718) bounded=true
tick=4410 phase=following reason=obstacle_cleared wp=2 dist_wp=4.74 bearing_deg=-2.63 speed=2.467 pos=(-121.090,2.599,26.159) bounded=true
tick=4440 phase=following reason=obstacle_cleared wp=2 dist_wp=4.04 bearing_deg=0.03 speed=2.868 pos=(-120.943,2.751,25.496) bounded=true
tick=4470 phase=following reason=obstacle_cleared wp=2 dist_wp=3.27 bearing_deg=3.44 speed=3.054 pos=(-120.746,2.948,24.777) bounded=true
tick=4500 phase=following reason=obstacle_cleared wp=2 dist_wp=2.51 bearing_deg=5.75 speed=2.684 pos=(-120.524,3.116,24.069) bounded=true
tick=4530 phase=following reason=obstacle_cleared wp=2 dist_wp=1.91 bearing_deg=5.83 speed=1.917 pos=(-120.351,3.256,23.510) bounded=true
tick=4560 phase=following reason=obstacle_cleared wp=2 dist_wp=1.51 bearing_deg=4.58 speed=1.114 pos=(-120.245,3.327,23.123) bounded=true
tick=4590 phase=following reason=obstacle_cleared wp=3 dist_wp=23.16 bearing_deg=7.77 speed=0.652 pos=(-120.200,3.366,22.917) bounded=true
tick=4620 phase=following reason=obstacle_cleared wp=3 dist_wp=22.75 bearing_deg=-7.74 speed=1.834 pos=(-120.200,3.432,22.517) bounded=true
tick=4650 phase=following reason=obstacle_cleared wp=3 dist_wp=22.14 bearing_deg=-20.94 speed=2.491 pos=(-120.337,3.555,21.916) bounded=true
tick=4680 phase=following reason=obstacle_cleared wp=3 dist_wp=21.82 bearing_deg=-28.54 speed=0.035 pos=(-120.444,3.662,21.611) bounded=true
tick=4710 phase=following reason=obstacle_cleared wp=3 dist_wp=21.79 bearing_deg=-34.33 speed=0.000 pos=(-120.436,3.632,21.576) bounded=true
tick=4740 phase=following reason=obstacle_cleared wp=3 dist_wp=21.77 bearing_deg=-39.53 speed=0.000 pos=(-120.430,3.635,21.556) bounded=true
tick=4770 phase=following reason=obstacle_cleared wp=3 dist_wp=21.76 bearing_deg=-42.97 speed=0.000 pos=(-120.429,3.641,21.548) bounded=true
tick=4800 phase=following reason=obstacle_cleared wp=3 dist_wp=21.76 bearing_deg=-44.72 speed=0.000 pos=(-120.428,3.641,21.546) bounded=true
tick=4830 phase=following reason=obstacle_cleared wp=3 dist_wp=21.76 bearing_deg=-45.68 speed=0.000 pos=(-120.427,3.642,21.540) bounded=true
tick=4860 phase=following reason=obstacle_cleared wp=3 dist_wp=21.76 bearing_deg=-46.46 speed=0.000 pos=(-120.427,3.646,21.540) bounded=true
tick=4890 phase=following reason=obstacle_cleared wp=3 dist_wp=21.76 bearing_deg=-47.09 speed=0.000 pos=(-120.427,3.646,21.540) bounded=true
tick=4920 phase=following reason=obstacle_cleared wp=3 dist_wp=21.76 bearing_deg=-47.44 speed=0.000 pos=(-120.427,3.646,21.540) bounded=true
tick=4950 phase=following reason=obstacle_cleared wp=3 dist_wp=21.76 bearing_deg=-47.62 speed=0.000 pos=(-120.427,3.646,21.540) bounded=true
tick=4980 phase=following reason=obstacle_cleared wp=3 dist_wp=21.76 bearing_deg=-47.73 speed=0.000 pos=(-120.427,3.646,21.540) bounded=true
tick=5010 phase=following reason=obstacle_cleared wp=3 dist_wp=21.76 bearing_deg=-47.78 speed=0.000 pos=(-120.427,3.646,21.540) bounded=true
tick=5040 phase=following reason=obstacle_cleared wp=3 dist_wp=21.76 bearing_deg=-47.81 speed=0.000 pos=(-120.427,3.646,21.540) bounded=true
tick=5070 phase=following reason=obstacle_cleared wp=3 dist_wp=21.76 bearing_deg=-47.82 speed=0.000 pos=(-120.427,3.646,21.540) bounded=true
tick=5100 phase=following reason=obstacle_cleared wp=3 dist_wp=21.76 bearing_deg=-47.83 speed=0.000 pos=(-120.427,3.646,21.540) bounded=true
tick=5130 phase=following reason=obstacle_cleared wp=3 dist_wp=21.76 bearing_deg=-47.83 speed=0.000 pos=(-120.427,3.646,21.540) bounded=true
tick=5160 phase=following reason=obstacle_cleared wp=3 dist_wp=21.76 bearing_deg=-47.84 speed=0.000 pos=(-120.427,3.646,21.540) bounded=true
tick=5190 phase=following reason=obstacle_cleared wp=3 dist_wp=21.76 bearing_deg=-47.84 speed=0.000 pos=(-120.427,3.646,21.540) bounded=true
tick=5220 phase=following reason=obstacle_cleared wp=3 dist_wp=21.76 bearing_deg=-47.84 speed=0.000 pos=(-120.427,3.646,21.540) bounded=true
tick=5250 phase=following reason=obstacle_cleared wp=3 dist_wp=21.76 bearing_deg=-47.84 speed=0.000 pos=(-120.427,3.646,21.540) bounded=true
tick=5280 phase=following reason=obstacle_cleared wp=3 dist_wp=21.76 bearing_deg=-47.84 speed=0.000 pos=(-120.427,3.646,21.540) bounded=true
tick=5310 phase=following reason=obstacle_cleared wp=3 dist_wp=21.76 bearing_deg=-47.84 speed=0.000 pos=(-120.427,3.646,21.540) bounded=true
tick=5340 phase=following reason=obstacle_cleared wp=3 dist_wp=21.76 bearing_deg=-47.84 speed=0.000 pos=(-120.427,3.646,21.540) bounded=true
tick=5370 phase=following reason=obstacle_cleared wp=3 dist_wp=21.76 bearing_deg=-47.84 speed=0.000 pos=(-120.427,3.646,21.540) bounded=true
tick=5400 phase=following reason=obstacle_cleared wp=3 dist_wp=21.76 bearing_deg=-47.84 speed=0.000 pos=(-120.427,3.646,21.540) bounded=true
tick=5430 phase=following reason=obstacle_cleared wp=3 dist_wp=21.76 bearing_deg=-47.84 speed=0.000 pos=(-120.427,3.646,21.540) bounded=true
tick=5460 phase=following reason=obstacle_cleared wp=3 dist_wp=21.76 bearing_deg=-47.84 speed=0.000 pos=(-120.427,3.646,21.540) bounded=true
tick=5490 phase=following reason=obstacle_cleared wp=3 dist_wp=21.76 bearing_deg=-47.84 speed=0.000 pos=(-120.427,3.646,21.540) bounded=true
tick=5520 phase=following reason=obstacle_cleared wp=3 dist_wp=21.76 bearing_deg=-47.84 speed=0.000 pos=(-120.427,3.646,21.540) bounded=true
tick=5550 phase=following reason=obstacle_cleared wp=3 dist_wp=21.76 bearing_deg=-47.84 speed=0.000 pos=(-120.427,3.646,21.540) bounded=true
tick=5580 phase=following reason=obstacle_cleared wp=3 dist_wp=21.76 bearing_deg=-47.84 speed=0.000 pos=(-120.427,3.646,21.540) bounded=true
tick=5610 phase=following reason=obstacle_cleared wp=3 dist_wp=21.76 bearing_deg=-47.84 speed=0.000 pos=(-120.427,3.646,21.540) bounded=true
tick=5640 phase=following reason=obstacle_cleared wp=3 dist_wp=21.76 bearing_deg=-47.84 speed=0.000 pos=(-120.427,3.646,21.540) bounded=true
tick=5670 phase=following reason=obstacle_cleared wp=3 dist_wp=21.76 bearing_deg=-47.84 speed=0.000 pos=(-120.427,3.646,21.540) bounded=true
tick=5700 phase=following reason=obstacle_cleared wp=3 dist_wp=21.76 bearing_deg=-47.84 speed=0.000 pos=(-120.427,3.646,21.540) bounded=true
tick=5730 phase=following reason=obstacle_cleared wp=3 dist_wp=21.76 bearing_deg=-47.84 speed=0.000 pos=(-120.427,3.646,21.540) bounded=true
tick=5760 phase=following reason=obstacle_cleared wp=3 dist_wp=21.76 bearing_deg=-47.84 speed=0.000 pos=(-120.427,3.646,21.540) bounded=true
tick=5790 phase=following reason=obstacle_cleared wp=3 dist_wp=21.76 bearing_deg=-47.84 speed=0.000 pos=(-120.427,3.646,21.540) bounded=true
tick=5820 phase=following reason=obstacle_cleared wp=3 dist_wp=21.76 bearing_deg=-47.84 speed=0.000 pos=(-120.427,3.646,21.540) bounded=true
tick=5850 phase=following reason=obstacle_cleared wp=3 dist_wp=21.76 bearing_deg=-47.84 speed=0.000 pos=(-120.427,3.646,21.540) bounded=true
tick=5880 phase=following reason=obstacle_cleared wp=3 dist_wp=21.76 bearing_deg=-47.84 speed=0.000 pos=(-120.427,3.646,21.540) bounded=true
tick=5910 phase=following reason=obstacle_cleared wp=3 dist_wp=21.76 bearing_deg=-47.84 speed=0.000 pos=(-120.427,3.646,21.540) bounded=true
tick=5940 phase=following reason=obstacle_cleared wp=3 dist_wp=21.76 bearing_deg=-47.84 speed=0.000 pos=(-120.427,3.646,21.540) bounded=true
tick=5970 phase=following reason=obstacle_cleared wp=3 dist_wp=21.76 bearing_deg=-47.84 speed=0.000 pos=(-120.427,3.646,21.540) bounded=true
tick=6000 phase=following reason=obstacle_cleared wp=3 dist_wp=21.76 bearing_deg=-47.84 speed=0.000 pos=(-120.427,3.646,21.540) bounded=true
tick=6030 phase=following reason=obstacle_cleared wp=3 dist_wp=21.76 bearing_deg=-47.84 speed=0.000 pos=(-120.427,3.646,21.540) bounded=true
tick=6060 phase=following reason=obstacle_cleared wp=3 dist_wp=21.76 bearing_deg=-47.84 speed=0.000 pos=(-120.427,3.646,21.540) bounded=true
tick=6090 phase=following reason=obstacle_cleared wp=3 dist_wp=21.76 bearing_deg=-47.84 speed=0.000 pos=(-120.427,3.646,21.540) bounded=true
tick=6120 phase=following reason=obstacle_cleared wp=3 dist_wp=21.76 bearing_deg=-47.84 speed=0.000 pos=(-120.427,3.646,21.540) bounded=true
tick=6150 phase=following reason=obstacle_cleared wp=3 dist_wp=21.76 bearing_deg=-47.84 speed=0.000 pos=(-120.427,3.646,21.540) bounded=true
tick=6180 phase=following reason=obstacle_cleared wp=3 dist_wp=21.76 bearing_deg=-47.84 speed=0.000 pos=(-120.427,3.646,21.540) bounded=true
tick=6210 phase=following reason=obstacle_cleared wp=3 dist_wp=21.76 bearing_deg=-47.84 speed=0.000 pos=(-120.427,3.646,21.540) bounded=true
tick=6240 phase=following reason=obstacle_cleared wp=3 dist_wp=21.76 bearing_deg=-47.84 speed=0.000 pos=(-120.427,3.646,21.540) bounded=true
tick=6270 phase=following reason=obstacle_cleared wp=3 dist_wp=21.76 bearing_deg=-47.84 speed=0.000 pos=(-120.427,3.646,21.540) bounded=true
tick=6300 phase=following reason=obstacle_cleared wp=3 dist_wp=21.76 bearing_deg=-47.84 speed=0.000 pos=(-120.427,3.646,21.540) bounded=true
tick=6330 phase=following reason=obstacle_cleared wp=3 dist_wp=21.76 bearing_deg=-47.84 speed=0.000 pos=(-120.427,3.646,21.540) bounded=true
tick=6360 phase=following reason=obstacle_cleared wp=3 dist_wp=21.76 bearing_deg=-47.84 speed=0.000 pos=(-120.427,3.646,21.540) bounded=true
tick=6390 phase=following reason=obstacle_cleared wp=3 dist_wp=21.76 bearing_deg=-47.84 speed=0.000 pos=(-120.427,3.646,21.540) bounded=true
tick=6420 phase=following reason=obstacle_cleared wp=3 dist_wp=21.76 bearing_deg=-47.84 speed=0.000 pos=(-120.427,3.646,21.540) bounded=true
tick=6450 phase=following reason=obstacle_cleared wp=3 dist_wp=21.76 bearing_deg=-47.84 speed=0.000 pos=(-120.427,3.646,21.540) bounded=true
tick=6480 phase=following reason=obstacle_cleared wp=3 dist_wp=21.76 bearing_deg=-47.84 speed=0.000 pos=(-120.427,3.646,21.540) bounded=true
tick=6510 phase=following reason=obstacle_cleared wp=3 dist_wp=21.76 bearing_deg=-47.84 speed=0.000 pos=(-120.427,3.646,21.540) bounded=true
tick=6540 phase=following reason=obstacle_cleared wp=3 dist_wp=21.76 bearing_deg=-47.84 speed=0.000 pos=(-120.427,3.646,21.540) bounded=true
tick=6570 phase=following reason=obstacle_cleared wp=3 dist_wp=21.76 bearing_deg=-47.84 speed=0.000 pos=(-120.427,3.646,21.540) bounded=true
tick=6600 phase=following reason=obstacle_cleared wp=3 dist_wp=21.76 bearing_deg=-47.84 speed=0.000 pos=(-120.427,3.646,21.540) bounded=true
tick=6630 phase=following reason=obstacle_cleared wp=3 dist_wp=21.76 bearing_deg=-47.84 speed=0.000 pos=(-120.427,3.646,21.540) bounded=true
tick=6660 phase=following reason=obstacle_cleared wp=3 dist_wp=21.76 bearing_deg=-47.84 speed=0.000 pos=(-120.427,3.646,21.540) bounded=true
tick=6690 phase=following reason=obstacle_cleared wp=3 dist_wp=21.76 bearing_deg=-47.84 speed=0.000 pos=(-120.427,3.646,21.540) bounded=true
tick=6720 phase=following reason=obstacle_cleared wp=3 dist_wp=21.76 bearing_deg=-47.84 speed=0.000 pos=(-120.427,3.646,21.540) bounded=true
tick=6750 phase=following reason=obstacle_cleared wp=3 dist_wp=21.76 bearing_deg=-47.84 speed=0.000 pos=(-120.427,3.646,21.540) bounded=true
tick=6780 phase=following reason=obstacle_cleared wp=3 dist_wp=21.76 bearing_deg=-47.84 speed=0.000 pos=(-120.427,3.646,21.540) bounded=true
tick=6810 phase=following reason=obstacle_cleared wp=3 dist_wp=21.76 bearing_deg=-47.84 speed=0.000 pos=(-120.427,3.646,21.540) bounded=true
tick=6840 phase=following reason=obstacle_cleared wp=3 dist_wp=21.76 bearing_deg=-47.84 speed=0.000 pos=(-120.427,3.646,21.540) bounded=true
tick=6870 phase=following reason=obstacle_cleared wp=3 dist_wp=21.76 bearing_deg=-47.84 speed=0.000 pos=(-120.427,3.646,21.540) bounded=true
tick=6900 phase=following reason=obstacle_cleared wp=3 dist_wp=21.76 bearing_deg=-47.84 speed=0.000 pos=(-120.427,3.646,21.540) bounded=true
tick=6930 phase=following reason=obstacle_cleared wp=3 dist_wp=21.76 bearing_deg=-47.84 speed=0.000 pos=(-120.427,3.646,21.540) bounded=true
tick=6960 phase=following reason=obstacle_cleared wp=3 dist_wp=21.76 bearing_deg=-47.84 speed=0.000 pos=(-120.427,3.646,21.540) bounded=true
tick=6990 phase=following reason=obstacle_cleared wp=3 dist_wp=21.76 bearing_deg=-47.84 speed=0.000 pos=(-120.427,3.646,21.540) bounded=true
tick=7020 phase=following reason=obstacle_cleared wp=3 dist_wp=21.76 bearing_deg=-47.84 speed=0.000 pos=(-120.427,3.646,21.540) bounded=true
tick=7050 phase=following reason=obstacle_cleared wp=3 dist_wp=21.76 bearing_deg=-47.84 speed=0.000 pos=(-120.427,3.646,21.540) bounded=true
tick=7080 phase=following reason=obstacle_cleared wp=3 dist_wp=21.76 bearing_deg=-47.84 speed=0.000 pos=(-120.427,3.646,21.540) bounded=true
tick=7110 phase=following reason=obstacle_cleared wp=3 dist_wp=21.76 bearing_deg=-47.84 speed=0.000 pos=(-120.427,3.646,21.540) bounded=true
tick=7140 phase=following reason=obstacle_cleared wp=3 dist_wp=21.76 bearing_deg=-47.84 speed=0.000 pos=(-120.427,3.646,21.540) bounded=true
tick=7170 phase=following reason=obstacle_cleared wp=3 dist_wp=21.76 bearing_deg=-47.84 speed=0.000 pos=(-120.427,3.646,21.540) bounded=true
tick=7200 phase=following reason=obstacle_cleared wp=3 dist_wp=21.76 bearing_deg=-47.84 speed=0.000 pos=(-120.427,3.646,21.540) bounded=true
tick=7230 phase=following reason=obstacle_cleared wp=3 dist_wp=21.76 bearing_deg=-47.84 speed=0.000 pos=(-120.427,3.646,21.540) bounded=true
tick=7260 phase=following reason=obstacle_cleared wp=3 dist_wp=21.76 bearing_deg=-47.84 speed=0.000 pos=(-120.427,3.646,21.540) bounded=true
tick=7290 phase=following reason=obstacle_cleared wp=3 dist_wp=21.76 bearing_deg=-47.84 speed=0.000 pos=(-120.427,3.646,21.540) bounded=true
tick=7320 phase=following reason=obstacle_cleared wp=3 dist_wp=21.76 bearing_deg=-47.84 speed=0.000 pos=(-120.427,3.646,21.540) bounded=true
tick=7350 phase=following reason=obstacle_cleared wp=3 dist_wp=21.76 bearing_deg=-47.84 speed=0.000 pos=(-120.427,3.646,21.540) bounded=true
tick=7380 phase=following reason=obstacle_cleared wp=3 dist_wp=21.76 bearing_deg=-47.84 speed=0.000 pos=(-120.427,3.646,21.540) bounded=true
tick=7410 phase=following reason=obstacle_cleared wp=3 dist_wp=21.76 bearing_deg=-47.84 speed=0.000 pos=(-120.427,3.646,21.540) bounded=true
tick=7440 phase=following reason=obstacle_cleared wp=3 dist_wp=21.76 bearing_deg=-47.84 speed=0.000 pos=(-120.427,3.646,21.540) bounded=true
tick=7470 phase=following reason=obstacle_cleared wp=3 dist_wp=21.76 bearing_deg=-47.84 speed=0.000 pos=(-120.427,3.646,21.540) bounded=true
tick=7500 phase=following reason=obstacle_cleared wp=3 dist_wp=21.76 bearing_deg=-47.84 speed=0.000 pos=(-120.427,3.646,21.540) bounded=true
tick=7530 phase=following reason=obstacle_cleared wp=3 dist_wp=21.76 bearing_deg=-47.84 speed=0.000 pos=(-120.427,3.646,21.540) bounded=true
tick=7560 phase=following reason=obstacle_cleared wp=3 dist_wp=21.76 bearing_deg=-47.84 speed=0.000 pos=(-120.427,3.646,21.540) bounded=true
tick=7590 phase=following reason=obstacle_cleared wp=3 dist_wp=21.76 bearing_deg=-47.84 speed=0.000 pos=(-120.427,3.646,21.540) bounded=true
tick=7620 phase=following reason=obstacle_cleared wp=3 dist_wp=21.76 bearing_deg=-47.84 speed=0.000 pos=(-120.427,3.646,21.540) bounded=true
tick=7650 phase=following reason=obstacle_cleared wp=3 dist_wp=21.76 bearing_deg=-47.84 speed=0.000 pos=(-120.427,3.646,21.540) bounded=true
tick=7680 phase=following reason=obstacle_cleared wp=3 dist_wp=21.76 bearing_deg=-47.84 speed=0.000 pos=(-120.427,3.646,21.540) bounded=true
tick=7710 phase=following reason=obstacle_cleared wp=3 dist_wp=21.76 bearing_deg=-47.84 speed=0.000 pos=(-120.427,3.646,21.540) bounded=true
tick=7740 phase=following reason=obstacle_cleared wp=3 dist_wp=21.76 bearing_deg=-47.84 speed=0.000 pos=(-120.427,3.646,21.540) bounded=true
tick=7770 phase=following reason=obstacle_cleared wp=3 dist_wp=21.76 bearing_deg=-47.84 speed=0.000 pos=(-120.427,3.646,21.540) bounded=true
tick=7800 phase=following reason=obstacle_cleared wp=3 dist_wp=21.76 bearing_deg=-47.84 speed=0.000 pos=(-120.427,3.646,21.540) bounded=true
tick=7830 phase=following reason=obstacle_cleared wp=3 dist_wp=21.76 bearing_deg=-47.84 speed=0.000 pos=(-120.427,3.646,21.540) bounded=true
tick=7860 phase=following reason=obstacle_cleared wp=3 dist_wp=21.76 bearing_deg=-47.84 speed=0.000 pos=(-120.427,3.646,21.540) bounded=true
tick=7890 phase=following reason=obstacle_cleared wp=3 dist_wp=21.76 bearing_deg=-47.84 speed=0.000 pos=(-120.427,3.646,21.540) bounded=true
tick=7920 phase=following reason=obstacle_cleared wp=3 dist_wp=21.76 bearing_deg=-47.84 speed=0.000 pos=(-120.427,3.646,21.540) bounded=true
tick=7950 phase=following reason=obstacle_cleared wp=3 dist_wp=21.76 bearing_deg=-47.84 speed=0.000 pos=(-120.427,3.646,21.540) bounded=true
tick=7980 phase=following reason=obstacle_cleared wp=3 dist_wp=21.76 bearing_deg=-47.84 speed=0.000 pos=(-120.427,3.646,21.540) bounded=true
tick=8010 phase=following reason=obstacle_cleared wp=3 dist_wp=21.76 bearing_deg=-47.84 speed=0.000 pos=(-120.427,3.646,21.540) bounded=true
tick=8040 phase=following reason=obstacle_cleared wp=3 dist_wp=21.76 bearing_deg=-47.84 speed=0.000 pos=(-120.427,3.646,21.540) bounded=true
tick=8070 phase=following reason=obstacle_cleared wp=3 dist_wp=21.76 bearing_deg=-47.84 speed=0.000 pos=(-120.427,3.646,21.540) bounded=true
tick=8100 phase=following reason=obstacle_cleared wp=3 dist_wp=21.76 bearing_deg=-47.84 speed=0.000 pos=(-120.427,3.646,21.540) bounded=true
tick=8130 phase=following reason=obstacle_cleared wp=3 dist_wp=21.76 bearing_deg=-47.84 speed=0.000 pos=(-120.427,3.646,21.540) bounded=true
tick=8160 phase=following reason=obstacle_cleared wp=3 dist_wp=21.76 bearing_deg=-47.84 speed=0.000 pos=(-120.427,3.646,21.540) bounded=true
tick=8190 phase=following reason=obstacle_cleared wp=3 dist_wp=21.76 bearing_deg=-47.84 speed=0.000 pos=(-120.427,3.646,21.540) bounded=true
tick=8220 phase=following reason=obstacle_cleared wp=3 dist_wp=21.76 bearing_deg=-47.84 speed=0.000 pos=(-120.427,3.646,21.540) bounded=true
tick=8250 phase=following reason=obstacle_cleared wp=3 dist_wp=21.76 bearing_deg=-47.84 speed=0.000 pos=(-120.427,3.646,21.540) bounded=true
tick=8280 phase=following reason=obstacle_cleared wp=3 dist_wp=21.76 bearing_deg=-47.84 speed=0.000 pos=(-120.427,3.646,21.540) bounded=true
tick=8310 phase=following reason=obstacle_cleared wp=3 dist_wp=21.76 bearing_deg=-47.84 speed=0.000 pos=(-120.427,3.646,21.540) bounded=true
tick=8340 phase=following reason=obstacle_cleared wp=3 dist_wp=21.76 bearing_deg=-47.84 speed=0.000 pos=(-120.427,3.646,21.540) bounded=true
tick=8370 phase=following reason=obstacle_cleared wp=3 dist_wp=21.76 bearing_deg=-47.84 speed=0.000 pos=(-120.427,3.646,21.540) bounded=true
tick=8400 phase=following reason=obstacle_cleared wp=3 dist_wp=21.76 bearing_deg=-47.84 speed=0.000 pos=(-120.427,3.646,21.540) bounded=true
tick=8430 phase=following reason=obstacle_cleared wp=3 dist_wp=21.76 bearing_deg=-47.84 speed=0.000 pos=(-120.427,3.646,21.540) bounded=true
tick=8460 phase=following reason=obstacle_cleared wp=3 dist_wp=21.76 bearing_deg=-47.84 speed=0.000 pos=(-120.427,3.646,21.540) bounded=true
tick=8490 phase=following reason=obstacle_cleared wp=3 dist_wp=21.76 bearing_deg=-47.84 speed=0.000 pos=(-120.427,3.646,21.540) bounded=true
tick=8520 phase=following reason=obstacle_cleared wp=3 dist_wp=21.76 bearing_deg=-47.84 speed=0.000 pos=(-120.427,3.646,21.540) bounded=true
tick=8550 phase=following reason=obstacle_cleared wp=3 dist_wp=21.76 bearing_deg=-47.84 speed=0.000 pos=(-120.427,3.646,21.540) bounded=true
tick=8580 phase=following reason=obstacle_cleared wp=3 dist_wp=21.76 bearing_deg=-47.84 speed=0.000 pos=(-120.427,3.646,21.540) bounded=true
tick=8610 phase=following reason=obstacle_cleared wp=3 dist_wp=21.76 bearing_deg=-47.84 speed=0.000 pos=(-120.427,3.646,21.540) bounded=true
tick=8640 phase=following reason=obstacle_cleared wp=3 dist_wp=21.76 bearing_deg=-47.84 speed=0.000 pos=(-120.427,3.646,21.540) bounded=true
tick=8670 phase=following reason=obstacle_cleared wp=3 dist_wp=21.76 bearing_deg=-47.84 speed=0.000 pos=(-120.427,3.646,21.540) bounded=true
tick=8700 phase=following reason=obstacle_cleared wp=3 dist_wp=21.76 bearing_deg=-47.84 speed=0.000 pos=(-120.427,3.646,21.540) bounded=true
tick=8730 phase=following reason=obstacle_cleared wp=3 dist_wp=21.76 bearing_deg=-47.84 speed=0.000 pos=(-120.427,3.646,21.540) bounded=true
tick=8760 phase=following reason=obstacle_cleared wp=3 dist_wp=21.76 bearing_deg=-47.84 speed=0.000 pos=(-120.427,3.646,21.540) bounded=true
tick=8790 phase=following reason=obstacle_cleared wp=3 dist_wp=21.76 bearing_deg=-47.84 speed=0.000 pos=(-120.427,3.646,21.540) bounded=true
tick=8820 phase=following reason=obstacle_cleared wp=3 dist_wp=21.76 bearing_deg=-47.84 speed=0.000 pos=(-120.427,3.646,21.540) bounded=true
tick=8850 phase=following reason=obstacle_cleared wp=3 dist_wp=21.76 bearing_deg=-47.84 speed=0.000 pos=(-120.427,3.646,21.540) bounded=true
tick=8880 phase=following reason=obstacle_cleared wp=3 dist_wp=21.76 bearing_deg=-47.84 speed=0.000 pos=(-120.427,3.646,21.540) bounded=true
tick=8910 phase=following reason=obstacle_cleared wp=3 dist_wp=21.76 bearing_deg=-47.84 speed=0.000 pos=(-120.427,3.646,21.540) bounded=true
tick=8940 phase=following reason=obstacle_cleared wp=3 dist_wp=21.76 bearing_deg=-47.84 speed=0.000 pos=(-120.427,3.646,21.540) bounded=true
tick=8970 phase=following reason=obstacle_cleared wp=3 dist_wp=21.76 bearing_deg=-47.84 speed=0.000 pos=(-120.427,3.646,21.540) bounded=true
tick=9000 phase=following reason=obstacle_cleared wp=3 dist_wp=21.76 bearing_deg=-47.84 speed=0.000 pos=(-120.427,3.646,21.540) bounded=true
tick=9030 phase=following reason=obstacle_cleared wp=3 dist_wp=21.76 bearing_deg=-47.84 speed=0.000 pos=(-120.427,3.646,21.540) bounded=true
tick=9060 phase=following reason=obstacle_cleared wp=3 dist_wp=21.76 bearing_deg=-47.84 speed=0.000 pos=(-120.427,3.646,21.540) bounded=true
tick=9090 phase=following reason=obstacle_cleared wp=3 dist_wp=21.76 bearing_deg=-47.84 speed=0.000 pos=(-120.427,3.646,21.540) bounded=true
tick=9120 phase=following reason=obstacle_cleared wp=3 dist_wp=21.76 bearing_deg=-47.84 speed=0.000 pos=(-120.427,3.646,21.540) bounded=true
tick=9150 phase=following reason=obstacle_cleared wp=3 dist_wp=21.76 bearing_deg=-47.84 speed=0.000 pos=(-120.427,3.646,21.540) bounded=true
tick=9180 phase=following reason=obstacle_cleared wp=3 dist_wp=21.76 bearing_deg=-47.84 speed=0.000 pos=(-120.427,3.646,21.540) bounded=true
tick=9210 phase=following reason=obstacle_cleared wp=3 dist_wp=21.76 bearing_deg=-47.84 speed=0.000 pos=(-120.427,3.646,21.540) bounded=true
tick=9240 phase=following reason=obstacle_cleared wp=3 dist_wp=21.76 bearing_deg=-47.84 speed=0.000 pos=(-120.427,3.646,21.540) bounded=true
tick=9270 phase=following reason=obstacle_cleared wp=3 dist_wp=21.76 bearing_deg=-47.84 speed=0.000 pos=(-120.427,3.646,21.540) bounded=true
tick=9300 phase=following reason=obstacle_cleared wp=3 dist_wp=21.76 bearing_deg=-47.84 speed=0.000 pos=(-120.427,3.646,21.540) bounded=true
tick=9330 phase=following reason=obstacle_cleared wp=3 dist_wp=21.76 bearing_deg=-47.84 speed=0.000 pos=(-120.427,3.646,21.540) bounded=true
tick=9360 phase=following reason=obstacle_cleared wp=3 dist_wp=21.76 bearing_deg=-47.84 speed=0.000 pos=(-120.427,3.646,21.540) bounded=true
tick=9390 phase=following reason=obstacle_cleared wp=3 dist_wp=21.76 bearing_deg=-47.84 speed=0.000 pos=(-120.427,3.646,21.540) bounded=true
tick=9420 phase=following reason=obstacle_cleared wp=3 dist_wp=21.76 bearing_deg=-47.84 speed=0.000 pos=(-120.427,3.646,21.540) bounded=true
tick=9450 phase=following reason=obstacle_cleared wp=3 dist_wp=21.76 bearing_deg=-47.84 speed=0.000 pos=(-120.427,3.646,21.540) bounded=true
tick=9480 phase=following reason=obstacle_cleared wp=3 dist_wp=21.76 bearing_deg=-47.84 speed=0.000 pos=(-120.427,3.646,21.540) bounded=true
tick=9510 phase=following reason=obstacle_cleared wp=3 dist_wp=21.76 bearing_deg=-47.84 speed=0.000 pos=(-120.427,3.646,21.540) bounded=true
tick=9540 phase=following reason=obstacle_cleared wp=3 dist_wp=21.76 bearing_deg=-47.84 speed=0.000 pos=(-120.427,3.646,21.540) bounded=true
tick=9570 phase=following reason=obstacle_cleared wp=3 dist_wp=21.76 bearing_deg=-47.84 speed=0.000 pos=(-120.427,3.646,21.540) bounded=true
tick=9600 phase=following reason=obstacle_cleared wp=3 dist_wp=21.76 bearing_deg=-47.84 speed=0.000 pos=(-120.427,3.646,21.540) bounded=true
tick=9630 phase=following reason=obstacle_cleared wp=3 dist_wp=21.76 bearing_deg=-47.84 speed=0.000 pos=(-120.427,3.646,21.540) bounded=true
tick=9660 phase=following reason=obstacle_cleared wp=3 dist_wp=21.76 bearing_deg=-47.84 speed=0.000 pos=(-120.427,3.646,21.540) bounded=true
tick=9690 phase=following reason=obstacle_cleared wp=3 dist_wp=21.76 bearing_deg=-47.84 speed=0.000 pos=(-120.427,3.646,21.540) bounded=true
tick=9720 phase=following reason=obstacle_cleared wp=3 dist_wp=21.76 bearing_deg=-47.84 speed=0.000 pos=(-120.427,3.646,21.540) bounded=true
tick=9750 phase=following reason=obstacle_cleared wp=3 dist_wp=21.76 bearing_deg=-47.84 speed=0.000 pos=(-120.427,3.646,21.540) bounded=true
tick=9780 phase=following reason=obstacle_cleared wp=3 dist_wp=21.76 bearing_deg=-47.84 speed=0.000 pos=(-120.427,3.646,21.540) bounded=true
tick=9810 phase=following reason=obstacle_cleared wp=3 dist_wp=21.76 bearing_deg=-47.84 speed=0.000 pos=(-120.427,3.646,21.540) bounded=true
tick=9840 phase=following reason=obstacle_cleared wp=3 dist_wp=21.76 bearing_deg=-47.84 speed=0.000 pos=(-120.427,3.646,21.540) bounded=true
tick=9870 phase=following reason=obstacle_cleared wp=3 dist_wp=21.76 bearing_deg=-47.84 speed=0.000 pos=(-120.427,3.646,21.540) bounded=true
tick=9900 phase=following reason=obstacle_cleared wp=3 dist_wp=21.76 bearing_deg=-47.84 speed=0.000 pos=(-120.427,3.646,21.540) bounded=true
tick=9930 phase=following reason=obstacle_cleared wp=3 dist_wp=21.76 bearing_deg=-47.84 speed=0.000 pos=(-120.427,3.646,21.540) bounded=true
tick=9960 phase=following reason=obstacle_cleared wp=3 dist_wp=21.76 bearing_deg=-47.84 speed=0.000 pos=(-120.427,3.646,21.540) bounded=true
tick=9990 phase=following reason=obstacle_cleared wp=3 dist_wp=21.76 bearing_deg=-47.84 speed=0.000 pos=(-120.427,3.646,21.540) bounded=true
tick=10020 phase=following reason=obstacle_cleared wp=3 dist_wp=21.76 bearing_deg=-47.84 speed=0.000 pos=(-120.427,3.646,21.540) bounded=true
tick=10050 phase=following reason=obstacle_cleared wp=3 dist_wp=21.76 bearing_deg=-47.84 speed=0.000 pos=(-120.427,3.646,21.540) bounded=true
tick=10080 phase=following reason=obstacle_cleared wp=3 dist_wp=21.76 bearing_deg=-47.84 speed=0.000 pos=(-120.427,3.646,21.540) bounded=true
tick=10110 phase=following reason=obstacle_cleared wp=3 dist_wp=21.76 bearing_deg=-47.84 speed=0.000 pos=(-120.427,3.646,21.540) bounded=true
tick=10140 phase=following reason=obstacle_cleared wp=3 dist_wp=21.76 bearing_deg=-47.84 speed=0.000 pos=(-120.427,3.646,21.540) bounded=true
tick=10170 phase=following reason=obstacle_cleared wp=3 dist_wp=21.76 bearing_deg=-47.84 speed=0.000 pos=(-120.427,3.646,21.540) bounded=true
tick=10200 phase=following reason=obstacle_cleared wp=3 dist_wp=21.76 bearing_deg=-47.84 speed=0.000 pos=(-120.427,3.646,21.540) bounded=true
tick=10230 phase=following reason=obstacle_cleared wp=3 dist_wp=21.76 bearing_deg=-47.84 speed=0.000 pos=(-120.427,3.646,21.540) bounded=true
tick=10260 phase=following reason=obstacle_cleared wp=3 dist_wp=21.76 bearing_deg=-47.84 speed=0.000 pos=(-120.427,3.646,21.540) bounded=true
tick=10290 phase=following reason=obstacle_cleared wp=3 dist_wp=21.76 bearing_deg=-47.84 speed=0.000 pos=(-120.427,3.646,21.540) bounded=true
tick=10320 phase=following reason=obstacle_cleared wp=3 dist_wp=21.76 bearing_deg=-47.84 speed=0.000 pos=(-120.427,3.646,21.540) bounded=true
tick=10350 phase=following reason=obstacle_cleared wp=3 dist_wp=21.76 bearing_deg=-47.84 speed=0.000 pos=(-120.427,3.646,21.540) bounded=true
tick=10380 phase=following reason=obstacle_cleared wp=3 dist_wp=21.76 bearing_deg=-47.84 speed=0.000 pos=(-120.427,3.646,21.540) bounded=true
tick=10410 phase=following reason=obstacle_cleared wp=3 dist_wp=21.76 bearing_deg=-47.84 speed=0.000 pos=(-120.427,3.646,21.540) bounded=true
tick=10440 phase=following reason=obstacle_cleared wp=3 dist_wp=21.76 bearing_deg=-47.84 speed=0.000 pos=(-120.427,3.646,21.540) bounded=true
tick=10470 phase=following reason=obstacle_cleared wp=3 dist_wp=21.76 bearing_deg=-47.84 speed=0.000 pos=(-120.427,3.646,21.540) bounded=true
tick=10500 phase=following reason=obstacle_cleared wp=3 dist_wp=21.76 bearing_deg=-47.84 speed=0.000 pos=(-120.427,3.646,21.540) bounded=true
tick=10530 phase=following reason=obstacle_cleared wp=3 dist_wp=21.76 bearing_deg=-47.84 speed=0.000 pos=(-120.427,3.646,21.540) bounded=true
tick=10560 phase=following reason=obstacle_cleared wp=3 dist_wp=21.76 bearing_deg=-47.84 speed=0.000 pos=(-120.427,3.646,21.540) bounded=true
tick=10590 phase=following reason=obstacle_cleared wp=3 dist_wp=21.76 bearing_deg=-47.84 speed=0.000 pos=(-120.427,3.646,21.540) bounded=true
tick=10620 phase=following reason=obstacle_cleared wp=3 dist_wp=21.76 bearing_deg=-47.84 speed=0.000 pos=(-120.427,3.646,21.540) bounded=true
tick=10650 phase=following reason=obstacle_cleared wp=3 dist_wp=21.76 bearing_deg=-47.84 speed=0.000 pos=(-120.427,3.646,21.540) bounded=true
tick=10680 phase=following reason=obstacle_cleared wp=3 dist_wp=21.76 bearing_deg=-47.84 speed=0.000 pos=(-120.427,3.646,21.540) bounded=true
tick=10710 phase=following reason=obstacle_cleared wp=3 dist_wp=21.76 bearing_deg=-47.84 speed=0.000 pos=(-120.427,3.646,21.540) bounded=true
tick=10740 phase=following reason=obstacle_cleared wp=3 dist_wp=21.76 bearing_deg=-47.84 speed=0.000 pos=(-120.427,3.646,21.540) bounded=true
tick=10770 phase=following reason=obstacle_cleared wp=3 dist_wp=21.76 bearing_deg=-47.84 speed=0.000 pos=(-120.427,3.646,21.540) bounded=true
tick=10800 phase=following reason=obstacle_cleared wp=3 dist_wp=21.76 bearing_deg=-47.84 speed=0.000 pos=(-120.427,3.646,21.540) bounded=true
tick=10830 phase=following reason=obstacle_cleared wp=3 dist_wp=21.76 bearing_deg=-47.84 speed=0.000 pos=(-120.427,3.646,21.540) bounded=true
tick=10860 phase=following reason=obstacle_cleared wp=3 dist_wp=21.76 bearing_deg=-47.84 speed=0.000 pos=(-120.427,3.646,21.540) bounded=true
tick=10890 phase=following reason=obstacle_cleared wp=3 dist_wp=21.76 bearing_deg=-47.84 speed=0.000 pos=(-120.427,3.646,21.540) bounded=true
tick=10920 phase=following reason=obstacle_cleared wp=3 dist_wp=21.76 bearing_deg=-47.84 speed=0.000 pos=(-120.427,3.646,21.540) bounded=true
tick=10950 phase=following reason=obstacle_cleared wp=3 dist_wp=21.76 bearing_deg=-47.84 speed=0.000 pos=(-120.427,3.646,21.540) bounded=true
tick=10980 phase=following reason=obstacle_cleared wp=3 dist_wp=21.76 bearing_deg=-47.84 speed=0.000 pos=(-120.427,3.646,21.540) bounded=true
tick=11010 phase=following reason=obstacle_cleared wp=3 dist_wp=21.76 bearing_deg=-47.84 speed=0.000 pos=(-120.427,3.646,21.540) bounded=true
tick=11040 phase=following reason=obstacle_cleared wp=3 dist_wp=21.76 bearing_deg=-47.84 speed=0.000 pos=(-120.427,3.646,21.540) bounded=true
tick=11070 phase=following reason=obstacle_cleared wp=3 dist_wp=21.76 bearing_deg=-47.84 speed=0.000 pos=(-120.427,3.646,21.540) bounded=true
tick=11100 phase=following reason=obstacle_cleared wp=3 dist_wp=21.76 bearing_deg=-47.84 speed=0.000 pos=(-120.427,3.646,21.540) bounded=true
tick=11130 phase=following reason=obstacle_cleared wp=3 dist_wp=21.76 bearing_deg=-47.84 speed=0.000 pos=(-120.427,3.646,21.540) bounded=true
tick=11160 phase=following reason=obstacle_cleared wp=3 dist_wp=21.76 bearing_deg=-47.84 speed=0.000 pos=(-120.427,3.646,21.540) bounded=true
tick=11190 phase=following reason=obstacle_cleared wp=3 dist_wp=21.76 bearing_deg=-47.84 speed=0.000 pos=(-120.427,3.646,21.540) bounded=true
tick=11220 phase=following reason=obstacle_cleared wp=3 dist_wp=21.76 bearing_deg=-47.84 speed=0.000 pos=(-120.427,3.646,21.540) bounded=true
tick=11250 phase=following reason=obstacle_cleared wp=3 dist_wp=21.76 bearing_deg=-47.84 speed=0.000 pos=(-120.427,3.646,21.540) bounded=true
tick=11280 phase=following reason=obstacle_cleared wp=3 dist_wp=21.76 bearing_deg=-47.84 speed=0.000 pos=(-120.427,3.646,21.540) bounded=true
tick=11310 phase=following reason=obstacle_cleared wp=3 dist_wp=21.76 bearing_deg=-47.84 speed=0.000 pos=(-120.427,3.646,21.540) bounded=true
tick=11340 phase=following reason=obstacle_cleared wp=3 dist_wp=21.76 bearing_deg=-47.84 speed=0.000 pos=(-120.427,3.646,21.540) bounded=true
tick=11370 phase=following reason=obstacle_cleared wp=3 dist_wp=21.76 bearing_deg=-47.84 speed=0.000 pos=(-120.427,3.646,21.540) bounded=true
tick=11400 phase=following reason=obstacle_cleared wp=3 dist_wp=21.76 bearing_deg=-47.84 speed=0.000 pos=(-120.427,3.646,21.540) bounded=true
tick=11430 phase=following reason=obstacle_cleared wp=3 dist_wp=21.76 bearing_deg=-47.84 speed=0.000 pos=(-120.427,3.646,21.540) bounded=true
tick=11460 phase=following reason=obstacle_cleared wp=3 dist_wp=21.76 bearing_deg=-47.84 speed=0.000 pos=(-120.427,3.646,21.540) bounded=true
tick=11490 phase=following reason=obstacle_cleared wp=3 dist_wp=21.76 bearing_deg=-47.84 speed=0.000 pos=(-120.427,3.646,21.540) bounded=true
tick=11520 phase=following reason=obstacle_cleared wp=3 dist_wp=21.76 bearing_deg=-47.84 speed=0.000 pos=(-120.427,3.646,21.540) bounded=true
tick=11550 phase=following reason=obstacle_cleared wp=3 dist_wp=21.76 bearing_deg=-47.84 speed=0.000 pos=(-120.427,3.646,21.540) bounded=true
tick=11580 phase=following reason=obstacle_cleared wp=3 dist_wp=21.76 bearing_deg=-47.84 speed=0.000 pos=(-120.427,3.646,21.540) bounded=true
tick=11610 phase=following reason=obstacle_cleared wp=3 dist_wp=21.76 bearing_deg=-47.84 speed=0.000 pos=(-120.427,3.646,21.540) bounded=true
tick=11640 phase=following reason=obstacle_cleared wp=3 dist_wp=21.76 bearing_deg=-47.84 speed=0.000 pos=(-120.427,3.646,21.540) bounded=true
tick=11670 phase=following reason=obstacle_cleared wp=3 dist_wp=21.76 bearing_deg=-47.84 speed=0.000 pos=(-120.427,3.646,21.540) bounded=true
tick=11700 phase=following reason=obstacle_cleared wp=3 dist_wp=21.76 bearing_deg=-47.84 speed=0.000 pos=(-120.427,3.646,21.540) bounded=true
tick=11730 phase=following reason=obstacle_cleared wp=3 dist_wp=21.76 bearing_deg=-47.84 speed=0.000 pos=(-120.427,3.646,21.540) bounded=true
tick=11760 phase=following reason=obstacle_cleared wp=3 dist_wp=21.76 bearing_deg=-47.84 speed=0.000 pos=(-120.427,3.646,21.540) bounded=true
tick=11790 phase=following reason=obstacle_cleared wp=3 dist_wp=21.76 bearing_deg=-47.84 speed=0.000 pos=(-120.427,3.646,21.540) bounded=true
tick=11820 phase=following reason=obstacle_cleared wp=3 dist_wp=21.76 bearing_deg=-47.84 speed=0.000 pos=(-120.427,3.646,21.540) bounded=true
tick=11850 phase=following reason=obstacle_cleared wp=3 dist_wp=21.76 bearing_deg=-47.84 speed=0.000 pos=(-120.427,3.646,21.540) bounded=true
tick=11880 phase=following reason=obstacle_cleared wp=3 dist_wp=21.76 bearing_deg=-47.84 speed=0.000 pos=(-120.427,3.646,21.540) bounded=true
tick=11910 phase=following reason=obstacle_cleared wp=3 dist_wp=21.76 bearing_deg=-47.84 speed=0.000 pos=(-120.427,3.646,21.540) bounded=true
tick=11940 phase=following reason=obstacle_cleared wp=3 dist_wp=21.76 bearing_deg=-47.84 speed=0.000 pos=(-120.427,3.646,21.540) bounded=true
tick=11970 phase=following reason=obstacle_cleared wp=3 dist_wp=21.76 bearing_deg=-47.84 speed=0.000 pos=(-120.427,3.646,21.540) bounded=true
tick=12000 phase=following reason=obstacle_cleared wp=3 dist_wp=21.76 bearing_deg=-47.84 speed=0.000 pos=(-120.427,3.646,21.540) bounded=true
tick=12030 phase=following reason=obstacle_cleared wp=3 dist_wp=21.76 bearing_deg=-47.84 speed=0.000 pos=(-120.427,3.646,21.540) bounded=true
tick=12060 phase=following reason=obstacle_cleared wp=3 dist_wp=21.76 bearing_deg=-47.84 speed=0.000 pos=(-120.427,3.646,21.540) bounded=true
tick=12090 phase=following reason=obstacle_cleared wp=3 dist_wp=21.76 bearing_deg=-47.84 speed=0.000 pos=(-120.427,3.646,21.540) bounded=true
tick=12120 phase=following reason=obstacle_cleared wp=3 dist_wp=21.76 bearing_deg=-47.84 speed=0.000 pos=(-120.427,3.646,21.540) bounded=true
tick=12150 phase=following reason=obstacle_cleared wp=3 dist_wp=21.76 bearing_deg=-47.84 speed=0.000 pos=(-120.427,3.646,21.540) bounded=true
tick=12180 phase=following reason=obstacle_cleared wp=3 dist_wp=21.76 bearing_deg=-47.84 speed=0.000 pos=(-120.427,3.646,21.540) bounded=true
tick=12210 phase=following reason=obstacle_cleared wp=3 dist_wp=21.76 bearing_deg=-47.84 speed=0.000 pos=(-120.427,3.646,21.540) bounded=true
tick=12240 phase=following reason=obstacle_cleared wp=3 dist_wp=21.76 bearing_deg=-47.84 speed=0.000 pos=(-120.427,3.646,21.540) bounded=true
tick=12270 phase=following reason=obstacle_cleared wp=3 dist_wp=21.76 bearing_deg=-47.84 speed=0.000 pos=(-120.427,3.646,21.540) bounded=true
tick=12300 phase=following reason=obstacle_cleared wp=3 dist_wp=21.76 bearing_deg=-47.84 speed=0.000 pos=(-120.427,3.646,21.540) bounded=true
tick=12330 phase=following reason=obstacle_cleared wp=3 dist_wp=21.76 bearing_deg=-47.84 speed=0.000 pos=(-120.427,3.646,21.540) bounded=true
tick=12360 phase=following reason=obstacle_cleared wp=3 dist_wp=21.76 bearing_deg=-47.84 speed=0.000 pos=(-120.427,3.646,21.540) bounded=true
tick=12390 phase=following reason=obstacle_cleared wp=3 dist_wp=21.76 bearing_deg=-47.84 speed=0.000 pos=(-120.427,3.646,21.540) bounded=true
tick=12420 phase=following reason=obstacle_cleared wp=3 dist_wp=21.76 bearing_deg=-47.84 speed=0.000 pos=(-120.427,3.646,21.540) bounded=true
tick=12450 phase=following reason=obstacle_cleared wp=3 dist_wp=21.76 bearing_deg=-47.84 speed=0.000 pos=(-120.427,3.646,21.540) bounded=true
tick=12480 phase=following reason=obstacle_cleared wp=3 dist_wp=21.76 bearing_deg=-47.84 speed=0.000 pos=(-120.427,3.646,21.540) bounded=true
tick=12510 phase=following reason=obstacle_cleared wp=3 dist_wp=21.76 bearing_deg=-47.84 speed=0.000 pos=(-120.427,3.646,21.540) bounded=true
tick=12540 phase=following reason=obstacle_cleared wp=3 dist_wp=21.76 bearing_deg=-47.84 speed=0.000 pos=(-120.427,3.646,21.540) bounded=true
tick=12570 phase=following reason=obstacle_cleared wp=3 dist_wp=21.76 bearing_deg=-47.84 speed=0.000 pos=(-120.427,3.646,21.540) bounded=true
tick=12600 phase=following reason=obstacle_cleared wp=3 dist_wp=21.76 bearing_deg=-47.84 speed=0.000 pos=(-120.427,3.646,21.540) bounded=true
tick=12630 phase=following reason=obstacle_cleared wp=3 dist_wp=21.76 bearing_deg=-47.84 speed=0.000 pos=(-120.427,3.646,21.540) bounded=true
tick=12660 phase=following reason=obstacle_cleared wp=3 dist_wp=21.76 bearing_deg=-47.84 speed=0.000 pos=(-120.427,3.646,21.540) bounded=true
tick=12690 phase=following reason=obstacle_cleared wp=3 dist_wp=21.76 bearing_deg=-47.84 speed=0.000 pos=(-120.427,3.646,21.540) bounded=true
tick=12720 phase=following reason=obstacle_cleared wp=3 dist_wp=21.76 bearing_deg=-47.84 speed=0.000 pos=(-120.427,3.646,21.540) bounded=true
tick=12750 phase=following reason=obstacle_cleared wp=3 dist_wp=21.76 bearing_deg=-47.84 speed=0.000 pos=(-120.427,3.646,21.540) bounded=true
tick=12780 phase=following reason=obstacle_cleared wp=3 dist_wp=21.76 bearing_deg=-47.84 speed=0.000 pos=(-120.427,3.646,21.540) bounded=true
tick=12810 phase=following reason=obstacle_cleared wp=3 dist_wp=21.76 bearing_deg=-47.84 speed=0.000 pos=(-120.427,3.646,21.540) bounded=true
tick=12840 phase=following reason=obstacle_cleared wp=3 dist_wp=21.76 bearing_deg=-47.84 speed=0.000 pos=(-120.427,3.646,21.540) bounded=true
tick=12870 phase=following reason=obstacle_cleared wp=3 dist_wp=21.76 bearing_deg=-47.84 speed=0.000 pos=(-120.427,3.646,21.540) bounded=true
tick=12900 phase=following reason=obstacle_cleared wp=3 dist_wp=21.76 bearing_deg=-47.84 speed=0.000 pos=(-120.427,3.646,21.540) bounded=true
tick=12930 phase=following reason=obstacle_cleared wp=3 dist_wp=21.76 bearing_deg=-47.84 speed=0.000 pos=(-120.427,3.646,21.540) bounded=true
tick=12960 phase=following reason=obstacle_cleared wp=3 dist_wp=21.76 bearing_deg=-47.84 speed=0.000 pos=(-120.427,3.646,21.540) bounded=true
tick=12990 phase=following reason=obstacle_cleared wp=3 dist_wp=21.76 bearing_deg=-47.84 speed=0.000 pos=(-120.427,3.646,21.540) bounded=true
tick=13020 phase=following reason=obstacle_cleared wp=3 dist_wp=21.76 bearing_deg=-47.84 speed=0.000 pos=(-120.427,3.646,21.540) bounded=true
tick=13050 phase=following reason=obstacle_cleared wp=3 dist_wp=21.76 bearing_deg=-47.84 speed=0.000 pos=(-120.427,3.646,21.540) bounded=true
tick=13080 phase=following reason=obstacle_cleared wp=3 dist_wp=21.76 bearing_deg=-47.84 speed=0.000 pos=(-120.427,3.646,21.540) bounded=true
tick=13110 phase=following reason=obstacle_cleared wp=3 dist_wp=21.76 bearing_deg=-47.84 speed=0.000 pos=(-120.427,3.646,21.540) bounded=true
tick=13140 phase=following reason=obstacle_cleared wp=3 dist_wp=21.76 bearing_deg=-47.84 speed=0.000 pos=(-120.427,3.646,21.540) bounded=true
tick=13170 phase=following reason=obstacle_cleared wp=3 dist_wp=21.76 bearing_deg=-47.84 speed=0.000 pos=(-120.427,3.646,21.540) bounded=true
tick=13200 phase=following reason=obstacle_cleared wp=3 dist_wp=21.76 bearing_deg=-47.84 speed=0.000 pos=(-120.427,3.646,21.540) bounded=true
tick=13230 phase=following reason=obstacle_cleared wp=3 dist_wp=21.76 bearing_deg=-47.84 speed=0.000 pos=(-120.427,3.646,21.540) bounded=true
tick=13260 phase=following reason=obstacle_cleared wp=3 dist_wp=21.76 bearing_deg=-47.84 speed=0.000 pos=(-120.427,3.646,21.540) bounded=true
tick=13290 phase=following reason=obstacle_cleared wp=3 dist_wp=21.76 bearing_deg=-47.84 speed=0.000 pos=(-120.427,3.646,21.540) bounded=true
tick=13320 phase=following reason=obstacle_cleared wp=3 dist_wp=21.76 bearing_deg=-47.84 speed=0.000 pos=(-120.427,3.646,21.540) bounded=true
tick=13350 phase=following reason=obstacle_cleared wp=3 dist_wp=21.76 bearing_deg=-47.84 speed=0.000 pos=(-120.427,3.646,21.540) bounded=true
tick=13380 phase=following reason=obstacle_cleared wp=3 dist_wp=21.76 bearing_deg=-47.84 speed=0.000 pos=(-120.427,3.646,21.540) bounded=true
tick=13410 phase=following reason=obstacle_cleared wp=3 dist_wp=21.76 bearing_deg=-47.84 speed=0.000 pos=(-120.427,3.646,21.540) bounded=true
tick=13440 phase=following reason=obstacle_cleared wp=3 dist_wp=21.76 bearing_deg=-47.84 speed=0.000 pos=(-120.427,3.646,21.540) bounded=true
tick=13470 phase=following reason=obstacle_cleared wp=3 dist_wp=21.76 bearing_deg=-47.84 speed=0.000 pos=(-120.427,3.646,21.540) bounded=true
tick=13500 phase=following reason=obstacle_cleared wp=3 dist_wp=21.76 bearing_deg=-47.84 speed=0.000 pos=(-120.427,3.646,21.540) bounded=true
tick=13530 phase=following reason=obstacle_cleared wp=3 dist_wp=21.76 bearing_deg=-47.84 speed=0.000 pos=(-120.427,3.646,21.540) bounded=true
tick=13560 phase=following reason=obstacle_cleared wp=3 dist_wp=21.76 bearing_deg=-47.84 speed=0.000 pos=(-120.427,3.646,21.540) bounded=true
tick=13590 phase=following reason=obstacle_cleared wp=3 dist_wp=21.76 bearing_deg=-47.84 speed=0.000 pos=(-120.427,3.646,21.540) bounded=true
tick=13620 phase=following reason=obstacle_cleared wp=3 dist_wp=21.76 bearing_deg=-47.84 speed=0.000 pos=(-120.427,3.646,21.540) bounded=true
tick=13650 phase=following reason=obstacle_cleared wp=3 dist_wp=21.76 bearing_deg=-47.84 speed=0.000 pos=(-120.427,3.646,21.540) bounded=true
tick=13680 phase=following reason=obstacle_cleared wp=3 dist_wp=21.76 bearing_deg=-47.84 speed=0.000 pos=(-120.427,3.646,21.540) bounded=true
tick=13710 phase=following reason=obstacle_cleared wp=3 dist_wp=21.76 bearing_deg=-47.84 speed=0.000 pos=(-120.427,3.646,21.540) bounded=true
tick=13740 phase=following reason=obstacle_cleared wp=3 dist_wp=21.76 bearing_deg=-47.84 speed=0.000 pos=(-120.427,3.646,21.540) bounded=true
tick=13770 phase=following reason=obstacle_cleared wp=3 dist_wp=21.76 bearing_deg=-47.84 speed=0.000 pos=(-120.427,3.646,21.540) bounded=true
tick=13800 phase=following reason=obstacle_cleared wp=3 dist_wp=21.76 bearing_deg=-47.84 speed=0.000 pos=(-120.427,3.646,21.540) bounded=true
tick=13830 phase=following reason=obstacle_cleared wp=3 dist_wp=21.76 bearing_deg=-47.84 speed=0.000 pos=(-120.427,3.646,21.540) bounded=true
tick=13860 phase=following reason=obstacle_cleared wp=3 dist_wp=21.76 bearing_deg=-47.84 speed=0.000 pos=(-120.427,3.646,21.540) bounded=true
tick=13890 phase=following reason=obstacle_cleared wp=3 dist_wp=21.76 bearing_deg=-47.84 speed=0.000 pos=(-120.427,3.646,21.540) bounded=true
tick=13920 phase=following reason=obstacle_cleared wp=3 dist_wp=21.76 bearing_deg=-47.84 speed=0.000 pos=(-120.427,3.646,21.540) bounded=true
tick=13950 phase=following reason=obstacle_cleared wp=3 dist_wp=21.76 bearing_deg=-47.84 speed=0.000 pos=(-120.427,3.646,21.540) bounded=true
tick=13980 phase=following reason=obstacle_cleared wp=3 dist_wp=21.76 bearing_deg=-47.84 speed=0.000 pos=(-120.427,3.646,21.540) bounded=true
tick=14010 phase=following reason=obstacle_cleared wp=3 dist_wp=21.76 bearing_deg=-47.84 speed=0.000 pos=(-120.427,3.646,21.540) bounded=true
tick=14040 phase=following reason=obstacle_cleared wp=3 dist_wp=21.76 bearing_deg=-47.84 speed=0.000 pos=(-120.427,3.646,21.540) bounded=true
tick=14070 phase=following reason=obstacle_cleared wp=3 dist_wp=21.76 bearing_deg=-47.84 speed=0.000 pos=(-120.427,3.646,21.540) bounded=true
tick=14100 phase=following reason=obstacle_cleared wp=3 dist_wp=21.76 bearing_deg=-47.84 speed=0.000 pos=(-120.427,3.646,21.540) bounded=true
tick=14130 phase=following reason=obstacle_cleared wp=3 dist_wp=21.76 bearing_deg=-47.84 speed=0.000 pos=(-120.427,3.646,21.540) bounded=true
tick=14160 phase=following reason=obstacle_cleared wp=3 dist_wp=21.76 bearing_deg=-47.84 speed=0.000 pos=(-120.427,3.646,21.540) bounded=true
tick=14190 phase=following reason=obstacle_cleared wp=3 dist_wp=21.76 bearing_deg=-47.84 speed=0.000 pos=(-120.427,3.646,21.540) bounded=true
tick=14220 phase=following reason=obstacle_cleared wp=3 dist_wp=21.76 bearing_deg=-47.84 speed=0.000 pos=(-120.427,3.646,21.540) bounded=true
tick=14250 phase=following reason=obstacle_cleared wp=3 dist_wp=21.76 bearing_deg=-47.84 speed=0.000 pos=(-120.427,3.646,21.540) bounded=true
tick=14280 phase=following reason=obstacle_cleared wp=3 dist_wp=21.76 bearing_deg=-47.84 speed=0.000 pos=(-120.427,3.646,21.540) bounded=true
tick=14310 phase=following reason=obstacle_cleared wp=3 dist_wp=21.76 bearing_deg=-47.84 speed=0.000 pos=(-120.427,3.646,21.540) bounded=true
tick=14340 phase=following reason=obstacle_cleared wp=3 dist_wp=21.76 bearing_deg=-47.84 speed=0.000 pos=(-120.427,3.646,21.540) bounded=true
tick=14370 phase=following reason=obstacle_cleared wp=3 dist_wp=21.76 bearing_deg=-47.84 speed=0.000 pos=(-120.427,3.646,21.540) bounded=true
tick=14400 phase=following reason=obstacle_cleared wp=3 dist_wp=21.76 bearing_deg=-47.84 speed=0.000 pos=(-120.427,3.646,21.540) bounded=true
tick=14430 phase=following reason=obstacle_cleared wp=3 dist_wp=21.76 bearing_deg=-47.84 speed=0.000 pos=(-120.427,3.646,21.540) bounded=true
tick=14460 phase=following reason=obstacle_cleared wp=3 dist_wp=21.76 bearing_deg=-47.84 speed=0.000 pos=(-120.427,3.646,21.540) bounded=true
tick=14490 phase=following reason=obstacle_cleared wp=3 dist_wp=21.76 bearing_deg=-47.84 speed=0.000 pos=(-120.427,3.646,21.540) bounded=true
tick=14520 phase=following reason=obstacle_cleared wp=3 dist_wp=21.76 bearing_deg=-47.84 speed=0.000 pos=(-120.427,3.646,21.540) bounded=true
tick=14550 phase=following reason=obstacle_cleared wp=3 dist_wp=21.76 bearing_deg=-47.84 speed=0.000 pos=(-120.427,3.646,21.540) bounded=true
tick=14580 phase=following reason=obstacle_cleared wp=3 dist_wp=21.76 bearing_deg=-47.84 speed=0.000 pos=(-120.427,3.646,21.540) bounded=true
tick=14610 phase=following reason=obstacle_cleared wp=3 dist_wp=21.76 bearing_deg=-47.84 speed=0.000 pos=(-120.427,3.646,21.540) bounded=true
tick=14640 phase=following reason=obstacle_cleared wp=3 dist_wp=21.76 bearing_deg=-47.84 speed=0.000 pos=(-120.427,3.646,21.540) bounded=true
tick=14670 phase=following reason=obstacle_cleared wp=3 dist_wp=21.76 bearing_deg=-47.84 speed=0.000 pos=(-120.427,3.646,21.540) bounded=true
tick=14700 phase=following reason=obstacle_cleared wp=3 dist_wp=21.76 bearing_deg=-47.84 speed=0.000 pos=(-120.427,3.646,21.540) bounded=true
tick=14730 phase=following reason=obstacle_cleared wp=3 dist_wp=21.76 bearing_deg=-47.84 speed=0.000 pos=(-120.427,3.646,21.540) bounded=true
tick=14760 phase=following reason=obstacle_cleared wp=3 dist_wp=21.76 bearing_deg=-47.84 speed=0.000 pos=(-120.427,3.646,21.540) bounded=true
tick=14790 phase=following reason=obstacle_cleared wp=3 dist_wp=21.76 bearing_deg=-47.84 speed=0.000 pos=(-120.427,3.646,21.540) bounded=true
tick=14820 phase=following reason=obstacle_cleared wp=3 dist_wp=21.76 bearing_deg=-47.84 speed=0.000 pos=(-120.427,3.646,21.540) bounded=true
tick=14850 phase=following reason=obstacle_cleared wp=3 dist_wp=21.76 bearing_deg=-47.84 speed=0.000 pos=(-120.427,3.646,21.540) bounded=true
tick=14880 phase=following reason=obstacle_cleared wp=3 dist_wp=21.76 bearing_deg=-47.84 speed=0.000 pos=(-120.427,3.646,21.540) bounded=true
tick=14910 phase=following reason=obstacle_cleared wp=3 dist_wp=21.76 bearing_deg=-47.84 speed=0.000 pos=(-120.427,3.646,21.540) bounded=true
tick=14940 phase=following reason=obstacle_cleared wp=3 dist_wp=21.76 bearing_deg=-47.84 speed=0.000 pos=(-120.427,3.646,21.540) bounded=true
tick=14970 phase=following reason=obstacle_cleared wp=3 dist_wp=21.76 bearing_deg=-47.84 speed=0.000 pos=(-120.427,3.646,21.540) bounded=true
