tick=0 phase=following reason=path_ready wp=1 dist_wp=13.42 bearing_deg=26.57 speed=0.000 pos=(-27.000,0.027,116.000) bounded=true
tick=30 phase=following reason=path_ready wp=1 dist_wp=13.28 bearing_deg=7.38 speed=1.621 pos=(-27.041,0.051,115.865) bounded=true
tick=60 phase=following reason=path_ready wp=1 dist_wp=12.61 bearing_deg=2.14 speed=3.306 pos=(-27.302,0.050,115.253) bounded=true
tick=90 phase=following reason=path_ready wp=1 dist_wp=11.46 bearing_deg=1.06 speed=4.832 pos=(-27.803,0.040,114.216) bounded=true
tick=120 phase=following reason=path_ready wp=1 dist_wp=9.86 bearing_deg=0.97 speed=6.099 pos=(-28.513,0.029,112.776) bounded=true
tick=150 phase=following reason=path_ready wp=1 dist_wp=8.01 bearing_deg=0.79 speed=6.385 pos=(-29.331,0.002,111.125) bounded=true
tick=180 phase=following reason=path_ready wp=1 dist_wp=6.34 bearing_deg=0.81 speed=5.539 pos=(-30.079,0.023,109.629) bounded=true
tick=210 phase=following reason=path_ready wp=1 dist_wp=4.91 bearing_deg=0.79 speed=4.693 pos=(-30.724,0.024,108.347) bounded=true
tick=240 phase=following reason=path_ready wp=1 dist_wp=3.71 bearing_deg=0.78 speed=3.847 pos=(-31.267,0.024,107.281) bounded=true
tick=270 phase=following reason=path_ready wp=1 dist_wp=2.75 bearing_deg=0.83 speed=3.000 pos=(-31.705,0.024,106.428) bounded=true
tick=300 phase=following reason=path_ready wp=1 dist_wp=2.03 bearing_deg=0.87 speed=2.152 pos=(-32.036,0.024,105.788) bounded=true
tick=330 phase=following reason=path_ready wp=1 dist_wp=1.55 bearing_deg=0.97 speed=1.301 pos=(-32.260,0.024,105.362) bounded=true
tick=360 phase=following reason=path_ready wp=1 dist_wp=1.31 bearing_deg=1.06 speed=0.442 pos=(-32.372,0.024,105.148) bounded=true
tick=390 phase=following reason=path_ready wp=2 dist_wp=20.70 bearing_deg=43.26 speed=0.000 pos=(-32.382,0.009,105.130) bounded=true
tick=420 phase=following reason=path_ready wp=2 dist_wp=20.67 bearing_deg=11.44 speed=0.725 pos=(-32.409,0.022,105.130) bounded=true
tick=450 phase=following reason=path_ready wp=2 dist_wp=20.17 bearing_deg=2.89 speed=2.461 pos=(-32.909,0.036,105.203) bounded=true
tick=480 phase=following reason=path_ready wp=2 dist_wp=19.16 bearing_deg=1.01 speed=4.074 pos=(-33.891,0.037,105.418) bounded=true
tick=510 phase=following reason=path_ready wp=2 dist_wp=17.70 bearing_deg=1.15 speed=6.041 pos=(-35.320,0.051,105.750) bounded=true
tick=540 phase=following reason=path_ready wp=2 dist_wp=15.85 bearing_deg=1.06 speed=7.356 pos=(-37.118,0.042,106.170) bounded=true
tick=570 phase=following reason=path_ready wp=2 dist_wp=13.64 bearing_deg=0.84 speed=8.000 pos=(-39.274,0.015,106.677) bounded=true
tick=600 phase=following reason=path_ready wp=2 dist_wp=11.39 bearing_deg=0.79 speed=7.818 pos=(-41.456,0.005,107.197) bounded=true
tick=630 phase=following reason=path_ready wp=2 dist_wp=9.32 bearing_deg=0.79 speed=6.973 pos=(-43.474,0.022,107.682) bounded=true
tick=660 phase=following reason=path_ready wp=2 dist_wp=7.48 bearing_deg=0.79 speed=6.128 pos=(-45.260,0.024,108.117) bounded=true
tick=690 phase=following reason=path_ready wp=2 dist_wp=5.88 bearing_deg=0.79 speed=5.282 pos=(-46.814,0.024,108.501) bounded=true
tick=720 phase=following reason=path_ready wp=2 dist_wp=4.52 bearing_deg=0.78 speed=4.436 pos=(-48.135,0.024,108.833) bounded=true
tick=750 phase=following reason=path_ready wp=2 dist_wp=3.39 bearing_deg=0.81 speed=3.590 pos=(-49.225,0.024,109.110) bounded=true
tick=780 phase=following reason=path_ready wp=2 dist_wp=2.51 bearing_deg=0.83 speed=2.742 pos=(-50.083,0.024,109.333) bounded=true
tick=810 phase=following reason=path_ready wp=2 dist_wp=1.86 bearing_deg=0.89 speed=1.893 pos=(-50.709,0.024,109.498) bounded=true
tick=840 phase=following reason=path_ready wp=2 dist_wp=1.45 bearing_deg=1.01 speed=1.042 pos=(-51.104,0.024,109.603) bounded=true
tick=870 phase=following reason=path_ready wp=3 dist_wp=21.67 bearing_deg=1.47 speed=0.775 pos=(-51.282,0.010,109.652) bounded=true
tick=900 phase=following reason=path_ready wp=3 dist_wp=21.16 bearing_deg=0.97 speed=2.522 pos=(-51.775,0.035,109.794) bounded=true
tick=930 phase=following reason=path_ready wp=3 dist_wp=20.14 bearing_deg=0.96 speed=4.146 pos=(-52.751,0.035,110.080) bounded=true
tick=960 phase=following reason=path_ready wp=3 dist_wp=18.66 bearing_deg=1.13 speed=6.037 pos=(-54.173,0.049,110.497) bounded=true
tick=990 phase=following reason=path_ready wp=3 dist_wp=16.80 bearing_deg=1.06 speed=7.404 pos=(-55.956,0.042,111.022) bounded=true
tick=1020 phase=following reason=path_ready wp=3 dist_wp=14.58 bearing_deg=0.83 speed=8.000 pos=(-58.084,0.013,111.652) bounded=true
tick=1050 phase=following reason=path_ready wp=3 dist_wp=12.33 bearing_deg=0.80 speed=8.000 pos=(-60.240,0.001,112.296) bounded=true
tick=1080 phase=following reason=path_ready wp=3 dist_wp=10.16 bearing_deg=0.81 speed=7.327 pos=(-62.318,0.020,112.922) bounded=true
tick=1110 phase=following reason=path_ready wp=3 dist_wp=8.22 bearing_deg=0.81 speed=6.482 pos=(-64.172,0.023,113.486) bounded=true
tick=1140 phase=following reason=path_ready wp=3 dist_wp=6.52 bearing_deg=0.81 speed=5.636 pos=(-65.797,0.024,113.986) bounded=true
tick=1170 phase=following reason=path_ready wp=3 dist_wp=5.06 bearing_deg=0.79 speed=4.790 pos=(-67.193,0.024,114.421) bounded=true
tick=1200 phase=following reason=path_ready wp=3 dist_wp=3.84 bearing_deg=0.78 speed=3.944 pos=(-68.360,0.024,114.789) bounded=true
tick=1230 phase=following reason=path_ready wp=3 dist_wp=2.85 bearing_deg=0.82 speed=3.097 pos=(-69.300,0.024,115.089) bounded=true
tick=1260 phase=following reason=path_ready wp=3 dist_wp=2.10 bearing_deg=0.87 speed=2.249 pos=(-70.011,0.024,115.320) bounded=true
tick=1290 phase=following reason=path_ready wp=3 dist_wp=1.59 bearing_deg=0.97 speed=1.399 pos=(-70.495,0.024,115.479) bounded=true
tick=1320 phase=following reason=path_ready wp=3 dist_wp=1.32 bearing_deg=1.07 speed=0.542 pos=(-70.750,0.024,115.564) bounded=true
tick=1350 phase=following reason=path_ready wp=4 dist_wp=18.07 bearing_deg=-32.81 speed=0.000 pos=(-70.785,0.011,115.575) bounded=true
tick=1380 phase=following reason=path_ready wp=4 dist_wp=17.94 bearing_deg=-7.72 speed=1.604 pos=(-70.895,0.051,115.503) bounded=true
tick=1410 phase=following reason=path_ready wp=4 dist_wp=17.26 bearing_deg=-2.20 speed=3.412 pos=(-71.420,0.053,115.072) bounded=true
tick=1440 phase=following reason=path_ready wp=4 dist_wp=16.08 bearing_deg=-1.10 speed=5.057 pos=(-72.298,0.046,114.278) bounded=true
tick=1470 phase=following reason=path_ready wp=4 dist_wp=14.41 bearing_deg=-0.97 speed=6.527 pos=(-73.525,0.034,113.152) bounded=true
tick=1500 phase=following reason=path_ready wp=4 dist_wp=12.32 bearing_deg=-1.06 speed=8.000 pos=(-75.064,0.039,111.734) bounded=true
tick=1530 phase=following reason=path_ready wp=4 dist_wp=10.15 bearing_deg=-0.80 speed=7.324 pos=(-76.656,0.017,110.259) bounded=true
tick=1560 phase=following reason=path_ready wp=4 dist_wp=8.22 bearing_deg=-0.80 speed=6.479 pos=(-78.074,0.023,108.940) bounded=true
tick=1590 phase=following reason=path_ready wp=4 dist_wp=6.52 bearing_deg=-0.80 speed=5.633 pos=(-79.314,0.024,107.778) bounded=true
tick=1620 phase=following reason=path_ready wp=4 dist_wp=5.06 bearing_deg=-0.78 speed=4.788 pos=(-80.377,0.024,106.775) bounded=true
tick=1650 phase=following reason=path_ready wp=4 dist_wp=3.83 bearing_deg=-0.81 speed=3.941 pos=(-81.264,0.024,105.933) bounded=true
tick=1680 phase=following reason=path_ready wp=4 dist_wp=2.85 bearing_deg=-0.82 speed=3.094 pos=(-81.975,0.024,105.251) bounded=true
tick=1710 phase=following reason=path_ready wp=4 dist_wp=2.10 bearing_deg=-0.86 speed=2.246 pos=(-82.513,0.024,104.732) bounded=true
tick=1740 phase=following reason=path_ready wp=4 dist_wp=1.59 bearing_deg=-0.96 speed=1.396 pos=(-82.877,0.024,104.378) bounded=true
tick=1770 phase=following reason=path_ready wp=4 dist_wp=1.32 bearing_deg=-1.06 speed=0.539 pos=(-83.069,0.024,104.190) bounded=true
tick=1800 phase=following reason=path_ready wp=5 dist_wp=18.49 bearing_deg=-1.13 speed=2.141 pos=(-83.307,0.050,103.948) bounded=true
tick=1830 phase=following reason=path_ready wp=5 dist_wp=17.62 bearing_deg=-1.26 speed=4.082 pos=(-83.914,0.059,103.322) bounded=true
tick=1860 phase=following reason=path_ready wp=5 dist_wp=16.24 bearing_deg=-1.25 speed=5.994 pos=(-84.873,0.058,102.331) bounded=true
tick=1890 phase=following reason=path_ready wp=5 dist_wp=14.40 bearing_deg=-1.11 speed=7.351 pos=(-86.149,0.045,101.009) bounded=true
tick=1920 phase=following reason=path_ready wp=5 dist_wp=12.19 bearing_deg=-0.84 speed=8.000 pos=(-87.686,0.014,99.410) bounded=true
tick=1950 phase=following reason=path_ready wp=5 dist_wp=10.03 bearing_deg=-0.81 speed=7.273 pos=(-89.178,0.020,97.850) bounded=true
tick=1980 phase=following reason=path_ready wp=5 dist_wp=8.11 bearing_deg=-0.81 speed=6.428 pos=(-90.503,0.023,96.457) bounded=true
tick=2010 phase=following reason=path_ready wp=5 dist_wp=6.42 bearing_deg=-0.81 speed=5.582 pos=(-91.661,0.024,95.233) bounded=true
tick=2040 phase=following reason=path_ready wp=5 dist_wp=4.97 bearing_deg=-0.79 speed=4.736 pos=(-92.651,0.024,94.179) bounded=true
tick=2070 phase=following reason=path_ready wp=5 dist_wp=3.77 bearing_deg=-0.78 speed=3.890 pos=(-93.476,0.024,93.294) bounded=true
tick=2100 phase=following reason=path_ready wp=5 dist_wp=2.79 bearing_deg=-0.83 speed=3.043 pos=(-94.135,0.024,92.582) bounded=true
tick=2130 phase=following reason=path_ready wp=5 dist_wp=2.06 bearing_deg=-0.87 speed=2.195 pos=(-94.630,0.024,92.042) bounded=true
tick=2160 phase=following reason=path_ready wp=5 dist_wp=1.57 bearing_deg=-0.97 speed=1.344 pos=(-94.963,0.024,91.677) bounded=true
tick=2190 phase=following reason=path_ready wp=5 dist_wp=1.32 bearing_deg=-1.07 speed=0.487 pos=(-95.133,0.024,91.488) bounded=true
tick=2220 phase=following reason=path_ready wp=6 dist_wp=18.45 bearing_deg=1.09 speed=2.172 pos=(-95.383,0.047,91.213) bounded=true
tick=2250 phase=following reason=path_ready wp=6 dist_wp=17.54 bearing_deg=1.20 speed=4.110 pos=(-95.997,0.055,90.541) bounded=true
tick=2280 phase=following reason=path_ready wp=6 dist_wp=16.12 bearing_deg=1.25 speed=6.081 pos=(-96.954,0.058,89.494) bounded=true
tick=2310 phase=following reason=path_ready wp=6 dist_wp=14.26 bearing_deg=1.13 speed=7.474 pos=(-98.213,0.046,88.120) bounded=true
tick=2340 phase=following reason=path_ready wp=6 dist_wp=12.03 bearing_deg=0.83 speed=8.000 pos=(-99.722,0.012,86.480) bounded=true
tick=2370 phase=following reason=path_ready wp=6 dist_wp=9.89 bearing_deg=0.81 speed=7.214 pos=(-101.178,0.021,84.906) bounded=true
tick=2400 phase=following reason=path_ready wp=6 dist_wp=7.98 bearing_deg=0.81 speed=6.369 pos=(-102.476,0.023,83.510) bounded=true
tick=2430 phase=following reason=path_ready wp=6 dist_wp=6.31 bearing_deg=0.81 speed=5.524 pos=(-103.616,0.024,82.292) bounded=true
tick=2460 phase=following reason=path_ready wp=6 dist_wp=4.88 bearing_deg=0.79 speed=4.678 pos=(-104.596,0.024,81.251) bounded=true
tick=2490 phase=following reason=path_ready wp=6 dist_wp=3.69 bearing_deg=0.78 speed=3.831 pos=(-105.417,0.024,80.386) bounded=true
tick=2520 phase=following reason=path_ready wp=6 dist_wp=2.74 bearing_deg=0.80 speed=2.984 pos=(-106.077,0.024,79.697) bounded=true
tick=2550 phase=following reason=path_ready wp=6 dist_wp=2.02 bearing_deg=0.88 speed=2.136 pos=(-106.574,0.024,79.182) bounded=true
tick=2580 phase=following reason=path_ready wp=6 dist_wp=1.54 bearing_deg=0.98 speed=1.285 pos=(-106.907,0.024,78.839) bounded=true
tick=2610 phase=following reason=path_ready wp=6 dist_wp=1.31 bearing_deg=1.06 speed=0.426 pos=(-107.073,0.024,78.670) bounded=true
tick=2640 phase=following reason=path_ready wp=7 dist_wp=18.41 bearing_deg=-1.04 speed=2.195 pos=(-107.355,0.043,78.380) bounded=true
tick=2670 phase=following reason=path_ready wp=7 dist_wp=17.46 bearing_deg=-1.13 speed=4.130 pos=(-108.014,0.050,77.701) bounded=true
tick=2700 phase=following reason=path_ready wp=7 dist_wp=16.01 bearing_deg=-1.22 speed=6.097 pos=(-109.026,0.056,76.657) bounded=true
tick=2730 phase=following reason=path_ready wp=7 dist_wp=14.12 bearing_deg=-1.13 speed=7.589 pos=(-110.339,0.047,75.297) bounded=true
tick=2760 phase=following reason=path_ready wp=7 dist_wp=11.88 bearing_deg=-0.82 speed=8.000 pos=(-111.891,0.010,73.685) bounded=true
tick=2790 phase=following reason=path_ready wp=7 dist_wp=9.75 bearing_deg=-0.81 speed=7.159 pos=(-113.362,0.021,72.148) bounded=true
tick=2820 phase=following reason=path_ready wp=7 dist_wp=7.86 bearing_deg=-0.81 speed=6.313 pos=(-114.666,0.023,70.778) bounded=true
tick=2850 phase=following reason=path_ready wp=7 dist_wp=6.21 bearing_deg=-0.81 speed=5.468 pos=(-115.801,0.024,69.578) bounded=true
tick=2880 phase=following reason=path_ready wp=7 dist_wp=4.80 bearing_deg=-0.79 speed=4.622 pos=(-116.770,0.024,68.547) bounded=true
tick=2910 phase=following reason=path_ready wp=7 dist_wp=3.62 bearing_deg=-0.78 speed=3.776 pos=(-117.573,0.024,67.686) bounded=true
tick=2940 phase=following reason=path_ready wp=7 dist_wp=2.68 bearing_deg=-0.80 speed=2.928 pos=(-118.210,0.024,66.997) bounded=true
tick=2970 phase=following reason=path_ready wp=7 dist_wp=1.98 bearing_deg=-0.89 speed=2.080 pos=(-118.684,0.024,66.481) bounded=true
tick=3000 phase=following reason=path_ready wp=7 dist_wp=1.52 bearing_deg=-0.98 speed=1.229 pos=(-118.994,0.024,66.140) bounded=true
tick=3030 phase=following reason=path_ready wp=7 dist_wp=1.30 bearing_deg=-1.09 speed=0.369 pos=(-119.143,0.024,65.976) bounded=true
tick=3060 phase=following reason=path_ready wp=1 dist_wp=22.61 bearing_deg=-11.11 speed=0.880 pos=(-119.161,0.021,65.927) bounded=true
tick=3090 phase=following reason=path_ready wp=1 dist_wp=22.06 bearing_deg=-2.84 speed=2.816 pos=(-119.232,0.044,65.379) bounded=true
tick=3120 phase=following reason=path_ready wp=1 dist_wp=20.97 bearing_deg=-0.96 speed=4.600 pos=(-119.297,0.039,64.290) bounded=true
tick=3150 phase=following reason=path_ready wp=1 dist_wp=19.38 bearing_deg=-0.90 speed=6.179 pos=(-119.371,0.035,62.705) bounded=true
tick=3180 phase=following reason=path_ready wp=1 dist_wp=17.36 bearing_deg=-1.00 speed=8.000 pos=(-119.463,0.047,60.686) bounded=true
tick=3210 phase=following reason=path_ready wp=1 dist_wp=15.11 bearing_deg=-0.80 speed=8.000 pos=(-119.562,0.005,58.439) bounded=true
tick=3240 phase=following reason=path_ready wp=1 dist_wp=12.86 bearing_deg=-0.82 speed=8.000 pos=(-119.655,0.001,56.191) bounded=true
tick=3270 phase=following reason=path_ready wp=1 dist_wp=10.65 bearing_deg=-0.87 speed=7.527 pos=(-119.742,0.016,53.983) bounded=true
tick=3300 phase=following reason=path_ready wp=1 dist_wp=8.66 bearing_deg=-0.91 speed=6.682 pos=(-119.815,0.023,51.990) bounded=true
tick=3330 phase=following reason=path_ready wp=1 dist_wp=6.90 bearing_deg=-0.88 speed=5.836 pos=(-119.874,0.003,50.235) bounded=true
tick=3360 phase=following reason=path_ready wp=1 dist_wp=5.38 bearing_deg=-0.84 speed=4.990 pos=(-119.920,0.025,48.716) bounded=true
tick=3390 phase=following reason=path_ready wp=1 dist_wp=4.10 bearing_deg=-1.10 speed=4.141 pos=(-119.954,0.056,47.433) bounded=true
tick=3420 phase=following reason=path_ready wp=1 dist_wp=3.05 bearing_deg=-2.54 speed=3.291 pos=(-119.974,0.107,46.387) bounded=true
tick=3450 phase=following reason=path_ready wp=1 dist_wp=2.25 bearing_deg=-3.45 speed=2.435 pos=(-119.988,0.121,45.578) bounded=true
tick=3480 phase=following reason=path_ready wp=1 dist_wp=1.68 bearing_deg=-4.04 speed=1.572 pos=(-119.997,0.120,45.010) bounded=true
tick=3510 phase=following reason=path_ready wp=1 dist_wp=1.36 bearing_deg=-4.85 speed=0.694 pos=(-120.001,0.126,44.687) bounded=true
tick=3540 phase=following reason=path_ready wp=2 dist_wp=23.00 bearing_deg=-5.49 speed=1.968 pos=(-120.003,0.236,44.421) bounded=true
tick=3570 phase=following reason=path_ready wp=2 dist_wp=22.27 bearing_deg=-5.14 speed=3.635 pos=(-120.012,0.278,43.680) bounded=true
tick=3600 phase=following reason=path_ready wp=2 dist_wp=21.06 bearing_deg=-5.41 speed=5.112 pos=(-120.026,0.294,42.460) bounded=true
tick=3630 phase=following reason=path_ready wp=2 dist_wp=19.41 bearing_deg=-5.37 speed=6.290 pos=(-120.046,0.356,40.799) bounded=true
tick=3660 phase=following reason=path_ready wp=2 dist_wp=17.40 bearing_deg=-4.41 speed=7.708 pos=(-120.081,0.541,38.795) bounded=true
tick=3690 phase=following reason=path_ready wp=2 dist_wp=15.15 bearing_deg=-5.09 speed=8.000 pos=(-120.161,0.801,36.547) bounded=true
tick=3720 phase=following reason=obstacle_cleared wp=2 dist_wp=12.90 bearing_deg=-7.22 speed=8.000 pos=(-120.316,1.120,34.321) bounded=true
tick=3750 phase=following reason=obstacle_cleared wp=2 dist_wp=10.73 bearing_deg=-11.13 speed=7.470 pos=(-120.558,1.496,32.165) bounded=true
tick=3780 phase=following reason=obstacle_cleared wp=2 dist_wp=8.78 bearing_deg=-15.91 speed=6.655 pos=(-120.862,1.847,30.226) bounded=true
tick=3810 phase=following reason=obstacle_cleared wp=2 dist_wp=7.19 bearing_deg=-20.00 speed=4.645 pos=(-121.159,2.181,28.619) bounded=true
tick=3840 phase=following reason=obstacle_cleared wp=2 dist_wp=6.30 bearing_deg=-18.15 speed=1.952 pos=(-121.292,2.363,27.706) bounded=true
tick=3870 phase=following reason=obstacle_cleared wp=2 dist_wp=5.72 bearing_deg=-13.66 speed=2.421 pos=(-121.312,2.404,27.098) bounded=true
tick=3900 phase=following reason=obstacle_cleared wp=2 dist_wp=4.93 bearing_deg=-10.19 speed=3.000 pos=(-121.273,2.581,26.309) bounded=true
tick=3930 phase=following reason=obstacle_cleared wp=2 dist_wp=4.00 bearing_deg=-6.45 speed=3.334 pos=(-121.145,2.770,25.405) bounded=true
tick=3960 phase=following reason=obstacle_cleared wp=2 dist_wp=3.02 bearing_deg=1.61 speed=3.195 pos=(-120.902,3.003,24.477) bounded=true
tick=3990 phase=following reason=obstacle_cleared wp=2 dist_wp=2.21 bearing_deg=11.19 speed=2.329 pos=(-120.593,3.181,23.746) bounded=true
tick=4020 phase=following reason=obstacle_cleared wp=2 dist_wp=1.65 bearing_deg=18.13 speed=1.284 pos=(-120.334,3.303,23.254) bounded=true
tick=4050 phase=following reason=obstacle_cleared wp=3 dist_wp=23.39 bearing_deg=18.32 speed=0.000 pos=(-120.288,3.326,23.151) bounded=true
tick=4080 phase=following reason=obstacle_cleared wp=3 dist_wp=23.10 bearing_deg=5.81 speed=1.780 pos=(-120.243,3.379,22.858) bounded=true
tick=4110 phase=following reason=obstacle_cleared wp=3 dist_wp=22.48 bearing_deg=-13.38 speed=2.668 pos=(-120.286,3.482,22.247) bounded=true
tick=4140 phase=following reason=obstacle_cleared wp=3 dist_wp=21.73 bearing_deg=-24.51 speed=1.647 pos=(-120.509,3.674,21.519) bounded=true
tick=4170 phase=following reason=obstacle_cleared wp=3 dist_wp=21.55 bearing_deg=-25.72 speed=0.000 pos=(-120.558,3.714,21.340) bounded=true
tick=4200 phase=following reason=obstacle_cleared wp=3 dist_wp=21.51 bearing_deg=-28.82 speed=0.000 pos=(-120.548,3.690,21.299) bounded=true
tick=4230 phase=following reason=obstacle_cleared wp=3 dist_wp=21.47 bearing_deg=-33.70 speed=0.000 pos=(-120.539,3.697,21.261) bounded=true
tick=4260 phase=following reason=obstacle_cleared wp=3 dist_wp=21.45 bearing_deg=-38.69 speed=0.000 pos=(-120.533,3.703,21.237) bounded=true
tick=4290 phase=following reason=obstacle_cleared wp=3 dist_wp=21.43 bearing_deg=-42.62 speed=0.000 pos=(-120.528,3.706,21.212) bounded=true
tick=4320 phase=following reason=obstacle_cleared wp=3 dist_wp=21.42 bearing_deg=-44.82 speed=0.000 pos=(-120.525,3.710,21.203) bounded=true
tick=4350 phase=following reason=obstacle_cleared wp=3 dist_wp=21.42 bearing_deg=-45.87 speed=0.000 pos=(-120.525,3.711,21.203) bounded=true
tick=4380 phase=following reason=obstacle_cleared wp=3 dist_wp=21.42 bearing_deg=-46.42 speed=0.000 pos=(-120.525,3.711,21.203) bounded=true
tick=4410 phase=following reason=obstacle_cleared wp=3 dist_wp=21.42 bearing_deg=-46.69 speed=0.000 pos=(-120.525,3.710,21.203) bounded=true
tick=4440 phase=following reason=obstacle_cleared wp=3 dist_wp=21.42 bearing_deg=-46.83 speed=0.000 pos=(-120.526,3.710,21.203) bounded=true
tick=4470 phase=following reason=obstacle_cleared wp=3 dist_wp=21.42 bearing_deg=-46.90 speed=0.000 pos=(-120.526,3.710,21.203) bounded=true
tick=4500 phase=following reason=obstacle_cleared wp=3 dist_wp=21.42 bearing_deg=-46.93 speed=0.000 pos=(-120.526,3.710,21.203) bounded=true
tick=4530 phase=following reason=obstacle_cleared wp=3 dist_wp=21.42 bearing_deg=-46.95 speed=0.000 pos=(-120.526,3.710,21.203) bounded=true
tick=4560 phase=following reason=obstacle_cleared wp=3 dist_wp=21.42 bearing_deg=-46.96 speed=0.000 pos=(-120.526,3.711,21.203) bounded=true
tick=4590 phase=following reason=obstacle_cleared wp=3 dist_wp=21.41 bearing_deg=-46.96 speed=0.000 pos=(-120.525,3.711,21.201) bounded=true
tick=4620 phase=following reason=obstacle_cleared wp=3 dist_wp=21.41 bearing_deg=-46.96 speed=0.000 pos=(-120.525,3.711,21.201) bounded=true
tick=4650 phase=following reason=obstacle_cleared wp=3 dist_wp=21.41 bearing_deg=-46.96 speed=0.000 pos=(-120.526,3.711,21.201) bounded=true
tick=4680 phase=following reason=obstacle_cleared wp=3 dist_wp=21.41 bearing_deg=-46.96 speed=0.000 pos=(-120.526,3.711,21.201) bounded=true
tick=4710 phase=following reason=obstacle_cleared wp=3 dist_wp=21.41 bearing_deg=-46.96 speed=0.000 pos=(-120.526,3.711,21.201) bounded=true
tick=4740 phase=following reason=obstacle_cleared wp=3 dist_wp=21.41 bearing_deg=-46.96 speed=0.000 pos=(-120.526,3.711,21.201) bounded=true
tick=4770 phase=following reason=obstacle_cleared wp=3 dist_wp=21.41 bearing_deg=-46.96 speed=0.000 pos=(-120.526,3.711,21.201) bounded=true
tick=4800 phase=following reason=obstacle_cleared wp=3 dist_wp=21.41 bearing_deg=-46.96 speed=0.000 pos=(-120.526,3.711,21.201) bounded=true
tick=4830 phase=following reason=obstacle_cleared wp=3 dist_wp=21.41 bearing_deg=-46.96 speed=0.000 pos=(-120.526,3.711,21.201) bounded=true
tick=4860 phase=following reason=obstacle_cleared wp=3 dist_wp=21.41 bearing_deg=-46.96 speed=0.000 pos=(-120.526,3.711,21.201) bounded=true
tick=4890 phase=following reason=obstacle_cleared wp=3 dist_wp=21.41 bearing_deg=-46.96 speed=0.000 pos=(-120.526,3.711,21.201) bounded=true
tick=4920 phase=following reason=obstacle_cleared wp=3 dist_wp=21.41 bearing_deg=-46.96 speed=0.000 pos=(-120.526,3.711,21.201) bounded=true
tick=4950 phase=following reason=obstacle_cleared wp=3 dist_wp=21.41 bearing_deg=-46.96 speed=0.000 pos=(-120.526,3.711,21.202) bounded=true
tick=4980 phase=following reason=obstacle_cleared wp=3 dist_wp=21.41 bearing_deg=-46.97 speed=0.000 pos=(-120.527,3.711,21.201) bounded=true
tick=5010 phase=following reason=obstacle_cleared wp=3 dist_wp=21.41 bearing_deg=-46.97 speed=0.000 pos=(-120.527,3.711,21.202) bounded=true
tick=5040 phase=following reason=obstacle_cleared wp=3 dist_wp=21.41 bearing_deg=-46.97 speed=0.000 pos=(-120.527,3.711,21.201) bounded=true
tick=5070 phase=following reason=obstacle_cleared wp=3 dist_wp=21.41 bearing_deg=-46.97 speed=0.000 pos=(-120.527,3.711,21.201) bounded=true
tick=5100 phase=following reason=obstacle_cleared wp=3 dist_wp=21.41 bearing_deg=-46.97 speed=0.000 pos=(-120.527,3.711,21.201) bounded=true
tick=5130 phase=following reason=obstacle_cleared wp=3 dist_wp=21.41 bearing_deg=-46.97 speed=0.000 pos=(-120.527,3.711,21.201) bounded=true
tick=5160 phase=following reason=obstacle_cleared wp=3 dist_wp=21.41 bearing_deg=-46.97 speed=0.000 pos=(-120.527,3.711,21.201) bounded=true
tick=5190 phase=following reason=obstacle_cleared wp=3 dist_wp=21.41 bearing_deg=-46.97 speed=0.000 pos=(-120.527,3.711,21.201) bounded=true
tick=5220 phase=following reason=obstacle_cleared wp=3 dist_wp=21.41 bearing_deg=-46.97 speed=0.000 pos=(-120.527,3.711,21.201) bounded=true
tick=5250 phase=following reason=obstacle_cleared wp=3 dist_wp=21.41 bearing_deg=-46.97 speed=0.000 pos=(-120.527,3.711,21.201) bounded=true
tick=5280 phase=following reason=obstacle_cleared wp=3 dist_wp=21.41 bearing_deg=-46.97 speed=0.000 pos=(-120.527,3.711,21.201) bounded=true
tick=5310 phase=following reason=obstacle_cleared wp=3 dist_wp=21.41 bearing_deg=-46.97 speed=0.000 pos=(-120.527,3.711,21.201) bounded=true
tick=5340 phase=following reason=obstacle_cleared wp=3 dist_wp=21.41 bearing_deg=-46.97 speed=0.000 pos=(-120.527,3.711,21.201) bounded=true
tick=5370 phase=following reason=obstacle_cleared wp=3 dist_wp=21.41 bearing_deg=-46.97 speed=0.000 pos=(-120.527,3.711,21.201) bounded=true
tick=5400 phase=following reason=obstacle_cleared wp=3 dist_wp=21.41 bearing_deg=-46.97 speed=0.000 pos=(-120.527,3.711,21.201) bounded=true
tick=5430 phase=following reason=obstacle_cleared wp=3 dist_wp=21.41 bearing_deg=-46.97 speed=0.000 pos=(-120.527,3.711,21.201) bounded=true
tick=5460 phase=following reason=obstacle_cleared wp=3 dist_wp=21.41 bearing_deg=-46.97 speed=0.000 pos=(-120.527,3.711,21.201) bounded=true
tick=5490 phase=following reason=obstacle_cleared wp=3 dist_wp=21.41 bearing_deg=-46.97 speed=0.000 pos=(-120.527,3.711,21.201) bounded=true
tick=5520 phase=following reason=obstacle_cleared wp=3 dist_wp=21.41 bearing_deg=-46.97 speed=0.000 pos=(-120.527,3.711,21.201) bounded=true
tick=5550 phase=following reason=obstacle_cleared wp=3 dist_wp=21.41 bearing_deg=-46.97 speed=0.000 pos=(-120.527,3.711,21.201) bounded=true
tick=5580 phase=following reason=obstacle_cleared wp=3 dist_wp=21.41 bearing_deg=-46.97 speed=0.000 pos=(-120.527,3.711,21.201) bounded=true
tick=5610 phase=following reason=obstacle_cleared wp=3 dist_wp=21.41 bearing_deg=-46.97 speed=0.000 pos=(-120.527,3.711,21.201) bounded=true
tick=5640 phase=following reason=obstacle_cleared wp=3 dist_wp=21.41 bearing_deg=-46.97 speed=0.000 pos=(-120.527,3.711,21.201) bounded=true
tick=5670 phase=following reason=obstacle_cleared wp=3 dist_wp=21.41 bearing_deg=-46.97 speed=0.000 pos=(-120.527,3.711,21.201) bounded=true
tick=5700 phase=following reason=obstacle_cleared wp=3 dist_wp=21.41 bearing_deg=-46.97 speed=0.000 pos=(-120.527,3.711,21.201) bounded=true
tick=5730 phase=following reason=obstacle_cleared wp=3 dist_wp=21.41 bearing_deg=-46.97 speed=0.000 pos=(-120.527,3.711,21.201) bounded=true
tick=5760 phase=following reason=obstacle_cleared wp=3 dist_wp=21.41 bearing_deg=-46.97 speed=0.000 pos=(-120.527,3.711,21.201) bounded=true
tick=5790 phase=following reason=obstacle_cleared wp=3 dist_wp=21.41 bearing_deg=-46.97 speed=0.000 pos=(-120.527,3.711,21.201) bounded=true
tick=5820 phase=following reason=obstacle_cleared wp=3 dist_wp=21.41 bearing_deg=-46.97 speed=0.000 pos=(-120.527,3.711,21.201) bounded=true
tick=5850 phase=following reason=obstacle_cleared wp=3 dist_wp=21.41 bearing_deg=-46.97 speed=0.000 pos=(-120.527,3.711,21.201) bounded=true
tick=5880 phase=following reason=obstacle_cleared wp=3 dist_wp=21.41 bearing_deg=-46.97 speed=0.000 pos=(-120.527,3.711,21.201) bounded=true
tick=5910 phase=following reason=obstacle_cleared wp=3 dist_wp=21.41 bearing_deg=-46.97 speed=0.000 pos=(-120.527,3.711,21.201) bounded=true
tick=5940 phase=following reason=obstacle_cleared wp=3 dist_wp=21.41 bearing_deg=-46.97 speed=0.000 pos=(-120.527,3.711,21.201) bounded=true
tick=5970 phase=following reason=obstacle_cleared wp=3 dist_wp=21.41 bearing_deg=-46.97 speed=0.000 pos=(-120.527,3.711,21.201) bounded=true
tick=6000 phase=following reason=obstacle_cleared wp=3 dist_wp=21.41 bearing_deg=-46.97 speed=0.000 pos=(-120.527,3.711,21.201) bounded=true
tick=6030 phase=following reason=obstacle_cleared wp=3 dist_wp=21.41 bearing_deg=-46.97 speed=0.000 pos=(-120.527,3.711,21.201) bounded=true
tick=6060 phase=following reason=obstacle_cleared wp=3 dist_wp=21.41 bearing_deg=-46.97 speed=0.000 pos=(-120.527,3.711,21.201) bounded=true
tick=6090 phase=following reason=obstacle_cleared wp=3 dist_wp=21.41 bearing_deg=-46.97 speed=0.000 pos=(-120.527,3.711,21.201) bounded=true
tick=6120 phase=following reason=obstacle_cleared wp=3 dist_wp=21.41 bearing_deg=-46.97 speed=0.000 pos=(-120.527,3.711,21.201) bounded=true
tick=6150 phase=following reason=obstacle_cleared wp=3 dist_wp=21.41 bearing_deg=-46.97 speed=0.000 pos=(-120.527,3.711,21.201) bounded=true
tick=6180 phase=following reason=obstacle_cleared wp=3 dist_wp=21.41 bearing_deg=-46.97 speed=0.000 pos=(-120.527,3.711,21.201) bounded=true
tick=6210 phase=following reason=obstacle_cleared wp=3 dist_wp=21.41 bearing_deg=-46.97 speed=0.000 pos=(-120.527,3.711,21.201) bounded=true
tick=6240 phase=following reason=obstacle_cleared wp=3 dist_wp=21.41 bearing_deg=-46.97 speed=0.000 pos=(-120.527,3.711,21.201) bounded=true
tick=6270 phase=following reason=obstacle_cleared wp=3 dist_wp=21.41 bearing_deg=-46.97 speed=0.000 pos=(-120.527,3.711,21.201) bounded=true
tick=6300 phase=following reason=obstacle_cleared wp=3 dist_wp=21.41 bearing_deg=-46.97 speed=0.000 pos=(-120.527,3.711,21.201) bounded=true
tick=6330 phase=following reason=obstacle_cleared wp=3 dist_wp=21.41 bearing_deg=-46.97 speed=0.000 pos=(-120.527,3.711,21.201) bounded=true
tick=6360 phase=following reason=obstacle_cleared wp=3 dist_wp=21.41 bearing_deg=-46.97 speed=0.000 pos=(-120.527,3.711,21.201) bounded=true
tick=6390 phase=following reason=obstacle_cleared wp=3 dist_wp=21.41 bearing_deg=-46.97 speed=0.000 pos=(-120.527,3.711,21.201) bounded=true
tick=6420 phase=following reason=obstacle_cleared wp=3 dist_wp=21.41 bearing_deg=-46.97 speed=0.000 pos=(-120.527,3.711,21.201) bounded=true
tick=6450 phase=following reason=obstacle_cleared wp=3 dist_wp=21.41 bearing_deg=-46.97 speed=0.000 pos=(-120.527,3.711,21.201) bounded=true
tick=6480 phase=following reason=obstacle_cleared wp=3 dist_wp=21.41 bearing_deg=-46.97 speed=0.000 pos=(-120.527,3.711,21.201) bounded=true
tick=6510 phase=following reason=obstacle_cleared wp=3 dist_wp=21.41 bearing_deg=-46.97 speed=0.000 pos=(-120.527,3.711,21.201) bounded=true
tick=6540 phase=following reason=obstacle_cleared wp=3 dist_wp=21.41 bearing_deg=-46.97 speed=0.000 pos=(-120.527,3.711,21.201) bounded=true
tick=6570 phase=following reason=obstacle_cleared wp=3 dist_wp=21.41 bearing_deg=-46.97 speed=0.000 pos=(-120.527,3.711,21.201) bounded=true
tick=6600 phase=following reason=obstacle_cleared wp=3 dist_wp=21.41 bearing_deg=-46.97 speed=0.000 pos=(-120.527,3.711,21.201) bounded=true
tick=6630 phase=following reason=obstacle_cleared wp=3 dist_wp=21.41 bearing_deg=-46.97 speed=0.000 pos=(-120.527,3.711,21.201) bounded=true
tick=6660 phase=following reason=obstacle_cleared wp=3 dist_wp=21.41 bearing_deg=-46.97 speed=0.000 pos=(-120.527,3.711,21.201) bounded=true
tick=6690 phase=following reason=obstacle_cleared wp=3 dist_wp=21.41 bearing_deg=-46.97 speed=0.000 pos=(-120.527,3.711,21.201) bounded=true
tick=6720 phase=following reason=obstacle_cleared wp=3 dist_wp=21.41 bearing_deg=-46.97 speed=0.000 pos=(-120.527,3.711,21.201) bounded=true
tick=6750 phase=following reason=obstacle_cleared wp=3 dist_wp=21.41 bearing_deg=-46.97 speed=0.000 pos=(-120.527,3.711,21.201) bounded=true
tick=6780 phase=following reason=obstacle_cleared wp=3 dist_wp=21.41 bearing_deg=-46.97 speed=0.000 pos=(-120.527,3.711,21.201) bounded=true
tick=6810 phase=following reason=obstacle_cleared wp=3 dist_wp=21.41 bearing_deg=-46.97 speed=0.000 pos=(-120.527,3.711,21.201) bounded=true
tick=6840 phase=following reason=obstacle_cleared wp=3 dist_wp=21.41 bearing_deg=-46.97 speed=0.000 pos=(-120.527,3.711,21.201) bounded=true
tick=6870 phase=following reason=obstacle_cleared wp=3 dist_wp=21.41 bearing_deg=-46.97 speed=0.000 pos=(-120.527,3.711,21.201) bounded=true
tick=6900 phase=following reason=obstacle_cleared wp=3 dist_wp=21.41 bearing_deg=-46.97 speed=0.000 pos=(-120.527,3.711,21.201) bounded=true
tick=6930 phase=following reason=obstacle_cleared wp=3 dist_wp=21.41 bearing_deg=-46.97 speed=0.000 pos=(-120.527,3.711,21.201) bounded=true
tick=6960 phase=following reason=obstacle_cleared wp=3 dist_wp=21.41 bearing_deg=-46.97 speed=0.000 pos=(-120.527,3.711,21.201) bounded=true
tick=6990 phase=following reason=obstacle_cleared wp=3 dist_wp=21.41 bearing_deg=-46.97 speed=0.000 pos=(-120.527,3.711,21.201) bounded=true
tick=7020 phase=following reason=obstacle_cleared wp=3 dist_wp=21.41 bearing_deg=-46.97 speed=0.000 pos=(-120.527,3.711,21.201) bounded=true
tick=7050 phase=following reason=obstacle_cleared wp=3 dist_wp=21.41 bearing_deg=-46.97 speed=0.000 pos=(-120.527,3.711,21.201) bounded=true
tick=7080 phase=following reason=obstacle_cleared wp=3 dist_wp=21.41 bearing_deg=-46.97 speed=0.000 pos=(-120.527,3.711,21.201) bounded=true
tick=7110 phase=following reason=obstacle_cleared wp=3 dist_wp=21.41 bearing_deg=-46.97 speed=0.000 pos=(-120.527,3.711,21.201) bounded=true
tick=7140 phase=following reason=obstacle_cleared wp=3 dist_wp=21.41 bearing_deg=-46.97 speed=0.000 pos=(-120.527,3.711,21.201) bounded=true
tick=7170 phase=following reason=obstacle_cleared wp=3 dist_wp=21.41 bearing_deg=-46.97 speed=0.000 pos=(-120.527,3.711,21.201) bounded=true
tick=7200 phase=following reason=obstacle_cleared wp=3 dist_wp=21.41 bearing_deg=-46.97 speed=0.000 pos=(-120.527,3.711,21.201) bounded=true
tick=7230 phase=following reason=obstacle_cleared wp=3 dist_wp=21.41 bearing_deg=-46.97 speed=0.000 pos=(-120.527,3.711,21.201) bounded=true
tick=7260 phase=following reason=obstacle_cleared wp=3 dist_wp=21.41 bearing_deg=-46.97 speed=0.000 pos=(-120.527,3.711,21.201) bounded=true
tick=7290 phase=following reason=obstacle_cleared wp=3 dist_wp=21.41 bearing_deg=-46.97 speed=0.000 pos=(-120.527,3.711,21.201) bounded=true
tick=7320 phase=following reason=obstacle_cleared wp=3 dist_wp=21.41 bearing_deg=-46.97 speed=0.000 pos=(-120.527,3.711,21.201) bounded=true
tick=7350 phase=following reason=obstacle_cleared wp=3 dist_wp=21.41 bearing_deg=-46.97 speed=0.000 pos=(-120.527,3.711,21.201) bounded=true
tick=7380 phase=following reason=obstacle_cleared wp=3 dist_wp=21.41 bearing_deg=-46.97 speed=0.000 pos=(-120.527,3.711,21.201) bounded=true
tick=7410 phase=following reason=obstacle_cleared wp=3 dist_wp=21.41 bearing_deg=-46.97 speed=0.000 pos=(-120.527,3.711,21.201) bounded=true
tick=7440 phase=following reason=obstacle_cleared wp=3 dist_wp=21.41 bearing_deg=-46.97 speed=0.000 pos=(-120.527,3.711,21.201) bounded=true
tick=7470 phase=following reason=obstacle_cleared wp=3 dist_wp=21.41 bearing_deg=-46.97 speed=0.000 pos=(-120.527,3.711,21.201) bounded=true
tick=7500 phase=following reason=obstacle_cleared wp=3 dist_wp=21.41 bearing_deg=-46.97 speed=0.000 pos=(-120.527,3.711,21.201) bounded=true
tick=7530 phase=following reason=obstacle_cleared wp=3 dist_wp=21.41 bearing_deg=-46.97 speed=0.000 pos=(-120.527,3.711,21.201) bounded=true
tick=7560 phase=following reason=obstacle_cleared wp=3 dist_wp=21.41 bearing_deg=-46.97 speed=0.000 pos=(-120.527,3.711,21.201) bounded=true
tick=7590 phase=following reason=obstacle_cleared wp=3 dist_wp=21.41 bearing_deg=-46.97 speed=0.000 pos=(-120.527,3.711,21.201) bounded=true
tick=7620 phase=following reason=obstacle_cleared wp=3 dist_wp=21.41 bearing_deg=-46.97 speed=0.000 pos=(-120.527,3.711,21.201) bounded=true
tick=7650 phase=following reason=obstacle_cleared wp=3 dist_wp=21.41 bearing_deg=-46.97 speed=0.000 pos=(-120.527,3.711,21.201) bounded=true
tick=7680 phase=following reason=obstacle_cleared wp=3 dist_wp=21.41 bearing_deg=-46.97 speed=0.000 pos=(-120.527,3.711,21.201) bounded=true
tick=7710 phase=following reason=obstacle_cleared wp=3 dist_wp=21.41 bearing_deg=-46.97 speed=0.000 pos=(-120.527,3.711,21.201) bounded=true
tick=7740 phase=following reason=obstacle_cleared wp=3 dist_wp=21.41 bearing_deg=-46.97 speed=0.000 pos=(-120.527,3.711,21.201) bounded=true
tick=7770 phase=following reason=obstacle_cleared wp=3 dist_wp=21.41 bearing_deg=-46.97 speed=0.000 pos=(-120.527,3.711,21.201) bounded=true
tick=7800 phase=following reason=obstacle_cleared wp=3 dist_wp=21.41 bearing_deg=-46.97 speed=0.000 pos=(-120.527,3.711,21.201) bounded=true
tick=7830 phase=following reason=obstacle_cleared wp=3 dist_wp=21.41 bearing_deg=-46.97 speed=0.000 pos=(-120.527,3.711,21.201) bounded=true
tick=7860 phase=following reason=obstacle_cleared wp=3 dist_wp=21.41 bearing_deg=-46.97 speed=0.000 pos=(-120.527,3.711,21.201) bounded=true
tick=7890 phase=following reason=obstacle_cleared wp=3 dist_wp=21.41 bearing_deg=-46.97 speed=0.000 pos=(-120.527,3.711,21.201) bounded=true
tick=7920 phase=following reason=obstacle_cleared wp=3 dist_wp=21.41 bearing_deg=-46.97 speed=0.000 pos=(-120.527,3.711,21.201) bounded=true
tick=7950 phase=following reason=obstacle_cleared wp=3 dist_wp=21.41 bearing_deg=-46.97 speed=0.000 pos=(-120.527,3.711,21.201) bounded=true
tick=7980 phase=following reason=obstacle_cleared wp=3 dist_wp=21.41 bearing_deg=-46.97 speed=0.000 pos=(-120.527,3.711,21.201) bounded=true
tick=8010 phase=following reason=obstacle_cleared wp=3 dist_wp=21.41 bearing_deg=-46.97 speed=0.000 pos=(-120.527,3.711,21.201) bounded=true
tick=8040 phase=following reason=obstacle_cleared wp=3 dist_wp=21.41 bearing_deg=-46.97 speed=0.000 pos=(-120.527,3.711,21.201) bounded=true
tick=8070 phase=following reason=obstacle_cleared wp=3 dist_wp=21.41 bearing_deg=-46.97 speed=0.000 pos=(-120.527,3.711,21.201) bounded=true
tick=8100 phase=following reason=obstacle_cleared wp=3 dist_wp=21.41 bearing_deg=-46.97 speed=0.000 pos=(-120.527,3.711,21.201) bounded=true
tick=8130 phase=following reason=obstacle_cleared wp=3 dist_wp=21.41 bearing_deg=-46.97 speed=0.000 pos=(-120.527,3.711,21.201) bounded=true
tick=8160 phase=following reason=obstacle_cleared wp=3 dist_wp=21.41 bearing_deg=-46.97 speed=0.000 pos=(-120.527,3.711,21.201) bounded=true
tick=8190 phase=following reason=obstacle_cleared wp=3 dist_wp=21.41 bearing_deg=-46.97 speed=0.000 pos=(-120.527,3.711,21.201) bounded=true
tick=8220 phase=following reason=obstacle_cleared wp=3 dist_wp=21.41 bearing_deg=-46.97 speed=0.000 pos=(-120.527,3.711,21.201) bounded=true
tick=8250 phase=following reason=obstacle_cleared wp=3 dist_wp=21.41 bearing_deg=-46.97 speed=0.000 pos=(-120.527,3.711,21.201) bounded=true
tick=8280 phase=following reason=obstacle_cleared wp=3 dist_wp=21.41 bearing_deg=-46.97 speed=0.000 pos=(-120.527,3.711,21.201) bounded=true
tick=8310 phase=following reason=obstacle_cleared wp=3 dist_wp=21.41 bearing_deg=-46.97 speed=0.000 pos=(-120.527,3.711,21.201) bounded=true
tick=8340 phase=following reason=obstacle_cleared wp=3 dist_wp=21.41 bearing_deg=-46.97 speed=0.000 pos=(-120.527,3.711,21.201) bounded=true
tick=8370 phase=following reason=obstacle_cleared wp=3 dist_wp=21.41 bearing_deg=-46.97 speed=0.000 pos=(-120.527,3.711,21.201) bounded=true
tick=8400 phase=following reason=obstacle_cleared wp=3 dist_wp=21.41 bearing_deg=-46.97 speed=0.000 pos=(-120.527,3.711,21.201) bounded=true
tick=8430 phase=following reason=obstacle_cleared wp=3 dist_wp=21.41 bearing_deg=-46.97 speed=0.000 pos=(-120.527,3.711,21.201) bounded=true
tick=8460 phase=following reason=obstacle_cleared wp=3 dist_wp=21.41 bearing_deg=-46.97 speed=0.000 pos=(-120.527,3.711,21.201) bounded=true
tick=8490 phase=following reason=obstacle_cleared wp=3 dist_wp=21.41 bearing_deg=-46.97 speed=0.000 pos=(-120.527,3.711,21.201) bounded=true
tick=8520 phase=following reason=obstacle_cleared wp=3 dist_wp=21.41 bearing_deg=-46.97 speed=0.000 pos=(-120.527,3.711,21.201) bounded=true
tick=8550 phase=following reason=obstacle_cleared wp=3 dist_wp=21.41 bearing_deg=-46.97 speed=0.000 pos=(-120.527,3.711,21.201) bounded=true
tick=8580 phase=following reason=obstacle_cleared wp=3 dist_wp=21.41 bearing_deg=-46.97 speed=0.000 pos=(-120.527,3.711,21.201) bounded=true
tick=8610 phase=following reason=obstacle_cleared wp=3 dist_wp=21.41 bearing_deg=-46.97 speed=0.000 pos=(-120.527,3.711,21.201) bounded=true
tick=8640 phase=following reason=obstacle_cleared wp=3 dist_wp=21.41 bearing_deg=-46.97 speed=0.000 pos=(-120.527,3.711,21.201) bounded=true
tick=8670 phase=following reason=obstacle_cleared wp=3 dist_wp=21.41 bearing_deg=-46.97 speed=0.000 pos=(-120.527,3.711,21.201) bounded=true
tick=8700 phase=following reason=obstacle_cleared wp=3 dist_wp=21.41 bearing_deg=-46.97 speed=0.000 pos=(-120.527,3.711,21.201) bounded=true
tick=8730 phase=following reason=obstacle_cleared wp=3 dist_wp=21.41 bearing_deg=-46.97 speed=0.000 pos=(-120.527,3.711,21.201) bounded=true
tick=8760 phase=following reason=obstacle_cleared wp=3 dist_wp=21.41 bearing_deg=-46.97 speed=0.000 pos=(-120.527,3.711,21.201) bounded=true
tick=8790 phase=following reason=obstacle_cleared wp=3 dist_wp=21.41 bearing_deg=-46.97 speed=0.000 pos=(-120.527,3.711,21.201) bounded=true
tick=8820 phase=following reason=obstacle_cleared wp=3 dist_wp=21.41 bearing_deg=-46.97 speed=0.000 pos=(-120.527,3.711,21.201) bounded=true
tick=8850 phase=following reason=obstacle_cleared wp=3 dist_wp=21.41 bearing_deg=-46.97 speed=0.000 pos=(-120.527,3.711,21.201) bounded=true
tick=8880 phase=following reason=obstacle_cleared wp=3 dist_wp=21.41 bearing_deg=-46.97 speed=0.000 pos=(-120.527,3.711,21.201) bounded=true
tick=8910 phase=following reason=obstacle_cleared wp=3 dist_wp=21.41 bearing_deg=-46.97 speed=0.000 pos=(-120.527,3.711,21.201) bounded=true
tick=8940 phase=following reason=obstacle_cleared wp=3 dist_wp=21.41 bearing_deg=-46.97 speed=0.000 pos=(-120.527,3.711,21.201) bounded=true
tick=8970 phase=following reason=obstacle_cleared wp=3 dist_wp=21.41 bearing_deg=-46.97 speed=0.000 pos=(-120.527,3.711,21.201) bounded=true
tick=9000 phase=following reason=obstacle_cleared wp=3 dist_wp=21.41 bearing_deg=-46.97 speed=0.000 pos=(-120.527,3.711,21.201) bounded=true
tick=9030 phase=following reason=obstacle_cleared wp=3 dist_wp=21.41 bearing_deg=-46.97 speed=0.000 pos=(-120.527,3.711,21.201) bounded=true
tick=9060 phase=following reason=obstacle_cleared wp=3 dist_wp=21.41 bearing_deg=-46.97 speed=0.000 pos=(-120.527,3.711,21.201) bounded=true
tick=9090 phase=following reason=obstacle_cleared wp=3 dist_wp=21.41 bearing_deg=-46.97 speed=0.000 pos=(-120.527,3.711,21.201) bounded=true
tick=9120 phase=following reason=obstacle_cleared wp=3 dist_wp=21.41 bearing_deg=-46.97 speed=0.000 pos=(-120.527,3.711,21.201) bounded=true
tick=9150 phase=following reason=obstacle_cleared wp=3 dist_wp=21.41 bearing_deg=-46.97 speed=0.000 pos=(-120.527,3.711,21.201) bounded=true
tick=9180 phase=following reason=obstacle_cleared wp=3 dist_wp=21.41 bearing_deg=-46.97 speed=0.000 pos=(-120.527,3.711,21.201) bounded=true
tick=9210 phase=following reason=obstacle_cleared wp=3 dist_wp=21.41 bearing_deg=-46.97 speed=0.000 pos=(-120.527,3.711,21.201) bounded=true
tick=9240 phase=following reason=obstacle_cleared wp=3 dist_wp=21.41 bearing_deg=-46.97 speed=0.000 pos=(-120.527,3.711,21.201) bounded=true
tick=9270 phase=following reason=obstacle_cleared wp=3 dist_wp=21.41 bearing_deg=-46.97 speed=0.000 pos=(-120.527,3.711,21.201) bounded=true
tick=9300 phase=following reason=obstacle_cleared wp=3 dist_wp=21.41 bearing_deg=-46.97 speed=0.000 pos=(-120.527,3.711,21.201) bounded=true
tick=9330 phase=following reason=obstacle_cleared wp=3 dist_wp=21.41 bearing_deg=-46.97 speed=0.000 pos=(-120.527,3.711,21.201) bounded=true
tick=9360 phase=following reason=obstacle_cleared wp=3 dist_wp=21.41 bearing_deg=-46.97 speed=0.000 pos=(-120.527,3.711,21.201) bounded=true
tick=9390 phase=following reason=obstacle_cleared wp=3 dist_wp=21.41 bearing_deg=-46.97 speed=0.000 pos=(-120.527,3.711,21.201) bounded=true
tick=9420 phase=following reason=obstacle_cleared wp=3 dist_wp=21.41 bearing_deg=-46.97 speed=0.000 pos=(-120.527,3.711,21.201) bounded=true
tick=9450 phase=following reason=obstacle_cleared wp=3 dist_wp=21.41 bearing_deg=-46.97 speed=0.000 pos=(-120.527,3.711,21.201) bounded=true
tick=9480 phase=following reason=obstacle_cleared wp=3 dist_wp=21.41 bearing_deg=-46.97 speed=0.000 pos=(-120.527,3.711,21.201) bounded=true
tick=9510 phase=following reason=obstacle_cleared wp=3 dist_wp=21.41 bearing_deg=-46.97 speed=0.000 pos=(-120.527,3.711,21.201) bounded=true
tick=9540 phase=following reason=obstacle_cleared wp=3 dist_wp=21.41 bearing_deg=-46.97 speed=0.000 pos=(-120.527,3.711,21.201) bounded=true
tick=9570 phase=following reason=obstacle_cleared wp=3 dist_wp=21.41 bearing_deg=-46.97 speed=0.000 pos=(-120.527,3.711,21.201) bounded=true
tick=9600 phase=following reason=obstacle_cleared wp=3 dist_wp=21.41 bearing_deg=-46.97 speed=0.000 pos=(-120.527,3.711,21.201) bounded=true
tick=9630 phase=following reason=obstacle_cleared wp=3 dist_wp=21.41 bearing_deg=-46.97 speed=0.000 pos=(-120.527,3.711,21.201) bounded=true
tick=9660 phase=following reason=obstacle_cleared wp=3 dist_wp=21.41 bearing_deg=-46.97 speed=0.000 pos=(-120.527,3.711,21.201) bounded=true
tick=9690 phase=following reason=obstacle_cleared wp=3 dist_wp=21.41 bearing_deg=-46.97 speed=0.000 pos=(-120.527,3.711,21.201) bounded=true
tick=9720 phase=following reason=obstacle_cleared wp=3 dist_wp=21.41 bearing_deg=-46.97 speed=0.000 pos=(-120.527,3.711,21.201) bounded=true
tick=9750 phase=following reason=obstacle_cleared wp=3 dist_wp=21.41 bearing_deg=-46.97 speed=0.000 pos=(-120.527,3.711,21.201) bounded=true
tick=9780 phase=following reason=obstacle_cleared wp=3 dist_wp=21.41 bearing_deg=-46.97 speed=0.000 pos=(-120.527,3.711,21.201) bounded=true
tick=9810 phase=following reason=obstacle_cleared wp=3 dist_wp=21.41 bearing_deg=-46.97 speed=0.000 pos=(-120.527,3.711,21.201) bounded=true
tick=9840 phase=following reason=obstacle_cleared wp=3 dist_wp=21.41 bearing_deg=-46.97 speed=0.000 pos=(-120.527,3.711,21.201) bounded=true
tick=9870 phase=following reason=obstacle_cleared wp=3 dist_wp=21.41 bearing_deg=-46.97 speed=0.000 pos=(-120.527,3.711,21.201) bounded=true
tick=9900 phase=following reason=obstacle_cleared wp=3 dist_wp=21.41 bearing_deg=-46.97 speed=0.000 pos=(-120.527,3.711,21.201) bounded=true
tick=9930 phase=following reason=obstacle_cleared wp=3 dist_wp=21.41 bearing_deg=-46.97 speed=0.000 pos=(-120.527,3.711,21.201) bounded=true
tick=9960 phase=following reason=obstacle_cleared wp=3 dist_wp=21.41 bearing_deg=-46.97 speed=0.000 pos=(-120.527,3.711,21.201) bounded=true
tick=9990 phase=following reason=obstacle_cleared wp=3 dist_wp=21.41 bearing_deg=-46.97 speed=0.000 pos=(-120.527,3.711,21.201) bounded=true
tick=10020 phase=following reason=obstacle_cleared wp=3 dist_wp=21.41 bearing_deg=-46.97 speed=0.000 pos=(-120.527,3.711,21.201) bounded=true
tick=10050 phase=following reason=obstacle_cleared wp=3 dist_wp=21.41 bearing_deg=-46.97 speed=0.000 pos=(-120.527,3.711,21.201) bounded=true
tick=10080 phase=following reason=obstacle_cleared wp=3 dist_wp=21.41 bearing_deg=-46.97 speed=0.000 pos=(-120.527,3.711,21.201) bounded=true
tick=10110 phase=following reason=obstacle_cleared wp=3 dist_wp=21.41 bearing_deg=-46.97 speed=0.000 pos=(-120.527,3.711,21.201) bounded=true
tick=10140 phase=following reason=obstacle_cleared wp=3 dist_wp=21.41 bearing_deg=-46.97 speed=0.000 pos=(-120.527,3.711,21.201) bounded=true
tick=10170 phase=following reason=obstacle_cleared wp=3 dist_wp=21.41 bearing_deg=-46.97 speed=0.000 pos=(-120.527,3.711,21.201) bounded=true
tick=10200 phase=following reason=obstacle_cleared wp=3 dist_wp=21.41 bearing_deg=-46.97 speed=0.000 pos=(-120.527,3.711,21.201) bounded=true
tick=10230 phase=following reason=obstacle_cleared wp=3 dist_wp=21.41 bearing_deg=-46.97 speed=0.000 pos=(-120.527,3.711,21.201) bounded=true
tick=10260 phase=following reason=obstacle_cleared wp=3 dist_wp=21.41 bearing_deg=-46.97 speed=0.000 pos=(-120.527,3.711,21.201) bounded=true
tick=10290 phase=following reason=obstacle_cleared wp=3 dist_wp=21.41 bearing_deg=-46.97 speed=0.000 pos=(-120.527,3.711,21.201) bounded=true
tick=10320 phase=following reason=obstacle_cleared wp=3 dist_wp=21.41 bearing_deg=-46.97 speed=0.000 pos=(-120.527,3.711,21.201) bounded=true
tick=10350 phase=following reason=obstacle_cleared wp=3 dist_wp=21.41 bearing_deg=-46.97 speed=0.000 pos=(-120.527,3.711,21.201) bounded=true
tick=10380 phase=following reason=obstacle_cleared wp=3 dist_wp=21.41 bearing_deg=-46.97 speed=0.000 pos=(-120.527,3.711,21.201) bounded=true
tick=10410 phase=following reason=obstacle_cleared wp=3 dist_wp=21.41 bearing_deg=-46.97 speed=0.000 pos=(-120.527,3.711,21.201) bounded=true
tick=10440 phase=following reason=obstacle_cleared wp=3 dist_wp=21.41 bearing_deg=-46.97 speed=0.000 pos=(-120.527,3.711,21.201) bounded=true
tick=10470 phase=following reason=obstacle_cleared wp=3 dist_wp=21.41 bearing_deg=-46.97 speed=0.000 pos=(-120.527,3.711,21.201) bounded=true
tick=10500 phase=following reason=obstacle_cleared wp=3 dist_wp=21.41 bearing_deg=-46.97 speed=0.000 pos=(-120.527,3.711,21.201) bounded=true
tick=10530 phase=following reason=obstacle_cleared wp=3 dist_wp=21.41 bearing_deg=-46.97 speed=0.000 pos=(-120.527,3.711,21.201) bounded=true
tick=10560 phase=following reason=obstacle_cleared wp=3 dist_wp=21.41 bearing_deg=-46.97 speed=0.000 pos=(-120.527,3.711,21.201) bounded=true
tick=10590 phase=following reason=obstacle_cleared wp=3 dist_wp=21.41 bearing_deg=-46.97 speed=0.000 pos=(-120.527,3.711,21.201) bounded=true
tick=10620 phase=following reason=obstacle_cleared wp=3 dist_wp=21.41 bearing_deg=-46.97 speed=0.000 pos=(-120.527,3.711,21.201) bounded=true
tick=10650 phase=following reason=obstacle_cleared wp=3 dist_wp=21.41 bearing_deg=-46.97 speed=0.000 pos=(-120.527,3.711,21.201) bounded=true
tick=10680 phase=following reason=obstacle_cleared wp=3 dist_wp=21.41 bearing_deg=-46.97 speed=0.000 pos=(-120.527,3.711,21.201) bounded=true
tick=10710 phase=following reason=obstacle_cleared wp=3 dist_wp=21.41 bearing_deg=-46.97 speed=0.000 pos=(-120.527,3.711,21.201) bounded=true
tick=10740 phase=following reason=obstacle_cleared wp=3 dist_wp=21.41 bearing_deg=-46.97 speed=0.000 pos=(-120.527,3.711,21.201) bounded=true
tick=10770 phase=following reason=obstacle_cleared wp=3 dist_wp=21.41 bearing_deg=-46.97 speed=0.000 pos=(-120.527,3.711,21.201) bounded=true
tick=10800 phase=following reason=obstacle_cleared wp=3 dist_wp=21.41 bearing_deg=-46.97 speed=0.000 pos=(-120.527,3.711,21.201) bounded=true
tick=10830 phase=following reason=obstacle_cleared wp=3 dist_wp=21.41 bearing_deg=-46.97 speed=0.000 pos=(-120.527,3.711,21.201) bounded=true
tick=10860 phase=following reason=obstacle_cleared wp=3 dist_wp=21.41 bearing_deg=-46.97 speed=0.000 pos=(-120.527,3.711,21.201) bounded=true
tick=10890 phase=following reason=obstacle_cleared wp=3 dist_wp=21.41 bearing_deg=-46.97 speed=0.000 pos=(-120.527,3.711,21.201) bounded=true
tick=10920 phase=following reason=obstacle_cleared wp=3 dist_wp=21.41 bearing_deg=-46.97 speed=0.000 pos=(-120.527,3.711,21.201) bounded=true
tick=10950 phase=following reason=obstacle_cleared wp=3 dist_wp=21.41 bearing_deg=-46.97 speed=0.000 pos=(-120.527,3.711,21.201) bounded=true
tick=10980 phase=following reason=obstacle_cleared wp=3 dist_wp=21.41 bearing_deg=-46.97 speed=0.000 pos=(-120.527,3.711,21.201) bounded=true
tick=11010 phase=following reason=obstacle_cleared wp=3 dist_wp=21.41 bearing_deg=-46.97 speed=0.000 pos=(-120.527,3.711,21.201) bounded=true
tick=11040 phase=following reason=obstacle_cleared wp=3 dist_wp=21.41 bearing_deg=-46.97 speed=0.000 pos=(-120.527,3.711,21.201) bounded=true
tick=11070 phase=following reason=obstacle_cleared wp=3 dist_wp=21.41 bearing_deg=-46.97 speed=0.000 pos=(-120.527,3.711,21.201) bounded=true
tick=11100 phase=following reason=obstacle_cleared wp=3 dist_wp=21.41 bearing_deg=-46.97 speed=0.000 pos=(-120.527,3.711,21.201) bounded=true
tick=11130 phase=following reason=obstacle_cleared wp=3 dist_wp=21.41 bearing_deg=-46.97 speed=0.000 pos=(-120.527,3.711,21.201) bounded=true
tick=11160 phase=following reason=obstacle_cleared wp=3 dist_wp=21.41 bearing_deg=-46.97 speed=0.000 pos=(-120.527,3.711,21.201) bounded=true
tick=11190 phase=following reason=obstacle_cleared wp=3 dist_wp=21.41 bearing_deg=-46.97 speed=0.000 pos=(-120.527,3.711,21.201) bounded=true
tick=11220 phase=following reason=obstacle_cleared wp=3 dist_wp=21.41 bearing_deg=-46.97 speed=0.000 pos=(-120.527,3.711,21.201) bounded=true
tick=11250 phase=following reason=obstacle_cleared wp=3 dist_wp=21.41 bearing_deg=-46.97 speed=0.000 pos=(-120.527,3.711,21.201) bounded=true
tick=11280 phase=following reason=obstacle_cleared wp=3 dist_wp=21.41 bearing_deg=-46.97 speed=0.000 pos=(-120.527,3.711,21.201) bounded=true
tick=11310 phase=following reason=obstacle_cleared wp=3 dist_wp=21.41 bearing_deg=-46.97 speed=0.000 pos=(-120.527,3.711,21.201) bounded=true
tick=11340 phase=following reason=obstacle_cleared wp=3 dist_wp=21.41 bearing_deg=-46.97 speed=0.000 pos=(-120.527,3.711,21.201) bounded=true
tick=11370 phase=following reason=obstacle_cleared wp=3 dist_wp=21.41 bearing_deg=-46.97 speed=0.000 pos=(-120.527,3.711,21.201) bounded=true
tick=11400 phase=following reason=obstacle_cleared wp=3 dist_wp=21.41 bearing_deg=-46.97 speed=0.000 pos=(-120.527,3.711,21.201) bounded=true
tick=11430 phase=following reason=obstacle_cleared wp=3 dist_wp=21.41 bearing_deg=-46.97 speed=0.000 pos=(-120.527,3.711,21.201) bounded=true
tick=11460 phase=following reason=obstacle_cleared wp=3 dist_wp=21.41 bearing_deg=-46.97 speed=0.000 pos=(-120.527,3.711,21.201) bounded=true
tick=11490 phase=following reason=obstacle_cleared wp=3 dist_wp=21.41 bearing_deg=-46.97 speed=0.000 pos=(-120.527,3.711,21.201) bounded=true
tick=11520 phase=following reason=obstacle_cleared wp=3 dist_wp=21.41 bearing_deg=-46.97 speed=0.000 pos=(-120.527,3.711,21.201) bounded=true
tick=11550 phase=following reason=obstacle_cleared wp=3 dist_wp=21.41 bearing_deg=-46.97 speed=0.000 pos=(-120.527,3.711,21.201) bounded=true
tick=11580 phase=following reason=obstacle_cleared wp=3 dist_wp=21.41 bearing_deg=-46.97 speed=0.000 pos=(-120.527,3.711,21.201) bounded=true
tick=11610 phase=following reason=obstacle_cleared wp=3 dist_wp=21.41 bearing_deg=-46.97 speed=0.000 pos=(-120.527,3.711,21.201) bounded=true
tick=11640 phase=following reason=obstacle_cleared wp=3 dist_wp=21.41 bearing_deg=-46.97 speed=0.000 pos=(-120.527,3.711,21.201) bounded=true
tick=11670 phase=following reason=obstacle_cleared wp=3 dist_wp=21.41 bearing_deg=-46.97 speed=0.000 pos=(-120.527,3.711,21.201) bounded=true
tick=11700 phase=following reason=obstacle_cleared wp=3 dist_wp=21.41 bearing_deg=-46.97 speed=0.000 pos=(-120.527,3.711,21.201) bounded=true
tick=11730 phase=following reason=obstacle_cleared wp=3 dist_wp=21.41 bearing_deg=-46.97 speed=0.000 pos=(-120.527,3.711,21.201) bounded=true
tick=11760 phase=following reason=obstacle_cleared wp=3 dist_wp=21.41 bearing_deg=-46.97 speed=0.000 pos=(-120.527,3.711,21.201) bounded=true
tick=11790 phase=following reason=obstacle_cleared wp=3 dist_wp=21.41 bearing_deg=-46.97 speed=0.000 pos=(-120.527,3.711,21.201) bounded=true
tick=11820 phase=following reason=obstacle_cleared wp=3 dist_wp=21.41 bearing_deg=-46.97 speed=0.000 pos=(-120.527,3.711,21.201) bounded=true
tick=11850 phase=following reason=obstacle_cleared wp=3 dist_wp=21.41 bearing_deg=-46.97 speed=0.000 pos=(-120.527,3.711,21.201) bounded=true
tick=11880 phase=following reason=obstacle_cleared wp=3 dist_wp=21.41 bearing_deg=-46.97 speed=0.000 pos=(-120.527,3.711,21.201) bounded=true
tick=11910 phase=following reason=obstacle_cleared wp=3 dist_wp=21.41 bearing_deg=-46.97 speed=0.000 pos=(-120.527,3.711,21.201) bounded=true
tick=11940 phase=following reason=obstacle_cleared wp=3 dist_wp=21.41 bearing_deg=-46.97 speed=0.000 pos=(-120.527,3.711,21.201) bounded=true
tick=11970 phase=following reason=obstacle_cleared wp=3 dist_wp=21.41 bearing_deg=-46.97 speed=0.000 pos=(-120.527,3.711,21.201) bounded=true
tick=12000 phase=following reason=obstacle_cleared wp=3 dist_wp=21.41 bearing_deg=-46.97 speed=0.000 pos=(-120.527,3.711,21.201) bounded=true
tick=12030 phase=following reason=obstacle_cleared wp=3 dist_wp=21.41 bearing_deg=-46.97 speed=0.000 pos=(-120.527,3.711,21.201) bounded=true
tick=12060 phase=following reason=obstacle_cleared wp=3 dist_wp=21.41 bearing_deg=-46.97 speed=0.000 pos=(-120.527,3.711,21.201) bounded=true
tick=12090 phase=following reason=obstacle_cleared wp=3 dist_wp=21.41 bearing_deg=-46.97 speed=0.000 pos=(-120.527,3.711,21.201) bounded=true
tick=12120 phase=following reason=obstacle_cleared wp=3 dist_wp=21.41 bearing_deg=-46.97 speed=0.000 pos=(-120.527,3.711,21.201) bounded=true
tick=12150 phase=following reason=obstacle_cleared wp=3 dist_wp=21.41 bearing_deg=-46.97 speed=0.000 pos=(-120.527,3.711,21.201) bounded=true
tick=12180 phase=following reason=obstacle_cleared wp=3 dist_wp=21.41 bearing_deg=-46.97 speed=0.000 pos=(-120.527,3.711,21.201) bounded=true
tick=12210 phase=following reason=obstacle_cleared wp=3 dist_wp=21.41 bearing_deg=-46.97 speed=0.000 pos=(-120.527,3.711,21.201) bounded=true
tick=12240 phase=following reason=obstacle_cleared wp=3 dist_wp=21.41 bearing_deg=-46.97 speed=0.000 pos=(-120.527,3.711,21.201) bounded=true
tick=12270 phase=following reason=obstacle_cleared wp=3 dist_wp=21.41 bearing_deg=-46.97 speed=0.000 pos=(-120.527,3.711,21.201) bounded=true
tick=12300 phase=following reason=obstacle_cleared wp=3 dist_wp=21.41 bearing_deg=-46.97 speed=0.000 pos=(-120.527,3.711,21.201) bounded=true
tick=12330 phase=following reason=obstacle_cleared wp=3 dist_wp=21.41 bearing_deg=-46.97 speed=0.000 pos=(-120.527,3.711,21.201) bounded=true
tick=12360 phase=following reason=obstacle_cleared wp=3 dist_wp=21.41 bearing_deg=-46.97 speed=0.000 pos=(-120.527,3.711,21.201) bounded=true
tick=12390 phase=following reason=obstacle_cleared wp=3 dist_wp=21.41 bearing_deg=-46.97 speed=0.000 pos=(-120.527,3.711,21.201) bounded=true
tick=12420 phase=following reason=obstacle_cleared wp=3 dist_wp=21.41 bearing_deg=-46.97 speed=0.000 pos=(-120.527,3.711,21.201) bounded=true
tick=12450 phase=following reason=obstacle_cleared wp=3 dist_wp=21.41 bearing_deg=-46.97 speed=0.000 pos=(-120.527,3.711,21.201) bounded=true
tick=12480 phase=following reason=obstacle_cleared wp=3 dist_wp=21.41 bearing_deg=-46.97 speed=0.000 pos=(-120.527,3.711,21.201) bounded=true
tick=12510 phase=following reason=obstacle_cleared wp=3 dist_wp=21.41 bearing_deg=-46.97 speed=0.000 pos=(-120.527,3.711,21.201) bounded=true
tick=12540 phase=following reason=obstacle_cleared wp=3 dist_wp=21.41 bearing_deg=-46.97 speed=0.000 pos=(-120.527,3.711,21.201) bounded=true
tick=12570 phase=following reason=obstacle_cleared wp=3 dist_wp=21.41 bearing_deg=-46.97 speed=0.000 pos=(-120.527,3.711,21.201) bounded=true
tick=12600 phase=following reason=obstacle_cleared wp=3 dist_wp=21.41 bearing_deg=-46.97 speed=0.000 pos=(-120.527,3.711,21.201) bounded=true
tick=12630 phase=following reason=obstacle_cleared wp=3 dist_wp=21.41 bearing_deg=-46.97 speed=0.000 pos=(-120.527,3.711,21.201) bounded=true
tick=12660 phase=following reason=obstacle_cleared wp=3 dist_wp=21.41 bearing_deg=-46.97 speed=0.000 pos=(-120.527,3.711,21.201) bounded=true
tick=12690 phase=following reason=obstacle_cleared wp=3 dist_wp=21.41 bearing_deg=-46.97 speed=0.000 pos=(-120.527,3.711,21.201) bounded=true
tick=12720 phase=following reason=obstacle_cleared wp=3 dist_wp=21.41 bearing_deg=-46.97 speed=0.000 pos=(-120.527,3.711,21.201) bounded=true
tick=12750 phase=following reason=obstacle_cleared wp=3 dist_wp=21.41 bearing_deg=-46.97 speed=0.000 pos=(-120.527,3.711,21.201) bounded=true
tick=12780 phase=following reason=obstacle_cleared wp=3 dist_wp=21.41 bearing_deg=-46.97 speed=0.000 pos=(-120.527,3.711,21.201) bounded=true
tick=12810 phase=following reason=obstacle_cleared wp=3 dist_wp=21.41 bearing_deg=-46.97 speed=0.000 pos=(-120.527,3.711,21.201) bounded=true
tick=12840 phase=following reason=obstacle_cleared wp=3 dist_wp=21.41 bearing_deg=-46.97 speed=0.000 pos=(-120.527,3.711,21.201) bounded=true
tick=12870 phase=following reason=obstacle_cleared wp=3 dist_wp=21.41 bearing_deg=-46.97 speed=0.000 pos=(-120.527,3.711,21.201) bounded=true
tick=12900 phase=following reason=obstacle_cleared wp=3 dist_wp=21.41 bearing_deg=-46.97 speed=0.000 pos=(-120.527,3.711,21.201) bounded=true
tick=12930 phase=following reason=obstacle_cleared wp=3 dist_wp=21.41 bearing_deg=-46.97 speed=0.000 pos=(-120.527,3.711,21.201) bounded=true
tick=12960 phase=following reason=obstacle_cleared wp=3 dist_wp=21.41 bearing_deg=-46.97 speed=0.000 pos=(-120.527,3.711,21.201) bounded=true
tick=12990 phase=following reason=obstacle_cleared wp=3 dist_wp=21.41 bearing_deg=-46.97 speed=0.000 pos=(-120.527,3.711,21.201) bounded=true
tick=13020 phase=following reason=obstacle_cleared wp=3 dist_wp=21.41 bearing_deg=-46.97 speed=0.000 pos=(-120.527,3.711,21.201) bounded=true
tick=13050 phase=following reason=obstacle_cleared wp=3 dist_wp=21.41 bearing_deg=-46.97 speed=0.000 pos=(-120.527,3.711,21.201) bounded=true
tick=13080 phase=following reason=obstacle_cleared wp=3 dist_wp=21.41 bearing_deg=-46.97 speed=0.000 pos=(-120.527,3.711,21.201) bounded=true
tick=13110 phase=following reason=obstacle_cleared wp=3 dist_wp=21.41 bearing_deg=-46.97 speed=0.000 pos=(-120.527,3.711,21.201) bounded=true
tick=13140 phase=following reason=obstacle_cleared wp=3 dist_wp=21.41 bearing_deg=-46.97 speed=0.000 pos=(-120.527,3.711,21.201) bounded=true
tick=13170 phase=following reason=obstacle_cleared wp=3 dist_wp=21.41 bearing_deg=-46.97 speed=0.000 pos=(-120.527,3.711,21.201) bounded=true
tick=13200 phase=following reason=obstacle_cleared wp=3 dist_wp=21.41 bearing_deg=-46.97 speed=0.000 pos=(-120.527,3.711,21.201) bounded=true
tick=13230 phase=following reason=obstacle_cleared wp=3 dist_wp=21.41 bearing_deg=-46.97 speed=0.000 pos=(-120.527,3.711,21.201) bounded=true
tick=13260 phase=following reason=obstacle_cleared wp=3 dist_wp=21.41 bearing_deg=-46.97 speed=0.000 pos=(-120.527,3.711,21.201) bounded=true
tick=13290 phase=following reason=obstacle_cleared wp=3 dist_wp=21.41 bearing_deg=-46.97 speed=0.000 pos=(-120.527,3.711,21.201) bounded=true
tick=13320 phase=following reason=obstacle_cleared wp=3 dist_wp=21.41 bearing_deg=-46.97 speed=0.000 pos=(-120.527,3.711,21.201) bounded=true
tick=13350 phase=following reason=obstacle_cleared wp=3 dist_wp=21.41 bearing_deg=-46.97 speed=0.000 pos=(-120.527,3.711,21.201) bounded=true
tick=13380 phase=following reason=obstacle_cleared wp=3 dist_wp=21.41 bearing_deg=-46.97 speed=0.000 pos=(-120.527,3.711,21.201) bounded=true
tick=13410 phase=following reason=obstacle_cleared wp=3 dist_wp=21.41 bearing_deg=-46.97 speed=0.000 pos=(-120.527,3.711,21.201) bounded=true
tick=13440 phase=following reason=obstacle_cleared wp=3 dist_wp=21.41 bearing_deg=-46.97 speed=0.000 pos=(-120.527,3.711,21.201) bounded=true
tick=13470 phase=following reason=obstacle_cleared wp=3 dist_wp=21.41 bearing_deg=-46.97 speed=0.000 pos=(-120.527,3.711,21.201) bounded=true
tick=13500 phase=following reason=obstacle_cleared wp=3 dist_wp=21.41 bearing_deg=-46.97 speed=0.000 pos=(-120.527,3.711,21.201) bounded=true
tick=13530 phase=following reason=obstacle_cleared wp=3 dist_wp=21.41 bearing_deg=-46.97 speed=0.000 pos=(-120.527,3.711,21.201) bounded=true
tick=13560 phase=following reason=obstacle_cleared wp=3 dist_wp=21.41 bearing_deg=-46.97 speed=0.000 pos=(-120.527,3.711,21.201) bounded=true
tick=13590 phase=following reason=obstacle_cleared wp=3 dist_wp=21.41 bearing_deg=-46.97 speed=0.000 pos=(-120.527,3.711,21.201) bounded=true
tick=13620 phase=following reason=obstacle_cleared wp=3 dist_wp=21.41 bearing_deg=-46.97 speed=0.000 pos=(-120.527,3.711,21.201) bounded=true
tick=13650 phase=following reason=obstacle_cleared wp=3 dist_wp=21.41 bearing_deg=-46.97 speed=0.000 pos=(-120.527,3.711,21.201) bounded=true
tick=13680 phase=following reason=obstacle_cleared wp=3 dist_wp=21.41 bearing_deg=-46.97 speed=0.000 pos=(-120.527,3.711,21.201) bounded=true
tick=13710 phase=following reason=obstacle_cleared wp=3 dist_wp=21.41 bearing_deg=-46.97 speed=0.000 pos=(-120.527,3.711,21.201) bounded=true
tick=13740 phase=following reason=obstacle_cleared wp=3 dist_wp=21.41 bearing_deg=-46.97 speed=0.000 pos=(-120.527,3.711,21.201) bounded=true
tick=13770 phase=following reason=obstacle_cleared wp=3 dist_wp=21.41 bearing_deg=-46.97 speed=0.000 pos=(-120.527,3.711,21.201) bounded=true
tick=13800 phase=following reason=obstacle_cleared wp=3 dist_wp=21.41 bearing_deg=-46.97 speed=0.000 pos=(-120.527,3.711,21.201) bounded=true
tick=13830 phase=following reason=obstacle_cleared wp=3 dist_wp=21.41 bearing_deg=-46.97 speed=0.000 pos=(-120.527,3.711,21.201) bounded=true
tick=13860 phase=following reason=obstacle_cleared wp=3 dist_wp=21.41 bearing_deg=-46.97 speed=0.000 pos=(-120.527,3.711,21.201) bounded=true
tick=13890 phase=following reason=obstacle_cleared wp=3 dist_wp=21.41 bearing_deg=-46.97 speed=0.000 pos=(-120.527,3.711,21.201) bounded=true
tick=13920 phase=following reason=obstacle_cleared wp=3 dist_wp=21.41 bearing_deg=-46.97 speed=0.000 pos=(-120.527,3.711,21.201) bounded=true
tick=13950 phase=following reason=obstacle_cleared wp=3 dist_wp=21.41 bearing_deg=-46.97 speed=0.000 pos=(-120.527,3.711,21.201) bounded=true
tick=13980 phase=following reason=obstacle_cleared wp=3 dist_wp=21.41 bearing_deg=-46.97 speed=0.000 pos=(-120.527,3.711,21.201) bounded=true
tick=14010 phase=following reason=obstacle_cleared wp=3 dist_wp=21.41 bearing_deg=-46.97 speed=0.000 pos=(-120.527,3.711,21.201) bounded=true
tick=14040 phase=following reason=obstacle_cleared wp=3 dist_wp=21.41 bearing_deg=-46.97 speed=0.000 pos=(-120.527,3.711,21.201) bounded=true
tick=14070 phase=following reason=obstacle_cleared wp=3 dist_wp=21.41 bearing_deg=-46.97 speed=0.000 pos=(-120.527,3.711,21.201) bounded=true
tick=14100 phase=following reason=obstacle_cleared wp=3 dist_wp=21.41 bearing_deg=-46.97 speed=0.000 pos=(-120.527,3.711,21.201) bounded=true
tick=14130 phase=following reason=obstacle_cleared wp=3 dist_wp=21.41 bearing_deg=-46.97 speed=0.000 pos=(-120.527,3.711,21.201) bounded=true
tick=14160 phase=following reason=obstacle_cleared wp=3 dist_wp=21.41 bearing_deg=-46.97 speed=0.000 pos=(-120.527,3.711,21.201) bounded=true
tick=14190 phase=following reason=obstacle_cleared wp=3 dist_wp=21.41 bearing_deg=-46.97 speed=0.000 pos=(-120.527,3.711,21.201) bounded=true
tick=14220 phase=following reason=obstacle_cleared wp=3 dist_wp=21.41 bearing_deg=-46.97 speed=0.000 pos=(-120.527,3.711,21.201) bounded=true
tick=14250 phase=following reason=obstacle_cleared wp=3 dist_wp=21.41 bearing_deg=-46.97 speed=0.000 pos=(-120.527,3.711,21.201) bounded=true
tick=14280 phase=following reason=obstacle_cleared wp=3 dist_wp=21.41 bearing_deg=-46.97 speed=0.000 pos=(-120.527,3.711,21.201) bounded=true
tick=14310 phase=following reason=obstacle_cleared wp=3 dist_wp=21.41 bearing_deg=-46.97 speed=0.000 pos=(-120.527,3.711,21.201) bounded=true
tick=14340 phase=following reason=obstacle_cleared wp=3 dist_wp=21.41 bearing_deg=-46.97 speed=0.000 pos=(-120.527,3.711,21.201) bounded=true
tick=14370 phase=following reason=obstacle_cleared wp=3 dist_wp=21.41 bearing_deg=-46.97 speed=0.000 pos=(-120.527,3.711,21.201) bounded=true
tick=14400 phase=following reason=obstacle_cleared wp=3 dist_wp=21.41 bearing_deg=-46.97 speed=0.000 pos=(-120.527,3.711,21.201) bounded=true
tick=14430 phase=following reason=obstacle_cleared wp=3 dist_wp=21.41 bearing_deg=-46.97 speed=0.000 pos=(-120.527,3.711,21.201) bounded=true
tick=14460 phase=following reason=obstacle_cleared wp=3 dist_wp=21.41 bearing_deg=-46.97 speed=0.000 pos=(-120.527,3.711,21.201) bounded=true
tick=14490 phase=following reason=obstacle_cleared wp=3 dist_wp=21.41 bearing_deg=-46.97 speed=0.000 pos=(-120.527,3.711,21.201) bounded=true
tick=14520 phase=following reason=obstacle_cleared wp=3 dist_wp=21.41 bearing_deg=-46.97 speed=0.000 pos=(-120.527,3.711,21.201) bounded=true
tick=14550 phase=following reason=obstacle_cleared wp=3 dist_wp=21.41 bearing_deg=-46.97 speed=0.000 pos=(-120.527,3.711,21.201) bounded=true
tick=14580 phase=following reason=obstacle_cleared wp=3 dist_wp=21.41 bearing_deg=-46.97 speed=0.000 pos=(-120.527,3.711,21.201) bounded=true
tick=14610 phase=following reason=obstacle_cleared wp=3 dist_wp=21.41 bearing_deg=-46.97 speed=0.000 pos=(-120.527,3.711,21.201) bounded=true
tick=14640 phase=following reason=obstacle_cleared wp=3 dist_wp=21.41 bearing_deg=-46.97 speed=0.000 pos=(-120.527,3.711,21.201) bounded=true
tick=14670 phase=following reason=obstacle_cleared wp=3 dist_wp=21.41 bearing_deg=-46.97 speed=0.000 pos=(-120.527,3.711,21.201) bounded=true
tick=14700 phase=following reason=obstacle_cleared wp=3 dist_wp=21.41 bearing_deg=-46.97 speed=0.000 pos=(-120.527,3.711,21.201) bounded=true
tick=14730 phase=following reason=obstacle_cleared wp=3 dist_wp=21.41 bearing_deg=-46.97 speed=0.000 pos=(-120.527,3.711,21.201) bounded=true
tick=14760 phase=following reason=obstacle_cleared wp=3 dist_wp=21.41 bearing_deg=-46.97 speed=0.000 pos=(-120.527,3.711,21.201) bounded=true
tick=14790 phase=following reason=obstacle_cleared wp=3 dist_wp=21.41 bearing_deg=-46.97 speed=0.000 pos=(-120.527,3.711,21.201) bounded=true
tick=14820 phase=following reason=obstacle_cleared wp=3 dist_wp=21.41 bearing_deg=-46.97 speed=0.000 pos=(-120.527,3.711,21.201) bounded=true
tick=14850 phase=following reason=obstacle_cleared wp=3 dist_wp=21.41 bearing_deg=-46.97 speed=0.000 pos=(-120.527,3.711,21.201) bounded=true
tick=14880 phase=following reason=obstacle_cleared wp=3 dist_wp=21.41 bearing_deg=-46.97 speed=0.000 pos=(-120.527,3.711,21.201) bounded=true
tick=14910 phase=following reason=obstacle_cleared wp=3 dist_wp=21.41 bearing_deg=-46.97 speed=0.000 pos=(-120.527,3.711,21.201) bounded=true
tick=14940 phase=following reason=obstacle_cleared wp=3 dist_wp=21.41 bearing_deg=-46.97 speed=0.000 pos=(-120.527,3.711,21.201) bounded=true
tick=14970 phase=following reason=obstacle_cleared wp=3 dist_wp=21.41 bearing_deg=-46.97 speed=0.000 pos=(-120.527,3.711,21.201) bounded=true
