tick=0 phase=following reason=path_ready wp=1 dist_wp=13.42 bearing_deg=26.57 speed=0.000 pos=(-27.000,0.026,116.000) bounded=true
tick=30 phase=following reason=path_ready wp=1 dist_wp=13.21 bearing_deg=7.08 speed=1.709 pos=(-27.060,0.053,115.804) bounded=true
tick=60 phase=following reason=path_ready wp=1 dist_wp=12.33 bearing_deg=2.11 speed=3.388 pos=(-27.412,0.052,114.988) bounded=true
tick=90 phase=following reason=path_ready wp=1 dist_wp=10.81 bearing_deg=1.09 speed=4.878 pos=(-28.077,0.040,113.621) bounded=true
tick=120 phase=following reason=path_ready wp=1 dist_wp=8.71 bearing_deg=0.94 speed=6.075 pos=(-29.008,0.027,111.745) bounded=true
tick=150 phase=following reason=path_ready wp=1 dist_wp=6.48 bearing_deg=0.81 speed=5.623 pos=(-30.007,0.019,109.748) bounded=true
tick=180 phase=following reason=path_ready wp=1 dist_wp=4.63 bearing_deg=0.79 speed=4.518 pos=(-30.844,0.030,108.094) bounded=true
tick=210 phase=following reason=path_ready wp=1 dist_wp=3.18 bearing_deg=0.80 speed=3.412 pos=(-31.504,0.030,106.805) bounded=true
tick=240 phase=following reason=path_ready wp=1 dist_wp=2.14 bearing_deg=0.89 speed=2.305 pos=(-31.984,0.031,105.880) bounded=true
tick=270 phase=following reason=path_ready wp=1 dist_wp=1.50 bearing_deg=1.11 speed=1.192 pos=(-32.280,0.031,105.318) bounded=true
tick=300 phase=following reason=path_ready wp=2 dist_wp=20.70 bearing_deg=66.96 speed=0.000 pos=(-32.382,0.034,105.126) bounded=true
tick=330 phase=following reason=path_ready wp=2 dist_wp=20.70 bearing_deg=29.46 speed=0.000 pos=(-32.382,0.004,105.126) bounded=true
tick=360 phase=following reason=path_ready wp=2 dist_wp=20.48 bearing_deg=6.83 speed=1.797 pos=(-32.609,0.055,105.143) bounded=true
tick=390 phase=following reason=path_ready wp=2 dist_wp=19.57 bearing_deg=1.99 speed=3.470 pos=(-33.503,0.053,105.308) bounded=true
tick=420 phase=following reason=path_ready wp=2 dist_wp=18.03 bearing_deg=1.04 speed=4.989 pos=(-35.006,0.043,105.651) bounded=true
tick=450 phase=following reason=path_ready wp=2 dist_wp=15.89 bearing_deg=0.92 speed=6.310 pos=(-37.086,0.029,106.140) bounded=true
tick=480 phase=following reason=path_ready wp=2 dist_wp=13.25 bearing_deg=1.08 speed=7.948 pos=(-39.655,0.042,106.749) bounded=true
tick=510 phase=following reason=path_ready wp=2 dist_wp=10.37 bearing_deg=0.81 speed=7.424 pos=(-42.451,0.015,107.421) bounded=true
tick=540 phase=following reason=path_ready wp=2 dist_wp=7.86 bearing_deg=0.81 speed=6.320 pos=(-44.894,0.030,108.017) bounded=true
tick=570 phase=following reason=path_ready wp=2 dist_wp=5.75 bearing_deg=0.81 speed=5.216 pos=(-46.941,0.030,108.525) bounded=true
tick=600 phase=following reason=path_ready wp=2 dist_wp=4.05 bearing_deg=0.79 speed=4.111 pos=(-48.594,0.030,108.943) bounded=true
tick=630 phase=following reason=path_ready wp=2 dist_wp=2.75 bearing_deg=0.82 speed=3.005 pos=(-49.851,0.030,109.268) bounded=true
tick=660 phase=following reason=path_ready wp=2 dist_wp=1.86 bearing_deg=0.97 speed=1.896 pos=(-50.714,0.031,109.496) bounded=true
tick=690 phase=following reason=path_ready wp=2 dist_wp=1.37 bearing_deg=1.18 speed=0.779 pos=(-51.181,0.031,109.622) bounded=true
tick=720 phase=following reason=path_ready wp=3 dist_wp=21.44 bearing_deg=1.03 speed=1.939 pos=(-51.507,0.041,109.714) bounded=true
tick=750 phase=following reason=path_ready wp=3 dist_wp=20.49 bearing_deg=1.19 speed=3.619 pos=(-52.410,0.055,109.978) bounded=true
tick=780 phase=following reason=path_ready wp=3 dist_wp=18.92 bearing_deg=1.08 speed=5.132 pos=(-53.922,0.046,110.421) bounded=true
tick=810 phase=following reason=path_ready wp=3 dist_wp=16.75 bearing_deg=0.93 speed=6.432 pos=(-56.001,0.030,111.034) bounded=true
tick=840 phase=following reason=path_ready wp=3 dist_wp=14.07 bearing_deg=1.07 speed=8.000 pos=(-58.569,0.042,111.795) bounded=true
tick=870 phase=following reason=path_ready wp=3 dist_wp=11.15 bearing_deg=0.80 speed=7.733 pos=(-61.368,0.005,112.634) bounded=true
tick=900 phase=following reason=path_ready wp=3 dist_wp=8.52 bearing_deg=0.81 speed=6.630 pos=(-63.882,0.029,113.397) bounded=true
tick=930 phase=following reason=path_ready wp=3 dist_wp=6.30 bearing_deg=0.80 speed=5.526 pos=(-66.007,0.030,114.051) bounded=true
tick=960 phase=following reason=path_ready wp=3 dist_wp=4.48 bearing_deg=0.81 speed=4.421 pos=(-67.742,0.030,114.593) bounded=true
tick=990 phase=following reason=path_ready wp=3 dist_wp=3.07 bearing_deg=0.82 speed=3.316 pos=(-69.088,0.030,115.021) bounded=true
tick=1020 phase=following reason=path_ready wp=3 dist_wp=2.07 bearing_deg=0.92 speed=2.208 pos=(-70.046,0.031,115.331) bounded=true
tick=1050 phase=following reason=path_ready wp=3 dist_wp=1.47 bearing_deg=1.11 speed=1.094 pos=(-70.615,0.031,115.519) bounded=true
tick=1080 phase=following reason=path_ready wp=4 dist_wp=18.07 bearing_deg=-49.05 speed=0.000 pos=(-70.788,0.033,115.576) bounded=true
tick=1110 phase=following reason=path_ready wp=4 dist_wp=18.06 bearing_deg=-14.43 speed=0.380 pos=(-70.797,0.006,115.571) bounded=true
tick=1140 phase=following reason=path_ready wp=4 dist_wp=17.47 bearing_deg=-3.62 speed=2.256 pos=(-71.270,0.040,115.218) bounded=true
tick=1170 phase=following reason=path_ready wp=4 dist_wp=16.20 bearing_deg=-1.26 speed=4.085 pos=(-72.226,0.042,114.374) bounded=true
tick=1200 phase=following reason=path_ready wp=4 dist_wp=14.28 bearing_deg=-1.21 speed=6.073 pos=(-73.636,0.053,113.077) bounded=true
tick=1230 phase=following reason=path_ready wp=4 dist_wp=11.81 bearing_deg=-1.16 speed=7.597 pos=(-75.448,0.047,111.401) bounded=true
tick=1260 phase=following reason=path_ready wp=4 dist_wp=9.10 bearing_deg=-0.79 speed=6.887 pos=(-77.435,0.020,109.552) bounded=true
tick=1290 phase=following reason=path_ready wp=4 dist_wp=6.78 bearing_deg=-0.80 speed=5.783 pos=(-79.126,0.030,107.967) bounded=true
tick=1320 phase=following reason=path_ready wp=4 dist_wp=4.87 bearing_deg=-0.80 speed=4.679 pos=(-80.515,0.030,106.653) bounded=true
tick=1350 phase=following reason=path_ready wp=4 dist_wp=3.36 bearing_deg=-0.80 speed=3.573 pos=(-81.605,0.030,105.613) bounded=true
tick=1380 phase=following reason=path_ready wp=4 dist_wp=2.26 bearing_deg=-0.87 speed=2.466 pos=(-82.398,0.031,104.848) bounded=true
tick=1410 phase=following reason=path_ready wp=4 dist_wp=1.57 bearing_deg=-1.06 speed=1.354 pos=(-82.895,0.031,104.364) bounded=true
tick=1440 phase=following reason=path_ready wp=5 dist_wp=18.78 bearing_deg=-1.79 speed=0.632 pos=(-83.104,0.024,104.158) bounded=true
tick=1470 phase=following reason=path_ready wp=5 dist_wp=18.12 bearing_deg=-0.99 speed=2.595 pos=(-83.571,0.038,103.679) bounded=true
tick=1500 phase=following reason=path_ready wp=5 dist_wp=16.74 bearing_deg=-1.03 speed=4.419 pos=(-84.524,0.039,102.694) bounded=true
tick=1530 phase=following reason=path_ready wp=5 dist_wp=14.71 bearing_deg=-1.06 speed=6.149 pos=(-85.938,0.042,101.230) bounded=true
tick=1560 phase=following reason=path_ready wp=5 dist_wp=12.12 bearing_deg=-1.16 speed=7.921 pos=(-87.731,0.047,99.365) bounded=true
tick=1590 phase=following reason=path_ready wp=5 dist_wp=9.36 bearing_deg=-0.80 speed=7.000 pos=(-89.640,0.022,97.368) bounded=true
tick=1620 phase=following reason=path_ready wp=5 dist_wp=7.00 bearing_deg=-0.80 speed=5.896 pos=(-91.263,0.030,95.656) bounded=true
tick=1650 phase=following reason=path_ready wp=5 dist_wp=5.05 bearing_deg=-0.80 speed=4.792 pos=(-92.601,0.030,94.233) bounded=true
tick=1680 phase=following reason=path_ready wp=5 dist_wp=3.50 bearing_deg=-0.80 speed=3.687 pos=(-93.657,0.030,93.100) bounded=true
tick=1710 phase=following reason=path_ready wp=5 dist_wp=2.36 bearing_deg=-0.86 speed=2.580 pos=(-94.431,0.031,92.260) bounded=true
tick=1740 phase=following reason=path_ready wp=5 dist_wp=1.62 bearing_deg=-1.04 speed=1.469 pos=(-94.927,0.031,91.716) bounded=true
tick=1770 phase=following reason=path_ready wp=5 dist_wp=1.30 bearing_deg=-1.24 speed=0.341 pos=(-95.146,0.031,91.474) bounded=true
tick=1800 phase=following reason=path_ready wp=6 dist_wp=18.21 bearing_deg=0.98 speed=2.317 pos=(-95.549,0.037,91.032) bounded=true
tick=1830 phase=following reason=path_ready wp=6 dist_wp=16.90 bearing_deg=1.06 speed=4.166 pos=(-96.428,0.042,90.068) bounded=true
tick=1860 phase=following reason=path_ready wp=6 dist_wp=14.93 bearing_deg=1.16 speed=6.126 pos=(-97.759,0.049,88.615) bounded=true
tick=1890 phase=following reason=path_ready wp=6 dist_wp=12.41 bearing_deg=1.15 speed=7.758 pos=(-99.467,0.047,86.756) bounded=true
tick=1920 phase=following reason=path_ready wp=6 dist_wp=9.61 bearing_deg=0.80 speed=7.108 pos=(-101.363,0.019,84.706) bounded=true
tick=1950 phase=following reason=path_ready wp=6 dist_wp=7.22 bearing_deg=0.81 speed=6.005 pos=(-102.998,0.030,82.951) bounded=true
tick=1980 phase=following reason=path_ready wp=6 dist_wp=5.22 bearing_deg=0.80 speed=4.901 pos=(-104.363,0.030,81.498) bounded=true
tick=2010 phase=following reason=path_ready wp=6 dist_wp=3.63 bearing_deg=0.80 speed=3.795 pos=(-105.456,0.030,80.346) bounded=true
tick=2040 phase=following reason=path_ready wp=6 dist_wp=2.45 bearing_deg=0.85 speed=2.689 pos=(-106.274,0.030,79.492) bounded=true
tick=2070 phase=following reason=path_ready wp=6 dist_wp=1.68 bearing_deg=1.03 speed=1.579 pos=(-106.814,0.031,78.935) bounded=true
tick=2100 phase=following reason=path_ready wp=6 dist_wp=1.31 bearing_deg=1.22 speed=0.455 pos=(-107.071,0.031,78.672) bounded=true
tick=2130 phase=following reason=path_ready wp=7 dist_wp=18.29 bearing_deg=-1.03 speed=2.196 pos=(-107.439,0.042,78.293) bounded=true
tick=2160 phase=following reason=path_ready wp=7 dist_wp=17.05 bearing_deg=-1.14 speed=4.131 pos=(-108.299,0.050,77.407) bounded=true
tick=2190 phase=following reason=path_ready wp=7 dist_wp=15.16 bearing_deg=-1.23 speed=6.097 pos=(-109.618,0.056,76.044) bounded=true
tick=2220 phase=following reason=path_ready wp=7 dist_wp=12.69 bearing_deg=-1.14 speed=7.587 pos=(-111.330,0.047,74.268) bounded=true
tick=2250 phase=following reason=path_ready wp=7 dist_wp=9.88 bearing_deg=-0.81 speed=7.219 pos=(-113.276,0.015,72.237) bounded=true
tick=2280 phase=following reason=path_ready wp=7 dist_wp=7.44 bearing_deg=-0.81 speed=6.116 pos=(-114.958,0.030,70.470) bounded=true
tick=2310 phase=following reason=path_ready wp=7 dist_wp=5.41 bearing_deg=-0.81 speed=5.012 pos=(-116.354,0.030,68.990) bounded=true
tick=2340 phase=following reason=path_ready wp=7 dist_wp=3.78 bearing_deg=-0.80 speed=3.907 pos=(-117.467,0.030,67.800) bounded=true
tick=2370 phase=following reason=path_ready wp=7 dist_wp=2.55 bearing_deg=-0.85 speed=2.800 pos=(-118.298,0.030,66.902) bounded=true
tick=2400 phase=following reason=path_ready wp=7 dist_wp=1.74 bearing_deg=-0.98 speed=1.690 pos=(-118.849,0.031,66.299) bounded=true
tick=2430 phase=following reason=path_ready wp=7 dist_wp=1.33 bearing_deg=-1.22 speed=0.570 pos=(-119.124,0.031,65.997) bounded=true
tick=2460 phase=following reason=path_ready wp=1 dist_wp=22.64 bearing_deg=-14.23 speed=0.392 pos=(-119.156,0.005,65.953) bounded=true
tick=2490 phase=following reason=path_ready wp=1 dist_wp=22.04 bearing_deg=-3.53 speed=2.351 pos=(-119.244,0.040,65.357) bounded=true
tick=2520 phase=following reason=path_ready wp=1 dist_wp=20.72 bearing_deg=-1.15 speed=4.179 pos=(-119.330,0.042,64.047) bounded=true
tick=2550 phase=following reason=path_ready wp=1 dist_wp=18.76 bearing_deg=-0.99 speed=6.070 pos=(-119.419,0.047,62.081) bounded=true
tick=2580 phase=following reason=path_ready wp=1 dist_wp=16.23 bearing_deg=-1.00 speed=7.752 pos=(-119.530,0.047,59.562) bounded=true
tick=2610 phase=following reason=path_ready wp=1 dist_wp=13.31 bearing_deg=-0.79 speed=8.000 pos=(-119.651,0.008,56.634) bounded=true
tick=2640 phase=following reason=path_ready wp=1 dist_wp=10.43 bearing_deg=-0.89 speed=7.444 pos=(-119.762,0.018,53.756) bounded=true
tick=2670 phase=following reason=path_ready wp=1 dist_wp=7.90 bearing_deg=-0.89 speed=6.341 pos=(-119.849,0.028,51.236) bounded=true
tick=2700 phase=following reason=path_ready wp=1 dist_wp=5.79 bearing_deg=-0.85 speed=5.237 pos=(-119.914,0.039,49.119) bounded=true
tick=2730 phase=following reason=path_ready wp=1 dist_wp=4.07 bearing_deg=-1.49 speed=4.128 pos=(-119.959,0.072,47.403) bounded=true
tick=2760 phase=following reason=path_ready wp=1 dist_wp=2.76 bearing_deg=-2.05 speed=3.015 pos=(-119.986,0.088,46.091) bounded=true
tick=2790 phase=following reason=path_ready wp=1 dist_wp=1.86 bearing_deg=-3.65 speed=1.897 pos=(-120.000,0.130,45.190) bounded=true
tick=2820 phase=following reason=path_ready wp=1 dist_wp=1.37 bearing_deg=-5.72 speed=0.763 pos=(-120.004,0.159,44.701) bounded=true
tick=2850 phase=following reason=path_ready wp=2 dist_wp=22.91 bearing_deg=-5.31 speed=2.065 pos=(-120.007,0.249,44.329) bounded=true
tick=2880 phase=following reason=path_ready wp=2 dist_wp=21.93 bearing_deg=-4.68 speed=3.694 pos=(-120.019,0.317,43.342) bounded=true
tick=2910 phase=following reason=path_ready wp=2 dist_wp=20.35 bearing_deg=-5.32 speed=5.118 pos=(-120.037,0.329,41.746) bounded=true
tick=2940 phase=following reason=path_ready wp=2 dist_wp=18.19 bearing_deg=-4.76 speed=6.272 pos=(-120.067,0.459,39.583) bounded=true
tick=2970 phase=following reason=path_ready wp=2 dist_wp=15.60 bearing_deg=-4.71 speed=7.572 pos=(-120.140,0.746,37.003) bounded=true
tick=3000 phase=following reason=obstacle_cleared wp=2 dist_wp=12.70 bearing_deg=-6.52 speed=8.000 pos=(-120.307,1.142,34.121) bounded=true
tick=3030 phase=yielding reason=physical_obstacle wp=2 dist_wp=9.91 bearing_deg=-10.85 speed=7.159 pos=(-120.598,1.638,31.359) bounded=true
tick=3060 phase=following reason=obstacle_cleared wp=2 dist_wp=7.54 bearing_deg=-16.20 speed=6.086 pos=(-120.939,2.108,28.989) bounded=true
tick=3090 phase=following reason=obstacle_cleared wp=2 dist_wp=5.73 bearing_deg=-20.46 speed=3.808 pos=(-121.215,2.470,27.142) bounded=true
tick=3120 phase=following reason=obstacle_cleared wp=2 dist_wp=4.80 bearing_deg=-15.49 speed=1.872 pos=(-121.287,2.664,26.194) bounded=true
tick=3150 phase=following reason=obstacle_cleared wp=2 dist_wp=4.00 bearing_deg=-7.97 speed=2.287 pos=(-121.203,2.767,25.386) bounded=true
tick=3180 phase=following reason=obstacle_cleared wp=2 dist_wp=3.07 bearing_deg=-0.64 speed=2.464 pos=(-120.978,2.991,24.505) bounded=true
tick=3210 phase=following reason=obstacle_cleared wp=2 dist_wp=2.13 bearing_deg=6.75 speed=2.233 pos=(-120.642,3.185,23.648) bounded=true
tick=3240 phase=following reason=obstacle_cleared wp=2 dist_wp=1.47 bearing_deg=12.62 speed=1.047 pos=(-120.369,3.350,23.067) bounded=true
tick=3270 phase=following reason=obstacle_cleared wp=3 dist_wp=23.12 bearing_deg=18.59 speed=0.000 pos=(-120.293,3.380,22.883) bounded=true
tick=3300 phase=following reason=obstacle_cleared wp=3 dist_wp=22.73 bearing_deg=5.05 speed=1.787 pos=(-120.238,3.442,22.500) bounded=true
tick=3330 phase=following reason=obstacle_cleared wp=3 dist_wp=21.92 bearing_deg=-14.37 speed=2.684 pos=(-120.307,3.609,21.700) bounded=true
tick=3360 phase=following reason=obstacle_cleared wp=3 dist_wp=21.05 bearing_deg=-25.49 speed=1.269 pos=(-120.573,3.805,20.842) bounded=true
tick=3390 phase=following reason=obstacle_cleared wp=3 dist_wp=20.91 bearing_deg=-27.04 speed=0.000 pos=(-120.609,3.844,20.711) bounded=true
tick=3420 phase=following reason=obstacle_cleared wp=3 dist_wp=20.91 bearing_deg=-30.43 speed=0.000 pos=(-120.606,3.824,20.702) bounded=true
tick=3450 phase=following reason=obstacle_cleared wp=3 dist_wp=20.91 bearing_deg=-33.67 speed=0.000 pos=(-120.606,3.822,20.702) bounded=true
tick=3480 phase=following reason=obstacle_cleared wp=3 dist_wp=20.91 bearing_deg=-36.93 speed=0.000 pos=(-120.606,3.811,20.699) bounded=true
tick=3510 phase=following reason=obstacle_cleared wp=3 dist_wp=20.88 bearing_deg=-41.55 speed=0.000 pos=(-120.600,3.818,20.677) bounded=true
tick=3540 phase=following reason=obstacle_cleared wp=3 dist_wp=20.87 bearing_deg=-44.43 speed=0.000 pos=(-120.597,3.820,20.664) bounded=true
tick=3570 phase=following reason=obstacle_cleared wp=3 dist_wp=20.85 bearing_deg=-46.06 speed=0.000 pos=(-120.592,3.823,20.646) bounded=true
tick=3600 phase=following reason=obstacle_cleared wp=3 dist_wp=20.82 bearing_deg=-46.84 speed=0.000 pos=(-120.586,3.829,20.621) bounded=true
tick=3630 phase=following reason=obstacle_cleared wp=3 dist_wp=20.80 bearing_deg=-47.20 speed=0.000 pos=(-120.581,3.835,20.601) bounded=true
tick=3660 phase=following reason=obstacle_cleared wp=3 dist_wp=20.77 bearing_deg=-47.35 speed=0.000 pos=(-120.572,3.842,20.568) bounded=true
tick=3690 phase=following reason=obstacle_cleared wp=3 dist_wp=20.75 bearing_deg=-47.41 speed=0.000 pos=(-120.567,3.847,20.548) bounded=true
tick=3720 phase=following reason=obstacle_cleared wp=3 dist_wp=20.73 bearing_deg=-47.43 speed=0.000 pos=(-120.561,3.853,20.525) bounded=true
tick=3750 phase=following reason=obstacle_cleared wp=3 dist_wp=20.70 bearing_deg=-47.43 speed=0.000 pos=(-120.555,3.859,20.499) bounded=true
tick=3780 phase=following reason=obstacle_cleared wp=3 dist_wp=20.67 bearing_deg=-47.41 speed=0.000 pos=(-120.546,3.866,20.467) bounded=true
tick=3810 phase=following reason=obstacle_cleared wp=3 dist_wp=20.64 bearing_deg=-47.40 speed=0.000 pos=(-120.540,3.872,20.441) bounded=true
tick=3840 phase=following reason=obstacle_cleared wp=3 dist_wp=20.62 bearing_deg=-47.39 speed=0.000 pos=(-120.536,3.875,20.426) bounded=true
tick=3870 phase=following reason=obstacle_cleared wp=3 dist_wp=20.60 bearing_deg=-47.38 speed=0.000 pos=(-120.529,3.881,20.401) bounded=true
tick=3900 phase=following reason=obstacle_cleared wp=3 dist_wp=20.59 bearing_deg=-46.20 speed=0.000 pos=(-120.526,3.889,20.389) bounded=true
tick=3930 phase=following reason=obstacle_cleared wp=3 dist_wp=20.59 bearing_deg=-45.00 speed=0.000 pos=(-120.527,3.889,20.389) bounded=true
tick=3960 phase=following reason=obstacle_cleared wp=3 dist_wp=20.59 bearing_deg=-44.39 speed=0.000 pos=(-120.527,3.889,20.389) bounded=true
tick=3990 phase=following reason=obstacle_cleared wp=3 dist_wp=20.59 bearing_deg=-44.07 speed=0.000 pos=(-120.527,3.889,20.389) bounded=true
tick=4020 phase=following reason=obstacle_cleared wp=3 dist_wp=20.59 bearing_deg=-43.90 speed=0.000 pos=(-120.527,3.889,20.389) bounded=true
tick=4050 phase=following reason=obstacle_cleared wp=3 dist_wp=20.59 bearing_deg=-43.81 speed=0.000 pos=(-120.528,3.888,20.389) bounded=true
tick=4080 phase=following reason=obstacle_cleared wp=3 dist_wp=20.59 bearing_deg=-43.76 speed=0.000 pos=(-120.528,3.889,20.389) bounded=true
tick=4110 phase=following reason=obstacle_cleared wp=3 dist_wp=20.59 bearing_deg=-43.74 speed=0.000 pos=(-120.528,3.889,20.389) bounded=true
tick=4140 phase=following reason=obstacle_cleared wp=3 dist_wp=20.59 bearing_deg=-43.72 speed=0.000 pos=(-120.528,3.889,20.389) bounded=true
tick=4170 phase=following reason=obstacle_cleared wp=3 dist_wp=20.59 bearing_deg=-43.71 speed=0.000 pos=(-120.529,3.888,20.389) bounded=true
tick=4200 phase=following reason=obstacle_cleared wp=3 dist_wp=20.59 bearing_deg=-43.71 speed=0.000 pos=(-120.529,3.889,20.389) bounded=true
tick=4230 phase=following reason=obstacle_cleared wp=3 dist_wp=20.59 bearing_deg=-43.71 speed=0.000 pos=(-120.529,3.889,20.389) bounded=true
tick=4260 phase=following reason=obstacle_cleared wp=3 dist_wp=20.59 bearing_deg=-43.71 speed=0.000 pos=(-120.529,3.889,20.389) bounded=true
tick=4290 phase=following reason=obstacle_cleared wp=3 dist_wp=20.59 bearing_deg=-43.71 speed=0.000 pos=(-120.530,3.889,20.389) bounded=true
tick=4320 phase=following reason=obstacle_cleared wp=3 dist_wp=20.59 bearing_deg=-43.71 speed=0.000 pos=(-120.530,3.889,20.389) bounded=true
tick=4350 phase=following reason=obstacle_cleared wp=3 dist_wp=20.59 bearing_deg=-43.71 speed=0.000 pos=(-120.530,3.888,20.389) bounded=true
tick=4380 phase=following reason=obstacle_cleared wp=3 dist_wp=20.59 bearing_deg=-43.71 speed=0.000 pos=(-120.531,3.888,20.389) bounded=true
tick=4410 phase=following reason=obstacle_cleared wp=3 dist_wp=20.59 bearing_deg=-43.71 speed=0.000 pos=(-120.531,3.888,20.389) bounded=true
tick=4440 phase=following reason=obstacle_cleared wp=3 dist_wp=20.59 bearing_deg=-43.71 speed=0.000 pos=(-120.531,3.889,20.389) bounded=true
tick=4470 phase=following reason=obstacle_cleared wp=3 dist_wp=20.59 bearing_deg=-43.71 speed=0.000 pos=(-120.531,3.888,20.389) bounded=true
tick=4500 phase=following reason=obstacle_cleared wp=3 dist_wp=20.59 bearing_deg=-43.71 speed=0.000 pos=(-120.532,3.889,20.389) bounded=true
tick=4530 phase=following reason=obstacle_cleared wp=3 dist_wp=20.59 bearing_deg=-43.72 speed=0.000 pos=(-120.532,3.888,20.389) bounded=true
tick=4560 phase=following reason=obstacle_cleared wp=3 dist_wp=20.59 bearing_deg=-43.72 speed=0.000 pos=(-120.532,3.888,20.390) bounded=true
tick=4590 phase=following reason=obstacle_cleared wp=3 dist_wp=20.59 bearing_deg=-43.72 speed=0.000 pos=(-120.532,3.888,20.390) bounded=true
tick=4620 phase=following reason=obstacle_cleared wp=3 dist_wp=20.59 bearing_deg=-43.72 speed=0.000 pos=(-120.533,3.888,20.390) bounded=true
tick=4650 phase=following reason=obstacle_cleared wp=3 dist_wp=20.59 bearing_deg=-43.72 speed=0.000 pos=(-120.533,3.888,20.390) bounded=true
tick=4680 phase=following reason=obstacle_cleared wp=3 dist_wp=20.59 bearing_deg=-43.72 speed=0.000 pos=(-120.533,3.888,20.390) bounded=true
tick=4710 phase=following reason=obstacle_cleared wp=3 dist_wp=20.59 bearing_deg=-43.72 speed=0.000 pos=(-120.533,3.888,20.390) bounded=true
tick=4740 phase=following reason=obstacle_cleared wp=3 dist_wp=20.59 bearing_deg=-43.72 speed=0.000 pos=(-120.533,3.888,20.390) bounded=true
tick=4770 phase=following reason=obstacle_cleared wp=3 dist_wp=20.59 bearing_deg=-43.72 speed=0.000 pos=(-120.534,3.888,20.390) bounded=true
tick=4800 phase=following reason=obstacle_cleared wp=3 dist_wp=20.59 bearing_deg=-43.72 speed=0.000 pos=(-120.534,3.888,20.390) bounded=true
tick=4830 phase=following reason=obstacle_cleared wp=3 dist_wp=20.59 bearing_deg=-43.72 speed=0.000 pos=(-120.534,3.888,20.390) bounded=true
tick=4860 phase=following reason=obstacle_cleared wp=3 dist_wp=20.59 bearing_deg=-43.72 speed=0.000 pos=(-120.534,3.888,20.390) bounded=true
tick=4890 phase=following reason=obstacle_cleared wp=3 dist_wp=20.59 bearing_deg=-43.72 speed=0.000 pos=(-120.535,3.888,20.390) bounded=true
tick=4920 phase=following reason=obstacle_cleared wp=3 dist_wp=20.59 bearing_deg=-43.72 speed=0.000 pos=(-120.535,3.888,20.390) bounded=true
tick=4950 phase=following reason=obstacle_cleared wp=3 dist_wp=20.59 bearing_deg=-43.72 speed=0.000 pos=(-120.535,3.888,20.390) bounded=true
tick=4980 phase=following reason=obstacle_cleared wp=3 dist_wp=20.59 bearing_deg=-43.73 speed=0.000 pos=(-120.535,3.888,20.390) bounded=true
tick=5010 phase=following reason=obstacle_cleared wp=3 dist_wp=20.59 bearing_deg=-43.73 speed=0.000 pos=(-120.536,3.888,20.390) bounded=true
tick=5040 phase=following reason=obstacle_cleared wp=3 dist_wp=20.59 bearing_deg=-43.73 speed=0.000 pos=(-120.536,3.888,20.390) bounded=true
tick=5070 phase=following reason=obstacle_cleared wp=3 dist_wp=20.59 bearing_deg=-43.73 speed=0.000 pos=(-120.536,3.888,20.390) bounded=true
tick=5100 phase=following reason=obstacle_cleared wp=3 dist_wp=20.59 bearing_deg=-43.73 speed=0.000 pos=(-120.536,3.888,20.390) bounded=true
tick=5130 phase=following reason=obstacle_cleared wp=3 dist_wp=20.59 bearing_deg=-43.73 speed=0.000 pos=(-120.537,3.888,20.390) bounded=true
tick=5160 phase=following reason=obstacle_cleared wp=3 dist_wp=20.59 bearing_deg=-43.73 speed=0.000 pos=(-120.537,3.888,20.390) bounded=true
tick=5190 phase=following reason=obstacle_cleared wp=3 dist_wp=20.59 bearing_deg=-43.73 speed=0.000 pos=(-120.537,3.888,20.390) bounded=true
tick=5220 phase=following reason=obstacle_cleared wp=3 dist_wp=20.59 bearing_deg=-43.73 speed=0.000 pos=(-120.538,3.888,20.390) bounded=true
tick=5250 phase=following reason=obstacle_cleared wp=3 dist_wp=20.59 bearing_deg=-43.73 speed=0.000 pos=(-120.538,3.888,20.390) bounded=true
tick=5280 phase=following reason=obstacle_cleared wp=3 dist_wp=20.59 bearing_deg=-43.73 speed=0.000 pos=(-120.538,3.888,20.390) bounded=true
tick=5310 phase=following reason=obstacle_cleared wp=3 dist_wp=20.59 bearing_deg=-43.73 speed=0.000 pos=(-120.538,3.888,20.390) bounded=true
tick=5340 phase=following reason=obstacle_cleared wp=3 dist_wp=20.59 bearing_deg=-43.73 speed=0.000 pos=(-120.539,3.888,20.390) bounded=true
tick=5370 phase=following reason=obstacle_cleared wp=3 dist_wp=20.59 bearing_deg=-43.73 speed=0.000 pos=(-120.539,3.888,20.390) bounded=true
tick=5400 phase=following reason=obstacle_cleared wp=3 dist_wp=20.59 bearing_deg=-43.74 speed=0.000 pos=(-120.539,3.888,20.390) bounded=true
tick=5430 phase=following reason=obstacle_cleared wp=3 dist_wp=20.59 bearing_deg=-43.74 speed=0.000 pos=(-120.539,3.888,20.390) bounded=true
tick=5460 phase=following reason=obstacle_cleared wp=3 dist_wp=20.59 bearing_deg=-43.74 speed=0.000 pos=(-120.540,3.888,20.390) bounded=true
tick=5490 phase=following reason=obstacle_cleared wp=3 dist_wp=20.59 bearing_deg=-43.74 speed=0.000 pos=(-120.540,3.888,20.390) bounded=true
tick=5520 phase=following reason=obstacle_cleared wp=3 dist_wp=20.59 bearing_deg=-43.74 speed=0.000 pos=(-120.540,3.888,20.390) bounded=true
tick=5550 phase=following reason=obstacle_cleared wp=3 dist_wp=20.59 bearing_deg=-43.74 speed=0.000 pos=(-120.540,3.888,20.390) bounded=true
tick=5580 phase=following reason=obstacle_cleared wp=3 dist_wp=20.59 bearing_deg=-43.74 speed=0.000 pos=(-120.540,3.888,20.390) bounded=true
tick=5610 phase=following reason=obstacle_cleared wp=3 dist_wp=20.59 bearing_deg=-43.74 speed=0.000 pos=(-120.541,3.887,20.390) bounded=true
tick=5640 phase=following reason=obstacle_cleared wp=3 dist_wp=20.59 bearing_deg=-43.74 speed=0.000 pos=(-120.541,3.888,20.390) bounded=true
tick=5670 phase=following reason=obstacle_cleared wp=3 dist_wp=20.59 bearing_deg=-43.74 speed=0.000 pos=(-120.541,3.888,20.390) bounded=true
tick=5700 phase=following reason=obstacle_cleared wp=3 dist_wp=20.59 bearing_deg=-43.74 speed=0.000 pos=(-120.541,3.888,20.390) bounded=true
tick=5730 phase=following reason=obstacle_cleared wp=3 dist_wp=20.59 bearing_deg=-43.74 speed=0.000 pos=(-120.541,3.887,20.390) bounded=true
tick=5760 phase=following reason=obstacle_cleared wp=3 dist_wp=20.59 bearing_deg=-43.74 speed=0.000 pos=(-120.542,3.888,20.390) bounded=true
tick=5790 phase=following reason=obstacle_cleared wp=3 dist_wp=20.59 bearing_deg=-43.74 speed=0.000 pos=(-120.542,3.888,20.390) bounded=true
tick=5820 phase=following reason=obstacle_cleared wp=3 dist_wp=20.59 bearing_deg=-43.74 speed=0.000 pos=(-120.542,3.888,20.390) bounded=true
tick=5850 phase=following reason=obstacle_cleared wp=3 dist_wp=20.59 bearing_deg=-43.74 speed=0.000 pos=(-120.542,3.888,20.390) bounded=true
tick=5880 phase=following reason=obstacle_cleared wp=3 dist_wp=20.59 bearing_deg=-43.74 speed=0.000 pos=(-120.543,3.887,20.390) bounded=true
tick=5910 phase=following reason=obstacle_cleared wp=3 dist_wp=20.59 bearing_deg=-43.74 speed=0.000 pos=(-120.543,3.887,20.390) bounded=true
tick=5940 phase=following reason=obstacle_cleared wp=3 dist_wp=20.59 bearing_deg=-43.74 speed=0.000 pos=(-120.543,3.887,20.390) bounded=true
tick=5970 phase=following reason=obstacle_cleared wp=3 dist_wp=20.59 bearing_deg=-43.74 speed=0.000 pos=(-120.543,3.887,20.390) bounded=true
tick=6000 phase=following reason=obstacle_cleared wp=3 dist_wp=20.59 bearing_deg=-43.74 speed=0.000 pos=(-120.543,3.887,20.390) bounded=true
tick=6030 phase=following reason=obstacle_cleared wp=3 dist_wp=20.59 bearing_deg=-43.74 speed=0.000 pos=(-120.543,3.887,20.390) bounded=true
tick=6060 phase=following reason=obstacle_cleared wp=3 dist_wp=20.59 bearing_deg=-43.74 speed=0.000 pos=(-120.543,3.887,20.390) bounded=true
tick=6090 phase=following reason=obstacle_cleared wp=3 dist_wp=20.59 bearing_deg=-43.74 speed=0.000 pos=(-120.543,3.887,20.390) bounded=true
tick=6120 phase=following reason=obstacle_cleared wp=3 dist_wp=20.59 bearing_deg=-43.74 speed=0.000 pos=(-120.543,3.887,20.390) bounded=true
tick=6150 phase=following reason=obstacle_cleared wp=3 dist_wp=20.59 bearing_deg=-43.74 speed=0.000 pos=(-120.543,3.887,20.390) bounded=true
tick=6180 phase=following reason=obstacle_cleared wp=3 dist_wp=20.59 bearing_deg=-43.74 speed=0.000 pos=(-120.543,3.887,20.390) bounded=true
tick=6210 phase=following reason=obstacle_cleared wp=3 dist_wp=20.59 bearing_deg=-43.74 speed=0.000 pos=(-120.543,3.887,20.390) bounded=true
tick=6240 phase=following reason=obstacle_cleared wp=3 dist_wp=20.59 bearing_deg=-43.74 speed=0.000 pos=(-120.543,3.887,20.390) bounded=true
tick=6270 phase=following reason=obstacle_cleared wp=3 dist_wp=20.59 bearing_deg=-43.74 speed=0.000 pos=(-120.543,3.887,20.390) bounded=true
tick=6300 phase=following reason=obstacle_cleared wp=3 dist_wp=20.59 bearing_deg=-43.74 speed=0.000 pos=(-120.543,3.887,20.390) bounded=true
tick=6330 phase=following reason=obstacle_cleared wp=3 dist_wp=20.59 bearing_deg=-43.74 speed=0.000 pos=(-120.543,3.887,20.390) bounded=true
tick=6360 phase=following reason=obstacle_cleared wp=3 dist_wp=20.59 bearing_deg=-43.74 speed=0.000 pos=(-120.543,3.887,20.390) bounded=true
tick=6390 phase=following reason=obstacle_cleared wp=3 dist_wp=20.59 bearing_deg=-43.74 speed=0.000 pos=(-120.543,3.887,20.390) bounded=true
tick=6420 phase=following reason=obstacle_cleared wp=3 dist_wp=20.59 bearing_deg=-43.74 speed=0.000 pos=(-120.543,3.887,20.390) bounded=true
tick=6450 phase=following reason=obstacle_cleared wp=3 dist_wp=20.59 bearing_deg=-43.74 speed=0.000 pos=(-120.543,3.887,20.390) bounded=true
tick=6480 phase=following reason=obstacle_cleared wp=3 dist_wp=20.59 bearing_deg=-43.74 speed=0.000 pos=(-120.543,3.887,20.390) bounded=true
tick=6510 phase=following reason=obstacle_cleared wp=3 dist_wp=20.59 bearing_deg=-43.74 speed=0.000 pos=(-120.543,3.887,20.390) bounded=true
tick=6540 phase=following reason=obstacle_cleared wp=3 dist_wp=20.59 bearing_deg=-43.74 speed=0.000 pos=(-120.543,3.887,20.390) bounded=true
tick=6570 phase=following reason=obstacle_cleared wp=3 dist_wp=20.59 bearing_deg=-43.74 speed=0.000 pos=(-120.543,3.887,20.390) bounded=true
tick=6600 phase=following reason=obstacle_cleared wp=3 dist_wp=20.59 bearing_deg=-43.74 speed=0.000 pos=(-120.543,3.887,20.390) bounded=true
tick=6630 phase=following reason=obstacle_cleared wp=3 dist_wp=20.59 bearing_deg=-43.74 speed=0.000 pos=(-120.543,3.887,20.390) bounded=true
tick=6660 phase=following reason=obstacle_cleared wp=3 dist_wp=20.59 bearing_deg=-43.74 speed=0.000 pos=(-120.543,3.887,20.390) bounded=true
tick=6690 phase=following reason=obstacle_cleared wp=3 dist_wp=20.59 bearing_deg=-43.74 speed=0.000 pos=(-120.543,3.887,20.390) bounded=true
tick=6720 phase=following reason=obstacle_cleared wp=3 dist_wp=20.59 bearing_deg=-43.74 speed=0.000 pos=(-120.543,3.887,20.390) bounded=true
tick=6750 phase=following reason=obstacle_cleared wp=3 dist_wp=20.59 bearing_deg=-43.74 speed=0.000 pos=(-120.543,3.887,20.390) bounded=true
tick=6780 phase=following reason=obstacle_cleared wp=3 dist_wp=20.59 bearing_deg=-43.74 speed=0.000 pos=(-120.543,3.887,20.390) bounded=true
tick=6810 phase=following reason=obstacle_cleared wp=3 dist_wp=20.59 bearing_deg=-43.74 speed=0.000 pos=(-120.543,3.887,20.390) bounded=true
tick=6840 phase=following reason=obstacle_cleared wp=3 dist_wp=20.59 bearing_deg=-43.74 speed=0.000 pos=(-120.543,3.887,20.390) bounded=true
tick=6870 phase=following reason=obstacle_cleared wp=3 dist_wp=20.59 bearing_deg=-43.74 speed=0.000 pos=(-120.543,3.887,20.390) bounded=true
tick=6900 phase=following reason=obstacle_cleared wp=3 dist_wp=20.59 bearing_deg=-43.74 speed=0.000 pos=(-120.543,3.887,20.390) bounded=true
tick=6930 phase=following reason=obstacle_cleared wp=3 dist_wp=20.59 bearing_deg=-43.74 speed=0.000 pos=(-120.543,3.887,20.390) bounded=true
tick=6960 phase=following reason=obstacle_cleared wp=3 dist_wp=20.59 bearing_deg=-43.74 speed=0.000 pos=(-120.543,3.887,20.390) bounded=true
tick=6990 phase=following reason=obstacle_cleared wp=3 dist_wp=20.59 bearing_deg=-43.74 speed=0.000 pos=(-120.543,3.887,20.390) bounded=true
tick=7020 phase=following reason=obstacle_cleared wp=3 dist_wp=20.59 bearing_deg=-43.74 speed=0.000 pos=(-120.543,3.887,20.390) bounded=true
tick=7050 phase=following reason=obstacle_cleared wp=3 dist_wp=20.59 bearing_deg=-43.74 speed=0.000 pos=(-120.543,3.887,20.390) bounded=true
tick=7080 phase=following reason=obstacle_cleared wp=3 dist_wp=20.59 bearing_deg=-43.74 speed=0.000 pos=(-120.543,3.887,20.390) bounded=true
tick=7110 phase=following reason=obstacle_cleared wp=3 dist_wp=20.59 bearing_deg=-43.74 speed=0.000 pos=(-120.543,3.887,20.390) bounded=true
tick=7140 phase=following reason=obstacle_cleared wp=3 dist_wp=20.59 bearing_deg=-43.74 speed=0.000 pos=(-120.543,3.887,20.390) bounded=true
tick=7170 phase=following reason=obstacle_cleared wp=3 dist_wp=20.59 bearing_deg=-43.74 speed=0.000 pos=(-120.543,3.887,20.390) bounded=true
tick=7200 phase=following reason=obstacle_cleared wp=3 dist_wp=20.59 bearing_deg=-43.74 speed=0.000 pos=(-120.543,3.887,20.390) bounded=true
tick=7230 phase=following reason=obstacle_cleared wp=3 dist_wp=20.59 bearing_deg=-43.74 speed=0.000 pos=(-120.543,3.887,20.390) bounded=true
tick=7260 phase=following reason=obstacle_cleared wp=3 dist_wp=20.59 bearing_deg=-43.74 speed=0.000 pos=(-120.543,3.887,20.390) bounded=true
tick=7290 phase=following reason=obstacle_cleared wp=3 dist_wp=20.59 bearing_deg=-43.74 speed=0.000 pos=(-120.543,3.887,20.390) bounded=true
tick=7320 phase=following reason=obstacle_cleared wp=3 dist_wp=20.59 bearing_deg=-43.74 speed=0.000 pos=(-120.543,3.887,20.390) bounded=true
tick=7350 phase=following reason=obstacle_cleared wp=3 dist_wp=20.59 bearing_deg=-43.74 speed=0.000 pos=(-120.543,3.887,20.390) bounded=true
tick=7380 phase=following reason=obstacle_cleared wp=3 dist_wp=20.59 bearing_deg=-43.74 speed=0.000 pos=(-120.543,3.887,20.390) bounded=true
tick=7410 phase=following reason=obstacle_cleared wp=3 dist_wp=20.59 bearing_deg=-43.74 speed=0.000 pos=(-120.543,3.887,20.390) bounded=true
tick=7440 phase=following reason=obstacle_cleared wp=3 dist_wp=20.59 bearing_deg=-43.74 speed=0.000 pos=(-120.543,3.887,20.390) bounded=true
tick=7470 phase=following reason=obstacle_cleared wp=3 dist_wp=20.59 bearing_deg=-43.74 speed=0.000 pos=(-120.543,3.887,20.390) bounded=true
tick=7500 phase=following reason=obstacle_cleared wp=3 dist_wp=20.59 bearing_deg=-43.74 speed=0.000 pos=(-120.543,3.887,20.390) bounded=true
tick=7530 phase=following reason=obstacle_cleared wp=3 dist_wp=20.59 bearing_deg=-43.74 speed=0.000 pos=(-120.543,3.887,20.390) bounded=true
tick=7560 phase=following reason=obstacle_cleared wp=3 dist_wp=20.59 bearing_deg=-43.74 speed=0.000 pos=(-120.543,3.887,20.390) bounded=true
tick=7590 phase=following reason=obstacle_cleared wp=3 dist_wp=20.59 bearing_deg=-43.74 speed=0.000 pos=(-120.543,3.887,20.390) bounded=true
tick=7620 phase=following reason=obstacle_cleared wp=3 dist_wp=20.59 bearing_deg=-43.74 speed=0.000 pos=(-120.543,3.887,20.390) bounded=true
tick=7650 phase=following reason=obstacle_cleared wp=3 dist_wp=20.59 bearing_deg=-43.74 speed=0.000 pos=(-120.543,3.887,20.390) bounded=true
tick=7680 phase=following reason=obstacle_cleared wp=3 dist_wp=20.59 bearing_deg=-43.74 speed=0.000 pos=(-120.543,3.887,20.390) bounded=true
tick=7710 phase=following reason=obstacle_cleared wp=3 dist_wp=20.59 bearing_deg=-43.74 speed=0.000 pos=(-120.543,3.887,20.390) bounded=true
tick=7740 phase=following reason=obstacle_cleared wp=3 dist_wp=20.59 bearing_deg=-43.74 speed=0.000 pos=(-120.543,3.887,20.390) bounded=true
tick=7770 phase=following reason=obstacle_cleared wp=3 dist_wp=20.59 bearing_deg=-43.74 speed=0.000 pos=(-120.543,3.887,20.390) bounded=true
tick=7800 phase=following reason=obstacle_cleared wp=3 dist_wp=20.59 bearing_deg=-43.74 speed=0.000 pos=(-120.543,3.887,20.390) bounded=true
tick=7830 phase=following reason=obstacle_cleared wp=3 dist_wp=20.59 bearing_deg=-43.74 speed=0.000 pos=(-120.543,3.887,20.390) bounded=true
tick=7860 phase=following reason=obstacle_cleared wp=3 dist_wp=20.59 bearing_deg=-43.74 speed=0.000 pos=(-120.543,3.887,20.390) bounded=true
tick=7890 phase=following reason=obstacle_cleared wp=3 dist_wp=20.59 bearing_deg=-43.74 speed=0.000 pos=(-120.543,3.887,20.390) bounded=true
tick=7920 phase=following reason=obstacle_cleared wp=3 dist_wp=20.59 bearing_deg=-43.74 speed=0.000 pos=(-120.543,3.887,20.390) bounded=true
tick=7950 phase=following reason=obstacle_cleared wp=3 dist_wp=20.59 bearing_deg=-43.74 speed=0.000 pos=(-120.543,3.887,20.390) bounded=true
tick=7980 phase=following reason=obstacle_cleared wp=3 dist_wp=20.59 bearing_deg=-43.74 speed=0.000 pos=(-120.543,3.887,20.390) bounded=true
tick=8010 phase=following reason=obstacle_cleared wp=3 dist_wp=20.59 bearing_deg=-43.74 speed=0.000 pos=(-120.543,3.887,20.390) bounded=true
tick=8040 phase=following reason=obstacle_cleared wp=3 dist_wp=20.59 bearing_deg=-43.74 speed=0.000 pos=(-120.543,3.887,20.390) bounded=true
tick=8070 phase=following reason=obstacle_cleared wp=3 dist_wp=20.59 bearing_deg=-43.74 speed=0.000 pos=(-120.543,3.887,20.390) bounded=true
tick=8100 phase=following reason=obstacle_cleared wp=3 dist_wp=20.59 bearing_deg=-43.74 speed=0.000 pos=(-120.543,3.887,20.390) bounded=true
tick=8130 phase=following reason=obstacle_cleared wp=3 dist_wp=20.59 bearing_deg=-43.74 speed=0.000 pos=(-120.543,3.887,20.390) bounded=true
tick=8160 phase=following reason=obstacle_cleared wp=3 dist_wp=20.59 bearing_deg=-43.74 speed=0.000 pos=(-120.543,3.887,20.390) bounded=true
tick=8190 phase=following reason=obstacle_cleared wp=3 dist_wp=20.59 bearing_deg=-43.74 speed=0.000 pos=(-120.543,3.887,20.390) bounded=true
tick=8220 phase=following reason=obstacle_cleared wp=3 dist_wp=20.59 bearing_deg=-43.74 speed=0.000 pos=(-120.543,3.887,20.390) bounded=true
tick=8250 phase=following reason=obstacle_cleared wp=3 dist_wp=20.59 bearing_deg=-43.74 speed=0.000 pos=(-120.543,3.887,20.390) bounded=true
tick=8280 phase=following reason=obstacle_cleared wp=3 dist_wp=20.59 bearing_deg=-43.74 speed=0.000 pos=(-120.543,3.887,20.390) bounded=true
tick=8310 phase=following reason=obstacle_cleared wp=3 dist_wp=20.59 bearing_deg=-43.74 speed=0.000 pos=(-120.543,3.887,20.390) bounded=true
tick=8340 phase=following reason=obstacle_cleared wp=3 dist_wp=20.59 bearing_deg=-43.74 speed=0.000 pos=(-120.543,3.887,20.390) bounded=true
tick=8370 phase=following reason=obstacle_cleared wp=3 dist_wp=20.59 bearing_deg=-43.74 speed=0.000 pos=(-120.543,3.887,20.390) bounded=true
tick=8400 phase=following reason=obstacle_cleared wp=3 dist_wp=20.59 bearing_deg=-43.74 speed=0.000 pos=(-120.543,3.887,20.390) bounded=true
tick=8430 phase=following reason=obstacle_cleared wp=3 dist_wp=20.59 bearing_deg=-43.74 speed=0.000 pos=(-120.543,3.887,20.390) bounded=true
tick=8460 phase=following reason=obstacle_cleared wp=3 dist_wp=20.59 bearing_deg=-43.74 speed=0.000 pos=(-120.543,3.887,20.390) bounded=true
tick=8490 phase=following reason=obstacle_cleared wp=3 dist_wp=20.59 bearing_deg=-43.74 speed=0.000 pos=(-120.543,3.887,20.390) bounded=true
tick=8520 phase=following reason=obstacle_cleared wp=3 dist_wp=20.59 bearing_deg=-43.74 speed=0.000 pos=(-120.543,3.887,20.390) bounded=true
tick=8550 phase=following reason=obstacle_cleared wp=3 dist_wp=20.59 bearing_deg=-43.74 speed=0.000 pos=(-120.543,3.887,20.390) bounded=true
tick=8580 phase=following reason=obstacle_cleared wp=3 dist_wp=20.59 bearing_deg=-43.74 speed=0.000 pos=(-120.543,3.887,20.390) bounded=true
tick=8610 phase=following reason=obstacle_cleared wp=3 dist_wp=20.59 bearing_deg=-43.74 speed=0.000 pos=(-120.543,3.887,20.390) bounded=true
tick=8640 phase=following reason=obstacle_cleared wp=3 dist_wp=20.59 bearing_deg=-43.74 speed=0.000 pos=(-120.543,3.887,20.390) bounded=true
tick=8670 phase=following reason=obstacle_cleared wp=3 dist_wp=20.59 bearing_deg=-43.74 speed=0.000 pos=(-120.543,3.887,20.390) bounded=true
tick=8700 phase=following reason=obstacle_cleared wp=3 dist_wp=20.59 bearing_deg=-43.74 speed=0.000 pos=(-120.543,3.887,20.390) bounded=true
tick=8730 phase=following reason=obstacle_cleared wp=3 dist_wp=20.59 bearing_deg=-43.74 speed=0.000 pos=(-120.543,3.887,20.390) bounded=true
tick=8760 phase=following reason=obstacle_cleared wp=3 dist_wp=20.59 bearing_deg=-43.74 speed=0.000 pos=(-120.543,3.887,20.390) bounded=true
tick=8790 phase=following reason=obstacle_cleared wp=3 dist_wp=20.59 bearing_deg=-43.74 speed=0.000 pos=(-120.543,3.887,20.390) bounded=true
tick=8820 phase=following reason=obstacle_cleared wp=3 dist_wp=20.59 bearing_deg=-43.74 speed=0.000 pos=(-120.543,3.887,20.390) bounded=true
tick=8850 phase=following reason=obstacle_cleared wp=3 dist_wp=20.59 bearing_deg=-43.74 speed=0.000 pos=(-120.543,3.887,20.390) bounded=true
tick=8880 phase=following reason=obstacle_cleared wp=3 dist_wp=20.59 bearing_deg=-43.74 speed=0.000 pos=(-120.543,3.887,20.390) bounded=true
tick=8910 phase=following reason=obstacle_cleared wp=3 dist_wp=20.59 bearing_deg=-43.74 speed=0.000 pos=(-120.543,3.887,20.390) bounded=true
tick=8940 phase=following reason=obstacle_cleared wp=3 dist_wp=20.59 bearing_deg=-43.74 speed=0.000 pos=(-120.543,3.887,20.390) bounded=true
tick=8970 phase=following reason=obstacle_cleared wp=3 dist_wp=20.59 bearing_deg=-43.74 speed=0.000 pos=(-120.543,3.887,20.390) bounded=true
tick=9000 phase=following reason=obstacle_cleared wp=3 dist_wp=20.59 bearing_deg=-43.74 speed=0.000 pos=(-120.543,3.887,20.390) bounded=true
tick=9030 phase=following reason=obstacle_cleared wp=3 dist_wp=20.59 bearing_deg=-43.74 speed=0.000 pos=(-120.543,3.887,20.390) bounded=true
tick=9060 phase=following reason=obstacle_cleared wp=3 dist_wp=20.59 bearing_deg=-43.74 speed=0.000 pos=(-120.543,3.887,20.390) bounded=true
tick=9090 phase=following reason=obstacle_cleared wp=3 dist_wp=20.59 bearing_deg=-43.74 speed=0.000 pos=(-120.543,3.887,20.390) bounded=true
tick=9120 phase=following reason=obstacle_cleared wp=3 dist_wp=20.59 bearing_deg=-43.74 speed=0.000 pos=(-120.543,3.887,20.390) bounded=true
tick=9150 phase=following reason=obstacle_cleared wp=3 dist_wp=20.59 bearing_deg=-43.74 speed=0.000 pos=(-120.543,3.887,20.390) bounded=true
tick=9180 phase=following reason=obstacle_cleared wp=3 dist_wp=20.59 bearing_deg=-43.74 speed=0.000 pos=(-120.543,3.887,20.390) bounded=true
tick=9210 phase=following reason=obstacle_cleared wp=3 dist_wp=20.59 bearing_deg=-43.74 speed=0.000 pos=(-120.543,3.887,20.390) bounded=true
tick=9240 phase=following reason=obstacle_cleared wp=3 dist_wp=20.59 bearing_deg=-43.74 speed=0.000 pos=(-120.543,3.887,20.390) bounded=true
tick=9270 phase=following reason=obstacle_cleared wp=3 dist_wp=20.59 bearing_deg=-43.74 speed=0.000 pos=(-120.543,3.887,20.390) bounded=true
tick=9300 phase=following reason=obstacle_cleared wp=3 dist_wp=20.59 bearing_deg=-43.74 speed=0.000 pos=(-120.543,3.887,20.390) bounded=true
tick=9330 phase=following reason=obstacle_cleared wp=3 dist_wp=20.59 bearing_deg=-43.74 speed=0.000 pos=(-120.543,3.887,20.390) bounded=true
tick=9360 phase=following reason=obstacle_cleared wp=3 dist_wp=20.59 bearing_deg=-43.74 speed=0.000 pos=(-120.543,3.887,20.390) bounded=true
tick=9390 phase=following reason=obstacle_cleared wp=3 dist_wp=20.59 bearing_deg=-43.74 speed=0.000 pos=(-120.543,3.887,20.390) bounded=true
tick=9420 phase=following reason=obstacle_cleared wp=3 dist_wp=20.59 bearing_deg=-43.74 speed=0.000 pos=(-120.543,3.887,20.390) bounded=true
tick=9450 phase=following reason=obstacle_cleared wp=3 dist_wp=20.59 bearing_deg=-43.74 speed=0.000 pos=(-120.543,3.887,20.390) bounded=true
tick=9480 phase=following reason=obstacle_cleared wp=3 dist_wp=20.59 bearing_deg=-43.74 speed=0.000 pos=(-120.543,3.887,20.390) bounded=true
tick=9510 phase=following reason=obstacle_cleared wp=3 dist_wp=20.59 bearing_deg=-43.74 speed=0.000 pos=(-120.543,3.887,20.390) bounded=true
tick=9540 phase=following reason=obstacle_cleared wp=3 dist_wp=20.59 bearing_deg=-43.74 speed=0.000 pos=(-120.543,3.887,20.390) bounded=true
tick=9570 phase=following reason=obstacle_cleared wp=3 dist_wp=20.59 bearing_deg=-43.74 speed=0.000 pos=(-120.543,3.887,20.390) bounded=true
tick=9600 phase=following reason=obstacle_cleared wp=3 dist_wp=20.59 bearing_deg=-43.74 speed=0.000 pos=(-120.543,3.887,20.390) bounded=true
tick=9630 phase=following reason=obstacle_cleared wp=3 dist_wp=20.59 bearing_deg=-43.74 speed=0.000 pos=(-120.543,3.887,20.390) bounded=true
tick=9660 phase=following reason=obstacle_cleared wp=3 dist_wp=20.59 bearing_deg=-43.74 speed=0.000 pos=(-120.543,3.887,20.390) bounded=true
tick=9690 phase=following reason=obstacle_cleared wp=3 dist_wp=20.59 bearing_deg=-43.74 speed=0.000 pos=(-120.543,3.887,20.390) bounded=true
tick=9720 phase=following reason=obstacle_cleared wp=3 dist_wp=20.59 bearing_deg=-43.74 speed=0.000 pos=(-120.543,3.887,20.390) bounded=true
tick=9750 phase=following reason=obstacle_cleared wp=3 dist_wp=20.59 bearing_deg=-43.74 speed=0.000 pos=(-120.543,3.887,20.390) bounded=true
tick=9780 phase=following reason=obstacle_cleared wp=3 dist_wp=20.59 bearing_deg=-43.74 speed=0.000 pos=(-120.543,3.887,20.390) bounded=true
tick=9810 phase=following reason=obstacle_cleared wp=3 dist_wp=20.59 bearing_deg=-43.74 speed=0.000 pos=(-120.543,3.887,20.390) bounded=true
tick=9840 phase=following reason=obstacle_cleared wp=3 dist_wp=20.59 bearing_deg=-43.74 speed=0.000 pos=(-120.543,3.887,20.390) bounded=true
tick=9870 phase=following reason=obstacle_cleared wp=3 dist_wp=20.59 bearing_deg=-43.74 speed=0.000 pos=(-120.543,3.887,20.390) bounded=true
tick=9900 phase=following reason=obstacle_cleared wp=3 dist_wp=20.59 bearing_deg=-43.74 speed=0.000 pos=(-120.543,3.887,20.390) bounded=true
tick=9930 phase=following reason=obstacle_cleared wp=3 dist_wp=20.59 bearing_deg=-43.74 speed=0.000 pos=(-120.543,3.887,20.390) bounded=true
tick=9960 phase=following reason=obstacle_cleared wp=3 dist_wp=20.59 bearing_deg=-43.74 speed=0.000 pos=(-120.543,3.887,20.390) bounded=true
tick=9990 phase=following reason=obstacle_cleared wp=3 dist_wp=20.59 bearing_deg=-43.74 speed=0.000 pos=(-120.543,3.887,20.390) bounded=true
tick=10020 phase=following reason=obstacle_cleared wp=3 dist_wp=20.59 bearing_deg=-43.74 speed=0.000 pos=(-120.543,3.887,20.390) bounded=true
tick=10050 phase=following reason=obstacle_cleared wp=3 dist_wp=20.59 bearing_deg=-43.74 speed=0.000 pos=(-120.543,3.887,20.390) bounded=true
tick=10080 phase=following reason=obstacle_cleared wp=3 dist_wp=20.59 bearing_deg=-43.74 speed=0.000 pos=(-120.543,3.887,20.390) bounded=true
tick=10110 phase=following reason=obstacle_cleared wp=3 dist_wp=20.59 bearing_deg=-43.74 speed=0.000 pos=(-120.543,3.887,20.390) bounded=true
tick=10140 phase=following reason=obstacle_cleared wp=3 dist_wp=20.59 bearing_deg=-43.74 speed=0.000 pos=(-120.543,3.887,20.390) bounded=true
tick=10170 phase=following reason=obstacle_cleared wp=3 dist_wp=20.59 bearing_deg=-43.74 speed=0.000 pos=(-120.543,3.887,20.390) bounded=true
tick=10200 phase=following reason=obstacle_cleared wp=3 dist_wp=20.59 bearing_deg=-43.74 speed=0.000 pos=(-120.543,3.887,20.390) bounded=true
tick=10230 phase=following reason=obstacle_cleared wp=3 dist_wp=20.59 bearing_deg=-43.74 speed=0.000 pos=(-120.543,3.887,20.390) bounded=true
tick=10260 phase=following reason=obstacle_cleared wp=3 dist_wp=20.59 bearing_deg=-43.74 speed=0.000 pos=(-120.543,3.887,20.390) bounded=true
tick=10290 phase=following reason=obstacle_cleared wp=3 dist_wp=20.59 bearing_deg=-43.74 speed=0.000 pos=(-120.543,3.887,20.390) bounded=true
tick=10320 phase=following reason=obstacle_cleared wp=3 dist_wp=20.59 bearing_deg=-43.74 speed=0.000 pos=(-120.543,3.887,20.390) bounded=true
tick=10350 phase=following reason=obstacle_cleared wp=3 dist_wp=20.59 bearing_deg=-43.74 speed=0.000 pos=(-120.543,3.887,20.390) bounded=true
tick=10380 phase=following reason=obstacle_cleared wp=3 dist_wp=20.59 bearing_deg=-43.74 speed=0.000 pos=(-120.543,3.887,20.390) bounded=true
tick=10410 phase=following reason=obstacle_cleared wp=3 dist_wp=20.59 bearing_deg=-43.74 speed=0.000 pos=(-120.543,3.887,20.390) bounded=true
tick=10440 phase=following reason=obstacle_cleared wp=3 dist_wp=20.59 bearing_deg=-43.74 speed=0.000 pos=(-120.543,3.887,20.390) bounded=true
tick=10470 phase=following reason=obstacle_cleared wp=3 dist_wp=20.59 bearing_deg=-43.74 speed=0.000 pos=(-120.543,3.887,20.390) bounded=true
tick=10500 phase=following reason=obstacle_cleared wp=3 dist_wp=20.59 bearing_deg=-43.74 speed=0.000 pos=(-120.543,3.887,20.390) bounded=true
tick=10530 phase=following reason=obstacle_cleared wp=3 dist_wp=20.59 bearing_deg=-43.74 speed=0.000 pos=(-120.543,3.887,20.390) bounded=true
tick=10560 phase=following reason=obstacle_cleared wp=3 dist_wp=20.59 bearing_deg=-43.74 speed=0.000 pos=(-120.543,3.887,20.390) bounded=true
tick=10590 phase=following reason=obstacle_cleared wp=3 dist_wp=20.59 bearing_deg=-43.74 speed=0.000 pos=(-120.543,3.887,20.390) bounded=true
tick=10620 phase=following reason=obstacle_cleared wp=3 dist_wp=20.59 bearing_deg=-43.74 speed=0.000 pos=(-120.543,3.887,20.390) bounded=true
tick=10650 phase=following reason=obstacle_cleared wp=3 dist_wp=20.59 bearing_deg=-43.74 speed=0.000 pos=(-120.543,3.887,20.390) bounded=true
tick=10680 phase=following reason=obstacle_cleared wp=3 dist_wp=20.59 bearing_deg=-43.74 speed=0.000 pos=(-120.543,3.887,20.390) bounded=true
tick=10710 phase=following reason=obstacle_cleared wp=3 dist_wp=20.59 bearing_deg=-43.74 speed=0.000 pos=(-120.543,3.887,20.390) bounded=true
tick=10740 phase=following reason=obstacle_cleared wp=3 dist_wp=20.59 bearing_deg=-43.74 speed=0.000 pos=(-120.543,3.887,20.390) bounded=true
tick=10770 phase=following reason=obstacle_cleared wp=3 dist_wp=20.59 bearing_deg=-43.74 speed=0.000 pos=(-120.543,3.887,20.390) bounded=true
tick=10800 phase=following reason=obstacle_cleared wp=3 dist_wp=20.59 bearing_deg=-43.74 speed=0.000 pos=(-120.543,3.887,20.390) bounded=true
tick=10830 phase=following reason=obstacle_cleared wp=3 dist_wp=20.59 bearing_deg=-43.74 speed=0.000 pos=(-120.543,3.887,20.390) bounded=true
tick=10860 phase=following reason=obstacle_cleared wp=3 dist_wp=20.59 bearing_deg=-43.74 speed=0.000 pos=(-120.543,3.887,20.390) bounded=true
tick=10890 phase=following reason=obstacle_cleared wp=3 dist_wp=20.59 bearing_deg=-43.74 speed=0.000 pos=(-120.543,3.887,20.390) bounded=true
tick=10920 phase=following reason=obstacle_cleared wp=3 dist_wp=20.59 bearing_deg=-43.74 speed=0.000 pos=(-120.543,3.887,20.390) bounded=true
tick=10950 phase=following reason=obstacle_cleared wp=3 dist_wp=20.59 bearing_deg=-43.74 speed=0.000 pos=(-120.543,3.887,20.390) bounded=true
tick=10980 phase=following reason=obstacle_cleared wp=3 dist_wp=20.59 bearing_deg=-43.74 speed=0.000 pos=(-120.543,3.887,20.390) bounded=true
tick=11010 phase=following reason=obstacle_cleared wp=3 dist_wp=20.59 bearing_deg=-43.74 speed=0.000 pos=(-120.543,3.887,20.390) bounded=true
tick=11040 phase=following reason=obstacle_cleared wp=3 dist_wp=20.59 bearing_deg=-43.74 speed=0.000 pos=(-120.543,3.887,20.390) bounded=true
tick=11070 phase=following reason=obstacle_cleared wp=3 dist_wp=20.59 bearing_deg=-43.74 speed=0.000 pos=(-120.543,3.887,20.390) bounded=true
tick=11100 phase=following reason=obstacle_cleared wp=3 dist_wp=20.59 bearing_deg=-43.74 speed=0.000 pos=(-120.543,3.887,20.390) bounded=true
tick=11130 phase=following reason=obstacle_cleared wp=3 dist_wp=20.59 bearing_deg=-43.74 speed=0.000 pos=(-120.543,3.887,20.390) bounded=true
tick=11160 phase=following reason=obstacle_cleared wp=3 dist_wp=20.59 bearing_deg=-43.74 speed=0.000 pos=(-120.543,3.887,20.390) bounded=true
tick=11190 phase=following reason=obstacle_cleared wp=3 dist_wp=20.59 bearing_deg=-43.74 speed=0.000 pos=(-120.543,3.887,20.390) bounded=true
tick=11220 phase=following reason=obstacle_cleared wp=3 dist_wp=20.59 bearing_deg=-43.74 speed=0.000 pos=(-120.543,3.887,20.390) bounded=true
tick=11250 phase=following reason=obstacle_cleared wp=3 dist_wp=20.59 bearing_deg=-43.74 speed=0.000 pos=(-120.543,3.887,20.390) bounded=true
tick=11280 phase=following reason=obstacle_cleared wp=3 dist_wp=20.59 bearing_deg=-43.74 speed=0.000 pos=(-120.543,3.887,20.390) bounded=true
tick=11310 phase=following reason=obstacle_cleared wp=3 dist_wp=20.59 bearing_deg=-43.74 speed=0.000 pos=(-120.543,3.887,20.390) bounded=true
tick=11340 phase=following reason=obstacle_cleared wp=3 dist_wp=20.59 bearing_deg=-43.74 speed=0.000 pos=(-120.543,3.887,20.390) bounded=true
tick=11370 phase=following reason=obstacle_cleared wp=3 dist_wp=20.59 bearing_deg=-43.74 speed=0.000 pos=(-120.543,3.887,20.390) bounded=true
tick=11400 phase=following reason=obstacle_cleared wp=3 dist_wp=20.59 bearing_deg=-43.74 speed=0.000 pos=(-120.543,3.887,20.390) bounded=true
tick=11430 phase=following reason=obstacle_cleared wp=3 dist_wp=20.59 bearing_deg=-43.74 speed=0.000 pos=(-120.543,3.887,20.390) bounded=true
tick=11460 phase=following reason=obstacle_cleared wp=3 dist_wp=20.59 bearing_deg=-43.74 speed=0.000 pos=(-120.543,3.887,20.390) bounded=true
tick=11490 phase=following reason=obstacle_cleared wp=3 dist_wp=20.59 bearing_deg=-43.74 speed=0.000 pos=(-120.543,3.887,20.390) bounded=true
tick=11520 phase=following reason=obstacle_cleared wp=3 dist_wp=20.59 bearing_deg=-43.74 speed=0.000 pos=(-120.543,3.887,20.390) bounded=true
tick=11550 phase=following reason=obstacle_cleared wp=3 dist_wp=20.59 bearing_deg=-43.74 speed=0.000 pos=(-120.543,3.887,20.390) bounded=true
tick=11580 phase=following reason=obstacle_cleared wp=3 dist_wp=20.59 bearing_deg=-43.74 speed=0.000 pos=(-120.543,3.887,20.390) bounded=true
tick=11610 phase=following reason=obstacle_cleared wp=3 dist_wp=20.59 bearing_deg=-43.74 speed=0.000 pos=(-120.543,3.887,20.390) bounded=true
tick=11640 phase=following reason=obstacle_cleared wp=3 dist_wp=20.59 bearing_deg=-43.74 speed=0.000 pos=(-120.543,3.887,20.390) bounded=true
tick=11670 phase=following reason=obstacle_cleared wp=3 dist_wp=20.59 bearing_deg=-43.74 speed=0.000 pos=(-120.543,3.887,20.390) bounded=true
tick=11700 phase=following reason=obstacle_cleared wp=3 dist_wp=20.59 bearing_deg=-43.74 speed=0.000 pos=(-120.543,3.887,20.390) bounded=true
tick=11730 phase=following reason=obstacle_cleared wp=3 dist_wp=20.59 bearing_deg=-43.74 speed=0.000 pos=(-120.543,3.887,20.390) bounded=true
tick=11760 phase=following reason=obstacle_cleared wp=3 dist_wp=20.59 bearing_deg=-43.74 speed=0.000 pos=(-120.543,3.887,20.390) bounded=true
tick=11790 phase=following reason=obstacle_cleared wp=3 dist_wp=20.59 bearing_deg=-43.74 speed=0.000 pos=(-120.543,3.887,20.390) bounded=true
tick=11820 phase=following reason=obstacle_cleared wp=3 dist_wp=20.59 bearing_deg=-43.74 speed=0.000 pos=(-120.543,3.887,20.390) bounded=true
tick=11850 phase=following reason=obstacle_cleared wp=3 dist_wp=20.59 bearing_deg=-43.74 speed=0.000 pos=(-120.543,3.887,20.390) bounded=true
tick=11880 phase=following reason=obstacle_cleared wp=3 dist_wp=20.59 bearing_deg=-43.74 speed=0.000 pos=(-120.543,3.887,20.390) bounded=true
tick=11910 phase=following reason=obstacle_cleared wp=3 dist_wp=20.59 bearing_deg=-43.74 speed=0.000 pos=(-120.543,3.887,20.390) bounded=true
tick=11940 phase=following reason=obstacle_cleared wp=3 dist_wp=20.59 bearing_deg=-43.74 speed=0.000 pos=(-120.543,3.887,20.390) bounded=true
tick=11970 phase=following reason=obstacle_cleared wp=3 dist_wp=20.59 bearing_deg=-43.74 speed=0.000 pos=(-120.543,3.887,20.390) bounded=true
tick=12000 phase=following reason=obstacle_cleared wp=3 dist_wp=20.59 bearing_deg=-43.74 speed=0.000 pos=(-120.543,3.887,20.390) bounded=true
tick=12030 phase=following reason=obstacle_cleared wp=3 dist_wp=20.59 bearing_deg=-43.74 speed=0.000 pos=(-120.543,3.887,20.390) bounded=true
tick=12060 phase=following reason=obstacle_cleared wp=3 dist_wp=20.59 bearing_deg=-43.74 speed=0.000 pos=(-120.543,3.887,20.390) bounded=true
tick=12090 phase=following reason=obstacle_cleared wp=3 dist_wp=20.59 bearing_deg=-43.74 speed=0.000 pos=(-120.543,3.887,20.390) bounded=true
tick=12120 phase=following reason=obstacle_cleared wp=3 dist_wp=20.59 bearing_deg=-43.74 speed=0.000 pos=(-120.543,3.887,20.390) bounded=true
tick=12150 phase=following reason=obstacle_cleared wp=3 dist_wp=20.59 bearing_deg=-43.74 speed=0.000 pos=(-120.543,3.887,20.390) bounded=true
tick=12180 phase=following reason=obstacle_cleared wp=3 dist_wp=20.59 bearing_deg=-43.74 speed=0.000 pos=(-120.543,3.887,20.390) bounded=true
tick=12210 phase=following reason=obstacle_cleared wp=3 dist_wp=20.59 bearing_deg=-43.74 speed=0.000 pos=(-120.543,3.887,20.390) bounded=true
tick=12240 phase=following reason=obstacle_cleared wp=3 dist_wp=20.59 bearing_deg=-43.74 speed=0.000 pos=(-120.543,3.887,20.390) bounded=true
tick=12270 phase=following reason=obstacle_cleared wp=3 dist_wp=20.59 bearing_deg=-43.74 speed=0.000 pos=(-120.543,3.887,20.390) bounded=true
tick=12300 phase=following reason=obstacle_cleared wp=3 dist_wp=20.59 bearing_deg=-43.74 speed=0.000 pos=(-120.543,3.887,20.390) bounded=true
tick=12330 phase=following reason=obstacle_cleared wp=3 dist_wp=20.59 bearing_deg=-43.74 speed=0.000 pos=(-120.543,3.887,20.390) bounded=true
tick=12360 phase=following reason=obstacle_cleared wp=3 dist_wp=20.59 bearing_deg=-43.74 speed=0.000 pos=(-120.543,3.887,20.390) bounded=true
tick=12390 phase=following reason=obstacle_cleared wp=3 dist_wp=20.59 bearing_deg=-43.74 speed=0.000 pos=(-120.543,3.887,20.390) bounded=true
tick=12420 phase=following reason=obstacle_cleared wp=3 dist_wp=20.59 bearing_deg=-43.74 speed=0.000 pos=(-120.543,3.887,20.390) bounded=true
tick=12450 phase=following reason=obstacle_cleared wp=3 dist_wp=20.59 bearing_deg=-43.74 speed=0.000 pos=(-120.543,3.887,20.390) bounded=true
tick=12480 phase=following reason=obstacle_cleared wp=3 dist_wp=20.59 bearing_deg=-43.74 speed=0.000 pos=(-120.543,3.887,20.390) bounded=true
tick=12510 phase=following reason=obstacle_cleared wp=3 dist_wp=20.59 bearing_deg=-43.74 speed=0.000 pos=(-120.543,3.887,20.390) bounded=true
tick=12540 phase=following reason=obstacle_cleared wp=3 dist_wp=20.59 bearing_deg=-43.74 speed=0.000 pos=(-120.543,3.887,20.390) bounded=true
tick=12570 phase=following reason=obstacle_cleared wp=3 dist_wp=20.59 bearing_deg=-43.74 speed=0.000 pos=(-120.543,3.887,20.390) bounded=true
tick=12600 phase=following reason=obstacle_cleared wp=3 dist_wp=20.59 bearing_deg=-43.74 speed=0.000 pos=(-120.543,3.887,20.390) bounded=true
tick=12630 phase=following reason=obstacle_cleared wp=3 dist_wp=20.59 bearing_deg=-43.74 speed=0.000 pos=(-120.543,3.887,20.390) bounded=true
tick=12660 phase=following reason=obstacle_cleared wp=3 dist_wp=20.59 bearing_deg=-43.74 speed=0.000 pos=(-120.543,3.887,20.390) bounded=true
tick=12690 phase=following reason=obstacle_cleared wp=3 dist_wp=20.59 bearing_deg=-43.74 speed=0.000 pos=(-120.543,3.887,20.390) bounded=true
tick=12720 phase=following reason=obstacle_cleared wp=3 dist_wp=20.59 bearing_deg=-43.74 speed=0.000 pos=(-120.543,3.887,20.390) bounded=true
tick=12750 phase=following reason=obstacle_cleared wp=3 dist_wp=20.59 bearing_deg=-43.74 speed=0.000 pos=(-120.543,3.887,20.390) bounded=true
tick=12780 phase=following reason=obstacle_cleared wp=3 dist_wp=20.59 bearing_deg=-43.74 speed=0.000 pos=(-120.543,3.887,20.390) bounded=true
tick=12810 phase=following reason=obstacle_cleared wp=3 dist_wp=20.59 bearing_deg=-43.74 speed=0.000 pos=(-120.543,3.887,20.390) bounded=true
tick=12840 phase=following reason=obstacle_cleared wp=3 dist_wp=20.59 bearing_deg=-43.74 speed=0.000 pos=(-120.543,3.887,20.390) bounded=true
tick=12870 phase=following reason=obstacle_cleared wp=3 dist_wp=20.59 bearing_deg=-43.74 speed=0.000 pos=(-120.543,3.887,20.390) bounded=true
tick=12900 phase=following reason=obstacle_cleared wp=3 dist_wp=20.59 bearing_deg=-43.74 speed=0.000 pos=(-120.543,3.887,20.390) bounded=true
tick=12930 phase=following reason=obstacle_cleared wp=3 dist_wp=20.59 bearing_deg=-43.74 speed=0.000 pos=(-120.543,3.887,20.390) bounded=true
tick=12960 phase=following reason=obstacle_cleared wp=3 dist_wp=20.59 bearing_deg=-43.74 speed=0.000 pos=(-120.543,3.887,20.390) bounded=true
tick=12990 phase=following reason=obstacle_cleared wp=3 dist_wp=20.59 bearing_deg=-43.74 speed=0.000 pos=(-120.543,3.887,20.390) bounded=true
tick=13020 phase=following reason=obstacle_cleared wp=3 dist_wp=20.59 bearing_deg=-43.74 speed=0.000 pos=(-120.543,3.887,20.390) bounded=true
tick=13050 phase=following reason=obstacle_cleared wp=3 dist_wp=20.59 bearing_deg=-43.74 speed=0.000 pos=(-120.543,3.887,20.390) bounded=true
tick=13080 phase=following reason=obstacle_cleared wp=3 dist_wp=20.59 bearing_deg=-43.74 speed=0.000 pos=(-120.543,3.887,20.390) bounded=true
tick=13110 phase=following reason=obstacle_cleared wp=3 dist_wp=20.59 bearing_deg=-43.74 speed=0.000 pos=(-120.543,3.887,20.390) bounded=true
tick=13140 phase=following reason=obstacle_cleared wp=3 dist_wp=20.59 bearing_deg=-43.74 speed=0.000 pos=(-120.543,3.887,20.390) bounded=true
tick=13170 phase=following reason=obstacle_cleared wp=3 dist_wp=20.59 bearing_deg=-43.74 speed=0.000 pos=(-120.543,3.887,20.390) bounded=true
tick=13200 phase=following reason=obstacle_cleared wp=3 dist_wp=20.59 bearing_deg=-43.74 speed=0.000 pos=(-120.543,3.887,20.390) bounded=true
tick=13230 phase=following reason=obstacle_cleared wp=3 dist_wp=20.59 bearing_deg=-43.74 speed=0.000 pos=(-120.543,3.887,20.390) bounded=true
tick=13260 phase=following reason=obstacle_cleared wp=3 dist_wp=20.59 bearing_deg=-43.74 speed=0.000 pos=(-120.543,3.887,20.390) bounded=true
tick=13290 phase=following reason=obstacle_cleared wp=3 dist_wp=20.59 bearing_deg=-43.74 speed=0.000 pos=(-120.543,3.887,20.390) bounded=true
tick=13320 phase=following reason=obstacle_cleared wp=3 dist_wp=20.59 bearing_deg=-43.74 speed=0.000 pos=(-120.543,3.887,20.390) bounded=true
tick=13350 phase=following reason=obstacle_cleared wp=3 dist_wp=20.59 bearing_deg=-43.74 speed=0.000 pos=(-120.543,3.887,20.390) bounded=true
tick=13380 phase=following reason=obstacle_cleared wp=3 dist_wp=20.59 bearing_deg=-43.74 speed=0.000 pos=(-120.543,3.887,20.390) bounded=true
tick=13410 phase=following reason=obstacle_cleared wp=3 dist_wp=20.59 bearing_deg=-43.74 speed=0.000 pos=(-120.543,3.887,20.390) bounded=true
tick=13440 phase=following reason=obstacle_cleared wp=3 dist_wp=20.59 bearing_deg=-43.74 speed=0.000 pos=(-120.543,3.887,20.390) bounded=true
tick=13470 phase=following reason=obstacle_cleared wp=3 dist_wp=20.59 bearing_deg=-43.74 speed=0.000 pos=(-120.543,3.887,20.390) bounded=true
tick=13500 phase=following reason=obstacle_cleared wp=3 dist_wp=20.59 bearing_deg=-43.74 speed=0.000 pos=(-120.543,3.887,20.390) bounded=true
tick=13530 phase=following reason=obstacle_cleared wp=3 dist_wp=20.59 bearing_deg=-43.74 speed=0.000 pos=(-120.543,3.887,20.390) bounded=true
tick=13560 phase=following reason=obstacle_cleared wp=3 dist_wp=20.59 bearing_deg=-43.74 speed=0.000 pos=(-120.543,3.887,20.390) bounded=true
tick=13590 phase=following reason=obstacle_cleared wp=3 dist_wp=20.59 bearing_deg=-43.74 speed=0.000 pos=(-120.543,3.887,20.390) bounded=true
tick=13620 phase=following reason=obstacle_cleared wp=3 dist_wp=20.59 bearing_deg=-43.74 speed=0.000 pos=(-120.543,3.887,20.390) bounded=true
tick=13650 phase=following reason=obstacle_cleared wp=3 dist_wp=20.59 bearing_deg=-43.74 speed=0.000 pos=(-120.543,3.887,20.390) bounded=true
tick=13680 phase=following reason=obstacle_cleared wp=3 dist_wp=20.59 bearing_deg=-43.74 speed=0.000 pos=(-120.543,3.887,20.390) bounded=true
tick=13710 phase=following reason=obstacle_cleared wp=3 dist_wp=20.59 bearing_deg=-43.74 speed=0.000 pos=(-120.543,3.887,20.390) bounded=true
tick=13740 phase=following reason=obstacle_cleared wp=3 dist_wp=20.59 bearing_deg=-43.74 speed=0.000 pos=(-120.543,3.887,20.390) bounded=true
tick=13770 phase=following reason=obstacle_cleared wp=3 dist_wp=20.59 bearing_deg=-43.74 speed=0.000 pos=(-120.543,3.887,20.390) bounded=true
tick=13800 phase=following reason=obstacle_cleared wp=3 dist_wp=20.59 bearing_deg=-43.74 speed=0.000 pos=(-120.543,3.887,20.390) bounded=true
tick=13830 phase=following reason=obstacle_cleared wp=3 dist_wp=20.59 bearing_deg=-43.74 speed=0.000 pos=(-120.543,3.887,20.390) bounded=true
tick=13860 phase=following reason=obstacle_cleared wp=3 dist_wp=20.59 bearing_deg=-43.74 speed=0.000 pos=(-120.543,3.887,20.390) bounded=true
tick=13890 phase=following reason=obstacle_cleared wp=3 dist_wp=20.59 bearing_deg=-43.74 speed=0.000 pos=(-120.543,3.887,20.390) bounded=true
tick=13920 phase=following reason=obstacle_cleared wp=3 dist_wp=20.59 bearing_deg=-43.74 speed=0.000 pos=(-120.543,3.887,20.390) bounded=true
tick=13950 phase=following reason=obstacle_cleared wp=3 dist_wp=20.59 bearing_deg=-43.74 speed=0.000 pos=(-120.543,3.887,20.390) bounded=true
tick=13980 phase=following reason=obstacle_cleared wp=3 dist_wp=20.59 bearing_deg=-43.74 speed=0.000 pos=(-120.543,3.887,20.390) bounded=true
tick=14010 phase=following reason=obstacle_cleared wp=3 dist_wp=20.59 bearing_deg=-43.74 speed=0.000 pos=(-120.543,3.887,20.390) bounded=true
tick=14040 phase=following reason=obstacle_cleared wp=3 dist_wp=20.59 bearing_deg=-43.74 speed=0.000 pos=(-120.543,3.887,20.390) bounded=true
tick=14070 phase=following reason=obstacle_cleared wp=3 dist_wp=20.59 bearing_deg=-43.74 speed=0.000 pos=(-120.543,3.887,20.390) bounded=true
tick=14100 phase=following reason=obstacle_cleared wp=3 dist_wp=20.59 bearing_deg=-43.74 speed=0.000 pos=(-120.543,3.887,20.390) bounded=true
tick=14130 phase=following reason=obstacle_cleared wp=3 dist_wp=20.59 bearing_deg=-43.74 speed=0.000 pos=(-120.543,3.887,20.390) bounded=true
tick=14160 phase=following reason=obstacle_cleared wp=3 dist_wp=20.59 bearing_deg=-43.74 speed=0.000 pos=(-120.543,3.887,20.390) bounded=true
tick=14190 phase=following reason=obstacle_cleared wp=3 dist_wp=20.59 bearing_deg=-43.74 speed=0.000 pos=(-120.543,3.887,20.390) bounded=true
tick=14220 phase=following reason=obstacle_cleared wp=3 dist_wp=20.59 bearing_deg=-43.74 speed=0.000 pos=(-120.543,3.887,20.390) bounded=true
tick=14250 phase=following reason=obstacle_cleared wp=3 dist_wp=20.59 bearing_deg=-43.74 speed=0.000 pos=(-120.543,3.887,20.390) bounded=true
tick=14280 phase=following reason=obstacle_cleared wp=3 dist_wp=20.59 bearing_deg=-43.74 speed=0.000 pos=(-120.543,3.887,20.390) bounded=true
tick=14310 phase=following reason=obstacle_cleared wp=3 dist_wp=20.59 bearing_deg=-43.74 speed=0.000 pos=(-120.543,3.887,20.390) bounded=true
tick=14340 phase=following reason=obstacle_cleared wp=3 dist_wp=20.59 bearing_deg=-43.74 speed=0.000 pos=(-120.543,3.887,20.390) bounded=true
tick=14370 phase=following reason=obstacle_cleared wp=3 dist_wp=20.59 bearing_deg=-43.74 speed=0.000 pos=(-120.543,3.887,20.390) bounded=true
tick=14400 phase=following reason=obstacle_cleared wp=3 dist_wp=20.59 bearing_deg=-43.74 speed=0.000 pos=(-120.543,3.887,20.390) bounded=true
tick=14430 phase=following reason=obstacle_cleared wp=3 dist_wp=20.59 bearing_deg=-43.74 speed=0.000 pos=(-120.543,3.887,20.390) bounded=true
tick=14460 phase=following reason=obstacle_cleared wp=3 dist_wp=20.59 bearing_deg=-43.74 speed=0.000 pos=(-120.543,3.887,20.390) bounded=true
tick=14490 phase=following reason=obstacle_cleared wp=3 dist_wp=20.59 bearing_deg=-43.74 speed=0.000 pos=(-120.543,3.887,20.390) bounded=true
tick=14520 phase=following reason=obstacle_cleared wp=3 dist_wp=20.59 bearing_deg=-43.74 speed=0.000 pos=(-120.543,3.887,20.390) bounded=true
tick=14550 phase=following reason=obstacle_cleared wp=3 dist_wp=20.59 bearing_deg=-43.74 speed=0.000 pos=(-120.543,3.887,20.390) bounded=true
tick=14580 phase=following reason=obstacle_cleared wp=3 dist_wp=20.59 bearing_deg=-43.74 speed=0.000 pos=(-120.543,3.887,20.390) bounded=true
tick=14610 phase=following reason=obstacle_cleared wp=3 dist_wp=20.59 bearing_deg=-43.74 speed=0.000 pos=(-120.543,3.887,20.390) bounded=true
tick=14640 phase=following reason=obstacle_cleared wp=3 dist_wp=20.59 bearing_deg=-43.74 speed=0.000 pos=(-120.543,3.887,20.390) bounded=true
tick=14670 phase=following reason=obstacle_cleared wp=3 dist_wp=20.59 bearing_deg=-43.74 speed=0.000 pos=(-120.543,3.887,20.390) bounded=true
tick=14700 phase=following reason=obstacle_cleared wp=3 dist_wp=20.59 bearing_deg=-43.74 speed=0.000 pos=(-120.543,3.887,20.390) bounded=true
tick=14730 phase=following reason=obstacle_cleared wp=3 dist_wp=20.59 bearing_deg=-43.74 speed=0.000 pos=(-120.543,3.887,20.390) bounded=true
tick=14760 phase=following reason=obstacle_cleared wp=3 dist_wp=20.59 bearing_deg=-43.74 speed=0.000 pos=(-120.543,3.887,20.390) bounded=true
tick=14790 phase=following reason=obstacle_cleared wp=3 dist_wp=20.59 bearing_deg=-43.74 speed=0.000 pos=(-120.543,3.887,20.390) bounded=true
tick=14820 phase=following reason=obstacle_cleared wp=3 dist_wp=20.59 bearing_deg=-43.74 speed=0.000 pos=(-120.543,3.887,20.390) bounded=true
tick=14850 phase=following reason=obstacle_cleared wp=3 dist_wp=20.59 bearing_deg=-43.74 speed=0.000 pos=(-120.543,3.887,20.390) bounded=true
tick=14880 phase=following reason=obstacle_cleared wp=3 dist_wp=20.59 bearing_deg=-43.74 speed=0.000 pos=(-120.543,3.887,20.390) bounded=true
tick=14910 phase=following reason=obstacle_cleared wp=3 dist_wp=20.59 bearing_deg=-43.74 speed=0.000 pos=(-120.543,3.887,20.390) bounded=true
tick=14940 phase=following reason=obstacle_cleared wp=3 dist_wp=20.59 bearing_deg=-43.74 speed=0.000 pos=(-120.543,3.887,20.390) bounded=true
tick=14970 phase=following reason=obstacle_cleared wp=3 dist_wp=20.59 bearing_deg=-43.74 speed=0.000 pos=(-120.543,3.887,20.390) bounded=true
