tick=0 phase=following reason=path_ready wp=1 dist_wp=13.42 bearing_deg=26.57 speed=0.000 pos=(-27.000,0.000,130.000) bounded=true
tick=30 phase=following reason=path_ready wp=1 dist_wp=11.15 bearing_deg=7.29 speed=1.966 pos=(-27.712,0.029,127.821) bounded=true
tick=60 phase=following reason=path_ready wp=1 dist_wp=3.86 bearing_deg=5.38 speed=3.096 pos=(-30.860,0.020,121.207) bounded=true
tick=90 phase=following reason=path_ready wp=1 dist_wp=3.35 bearing_deg=166.59 speed=1.512 pos=(-35.170,0.020,115.450) bounded=true
tick=120 phase=following reason=path_ready wp=1 dist_wp=5.07 bearing_deg=138.54 speed=0.000 pos=(-36.813,0.021,114.655) bounded=true
tick=150 phase=following reason=path_ready wp=1 dist_wp=5.07 bearing_deg=101.04 speed=0.000 pos=(-36.813,0.001,114.655) bounded=true
tick=180 phase=following reason=path_ready wp=1 dist_wp=5.07 bearing_deg=63.54 speed=0.000 pos=(-36.813,0.001,114.655) bounded=true
tick=210 phase=following reason=path_ready wp=1 dist_wp=5.07 bearing_deg=26.04 speed=0.000 pos=(-36.813,0.001,114.655) bounded=true
tick=240 phase=following reason=path_ready wp=1 dist_wp=3.85 bearing_deg=7.62 speed=1.034 pos=(-36.008,0.016,115.594) bounded=true
tick=270 phase=following reason=path_ready wp=1 dist_wp=0.23 bearing_deg=32.03 speed=0.728 pos=(-33.229,0.008,117.999) bounded=true
tick=300 phase=following reason=path_ready wp=2 dist_wp=19.67 bearing_deg=-131.10 speed=0.000 pos=(-32.863,0.007,118.191) bounded=true
tick=330 phase=following reason=path_ready wp=2 dist_wp=19.67 bearing_deg=-93.60 speed=0.000 pos=(-32.863,0.001,118.191) bounded=true
tick=360 phase=following reason=path_ready wp=2 dist_wp=19.67 bearing_deg=-56.10 speed=0.000 pos=(-32.863,0.001,118.191) bounded=true
tick=390 phase=following reason=path_ready wp=2 dist_wp=19.67 bearing_deg=-19.23 speed=0.000 pos=(-32.863,0.001,118.191) bounded=true
tick=420 phase=following reason=path_ready wp=2 dist_wp=16.16 bearing_deg=-5.49 speed=2.083 pos=(-36.398,0.027,118.411) bounded=true
tick=450 phase=following reason=path_ready wp=2 dist_wp=7.32 bearing_deg=-3.29 speed=3.985 pos=(-45.246,0.028,117.983) bounded=false
tick=480 phase=following reason=path_ready wp=2 dist_wp=3.31 bearing_deg=-171.11 speed=2.667 pos=(-55.729,0.018,116.260) bounded=false
tick=510 phase=following reason=path_ready wp=2 dist_wp=8.21 bearing_deg=-150.66 speed=0.818 pos=(-59.809,0.025,113.271) bounded=false
tick=540 phase=following reason=path_ready wp=2 dist_wp=8.64 bearing_deg=-115.51 speed=0.000 pos=(-60.052,0.010,112.806) bounded=false
tick=570 phase=following reason=path_ready wp=2 dist_wp=8.64 bearing_deg=-78.01 speed=0.000 pos=(-60.052,0.000,112.806) bounded=false
tick=600 phase=following reason=path_ready wp=2 dist_wp=8.64 bearing_deg=-40.51 speed=0.000 pos=(-60.052,0.000,112.806) bounded=false
tick=630 phase=following reason=path_ready wp=2 dist_wp=8.16 bearing_deg=-10.85 speed=0.802 pos=(-59.587,0.013,112.948) bounded=false
tick=660 phase=following reason=path_ready wp=2 dist_wp=3.16 bearing_deg=-6.78 speed=2.020 pos=(-55.049,0.015,115.125) bounded=false
tick=690 phase=following reason=path_ready wp=2 dist_wp=1.38 bearing_deg=-164.26 speed=0.684 pos=(-51.434,0.019,117.874) bounded=false
tick=720 phase=following reason=path_ready wp=2 dist_wp=1.72 bearing_deg=-131.33 speed=0.000 pos=(-51.253,0.007,118.189) bounded=false
tick=750 phase=following reason=path_ready wp=2 dist_wp=1.72 bearing_deg=-93.84 speed=0.000 pos=(-51.253,0.001,118.189) bounded=false
tick=780 phase=following reason=path_ready wp=2 dist_wp=1.72 bearing_deg=-56.34 speed=0.000 pos=(-51.253,0.001,118.189) bounded=false
tick=810 phase=following reason=path_ready wp=2 dist_wp=1.72 bearing_deg=-19.41 speed=0.000 pos=(-51.253,0.001,118.189) bounded=false
tick=840 phase=following reason=path_ready wp=3 dist_wp=20.71 bearing_deg=15.69 speed=0.182 pos=(-51.397,0.001,118.101) bounded=false
tick=870 phase=following reason=path_ready wp=3 dist_wp=16.39 bearing_deg=4.73 speed=2.102 pos=(-55.656,0.022,117.186) bounded=false
tick=900 phase=following reason=path_ready wp=3 dist_wp=6.73 bearing_deg=3.18 speed=4.040 pos=(-65.273,0.027,116.162) bounded=false
tick=930 phase=following reason=path_ready wp=3 dist_wp=3.78 bearing_deg=170.80 speed=2.672 pos=(-75.766,0.018,116.311) bounded=false
tick=960 phase=following reason=path_ready wp=3 dist_wp=8.85 bearing_deg=150.26 speed=0.923 pos=(-80.386,0.024,118.832) bounded=false
tick=990 phase=following reason=path_ready wp=3 dist_wp=9.40 bearing_deg=115.62 speed=0.000 pos=(-80.771,0.011,119.383) bounded=false
tick=1020 phase=following reason=path_ready wp=3 dist_wp=9.40 bearing_deg=78.12 speed=0.000 pos=(-80.771,0.001,119.383) bounded=false
tick=1050 phase=following reason=path_ready wp=3 dist_wp=9.40 bearing_deg=40.62 speed=0.000 pos=(-80.771,0.000,119.383) bounded=false
tick=1080 phase=following reason=path_ready wp=3 dist_wp=8.90 bearing_deg=10.89 speed=0.848 pos=(-80.263,0.014,119.304) bounded=false
tick=1110 phase=following reason=path_ready wp=3 dist_wp=3.71 bearing_deg=6.34 speed=2.130 pos=(-75.286,0.014,117.730) bounded=false
tick=1140 phase=following reason=path_ready wp=3 dist_wp=1.76 bearing_deg=166.29 speed=1.078 pos=(-70.503,0.017,115.072) bounded=false
tick=1170 phase=following reason=path_ready wp=3 dist_wp=2.74 bearing_deg=137.54 speed=0.000 pos=(-69.898,0.014,114.244) bounded=false
tick=1200 phase=following reason=path_ready wp=3 dist_wp=2.74 bearing_deg=100.04 speed=0.000 pos=(-69.898,0.001,114.244) bounded=false
tick=1230 phase=following reason=path_ready wp=3 dist_wp=2.74 bearing_deg=62.54 speed=0.000 pos=(-69.898,0.001,114.244) bounded=false
tick=1260 phase=following reason=path_ready wp=3 dist_wp=2.74 bearing_deg=25.04 speed=0.000 pos=(-69.898,0.001,114.244) bounded=false
tick=1290 phase=following reason=path_ready wp=3 dist_wp=1.88 bearing_deg=8.04 speed=0.679 pos=(-70.639,0.010,114.708) bounded=false
tick=1320 phase=following reason=path_ready wp=4 dist_wp=21.37 bearing_deg=-112.75 speed=0.000 pos=(-71.471,0.009,115.367) bounded=false
tick=1350 phase=following reason=path_ready wp=4 dist_wp=21.37 bearing_deg=-75.25 speed=0.000 pos=(-71.471,0.002,115.367) bounded=false
tick=1380 phase=following reason=path_ready wp=4 dist_wp=21.37 bearing_deg=-37.75 speed=0.000 pos=(-71.471,0.000,115.367) bounded=false
tick=1410 phase=following reason=path_ready wp=4 dist_wp=20.52 bearing_deg=-9.62 speed=1.231 pos=(-71.662,0.020,114.520) bounded=false
tick=1440 phase=following reason=path_ready wp=4 dist_wp=13.90 bearing_deg=-3.61 speed=3.131 pos=(-72.263,0.025,107.900) bounded=false
tick=1470 phase=following reason=path_ready wp=4 dist_wp=1.96 bearing_deg=-7.08 speed=4.019 pos=(-72.310,0.011,95.938) bounded=false
tick=1500 phase=following reason=path_ready wp=4 dist_wp=7.29 bearing_deg=-164.20 speed=2.261 pos=(-69.972,0.022,86.994) bounded=false
tick=1530 phase=following reason=path_ready wp=4 dist_wp=11.11 bearing_deg=-140.05 speed=0.607 pos=(-66.940,0.023,84.105) bounded=false
tick=1560 phase=following reason=path_ready wp=4 dist_wp=11.33 bearing_deg=-103.84 speed=0.000 pos=(-66.650,0.006,84.010) bounded=false
tick=1590 phase=following reason=path_ready wp=4 dist_wp=11.33 bearing_deg=-66.34 speed=0.000 pos=(-66.650,0.000,84.010) bounded=false
tick=1620 phase=following reason=path_ready wp=4 dist_wp=11.33 bearing_deg=-28.84 speed=0.000 pos=(-66.650,0.000,84.010) bounded=false
tick=1650 phase=following reason=path_ready wp=4 dist_wp=9.45 bearing_deg=-7.90 speed=1.778 pos=(-67.279,0.027,85.812) bounded=false
tick=1680 phase=following reason=path_ready wp=4 dist_wp=2.48 bearing_deg=-7.61 speed=2.909 pos=(-70.465,0.019,92.053) bounded=false
tick=1710 phase=following reason=path_ready wp=4 dist_wp=3.66 bearing_deg=-164.00 speed=1.269 pos=(-74.559,0.019,96.624) bounded=false
tick=1740 phase=following reason=path_ready wp=4 dist_wp=5.00 bearing_deg=-134.53 speed=0.000 pos=(-75.906,0.018,97.113) bounded=false
tick=1770 phase=following reason=path_ready wp=4 dist_wp=5.00 bearing_deg=-97.03 speed=0.000 pos=(-75.906,0.001,97.113) bounded=false
tick=1800 phase=following reason=path_ready wp=4 dist_wp=5.00 bearing_deg=-59.53 speed=0.000 pos=(-75.906,0.001,97.113) bounded=false
tick=1830 phase=following reason=path_ready wp=4 dist_wp=5.00 bearing_deg=-22.14 speed=0.000 pos=(-75.906,0.001,97.113) bounded=false
tick=1860 phase=following reason=path_ready wp=4 dist_wp=3.28 bearing_deg=-7.56 speed=1.269 pos=(-74.698,0.018,95.873) bounded=false
tick=1890 phase=following reason=path_ready wp=4 dist_wp=0.42 bearing_deg=-156.96 speed=0.614 pos=(-71.703,0.012,93.709) bounded=false
tick=1920 phase=following reason=path_ready wp=5 dist_wp=21.62 bearing_deg=47.57 speed=0.000 pos=(-71.385,0.007,93.609) bounded=false
tick=1950 phase=following reason=path_ready wp=5 dist_wp=21.47 bearing_deg=13.67 speed=0.490 pos=(-71.352,0.006,93.465) bounded=false
tick=1980 phase=following reason=path_ready wp=5 dist_wp=16.37 bearing_deg=4.36 speed=2.443 pos=(-70.987,0.020,88.335) bounded=false
tick=2010 phase=following reason=path_ready wp=5 dist_wp=5.46 bearing_deg=3.63 speed=4.178 pos=(-71.325,0.019,77.413) bounded=false
tick=2040 phase=following reason=path_ready wp=5 dist_wp=5.32 bearing_deg=168.97 speed=2.744 pos=(-73.350,0.020,66.854) bounded=false
tick=2070 phase=following reason=path_ready wp=5 dist_wp=10.62 bearing_deg=147.95 speed=1.069 pos=(-76.985,0.023,62.620) bounded=false
tick=2100 phase=following reason=path_ready wp=5 dist_wp=11.38 bearing_deg=114.19 speed=0.000 pos=(-77.885,0.013,62.258) bounded=false
tick=2130 phase=following reason=path_ready wp=5 dist_wp=11.38 bearing_deg=76.69 speed=0.000 pos=(-77.885,0.001,62.258) bounded=false
tick=2160 phase=following reason=path_ready wp=5 dist_wp=11.38 bearing_deg=39.19 speed=0.000 pos=(-77.885,0.000,62.258) bounded=false
tick=2190 phase=following reason=path_ready wp=5 dist_wp=10.69 bearing_deg=10.40 speed=1.076 pos=(-77.650,0.018,62.926) bounded=false
tick=2220 phase=following reason=path_ready wp=5 dist_wp=4.74 bearing_deg=5.79 speed=2.560 pos=(-74.868,0.017,68.220) bounded=false
tick=2250 phase=following reason=path_ready wp=5 dist_wp=2.46 bearing_deg=167.94 speed=1.690 pos=(-70.367,0.015,73.833) bounded=false
tick=2280 phase=following reason=path_ready wp=5 dist_wp=4.89 bearing_deg=144.54 speed=0.065 pos=(-68.029,0.022,74.854) bounded=false
tick=2310 phase=following reason=path_ready wp=5 dist_wp=4.89 bearing_deg=107.06 speed=0.000 pos=(-68.028,0.003,74.854) bounded=false
tick=2340 phase=following reason=path_ready wp=5 dist_wp=4.89 bearing_deg=69.56 speed=0.000 pos=(-68.028,0.001,74.854) bounded=false
tick=2370 phase=following reason=path_ready wp=5 dist_wp=4.89 bearing_deg=32.06 speed=0.000 pos=(-68.028,0.001,74.854) bounded=false
tick=2400 phase=following reason=path_ready wp=5 dist_wp=4.08 bearing_deg=8.78 speed=0.892 pos=(-68.608,0.015,74.269) bounded=false
tick=2430 phase=following reason=path_ready wp=5 dist_wp=0.27 bearing_deg=33.99 speed=1.003 pos=(-71.736,0.002,71.973) bounded=false
tick=2460 phase=following reason=path_ready wp=6 dist_wp=21.66 bearing_deg=-58.03 speed=0.000 pos=(-72.589,0.012,71.653) bounded=false
tick=2490 phase=following reason=path_ready wp=6 dist_wp=21.66 bearing_deg=-20.82 speed=0.000 pos=(-72.589,0.001,71.653) bounded=false
tick=2520 phase=following reason=path_ready wp=6 dist_wp=18.19 bearing_deg=-5.80 speed=2.102 pos=(-72.954,0.028,68.164) bounded=false
tick=2550 phase=following reason=path_ready wp=6 dist_wp=8.81 bearing_deg=-3.29 speed=4.078 pos=(-72.856,0.030,58.766) bounded=false
tick=2580 phase=following reason=path_ready wp=6 dist_wp=2.94 bearing_deg=-171.99 speed=3.215 pos=(-71.544,0.014,47.096) bounded=false
tick=2610 phase=following reason=path_ready wp=6 dist_wp=9.70 bearing_deg=-154.67 speed=1.525 pos=(-67.874,0.023,41.222) bounded=false
tick=2640 phase=following reason=path_ready wp=6 dist_wp=11.46 bearing_deg=-124.82 speed=0.000 pos=(-66.001,0.022,40.239) bounded=false
tick=2670 phase=following reason=path_ready wp=6 dist_wp=11.46 bearing_deg=-87.32 speed=0.000 pos=(-66.001,0.002,40.239) bounded=false
tick=2700 phase=following reason=path_ready wp=6 dist_wp=11.46 bearing_deg=-49.82 speed=0.000 pos=(-66.001,0.001,40.239) bounded=false
tick=2730 phase=following reason=path_ready wp=6 dist_wp=11.40 bearing_deg=-14.95 speed=0.287 pos=(-66.017,0.003,40.295) bounded=false
tick=2760 phase=following reason=path_ready wp=6 dist_wp=6.79 bearing_deg=-6.03 speed=2.164 pos=(-68.046,0.021,44.482) bounded=false
tick=2790 phase=following reason=path_ready wp=6 dist_wp=0.93 bearing_deg=-164.18 speed=2.166 pos=(-72.451,0.005,50.818) bounded=false
tick=2820 phase=following reason=path_ready wp=6 dist_wp=4.78 bearing_deg=-153.53 speed=0.560 pos=(-75.843,0.021,52.846) bounded=false
tick=2850 phase=following reason=path_ready wp=6 dist_wp=5.02 bearing_deg=-117.85 speed=0.000 pos=(-76.116,0.006,52.872) bounded=false
tick=2880 phase=following reason=path_ready wp=6 dist_wp=5.02 bearing_deg=-80.35 speed=0.000 pos=(-76.116,0.001,52.872) bounded=false
tick=2910 phase=following reason=path_ready wp=6 dist_wp=5.02 bearing_deg=-42.85 speed=0.000 pos=(-76.116,0.001,52.872) bounded=false
tick=2940 phase=following reason=path_ready wp=6 dist_wp=4.77 bearing_deg=-11.82 speed=0.509 pos=(-75.943,0.009,52.681) bounded=false
tick=2970 phase=following reason=path_ready wp=6 dist_wp=1.16 bearing_deg=-11.49 speed=1.478 pos=(-73.077,0.014,50.429) bounded=false
tick=3000 phase=following reason=path_ready wp=7 dist_wp=20.41 bearing_deg=26.20 speed=0.000 pos=(-71.255,0.019,49.607) bounded=false
tick=3030 phase=following reason=path_ready wp=7 dist_wp=17.98 bearing_deg=6.80 speed=2.044 pos=(-69.294,0.029,48.115) bounded=false
tick=3060 phase=following reason=path_ready wp=7 dist_wp=9.60 bearing_deg=3.42 speed=3.942 pos=(-63.254,0.031,42.284) bounded=false
tick=3090 phase=following reason=path_ready wp=7 dist_wp=2.05 bearing_deg=171.60 speed=3.247 pos=(-55.685,0.011,33.425) bounded=false
tick=3120 phase=following reason=path_ready wp=7 dist_wp=8.94 bearing_deg=156.29 speed=1.550 pos=(-53.705,0.023,26.693) bounded=false
tick=3150 phase=following reason=path_ready wp=7 dist_wp=10.72 bearing_deg=126.50 speed=0.000 pos=(-54.197,0.021,24.655) bounded=false
tick=3180 phase=following reason=path_ready wp=7 dist_wp=10.72 bearing_deg=89.01 speed=0.000 pos=(-54.197,0.003,24.655) bounded=false
tick=3210 phase=following reason=path_ready wp=7 dist_wp=10.72 bearing_deg=51.51 speed=0.000 pos=(-54.197,0.000,24.655) bounded=false
tick=3240 phase=following reason=path_ready wp=7 dist_wp=10.69 bearing_deg=15.97 speed=0.178 pos=(-54.211,0.002,24.678) bounded=false
tick=3270 phase=following reason=path_ready wp=7 dist_wp=6.49 bearing_deg=6.27 speed=2.083 pos=(-55.744,0.023,28.636) bounded=false
tick=3300 phase=following reason=path_ready wp=7 dist_wp=0.77 bearing_deg=162.01 speed=2.051 pos=(-57.268,0.005,35.717) bounded=false
tick=3330 phase=following reason=path_ready wp=7 dist_wp=4.29 bearing_deg=153.29 speed=0.444 pos=(-56.535,0.021,39.261) bounded=false
tick=3360 phase=following reason=path_ready wp=7 dist_wp=4.43 bearing_deg=116.97 speed=0.000 pos=(-56.439,0.005,39.390) bounded=false
tick=3390 phase=following reason=path_ready wp=7 dist_wp=4.43 bearing_deg=79.47 speed=0.000 pos=(-56.439,0.001,39.390) bounded=false
tick=3420 phase=following reason=path_ready wp=7 dist_wp=4.43 bearing_deg=41.97 speed=0.000 pos=(-56.439,0.001,39.390) bounded=false
tick=3450 phase=following reason=path_ready wp=7 dist_wp=4.15 bearing_deg=11.55 speed=0.501 pos=(-56.413,0.009,39.112) bounded=false
tick=3480 phase=following reason=path_ready wp=7 dist_wp=0.91 bearing_deg=12.44 speed=1.172 pos=(-56.659,0.009,35.839) bounded=false
tick=3510 phase=following reason=path_ready wp=8 dist_wp=20.97 bearing_deg=-54.83 speed=0.000 pos=(-57.017,0.014,34.634) bounded=false
tick=3540 phase=following reason=path_ready wp=8 dist_wp=20.97 bearing_deg=-18.25 speed=0.000 pos=(-57.017,0.001,34.634) bounded=false
tick=3570 phase=following reason=path_ready wp=8 dist_wp=17.07 bearing_deg=-5.30 speed=2.126 pos=(-54.550,0.025,31.569) bounded=false
tick=3600 phase=following reason=path_ready wp=8 dist_wp=7.30 bearing_deg=-3.41 speed=4.078 pos=(-47.613,0.027,24.670) bounded=false
tick=3630 phase=following reason=path_ready wp=8 dist_wp=3.87 bearing_deg=-170.92 speed=2.885 pos=(-38.803,0.018,17.826) bounded=false
tick=3660 phase=following reason=path_ready wp=8 dist_wp=9.35 bearing_deg=-150.80 speed=1.019 pos=(-33.222,0.025,16.789) bounded=false
tick=3690 phase=following reason=path_ready wp=8 dist_wp=10.02 bearing_deg=-116.60 speed=0.000 pos=(-32.434,0.013,17.021) bounded=false
tick=3720 phase=following reason=path_ready wp=8 dist_wp=10.02 bearing_deg=-79.10 speed=0.000 pos=(-32.434,0.001,17.021) bounded=false
tick=3750 phase=following reason=path_ready wp=8 dist_wp=10.02 bearing_deg=-41.60 speed=0.000 pos=(-32.434,0.000,17.021) bounded=false
tick=3780 phase=following reason=path_ready wp=8 dist_wp=9.58 bearing_deg=-11.20 speed=0.805 pos=(-32.822,0.013,17.243) bounded=false
tick=3810 phase=following reason=path_ready wp=8 dist_wp=4.44 bearing_deg=-5.87 speed=2.115 pos=(-37.650,0.014,19.113) bounded=false
tick=3840 phase=following reason=path_ready wp=8 dist_wp=1.55 bearing_deg=-167.43 speed=1.297 pos=(-43.531,0.015,20.238) bounded=false
tick=3870 phase=following reason=path_ready wp=8 dist_wp=2.99 bearing_deg=-141.95 speed=0.000 pos=(-44.985,0.017,19.882) bounded=false
tick=3900 phase=following reason=path_ready wp=8 dist_wp=2.99 bearing_deg=-104.46 speed=0.000 pos=(-44.985,0.001,19.882) bounded=false
tick=3930 phase=following reason=path_ready wp=8 dist_wp=2.99 bearing_deg=-66.96 speed=0.000 pos=(-44.985,0.000,19.882) bounded=false
tick=3960 phase=following reason=path_ready wp=8 dist_wp=2.99 bearing_deg=-29.46 speed=0.000 pos=(-44.985,0.000,19.882) bounded=false
tick=3990 phase=following reason=path_ready wp=8 dist_wp=2.26 bearing_deg=-8.70 speed=0.671 pos=(-44.251,0.011,19.796) bounded=false
tick=4020 phase=following reason=path_ready wp=9 dist_wp=18.94 bearing_deg=16.58 speed=0.095 pos=(-42.678,0.013,19.812) bounded=false
tick=4050 phase=following reason=path_ready wp=9 dist_wp=14.72 bearing_deg=5.07 speed=2.095 pos=(-38.558,0.022,18.744) bounded=false
tick=4080 phase=following reason=path_ready wp=9 dist_wp=5.15 bearing_deg=3.96 speed=4.040 pos=(-29.600,0.026,15.313) bounded=false
tick=4110 phase=following reason=path_ready wp=9 dist_wp=4.59 bearing_deg=168.50 speed=2.316 pos=(-21.196,0.021,10.430) bounded=false
tick=4140 phase=following reason=path_ready wp=9 dist_wp=8.44 bearing_deg=145.29 speed=0.490 pos=(-19.136,0.025,6.933) bounded=false
tick=4170 phase=following reason=path_ready wp=9 dist_wp=8.58 bearing_deg=108.67 speed=0.000 pos=(-19.119,0.006,6.754) bounded=false
tick=4200 phase=following reason=path_ready wp=9 dist_wp=8.58 bearing_deg=71.17 speed=0.000 pos=(-19.119,0.001,6.754) bounded=false
tick=4230 phase=following reason=path_ready wp=9 dist_wp=8.58 bearing_deg=33.67 speed=0.000 pos=(-19.119,0.000,6.754) bounded=false
tick=4260 phase=following reason=path_ready wp=9 dist_wp=7.61 bearing_deg=8.85 speed=1.143 pos=(-19.914,0.019,7.345) bounded=false
tick=4290 phase=following reason=path_ready wp=9 dist_wp=2.10 bearing_deg=7.83 speed=2.103 pos=(-23.845,0.011,11.244) bounded=false
tick=4320 phase=following reason=path_ready wp=9 dist_wp=1.62 bearing_deg=161.15 speed=0.376 pos=(-25.810,0.022,14.400) bounded=false
tick=4350 phase=following reason=path_ready wp=9 dist_wp=1.71 bearing_deg=125.04 speed=0.000 pos=(-25.824,0.004,14.500) bounded=false
tick=4380 phase=following reason=path_ready wp=9 dist_wp=1.71 bearing_deg=87.54 speed=0.000 pos=(-25.824,0.001,14.500) bounded=false
tick=4410 phase=following reason=path_ready wp=9 dist_wp=1.71 bearing_deg=50.04 speed=0.000 pos=(-25.824,0.001,14.500) bounded=false
tick=4440 phase=following reason=path_ready wp=9 dist_wp=1.71 bearing_deg=15.05 speed=0.033 pos=(-25.819,0.001,14.496) bounded=false
tick=4470 phase=following reason=path_ready wp=10 dist_wp=19.22 bearing_deg=-11.55 speed=0.816 pos=(-25.415,0.012,14.139) bounded=false
tick=4500 phase=following reason=path_ready wp=10 dist_wp=13.66 bearing_deg=-3.99 speed=2.544 pos=(-20.578,0.019,11.337) bounded=false
tick=4530 phase=following reason=path_ready wp=10 dist_wp=2.85 bearing_deg=-5.26 speed=3.894 pos=(-10.721,0.016,6.846) bounded=false
tick=4560 phase=following reason=path_ready wp=10 dist_wp=5.81 bearing_deg=-165.25 speed=1.966 pos=(-2.268,0.024,5.073) bounded=false
tick=4590 phase=following reason=path_ready wp=10 dist_wp=8.63 bearing_deg=-139.02 speed=0.159 pos=(0.631,0.025,6.043) bounded=false
tick=4620 phase=following reason=path_ready wp=10 dist_wp=8.64 bearing_deg=-101.61 speed=0.000 pos=(0.642,0.004,6.052) bounded=false
tick=4650 phase=following reason=path_ready wp=10 dist_wp=8.64 bearing_deg=-64.11 speed=0.000 pos=(0.642,0.001,6.052) bounded=false
tick=4680 phase=following reason=path_ready wp=10 dist_wp=8.64 bearing_deg=-26.61 speed=0.000 pos=(0.642,0.001,6.052) bounded=false
tick=4710 phase=following reason=path_ready wp=10 dist_wp=6.84 bearing_deg=-7.58 speed=1.538 pos=(-1.166,0.023,6.309) bounded=false
tick=4740 phase=following reason=path_ready wp=10 dist_wp=0.95 bearing_deg=-13.47 speed=1.831 pos=(-7.096,0.005,6.304) bounded=false
tick=4770 phase=following reason=path_ready wp=10 dist_wp=1.73 bearing_deg=-155.10 speed=0.033 pos=(-9.667,0.023,5.555) bounded=false
tick=4800 phase=following reason=path_ready wp=10 dist_wp=1.73 bearing_deg=-117.64 speed=0.000 pos=(-9.667,0.003,5.555) bounded=false
tick=4830 phase=following reason=path_ready wp=10 dist_wp=1.73 bearing_deg=-80.14 speed=0.000 pos=(-9.667,0.001,5.555) bounded=false
tick=4860 phase=following reason=path_ready wp=10 dist_wp=1.73 bearing_deg=-42.64 speed=0.000 pos=(-9.667,0.001,5.555) bounded=false
tick=4890 phase=following reason=path_ready wp=10 dist_wp=1.68 bearing_deg=-11.41 speed=0.098 pos=(-9.617,0.002,5.557) bounded=false
