tick=0 phase=following reason=path_ready wp=1 dist_wp=13.42 bearing_deg=26.57 speed=0.000 pos=(9.000,0.030,-130.000) bounded=true
tick=30 phase=following reason=path_ready wp=1 dist_wp=13.41 bearing_deg=11.81 speed=0.750 pos=(9.001,0.012,-129.995) bounded=true
tick=60 phase=following reason=path_ready wp=1 dist_wp=13.32 bearing_deg=2.88 speed=2.567 pos=(9.034,0.020,-129.911) bounded=true
tick=90 phase=following reason=path_ready wp=1 dist_wp=13.14 bearing_deg=0.80 speed=4.254 pos=(9.110,0.018,-129.748) bounded=true
tick=120 phase=following reason=path_ready wp=1 dist_wp=12.88 bearing_deg=0.79 speed=6.080 pos=(9.225,0.023,-129.510) bounded=true
tick=150 phase=following reason=path_ready wp=1 dist_wp=12.54 bearing_deg=0.78 speed=7.615 pos=(9.371,0.022,-129.210) bounded=true
tick=180 phase=following reason=path_ready wp=1 dist_wp=12.15 bearing_deg=0.78 speed=8.000 pos=(9.541,0.004,-128.858) bounded=true
tick=210 phase=following reason=path_ready wp=1 dist_wp=11.76 bearing_deg=0.78 speed=7.935 pos=(9.713,0.002,-128.506) bounded=true
tick=240 phase=following reason=path_ready wp=1 dist_wp=11.38 bearing_deg=0.78 speed=7.788 pos=(9.882,0.002,-128.159) bounded=true
tick=270 phase=following reason=path_ready wp=1 dist_wp=11.00 bearing_deg=0.78 speed=7.640 pos=(10.047,0.002,-127.818) bounded=true
tick=300 phase=following reason=path_ready wp=1 dist_wp=10.63 bearing_deg=0.78 speed=7.493 pos=(10.210,0.002,-127.484) bounded=true
tick=330 phase=following reason=path_ready wp=1 dist_wp=10.26 bearing_deg=0.78 speed=7.346 pos=(10.370,0.002,-127.157) bounded=true
tick=360 phase=following reason=path_ready wp=1 dist_wp=9.90 bearing_deg=0.78 speed=7.198 pos=(10.526,0.002,-126.836) bounded=true
tick=390 phase=following reason=path_ready wp=1 dist_wp=9.55 bearing_deg=0.78 speed=7.051 pos=(10.680,0.002,-126.522) bounded=true
tick=420 phase=following reason=path_ready wp=1 dist_wp=9.21 bearing_deg=0.78 speed=6.904 pos=(10.831,0.002,-126.215) bounded=true
tick=450 phase=following reason=path_ready wp=1 dist_wp=8.88 bearing_deg=0.78 speed=6.756 pos=(10.979,0.002,-125.914) bounded=true
tick=480 phase=following reason=path_ready wp=1 dist_wp=8.55 bearing_deg=0.79 speed=6.609 pos=(11.123,0.002,-125.619) bounded=true
tick=510 phase=following reason=path_ready wp=1 dist_wp=8.23 bearing_deg=0.79 speed=6.462 pos=(11.265,0.002,-125.331) bounded=true
tick=540 phase=following reason=path_ready wp=1 dist_wp=7.91 bearing_deg=0.79 speed=6.314 pos=(11.403,0.002,-125.050) bounded=true
tick=570 phase=following reason=path_ready wp=1 dist_wp=7.61 bearing_deg=0.79 speed=6.167 pos=(11.539,0.002,-124.775) bounded=true
tick=600 phase=following reason=path_ready wp=1 dist_wp=7.31 bearing_deg=0.79 speed=6.019 pos=(11.671,0.002,-124.507) bounded=true
tick=630 phase=following reason=path_ready wp=1 dist_wp=7.02 bearing_deg=0.80 speed=5.872 pos=(11.801,0.002,-124.246) bounded=true
tick=660 phase=following reason=path_ready wp=1 dist_wp=6.73 bearing_deg=0.80 speed=5.725 pos=(11.927,0.002,-123.990) bounded=true
tick=690 phase=following reason=path_ready wp=1 dist_wp=6.46 bearing_deg=0.77 speed=5.577 pos=(12.050,0.002,-123.742) bounded=true
tick=720 phase=following reason=path_ready wp=1 dist_wp=6.19 bearing_deg=0.78 speed=5.430 pos=(12.171,0.002,-123.500) bounded=true
tick=750 phase=following reason=path_ready wp=1 dist_wp=5.92 bearing_deg=0.78 speed=5.283 pos=(12.288,0.002,-123.265) bounded=true
tick=780 phase=following reason=path_ready wp=1 dist_wp=5.67 bearing_deg=0.78 speed=5.135 pos=(12.402,0.002,-123.036) bounded=true
tick=810 phase=following reason=path_ready wp=1 dist_wp=5.42 bearing_deg=0.79 speed=4.988 pos=(12.513,0.002,-122.813) bounded=true
tick=840 phase=following reason=path_ready wp=1 dist_wp=5.18 bearing_deg=0.79 speed=4.840 pos=(12.620,0.002,-122.598) bounded=true
tick=870 phase=following reason=path_ready wp=1 dist_wp=4.94 bearing_deg=0.80 speed=4.693 pos=(12.725,0.002,-122.388) bounded=true
tick=900 phase=following reason=path_ready wp=1 dist_wp=4.72 bearing_deg=0.77 speed=4.546 pos=(12.827,0.002,-122.186) bounded=true
tick=930 phase=following reason=path_ready wp=1 dist_wp=4.50 bearing_deg=0.77 speed=4.398 pos=(12.925,0.002,-121.990) bounded=true
tick=960 phase=following reason=path_ready wp=1 dist_wp=4.28 bearing_deg=0.78 speed=4.251 pos=(13.021,0.002,-121.800) bounded=true
tick=990 phase=following reason=path_ready wp=1 dist_wp=4.08 bearing_deg=0.79 speed=4.103 pos=(13.113,0.002,-121.617) bounded=true
tick=1020 phase=following reason=path_ready wp=1 dist_wp=3.88 bearing_deg=0.79 speed=3.956 pos=(13.202,0.003,-121.440) bounded=true
tick=1050 phase=following reason=path_ready wp=1 dist_wp=3.69 bearing_deg=0.80 speed=3.809 pos=(13.288,0.002,-121.270) bounded=true
tick=1080 phase=following reason=path_ready wp=1 dist_wp=3.51 bearing_deg=0.77 speed=3.661 pos=(13.371,0.002,-121.107) bounded=true
tick=1110 phase=following reason=path_ready wp=1 dist_wp=3.33 bearing_deg=0.78 speed=3.514 pos=(13.451,0.002,-120.950) bounded=true
tick=1140 phase=following reason=path_ready wp=1 dist_wp=3.16 bearing_deg=0.78 speed=3.366 pos=(13.527,0.002,-120.799) bounded=true
tick=1170 phase=following reason=path_ready wp=1 dist_wp=3.00 bearing_deg=0.79 speed=3.219 pos=(13.600,0.002,-120.655) bounded=true
tick=1200 phase=following reason=path_ready wp=1 dist_wp=2.85 bearing_deg=0.80 speed=3.072 pos=(13.671,0.002,-120.518) bounded=true
tick=1230 phase=following reason=path_ready wp=1 dist_wp=2.70 bearing_deg=0.77 speed=2.924 pos=(13.738,0.002,-120.387) bounded=true
tick=1260 phase=following reason=path_ready wp=1 dist_wp=2.56 bearing_deg=0.78 speed=2.777 pos=(13.801,0.003,-120.263) bounded=true
tick=1290 phase=following reason=path_ready wp=1 dist_wp=2.43 bearing_deg=0.78 speed=2.629 pos=(13.862,0.002,-120.144) bounded=true
tick=1320 phase=following reason=path_ready wp=1 dist_wp=2.30 bearing_deg=0.79 speed=2.483 pos=(13.917,0.003,-120.033) bounded=true
tick=1350 phase=following reason=path_ready wp=1 dist_wp=2.19 bearing_deg=0.80 speed=2.335 pos=(13.971,0.003,-119.928) bounded=true
tick=1380 phase=following reason=path_ready wp=1 dist_wp=2.07 bearing_deg=0.77 speed=2.188 pos=(14.022,0.003,-119.829) bounded=true
tick=1410 phase=following reason=path_ready wp=1 dist_wp=1.97 bearing_deg=0.77 speed=2.040 pos=(14.070,0.003,-119.737) bounded=true
tick=1440 phase=following reason=path_ready wp=1 dist_wp=1.87 bearing_deg=0.77 speed=1.893 pos=(14.114,0.003,-119.652) bounded=true
tick=1470 phase=following reason=path_ready wp=1 dist_wp=1.78 bearing_deg=0.77 speed=1.745 pos=(14.155,0.003,-119.572) bounded=true
tick=1500 phase=following reason=path_ready wp=1 dist_wp=1.70 bearing_deg=0.77 speed=1.598 pos=(14.193,0.003,-119.500) bounded=true
tick=1530 phase=following reason=path_ready wp=1 dist_wp=1.63 bearing_deg=0.77 speed=1.450 pos=(14.228,0.003,-119.433) bounded=true
tick=1560 phase=following reason=path_ready wp=1 dist_wp=1.56 bearing_deg=0.77 speed=1.303 pos=(14.259,0.003,-119.374) bounded=true
tick=1590 phase=following reason=path_ready wp=1 dist_wp=1.50 bearing_deg=0.80 speed=1.155 pos=(14.287,0.003,-119.320) bounded=true
tick=1620 phase=following reason=path_ready wp=1 dist_wp=1.45 bearing_deg=0.79 speed=1.007 pos=(14.311,0.003,-119.273) bounded=true
tick=1650 phase=following reason=path_ready wp=1 dist_wp=1.40 bearing_deg=0.77 speed=0.860 pos=(14.333,0.003,-119.233) bounded=true
tick=1680 phase=following reason=path_ready wp=1 dist_wp=1.36 bearing_deg=0.80 speed=0.712 pos=(14.351,0.003,-119.199) bounded=true
tick=1710 phase=following reason=path_ready wp=1 dist_wp=1.33 bearing_deg=0.78 speed=0.564 pos=(14.365,0.003,-119.171) bounded=true
tick=1740 phase=following reason=path_ready wp=1 dist_wp=1.31 bearing_deg=0.79 speed=0.416 pos=(14.376,0.003,-119.150) bounded=true
tick=1770 phase=following reason=path_ready wp=2 dist_wp=19.70 bearing_deg=37.11 speed=0.000 pos=(14.381,0.006,-119.141) bounded=true
tick=1800 phase=following reason=path_ready wp=2 dist_wp=19.69 bearing_deg=8.97 speed=1.175 pos=(14.394,0.019,-119.137) bounded=true
tick=1830 phase=following reason=path_ready wp=2 dist_wp=19.59 bearing_deg=2.23 speed=2.888 pos=(14.495,0.021,-119.120) bounded=true
tick=1860 phase=following reason=path_ready wp=2 dist_wp=19.40 bearing_deg=0.77 speed=4.466 pos=(14.682,0.017,-119.099) bounded=true
tick=1890 phase=following reason=path_ready wp=2 dist_wp=19.13 bearing_deg=0.78 speed=6.053 pos=(14.951,0.020,-119.071) bounded=true
tick=1920 phase=following reason=path_ready wp=2 dist_wp=18.79 bearing_deg=0.80 speed=7.618 pos=(15.284,0.021,-119.036) bounded=true
tick=1950 phase=following reason=path_ready wp=2 dist_wp=18.40 bearing_deg=0.79 speed=8.000 pos=(15.673,0.004,-118.995) bounded=true
tick=1980 phase=following reason=path_ready wp=2 dist_wp=18.01 bearing_deg=0.78 speed=8.000 pos=(16.064,0.000,-118.954) bounded=true
tick=2010 phase=following reason=path_ready wp=2 dist_wp=17.62 bearing_deg=0.79 speed=8.000 pos=(16.454,0.000,-118.914) bounded=true
tick=2040 phase=following reason=path_ready wp=2 dist_wp=17.22 bearing_deg=0.79 speed=8.000 pos=(16.845,0.000,-118.873) bounded=true
tick=2070 phase=following reason=path_ready wp=2 dist_wp=16.83 bearing_deg=0.78 speed=8.000 pos=(17.236,0.000,-118.833) bounded=true
tick=2100 phase=following reason=path_ready wp=2 dist_wp=16.44 bearing_deg=0.80 speed=8.000 pos=(17.627,0.000,-118.792) bounded=true
tick=2130 phase=following reason=path_ready wp=2 dist_wp=16.05 bearing_deg=0.79 speed=8.000 pos=(18.017,0.000,-118.752) bounded=true
tick=2160 phase=following reason=path_ready wp=2 dist_wp=15.65 bearing_deg=0.78 speed=8.000 pos=(18.408,0.000,-118.712) bounded=true
tick=2190 phase=following reason=path_ready wp=2 dist_wp=15.26 bearing_deg=0.78 speed=8.000 pos=(18.799,0.000,-118.672) bounded=true
tick=2220 phase=following reason=path_ready wp=2 dist_wp=14.87 bearing_deg=0.80 speed=8.000 pos=(19.190,0.000,-118.632) bounded=true
tick=2250 phase=following reason=path_ready wp=2 dist_wp=14.47 bearing_deg=0.79 speed=8.000 pos=(19.580,0.000,-118.593) bounded=true
tick=2280 phase=following reason=path_ready wp=2 dist_wp=14.08 bearing_deg=0.79 speed=8.000 pos=(19.971,0.000,-118.553) bounded=true
tick=2310 phase=following reason=path_ready wp=2 dist_wp=13.69 bearing_deg=0.79 speed=8.000 pos=(20.362,0.000,-118.514) bounded=true
tick=2340 phase=following reason=path_ready wp=2 dist_wp=13.30 bearing_deg=0.78 speed=8.000 pos=(20.753,0.000,-118.475) bounded=true
tick=2370 phase=following reason=path_ready wp=2 dist_wp=12.90 bearing_deg=0.78 speed=8.000 pos=(21.144,0.000,-118.436) bounded=true
tick=2400 phase=following reason=path_ready wp=2 dist_wp=12.51 bearing_deg=0.78 speed=8.000 pos=(21.535,0.000,-118.397) bounded=true
tick=2430 phase=following reason=path_ready wp=2 dist_wp=12.12 bearing_deg=0.78 speed=8.000 pos=(21.926,0.000,-118.358) bounded=true
tick=2460 phase=following reason=path_ready wp=2 dist_wp=11.73 bearing_deg=0.78 speed=7.922 pos=(22.316,0.002,-118.320) bounded=true
tick=2490 phase=following reason=path_ready wp=2 dist_wp=11.34 bearing_deg=0.78 speed=7.774 pos=(22.699,0.002,-118.282) bounded=true
tick=2520 phase=following reason=path_ready wp=2 dist_wp=10.96 bearing_deg=0.78 speed=7.627 pos=(23.075,0.002,-118.245) bounded=true
tick=2550 phase=following reason=path_ready wp=2 dist_wp=10.59 bearing_deg=0.78 speed=7.480 pos=(23.444,0.002,-118.210) bounded=true
tick=2580 phase=following reason=path_ready wp=2 dist_wp=10.23 bearing_deg=0.78 speed=7.332 pos=(23.806,0.002,-118.175) bounded=true
tick=2610 phase=following reason=path_ready wp=2 dist_wp=9.87 bearing_deg=0.78 speed=7.185 pos=(24.161,0.002,-118.141) bounded=true
tick=2640 phase=following reason=path_ready wp=2 dist_wp=9.52 bearing_deg=0.78 speed=7.038 pos=(24.508,0.002,-118.107) bounded=true
tick=2670 phase=following reason=path_ready wp=2 dist_wp=9.18 bearing_deg=0.78 speed=6.890 pos=(24.849,0.002,-118.075) bounded=true
tick=2700 phase=following reason=path_ready wp=2 dist_wp=8.85 bearing_deg=0.78 speed=6.743 pos=(25.182,0.002,-118.043) bounded=true
tick=2730 phase=following reason=path_ready wp=2 dist_wp=8.52 bearing_deg=0.78 speed=6.596 pos=(25.508,0.002,-118.013) bounded=true
tick=2760 phase=following reason=path_ready wp=2 dist_wp=8.20 bearing_deg=0.78 speed=6.448 pos=(25.827,0.002,-117.983) bounded=true
tick=2790 phase=following reason=path_ready wp=2 dist_wp=7.89 bearing_deg=0.79 speed=6.301 pos=(26.138,0.002,-117.954) bounded=true
tick=2820 phase=following reason=path_ready wp=2 dist_wp=7.58 bearing_deg=0.79 speed=6.153 pos=(26.443,0.002,-117.926) bounded=true
tick=2850 phase=following reason=path_ready wp=2 dist_wp=7.28 bearing_deg=0.79 speed=6.006 pos=(26.740,0.002,-117.898) bounded=true
tick=2880 phase=following reason=path_ready wp=2 dist_wp=6.99 bearing_deg=0.79 speed=5.859 pos=(27.030,0.002,-117.872) bounded=true
tick=2910 phase=following reason=path_ready wp=2 dist_wp=6.71 bearing_deg=0.80 speed=5.711 pos=(27.313,0.002,-117.846) bounded=true
tick=2940 phase=following reason=path_ready wp=2 dist_wp=6.43 bearing_deg=0.80 speed=5.564 pos=(27.588,0.002,-117.821) bounded=true
tick=2970 phase=following reason=path_ready wp=2 dist_wp=6.16 bearing_deg=0.77 speed=5.417 pos=(27.857,0.002,-117.797) bounded=true
tick=3000 phase=following reason=path_ready wp=2 dist_wp=5.90 bearing_deg=0.78 speed=5.269 pos=(28.118,0.002,-117.774) bounded=true
tick=3030 phase=following reason=path_ready wp=2 dist_wp=5.64 bearing_deg=0.78 speed=5.122 pos=(28.372,0.002,-117.752) bounded=true
tick=3060 phase=following reason=path_ready wp=2 dist_wp=5.40 bearing_deg=0.78 speed=4.974 pos=(28.619,0.002,-117.730) bounded=true
tick=3090 phase=following reason=path_ready wp=2 dist_wp=5.16 bearing_deg=0.79 speed=4.827 pos=(28.858,0.002,-117.709) bounded=true
tick=3120 phase=following reason=path_ready wp=2 dist_wp=4.92 bearing_deg=0.79 speed=4.680 pos=(29.091,0.002,-117.689) bounded=true
tick=3150 phase=following reason=path_ready wp=2 dist_wp=4.70 bearing_deg=0.80 speed=4.532 pos=(29.316,0.002,-117.670) bounded=true
tick=3180 phase=following reason=path_ready wp=2 dist_wp=4.48 bearing_deg=0.77 speed=4.385 pos=(29.534,0.002,-117.651) bounded=true
tick=3210 phase=following reason=path_ready wp=2 dist_wp=4.27 bearing_deg=0.78 speed=4.237 pos=(29.745,0.002,-117.633) bounded=true
tick=3240 phase=following reason=path_ready wp=2 dist_wp=4.06 bearing_deg=0.78 speed=4.090 pos=(29.948,0.003,-117.616) bounded=true
tick=3270 phase=following reason=path_ready wp=2 dist_wp=3.86 bearing_deg=0.79 speed=3.943 pos=(30.145,0.002,-117.600) bounded=true
tick=3300 phase=following reason=path_ready wp=2 dist_wp=3.67 bearing_deg=0.79 speed=3.795 pos=(30.334,0.002,-117.584) bounded=true
tick=3330 phase=following reason=path_ready wp=2 dist_wp=3.49 bearing_deg=0.80 speed=3.648 pos=(30.516,0.002,-117.569) bounded=true
tick=3360 phase=following reason=path_ready wp=2 dist_wp=3.32 bearing_deg=0.77 speed=3.500 pos=(30.691,0.002,-117.555) bounded=true
tick=3390 phase=following reason=path_ready wp=2 dist_wp=3.15 bearing_deg=0.78 speed=3.353 pos=(30.859,0.002,-117.542) bounded=true
tick=3420 phase=following reason=path_ready wp=2 dist_wp=2.99 bearing_deg=0.79 speed=3.206 pos=(31.019,0.002,-117.529) bounded=true
tick=3450 phase=following reason=path_ready wp=2 dist_wp=2.84 bearing_deg=0.77 speed=3.060 pos=(31.170,0.002,-117.514) bounded=true
tick=3480 phase=following reason=path_ready wp=2 dist_wp=2.69 bearing_deg=0.78 speed=2.913 pos=(31.316,0.002,-117.503) bounded=true
tick=3510 phase=following reason=path_ready wp=2 dist_wp=2.55 bearing_deg=0.78 speed=2.765 pos=(31.455,0.002,-117.493) bounded=true
tick=3540 phase=following reason=path_ready wp=2 dist_wp=2.42 bearing_deg=0.79 speed=2.618 pos=(31.587,0.002,-117.483) bounded=true
tick=3570 phase=following reason=path_ready wp=2 dist_wp=2.29 bearing_deg=0.80 speed=2.471 pos=(31.711,0.002,-117.473) bounded=true
tick=3600 phase=following reason=path_ready wp=2 dist_wp=2.18 bearing_deg=0.77 speed=2.323 pos=(31.828,0.002,-117.464) bounded=true
tick=3630 phase=following reason=path_ready wp=2 dist_wp=2.07 bearing_deg=0.77 speed=2.176 pos=(31.938,0.002,-117.456) bounded=true
tick=3660 phase=following reason=path_ready wp=2 dist_wp=1.96 bearing_deg=0.75 speed=2.028 pos=(32.041,0.003,-117.451) bounded=true
tick=3690 phase=following reason=path_ready wp=2 dist_wp=1.87 bearing_deg=0.58 speed=1.881 pos=(32.137,0.003,-117.451) bounded=true
tick=3720 phase=following reason=path_ready wp=2 dist_wp=1.78 bearing_deg=0.40 speed=1.734 pos=(32.226,0.003,-117.451) bounded=true
tick=3750 phase=following reason=path_ready wp=2 dist_wp=1.70 bearing_deg=0.22 speed=1.587 pos=(32.307,0.003,-117.451) bounded=true
tick=3780 phase=reverse reason=insufficient_actual_progress wp=2 dist_wp=1.63 bearing_deg=0.05 speed=0.414 pos=(32.375,0.013,-117.451) bounded=true
tick=3810 phase=reverse reason=insufficient_actual_progress wp=2 dist_wp=1.65 bearing_deg=0.05 speed=-1.077 pos=(32.351,0.019,-117.453) bounded=true
tick=3840 phase=reverse reason=insufficient_actual_progress wp=2 dist_wp=1.73 bearing_deg=0.04 speed=-2.105 pos=(32.272,0.015,-117.458) bounded=true
tick=3870 phase=turn_recovery reason=reverse_complete wp=2 dist_wp=1.81 bearing_deg=-24.42 speed=-0.716 pos=(32.195,0.020,-117.455) bounded=true
tick=3900 phase=following reason=path_ready wp=1 dist_wp=20.32 bearing_deg=-28.67 speed=0.000 pos=(32.189,0.008,-117.452) bounded=true
tick=3930 phase=following reason=path_ready wp=1 dist_wp=20.29 bearing_deg=-6.50 speed=1.797 pos=(32.220,0.028,-117.456) bounded=true
tick=3960 phase=following reason=path_ready wp=1 dist_wp=20.16 bearing_deg=-1.66 speed=3.471 pos=(32.341,0.027,-117.460) bounded=true
tick=3990 phase=following reason=path_ready wp=1 dist_wp=19.96 bearing_deg=-0.78 speed=4.993 pos=(32.548,0.021,-117.459) bounded=true
tick=4020 phase=following reason=path_ready wp=1 dist_wp=19.67 bearing_deg=-0.79 speed=6.315 pos=(32.834,0.014,-117.456) bounded=true
tick=4050 phase=following reason=path_ready wp=1 dist_wp=19.32 bearing_deg=-0.78 speed=7.956 pos=(33.188,0.021,-117.453) bounded=true
tick=4080 phase=following reason=path_ready wp=1 dist_wp=18.92 bearing_deg=-0.80 speed=8.000 pos=(33.581,0.003,-117.449) bounded=true
tick=4110 phase=following reason=path_ready wp=1 dist_wp=18.53 bearing_deg=-0.79 speed=8.000 pos=(33.974,0.000,-117.445) bounded=true
tick=4140 phase=following reason=path_ready wp=1 dist_wp=18.14 bearing_deg=-0.78 speed=8.000 pos=(34.367,0.000,-117.441) bounded=true
tick=4170 phase=following reason=path_ready wp=1 dist_wp=17.75 bearing_deg=-0.80 speed=8.000 pos=(34.760,0.000,-117.437) bounded=true
tick=4200 phase=following reason=path_ready wp=1 dist_wp=17.35 bearing_deg=-0.79 speed=8.000 pos=(35.153,0.000,-117.432) bounded=true
tick=4230 phase=following reason=path_ready wp=1 dist_wp=16.96 bearing_deg=-0.78 speed=8.000 pos=(35.546,0.000,-117.428) bounded=true
tick=4260 phase=following reason=path_ready wp=1 dist_wp=16.57 bearing_deg=-0.80 speed=8.000 pos=(35.938,0.000,-117.423) bounded=true
tick=4290 phase=following reason=path_ready wp=1 dist_wp=16.17 bearing_deg=-0.79 speed=8.000 pos=(36.331,0.000,-117.419) bounded=true
tick=4320 phase=following reason=path_ready wp=1 dist_wp=15.78 bearing_deg=-0.78 speed=8.000 pos=(36.724,0.000,-117.414) bounded=true
tick=4350 phase=following reason=path_ready wp=1 dist_wp=15.39 bearing_deg=-0.78 speed=8.000 pos=(37.117,0.000,-117.409) bounded=true
tick=4380 phase=following reason=path_ready wp=1 dist_wp=15.00 bearing_deg=-0.80 speed=8.000 pos=(37.510,0.000,-117.404) bounded=true
tick=4410 phase=following reason=path_ready wp=1 dist_wp=14.60 bearing_deg=-0.79 speed=8.000 pos=(37.902,0.000,-117.398) bounded=true
tick=4440 phase=following reason=path_ready wp=1 dist_wp=14.21 bearing_deg=-0.79 speed=8.000 pos=(38.295,0.000,-117.393) bounded=true
tick=4470 phase=following reason=path_ready wp=1 dist_wp=13.82 bearing_deg=-0.78 speed=8.000 pos=(38.688,0.000,-117.387) bounded=true
tick=4500 phase=following reason=path_ready wp=1 dist_wp=13.42 bearing_deg=-0.78 speed=8.000 pos=(39.081,0.000,-117.382) bounded=true
tick=4530 phase=following reason=path_ready wp=1 dist_wp=13.03 bearing_deg=-0.78 speed=8.000 pos=(39.473,0.000,-117.376) bounded=true
tick=4560 phase=following reason=path_ready wp=1 dist_wp=12.64 bearing_deg=-0.78 speed=8.000 pos=(39.866,0.000,-117.370) bounded=true
tick=4590 phase=following reason=path_ready wp=1 dist_wp=12.25 bearing_deg=-0.78 speed=8.000 pos=(40.259,0.000,-117.364) bounded=true
tick=4620 phase=following reason=path_ready wp=1 dist_wp=11.85 bearing_deg=-0.77 speed=7.970 pos=(40.652,0.001,-117.357) bounded=true
tick=4650 phase=following reason=path_ready wp=1 dist_wp=11.47 bearing_deg=-0.77 speed=7.823 pos=(41.039,0.002,-117.351) bounded=true
tick=4680 phase=following reason=path_ready wp=1 dist_wp=11.09 bearing_deg=-0.77 speed=7.675 pos=(41.420,0.002,-117.344) bounded=true
tick=4710 phase=following reason=path_ready wp=1 dist_wp=10.71 bearing_deg=-0.78 speed=7.528 pos=(41.793,0.002,-117.338) bounded=true
tick=4740 phase=following reason=path_ready wp=1 dist_wp=10.35 bearing_deg=-0.80 speed=7.381 pos=(42.159,0.002,-117.340) bounded=true
tick=4770 phase=following reason=path_ready wp=1 dist_wp=9.99 bearing_deg=-0.80 speed=7.233 pos=(42.518,0.002,-117.334) bounded=true
tick=4800 phase=following reason=path_ready wp=1 dist_wp=9.64 bearing_deg=-0.77 speed=7.086 pos=(42.869,0.002,-117.327) bounded=true
tick=4830 phase=following reason=path_ready wp=1 dist_wp=9.29 bearing_deg=-0.77 speed=6.938 pos=(43.213,0.002,-117.320) bounded=true
tick=4860 phase=following reason=path_ready wp=1 dist_wp=8.96 bearing_deg=-0.78 speed=6.791 pos=(43.550,0.002,-117.313) bounded=true
tick=4890 phase=following reason=path_ready wp=1 dist_wp=8.63 bearing_deg=-0.77 speed=6.644 pos=(43.880,0.002,-117.305) bounded=true
tick=4920 phase=following reason=path_ready wp=1 dist_wp=8.30 bearing_deg=-0.80 speed=6.496 pos=(44.202,0.002,-117.298) bounded=true
tick=4950 phase=following reason=path_ready wp=1 dist_wp=7.99 bearing_deg=-0.80 speed=6.349 pos=(44.517,0.002,-117.290) bounded=true
tick=4980 phase=following reason=path_ready wp=1 dist_wp=7.68 bearing_deg=-0.80 speed=6.202 pos=(44.825,0.002,-117.282) bounded=true
tick=5010 phase=following reason=path_ready wp=1 dist_wp=7.38 bearing_deg=-0.79 speed=6.054 pos=(45.126,0.002,-117.275) bounded=true
tick=5040 phase=following reason=path_ready wp=1 dist_wp=7.09 bearing_deg=-0.79 speed=5.907 pos=(45.420,0.002,-117.267) bounded=true
tick=5070 phase=following reason=path_ready wp=1 dist_wp=6.80 bearing_deg=-0.79 speed=5.759 pos=(45.706,0.003,-117.260) bounded=true
tick=5100 phase=following reason=path_ready wp=1 dist_wp=6.52 bearing_deg=-0.79 speed=5.612 pos=(45.985,0.002,-117.252) bounded=true
tick=5130 phase=following reason=path_ready wp=1 dist_wp=6.25 bearing_deg=-0.78 speed=5.465 pos=(46.257,0.002,-117.244) bounded=true
tick=5160 phase=following reason=path_ready wp=1 dist_wp=5.98 bearing_deg=-0.78 speed=5.317 pos=(46.521,0.002,-117.237) bounded=true
tick=5190 phase=following reason=path_ready wp=1 dist_wp=5.73 bearing_deg=-0.78 speed=5.170 pos=(46.779,0.002,-117.230) bounded=true
tick=5220 phase=following reason=path_ready wp=1 dist_wp=5.48 bearing_deg=-0.77 speed=5.022 pos=(47.029,0.002,-117.222) bounded=true
tick=5250 phase=following reason=path_ready wp=1 dist_wp=5.23 bearing_deg=-0.77 speed=4.875 pos=(47.271,0.003,-117.215) bounded=true
tick=5280 phase=following reason=path_ready wp=1 dist_wp=5.00 bearing_deg=-0.77 speed=4.728 pos=(47.507,0.002,-117.208) bounded=true
tick=5310 phase=following reason=path_ready wp=1 dist_wp=4.77 bearing_deg=-0.78 speed=4.580 pos=(47.735,0.002,-117.202) bounded=true
tick=5340 phase=following reason=path_ready wp=1 dist_wp=4.55 bearing_deg=-0.78 speed=4.433 pos=(47.956,0.002,-117.195) bounded=true
tick=5370 phase=following reason=path_ready wp=1 dist_wp=4.33 bearing_deg=-0.79 speed=4.286 pos=(48.170,0.003,-117.189) bounded=true
tick=5400 phase=following reason=path_ready wp=1 dist_wp=4.13 bearing_deg=-0.79 speed=4.138 pos=(48.377,0.003,-117.183) bounded=true
tick=5430 phase=following reason=path_ready wp=1 dist_wp=3.93 bearing_deg=-0.79 speed=3.991 pos=(48.576,0.003,-117.176) bounded=true
tick=5460 phase=following reason=path_ready wp=1 dist_wp=3.74 bearing_deg=-0.80 speed=3.843 pos=(48.768,0.002,-117.170) bounded=true
tick=5490 phase=following reason=path_ready wp=1 dist_wp=3.55 bearing_deg=-0.80 speed=3.696 pos=(48.953,0.003,-117.164) bounded=true
tick=5520 phase=following reason=path_ready wp=1 dist_wp=3.37 bearing_deg=-0.77 speed=3.548 pos=(49.131,0.003,-117.158) bounded=true
tick=5550 phase=following reason=path_ready wp=1 dist_wp=3.20 bearing_deg=-0.77 speed=3.401 pos=(49.301,0.003,-117.152) bounded=true
tick=5580 phase=following reason=path_ready wp=1 dist_wp=3.04 bearing_deg=-0.77 speed=3.254 pos=(49.465,0.003,-117.146) bounded=true
tick=5610 phase=following reason=path_ready wp=1 dist_wp=2.88 bearing_deg=-0.78 speed=3.106 pos=(49.620,0.002,-117.141) bounded=true
tick=5640 phase=following reason=path_ready wp=1 dist_wp=2.73 bearing_deg=-0.78 speed=2.959 pos=(49.769,0.003,-117.135) bounded=true
tick=5670 phase=following reason=path_ready wp=1 dist_wp=2.59 bearing_deg=-0.78 speed=2.811 pos=(49.911,0.002,-117.129) bounded=true
tick=5700 phase=following reason=path_ready wp=1 dist_wp=2.46 bearing_deg=-0.78 speed=2.664 pos=(50.045,0.003,-117.124) bounded=true
tick=5730 phase=following reason=path_ready wp=1 dist_wp=2.33 bearing_deg=-0.77 speed=2.516 pos=(50.172,0.003,-117.119) bounded=true
tick=5760 phase=following reason=path_ready wp=1 dist_wp=2.21 bearing_deg=-0.77 speed=2.369 pos=(50.292,0.002,-117.114) bounded=true
tick=5790 phase=following reason=path_ready wp=1 dist_wp=2.10 bearing_deg=-0.77 speed=2.221 pos=(50.404,0.002,-117.110) bounded=true
tick=5820 phase=following reason=path_ready wp=1 dist_wp=1.99 bearing_deg=-0.77 speed=2.074 pos=(50.509,0.003,-117.105) bounded=true
tick=5850 phase=following reason=path_ready wp=1 dist_wp=1.90 bearing_deg=-0.80 speed=1.926 pos=(50.607,0.002,-117.101) bounded=true
tick=5880 phase=following reason=path_ready wp=1 dist_wp=1.80 bearing_deg=-0.80 speed=1.779 pos=(50.698,0.002,-117.097) bounded=true
tick=5910 phase=following reason=path_ready wp=1 dist_wp=1.72 bearing_deg=-0.79 speed=1.631 pos=(50.782,0.002,-117.094) bounded=true
tick=5940 phase=following reason=path_ready wp=1 dist_wp=1.64 bearing_deg=-0.78 speed=1.484 pos=(50.858,0.003,-117.090) bounded=true
tick=5970 phase=following reason=path_ready wp=1 dist_wp=1.58 bearing_deg=-0.76 speed=1.336 pos=(50.927,0.003,-117.087) bounded=true
tick=6000 phase=following reason=path_ready wp=1 dist_wp=1.51 bearing_deg=-0.79 speed=1.188 pos=(50.989,0.002,-117.084) bounded=true
tick=6030 phase=following reason=path_ready wp=1 dist_wp=1.46 bearing_deg=-0.77 speed=1.041 pos=(51.043,0.002,-117.082) bounded=true
tick=6060 phase=following reason=path_ready wp=1 dist_wp=1.41 bearing_deg=-0.78 speed=0.893 pos=(51.091,0.002,-117.080) bounded=true
tick=6090 phase=following reason=path_ready wp=1 dist_wp=1.37 bearing_deg=-0.79 speed=0.745 pos=(51.131,0.002,-117.078) bounded=true
tick=6120 phase=following reason=path_ready wp=1 dist_wp=1.34 bearing_deg=-0.80 speed=0.597 pos=(51.164,0.002,-117.076) bounded=true
tick=6150 phase=following reason=path_ready wp=1 dist_wp=1.31 bearing_deg=-0.76 speed=0.449 pos=(51.189,0.002,-117.074) bounded=true
tick=6180 phase=following reason=path_ready wp=2 dist_wp=20.81 bearing_deg=-0.47 speed=1.159 pos=(51.215,0.012,-117.073) bounded=true
tick=6210 phase=following reason=path_ready wp=2 dist_wp=20.71 bearing_deg=-0.47 speed=2.888 pos=(51.316,0.021,-117.068) bounded=true
tick=6240 phase=following reason=path_ready wp=2 dist_wp=20.52 bearing_deg=-0.47 speed=4.479 pos=(51.505,0.017,-117.060) bounded=true
tick=6270 phase=following reason=path_ready wp=2 dist_wp=20.25 bearing_deg=-0.48 speed=6.063 pos=(51.776,0.019,-117.048) bounded=true
tick=6300 phase=following reason=path_ready wp=2 dist_wp=19.92 bearing_deg=-0.49 speed=7.626 pos=(52.111,0.021,-117.033) bounded=true
tick=6330 phase=following reason=path_ready wp=2 dist_wp=19.53 bearing_deg=-0.49 speed=8.000 pos=(52.501,0.004,-117.016) bounded=true
tick=6360 phase=following reason=path_ready wp=2 dist_wp=19.13 bearing_deg=-0.50 speed=8.000 pos=(52.894,0.001,-116.999) bounded=true
tick=6390 phase=following reason=path_ready wp=2 dist_wp=18.74 bearing_deg=-0.51 speed=8.000 pos=(53.286,0.000,-116.981) bounded=true
tick=6420 phase=following reason=path_ready wp=2 dist_wp=18.35 bearing_deg=-0.52 speed=8.000 pos=(53.679,0.000,-116.964) bounded=true
tick=6450 phase=following reason=path_ready wp=2 dist_wp=17.95 bearing_deg=-0.53 speed=8.000 pos=(54.071,0.000,-116.947) bounded=true
tick=6480 phase=following reason=path_ready wp=2 dist_wp=17.56 bearing_deg=-0.55 speed=8.000 pos=(54.465,0.000,-116.930) bounded=true
tick=6510 phase=following reason=path_ready wp=2 dist_wp=17.17 bearing_deg=-0.56 speed=8.000 pos=(54.857,0.000,-116.912) bounded=true
tick=6540 phase=following reason=path_ready wp=2 dist_wp=16.77 bearing_deg=-0.57 speed=8.000 pos=(55.250,0.000,-116.895) bounded=true
tick=6570 phase=following reason=path_ready wp=2 dist_wp=16.38 bearing_deg=-0.58 speed=8.000 pos=(55.642,0.000,-116.877) bounded=true
tick=6600 phase=following reason=path_ready wp=2 dist_wp=15.99 bearing_deg=-0.59 speed=8.000 pos=(56.034,0.000,-116.860) bounded=true
tick=6630 phase=following reason=path_ready wp=2 dist_wp=15.60 bearing_deg=-0.61 speed=8.000 pos=(56.427,0.000,-116.842) bounded=true
tick=6660 phase=following reason=path_ready wp=2 dist_wp=15.20 bearing_deg=-0.62 speed=8.000 pos=(56.819,0.000,-116.825) bounded=true
tick=6690 phase=following reason=path_ready wp=2 dist_wp=14.81 bearing_deg=-0.64 speed=8.000 pos=(57.212,0.000,-116.808) bounded=true
tick=6720 phase=following reason=path_ready wp=2 dist_wp=14.42 bearing_deg=-0.65 speed=8.000 pos=(57.604,0.000,-116.790) bounded=true
tick=6750 phase=following reason=path_ready wp=2 dist_wp=14.02 bearing_deg=-0.67 speed=8.000 pos=(57.997,0.000,-116.773) bounded=true
tick=6780 phase=following reason=path_ready wp=2 dist_wp=13.63 bearing_deg=-0.69 speed=8.000 pos=(58.389,0.000,-116.756) bounded=true
tick=6810 phase=following reason=path_ready wp=2 dist_wp=13.24 bearing_deg=-0.71 speed=8.000 pos=(58.782,0.000,-116.739) bounded=true
tick=6840 phase=following reason=path_ready wp=2 dist_wp=12.85 bearing_deg=-0.73 speed=8.000 pos=(59.174,0.000,-116.721) bounded=true
tick=6870 phase=following reason=path_ready wp=2 dist_wp=12.45 bearing_deg=-0.75 speed=8.000 pos=(59.567,0.000,-116.704) bounded=true
tick=6900 phase=following reason=path_ready wp=2 dist_wp=12.06 bearing_deg=-0.78 speed=8.000 pos=(59.959,0.000,-116.687) bounded=true
tick=6930 phase=following reason=path_ready wp=2 dist_wp=11.67 bearing_deg=-0.78 speed=7.900 pos=(60.350,0.002,-116.670) bounded=true
tick=6960 phase=following reason=path_ready wp=2 dist_wp=11.28 bearing_deg=-0.78 speed=7.753 pos=(60.734,0.002,-116.653) bounded=true
tick=6990 phase=following reason=path_ready wp=2 dist_wp=10.91 bearing_deg=-0.78 speed=7.605 pos=(61.111,0.002,-116.637) bounded=true
tick=7020 phase=following reason=path_ready wp=2 dist_wp=10.54 bearing_deg=-0.78 speed=7.458 pos=(61.480,0.002,-116.620) bounded=true
tick=7050 phase=following reason=path_ready wp=2 dist_wp=10.18 bearing_deg=-0.78 speed=7.311 pos=(61.842,0.002,-116.604) bounded=true
tick=7080 phase=following reason=path_ready wp=2 dist_wp=9.82 bearing_deg=-0.78 speed=7.163 pos=(62.197,0.002,-116.587) bounded=true
tick=7110 phase=following reason=path_ready wp=2 dist_wp=9.47 bearing_deg=-0.78 speed=7.016 pos=(62.545,0.002,-116.571) bounded=true
tick=7140 phase=following reason=path_ready wp=2 dist_wp=9.13 bearing_deg=-0.78 speed=6.869 pos=(62.885,0.002,-116.555) bounded=true
tick=7170 phase=following reason=path_ready wp=2 dist_wp=8.80 bearing_deg=-0.78 speed=6.721 pos=(63.218,0.003,-116.539) bounded=true
tick=7200 phase=following reason=path_ready wp=2 dist_wp=8.47 bearing_deg=-0.78 speed=6.574 pos=(63.544,0.002,-116.524) bounded=true
tick=7230 phase=following reason=path_ready wp=2 dist_wp=8.15 bearing_deg=-0.78 speed=6.426 pos=(63.863,0.002,-116.508) bounded=true
tick=7260 phase=following reason=path_ready wp=2 dist_wp=7.84 bearing_deg=-0.78 speed=6.279 pos=(64.174,0.002,-116.493) bounded=true
tick=7290 phase=following reason=path_ready wp=2 dist_wp=7.54 bearing_deg=-0.79 speed=6.132 pos=(64.478,0.002,-116.478) bounded=true
tick=7320 phase=following reason=path_ready wp=2 dist_wp=7.24 bearing_deg=-0.79 speed=5.985 pos=(64.775,0.002,-116.463) bounded=true
tick=7350 phase=following reason=path_ready wp=2 dist_wp=6.95 bearing_deg=-0.79 speed=5.837 pos=(65.065,0.002,-116.448) bounded=true
tick=7380 phase=following reason=path_ready wp=2 dist_wp=6.67 bearing_deg=-0.79 speed=5.690 pos=(65.347,0.002,-116.434) bounded=true
tick=7410 phase=following reason=path_ready wp=2 dist_wp=6.39 bearing_deg=-0.80 speed=5.543 pos=(65.622,0.002,-116.420) bounded=true
tick=7440 phase=following reason=path_ready wp=2 dist_wp=6.12 bearing_deg=-0.80 speed=5.396 pos=(65.890,0.002,-116.406) bounded=true
tick=7470 phase=following reason=path_ready wp=2 dist_wp=5.86 bearing_deg=-0.77 speed=5.248 pos=(66.151,0.002,-116.392) bounded=true
tick=7500 phase=following reason=path_ready wp=2 dist_wp=5.61 bearing_deg=-0.78 speed=5.101 pos=(66.404,0.002,-116.378) bounded=true
tick=7530 phase=following reason=path_ready wp=2 dist_wp=5.36 bearing_deg=-0.78 speed=4.954 pos=(66.650,0.002,-116.365) bounded=true
tick=7560 phase=following reason=path_ready wp=2 dist_wp=5.12 bearing_deg=-0.78 speed=4.807 pos=(66.889,0.002,-116.352) bounded=true
tick=7590 phase=following reason=path_ready wp=2 dist_wp=4.89 bearing_deg=-0.79 speed=4.659 pos=(67.121,0.002,-116.339) bounded=true
tick=7620 phase=following reason=path_ready wp=2 dist_wp=4.67 bearing_deg=-0.79 speed=4.512 pos=(67.346,0.002,-116.326) bounded=true
tick=7650 phase=following reason=path_ready wp=2 dist_wp=4.45 bearing_deg=-0.80 speed=4.365 pos=(67.563,0.002,-116.314) bounded=true
tick=7680 phase=following reason=path_ready wp=2 dist_wp=4.24 bearing_deg=-0.77 speed=4.218 pos=(67.773,0.002,-116.302) bounded=true
tick=7710 phase=following reason=path_ready wp=2 dist_wp=4.03 bearing_deg=-0.78 speed=4.071 pos=(67.976,0.003,-116.290) bounded=true
tick=7740 phase=following reason=path_ready wp=2 dist_wp=3.84 bearing_deg=-0.78 speed=3.923 pos=(68.171,0.003,-116.279) bounded=true
tick=7770 phase=following reason=path_ready wp=2 dist_wp=3.65 bearing_deg=-0.79 speed=3.776 pos=(68.359,0.002,-116.267) bounded=true
tick=7800 phase=following reason=path_ready wp=2 dist_wp=3.47 bearing_deg=-0.79 speed=3.629 pos=(68.541,0.002,-116.257) bounded=true
tick=7830 phase=following reason=path_ready wp=2 dist_wp=3.29 bearing_deg=-0.80 speed=3.482 pos=(68.715,0.002,-116.246) bounded=true
tick=7860 phase=following reason=path_ready wp=2 dist_wp=3.13 bearing_deg=-0.77 speed=3.335 pos=(68.881,0.002,-116.236) bounded=true
tick=7890 phase=following reason=path_ready wp=2 dist_wp=2.97 bearing_deg=-0.78 speed=3.187 pos=(69.041,0.002,-116.226) bounded=true
tick=7920 phase=following reason=path_ready wp=2 dist_wp=2.82 bearing_deg=-0.78 speed=3.040 pos=(69.193,0.003,-116.216) bounded=true
tick=7950 phase=following reason=path_ready wp=2 dist_wp=2.67 bearing_deg=-0.79 speed=2.893 pos=(69.338,0.003,-116.207) bounded=true
tick=7980 phase=following reason=path_ready wp=2 dist_wp=2.53 bearing_deg=-0.80 speed=2.746 pos=(69.476,0.003,-116.198) bounded=true
tick=8010 phase=following reason=path_ready wp=2 dist_wp=2.40 bearing_deg=-0.77 speed=2.599 pos=(69.606,0.003,-116.189) bounded=true
tick=8040 phase=following reason=path_ready wp=2 dist_wp=2.28 bearing_deg=-0.77 speed=2.452 pos=(69.729,0.003,-116.181) bounded=true
tick=8070 phase=following reason=path_ready wp=2 dist_wp=2.16 bearing_deg=-0.78 speed=2.305 pos=(69.845,0.003,-116.174) bounded=true
tick=8100 phase=following reason=path_ready wp=2 dist_wp=2.05 bearing_deg=-0.78 speed=2.158 pos=(69.954,0.003,-116.166) bounded=true
tick=8130 phase=following reason=path_ready wp=2 dist_wp=1.95 bearing_deg=-0.78 speed=2.011 pos=(70.056,0.003,-116.159) bounded=true
tick=8160 phase=following reason=path_ready wp=2 dist_wp=1.86 bearing_deg=-0.78 speed=1.864 pos=(70.150,0.003,-116.153) bounded=true
tick=8190 phase=following reason=path_ready wp=2 dist_wp=1.77 bearing_deg=-0.78 speed=1.717 pos=(70.238,0.002,-116.147) bounded=true
tick=8220 phase=following reason=path_ready wp=2 dist_wp=1.69 bearing_deg=-0.78 speed=1.570 pos=(70.318,0.002,-116.141) bounded=true
tick=8250 phase=following reason=path_ready wp=2 dist_wp=1.62 bearing_deg=-0.78 speed=1.423 pos=(70.391,0.002,-116.136) bounded=true
tick=8280 phase=following reason=path_ready wp=2 dist_wp=1.55 bearing_deg=-0.77 speed=1.276 pos=(70.456,0.003,-116.131) bounded=true
tick=8310 phase=following reason=path_ready wp=2 dist_wp=1.49 bearing_deg=-0.80 speed=1.129 pos=(70.515,0.003,-116.127) bounded=true
tick=8340 phase=following reason=path_ready wp=2 dist_wp=1.44 bearing_deg=-0.79 speed=0.982 pos=(70.566,0.002,-116.123) bounded=true
tick=8370 phase=following reason=path_ready wp=2 dist_wp=1.39 bearing_deg=-0.78 speed=0.835 pos=(70.610,0.002,-116.120) bounded=true
tick=8400 phase=following reason=path_ready wp=2 dist_wp=1.36 bearing_deg=-0.80 speed=0.689 pos=(70.647,0.002,-116.118) bounded=true
tick=8430 phase=following reason=path_ready wp=2 dist_wp=1.33 bearing_deg=-0.78 speed=0.542 pos=(70.677,0.002,-116.115) bounded=true
tick=8460 phase=following reason=path_ready wp=2 dist_wp=1.31 bearing_deg=-0.79 speed=0.396 pos=(70.699,0.002,-116.114) bounded=true
tick=8490 phase=following reason=path_ready wp=3 dist_wp=22.15 bearing_deg=-57.52 speed=0.000 pos=(70.707,0.005,-116.113) bounded=true
tick=8520 phase=following reason=path_ready wp=3 dist_wp=22.15 bearing_deg=-20.38 speed=0.000 pos=(70.707,0.001,-116.113) bounded=true
tick=8550 phase=following reason=path_ready wp=3 dist_wp=22.10 bearing_deg=-4.72 speed=2.073 pos=(70.717,0.027,-116.059) bounded=true
tick=8580 phase=following reason=path_ready wp=3 dist_wp=21.95 bearing_deg=-1.25 speed=4.052 pos=(70.731,0.030,-115.913) bounded=true
tick=8610 phase=following reason=path_ready wp=3 dist_wp=21.72 bearing_deg=-0.79 speed=5.759 pos=(70.748,0.027,-115.681) bounded=true
tick=8640 phase=following reason=path_ready wp=3 dist_wp=21.41 bearing_deg=-0.78 speed=7.080 pos=(70.770,0.021,-115.371) bounded=true
tick=8670 phase=following reason=path_ready wp=3 dist_wp=21.02 bearing_deg=-0.79 speed=8.000 pos=(70.796,0.011,-114.990) bounded=true
tick=8700 phase=following reason=path_ready wp=3 dist_wp=20.63 bearing_deg=-0.78 speed=8.000 pos=(70.824,0.001,-114.598) bounded=true
tick=8730 phase=following reason=path_ready wp=3 dist_wp=20.24 bearing_deg=-0.79 speed=8.000 pos=(70.852,0.000,-114.206) bounded=true
tick=8760 phase=following reason=path_ready wp=3 dist_wp=19.85 bearing_deg=-0.78 speed=8.000 pos=(70.879,0.000,-113.815) bounded=true
tick=8790 phase=following reason=path_ready wp=3 dist_wp=19.45 bearing_deg=-0.80 speed=8.000 pos=(70.906,0.000,-113.423) bounded=true
tick=8820 phase=following reason=path_ready wp=3 dist_wp=19.06 bearing_deg=-0.78 speed=8.000 pos=(70.933,0.000,-113.031) bounded=true
tick=8850 phase=following reason=path_ready wp=3 dist_wp=18.67 bearing_deg=-0.77 speed=8.000 pos=(70.961,0.000,-112.639) bounded=true
tick=8880 phase=following reason=path_ready wp=3 dist_wp=18.28 bearing_deg=-0.79 speed=8.000 pos=(70.988,0.000,-112.247) bounded=true
tick=8910 phase=following reason=path_ready wp=3 dist_wp=17.88 bearing_deg=-0.78 speed=8.000 pos=(71.014,0.000,-111.855) bounded=true
tick=8940 phase=following reason=path_ready wp=3 dist_wp=17.49 bearing_deg=-0.80 speed=8.000 pos=(71.041,0.000,-111.463) bounded=true
tick=8970 phase=following reason=path_ready wp=3 dist_wp=17.10 bearing_deg=-0.79 speed=8.000 pos=(71.068,0.000,-111.072) bounded=true
tick=9000 phase=following reason=path_ready wp=3 dist_wp=16.70 bearing_deg=-0.78 speed=8.000 pos=(71.094,0.000,-110.680) bounded=true
tick=9030 phase=following reason=path_ready wp=3 dist_wp=16.31 bearing_deg=-0.80 speed=8.000 pos=(71.121,0.000,-110.288) bounded=true
tick=9060 phase=following reason=path_ready wp=3 dist_wp=15.92 bearing_deg=-0.79 speed=8.000 pos=(71.147,0.000,-109.897) bounded=true
tick=9090 phase=following reason=path_ready wp=3 dist_wp=15.53 bearing_deg=-0.78 speed=8.000 pos=(71.173,0.000,-109.504) bounded=true
tick=9120 phase=following reason=path_ready wp=3 dist_wp=15.13 bearing_deg=-0.78 speed=8.000 pos=(71.199,0.000,-109.112) bounded=true
tick=9150 phase=following reason=path_ready wp=3 dist_wp=14.74 bearing_deg=-0.80 speed=8.000 pos=(71.225,0.000,-108.720) bounded=true
tick=9180 phase=following reason=path_ready wp=3 dist_wp=14.35 bearing_deg=-0.79 speed=8.000 pos=(71.251,0.000,-108.328) bounded=true
tick=9210 phase=following reason=path_ready wp=3 dist_wp=13.96 bearing_deg=-0.79 speed=8.000 pos=(71.276,0.000,-107.937) bounded=true
tick=9240 phase=following reason=path_ready wp=3 dist_wp=13.56 bearing_deg=-0.78 speed=8.000 pos=(71.302,0.000,-107.545) bounded=true
tick=9270 phase=following reason=path_ready wp=3 dist_wp=13.17 bearing_deg=-0.78 speed=8.000 pos=(71.328,0.000,-107.153) bounded=true
tick=9300 phase=following reason=path_ready wp=3 dist_wp=12.78 bearing_deg=-0.78 speed=8.000 pos=(71.353,0.000,-106.761) bounded=true
tick=9330 phase=following reason=path_ready wp=3 dist_wp=12.38 bearing_deg=-0.78 speed=8.000 pos=(71.378,0.000,-106.369) bounded=true
tick=9360 phase=following reason=path_ready wp=3 dist_wp=11.99 bearing_deg=-0.78 speed=8.000 pos=(71.403,0.000,-105.977) bounded=true
tick=9390 phase=following reason=path_ready wp=3 dist_wp=11.60 bearing_deg=-0.78 speed=7.874 pos=(71.428,0.002,-105.587) bounded=true
tick=9420 phase=following reason=path_ready wp=3 dist_wp=11.22 bearing_deg=-0.78 speed=7.727 pos=(71.452,0.003,-105.205) bounded=true
tick=9450 phase=following reason=path_ready wp=3 dist_wp=10.84 bearing_deg=-0.78 speed=7.580 pos=(71.475,0.002,-104.830) bounded=true
tick=9480 phase=following reason=path_ready wp=3 dist_wp=10.47 bearing_deg=-0.78 speed=7.432 pos=(71.498,0.002,-104.462) bounded=true
tick=9510 phase=following reason=path_ready wp=3 dist_wp=10.11 bearing_deg=-0.78 speed=7.285 pos=(71.520,0.002,-104.102) bounded=true
tick=9540 phase=following reason=path_ready wp=3 dist_wp=9.76 bearing_deg=-0.78 speed=7.138 pos=(71.542,0.002,-103.748) bounded=true
tick=9570 phase=following reason=path_ready wp=3 dist_wp=9.41 bearing_deg=-0.78 speed=6.990 pos=(71.563,0.002,-103.402) bounded=true
tick=9600 phase=following reason=path_ready wp=3 dist_wp=9.07 bearing_deg=-0.78 speed=6.843 pos=(71.583,0.002,-103.063) bounded=true
tick=9630 phase=following reason=path_ready wp=3 dist_wp=8.74 bearing_deg=-0.78 speed=6.696 pos=(71.603,0.002,-102.732) bounded=true
tick=9660 phase=following reason=path_ready wp=3 dist_wp=8.42 bearing_deg=-0.78 speed=6.548 pos=(71.622,0.002,-102.407) bounded=true
tick=9690 phase=following reason=path_ready wp=3 dist_wp=8.10 bearing_deg=-0.78 speed=6.401 pos=(71.641,0.002,-102.090) bounded=true
tick=9720 phase=following reason=path_ready wp=3 dist_wp=7.79 bearing_deg=-0.78 speed=6.253 pos=(71.659,0.002,-101.780) bounded=true
tick=9750 phase=following reason=path_ready wp=3 dist_wp=7.48 bearing_deg=-0.79 speed=6.106 pos=(71.676,0.002,-101.477) bounded=true
tick=9780 phase=following reason=path_ready wp=3 dist_wp=7.19 bearing_deg=-0.79 speed=5.959 pos=(71.693,0.002,-101.181) bounded=true
tick=9810 phase=following reason=path_ready wp=3 dist_wp=6.90 bearing_deg=-0.79 speed=5.811 pos=(71.709,0.002,-100.893) bounded=true
tick=9840 phase=following reason=path_ready wp=3 dist_wp=6.62 bearing_deg=-0.79 speed=5.664 pos=(71.725,0.002,-100.612) bounded=true
tick=9870 phase=following reason=path_ready wp=3 dist_wp=6.34 bearing_deg=-0.80 speed=5.517 pos=(71.740,0.003,-100.338) bounded=true
tick=9900 phase=following reason=path_ready wp=3 dist_wp=6.08 bearing_deg=-0.80 speed=5.369 pos=(71.754,0.001,-100.071) bounded=true
tick=9930 phase=following reason=path_ready wp=3 dist_wp=5.82 bearing_deg=-0.77 speed=5.222 pos=(71.768,0.002,-99.811) bounded=true
tick=9960 phase=following reason=path_ready wp=3 dist_wp=5.56 bearing_deg=-0.78 speed=5.074 pos=(71.782,0.002,-99.559) bounded=true
tick=9990 phase=following reason=path_ready wp=3 dist_wp=5.32 bearing_deg=-0.78 speed=4.927 pos=(71.795,0.002,-99.314) bounded=true
tick=10020 phase=following reason=path_ready wp=3 dist_wp=5.08 bearing_deg=-0.78 speed=4.780 pos=(71.807,0.002,-99.076) bounded=true
tick=10050 phase=following reason=path_ready wp=3 dist_wp=4.85 bearing_deg=-0.79 speed=4.632 pos=(71.819,0.002,-98.845) bounded=true
tick=10080 phase=following reason=path_ready wp=3 dist_wp=4.62 bearing_deg=-0.79 speed=4.485 pos=(71.830,0.002,-98.622) bounded=true
tick=10110 phase=following reason=path_ready wp=3 dist_wp=4.41 bearing_deg=-0.80 speed=4.337 pos=(71.841,0.002,-98.406) bounded=true
tick=10140 phase=following reason=path_ready wp=3 dist_wp=4.20 bearing_deg=-0.77 speed=4.190 pos=(71.851,0.003,-98.197) bounded=true
tick=10170 phase=following reason=path_ready wp=3 dist_wp=4.00 bearing_deg=-0.78 speed=4.043 pos=(71.861,0.002,-97.995) bounded=true
tick=10200 phase=following reason=path_ready wp=3 dist_wp=3.80 bearing_deg=-0.78 speed=3.895 pos=(71.870,0.002,-97.800) bounded=true
tick=10230 phase=following reason=path_ready wp=3 dist_wp=3.61 bearing_deg=-0.79 speed=3.748 pos=(71.879,0.002,-97.613) bounded=true
tick=10260 phase=following reason=path_ready wp=3 dist_wp=3.43 bearing_deg=-0.80 speed=3.600 pos=(71.888,0.002,-97.432) bounded=true
tick=10290 phase=following reason=path_ready wp=3 dist_wp=3.26 bearing_deg=-0.77 speed=3.452 pos=(71.896,0.002,-97.259) bounded=true
tick=10320 phase=following reason=path_ready wp=3 dist_wp=3.09 bearing_deg=-0.78 speed=3.305 pos=(71.903,0.002,-97.093) bounded=true
tick=10350 phase=following reason=path_ready wp=3 dist_wp=2.94 bearing_deg=-0.78 speed=3.157 pos=(71.910,0.003,-96.935) bounded=true
tick=10380 phase=following reason=path_ready wp=3 dist_wp=2.78 bearing_deg=-0.79 speed=3.009 pos=(71.917,0.002,-96.783) bounded=true
tick=10410 phase=following reason=path_ready wp=3 dist_wp=2.64 bearing_deg=-0.80 speed=2.862 pos=(71.923,0.002,-96.639) bounded=true
tick=10440 phase=following reason=path_ready wp=3 dist_wp=2.50 bearing_deg=-0.77 speed=2.714 pos=(71.929,0.003,-96.502) bounded=true
tick=10470 phase=following reason=path_ready wp=3 dist_wp=2.37 bearing_deg=-0.77 speed=2.566 pos=(71.934,0.003,-96.373) bounded=true
tick=10500 phase=following reason=path_ready wp=3 dist_wp=2.25 bearing_deg=-0.78 speed=2.419 pos=(71.939,0.003,-96.250) bounded=true
tick=10530 phase=following reason=path_ready wp=3 dist_wp=2.14 bearing_deg=-0.78 speed=2.271 pos=(71.944,0.003,-96.135) bounded=true
tick=10560 phase=following reason=path_ready wp=3 dist_wp=2.03 bearing_deg=-0.79 speed=2.123 pos=(71.948,0.003,-96.027) bounded=true
tick=10590 phase=following reason=path_ready wp=3 dist_wp=1.93 bearing_deg=-0.79 speed=1.975 pos=(71.952,0.002,-95.926) bounded=true
tick=10620 phase=following reason=path_ready wp=3 dist_wp=1.83 bearing_deg=-0.79 speed=1.828 pos=(71.956,0.003,-95.833) bounded=true
tick=10650 phase=following reason=path_ready wp=3 dist_wp=1.75 bearing_deg=-0.79 speed=1.680 pos=(71.959,0.003,-95.747) bounded=true
tick=10680 phase=following reason=path_ready wp=3 dist_wp=1.67 bearing_deg=-0.79 speed=1.532 pos=(71.962,0.003,-95.668) bounded=true
tick=10710 phase=reverse reason=insufficient_actual_progress wp=3 dist_wp=1.61 bearing_deg=-0.78 speed=-0.048 pos=(71.964,0.023,-95.611) bounded=true
tick=10740 phase=reverse reason=insufficient_actual_progress wp=3 dist_wp=1.65 bearing_deg=-0.76 speed=-1.436 pos=(71.962,0.020,-95.649) bounded=true
tick=10770 phase=reverse reason=insufficient_actual_progress wp=3 dist_wp=1.75 bearing_deg=-0.72 speed=-2.250 pos=(71.959,0.010,-95.747) bounded=true
tick=10800 phase=turn_recovery reason=reverse_complete wp=3 dist_wp=1.82 bearing_deg=27.92 speed=-0.666 pos=(71.969,0.020,-95.817) bounded=true
tick=10830 phase=following reason=path_ready wp=1 dist_wp=23.82 bearing_deg=23.85 speed=0.000 pos=(71.973,0.008,-95.822) bounded=true
tick=10860 phase=following reason=path_ready wp=1 dist_wp=23.78 bearing_deg=5.45 speed=2.068 pos=(71.966,0.031,-95.775) bounded=true
tick=10890 phase=following reason=path_ready wp=1 dist_wp=23.63 bearing_deg=1.43 speed=4.073 pos=(71.960,0.031,-95.632) bounded=true
tick=10920 phase=following reason=path_ready wp=1 dist_wp=23.40 bearing_deg=0.77 speed=5.788 pos=(71.957,0.027,-95.399) bounded=true
tick=10950 phase=following reason=path_ready wp=1 dist_wp=23.09 bearing_deg=0.79 speed=7.183 pos=(71.953,0.022,-95.085) bounded=true
tick=10980 phase=following reason=path_ready wp=1 dist_wp=22.70 bearing_deg=0.80 speed=8.000 pos=(71.948,0.010,-94.701) bounded=true
tick=11010 phase=following reason=path_ready wp=1 dist_wp=22.31 bearing_deg=0.79 speed=8.000 pos=(71.944,0.001,-94.308) bounded=true
tick=11040 phase=following reason=path_ready wp=1 dist_wp=21.91 bearing_deg=0.77 speed=8.000 pos=(71.940,0.000,-93.914) bounded=true
tick=11070 phase=following reason=path_ready wp=1 dist_wp=21.52 bearing_deg=0.79 speed=8.000 pos=(71.935,0.000,-93.521) bounded=true
tick=11100 phase=following reason=path_ready wp=1 dist_wp=21.13 bearing_deg=0.78 speed=8.000 pos=(71.931,0.000,-93.128) bounded=true
tick=11130 phase=following reason=path_ready wp=1 dist_wp=20.74 bearing_deg=0.79 speed=8.000 pos=(71.927,0.000,-92.735) bounded=true
tick=11160 phase=following reason=path_ready wp=1 dist_wp=20.34 bearing_deg=0.78 speed=8.000 pos=(71.923,0.000,-92.342) bounded=true
tick=11190 phase=following reason=path_ready wp=1 dist_wp=19.95 bearing_deg=0.80 speed=8.000 pos=(71.919,0.000,-91.949) bounded=true
tick=11220 phase=following reason=path_ready wp=1 dist_wp=19.56 bearing_deg=0.79 speed=8.000 pos=(71.916,0.000,-91.556) bounded=true
tick=11250 phase=following reason=path_ready wp=1 dist_wp=19.16 bearing_deg=0.78 speed=8.000 pos=(71.912,0.000,-91.163) bounded=true
tick=11280 phase=following reason=path_ready wp=1 dist_wp=18.77 bearing_deg=0.79 speed=8.000 pos=(71.908,0.000,-90.769) bounded=true
tick=11310 phase=following reason=path_ready wp=1 dist_wp=18.38 bearing_deg=0.78 speed=8.000 pos=(71.905,0.000,-90.376) bounded=true
tick=11340 phase=following reason=path_ready wp=1 dist_wp=17.98 bearing_deg=0.80 speed=8.000 pos=(71.902,0.000,-89.983) bounded=true
tick=11370 phase=following reason=path_ready wp=1 dist_wp=17.59 bearing_deg=0.79 speed=8.000 pos=(71.898,0.000,-89.590) bounded=true
tick=11400 phase=following reason=path_ready wp=1 dist_wp=17.20 bearing_deg=0.78 speed=8.000 pos=(71.895,0.000,-89.197) bounded=true
tick=11430 phase=following reason=path_ready wp=1 dist_wp=16.80 bearing_deg=0.78 speed=8.000 pos=(71.892,0.000,-88.804) bounded=true
tick=11460 phase=following reason=path_ready wp=1 dist_wp=16.41 bearing_deg=0.79 speed=8.000 pos=(71.890,0.000,-88.410) bounded=true
tick=11490 phase=following reason=path_ready wp=1 dist_wp=16.02 bearing_deg=0.79 speed=8.000 pos=(71.887,0.000,-88.017) bounded=true
tick=11520 phase=following reason=path_ready wp=1 dist_wp=15.62 bearing_deg=0.78 speed=8.000 pos=(71.884,0.000,-87.624) bounded=true
tick=11550 phase=following reason=path_ready wp=1 dist_wp=15.23 bearing_deg=0.80 speed=8.000 pos=(71.882,0.000,-87.231) bounded=true
tick=11580 phase=following reason=path_ready wp=1 dist_wp=14.84 bearing_deg=0.79 speed=8.000 pos=(71.880,0.000,-86.838) bounded=true
tick=11610 phase=following reason=path_ready wp=1 dist_wp=14.45 bearing_deg=0.79 speed=8.000 pos=(71.877,0.000,-86.445) bounded=true
tick=11640 phase=following reason=path_ready wp=1 dist_wp=14.05 bearing_deg=0.79 speed=8.000 pos=(71.875,0.000,-86.051) bounded=true
tick=11670 phase=following reason=path_ready wp=1 dist_wp=13.66 bearing_deg=0.78 speed=8.000 pos=(71.874,0.000,-85.658) bounded=true
tick=11700 phase=following reason=path_ready wp=1 dist_wp=13.27 bearing_deg=0.78 speed=8.000 pos=(71.872,0.000,-85.264) bounded=true
tick=11730 phase=following reason=path_ready wp=1 dist_wp=12.87 bearing_deg=0.78 speed=8.000 pos=(71.871,0.000,-84.871) bounded=true
tick=11760 phase=following reason=path_ready wp=1 dist_wp=12.48 bearing_deg=0.78 speed=8.000 pos=(71.869,0.000,-84.478) bounded=true
tick=11790 phase=following reason=path_ready wp=1 dist_wp=12.09 bearing_deg=0.80 speed=8.000 pos=(71.868,0.000,-84.085) bounded=true
tick=11820 phase=following reason=path_ready wp=1 dist_wp=11.69 bearing_deg=0.80 speed=7.910 pos=(71.867,0.001,-83.693) bounded=true
tick=11850 phase=following reason=path_ready wp=1 dist_wp=11.31 bearing_deg=0.80 speed=7.762 pos=(71.866,0.002,-83.308) bounded=true
tick=11880 phase=following reason=path_ready wp=1 dist_wp=10.93 bearing_deg=0.80 speed=7.615 pos=(71.866,0.002,-82.931) bounded=true
tick=11910 phase=following reason=path_ready wp=1 dist_wp=10.56 bearing_deg=0.80 speed=7.467 pos=(71.865,0.002,-82.560) bounded=true
tick=11940 phase=following reason=path_ready wp=1 dist_wp=10.20 bearing_deg=0.77 speed=7.320 pos=(71.865,0.002,-82.197) bounded=true
tick=11970 phase=following reason=path_ready wp=1 dist_wp=9.84 bearing_deg=0.77 speed=7.172 pos=(71.865,0.002,-81.841) bounded=true
tick=12000 phase=following reason=path_ready wp=1 dist_wp=9.49 bearing_deg=0.78 speed=7.025 pos=(71.865,0.002,-81.492) bounded=true
tick=12030 phase=following reason=path_ready wp=1 dist_wp=9.15 bearing_deg=0.78 speed=6.877 pos=(71.865,0.002,-81.151) bounded=true
tick=12060 phase=following reason=path_ready wp=1 dist_wp=8.82 bearing_deg=0.78 speed=6.730 pos=(71.865,0.002,-80.817) bounded=true
tick=12090 phase=following reason=path_ready wp=1 dist_wp=8.49 bearing_deg=0.78 speed=6.582 pos=(71.866,0.002,-80.490) bounded=true
tick=12120 phase=following reason=path_ready wp=1 dist_wp=8.17 bearing_deg=0.78 speed=6.435 pos=(71.867,0.002,-80.170) bounded=true
tick=12150 phase=following reason=path_ready wp=1 dist_wp=7.86 bearing_deg=0.78 speed=6.288 pos=(71.868,0.002,-79.857) bounded=true
tick=12180 phase=following reason=path_ready wp=1 dist_wp=7.55 bearing_deg=0.78 speed=6.140 pos=(71.869,0.002,-79.552) bounded=true
tick=12210 phase=following reason=path_ready wp=1 dist_wp=7.26 bearing_deg=0.79 speed=5.993 pos=(71.870,0.002,-79.254) bounded=true
tick=12240 phase=following reason=path_ready wp=1 dist_wp=6.96 bearing_deg=0.79 speed=5.845 pos=(71.871,0.002,-78.963) bounded=true
tick=12270 phase=following reason=path_ready wp=1 dist_wp=6.68 bearing_deg=0.79 speed=5.698 pos=(71.873,0.002,-78.680) bounded=true
tick=12300 phase=following reason=path_ready wp=1 dist_wp=6.40 bearing_deg=0.80 speed=5.550 pos=(71.874,0.002,-78.404) bounded=true
tick=12330 phase=following reason=path_ready wp=1 dist_wp=6.14 bearing_deg=0.80 speed=5.403 pos=(71.876,0.002,-78.135) bounded=true
tick=12360 phase=following reason=path_ready wp=1 dist_wp=5.87 bearing_deg=0.77 speed=5.255 pos=(71.878,0.002,-77.873) bounded=true
tick=12390 phase=following reason=path_ready wp=1 dist_wp=5.62 bearing_deg=0.78 speed=5.108 pos=(71.880,0.002,-77.618) bounded=true
tick=12420 phase=following reason=path_ready wp=1 dist_wp=5.37 bearing_deg=0.78 speed=4.960 pos=(71.882,0.002,-77.371) bounded=true
tick=12450 phase=following reason=path_ready wp=1 dist_wp=5.13 bearing_deg=0.78 speed=4.812 pos=(71.884,0.003,-77.131) bounded=true
tick=12480 phase=following reason=path_ready wp=1 dist_wp=4.90 bearing_deg=0.79 speed=4.665 pos=(71.886,0.003,-76.898) bounded=true
tick=12510 phase=following reason=path_ready wp=1 dist_wp=4.67 bearing_deg=0.79 speed=4.517 pos=(71.888,0.002,-76.672) bounded=true
tick=12540 phase=following reason=path_ready wp=1 dist_wp=4.46 bearing_deg=0.80 speed=4.370 pos=(71.890,0.003,-76.454) bounded=true
tick=12570 phase=following reason=path_ready wp=1 dist_wp=4.24 bearing_deg=0.77 speed=4.222 pos=(71.893,0.002,-76.243) bounded=true
tick=12600 phase=following reason=path_ready wp=1 dist_wp=4.04 bearing_deg=0.78 speed=4.075 pos=(71.895,0.003,-76.039) bounded=true
tick=12630 phase=following reason=path_ready wp=1 dist_wp=3.84 bearing_deg=0.78 speed=3.927 pos=(71.898,0.003,-75.843) bounded=true
tick=12660 phase=following reason=path_ready wp=1 dist_wp=3.65 bearing_deg=0.79 speed=3.780 pos=(71.900,0.003,-75.653) bounded=true
tick=12690 phase=following reason=path_ready wp=1 dist_wp=3.47 bearing_deg=0.80 speed=3.632 pos=(71.903,0.002,-75.471) bounded=true
tick=12720 phase=following reason=path_ready wp=1 dist_wp=3.30 bearing_deg=0.77 speed=3.484 pos=(71.905,0.002,-75.296) bounded=true
tick=12750 phase=following reason=path_ready wp=1 dist_wp=3.13 bearing_deg=0.78 speed=3.337 pos=(71.908,0.002,-75.129) bounded=true
tick=12780 phase=following reason=path_ready wp=1 dist_wp=2.97 bearing_deg=0.78 speed=3.189 pos=(71.910,0.002,-74.968) bounded=true
tick=12810 phase=following reason=path_ready wp=1 dist_wp=2.82 bearing_deg=0.79 speed=3.041 pos=(71.913,0.003,-74.815) bounded=true
tick=12840 phase=following reason=path_ready wp=1 dist_wp=2.67 bearing_deg=0.80 speed=2.894 pos=(71.916,0.003,-74.669) bounded=true
tick=12870 phase=following reason=path_ready wp=1 dist_wp=2.53 bearing_deg=0.77 speed=2.746 pos=(71.918,0.003,-74.531) bounded=true
tick=12900 phase=following reason=path_ready wp=1 dist_wp=2.40 bearing_deg=0.78 speed=2.598 pos=(71.921,0.002,-74.399) bounded=true
tick=12930 phase=following reason=path_ready wp=1 dist_wp=2.28 bearing_deg=0.78 speed=2.450 pos=(71.923,0.002,-74.275) bounded=true
tick=12960 phase=following reason=path_ready wp=1 dist_wp=2.16 bearing_deg=0.79 speed=2.302 pos=(71.925,0.002,-74.158) bounded=true
tick=12990 phase=following reason=path_ready wp=1 dist_wp=2.05 bearing_deg=0.80 speed=2.155 pos=(71.928,0.002,-74.049) bounded=true
tick=13020 phase=following reason=path_ready wp=1 dist_wp=1.95 bearing_deg=0.77 speed=2.007 pos=(71.930,0.002,-73.947) bounded=true
tick=13050 phase=following reason=path_ready wp=1 dist_wp=1.85 bearing_deg=0.77 speed=1.859 pos=(71.932,0.002,-73.852) bounded=true
tick=13080 phase=following reason=path_ready wp=1 dist_wp=1.77 bearing_deg=0.77 speed=1.711 pos=(71.934,0.002,-73.764) bounded=true
tick=13110 phase=following reason=path_ready wp=1 dist_wp=1.68 bearing_deg=0.77 speed=1.563 pos=(71.936,0.002,-73.683) bounded=true
tick=13140 phase=following reason=path_ready wp=1 dist_wp=1.61 bearing_deg=0.77 speed=1.415 pos=(71.938,0.002,-73.610) bounded=true
tick=13170 phase=following reason=path_ready wp=1 dist_wp=1.55 bearing_deg=0.77 speed=1.267 pos=(71.939,0.002,-73.544) bounded=true
tick=13200 phase=following reason=path_ready wp=1 dist_wp=1.49 bearing_deg=0.80 speed=1.119 pos=(71.941,0.002,-73.486) bounded=true
tick=13230 phase=following reason=path_ready wp=1 dist_wp=1.44 bearing_deg=0.79 speed=0.970 pos=(71.942,0.002,-73.434) bounded=true
tick=13260 phase=following reason=path_ready wp=1 dist_wp=1.39 bearing_deg=0.77 speed=0.822 pos=(71.943,0.003,-73.390) bounded=true
tick=13290 phase=following reason=path_ready wp=1 dist_wp=1.35 bearing_deg=0.80 speed=0.673 pos=(71.944,0.003,-73.353) bounded=true
tick=13320 phase=following reason=path_ready wp=1 dist_wp=1.32 bearing_deg=0.77 speed=0.524 pos=(71.945,0.003,-73.324) bounded=true
tick=13350 phase=following reason=path_ready wp=1 dist_wp=1.30 bearing_deg=0.79 speed=0.374 pos=(71.946,0.002,-73.302) bounded=true
tick=13380 phase=following reason=path_ready wp=2 dist_wp=23.24 bearing_deg=-0.78 speed=2.180 pos=(71.947,0.024,-73.236) bounded=true
tick=13410 phase=following reason=path_ready wp=2 dist_wp=23.08 bearing_deg=-0.78 speed=4.117 pos=(71.949,0.027,-73.077) bounded=true
tick=13440 phase=following reason=path_ready wp=2 dist_wp=22.83 bearing_deg=-0.79 speed=6.025 pos=(71.953,0.028,-72.829) bounded=true
tick=13470 phase=following reason=path_ready wp=2 dist_wp=22.50 bearing_deg=-0.78 speed=7.481 pos=(71.958,0.023,-72.504) bounded=true
tick=13500 phase=following reason=path_ready wp=2 dist_wp=22.11 bearing_deg=-0.79 speed=8.000 pos=(71.964,0.006,-72.114) bounded=true
tick=13530 phase=following reason=path_ready wp=2 dist_wp=21.72 bearing_deg=-0.78 speed=8.000 pos=(71.970,0.001,-71.721) bounded=true
tick=13560 phase=following reason=path_ready wp=2 dist_wp=21.33 bearing_deg=-0.79 speed=8.000 pos=(71.977,0.000,-71.328) bounded=true
tick=13590 phase=following reason=path_ready wp=2 dist_wp=20.93 bearing_deg=-0.78 speed=8.000 pos=(71.982,0.000,-70.935) bounded=true
tick=13620 phase=following reason=path_ready wp=2 dist_wp=20.54 bearing_deg=-0.80 speed=8.000 pos=(71.988,0.000,-70.542) bounded=true
tick=13650 phase=following reason=path_ready wp=2 dist_wp=20.15 bearing_deg=-0.78 speed=8.000 pos=(71.994,0.000,-70.149) bounded=true
tick=13680 phase=following reason=path_ready wp=2 dist_wp=19.76 bearing_deg=-0.80 speed=8.000 pos=(71.999,0.000,-69.755) bounded=true
tick=13710 phase=following reason=path_ready wp=2 dist_wp=19.36 bearing_deg=-0.79 speed=8.000 pos=(72.005,0.000,-69.362) bounded=true
tick=13740 phase=following reason=path_ready wp=2 dist_wp=18.97 bearing_deg=-0.78 speed=8.000 pos=(72.010,0.000,-68.969) bounded=true
tick=13770 phase=following reason=path_ready wp=2 dist_wp=18.58 bearing_deg=-0.80 speed=8.000 pos=(72.015,0.000,-68.576) bounded=true
tick=13800 phase=following reason=path_ready wp=2 dist_wp=18.18 bearing_deg=-0.79 speed=8.000 pos=(72.020,0.000,-68.183) bounded=true
tick=13830 phase=following reason=path_ready wp=2 dist_wp=17.79 bearing_deg=-0.78 speed=8.000 pos=(72.025,0.000,-67.790) bounded=true
tick=13860 phase=following reason=path_ready wp=2 dist_wp=17.40 bearing_deg=-0.80 speed=8.000 pos=(72.030,0.000,-67.397) bounded=true
tick=13890 phase=following reason=path_ready wp=2 dist_wp=17.00 bearing_deg=-0.79 speed=8.000 pos=(72.034,0.000,-67.003) bounded=true
tick=13920 phase=following reason=path_ready wp=2 dist_wp=16.61 bearing_deg=-0.78 speed=8.000 pos=(72.039,0.000,-66.610) bounded=true
tick=13950 phase=following reason=path_ready wp=2 dist_wp=16.22 bearing_deg=-0.80 speed=8.000 pos=(72.043,0.000,-66.217) bounded=true
tick=13980 phase=following reason=path_ready wp=2 dist_wp=15.82 bearing_deg=-0.79 speed=8.000 pos=(72.047,0.000,-65.824) bounded=true
tick=14010 phase=following reason=path_ready wp=2 dist_wp=15.43 bearing_deg=-0.79 speed=8.000 pos=(72.052,0.000,-65.431) bounded=true
tick=14040 phase=following reason=path_ready wp=2 dist_wp=15.04 bearing_deg=-0.78 speed=8.000 pos=(72.056,0.000,-65.039) bounded=true
tick=14070 phase=following reason=path_ready wp=2 dist_wp=14.65 bearing_deg=-0.78 speed=8.000 pos=(72.059,0.000,-64.646) bounded=true
tick=14100 phase=following reason=path_ready wp=2 dist_wp=14.25 bearing_deg=-0.80 speed=8.000 pos=(72.063,0.000,-64.253) bounded=true
tick=14130 phase=following reason=path_ready wp=2 dist_wp=13.86 bearing_deg=-0.79 speed=8.000 pos=(72.067,0.000,-63.860) bounded=true
tick=14160 phase=following reason=path_ready wp=2 dist_wp=13.47 bearing_deg=-0.79 speed=8.000 pos=(72.071,0.000,-63.467) bounded=true
tick=14190 phase=following reason=path_ready wp=2 dist_wp=13.07 bearing_deg=-0.79 speed=8.000 pos=(72.074,0.000,-63.074) bounded=true
tick=14220 phase=following reason=path_ready wp=2 dist_wp=12.68 bearing_deg=-0.79 speed=8.000 pos=(72.078,0.000,-62.681) bounded=true
tick=14250 phase=following reason=path_ready wp=2 dist_wp=12.29 bearing_deg=-0.79 speed=8.000 pos=(72.081,0.000,-62.289) bounded=true
tick=14280 phase=following reason=path_ready wp=2 dist_wp=11.90 bearing_deg=-0.79 speed=7.986 pos=(72.084,0.000,-61.896) bounded=true
tick=14310 phase=following reason=path_ready wp=2 dist_wp=11.51 bearing_deg=-0.79 speed=7.839 pos=(72.087,0.002,-61.507) bounded=true
tick=14340 phase=following reason=path_ready wp=2 dist_wp=11.13 bearing_deg=-0.79 speed=7.691 pos=(72.089,0.002,-61.126) bounded=true
tick=14370 phase=following reason=path_ready wp=2 dist_wp=10.75 bearing_deg=-0.79 speed=7.544 pos=(72.091,0.002,-60.752) bounded=true
tick=14400 phase=following reason=path_ready wp=2 dist_wp=10.39 bearing_deg=-0.80 speed=7.396 pos=(72.093,0.002,-60.385) bounded=true
tick=14430 phase=following reason=path_ready wp=2 dist_wp=10.03 bearing_deg=-0.80 speed=7.249 pos=(72.095,0.002,-60.026) bounded=true
tick=14460 phase=following reason=path_ready wp=2 dist_wp=9.67 bearing_deg=-0.80 speed=7.102 pos=(72.097,0.002,-59.674) bounded=true
tick=14490 phase=following reason=path_ready wp=2 dist_wp=9.33 bearing_deg=-0.78 speed=6.954 pos=(72.098,0.002,-59.329) bounded=true
tick=14520 phase=following reason=path_ready wp=2 dist_wp=8.99 bearing_deg=-0.78 speed=6.807 pos=(72.099,0.002,-58.991) bounded=true
tick=14550 phase=following reason=path_ready wp=2 dist_wp=8.66 bearing_deg=-0.78 speed=6.660 pos=(72.100,0.002,-58.660) bounded=true
tick=14580 phase=following reason=path_ready wp=2 dist_wp=8.34 bearing_deg=-0.78 speed=6.512 pos=(72.101,0.002,-58.337) bounded=true
tick=14610 phase=following reason=path_ready wp=2 dist_wp=8.02 bearing_deg=-0.79 speed=6.365 pos=(72.102,0.002,-58.021) bounded=true
tick=14640 phase=following reason=path_ready wp=2 dist_wp=7.71 bearing_deg=-0.79 speed=6.218 pos=(72.103,0.002,-57.712) bounded=true
tick=14670 phase=following reason=path_ready wp=2 dist_wp=7.41 bearing_deg=-0.79 speed=6.070 pos=(72.103,0.003,-57.410) bounded=true
tick=14700 phase=following reason=path_ready wp=2 dist_wp=7.12 bearing_deg=-0.79 speed=5.923 pos=(72.103,0.002,-57.116) bounded=true
tick=14730 phase=following reason=path_ready wp=2 dist_wp=6.83 bearing_deg=-0.80 speed=5.775 pos=(72.103,0.002,-56.829) bounded=true
tick=14760 phase=following reason=path_ready wp=2 dist_wp=6.55 bearing_deg=-0.78 speed=5.628 pos=(72.102,0.002,-56.549) bounded=true
tick=14790 phase=following reason=path_ready wp=2 dist_wp=6.28 bearing_deg=-0.78 speed=5.481 pos=(72.102,0.002,-56.277) bounded=true
tick=14820 phase=following reason=path_ready wp=2 dist_wp=6.01 bearing_deg=-0.78 speed=5.333 pos=(72.101,0.002,-56.011) bounded=true
tick=14850 phase=following reason=path_ready wp=2 dist_wp=5.75 bearing_deg=-0.79 speed=5.186 pos=(72.100,0.002,-55.753) bounded=true
tick=14880 phase=following reason=path_ready wp=2 dist_wp=5.50 bearing_deg=-0.79 speed=5.039 pos=(72.099,0.002,-55.502) bounded=true
tick=14910 phase=following reason=path_ready wp=2 dist_wp=5.26 bearing_deg=-0.80 speed=4.891 pos=(72.098,0.002,-55.258) bounded=true
tick=14940 phase=following reason=path_ready wp=2 dist_wp=5.02 bearing_deg=-0.78 speed=4.744 pos=(72.098,0.002,-55.022) bounded=true
tick=14970 phase=following reason=path_ready wp=2 dist_wp=4.79 bearing_deg=-0.79 speed=4.596 pos=(72.097,0.002,-54.793) bounded=true
