tick=0 phase=following reason=path_ready wp=1 dist_wp=13.42 bearing_deg=26.57 speed=0.000 pos=(-27.000,0.000,116.000) thr=0.00 steer=1.00 blocked=false attempts=0 stuck_s=0.00 pitch=-0.00 roll=0.00 normal_y=1.00 contacts=1[VillageTerrain] bounded=true
tick=30 phase=following reason=path_ready wp=1 dist_wp=10.61 bearing_deg=7.60 speed=1.957 pos=(-27.887,0.057,113.300) thr=0.95 steer=0.31 blocked=false attempts=0 stuck_s=0.00 pitch=0.76 roll=0.00 normal_y=1.00 contacts=3[VillageTerrain,VillageTerrain,VillageTerrain] bounded=true
tick=60 phase=following reason=path_ready wp=1 dist_wp=1.85 bearing_deg=11.07 speed=2.703 pos=(-31.774,0.031,105.390) thr=0.29 steer=0.39 blocked=false attempts=0 stuck_s=0.02 pitch=0.41 roll=0.00 normal_y=1.00 contacts=3[VillageTerrain,VillageTerrain,VillageTerrain] bounded=false
tick=90 phase=following reason=path_ready wp=1 dist_wp=4.60 bearing_deg=160.79 speed=0.859 pos=(-36.190,0.044,100.683) thr=0.00 steer=1.00 blocked=false attempts=0 stuck_s=0.00 pitch=-0.58 roll=0.00 normal_y=1.00 contacts=3[VillageTerrain,VillageTerrain,VillageTerrain] bounded=false
tick=120 phase=following reason=path_ready wp=1 dist_wp=5.26 bearing_deg=127.04 speed=0.000 pos=(-36.866,0.018,100.428) thr=0.00 steer=1.00 blocked=false attempts=0 stuck_s=0.00 pitch=-0.25 roll=0.00 normal_y=1.00 contacts=1[VillageTerrain] bounded=false
tick=150 phase=following reason=path_ready wp=1 dist_wp=5.26 bearing_deg=89.54 speed=0.000 pos=(-36.866,0.001,100.428) thr=0.00 steer=1.00 blocked=false attempts=0 stuck_s=0.00 pitch=-0.01 roll=0.00 normal_y=1.00 contacts=1[VillageTerrain] bounded=false
tick=180 phase=following reason=path_ready wp=1 dist_wp=5.26 bearing_deg=52.04 speed=0.000 pos=(-36.866,0.000,100.428) thr=0.00 steer=1.00 blocked=false attempts=0 stuck_s=0.00 pitch=-0.00 roll=0.00 normal_y=1.00 contacts=1[VillageTerrain] bounded=false
tick=210 phase=following reason=path_ready wp=1 dist_wp=5.26 bearing_deg=16.30 speed=0.052 pos=(-36.863,0.001,100.434) thr=0.61 steer=0.69 blocked=false attempts=0 stuck_s=0.02 pitch=0.00 roll=0.00 normal_y=1.00 contacts=3[VillageTerrain,VillageTerrain,VillageTerrain] bounded=false
tick=240 phase=following reason=path_ready wp=1 dist_wp=2.36 bearing_deg=8.27 speed=1.332 pos=(-34.910,0.031,102.622) thr=0.34 steer=0.32 blocked=false attempts=0 stuck_s=0.03 pitch=0.41 roll=0.00 normal_y=1.00 contacts=3[VillageTerrain,VillageTerrain,VillageTerrain] bounded=false
tick=270 phase=following reason=path_ready wp=2 dist_wp=20.63 bearing_deg=-131.22 speed=0.000 pos=(-32.659,0.037,104.366) thr=0.00 steer=-1.00 blocked=false attempts=0 stuck_s=0.00 pitch=-0.49 roll=0.00 normal_y=1.00 contacts=1[VillageTerrain] bounded=false
tick=300 phase=following reason=path_ready wp=2 dist_wp=20.63 bearing_deg=-93.72 speed=0.000 pos=(-32.659,0.004,104.366) thr=0.00 steer=-1.00 blocked=false attempts=0 stuck_s=0.00 pitch=-0.05 roll=0.00 normal_y=1.00 contacts=1[VillageTerrain] bounded=false
tick=330 phase=following reason=path_ready wp=2 dist_wp=20.63 bearing_deg=-56.22 speed=0.000 pos=(-32.659,0.000,104.366) thr=0.00 steer=-1.00 blocked=false attempts=0 stuck_s=0.00 pitch=-0.00 roll=0.00 normal_y=1.00 contacts=1[VillageTerrain] bounded=false
tick=360 phase=following reason=path_ready wp=2 dist_wp=20.63 bearing_deg=-19.32 speed=0.000 pos=(-32.659,0.000,104.366) thr=0.00 steer=-0.81 blocked=false attempts=0 stuck_s=0.00 pitch=-0.00 roll=0.00 normal_y=1.00 contacts=1[VillageTerrain] bounded=false
tick=390 phase=following reason=path_ready wp=2 dist_wp=16.27 bearing_deg=-5.68 speed=2.083 pos=(-36.713,0.055,106.075) thr=1.00 steer=-0.23 blocked=false attempts=0 stuck_s=0.00 pitch=0.72 roll=0.00 normal_y=1.00 contacts=3[VillageTerrain,VillageTerrain,VillageTerrain] bounded=false
tick=420 phase=following reason=path_ready wp=2 dist_wp=5.35 bearing_deg=-4.53 speed=3.888 pos=(-47.227,0.054,109.122) thr=0.65 steer=-0.17 blocked=false attempts=0 stuck_s=0.00 pitch=0.71 roll=0.00 normal_y=1.00 contacts=3[VillageTerrain,VillageTerrain,VillageTerrain] bounded=false
tick=450 phase=following reason=path_ready wp=2 dist_wp=6.54 bearing_deg=-167.22 speed=2.257 pos=(-59.039,0.041,110.198) thr=0.00 steer=-1.00 blocked=false attempts=0 stuck_s=0.00 pitch=-0.54 roll=0.00 normal_y=1.00 contacts=3[VillageTerrain,VillageTerrain,VillageTerrain] bounded=false
tick=480 phase=following reason=path_ready wp=2 dist_wp=11.11 bearing_deg=-143.35 speed=0.461 pos=(-63.455,0.048,108.140) thr=0.00 steer=-1.00 blocked=false attempts=0 stuck_s=0.00 pitch=-0.64 roll=0.00 normal_y=1.00 contacts=3[VillageTerrain,VillageTerrain,VillageTerrain] bounded=false
tick=510 phase=following reason=path_ready wp=2 dist_wp=11.27 bearing_deg=-106.62 speed=0.000 pos=(-63.584,0.010,107.986) thr=0.00 steer=-1.00 blocked=false attempts=0 stuck_s=0.00 pitch=-0.13 roll=0.00 normal_y=1.00 contacts=1[VillageTerrain] bounded=false
tick=540 phase=following reason=path_ready wp=2 dist_wp=11.27 bearing_deg=-69.12 speed=0.000 pos=(-63.584,0.001,107.986) thr=0.00 steer=-1.00 blocked=false attempts=0 stuck_s=0.00 pitch=-0.00 roll=0.00 normal_y=1.00 contacts=1[VillageTerrain] bounded=false
tick=570 phase=following reason=path_ready wp=2 dist_wp=11.27 bearing_deg=-31.62 speed=0.000 pos=(-63.584,0.001,107.986) thr=0.00 steer=-1.00 blocked=false attempts=0 stuck_s=0.00 pitch=-0.00 roll=0.00 normal_y=1.00 contacts=1[VillageTerrain] bounded=false
tick=600 phase=following reason=path_ready wp=2 dist_wp=9.41 bearing_deg=-8.71 speed=1.558 pos=(-61.700,0.049,108.009) thr=0.88 steer=-0.36 blocked=false attempts=0 stuck_s=0.00 pitch=0.65 roll=0.00 normal_y=1.00 contacts=3[VillageTerrain,VillageTerrain,VillageTerrain] bounded=false
tick=630 phase=following reason=path_ready wp=2 dist_wp=1.59 bearing_deg=-12.99 speed=2.295 pos=(-53.909,0.023,109.273) thr=0.23 steer=-0.46 blocked=false attempts=0 stuck_s=0.00 pitch=0.30 roll=0.00 normal_y=1.00 contacts=3[VillageTerrain,VillageTerrain,VillageTerrain] bounded=false
tick=660 phase=following reason=path_ready wp=2 dist_wp=3.41 bearing_deg=-158.66 speed=0.475 pos=(-49.457,0.044,111.534) thr=0.00 steer=-1.00 blocked=false attempts=0 stuck_s=0.00 pitch=-0.58 roll=0.00 normal_y=1.00 contacts=3[VillageTerrain,VillageTerrain,VillageTerrain] bounded=false
tick=690 phase=following reason=path_ready wp=2 dist_wp=3.60 bearing_deg=-122.68 speed=0.000 pos=(-49.328,0.010,111.697) thr=0.00 steer=-1.00 blocked=false attempts=0 stuck_s=0.00 pitch=-0.13 roll=0.00 normal_y=1.00 contacts=1[VillageTerrain] bounded=false
tick=720 phase=following reason=path_ready wp=2 dist_wp=3.60 bearing_deg=-85.18 speed=0.000 pos=(-49.328,0.001,111.697) thr=0.00 steer=-1.00 blocked=false attempts=0 stuck_s=0.00 pitch=-0.00 roll=0.00 normal_y=1.00 contacts=1[VillageTerrain] bounded=false
tick=750 phase=following reason=path_ready wp=2 dist_wp=3.60 bearing_deg=-47.68 speed=0.000 pos=(-49.328,0.001,111.697) thr=0.00 steer=-1.00 blocked=false attempts=0 stuck_s=0.00 pitch=-0.00 roll=0.00 normal_y=1.00 contacts=1[VillageTerrain] bounded=false
tick=780 phase=following reason=path_ready wp=2 dist_wp=3.53 bearing_deg=-13.89 speed=0.186 pos=(-49.396,0.005,111.681) thr=0.46 steer=-0.58 blocked=false attempts=0 stuck_s=0.08 pitch=0.06 roll=0.00 normal_y=1.00 contacts=3[VillageTerrain,VillageTerrain,VillageTerrain] bounded=false
tick=810 phase=following reason=path_ready wp=2 dist_wp=1.14 bearing_deg=-9.76 speed=0.787 pos=(-51.611,0.017,110.707) thr=0.00 steer=-0.38 blocked=false attempts=0 stuck_s=0.00 pitch=0.21 roll=0.00 normal_y=1.00 contacts=3[VillageTerrain,VillageTerrain,VillageTerrain] bounded=false
tick=840 phase=following reason=path_ready wp=3 dist_wp=20.65 bearing_deg=21.45 speed=0.000 pos=(-52.128,0.012,110.401) thr=0.00 steer=0.90 blocked=false attempts=0 stuck_s=0.00 pitch=-0.16 roll=0.00 normal_y=1.00 contacts=1[VillageTerrain] bounded=false
tick=870 phase=following reason=path_ready wp=3 dist_wp=16.80 bearing_deg=6.06 speed=2.074 pos=(-55.970,0.058,110.961) thr=1.00 steer=0.25 blocked=false attempts=0 stuck_s=0.00 pitch=0.77 roll=0.00 normal_y=1.00 contacts=3[VillageTerrain,VillageTerrain,VillageTerrain] bounded=false
tick=900 phase=following reason=path_ready wp=3 dist_wp=6.31 bearing_deg=4.19 speed=3.810 pos=(-66.124,0.055,113.692) thr=0.72 steer=0.16 blocked=false attempts=0 stuck_s=0.00 pitch=0.73 roll=0.00 normal_y=1.00 contacts=3[VillageTerrain,VillageTerrain,VillageTerrain] bounded=false
tick=930 phase=following reason=path_ready wp=3 dist_wp=6.26 bearing_deg=168.39 speed=2.505 pos=(-77.488,0.036,119.011) thr=0.00 steer=1.00 blocked=false attempts=0 stuck_s=0.00 pitch=-0.47 roll=0.00 normal_y=1.00 contacts=3[VillageTerrain,VillageTerrain,VillageTerrain] bounded=false
tick=960 phase=following reason=path_ready wp=3 dist_wp=11.77 bearing_deg=146.10 speed=0.704 pos=(-80.845,0.049,123.766) thr=0.00 steer=1.00 blocked=false attempts=0 stuck_s=0.00 pitch=-0.64 roll=0.00 normal_y=1.00 contacts=3[VillageTerrain,VillageTerrain,VillageTerrain] bounded=false
tick=990 phase=following reason=path_ready wp=3 dist_wp=12.15 bearing_deg=110.27 speed=0.000 pos=(-80.924,0.015,124.238) thr=0.00 steer=1.00 blocked=false attempts=0 stuck_s=0.00 pitch=-0.20 roll=0.00 normal_y=1.00 contacts=1[VillageTerrain] bounded=false
tick=1020 phase=following reason=path_ready wp=3 dist_wp=12.15 bearing_deg=72.77 speed=0.000 pos=(-80.924,0.001,124.238) thr=0.00 steer=1.00 blocked=false attempts=0 stuck_s=0.00 pitch=-0.01 roll=0.00 normal_y=1.00 contacts=1[VillageTerrain] bounded=false
tick=1050 phase=following reason=path_ready wp=3 dist_wp=12.15 bearing_deg=35.27 speed=0.000 pos=(-80.924,0.001,124.238) thr=0.00 steer=1.00 blocked=false attempts=0 stuck_s=0.00 pitch=-0.00 roll=0.00 normal_y=1.00 contacts=1[VillageTerrain] bounded=false
tick=1080 phase=following reason=path_ready wp=3 dist_wp=10.83 bearing_deg=9.39 speed=1.335 pos=(-79.787,0.044,123.523) thr=0.95 steer=0.39 blocked=false attempts=0 stuck_s=0.03 pitch=0.57 roll=0.00 normal_y=1.00 contacts=3[VillageTerrain,VillageTerrain,VillageTerrain] bounded=false
tick=1110 phase=following reason=path_ready wp=3 dist_wp=3.13 bearing_deg=8.07 speed=2.541 pos=(-73.892,0.031,118.492) thr=0.45 steer=0.31 blocked=false attempts=0 stuck_s=0.02 pitch=0.40 roll=0.00 normal_y=1.00 contacts=3[VillageTerrain,VillageTerrain,VillageTerrain] bounded=false
tick=1140 phase=following reason=path_ready wp=3 dist_wp=3.91 bearing_deg=163.61 speed=1.095 pos=(-69.928,0.037,112.682) thr=0.00 steer=1.00 blocked=false attempts=0 stuck_s=0.00 pitch=-0.48 roll=0.00 normal_y=1.00 contacts=3[VillageTerrain,VillageTerrain,VillageTerrain] bounded=false
tick=1170 phase=following reason=path_ready wp=3 dist_wp=5.12 bearing_deg=132.87 speed=0.000 pos=(-69.766,0.027,111.389) thr=0.00 steer=1.00 blocked=false attempts=0 stuck_s=0.00 pitch=-0.36 roll=0.00 normal_y=1.00 contacts=1[VillageTerrain] bounded=false
tick=1200 phase=following reason=path_ready wp=3 dist_wp=5.12 bearing_deg=95.37 speed=0.000 pos=(-69.766,0.002,111.389) thr=0.00 steer=1.00 blocked=false attempts=0 stuck_s=0.00 pitch=-0.02 roll=0.00 normal_y=1.00 contacts=1[VillageTerrain] bounded=false
tick=1230 phase=following reason=path_ready wp=3 dist_wp=5.12 bearing_deg=57.87 speed=0.000 pos=(-69.766,0.000,111.389) thr=0.00 steer=1.00 blocked=false attempts=0 stuck_s=0.00 pitch=-0.00 roll=0.00 normal_y=1.00 contacts=1[VillageTerrain] bounded=false
tick=1260 phase=following reason=path_ready wp=3 dist_wp=5.12 bearing_deg=20.68 speed=0.000 pos=(-69.766,0.000,111.389) thr=0.00 steer=0.87 blocked=false attempts=0 stuck_s=0.00 pitch=-0.00 roll=0.00 normal_y=1.00 contacts=1[VillageTerrain] bounded=false
tick=1290 phase=following reason=path_ready wp=3 dist_wp=2.70 bearing_deg=8.84 speed=1.309 pos=(-71.088,0.034,113.457) thr=0.39 steer=0.35 blocked=false attempts=0 stuck_s=0.02 pitch=0.45 roll=0.00 normal_y=1.00 contacts=3[VillageTerrain,VillageTerrain,VillageTerrain] bounded=false
tick=1320 phase=following reason=path_ready wp=4 dist_wp=17.87 bearing_deg=-133.76 speed=0.202 pos=(-72.339,0.032,116.795) thr=0.00 steer=-1.00 blocked=false attempts=0 stuck_s=0.00 pitch=-0.42 roll=0.00 normal_y=1.00 contacts=3[VillageTerrain,VillageTerrain,VillageTerrain] bounded=false
tick=1350 phase=following reason=path_ready wp=4 dist_wp=17.90 bearing_deg=-96.36 speed=0.000 pos=(-72.343,0.006,116.828) thr=0.00 steer=-1.00 blocked=false attempts=0 stuck_s=0.00 pitch=-0.07 roll=0.00 normal_y=1.00 contacts=1[VillageTerrain] bounded=false
tick=1380 phase=following reason=path_ready wp=4 dist_wp=17.90 bearing_deg=-58.86 speed=0.000 pos=(-72.343,0.001,116.828) thr=0.00 steer=-1.00 blocked=false attempts=0 stuck_s=0.00 pitch=-0.00 roll=0.00 normal_y=1.00 contacts=1[VillageTerrain] bounded=false
tick=1410 phase=following reason=path_ready wp=4 dist_wp=17.90 bearing_deg=-21.54 speed=0.000 pos=(-72.343,0.000,116.828) thr=0.00 steer=-0.91 blocked=false attempts=0 stuck_s=0.00 pitch=-0.00 roll=0.00 normal_y=1.00 contacts=1[VillageTerrain] bounded=false
tick=1440 phase=following reason=path_ready wp=4 dist_wp=13.95 bearing_deg=-6.37 speed=2.089 pos=(-75.314,0.058,114.160) thr=1.00 steer=-0.26 blocked=false attempts=0 stuck_s=0.02 pitch=0.77 roll=0.00 normal_y=1.00 contacts=3[VillageTerrain,VillageTerrain,VillageTerrain] bounded=false
tick=1470 phase=following reason=path_ready wp=4 dist_wp=3.15 bearing_deg=-7.40 speed=3.739 pos=(-82.401,0.051,105.958) thr=0.47 steer=-0.27 blocked=false attempts=0 stuck_s=0.00 pitch=0.68 roll=0.00 normal_y=1.00 contacts=3[VillageTerrain,VillageTerrain,VillageTerrain] bounded=false
tick=1500 phase=following reason=path_ready wp=4 dist_wp=7.42 bearing_deg=-164.47 speed=2.014 pos=(-87.026,0.039,96.473) thr=0.00 steer=-1.00 blocked=false attempts=0 stuck_s=0.00 pitch=-0.51 roll=0.00 normal_y=1.00 contacts=3[VillageTerrain,VillageTerrain,VillageTerrain] bounded=false
tick=1530 phase=following reason=path_ready wp=4 dist_wp=11.33 bearing_deg=-139.55 speed=0.341 pos=(-86.635,0.045,92.236) thr=0.00 steer=-1.00 blocked=false attempts=0 stuck_s=0.00 pitch=-0.60 roll=0.00 normal_y=1.00 contacts=3[VillageTerrain,VillageTerrain,VillageTerrain] bounded=false
tick=1560 phase=following reason=path_ready wp=4 dist_wp=11.40 bearing_deg=-102.49 speed=0.000 pos=(-86.582,0.008,92.142) thr=0.00 steer=-1.00 blocked=false attempts=0 stuck_s=0.00 pitch=-0.10 roll=0.00 normal_y=1.00 contacts=1[VillageTerrain] bounded=false
tick=1590 phase=following reason=path_ready wp=4 dist_wp=11.40 bearing_deg=-64.99 speed=0.000 pos=(-86.582,0.001,92.142) thr=0.00 steer=-1.00 blocked=false attempts=0 stuck_s=0.00 pitch=-0.00 roll=0.00 normal_y=1.00 contacts=1[VillageTerrain] bounded=false
tick=1620 phase=following reason=path_ready wp=4 dist_wp=11.40 bearing_deg=-27.49 speed=0.000 pos=(-86.582,0.001,92.142) thr=0.00 steer=-1.00 blocked=false attempts=0 stuck_s=0.00 pitch=-0.00 roll=0.00 normal_y=1.00 contacts=1[VillageTerrain] bounded=false
tick=1650 phase=following reason=path_ready wp=4 dist_wp=8.88 bearing_deg=-7.99 speed=1.833 pos=(-85.637,0.055,94.526) thr=0.86 steer=-0.33 blocked=false attempts=0 stuck_s=0.02 pitch=0.73 roll=0.00 normal_y=1.00 contacts=3[VillageTerrain,VillageTerrain,VillageTerrain] bounded=false
tick=1680 phase=following reason=path_ready wp=4 dist_wp=0.60 bearing_deg=-31.58 speed=2.233 pos=(-83.746,0.016,102.710) thr=0.00 steer=-0.91 blocked=false attempts=0 stuck_s=0.00 pitch=0.21 roll=0.00 normal_y=1.00 contacts=3[VillageTerrain,VillageTerrain,VillageTerrain] bounded=false
tick=1710 phase=following reason=path_ready wp=4 dist_wp=4.54 bearing_deg=-157.04 speed=0.580 pos=(-84.456,0.042,107.770) thr=0.00 steer=-1.00 blocked=false attempts=0 stuck_s=0.00 pitch=-0.55 roll=0.00 normal_y=1.00 contacts=3[VillageTerrain,VillageTerrain,VillageTerrain] bounded=false
tick=1740 phase=following reason=path_ready wp=4 dist_wp=4.85 bearing_deg=-121.62 speed=0.000 pos=(-84.647,0.012,108.060) thr=0.00 steer=-1.00 blocked=false attempts=0 stuck_s=0.00 pitch=-0.16 roll=0.00 normal_y=1.00 contacts=1[VillageTerrain] bounded=false
tick=1770 phase=following reason=path_ready wp=4 dist_wp=4.85 bearing_deg=-84.12 speed=0.000 pos=(-84.647,0.001,108.060) thr=0.00 steer=-1.00 blocked=false attempts=0 stuck_s=0.00 pitch=-0.01 roll=0.00 normal_y=1.00 contacts=1[VillageTerrain] bounded=false
tick=1800 phase=following reason=path_ready wp=4 dist_wp=4.85 bearing_deg=-46.62 speed=0.000 pos=(-84.647,0.001,108.060) thr=0.00 steer=-1.00 blocked=false attempts=0 stuck_s=0.00 pitch=-0.00 roll=0.00 normal_y=1.00 contacts=1[VillageTerrain] bounded=false
tick=1830 phase=following reason=path_ready wp=4 dist_wp=4.72 bearing_deg=-13.45 speed=0.325 pos=(-84.663,0.009,107.919) thr=0.57 steer=-0.56 blocked=false attempts=0 stuck_s=0.10 pitch=0.11 roll=0.00 normal_y=1.00 contacts=3[VillageTerrain,VillageTerrain,VillageTerrain] bounded=false
tick=1860 phase=following reason=path_ready wp=4 dist_wp=1.01 bearing_deg=-14.60 speed=1.242 pos=(-84.414,0.025,104.176) thr=0.00 steer=-0.53 blocked=false attempts=0 stuck_s=0.00 pitch=0.32 roll=0.00 normal_y=1.00 contacts=3[VillageTerrain,VillageTerrain,VillageTerrain] bounded=false
tick=1890 phase=following reason=path_ready wp=5 dist_wp=17.06 bearing_deg=57.68 speed=0.000 pos=(-83.886,0.029,102.513) thr=0.00 steer=1.00 blocked=false attempts=0 stuck_s=0.00 pitch=-0.39 roll=0.00 normal_y=1.00 contacts=1[VillageTerrain] bounded=false
tick=1920 phase=following reason=path_ready wp=5 dist_wp=17.06 bearing_deg=20.51 speed=0.000 pos=(-83.886,0.002,102.513) thr=0.00 steer=0.86 blocked=false attempts=0 stuck_s=0.00 pitch=-0.02 roll=0.00 normal_y=1.00 contacts=1[VillageTerrain] bounded=false
tick=1950 phase=following reason=path_ready wp=5 dist_wp=12.75 bearing_deg=6.37 speed=2.102 pos=(-86.569,0.055,99.078) thr=1.00 steer=0.26 blocked=false attempts=0 stuck_s=0.00 pitch=0.73 roll=0.00 normal_y=1.00 contacts=3[VillageTerrain,VillageTerrain,VillageTerrain] bounded=false
tick=1980 phase=following reason=path_ready wp=5 dist_wp=1.75 bearing_deg=12.31 speed=3.496 pos=(-94.467,0.043,91.335) thr=0.29 steer=0.41 blocked=false attempts=0 stuck_s=0.00 pitch=0.56 roll=0.00 normal_y=1.00 contacts=3[VillageTerrain,VillageTerrain,VillageTerrain] bounded=false
tick=2010 phase=following reason=path_ready wp=5 dist_wp=7.88 bearing_deg=162.31 speed=1.776 pos=(-103.054,0.041,86.980) thr=0.00 steer=1.00 blocked=false attempts=0 stuck_s=0.00 pitch=-0.53 roll=0.00 normal_y=1.00 contacts=3[VillageTerrain,VillageTerrain,VillageTerrain] bounded=false
tick=2040 phase=following reason=path_ready wp=5 dist_wp=10.95 bearing_deg=135.48 speed=0.114 pos=(-106.442,0.045,87.219) thr=0.00 steer=1.00 blocked=false attempts=0 stuck_s=0.00 pitch=-0.60 roll=0.00 normal_y=1.00 contacts=3[VillageTerrain,VillageTerrain,VillageTerrain] bounded=false
tick=2070 phase=following reason=path_ready wp=5 dist_wp=10.95 bearing_deg=98.01 speed=0.000 pos=(-106.449,0.005,87.223) thr=0.00 steer=1.00 blocked=false attempts=0 stuck_s=0.00 pitch=-0.07 roll=0.00 normal_y=1.00 contacts=1[VillageTerrain] bounded=false
tick=2100 phase=following reason=path_ready wp=5 dist_wp=10.95 bearing_deg=60.51 speed=0.000 pos=(-106.449,0.001,87.223) thr=0.00 steer=1.00 blocked=false attempts=0 stuck_s=0.00 pitch=-0.00 roll=0.00 normal_y=1.00 contacts=1[VillageTerrain] bounded=false
tick=2130 phase=following reason=path_ready wp=5 dist_wp=10.95 bearing_deg=23.05 speed=0.000 pos=(-106.449,0.001,87.223) thr=0.00 steer=0.97 blocked=false attempts=0 stuck_s=0.00 pitch=-0.00 roll=0.00 normal_y=1.00 contacts=1[VillageTerrain] bounded=false
tick=2160 phase=following reason=path_ready wp=5 dist_wp=7.47 bearing_deg=7.73 speed=2.038 pos=(-103.254,0.057,88.713) thr=0.78 steer=0.31 blocked=false attempts=0 stuck_s=0.02 pitch=0.76 roll=0.00 normal_y=1.00 contacts=3[VillageTerrain,VillageTerrain,VillageTerrain] bounded=false
tick=2190 phase=following reason=path_ready wp=5 dist_wp=0.79 bearing_deg=156.14 speed=1.940 pos=(-95.311,0.001,90.882) thr=0.00 steer=1.00 blocked=false attempts=0 stuck_s=0.00 pitch=-0.00 roll=0.00 normal_y=1.00 contacts=3[VillageTerrain,VillageTerrain,VillageTerrain] bounded=false
tick=2220 phase=following reason=path_ready wp=5 dist_wp=4.69 bearing_deg=152.17 speed=0.291 pos=(-91.317,0.043,90.283) thr=0.00 steer=1.00 blocked=false attempts=0 stuck_s=0.00 pitch=-0.57 roll=0.00 normal_y=1.00 contacts=3[VillageTerrain,VillageTerrain,VillageTerrain] bounded=false
tick=2250 phase=following reason=path_ready wp=5 dist_wp=4.76 bearing_deg=115.20 speed=0.000 pos=(-91.251,0.008,90.240) thr=0.00 steer=1.00 blocked=false attempts=0 stuck_s=0.00 pitch=-0.09 roll=0.00 normal_y=1.00 contacts=1[VillageTerrain] bounded=false
tick=2280 phase=following reason=path_ready wp=5 dist_wp=4.76 bearing_deg=77.70 speed=0.000 pos=(-91.251,0.001,90.240) thr=0.00 steer=1.00 blocked=false attempts=0 stuck_s=0.00 pitch=-0.00 roll=0.00 normal_y=1.00 contacts=1[VillageTerrain] bounded=false
tick=2310 phase=following reason=path_ready wp=5 dist_wp=4.76 bearing_deg=40.20 speed=0.000 pos=(-91.251,0.001,90.240) thr=0.00 steer=1.00 blocked=false attempts=0 stuck_s=0.00 pitch=-0.00 roll=0.00 normal_y=1.00 contacts=1[VillageTerrain] bounded=false
tick=2340 phase=following reason=path_ready wp=5 dist_wp=4.33 bearing_deg=11.09 speed=0.577 pos=(-91.684,0.019,90.173) thr=0.54 steer=0.46 blocked=false attempts=0 stuck_s=0.00 pitch=0.25 roll=0.00 normal_y=1.00 contacts=3[VillageTerrain,VillageTerrain,VillageTerrain] bounded=false
tick=2370 phase=following reason=path_ready wp=5 dist_wp=0.36 bearing_deg=32.86 speed=0.950 pos=(-95.732,0.007,90.255) thr=0.00 steer=1.00 blocked=false attempts=0 stuck_s=0.00 pitch=0.08 roll=0.00 normal_y=1.00 contacts=3[VillageTerrain,VillageTerrain,VillageTerrain] bounded=false
tick=2400 phase=following reason=path_ready wp=6 dist_wp=17.07 bearing_deg=-50.31 speed=0.000 pos=(-96.700,0.020,90.546) thr=0.00 steer=-1.00 blocked=false attempts=0 stuck_s=0.00 pitch=-0.27 roll=0.00 normal_y=1.00 contacts=1[VillageTerrain] bounded=false
tick=2430 phase=following reason=path_ready wp=6 dist_wp=17.00 bearing_deg=-15.24 speed=0.294 pos=(-96.761,0.005,90.506) thr=1.00 steer=-0.64 blocked=false attempts=0 stuck_s=0.05 pitch=0.05 roll=0.00 normal_y=1.00 contacts=3[VillageTerrain,VillageTerrain,VillageTerrain] bounded=false
tick=2460 phase=following reason=path_ready wp=6 dist_wp=11.15 bearing_deg=-5.55 speed=2.252 pos=(-101.109,0.041,86.514) thr=0.98 steer=-0.23 blocked=false attempts=0 stuck_s=0.00 pitch=0.54 roll=0.00 normal_y=1.00 contacts=3[VillageTerrain,VillageTerrain,VillageTerrain] bounded=false
tick=2490 phase=following reason=path_ready wp=6 dist_wp=0.80 bearing_deg=-155.88 speed=3.147 pos=(-108.666,0.016,77.307) thr=0.00 steer=-1.00 blocked=false attempts=0 stuck_s=0.00 pitch=0.20 roll=0.00 normal_y=1.00 contacts=3[VillageTerrain,VillageTerrain,VillageTerrain] bounded=false
tick=2520 phase=following reason=path_ready wp=6 dist_wp=9.02 bearing_deg=-158.18 speed=1.465 pos=(-111.140,0.043,69.296) thr=0.00 steer=-1.00 blocked=false attempts=0 stuck_s=0.00 pitch=-0.56 roll=0.00 normal_y=1.00 contacts=3[VillageTerrain,VillageTerrain,VillageTerrain] bounded=false
tick=2550 phase=following reason=path_ready wp=6 dist_wp=11.13 bearing_deg=-128.69 speed=0.000 pos=(-110.600,0.041,66.929) thr=0.00 steer=-1.00 blocked=false attempts=0 stuck_s=0.00 pitch=-0.55 roll=0.00 normal_y=1.00 contacts=1[VillageTerrain] bounded=false
tick=2580 phase=following reason=path_ready wp=6 dist_wp=11.13 bearing_deg=-91.19 speed=0.000 pos=(-110.600,0.003,66.929) thr=0.00 steer=-1.00 blocked=false attempts=0 stuck_s=0.00 pitch=-0.04 roll=0.00 normal_y=1.00 contacts=1[VillageTerrain] bounded=false
tick=2610 phase=following reason=path_ready wp=6 dist_wp=11.13 bearing_deg=-53.69 speed=0.000 pos=(-110.600,0.001,66.929) thr=0.00 steer=-1.00 blocked=false attempts=0 stuck_s=0.00 pitch=-0.00 roll=0.00 normal_y=1.00 contacts=1[VillageTerrain] bounded=false
tick=2640 phase=following reason=path_ready wp=6 dist_wp=11.13 bearing_deg=-17.42 speed=0.000 pos=(-110.600,0.001,66.929) thr=0.00 steer=-0.73 blocked=false attempts=0 stuck_s=0.00 pitch=-0.00 roll=0.00 normal_y=1.00 contacts=1[VillageTerrain] bounded=false
tick=2670 phase=following reason=path_ready wp=6 dist_wp=6.30 bearing_deg=-7.22 speed=2.063 pos=(-108.949,0.048,71.518) thr=0.70 steer=-0.29 blocked=false attempts=0 stuck_s=0.00 pitch=0.64 roll=0.00 normal_y=1.00 contacts=3[VillageTerrain,VillageTerrain,VillageTerrain] bounded=false
tick=2700 phase=following reason=path_ready wp=6 dist_wp=1.91 bearing_deg=-166.73 speed=1.722 pos=(-107.703,0.016,79.636) thr=0.00 steer=-1.00 blocked=false attempts=0 stuck_s=0.00 pitch=-0.20 roll=0.00 normal_y=1.00 contacts=3[VillageTerrain,VillageTerrain,VillageTerrain] bounded=false
tick=2730 phase=following reason=path_ready wp=6 dist_wp=5.01 bearing_deg=-147.05 speed=0.068 pos=(-108.640,0.044,82.714) thr=0.00 steer=-1.00 blocked=false attempts=0 stuck_s=0.00 pitch=-0.58 roll=0.00 normal_y=1.00 contacts=3[VillageTerrain,VillageTerrain,VillageTerrain] bounded=false
tick=2760 phase=following reason=path_ready wp=6 dist_wp=5.01 bearing_deg=-109.56 speed=0.000 pos=(-108.641,0.005,82.716) thr=0.00 steer=-1.00 blocked=false attempts=0 stuck_s=0.00 pitch=-0.06 roll=0.00 normal_y=1.00 contacts=1[VillageTerrain] bounded=false
tick=2790 phase=following reason=path_ready wp=6 dist_wp=5.01 bearing_deg=-72.06 speed=0.000 pos=(-108.641,0.001,82.716) thr=0.00 steer=-1.00 blocked=false attempts=0 stuck_s=0.00 pitch=-0.00 roll=0.00 normal_y=1.00 contacts=1[VillageTerrain] bounded=false
tick=2820 phase=following reason=path_ready wp=6 dist_wp=5.01 bearing_deg=-34.56 speed=0.000 pos=(-108.641,0.001,82.716) thr=0.00 steer=-1.00 blocked=false attempts=0 stuck_s=0.00 pitch=-0.00 roll=0.00 normal_y=1.00 contacts=1[VillageTerrain] bounded=false
tick=2850 phase=following reason=path_ready wp=6 dist_wp=4.21 bearing_deg=-9.61 speed=0.802 pos=(-108.682,0.027,81.900) thr=0.53 steer=-0.39 blocked=false attempts=0 stuck_s=0.07 pitch=0.35 roll=0.00 normal_y=1.00 contacts=3[VillageTerrain,VillageTerrain,VillageTerrain] bounded=false
tick=2880 phase=following reason=path_ready wp=6 dist_wp=0.20 bearing_deg=-112.79 speed=0.806 pos=(-108.153,0.007,77.617) thr=0.00 steer=-1.00 blocked=false attempts=0 stuck_s=0.00 pitch=-0.08 roll=0.00 normal_y=1.00 contacts=3[VillageTerrain,VillageTerrain,VillageTerrain] bounded=false
tick=2910 phase=following reason=path_ready wp=7 dist_wp=17.04 bearing_deg=48.42 speed=0.000 pos=(-107.860,0.016,76.955) thr=0.00 steer=1.00 blocked=false attempts=0 stuck_s=0.00 pitch=-0.22 roll=0.00 normal_y=1.00 contacts=1[VillageTerrain] bounded=false
tick=2940 phase=following reason=path_ready wp=7 dist_wp=16.92 bearing_deg=14.15 speed=0.392 pos=(-107.921,0.008,76.851) thr=1.00 steer=0.59 blocked=false attempts=0 stuck_s=0.07 pitch=0.10 roll=0.00 normal_y=1.00 contacts=3[VillageTerrain,VillageTerrain,VillageTerrain] bounded=false
tick=2970 phase=following reason=path_ready wp=7 dist_wp=10.82 bearing_deg=5.31 speed=2.342 pos=(-111.861,0.040,72.131) thr=0.96 steer=0.22 blocked=false attempts=0 stuck_s=0.02 pitch=0.53 roll=0.00 normal_y=1.00 contacts=3[VillageTerrain,VillageTerrain,VillageTerrain] bounded=false
tick=3000 phase=following reason=path_ready wp=7 dist_wp=1.16 bearing_deg=163.39 speed=3.065 pos=(-120.731,0.011,64.098) thr=0.00 steer=1.00 blocked=false attempts=0 stuck_s=0.00 pitch=0.13 roll=0.00 normal_y=1.00 contacts=3[VillageTerrain,VillageTerrain,VillageTerrain] bounded=false
tick=3030 phase=following reason=path_ready wp=7 dist_wp=8.95 bearing_deg=157.14 speed=1.293 pos=(-128.221,0.045,61.452) thr=0.00 steer=1.00 blocked=false attempts=0 stuck_s=0.00 pitch=-0.60 roll=0.00 normal_y=1.00 contacts=3[VillageTerrain,VillageTerrain,VillageTerrain] bounded=false
tick=3060 phase=following reason=path_ready wp=7 dist_wp=10.46 bearing_deg=125.55 speed=0.000 pos=(-129.935,0.034,61.720) thr=0.00 steer=1.00 blocked=false attempts=0 stuck_s=0.00 pitch=-0.46 roll=0.00 normal_y=1.00 contacts=1[VillageTerrain] bounded=false
tick=3090 phase=following reason=path_ready wp=7 dist_wp=10.46 bearing_deg=88.05 speed=0.000 pos=(-129.935,0.002,61.720) thr=0.00 steer=1.00 blocked=false attempts=0 stuck_s=0.00 pitch=-0.03 roll=0.00 normal_y=1.00 contacts=1[VillageTerrain] bounded=false
tick=3120 phase=following reason=path_ready wp=7 dist_wp=10.46 bearing_deg=50.55 speed=0.000 pos=(-129.935,0.001,61.720) thr=0.00 steer=1.00 blocked=false attempts=0 stuck_s=0.00 pitch=-0.00 roll=0.00 normal_y=1.00 contacts=1[VillageTerrain] bounded=false
tick=3150 phase=following reason=path_ready wp=7 dist_wp=10.40 bearing_deg=15.42 speed=0.255 pos=(-129.883,0.005,61.756) thr=0.93 steer=0.65 blocked=false attempts=0 stuck_s=0.05 pitch=0.06 roll=0.00 normal_y=1.00 contacts=3[VillageTerrain,VillageTerrain,VillageTerrain] bounded=false
tick=3180 phase=following reason=path_ready wp=7 dist_wp=5.19 bearing_deg=7.32 speed=2.035 pos=(-125.064,0.043,63.886) thr=0.62 steer=0.29 blocked=false attempts=0 stuck_s=0.00 pitch=0.56 roll=0.00 normal_y=1.00 contacts=3[VillageTerrain,VillageTerrain,VillageTerrain] bounded=false
tick=3210 phase=following reason=path_ready wp=7 dist_wp=2.04 bearing_deg=166.25 speed=1.314 pos=(-117.997,0.025,65.377) thr=0.00 steer=1.00 blocked=false attempts=0 stuck_s=0.00 pitch=-0.32 roll=0.00 normal_y=1.00 contacts=3[VillageTerrain,VillageTerrain,VillageTerrain] bounded=false
tick=3240 phase=following reason=path_ready wp=7 dist_wp=3.90 bearing_deg=141.42 speed=0.000 pos=(-116.102,0.036,64.926) thr=0.00 steer=1.00 blocked=false attempts=0 stuck_s=0.00 pitch=-0.48 roll=0.00 normal_y=1.00 contacts=1[VillageTerrain] bounded=false
tick=3270 phase=following reason=path_ready wp=7 dist_wp=3.90 bearing_deg=103.92 speed=0.000 pos=(-116.102,0.002,64.926) thr=0.00 steer=1.00 blocked=false attempts=0 stuck_s=0.00 pitch=-0.03 roll=0.00 normal_y=1.00 contacts=1[VillageTerrain] bounded=false
tick=3300 phase=following reason=path_ready wp=7 dist_wp=3.90 bearing_deg=66.42 speed=0.000 pos=(-116.102,0.000,64.926) thr=0.00 steer=1.00 blocked=false attempts=0 stuck_s=0.00 pitch=-0.00 roll=0.00 normal_y=1.00 contacts=1[VillageTerrain] bounded=false
tick=3330 phase=following reason=path_ready wp=7 dist_wp=3.90 bearing_deg=28.92 speed=0.000 pos=(-116.102,0.000,64.926) thr=0.00 steer=1.00 blocked=false attempts=0 stuck_s=0.00 pitch=-0.00 roll=0.00 normal_y=1.00 contacts=1[VillageTerrain] bounded=false
tick=3360 phase=following reason=path_ready wp=7 dist_wp=2.76 bearing_deg=9.12 speed=0.845 pos=(-117.250,0.026,64.772) thr=0.39 steer=0.37 blocked=false attempts=0 stuck_s=0.05 pitch=0.34 roll=0.00 normal_y=1.00 contacts=3[VillageTerrain,VillageTerrain,VillageTerrain] bounded=false
tick=3390 phase=following reason=path_ready wp=1 dist_wp=21.53 bearing_deg=-99.85 speed=0.090 pos=(-119.988,0.026,64.860) thr=0.00 steer=-1.00 blocked=false attempts=0 stuck_s=0.00 pitch=-0.34 roll=0.00 normal_y=1.00 contacts=3[VillageTerrain,VillageTerrain,VillageTerrain] bounded=false
tick=3420 phase=following reason=path_ready wp=1 dist_wp=21.53 bearing_deg=-62.37 speed=0.000 pos=(-119.992,0.005,64.861) thr=0.00 steer=-1.00 blocked=false attempts=0 stuck_s=0.00 pitch=-0.05 roll=0.00 normal_y=1.00 contacts=1[VillageTerrain] bounded=false
tick=3450 phase=following reason=path_ready wp=1 dist_wp=21.53 bearing_deg=-24.87 speed=0.000 pos=(-119.992,0.000,64.861) thr=0.00 steer=-1.00 blocked=false attempts=0 stuck_s=0.00 pitch=-0.00 roll=0.00 normal_y=1.00 contacts=1[VillageTerrain] bounded=false
tick=3480 phase=following reason=path_ready wp=1 dist_wp=18.25 bearing_deg=-6.67 speed=2.054 pos=(-120.462,0.062,61.576) thr=1.00 steer=-0.28 blocked=false attempts=0 stuck_s=0.00 pitch=0.82 roll=0.00 normal_y=1.00 contacts=3[VillageTerrain,VillageTerrain,VillageTerrain] bounded=false
tick=3510 phase=following reason=path_ready wp=1 dist_wp=7.64 bearing_deg=-4.15 speed=3.963 pos=(-120.692,0.069,50.939) thr=0.80 steer=-0.16 blocked=false attempts=0 stuck_s=0.00 pitch=0.92 roll=-0.00 normal_y=1.00 contacts=3[VillageTerrain,VillageTerrain,VillageTerrain] bounded=false
tick=3540 phase=following reason=path_ready wp=1 dist_wp=5.60 bearing_deg=-168.99 speed=2.550 pos=(-118.911,0.716,37.880) thr=0.00 steer=-1.00 blocked=false attempts=0 stuck_s=0.00 pitch=5.45 roll=-2.32 normal_y=0.99 contacts=3[VillageTerrain,VillageTerrain,VillageTerrain] bounded=false
tick=3570 phase=following reason=path_ready wp=1 dist_wp=10.98 bearing_deg=-144.63 speed=0.352 pos=(-115.899,1.391,33.238) thr=0.00 steer=-1.00 blocked=false attempts=0 stuck_s=0.00 pitch=4.05 roll=-7.85 normal_y=0.99 contacts=3[VillageTerrain,VillageTerrain,VillageTerrain] bounded=false
tick=3600 phase=following reason=path_ready wp=1 dist_wp=11.33 bearing_deg=-107.15 speed=0.000 pos=(-115.820,1.315,32.881) thr=0.00 steer=-1.00 blocked=false attempts=0 stuck_s=0.00 pitch=-0.80 roll=-10.22 normal_y=0.98 contacts=3[VillageTerrain,VillageTerrain,VillageTerrain] bounded=false
tick=3630 phase=following reason=path_ready wp=1 dist_wp=11.43 bearing_deg=-69.80 speed=0.000 pos=(-115.819,1.409,32.785) thr=0.00 steer=-1.00 blocked=false attempts=0 stuck_s=0.00 pitch=-6.35 roll=-7.40 normal_y=0.99 contacts=2[VillageTerrain,VillageTerrain] bounded=false
tick=3660 phase=following reason=path_ready wp=1 dist_wp=11.43 bearing_deg=-32.06 speed=0.000 pos=(-115.819,1.458,32.794) thr=0.00 steer=-1.00 blocked=false attempts=0 stuck_s=0.00 pitch=-9.10 roll=-1.57 normal_y=0.99 contacts=2[VillageTerrain,VillageTerrain] bounded=false
tick=3690 phase=following reason=path_ready wp=1 dist_wp=9.34 bearing_deg=-8.67 speed=2.068 pos=(-116.326,1.106,34.815) thr=0.88 steer=-0.36 blocked=false attempts=0 stuck_s=0.02 pitch=-8.15 roll=2.17 normal_y=0.99 contacts=3[VillageTerrain,VillageTerrain,VillageTerrain] bounded=false
tick=3720 phase=following reason=path_ready wp=1 dist_wp=0.38 bearing_deg=-87.96 speed=2.658 pos=(-119.719,0.266,43.469) thr=0.00 steer=-1.00 blocked=false attempts=0 stuck_s=0.00 pitch=-2.79 roll=1.60 normal_y=1.00 contacts=4[VillageTerrain,VillageTerrain,VillageTerrain,VillageTerrain] bounded=false
tick=3750 phase=following reason=path_ready wp=1 dist_wp=6.47 bearing_deg=-158.17 speed=0.977 pos=(-124.200,0.054,48.261) thr=0.00 steer=-1.00 blocked=false attempts=0 stuck_s=0.00 pitch=-0.66 roll=0.12 normal_y=1.00 contacts=3[VillageTerrain,VillageTerrain,VillageTerrain] bounded=false
tick=3780 phase=following reason=path_ready wp=1 dist_wp=7.37 bearing_deg=-125.06 speed=0.000 pos=(-125.153,0.028,48.609) thr=0.00 steer=-1.00 blocked=false attempts=0 stuck_s=0.00 pitch=-0.33 roll=0.08 normal_y=1.00 contacts=1[VillageTerrain] bounded=false
tick=3810 phase=following reason=path_ready wp=1 dist_wp=7.37 bearing_deg=-87.56 speed=0.000 pos=(-125.153,0.003,48.609) thr=0.00 steer=-1.00 blocked=false attempts=0 stuck_s=0.00 pitch=-0.01 roll=0.05 normal_y=1.00 contacts=1[VillageTerrain] bounded=false
tick=3840 phase=following reason=path_ready wp=1 dist_wp=7.37 bearing_deg=-50.07 speed=0.000 pos=(-125.153,0.050,48.607) thr=0.00 steer=-1.00 blocked=false attempts=0 stuck_s=0.00 pitch=0.60 roll=0.13 normal_y=1.00 contacts=3[VillageTerrain,VillageTerrain,VillageTerrain] bounded=false
tick=3870 phase=following reason=path_ready wp=1 dist_wp=7.32 bearing_deg=-15.15 speed=0.208 pos=(-125.127,0.044,48.556) thr=0.75 steer=-0.64 blocked=false attempts=0 stuck_s=0.05 pitch=0.50 roll=-0.17 normal_y=1.00 contacts=3[VillageTerrain,VillageTerrain,VillageTerrain] bounded=false
tick=3900 phase=following reason=path_ready wp=1 dist_wp=2.94 bearing_deg=-9.15 speed=1.907 pos=(-122.338,0.160,45.105) thr=0.42 steer=-0.35 blocked=false attempts=0 stuck_s=0.00 pitch=1.73 roll=-0.85 normal_y=1.00 contacts=3[VillageTerrain,VillageTerrain,VillageTerrain] bounded=false
tick=3930 phase=following reason=path_ready wp=1 dist_wp=2.28 bearing_deg=-158.09 speed=0.551 pos=(-118.217,0.276,41.934) thr=0.00 steer=-1.00 blocked=false attempts=0 stuck_s=0.00 pitch=0.46 roll=-3.24 normal_y=1.00 contacts=3[VillageTerrain,VillageTerrain,VillageTerrain] bounded=false
tick=3960 phase=following reason=path_ready wp=1 dist_wp=2.62 bearing_deg=-121.36 speed=0.000 pos=(-117.925,0.242,41.738) thr=0.00 steer=-1.00 blocked=false attempts=0 stuck_s=0.00 pitch=-1.16 roll=-3.10 normal_y=1.00 contacts=2[VillageTerrain,VillageTerrain] bounded=false
tick=3990 phase=following reason=path_ready wp=1 dist_wp=2.66 bearing_deg=-83.27 speed=0.000 pos=(-117.923,0.341,41.701) thr=0.00 steer=-1.00 blocked=false attempts=0 stuck_s=0.00 pitch=-2.82 roll=-2.05 normal_y=1.00 contacts=2[VillageTerrain,VillageTerrain] bounded=false
tick=4020 phase=following reason=path_ready wp=1 dist_wp=2.65 bearing_deg=-45.71 speed=0.000 pos=(-117.923,0.309,41.700) thr=0.00 steer=-1.00 blocked=false attempts=0 stuck_s=0.00 pitch=-3.58 roll=0.28 normal_y=1.00 contacts=2[VillageTerrain,VillageTerrain] bounded=false
tick=4050 phase=following reason=path_ready wp=1 dist_wp=2.55 bearing_deg=-12.54 speed=0.283 pos=(-118.005,0.332,41.764) thr=0.35 steer=-0.53 blocked=false attempts=0 stuck_s=0.12 pitch=-2.77 roll=2.18 normal_y=1.00 contacts=3[VillageTerrain,VillageTerrain,VillageTerrain] bounded=false
tick=4080 phase=following reason=path_ready wp=2 dist_wp=21.58 bearing_deg=-124.10 speed=0.168 pos=(-119.455,0.225,42.966) thr=0.00 steer=-1.00 blocked=false attempts=0 stuck_s=0.00 pitch=-1.89 roll=2.24 normal_y=1.00 contacts=3[VillageTerrain,VillageTerrain,VillageTerrain] bounded=false
tick=4110 phase=following reason=path_ready wp=2 dist_wp=21.45 bearing_deg=-86.67 speed=0.000 pos=(-119.465,0.153,42.822) thr=0.00 steer=-1.00 blocked=false attempts=0 stuck_s=0.00 pitch=-0.01 roll=2.08 normal_y=1.00 contacts=2[VillageTerrain,VillageTerrain] bounded=false
tick=4140 phase=following reason=path_ready wp=2 dist_wp=21.28 bearing_deg=-49.14 speed=0.000 pos=(-119.448,0.238,42.671) thr=0.00 steer=-1.00 blocked=false attempts=0 stuck_s=0.00 pitch=1.39 roll=2.27 normal_y=1.00 contacts=2[VillageTerrain,VillageTerrain] bounded=false
tick=4170 phase=following reason=path_ready wp=2 dist_wp=21.05 bearing_deg=-14.53 speed=0.356 pos=(-119.470,0.292,42.443) thr=1.00 steer=-0.61 blocked=false attempts=0 stuck_s=0.07 pitch=3.29 roll=1.15 normal_y=1.00 contacts=3[VillageTerrain,VillageTerrain,VillageTerrain] bounded=false
tick=4200 phase=following reason=path_ready wp=2 dist_wp=15.11 bearing_deg=-4.69 speed=2.010 pos=(-120.174,0.824,36.514) thr=1.00 steer=-0.19 blocked=false attempts=0 stuck_s=0.02 pitch=6.92 roll=1.43 normal_y=0.99 contacts=2[VillageTerrain,VillageTerrain] bounded=false
tick=4230 phase=following reason=path_ready wp=2 dist_wp=3.87 bearing_deg=-4.55 speed=3.442 pos=(-120.357,2.794,25.434) thr=0.53 steer=-0.17 blocked=false attempts=0 stuck_s=0.00 pitch=12.61 roll=1.94 normal_y=0.98 contacts=3[VillageTerrain,VillageTerrain,VillageTerrain] bounded=false
tick=4260 phase=following reason=path_ready wp=2 dist_wp=5.48 bearing_deg=-164.08 speed=1.100 pos=(-118.796,4.851,16.459) thr=0.00 steer=-1.00 blocked=false attempts=0 stuck_s=0.00 pitch=9.59 roll=-4.25 normal_y=0.98 contacts=2[VillageTerrain,VillageTerrain] bounded=false
tick=4290 phase=following reason=path_ready wp=2 dist_wp=6.63 bearing_deg=-129.57 speed=0.000 pos=(-118.259,5.064,15.439) thr=0.00 steer=-1.00 blocked=false attempts=0 stuck_s=0.00 pitch=5.06 roll=-8.87 normal_y=0.98 contacts=2[VillageTerrain,VillageTerrain] bounded=false
tick=4320 phase=following reason=path_ready wp=2 dist_wp=7.10 bearing_deg=-91.94 speed=0.000 pos=(-118.201,5.107,14.965) thr=0.00 steer=-1.00 blocked=false attempts=0 stuck_s=0.00 pitch=-1.05 roll=-10.85 normal_y=0.98 contacts=3[VillageTerrain,VillageTerrain,VillageTerrain] bounded=false
tick=4350 phase=following reason=path_ready wp=2 dist_wp=7.25 bearing_deg=-54.69 speed=0.000 pos=(-118.179,5.138,14.810) thr=0.00 steer=-1.00 blocked=false attempts=0 stuck_s=0.00 pitch=-7.32 roll=-8.05 normal_y=0.98 contacts=2[VillageTerrain,VillageTerrain] bounded=false
tick=4380 phase=following reason=path_ready wp=2 dist_wp=7.30 bearing_deg=-17.86 speed=0.000 pos=(-118.174,5.175,14.769) thr=0.00 steer=-0.75 blocked=false attempts=0 stuck_s=0.00 pitch=-10.18 roll=-2.70 normal_y=0.98 contacts=2[VillageTerrain,VillageTerrain] bounded=false
tick=4410 phase=following reason=path_ready wp=2 dist_wp=2.80 bearing_deg=-10.53 speed=2.371 pos=(-118.885,4.275,19.183) thr=0.40 steer=-0.41 blocked=false attempts=0 stuck_s=0.02 pitch=-11.05 roll=1.09 normal_y=0.98 contacts=3[VillageTerrain,VillageTerrain,VillageTerrain] bounded=false
tick=4440 phase=following reason=path_ready wp=2 dist_wp=2.66 bearing_deg=-167.83 speed=0.926 pos=(-121.407,3.074,23.861) thr=0.00 steer=-1.00 blocked=false attempts=0 stuck_s=0.00 pitch=-10.97 roll=6.67 normal_y=0.98 contacts=3[VillageTerrain,VillageTerrain,VillageTerrain] bounded=false
tick=4470 phase=following reason=path_ready wp=2 dist_wp=3.18 bearing_deg=-138.99 speed=0.000 pos=(-122.038,2.998,24.031) thr=0.00 steer=-1.00 blocked=false attempts=0 stuck_s=0.00 pitch=-4.93 roll=11.59 normal_y=0.98 contacts=2[VillageTerrain,VillageTerrain] bounded=false
tick=4500 phase=following reason=path_ready wp=2 dist_wp=2.99 bearing_deg=-104.19 speed=0.000 pos=(-121.984,3.034,23.822) thr=0.00 steer=-1.00 blocked=false attempts=0 stuck_s=0.00 pitch=3.08 roll=12.26 normal_y=0.98 contacts=2[VillageTerrain,VillageTerrain] bounded=false
tick=4530 phase=following reason=path_ready wp=2 dist_wp=2.76 bearing_deg=-69.48 speed=0.000 pos=(-121.920,3.118,23.580) thr=0.00 steer=-1.00 blocked=false attempts=0 stuck_s=0.00 pitch=9.68 roll=7.85 normal_y=0.98 contacts=2[VillageTerrain,VillageTerrain] bounded=false
tick=4560 phase=following reason=path_ready wp=2 dist_wp=2.76 bearing_deg=-31.24 speed=0.000 pos=(-121.922,3.161,23.589) thr=0.00 steer=-1.00 blocked=false attempts=0 stuck_s=0.00 pitch=12.05 roll=0.06 normal_y=0.98 contacts=2[VillageTerrain,VillageTerrain] bounded=false
tick=4590 phase=following reason=path_ready wp=2 dist_wp=2.64 bearing_deg=-7.91 speed=0.004 pos=(-121.887,3.150,23.456) thr=0.35 steer=-0.32 blocked=false attempts=0 stuck_s=0.30 pitch=11.53 roll=-5.04 normal_y=0.98 contacts=3[VillageTerrain,VillageTerrain,VillageTerrain] bounded=false
tick=4620 phase=following reason=path_ready wp=2 dist_wp=2.36 bearing_deg=-4.94 speed=0.000 pos=(-121.811,3.238,23.125) thr=0.32 steer=-0.19 blocked=false attempts=0 stuck_s=0.05 pitch=10.44 roll=-7.00 normal_y=0.98 contacts=3[VillageTerrain,VillageTerrain,VillageTerrain] bounded=false
tick=4650 phase=following reason=path_ready wp=2 dist_wp=2.29 bearing_deg=-1.68 speed=0.000 pos=(-121.791,3.241,23.044) thr=0.30 steer=-0.07 blocked=false attempts=0 stuck_s=0.55 pitch=10.22 roll=-7.50 normal_y=0.98 contacts=2[VillageTerrain,VillageTerrain] bounded=false
tick=4680 phase=following reason=path_ready wp=2 dist_wp=2.16 bearing_deg=-1.93 speed=0.000 pos=(-121.752,3.277,22.889) thr=0.28 steer=-0.08 blocked=false attempts=0 stuck_s=0.07 pitch=9.89 roll=-7.92 normal_y=0.98 contacts=2[VillageTerrain,VillageTerrain] bounded=false
tick=4710 phase=following reason=path_ready wp=2 dist_wp=2.12 bearing_deg=-0.92 speed=0.000 pos=(-121.739,3.295,22.838) thr=0.28 steer=-0.04 blocked=false attempts=0 stuck_s=0.57 pitch=9.55 roll=-8.15 normal_y=0.98 contacts=2[VillageTerrain,VillageTerrain] bounded=false
tick=4740 phase=following reason=path_ready wp=2 dist_wp=2.06 bearing_deg=-0.98 speed=0.000 pos=(-121.720,3.313,22.761) thr=0.27 steer=-0.04 blocked=false attempts=0 stuck_s=1.07 pitch=9.35 roll=-8.38 normal_y=0.98 contacts=2[VillageTerrain,VillageTerrain] bounded=false
tick=4770 phase=following reason=path_ready wp=2 dist_wp=2.04 bearing_deg=-0.76 speed=0.000 pos=(-121.714,3.318,22.735) thr=0.26 steer=0.00 blocked=false attempts=0 stuck_s=1.57 pitch=9.24 roll=-8.50 normal_y=0.98 contacts=2[VillageTerrain,VillageTerrain] bounded=false
tick=4800 phase=reverse reason=insufficient_actual_progress wp=2 dist_wp=2.05 bearing_deg=-1.29 speed=-0.217 pos=(-121.730,3.323,22.724) thr=-0.75 steer=0.00 blocked=false attempts=1 stuck_s=0.00 pitch=9.19 roll=-8.50 normal_y=0.98 contacts=3[VillageTerrain,VillageTerrain,VillageTerrain] bounded=false
tick=4830 phase=reverse reason=insufficient_actual_progress wp=2 dist_wp=6.26 bearing_deg=-5.95 speed=-2.239 pos=(-125.536,2.719,24.453) thr=-0.75 steer=0.00 blocked=false attempts=1 stuck_s=0.00 pitch=9.63 roll=-7.25 normal_y=0.98 contacts=3[VillageTerrain,VillageTerrain,VillageTerrain] bounded=false
tick=4860 phase=reverse reason=insufficient_actual_progress wp=2 dist_wp=13.98 bearing_deg=-4.76 speed=-2.250 pos=(-132.195,1.452,28.141) thr=-0.75 steer=0.00 blocked=false attempts=1 stuck_s=0.00 pitch=8.95 roll=-5.02 normal_y=0.98 contacts=3[VillageTerrain,VillageTerrain,VillageTerrain] bounded=false
tick=4890 phase=turn_recovery reason=reverse_complete wp=2 dist_wp=19.87 bearing_deg=-23.90 speed=-0.898 pos=(-136.927,0.664,31.640) thr=0.00 steer=1.00 blocked=false attempts=1 stuck_s=0.00 pitch=7.16 roll=-0.13 normal_y=0.99 contacts=3[VillageTerrain,VillageTerrain,VillageTerrain] bounded=false
