tick=0 phase=following reason=path_ready wp=1 dist_wp=13.42 bearing_deg=26.57 speed=0.000 pos=(-27.000,0.024,116.000) bounded=true
tick=30 phase=following reason=path_ready wp=1 dist_wp=13.06 bearing_deg=6.85 speed=1.797 pos=(-27.108,0.055,115.656) bounded=true
tick=60 phase=following reason=path_ready wp=1 dist_wp=11.63 bearing_deg=2.16 speed=3.467 pos=(-27.680,0.053,114.343) bounded=true
tick=90 phase=following reason=path_ready wp=1 dist_wp=9.23 bearing_deg=1.09 speed=4.855 pos=(-28.742,0.039,112.188) bounded=true
tick=120 phase=following reason=path_ready wp=1 dist_wp=6.04 bearing_deg=0.81 speed=5.400 pos=(-30.184,0.010,109.338) bounded=true
tick=150 phase=following reason=path_ready wp=1 dist_wp=3.44 bearing_deg=0.82 speed=3.655 pos=(-31.373,0.045,107.026) bounded=true
tick=180 phase=following reason=path_ready wp=1 dist_wp=1.85 bearing_deg=1.17 speed=1.902 pos=(-32.112,0.048,105.619) bounded=true
tick=210 phase=following reason=path_ready wp=2 dist_wp=20.70 bearing_deg=71.69 speed=0.130 pos=(-32.381,0.048,105.115) bounded=true
tick=240 phase=following reason=path_ready wp=2 dist_wp=20.70 bearing_deg=34.20 speed=0.000 pos=(-32.382,0.006,105.114) bounded=true
tick=270 phase=following reason=path_ready wp=2 dist_wp=20.47 bearing_deg=8.15 speed=1.443 pos=(-32.614,0.046,105.127) bounded=true
tick=300 phase=following reason=path_ready wp=2 dist_wp=19.18 bearing_deg=2.30 speed=3.139 pos=(-33.897,0.047,105.350) bounded=true
tick=330 phase=following reason=path_ready wp=2 dist_wp=16.87 bearing_deg=1.00 speed=4.690 pos=(-36.149,0.037,105.866) bounded=true
tick=360 phase=following reason=path_ready wp=2 dist_wp=13.60 bearing_deg=0.98 speed=6.051 pos=(-39.320,0.032,106.626) bounded=true
tick=390 phase=following reason=path_ready wp=2 dist_wp=9.62 bearing_deg=0.95 speed=7.131 pos=(-43.194,0.027,107.570) bounded=true
tick=420 phase=following reason=path_ready wp=2 dist_wp=6.02 bearing_deg=0.80 speed=5.390 pos=(-46.688,0.043,108.442) bounded=true
tick=450 phase=following reason=path_ready wp=2 dist_wp=3.42 bearing_deg=0.83 speed=3.645 pos=(-49.200,0.047,109.088) bounded=true
tick=480 phase=following reason=path_ready wp=2 dist_wp=1.84 bearing_deg=1.17 speed=1.892 pos=(-50.731,0.048,109.495) bounded=true
tick=510 phase=following reason=path_ready wp=3 dist_wp=21.66 bearing_deg=1.45 speed=0.570 pos=(-51.292,0.041,109.648) bounded=true
tick=540 phase=following reason=path_ready wp=3 dist_wp=20.69 bearing_deg=0.92 speed=2.325 pos=(-52.226,0.031,109.920) bounded=true
tick=570 phase=following reason=path_ready wp=3 dist_wp=18.67 bearing_deg=1.02 speed=4.041 pos=(-54.159,0.040,110.487) bounded=true
tick=600 phase=following reason=path_ready wp=3 dist_wp=15.71 bearing_deg=1.20 speed=6.014 pos=(-56.997,0.053,111.325) bounded=true
tick=630 phase=following reason=path_ready wp=3 dist_wp=11.96 bearing_deg=1.08 speed=7.278 pos=(-60.597,0.042,112.400) bounded=true
tick=660 phase=following reason=path_ready wp=3 dist_wp=7.86 bearing_deg=0.83 speed=6.341 pos=(-64.522,0.030,113.591) bounded=true
tick=690 phase=following reason=path_ready wp=3 dist_wp=4.71 bearing_deg=0.79 speed=4.615 pos=(-67.526,0.046,114.524) bounded=true
tick=720 phase=following reason=path_ready wp=3 dist_wp=2.55 bearing_deg=0.91 speed=2.921 pos=(-69.585,0.046,115.180) bounded=true
tick=750 phase=following reason=path_ready wp=3 dist_wp=1.36 bearing_deg=1.52 speed=1.252 pos=(-70.712,0.045,115.551) bounded=true
tick=780 phase=following reason=path_ready wp=4 dist_wp=17.98 bearing_deg=-45.95 speed=0.000 pos=(-70.962,0.033,115.633) bounded=true
tick=810 phase=following reason=path_ready wp=4 dist_wp=17.95 bearing_deg=-12.75 speed=0.570 pos=(-70.992,0.014,115.616) bounded=true
tick=840 phase=following reason=path_ready wp=4 dist_wp=16.95 bearing_deg=-3.32 speed=2.438 pos=(-71.787,0.039,114.999) bounded=true
tick=870 phase=following reason=path_ready wp=4 dist_wp=14.87 bearing_deg=-1.21 speed=4.192 pos=(-73.324,0.038,113.602) bounded=true
tick=900 phase=following reason=path_ready wp=4 dist_wp=11.77 bearing_deg=-1.19 speed=6.115 pos=(-75.579,0.049,111.469) bounded=true
tick=930 phase=following reason=path_ready wp=4 dist_wp=7.96 bearing_deg=-0.80 speed=6.450 pos=(-78.332,0.007,108.844) bounded=true
tick=960 phase=following reason=path_ready wp=4 dist_wp=4.71 bearing_deg=-0.79 speed=4.879 pos=(-80.675,0.041,106.579) bounded=true
tick=990 phase=following reason=path_ready wp=4 dist_wp=2.35 bearing_deg=-0.93 speed=3.313 pos=(-82.353,0.043,104.931) bounded=true
tick=1020 phase=following reason=path_ready wp=4 dist_wp=0.91 bearing_deg=-2.28 speed=1.749 pos=(-83.374,0.043,103.906) bounded=true
tick=1050 phase=following reason=path_ready wp=5 dist_wp=17.85 bearing_deg=-0.61 speed=0.638 pos=(-83.766,0.035,103.502) bounded=true
tick=1080 phase=following reason=path_ready wp=5 dist_wp=16.80 bearing_deg=-0.81 speed=2.602 pos=(-84.497,0.037,102.739) bounded=true
tick=1110 phase=following reason=path_ready wp=5 dist_wp=14.63 bearing_deg=-0.90 speed=4.426 pos=(-85.993,0.039,101.176) bounded=true
tick=1140 phase=following reason=path_ready wp=5 dist_wp=11.43 bearing_deg=-1.07 speed=6.094 pos=(-88.205,0.040,98.866) bounded=true
tick=1170 phase=following reason=path_ready wp=5 dist_wp=7.61 bearing_deg=-0.79 speed=6.304 pos=(-90.842,0.005,96.099) bounded=true
tick=1200 phase=following reason=path_ready wp=5 dist_wp=4.44 bearing_deg=-0.79 speed=4.734 pos=(-93.017,0.041,93.787) bounded=true
tick=1230 phase=following reason=path_ready wp=5 dist_wp=2.17 bearing_deg=-0.97 speed=3.167 pos=(-94.557,0.043,92.122) bounded=true
tick=1260 phase=following reason=path_ready wp=5 dist_wp=0.81 bearing_deg=-2.59 speed=1.605 pos=(-95.472,0.043,91.111) bounded=true
tick=1290 phase=following reason=path_ready wp=6 dist_wp=17.81 bearing_deg=1.72 speed=0.793 pos=(-95.805,0.025,90.732) bounded=true
tick=1320 phase=following reason=path_ready wp=6 dist_wp=16.70 bearing_deg=1.02 speed=2.748 pos=(-96.552,0.040,89.912) bounded=true
tick=1350 phase=following reason=path_ready wp=6 dist_wp=14.49 bearing_deg=1.04 speed=4.557 pos=(-98.047,0.040,88.282) bounded=true
tick=1380 phase=following reason=path_ready wp=6 dist_wp=11.24 bearing_deg=1.05 speed=6.139 pos=(-100.252,0.037,85.892) bounded=true
tick=1410 phase=following reason=path_ready wp=6 dist_wp=7.42 bearing_deg=0.79 speed=6.216 pos=(-102.856,0.010,83.094) bounded=true
tick=1440 phase=following reason=path_ready wp=6 dist_wp=4.29 bearing_deg=0.79 speed=4.646 pos=(-104.999,0.041,80.821) bounded=true
tick=1470 phase=following reason=path_ready wp=6 dist_wp=2.08 bearing_deg=1.00 speed=3.080 pos=(-106.534,0.043,79.220) bounded=true
tick=1500 phase=following reason=path_ready wp=6 dist_wp=0.76 bearing_deg=2.76 speed=1.518 pos=(-107.454,0.043,78.283) bounded=true
tick=1530 phase=following reason=path_ready wp=7 dist_wp=17.78 bearing_deg=-1.56 speed=1.005 pos=(-107.802,0.014,77.936) bounded=true
tick=1560 phase=following reason=path_ready wp=7 dist_wp=16.59 bearing_deg=-1.06 speed=2.949 pos=(-108.634,0.044,77.080) bounded=true
tick=1590 phase=following reason=path_ready wp=7 dist_wp=14.30 bearing_deg=-1.07 speed=4.737 pos=(-110.224,0.042,75.433) bounded=true
tick=1620 phase=following reason=path_ready wp=7 dist_wp=10.98 bearing_deg=-1.01 speed=6.287 pos=(-112.522,0.034,73.038) bounded=true
tick=1650 phase=following reason=path_ready wp=7 dist_wp=7.16 bearing_deg=-0.79 speed=6.101 pos=(-115.154,0.016,70.272) bounded=true
tick=1680 phase=following reason=path_ready wp=7 dist_wp=4.10 bearing_deg=-0.80 speed=4.526 pos=(-117.246,0.042,68.043) bounded=true
tick=1710 phase=following reason=path_ready wp=7 dist_wp=1.97 bearing_deg=-1.06 speed=2.936 pos=(-118.695,0.043,66.471) bounded=true
tick=1740 phase=following reason=path_ready wp=7 dist_wp=0.74 bearing_deg=-2.87 speed=1.374 pos=(-119.519,0.043,65.558) bounded=true
tick=1770 phase=following reason=path_ready wp=1 dist_wp=21.97 bearing_deg=-29.26 speed=0.000 pos=(-119.741,0.038,65.305) bounded=true
tick=1800 phase=following reason=path_ready wp=1 dist_wp=21.59 bearing_deg=-6.83 speed=1.937 pos=(-119.809,0.056,64.918) bounded=true
tick=1830 phase=following reason=path_ready wp=1 dist_wp=20.05 bearing_deg=-2.05 speed=3.802 pos=(-119.910,0.060,63.383) bounded=true
tick=1860 phase=following reason=path_ready wp=1 dist_wp=17.45 bearing_deg=-1.06 speed=5.462 pos=(-119.967,0.052,60.779) bounded=true
tick=1890 phase=following reason=path_ready wp=1 dist_wp=13.87 bearing_deg=-0.93 speed=6.903 pos=(-120.018,0.039,57.199) bounded=true
tick=1920 phase=following reason=path_ready wp=1 dist_wp=9.55 bearing_deg=-0.85 speed=7.178 pos=(-120.061,0.002,52.883) bounded=true
tick=1950 phase=following reason=path_ready wp=1 dist_wp=5.87 bearing_deg=-0.89 speed=5.605 pos=(-120.077,0.049,49.204) bounded=true
tick=1980 phase=following reason=path_ready wp=1 dist_wp=3.09 bearing_deg=-1.53 speed=4.036 pos=(-120.067,0.072,46.424) bounded=true
tick=2010 phase=following reason=path_ready wp=1 dist_wp=1.22 bearing_deg=-7.08 speed=2.467 pos=(-120.041,0.179,44.549) bounded=true
tick=2040 phase=following reason=path_ready wp=1 dist_wp=0.34 bearing_deg=-29.73 speed=0.657 pos=(-120.015,0.202,43.632) bounded=true
tick=2070 phase=following reason=path_ready wp=2 dist_wp=21.52 bearing_deg=5.01 speed=2.051 pos=(-119.999,0.300,42.924) bounded=true
tick=2100 phase=following reason=path_ready wp=2 dist_wp=19.86 bearing_deg=-5.21 speed=3.947 pos=(-119.988,0.344,41.256) bounded=true
tick=2130 phase=following reason=path_ready wp=2 dist_wp=17.27 bearing_deg=-3.52 speed=5.237 pos=(-120.012,0.605,38.666) bounded=true
tick=2160 phase=following reason=path_ready wp=2 dist_wp=13.87 bearing_deg=-4.17 speed=6.113 pos=(-120.133,1.007,35.283) bounded=true
tick=2190 phase=following reason=path_ready wp=2 dist_wp=10.00 bearing_deg=-9.34 speed=7.037 pos=(-120.454,1.574,31.445) bounded=true
tick=2220 phase=following reason=obstacle_cleared wp=2 dist_wp=6.40 bearing_deg=-18.11 speed=5.481 pos=(-120.974,2.349,27.858) bounded=true
tick=2250 phase=following reason=obstacle_cleared wp=2 dist_wp=4.13 bearing_deg=-22.67 speed=2.717 pos=(-121.288,2.843,25.515) bounded=true
tick=2280 phase=following reason=obstacle_cleared wp=2 dist_wp=3.11 bearing_deg=-11.21 speed=1.462 pos=(-121.219,3.029,24.460) bounded=true
tick=2310 phase=following reason=obstacle_cleared wp=2 dist_wp=2.18 bearing_deg=2.35 speed=1.384 pos=(-120.914,3.179,23.597) bounded=true
tick=2340 phase=following reason=obstacle_cleared wp=2 dist_wp=1.49 bearing_deg=17.79 speed=0.728 pos=(-120.565,3.323,23.015) bounded=true
tick=2370 phase=following reason=obstacle_cleared wp=3 dist_wp=23.11 bearing_deg=37.23 speed=0.000 pos=(-120.505,3.356,22.862) bounded=true
tick=2400 phase=following reason=obstacle_cleared wp=3 dist_wp=23.08 bearing_deg=29.83 speed=0.000 pos=(-120.499,3.364,22.837) bounded=true
tick=2430 phase=following reason=obstacle_cleared wp=3 dist_wp=22.97 bearing_deg=12.45 speed=0.622 pos=(-120.472,3.372,22.727) bounded=true
tick=2460 phase=following reason=obstacle_cleared wp=3 dist_wp=22.01 bearing_deg=-6.01 speed=1.870 pos=(-120.399,3.581,21.792) bounded=true
tick=2490 phase=following reason=obstacle_cleared wp=3 dist_wp=20.55 bearing_deg=-19.82 speed=2.866 pos=(-120.650,3.889,20.349) bounded=true
tick=2520 phase=following reason=obstacle_cleared wp=3 dist_wp=19.61 bearing_deg=-25.34 speed=0.416 pos=(-120.944,4.146,19.424) bounded=true
tick=2550 phase=following reason=obstacle_cleared wp=3 dist_wp=19.51 bearing_deg=-24.12 speed=0.000 pos=(-120.924,4.134,19.327) bounded=true
tick=2580 phase=following reason=obstacle_cleared wp=3 dist_wp=19.50 bearing_deg=-24.66 speed=0.000 pos=(-120.920,4.130,19.315) bounded=true
tick=2610 phase=following reason=obstacle_cleared wp=3 dist_wp=19.50 bearing_deg=-24.90 speed=0.000 pos=(-120.920,4.129,19.315) bounded=true
tick=2640 phase=following reason=obstacle_cleared wp=3 dist_wp=19.50 bearing_deg=-25.15 speed=0.000 pos=(-120.920,4.129,19.315) bounded=true
tick=2670 phase=following reason=obstacle_cleared wp=3 dist_wp=19.50 bearing_deg=-25.45 speed=0.000 pos=(-120.920,4.129,19.315) bounded=true
tick=2700 phase=following reason=obstacle_cleared wp=3 dist_wp=19.50 bearing_deg=-25.82 speed=0.000 pos=(-120.920,4.129,19.315) bounded=true
tick=2730 phase=following reason=obstacle_cleared wp=3 dist_wp=19.50 bearing_deg=-26.25 speed=0.000 pos=(-120.920,4.129,19.315) bounded=true
tick=2760 phase=following reason=obstacle_cleared wp=3 dist_wp=19.50 bearing_deg=-26.76 speed=0.000 pos=(-120.921,4.129,19.315) bounded=true
tick=2790 phase=following reason=obstacle_cleared wp=3 dist_wp=19.50 bearing_deg=-27.33 speed=0.000 pos=(-120.921,4.128,19.315) bounded=true
tick=2820 phase=following reason=obstacle_cleared wp=3 dist_wp=19.50 bearing_deg=-28.42 speed=0.000 pos=(-120.919,4.100,19.310) bounded=true
tick=2850 phase=following reason=obstacle_cleared wp=3 dist_wp=19.50 bearing_deg=-31.77 speed=0.000 pos=(-120.920,4.105,19.311) bounded=true
tick=2880 phase=following reason=obstacle_cleared wp=3 dist_wp=19.50 bearing_deg=-34.49 speed=0.000 pos=(-120.920,4.104,19.311) bounded=true
tick=2910 phase=following reason=obstacle_cleared wp=3 dist_wp=19.50 bearing_deg=-36.56 speed=0.000 pos=(-120.920,4.107,19.311) bounded=true
tick=2940 phase=following reason=obstacle_cleared wp=3 dist_wp=19.50 bearing_deg=-38.31 speed=0.000 pos=(-120.920,4.106,19.311) bounded=true
tick=2970 phase=following reason=obstacle_cleared wp=3 dist_wp=19.50 bearing_deg=-39.65 speed=0.000 pos=(-120.920,4.106,19.311) bounded=true
tick=3000 phase=following reason=obstacle_cleared wp=3 dist_wp=19.50 bearing_deg=-40.59 speed=0.000 pos=(-120.921,4.106,19.311) bounded=true
tick=3030 phase=following reason=obstacle_cleared wp=3 dist_wp=19.50 bearing_deg=-41.21 speed=0.000 pos=(-120.921,4.105,19.311) bounded=true
tick=3060 phase=following reason=obstacle_cleared wp=3 dist_wp=19.50 bearing_deg=-41.62 speed=0.000 pos=(-120.921,4.105,19.311) bounded=true
tick=3090 phase=following reason=obstacle_cleared wp=3 dist_wp=19.50 bearing_deg=-41.87 speed=0.000 pos=(-120.921,4.105,19.311) bounded=true
tick=3120 phase=following reason=obstacle_cleared wp=3 dist_wp=19.50 bearing_deg=-42.03 speed=0.000 pos=(-120.922,4.105,19.311) bounded=true
tick=3150 phase=following reason=obstacle_cleared wp=3 dist_wp=19.50 bearing_deg=-42.13 speed=0.000 pos=(-120.922,4.105,19.311) bounded=true
tick=3180 phase=following reason=obstacle_cleared wp=3 dist_wp=19.50 bearing_deg=-42.19 speed=0.000 pos=(-120.922,4.105,19.311) bounded=true
tick=3210 phase=following reason=obstacle_cleared wp=3 dist_wp=19.50 bearing_deg=-42.23 speed=0.000 pos=(-120.922,4.105,19.311) bounded=true
tick=3240 phase=following reason=obstacle_cleared wp=3 dist_wp=19.50 bearing_deg=-42.26 speed=0.000 pos=(-120.923,4.105,19.311) bounded=true
tick=3270 phase=following reason=obstacle_cleared wp=3 dist_wp=19.50 bearing_deg=-42.27 speed=0.000 pos=(-120.923,4.105,19.311) bounded=true
tick=3300 phase=following reason=obstacle_cleared wp=3 dist_wp=19.50 bearing_deg=-42.28 speed=0.000 pos=(-120.923,4.105,19.311) bounded=true
tick=3330 phase=following reason=obstacle_cleared wp=3 dist_wp=19.50 bearing_deg=-42.29 speed=0.000 pos=(-120.923,4.105,19.311) bounded=true
tick=3360 phase=following reason=obstacle_cleared wp=3 dist_wp=19.50 bearing_deg=-42.29 speed=0.000 pos=(-120.924,4.105,19.311) bounded=true
tick=3390 phase=following reason=obstacle_cleared wp=3 dist_wp=19.50 bearing_deg=-42.29 speed=0.000 pos=(-120.924,4.105,19.311) bounded=true
tick=3420 phase=following reason=obstacle_cleared wp=3 dist_wp=19.50 bearing_deg=-42.30 speed=0.000 pos=(-120.924,4.105,19.311) bounded=true
tick=3450 phase=following reason=obstacle_cleared wp=3 dist_wp=19.50 bearing_deg=-42.30 speed=0.000 pos=(-120.925,4.105,19.311) bounded=true
tick=3480 phase=following reason=obstacle_cleared wp=3 dist_wp=19.50 bearing_deg=-42.30 speed=0.000 pos=(-120.925,4.105,19.311) bounded=true
tick=3510 phase=following reason=obstacle_cleared wp=3 dist_wp=19.50 bearing_deg=-42.30 speed=0.000 pos=(-120.925,4.105,19.311) bounded=true
tick=3540 phase=following reason=obstacle_cleared wp=3 dist_wp=19.50 bearing_deg=-42.30 speed=0.000 pos=(-120.925,4.105,19.311) bounded=true
tick=3570 phase=following reason=obstacle_cleared wp=3 dist_wp=19.50 bearing_deg=-42.30 speed=0.000 pos=(-120.925,4.105,19.311) bounded=true
tick=3600 phase=following reason=obstacle_cleared wp=3 dist_wp=19.50 bearing_deg=-42.30 speed=0.000 pos=(-120.926,4.105,19.311) bounded=true
tick=3630 phase=following reason=obstacle_cleared wp=3 dist_wp=19.50 bearing_deg=-42.30 speed=0.000 pos=(-120.926,4.105,19.311) bounded=true
tick=3660 phase=following reason=obstacle_cleared wp=3 dist_wp=19.50 bearing_deg=-42.30 speed=0.000 pos=(-120.926,4.105,19.311) bounded=true
tick=3690 phase=following reason=obstacle_cleared wp=3 dist_wp=19.50 bearing_deg=-42.30 speed=0.000 pos=(-120.926,4.105,19.311) bounded=true
tick=3720 phase=following reason=obstacle_cleared wp=3 dist_wp=19.50 bearing_deg=-42.30 speed=0.000 pos=(-120.927,4.105,19.311) bounded=true
tick=3750 phase=following reason=obstacle_cleared wp=3 dist_wp=19.50 bearing_deg=-42.30 speed=0.000 pos=(-120.927,4.105,19.311) bounded=true
tick=3780 phase=following reason=obstacle_cleared wp=3 dist_wp=19.50 bearing_deg=-42.31 speed=0.000 pos=(-120.927,4.105,19.311) bounded=true
tick=3810 phase=following reason=obstacle_cleared wp=3 dist_wp=19.50 bearing_deg=-42.31 speed=0.000 pos=(-120.927,4.105,19.311) bounded=true
tick=3840 phase=following reason=obstacle_cleared wp=3 dist_wp=19.50 bearing_deg=-42.31 speed=0.000 pos=(-120.928,4.105,19.311) bounded=true
tick=3870 phase=following reason=obstacle_cleared wp=3 dist_wp=19.50 bearing_deg=-42.31 speed=0.000 pos=(-120.928,4.105,19.311) bounded=true
tick=3900 phase=following reason=obstacle_cleared wp=3 dist_wp=19.50 bearing_deg=-42.31 speed=0.000 pos=(-120.928,4.105,19.311) bounded=true
tick=3930 phase=following reason=obstacle_cleared wp=3 dist_wp=19.50 bearing_deg=-42.31 speed=0.000 pos=(-120.928,4.105,19.311) bounded=true
tick=3960 phase=following reason=obstacle_cleared wp=3 dist_wp=19.50 bearing_deg=-42.31 speed=0.000 pos=(-120.929,4.105,19.311) bounded=true
tick=3990 phase=following reason=obstacle_cleared wp=3 dist_wp=19.50 bearing_deg=-42.31 speed=0.000 pos=(-120.929,4.105,19.311) bounded=true
tick=4020 phase=following reason=obstacle_cleared wp=3 dist_wp=19.50 bearing_deg=-42.31 speed=0.000 pos=(-120.929,4.105,19.311) bounded=true
tick=4050 phase=following reason=obstacle_cleared wp=3 dist_wp=19.50 bearing_deg=-42.31 speed=0.000 pos=(-120.929,4.105,19.311) bounded=true
tick=4080 phase=following reason=obstacle_cleared wp=3 dist_wp=19.50 bearing_deg=-42.31 speed=0.000 pos=(-120.930,4.105,19.311) bounded=true
tick=4110 phase=following reason=obstacle_cleared wp=3 dist_wp=19.50 bearing_deg=-42.31 speed=0.000 pos=(-120.930,4.105,19.311) bounded=true
tick=4140 phase=following reason=obstacle_cleared wp=3 dist_wp=19.50 bearing_deg=-42.31 speed=0.000 pos=(-120.930,4.105,19.311) bounded=true
tick=4170 phase=following reason=obstacle_cleared wp=3 dist_wp=19.50 bearing_deg=-42.32 speed=0.000 pos=(-120.930,4.105,19.311) bounded=true
tick=4200 phase=following reason=obstacle_cleared wp=3 dist_wp=19.50 bearing_deg=-42.32 speed=0.000 pos=(-120.931,4.105,19.311) bounded=true
tick=4230 phase=following reason=obstacle_cleared wp=3 dist_wp=19.50 bearing_deg=-42.32 speed=0.000 pos=(-120.931,4.105,19.311) bounded=true
tick=4260 phase=following reason=obstacle_cleared wp=3 dist_wp=19.50 bearing_deg=-42.32 speed=0.000 pos=(-120.931,4.105,19.311) bounded=true
tick=4290 phase=following reason=obstacle_cleared wp=3 dist_wp=19.50 bearing_deg=-42.32 speed=0.000 pos=(-120.931,4.105,19.311) bounded=true
tick=4320 phase=following reason=obstacle_cleared wp=3 dist_wp=19.50 bearing_deg=-42.32 speed=0.000 pos=(-120.932,4.105,19.311) bounded=true
tick=4350 phase=following reason=obstacle_cleared wp=3 dist_wp=19.50 bearing_deg=-42.32 speed=0.000 pos=(-120.932,4.105,19.311) bounded=true
tick=4380 phase=following reason=obstacle_cleared wp=3 dist_wp=19.50 bearing_deg=-42.32 speed=0.000 pos=(-120.932,4.105,19.311) bounded=true
tick=4410 phase=following reason=obstacle_cleared wp=3 dist_wp=19.50 bearing_deg=-42.32 speed=0.000 pos=(-120.932,4.105,19.311) bounded=true
tick=4440 phase=following reason=obstacle_cleared wp=3 dist_wp=19.50 bearing_deg=-42.32 speed=0.000 pos=(-120.933,4.105,19.311) bounded=true
tick=4470 phase=following reason=obstacle_cleared wp=3 dist_wp=19.50 bearing_deg=-42.32 speed=0.000 pos=(-120.933,4.105,19.311) bounded=true
tick=4500 phase=following reason=obstacle_cleared wp=3 dist_wp=19.50 bearing_deg=-42.32 speed=0.000 pos=(-120.933,4.104,19.311) bounded=true
tick=4530 phase=following reason=obstacle_cleared wp=3 dist_wp=19.50 bearing_deg=-42.32 speed=0.000 pos=(-120.933,4.104,19.311) bounded=true
tick=4560 phase=following reason=obstacle_cleared wp=3 dist_wp=19.50 bearing_deg=-42.32 speed=0.000 pos=(-120.934,4.104,19.311) bounded=true
tick=4590 phase=following reason=obstacle_cleared wp=3 dist_wp=19.50 bearing_deg=-42.33 speed=0.000 pos=(-120.934,4.104,19.311) bounded=true
tick=4620 phase=following reason=obstacle_cleared wp=3 dist_wp=19.50 bearing_deg=-42.33 speed=0.000 pos=(-120.934,4.104,19.311) bounded=true
tick=4650 phase=following reason=obstacle_cleared wp=3 dist_wp=19.50 bearing_deg=-42.33 speed=0.000 pos=(-120.934,4.104,19.311) bounded=true
tick=4680 phase=following reason=obstacle_cleared wp=3 dist_wp=19.50 bearing_deg=-42.33 speed=0.000 pos=(-120.935,4.104,19.311) bounded=true
tick=4710 phase=following reason=obstacle_cleared wp=3 dist_wp=19.50 bearing_deg=-42.33 speed=0.000 pos=(-120.935,4.104,19.311) bounded=true
tick=4740 phase=following reason=obstacle_cleared wp=3 dist_wp=19.50 bearing_deg=-42.33 speed=0.000 pos=(-120.935,4.104,19.311) bounded=true
tick=4770 phase=following reason=obstacle_cleared wp=3 dist_wp=19.50 bearing_deg=-42.33 speed=0.000 pos=(-120.935,4.104,19.311) bounded=true
tick=4800 phase=following reason=obstacle_cleared wp=3 dist_wp=19.50 bearing_deg=-42.33 speed=0.000 pos=(-120.936,4.104,19.311) bounded=true
tick=4830 phase=following reason=obstacle_cleared wp=3 dist_wp=19.50 bearing_deg=-42.33 speed=0.000 pos=(-120.936,4.104,19.311) bounded=true
tick=4860 phase=following reason=obstacle_cleared wp=3 dist_wp=19.50 bearing_deg=-42.33 speed=0.000 pos=(-120.936,4.104,19.311) bounded=true
tick=4890 phase=following reason=obstacle_cleared wp=3 dist_wp=19.50 bearing_deg=-42.33 speed=0.000 pos=(-120.936,4.104,19.311) bounded=true
tick=4920 phase=following reason=obstacle_cleared wp=3 dist_wp=19.50 bearing_deg=-42.33 speed=0.000 pos=(-120.937,4.104,19.311) bounded=true
tick=4950 phase=following reason=obstacle_cleared wp=3 dist_wp=19.50 bearing_deg=-42.33 speed=0.000 pos=(-120.937,4.104,19.311) bounded=true
tick=4980 phase=following reason=obstacle_cleared wp=3 dist_wp=19.50 bearing_deg=-42.33 speed=0.000 pos=(-120.937,4.104,19.311) bounded=true
tick=5010 phase=following reason=obstacle_cleared wp=3 dist_wp=19.50 bearing_deg=-42.34 speed=0.000 pos=(-120.937,4.104,19.311) bounded=true
tick=5040 phase=following reason=obstacle_cleared wp=3 dist_wp=19.50 bearing_deg=-42.34 speed=0.000 pos=(-120.938,4.104,19.311) bounded=true
tick=5070 phase=following reason=obstacle_cleared wp=3 dist_wp=19.50 bearing_deg=-42.34 speed=0.000 pos=(-120.938,4.104,19.311) bounded=true
tick=5100 phase=following reason=obstacle_cleared wp=3 dist_wp=19.50 bearing_deg=-42.34 speed=0.000 pos=(-120.938,4.104,19.311) bounded=true
tick=5130 phase=following reason=obstacle_cleared wp=3 dist_wp=19.50 bearing_deg=-42.34 speed=0.000 pos=(-120.938,4.104,19.311) bounded=true
tick=5160 phase=following reason=obstacle_cleared wp=3 dist_wp=19.50 bearing_deg=-42.34 speed=0.000 pos=(-120.939,4.104,19.311) bounded=true
tick=5190 phase=following reason=obstacle_cleared wp=3 dist_wp=19.50 bearing_deg=-42.34 speed=0.000 pos=(-120.939,4.104,19.311) bounded=true
tick=5220 phase=following reason=obstacle_cleared wp=3 dist_wp=19.50 bearing_deg=-42.34 speed=0.000 pos=(-120.939,4.104,19.311) bounded=true
tick=5250 phase=following reason=obstacle_cleared wp=3 dist_wp=19.50 bearing_deg=-42.34 speed=0.000 pos=(-120.939,4.104,19.311) bounded=true
tick=5280 phase=following reason=obstacle_cleared wp=3 dist_wp=19.50 bearing_deg=-42.34 speed=0.000 pos=(-120.940,4.104,19.311) bounded=true
tick=5310 phase=following reason=obstacle_cleared wp=3 dist_wp=19.50 bearing_deg=-42.34 speed=0.000 pos=(-120.940,4.104,19.311) bounded=true
tick=5340 phase=following reason=obstacle_cleared wp=3 dist_wp=19.50 bearing_deg=-42.34 speed=0.000 pos=(-120.940,4.104,19.311) bounded=true
tick=5370 phase=following reason=obstacle_cleared wp=3 dist_wp=19.50 bearing_deg=-42.34 speed=0.000 pos=(-120.940,4.104,19.311) bounded=true
tick=5400 phase=following reason=obstacle_cleared wp=3 dist_wp=19.50 bearing_deg=-42.34 speed=0.000 pos=(-120.941,4.104,19.311) bounded=true
tick=5430 phase=following reason=obstacle_cleared wp=3 dist_wp=19.50 bearing_deg=-42.35 speed=0.000 pos=(-120.941,4.104,19.311) bounded=true
tick=5460 phase=following reason=obstacle_cleared wp=3 dist_wp=19.50 bearing_deg=-42.35 speed=0.000 pos=(-120.941,4.104,19.311) bounded=true
tick=5490 phase=following reason=obstacle_cleared wp=3 dist_wp=19.50 bearing_deg=-42.35 speed=0.000 pos=(-120.941,4.104,19.311) bounded=true
tick=5520 phase=following reason=obstacle_cleared wp=3 dist_wp=19.50 bearing_deg=-42.35 speed=0.000 pos=(-120.942,4.104,19.311) bounded=true
tick=5550 phase=following reason=obstacle_cleared wp=3 dist_wp=19.50 bearing_deg=-42.35 speed=0.000 pos=(-120.942,4.104,19.311) bounded=true
tick=5580 phase=following reason=obstacle_cleared wp=3 dist_wp=19.50 bearing_deg=-42.35 speed=0.000 pos=(-120.942,4.104,19.311) bounded=true
tick=5610 phase=following reason=obstacle_cleared wp=3 dist_wp=19.50 bearing_deg=-42.35 speed=0.000 pos=(-120.942,4.104,19.311) bounded=true
tick=5640 phase=following reason=obstacle_cleared wp=3 dist_wp=19.50 bearing_deg=-42.35 speed=0.000 pos=(-120.943,4.104,19.311) bounded=true
tick=5670 phase=following reason=obstacle_cleared wp=3 dist_wp=19.50 bearing_deg=-42.35 speed=0.000 pos=(-120.943,4.104,19.311) bounded=true
tick=5700 phase=following reason=obstacle_cleared wp=3 dist_wp=19.50 bearing_deg=-42.35 speed=0.000 pos=(-120.943,4.104,19.311) bounded=true
tick=5730 phase=following reason=obstacle_cleared wp=3 dist_wp=19.50 bearing_deg=-42.35 speed=0.000 pos=(-120.943,4.104,19.311) bounded=true
tick=5760 phase=following reason=obstacle_cleared wp=3 dist_wp=19.50 bearing_deg=-42.35 speed=0.000 pos=(-120.944,4.104,19.311) bounded=true
tick=5790 phase=following reason=obstacle_cleared wp=3 dist_wp=19.50 bearing_deg=-42.35 speed=0.000 pos=(-120.944,4.104,19.311) bounded=true
tick=5820 phase=following reason=obstacle_cleared wp=3 dist_wp=19.50 bearing_deg=-42.36 speed=0.000 pos=(-120.944,4.104,19.311) bounded=true
tick=5850 phase=following reason=obstacle_cleared wp=3 dist_wp=19.50 bearing_deg=-42.36 speed=0.000 pos=(-120.944,4.104,19.311) bounded=true
tick=5880 phase=following reason=obstacle_cleared wp=3 dist_wp=19.50 bearing_deg=-42.36 speed=0.000 pos=(-120.945,4.104,19.311) bounded=true
tick=5910 phase=following reason=obstacle_cleared wp=3 dist_wp=19.50 bearing_deg=-42.36 speed=0.000 pos=(-120.945,4.104,19.311) bounded=true
tick=5940 phase=following reason=obstacle_cleared wp=3 dist_wp=19.50 bearing_deg=-42.36 speed=0.000 pos=(-120.945,4.104,19.311) bounded=true
tick=5970 phase=following reason=obstacle_cleared wp=3 dist_wp=19.50 bearing_deg=-42.36 speed=0.000 pos=(-120.945,4.104,19.311) bounded=true
tick=6000 phase=following reason=obstacle_cleared wp=3 dist_wp=19.50 bearing_deg=-42.36 speed=0.000 pos=(-120.946,4.104,19.311) bounded=true
tick=6030 phase=following reason=obstacle_cleared wp=3 dist_wp=19.50 bearing_deg=-42.36 speed=0.000 pos=(-120.946,4.104,19.311) bounded=true
tick=6060 phase=following reason=obstacle_cleared wp=3 dist_wp=19.50 bearing_deg=-42.36 speed=0.000 pos=(-120.946,4.104,19.311) bounded=true
tick=6090 phase=following reason=obstacle_cleared wp=3 dist_wp=19.50 bearing_deg=-42.36 speed=0.000 pos=(-120.946,4.104,19.311) bounded=true
tick=6120 phase=following reason=obstacle_cleared wp=3 dist_wp=19.50 bearing_deg=-42.36 speed=0.000 pos=(-120.946,4.104,19.311) bounded=true
tick=6150 phase=following reason=obstacle_cleared wp=3 dist_wp=19.50 bearing_deg=-42.36 speed=0.000 pos=(-120.947,4.104,19.311) bounded=true
tick=6180 phase=following reason=obstacle_cleared wp=3 dist_wp=19.50 bearing_deg=-42.36 speed=0.000 pos=(-120.947,4.104,19.311) bounded=true
tick=6210 phase=following reason=obstacle_cleared wp=3 dist_wp=19.50 bearing_deg=-42.36 speed=0.000 pos=(-120.947,4.104,19.311) bounded=true
tick=6240 phase=following reason=obstacle_cleared wp=3 dist_wp=19.50 bearing_deg=-42.36 speed=0.000 pos=(-120.947,4.104,19.311) bounded=true
tick=6270 phase=following reason=obstacle_cleared wp=3 dist_wp=19.50 bearing_deg=-42.37 speed=0.000 pos=(-120.948,4.104,19.311) bounded=true
tick=6300 phase=following reason=obstacle_cleared wp=3 dist_wp=19.50 bearing_deg=-42.37 speed=0.000 pos=(-120.948,4.104,19.311) bounded=true
tick=6330 phase=following reason=obstacle_cleared wp=3 dist_wp=19.50 bearing_deg=-42.37 speed=0.000 pos=(-120.948,4.104,19.311) bounded=true
tick=6360 phase=following reason=obstacle_cleared wp=3 dist_wp=19.50 bearing_deg=-42.37 speed=0.000 pos=(-120.948,4.103,19.311) bounded=true
tick=6390 phase=following reason=obstacle_cleared wp=3 dist_wp=19.50 bearing_deg=-42.37 speed=0.000 pos=(-120.949,4.103,19.311) bounded=true
tick=6420 phase=following reason=obstacle_cleared wp=3 dist_wp=19.50 bearing_deg=-42.37 speed=0.000 pos=(-120.949,4.103,19.311) bounded=true
tick=6450 phase=following reason=obstacle_cleared wp=3 dist_wp=19.50 bearing_deg=-42.37 speed=0.000 pos=(-120.949,4.103,19.311) bounded=true
tick=6480 phase=following reason=obstacle_cleared wp=3 dist_wp=19.50 bearing_deg=-42.37 speed=0.000 pos=(-120.949,4.103,19.311) bounded=true
tick=6510 phase=following reason=obstacle_cleared wp=3 dist_wp=19.50 bearing_deg=-42.37 speed=0.000 pos=(-120.950,4.103,19.311) bounded=true
tick=6540 phase=following reason=obstacle_cleared wp=3 dist_wp=19.50 bearing_deg=-42.37 speed=0.000 pos=(-120.950,4.103,19.311) bounded=true
tick=6570 phase=following reason=obstacle_cleared wp=3 dist_wp=19.50 bearing_deg=-42.37 speed=0.000 pos=(-120.950,4.103,19.311) bounded=true
tick=6600 phase=following reason=obstacle_cleared wp=3 dist_wp=19.50 bearing_deg=-42.37 speed=0.000 pos=(-120.951,4.103,19.311) bounded=true
tick=6630 phase=following reason=obstacle_cleared wp=3 dist_wp=19.50 bearing_deg=-42.37 speed=0.000 pos=(-120.951,4.103,19.311) bounded=true
tick=6660 phase=following reason=obstacle_cleared wp=3 dist_wp=19.50 bearing_deg=-42.38 speed=0.000 pos=(-120.951,4.103,19.311) bounded=true
tick=6690 phase=following reason=obstacle_cleared wp=3 dist_wp=19.50 bearing_deg=-42.38 speed=0.000 pos=(-120.951,4.103,19.311) bounded=true
tick=6720 phase=following reason=obstacle_cleared wp=3 dist_wp=19.51 bearing_deg=-42.38 speed=0.000 pos=(-120.952,4.103,19.311) bounded=true
tick=6750 phase=following reason=obstacle_cleared wp=3 dist_wp=19.51 bearing_deg=-42.38 speed=0.000 pos=(-120.952,4.103,19.311) bounded=true
tick=6780 phase=following reason=obstacle_cleared wp=3 dist_wp=19.51 bearing_deg=-42.38 speed=0.000 pos=(-120.952,4.103,19.311) bounded=true
tick=6810 phase=following reason=obstacle_cleared wp=3 dist_wp=19.51 bearing_deg=-42.38 speed=0.000 pos=(-120.952,4.103,19.311) bounded=true
tick=6840 phase=following reason=obstacle_cleared wp=3 dist_wp=19.51 bearing_deg=-42.38 speed=0.000 pos=(-120.953,4.103,19.311) bounded=true
tick=6870 phase=following reason=obstacle_cleared wp=3 dist_wp=19.51 bearing_deg=-42.38 speed=0.000 pos=(-120.953,4.103,19.311) bounded=true
tick=6900 phase=following reason=obstacle_cleared wp=3 dist_wp=19.51 bearing_deg=-42.38 speed=0.000 pos=(-120.953,4.103,19.311) bounded=true
tick=6930 phase=following reason=obstacle_cleared wp=3 dist_wp=19.51 bearing_deg=-42.38 speed=0.000 pos=(-120.953,4.103,19.311) bounded=true
tick=6960 phase=following reason=obstacle_cleared wp=3 dist_wp=19.51 bearing_deg=-42.38 speed=0.000 pos=(-120.954,4.103,19.311) bounded=true
tick=6990 phase=following reason=obstacle_cleared wp=3 dist_wp=19.51 bearing_deg=-42.38 speed=0.000 pos=(-120.954,4.103,19.311) bounded=true
tick=7020 phase=following reason=obstacle_cleared wp=3 dist_wp=19.51 bearing_deg=-42.38 speed=0.000 pos=(-120.954,4.103,19.311) bounded=true
tick=7050 phase=following reason=obstacle_cleared wp=3 dist_wp=19.51 bearing_deg=-42.39 speed=0.000 pos=(-120.954,4.103,19.311) bounded=true
tick=7080 phase=following reason=obstacle_cleared wp=3 dist_wp=19.51 bearing_deg=-42.39 speed=0.000 pos=(-120.955,4.103,19.311) bounded=true
tick=7110 phase=following reason=obstacle_cleared wp=3 dist_wp=19.51 bearing_deg=-42.39 speed=0.000 pos=(-120.955,4.103,19.311) bounded=true
tick=7140 phase=following reason=obstacle_cleared wp=3 dist_wp=19.51 bearing_deg=-42.39 speed=0.000 pos=(-120.955,4.103,19.311) bounded=true
tick=7170 phase=following reason=obstacle_cleared wp=3 dist_wp=19.51 bearing_deg=-42.39 speed=0.000 pos=(-120.955,4.103,19.311) bounded=true
tick=7200 phase=following reason=obstacle_cleared wp=3 dist_wp=19.51 bearing_deg=-42.39 speed=0.000 pos=(-120.956,4.103,19.311) bounded=true
tick=7230 phase=following reason=obstacle_cleared wp=3 dist_wp=19.51 bearing_deg=-42.39 speed=0.000 pos=(-120.956,4.103,19.311) bounded=true
tick=7260 phase=following reason=obstacle_cleared wp=3 dist_wp=19.51 bearing_deg=-42.39 speed=0.000 pos=(-120.956,4.103,19.311) bounded=true
tick=7290 phase=following reason=obstacle_cleared wp=3 dist_wp=19.51 bearing_deg=-42.39 speed=0.000 pos=(-120.956,4.103,19.311) bounded=true
tick=7320 phase=following reason=obstacle_cleared wp=3 dist_wp=19.51 bearing_deg=-42.39 speed=0.000 pos=(-120.957,4.103,19.311) bounded=true
tick=7350 phase=following reason=obstacle_cleared wp=3 dist_wp=19.51 bearing_deg=-42.39 speed=0.000 pos=(-120.957,4.103,19.311) bounded=true
tick=7380 phase=following reason=obstacle_cleared wp=3 dist_wp=19.51 bearing_deg=-42.39 speed=0.000 pos=(-120.957,4.103,19.311) bounded=true
tick=7410 phase=following reason=obstacle_cleared wp=3 dist_wp=19.51 bearing_deg=-42.39 speed=0.000 pos=(-120.957,4.103,19.311) bounded=true
tick=7440 phase=following reason=obstacle_cleared wp=3 dist_wp=19.51 bearing_deg=-42.39 speed=0.000 pos=(-120.958,4.103,19.311) bounded=true
tick=7470 phase=following reason=obstacle_cleared wp=3 dist_wp=19.51 bearing_deg=-42.40 speed=0.000 pos=(-120.958,4.103,19.311) bounded=true
tick=7500 phase=following reason=obstacle_cleared wp=3 dist_wp=19.51 bearing_deg=-42.40 speed=0.000 pos=(-120.958,4.103,19.311) bounded=true
tick=7530 phase=following reason=obstacle_cleared wp=3 dist_wp=19.51 bearing_deg=-42.40 speed=0.000 pos=(-120.958,4.103,19.311) bounded=true
tick=7560 phase=following reason=obstacle_cleared wp=3 dist_wp=19.51 bearing_deg=-42.40 speed=0.000 pos=(-120.959,4.103,19.311) bounded=true
tick=7590 phase=following reason=obstacle_cleared wp=3 dist_wp=19.51 bearing_deg=-42.40 speed=0.000 pos=(-120.959,4.103,19.311) bounded=true
tick=7620 phase=following reason=obstacle_cleared wp=3 dist_wp=19.51 bearing_deg=-42.40 speed=0.000 pos=(-120.959,4.103,19.311) bounded=true
tick=7650 phase=following reason=obstacle_cleared wp=3 dist_wp=19.51 bearing_deg=-42.40 speed=0.000 pos=(-120.959,4.103,19.311) bounded=true
tick=7680 phase=following reason=obstacle_cleared wp=3 dist_wp=19.51 bearing_deg=-42.40 speed=0.000 pos=(-120.960,4.103,19.311) bounded=true
tick=7710 phase=following reason=obstacle_cleared wp=3 dist_wp=19.51 bearing_deg=-42.40 speed=0.000 pos=(-120.960,4.103,19.311) bounded=true
tick=7740 phase=following reason=obstacle_cleared wp=3 dist_wp=19.51 bearing_deg=-42.40 speed=0.000 pos=(-120.960,4.103,19.311) bounded=true
tick=7770 phase=following reason=obstacle_cleared wp=3 dist_wp=19.51 bearing_deg=-42.40 speed=0.000 pos=(-120.960,4.103,19.311) bounded=true
tick=7800 phase=following reason=obstacle_cleared wp=3 dist_wp=19.51 bearing_deg=-42.40 speed=0.000 pos=(-120.961,4.103,19.311) bounded=true
tick=7830 phase=following reason=obstacle_cleared wp=3 dist_wp=19.51 bearing_deg=-42.40 speed=0.000 pos=(-120.961,4.103,19.311) bounded=true
tick=7860 phase=following reason=obstacle_cleared wp=3 dist_wp=19.51 bearing_deg=-42.40 speed=0.000 pos=(-120.961,4.103,19.311) bounded=true
tick=7890 phase=following reason=obstacle_cleared wp=3 dist_wp=19.51 bearing_deg=-42.41 speed=0.000 pos=(-120.961,4.103,19.311) bounded=true
tick=7920 phase=following reason=obstacle_cleared wp=3 dist_wp=19.51 bearing_deg=-42.41 speed=0.000 pos=(-120.962,4.103,19.311) bounded=true
tick=7950 phase=following reason=obstacle_cleared wp=3 dist_wp=19.51 bearing_deg=-42.41 speed=0.000 pos=(-120.962,4.103,19.311) bounded=true
tick=7980 phase=following reason=obstacle_cleared wp=3 dist_wp=19.51 bearing_deg=-42.41 speed=0.000 pos=(-120.962,4.103,19.311) bounded=true
tick=8010 phase=following reason=obstacle_cleared wp=3 dist_wp=19.51 bearing_deg=-42.41 speed=0.000 pos=(-120.962,4.103,19.311) bounded=true
tick=8040 phase=following reason=obstacle_cleared wp=3 dist_wp=19.51 bearing_deg=-42.41 speed=0.000 pos=(-120.963,4.103,19.311) bounded=true
tick=8070 phase=following reason=obstacle_cleared wp=3 dist_wp=19.51 bearing_deg=-42.41 speed=0.000 pos=(-120.963,4.103,19.311) bounded=true
tick=8100 phase=following reason=obstacle_cleared wp=3 dist_wp=19.51 bearing_deg=-42.41 speed=0.000 pos=(-120.963,4.103,19.311) bounded=true
tick=8130 phase=following reason=obstacle_cleared wp=3 dist_wp=19.51 bearing_deg=-42.41 speed=0.000 pos=(-120.963,4.103,19.311) bounded=true
tick=8160 phase=following reason=obstacle_cleared wp=3 dist_wp=19.51 bearing_deg=-42.41 speed=0.000 pos=(-120.964,4.102,19.311) bounded=true
tick=8190 phase=following reason=obstacle_cleared wp=3 dist_wp=19.51 bearing_deg=-42.41 speed=0.000 pos=(-120.964,4.102,19.311) bounded=true
tick=8220 phase=following reason=obstacle_cleared wp=3 dist_wp=19.51 bearing_deg=-42.41 speed=0.000 pos=(-120.964,4.102,19.311) bounded=true
tick=8250 phase=following reason=obstacle_cleared wp=3 dist_wp=19.51 bearing_deg=-42.41 speed=0.000 pos=(-120.964,4.102,19.311) bounded=true
tick=8280 phase=following reason=obstacle_cleared wp=3 dist_wp=19.51 bearing_deg=-42.41 speed=0.000 pos=(-120.965,4.102,19.311) bounded=true
tick=8310 phase=following reason=obstacle_cleared wp=3 dist_wp=19.51 bearing_deg=-42.42 speed=0.000 pos=(-120.965,4.102,19.311) bounded=true
tick=8340 phase=following reason=obstacle_cleared wp=3 dist_wp=19.51 bearing_deg=-42.42 speed=0.000 pos=(-120.965,4.102,19.311) bounded=true
tick=8370 phase=following reason=obstacle_cleared wp=3 dist_wp=19.51 bearing_deg=-42.42 speed=0.000 pos=(-120.965,4.102,19.311) bounded=true
tick=8400 phase=following reason=obstacle_cleared wp=3 dist_wp=19.51 bearing_deg=-42.42 speed=0.000 pos=(-120.966,4.102,19.311) bounded=true
tick=8430 phase=following reason=obstacle_cleared wp=3 dist_wp=19.51 bearing_deg=-42.42 speed=0.000 pos=(-120.966,4.102,19.311) bounded=true
tick=8460 phase=following reason=obstacle_cleared wp=3 dist_wp=19.51 bearing_deg=-42.42 speed=0.000 pos=(-120.966,4.102,19.311) bounded=true
tick=8490 phase=following reason=obstacle_cleared wp=3 dist_wp=19.51 bearing_deg=-42.42 speed=0.000 pos=(-120.966,4.102,19.311) bounded=true
tick=8520 phase=following reason=obstacle_cleared wp=3 dist_wp=19.51 bearing_deg=-42.42 speed=0.000 pos=(-120.967,4.102,19.311) bounded=true
tick=8550 phase=following reason=obstacle_cleared wp=3 dist_wp=19.51 bearing_deg=-42.42 speed=0.000 pos=(-120.967,4.102,19.311) bounded=true
tick=8580 phase=following reason=obstacle_cleared wp=3 dist_wp=19.51 bearing_deg=-42.42 speed=0.000 pos=(-120.967,4.102,19.311) bounded=true
tick=8610 phase=following reason=obstacle_cleared wp=3 dist_wp=19.51 bearing_deg=-42.42 speed=0.000 pos=(-120.967,4.102,19.311) bounded=true
tick=8640 phase=following reason=obstacle_cleared wp=3 dist_wp=19.51 bearing_deg=-42.42 speed=0.000 pos=(-120.968,4.102,19.311) bounded=true
tick=8670 phase=following reason=obstacle_cleared wp=3 dist_wp=19.51 bearing_deg=-42.42 speed=0.000 pos=(-120.968,4.102,19.311) bounded=true
tick=8700 phase=following reason=obstacle_cleared wp=3 dist_wp=19.51 bearing_deg=-42.43 speed=0.000 pos=(-120.968,4.102,19.311) bounded=true
tick=8730 phase=following reason=obstacle_cleared wp=3 dist_wp=19.51 bearing_deg=-42.43 speed=0.000 pos=(-120.968,4.102,19.311) bounded=true
tick=8760 phase=following reason=obstacle_cleared wp=3 dist_wp=19.51 bearing_deg=-42.43 speed=0.000 pos=(-120.969,4.102,19.311) bounded=true
tick=8790 phase=following reason=obstacle_cleared wp=3 dist_wp=19.51 bearing_deg=-42.43 speed=0.000 pos=(-120.969,4.102,19.311) bounded=true
tick=8820 phase=following reason=obstacle_cleared wp=3 dist_wp=19.51 bearing_deg=-42.43 speed=0.000 pos=(-120.969,4.102,19.311) bounded=true
tick=8850 phase=following reason=obstacle_cleared wp=3 dist_wp=19.51 bearing_deg=-42.43 speed=0.000 pos=(-120.969,4.102,19.311) bounded=true
tick=8880 phase=following reason=obstacle_cleared wp=3 dist_wp=19.51 bearing_deg=-42.43 speed=0.000 pos=(-120.970,4.102,19.311) bounded=true
tick=8910 phase=following reason=obstacle_cleared wp=3 dist_wp=19.51 bearing_deg=-42.43 speed=0.000 pos=(-120.970,4.102,19.311) bounded=true
tick=8940 phase=following reason=obstacle_cleared wp=3 dist_wp=19.51 bearing_deg=-42.43 speed=0.000 pos=(-120.970,4.102,19.311) bounded=true
tick=8970 phase=following reason=obstacle_cleared wp=3 dist_wp=19.51 bearing_deg=-42.43 speed=0.000 pos=(-120.970,4.102,19.311) bounded=true
tick=9000 phase=following reason=obstacle_cleared wp=3 dist_wp=19.51 bearing_deg=-42.43 speed=0.000 pos=(-120.970,4.102,19.311) bounded=true
tick=9030 phase=following reason=obstacle_cleared wp=3 dist_wp=19.51 bearing_deg=-42.43 speed=0.000 pos=(-120.971,4.102,19.311) bounded=true
tick=9060 phase=following reason=obstacle_cleared wp=3 dist_wp=19.51 bearing_deg=-42.43 speed=0.000 pos=(-120.971,4.102,19.311) bounded=true
tick=9090 phase=following reason=obstacle_cleared wp=3 dist_wp=19.51 bearing_deg=-42.43 speed=0.000 pos=(-120.971,4.102,19.311) bounded=true
tick=9120 phase=following reason=obstacle_cleared wp=3 dist_wp=19.51 bearing_deg=-42.44 speed=0.000 pos=(-120.972,4.102,19.311) bounded=true
tick=9150 phase=following reason=obstacle_cleared wp=3 dist_wp=19.51 bearing_deg=-42.44 speed=0.000 pos=(-120.972,4.102,19.311) bounded=true
tick=9180 phase=following reason=obstacle_cleared wp=3 dist_wp=19.51 bearing_deg=-42.44 speed=0.000 pos=(-120.972,4.102,19.311) bounded=true
tick=9210 phase=following reason=obstacle_cleared wp=3 dist_wp=19.51 bearing_deg=-42.44 speed=0.000 pos=(-120.972,4.102,19.311) bounded=true
tick=9240 phase=following reason=obstacle_cleared wp=3 dist_wp=19.51 bearing_deg=-42.44 speed=0.000 pos=(-120.973,4.102,19.311) bounded=true
tick=9270 phase=following reason=obstacle_cleared wp=3 dist_wp=19.51 bearing_deg=-42.44 speed=0.000 pos=(-120.973,4.102,19.311) bounded=true
tick=9300 phase=following reason=obstacle_cleared wp=3 dist_wp=19.51 bearing_deg=-42.44 speed=0.000 pos=(-120.973,4.102,19.311) bounded=true
tick=9330 phase=following reason=obstacle_cleared wp=3 dist_wp=19.51 bearing_deg=-42.44 speed=0.000 pos=(-120.973,4.102,19.311) bounded=true
tick=9360 phase=following reason=obstacle_cleared wp=3 dist_wp=19.51 bearing_deg=-42.44 speed=0.000 pos=(-120.974,4.102,19.311) bounded=true
tick=9390 phase=following reason=obstacle_cleared wp=3 dist_wp=19.51 bearing_deg=-42.44 speed=0.000 pos=(-120.974,4.102,19.311) bounded=true
tick=9420 phase=following reason=obstacle_cleared wp=3 dist_wp=19.51 bearing_deg=-42.44 speed=0.000 pos=(-120.974,4.102,19.311) bounded=true
tick=9450 phase=following reason=obstacle_cleared wp=3 dist_wp=19.51 bearing_deg=-42.44 speed=0.000 pos=(-120.974,4.102,19.311) bounded=true
tick=9480 phase=following reason=obstacle_cleared wp=3 dist_wp=19.51 bearing_deg=-42.44 speed=0.000 pos=(-120.974,4.102,19.311) bounded=true
tick=9510 phase=following reason=obstacle_cleared wp=3 dist_wp=19.51 bearing_deg=-42.44 speed=0.000 pos=(-120.975,4.102,19.311) bounded=true
tick=9540 phase=following reason=obstacle_cleared wp=3 dist_wp=19.51 bearing_deg=-42.45 speed=0.000 pos=(-120.975,4.102,19.311) bounded=true
tick=9570 phase=following reason=obstacle_cleared wp=3 dist_wp=19.51 bearing_deg=-42.45 speed=0.000 pos=(-120.975,4.102,19.311) bounded=true
tick=9600 phase=following reason=obstacle_cleared wp=3 dist_wp=19.51 bearing_deg=-42.45 speed=0.000 pos=(-120.975,4.102,19.311) bounded=true
tick=9630 phase=following reason=obstacle_cleared wp=3 dist_wp=19.51 bearing_deg=-42.45 speed=0.000 pos=(-120.976,4.102,19.311) bounded=true
tick=9660 phase=following reason=obstacle_cleared wp=3 dist_wp=19.51 bearing_deg=-42.45 speed=0.000 pos=(-120.976,4.102,19.311) bounded=true
tick=9690 phase=following reason=obstacle_cleared wp=3 dist_wp=19.51 bearing_deg=-42.45 speed=0.000 pos=(-120.976,4.102,19.311) bounded=true
tick=9720 phase=following reason=obstacle_cleared wp=3 dist_wp=19.51 bearing_deg=-42.45 speed=0.000 pos=(-120.976,4.102,19.311) bounded=true
tick=9750 phase=following reason=obstacle_cleared wp=3 dist_wp=19.51 bearing_deg=-42.45 speed=0.000 pos=(-120.977,4.102,19.311) bounded=true
tick=9780 phase=following reason=obstacle_cleared wp=3 dist_wp=19.51 bearing_deg=-42.45 speed=0.000 pos=(-120.977,4.102,19.311) bounded=true
tick=9810 phase=following reason=obstacle_cleared wp=3 dist_wp=19.51 bearing_deg=-42.45 speed=0.000 pos=(-120.977,4.102,19.311) bounded=true
tick=9840 phase=following reason=obstacle_cleared wp=3 dist_wp=19.51 bearing_deg=-42.45 speed=0.000 pos=(-120.977,4.102,19.311) bounded=true
tick=9870 phase=following reason=obstacle_cleared wp=3 dist_wp=19.51 bearing_deg=-42.45 speed=0.000 pos=(-120.978,4.102,19.311) bounded=true
tick=9900 phase=following reason=obstacle_cleared wp=3 dist_wp=19.51 bearing_deg=-42.45 speed=0.000 pos=(-120.978,4.102,19.311) bounded=true
tick=9930 phase=following reason=obstacle_cleared wp=3 dist_wp=19.51 bearing_deg=-42.45 speed=0.000 pos=(-120.978,4.102,19.311) bounded=true
tick=9960 phase=following reason=obstacle_cleared wp=3 dist_wp=19.51 bearing_deg=-42.46 speed=0.000 pos=(-120.978,4.102,19.311) bounded=true
tick=9990 phase=following reason=obstacle_cleared wp=3 dist_wp=19.51 bearing_deg=-42.46 speed=0.000 pos=(-120.979,4.101,19.311) bounded=true
tick=10020 phase=following reason=obstacle_cleared wp=3 dist_wp=19.51 bearing_deg=-42.46 speed=0.000 pos=(-120.979,4.101,19.311) bounded=true
tick=10050 phase=following reason=obstacle_cleared wp=3 dist_wp=19.51 bearing_deg=-42.46 speed=0.000 pos=(-120.979,4.101,19.311) bounded=true
tick=10080 phase=following reason=obstacle_cleared wp=3 dist_wp=19.51 bearing_deg=-42.46 speed=0.000 pos=(-120.979,4.101,19.311) bounded=true
tick=10110 phase=following reason=obstacle_cleared wp=3 dist_wp=19.51 bearing_deg=-42.46 speed=0.000 pos=(-120.980,4.101,19.311) bounded=true
tick=10140 phase=following reason=obstacle_cleared wp=3 dist_wp=19.51 bearing_deg=-42.46 speed=0.000 pos=(-120.980,4.101,19.311) bounded=true
tick=10170 phase=following reason=obstacle_cleared wp=3 dist_wp=19.51 bearing_deg=-42.46 speed=0.000 pos=(-120.980,4.101,19.311) bounded=true
tick=10200 phase=following reason=obstacle_cleared wp=3 dist_wp=19.51 bearing_deg=-42.46 speed=0.000 pos=(-120.980,4.101,19.311) bounded=true
tick=10230 phase=following reason=obstacle_cleared wp=3 dist_wp=19.51 bearing_deg=-42.46 speed=0.000 pos=(-120.981,4.101,19.311) bounded=true
tick=10260 phase=following reason=obstacle_cleared wp=3 dist_wp=19.51 bearing_deg=-42.46 speed=0.000 pos=(-120.981,4.101,19.311) bounded=true
tick=10290 phase=following reason=obstacle_cleared wp=3 dist_wp=19.51 bearing_deg=-42.46 speed=0.000 pos=(-120.981,4.101,19.311) bounded=true
tick=10320 phase=following reason=obstacle_cleared wp=3 dist_wp=19.51 bearing_deg=-42.46 speed=0.000 pos=(-120.981,4.101,19.311) bounded=true
tick=10350 phase=following reason=obstacle_cleared wp=3 dist_wp=19.51 bearing_deg=-42.47 speed=0.000 pos=(-120.982,4.101,19.311) bounded=true
tick=10380 phase=following reason=obstacle_cleared wp=3 dist_wp=19.51 bearing_deg=-42.47 speed=0.000 pos=(-120.982,4.101,19.311) bounded=true
tick=10410 phase=following reason=obstacle_cleared wp=3 dist_wp=19.51 bearing_deg=-42.47 speed=0.000 pos=(-120.982,4.101,19.311) bounded=true
tick=10440 phase=following reason=obstacle_cleared wp=3 dist_wp=19.51 bearing_deg=-42.47 speed=0.000 pos=(-120.982,4.101,19.311) bounded=true
tick=10470 phase=following reason=obstacle_cleared wp=3 dist_wp=19.51 bearing_deg=-42.47 speed=0.000 pos=(-120.983,4.101,19.311) bounded=true
tick=10500 phase=following reason=obstacle_cleared wp=3 dist_wp=19.51 bearing_deg=-42.47 speed=0.000 pos=(-120.983,4.101,19.311) bounded=true
tick=10530 phase=following reason=obstacle_cleared wp=3 dist_wp=19.51 bearing_deg=-42.47 speed=0.000 pos=(-120.983,4.101,19.311) bounded=true
tick=10560 phase=following reason=obstacle_cleared wp=3 dist_wp=19.51 bearing_deg=-42.47 speed=0.000 pos=(-120.983,4.101,19.311) bounded=true
tick=10590 phase=following reason=obstacle_cleared wp=3 dist_wp=19.51 bearing_deg=-42.47 speed=0.000 pos=(-120.984,4.101,19.311) bounded=true
tick=10620 phase=following reason=obstacle_cleared wp=3 dist_wp=19.51 bearing_deg=-42.47 speed=0.000 pos=(-120.984,4.101,19.311) bounded=true
tick=10650 phase=following reason=obstacle_cleared wp=3 dist_wp=19.51 bearing_deg=-42.47 speed=0.000 pos=(-120.984,4.101,19.311) bounded=true
tick=10680 phase=following reason=obstacle_cleared wp=3 dist_wp=19.51 bearing_deg=-42.47 speed=0.000 pos=(-120.984,4.101,19.311) bounded=true
tick=10710 phase=following reason=obstacle_cleared wp=3 dist_wp=19.51 bearing_deg=-42.47 speed=0.000 pos=(-120.985,4.101,19.311) bounded=true
tick=10740 phase=following reason=obstacle_cleared wp=3 dist_wp=19.51 bearing_deg=-42.47 speed=0.000 pos=(-120.985,4.101,19.311) bounded=true
tick=10770 phase=following reason=obstacle_cleared wp=3 dist_wp=19.51 bearing_deg=-42.48 speed=0.000 pos=(-120.985,4.101,19.311) bounded=true
tick=10800 phase=following reason=obstacle_cleared wp=3 dist_wp=19.51 bearing_deg=-42.48 speed=0.000 pos=(-120.985,4.101,19.311) bounded=true
tick=10830 phase=following reason=obstacle_cleared wp=3 dist_wp=19.51 bearing_deg=-42.48 speed=0.000 pos=(-120.986,4.101,19.311) bounded=true
tick=10860 phase=following reason=obstacle_cleared wp=3 dist_wp=19.51 bearing_deg=-42.48 speed=0.000 pos=(-120.986,4.101,19.311) bounded=true
tick=10890 phase=following reason=obstacle_cleared wp=3 dist_wp=19.51 bearing_deg=-42.48 speed=0.000 pos=(-120.986,4.101,19.311) bounded=true
tick=10920 phase=following reason=obstacle_cleared wp=3 dist_wp=19.51 bearing_deg=-42.48 speed=0.000 pos=(-120.986,4.101,19.311) bounded=true
tick=10950 phase=following reason=obstacle_cleared wp=3 dist_wp=19.51 bearing_deg=-42.48 speed=0.000 pos=(-120.987,4.101,19.311) bounded=true
tick=10980 phase=following reason=obstacle_cleared wp=3 dist_wp=19.51 bearing_deg=-42.48 speed=0.000 pos=(-120.987,4.101,19.311) bounded=true
tick=11010 phase=following reason=obstacle_cleared wp=3 dist_wp=19.51 bearing_deg=-42.48 speed=0.000 pos=(-120.987,4.101,19.311) bounded=true
tick=11040 phase=following reason=obstacle_cleared wp=3 dist_wp=19.51 bearing_deg=-42.48 speed=0.000 pos=(-120.987,4.101,19.311) bounded=true
tick=11070 phase=following reason=obstacle_cleared wp=3 dist_wp=19.51 bearing_deg=-42.48 speed=0.000 pos=(-120.988,4.101,19.311) bounded=true
tick=11100 phase=following reason=obstacle_cleared wp=3 dist_wp=19.51 bearing_deg=-42.48 speed=0.000 pos=(-120.988,4.101,19.311) bounded=true
tick=11130 phase=following reason=obstacle_cleared wp=3 dist_wp=19.51 bearing_deg=-42.48 speed=0.000 pos=(-120.988,4.101,19.311) bounded=true
tick=11160 phase=following reason=obstacle_cleared wp=3 dist_wp=19.51 bearing_deg=-42.48 speed=0.000 pos=(-120.988,4.101,19.311) bounded=true
tick=11190 phase=following reason=obstacle_cleared wp=3 dist_wp=19.51 bearing_deg=-42.49 speed=0.000 pos=(-120.989,4.101,19.311) bounded=true
tick=11220 phase=following reason=obstacle_cleared wp=3 dist_wp=19.51 bearing_deg=-42.49 speed=0.000 pos=(-120.989,4.101,19.311) bounded=true
tick=11250 phase=following reason=obstacle_cleared wp=3 dist_wp=19.51 bearing_deg=-42.49 speed=0.000 pos=(-120.989,4.101,19.311) bounded=true
tick=11280 phase=following reason=obstacle_cleared wp=3 dist_wp=19.51 bearing_deg=-42.49 speed=0.000 pos=(-120.989,4.101,19.311) bounded=true
tick=11310 phase=following reason=obstacle_cleared wp=3 dist_wp=19.51 bearing_deg=-42.49 speed=0.000 pos=(-120.990,4.101,19.311) bounded=true
tick=11340 phase=following reason=obstacle_cleared wp=3 dist_wp=19.51 bearing_deg=-42.49 speed=0.000 pos=(-120.990,4.101,19.311) bounded=true
tick=11370 phase=following reason=obstacle_cleared wp=3 dist_wp=19.51 bearing_deg=-42.49 speed=0.000 pos=(-120.990,4.101,19.311) bounded=true
tick=11400 phase=following reason=obstacle_cleared wp=3 dist_wp=19.51 bearing_deg=-42.49 speed=0.000 pos=(-120.990,4.101,19.311) bounded=true
tick=11430 phase=following reason=obstacle_cleared wp=3 dist_wp=19.51 bearing_deg=-42.49 speed=0.000 pos=(-120.991,4.101,19.311) bounded=true
tick=11460 phase=following reason=obstacle_cleared wp=3 dist_wp=19.51 bearing_deg=-42.49 speed=0.000 pos=(-120.991,4.101,19.311) bounded=true
tick=11490 phase=following reason=obstacle_cleared wp=3 dist_wp=19.51 bearing_deg=-42.49 speed=0.000 pos=(-120.991,4.101,19.311) bounded=true
tick=11520 phase=following reason=obstacle_cleared wp=3 dist_wp=19.51 bearing_deg=-42.49 speed=0.000 pos=(-120.991,4.101,19.311) bounded=true
tick=11550 phase=following reason=obstacle_cleared wp=3 dist_wp=19.51 bearing_deg=-42.49 speed=0.000 pos=(-120.992,4.101,19.311) bounded=true
tick=11580 phase=following reason=obstacle_cleared wp=3 dist_wp=19.51 bearing_deg=-42.49 speed=0.000 pos=(-120.992,4.101,19.311) bounded=true
tick=11610 phase=following reason=obstacle_cleared wp=3 dist_wp=19.51 bearing_deg=-42.50 speed=0.000 pos=(-120.992,4.101,19.311) bounded=true
tick=11640 phase=following reason=obstacle_cleared wp=3 dist_wp=19.51 bearing_deg=-42.50 speed=0.000 pos=(-120.992,4.101,19.311) bounded=true
tick=11670 phase=following reason=obstacle_cleared wp=3 dist_wp=19.51 bearing_deg=-42.50 speed=0.000 pos=(-120.993,4.101,19.311) bounded=true
tick=11700 phase=following reason=obstacle_cleared wp=3 dist_wp=19.51 bearing_deg=-42.50 speed=0.000 pos=(-120.993,4.101,19.311) bounded=true
tick=11730 phase=following reason=obstacle_cleared wp=3 dist_wp=19.51 bearing_deg=-42.50 speed=0.000 pos=(-120.993,4.101,19.311) bounded=true
tick=11760 phase=following reason=obstacle_cleared wp=3 dist_wp=19.51 bearing_deg=-42.50 speed=0.000 pos=(-120.993,4.101,19.311) bounded=true
tick=11790 phase=following reason=obstacle_cleared wp=3 dist_wp=19.51 bearing_deg=-42.50 speed=0.000 pos=(-120.994,4.100,19.311) bounded=true
tick=11820 phase=following reason=obstacle_cleared wp=3 dist_wp=19.51 bearing_deg=-42.50 speed=0.000 pos=(-120.994,4.100,19.311) bounded=true
tick=11850 phase=following reason=obstacle_cleared wp=3 dist_wp=19.51 bearing_deg=-42.50 speed=0.000 pos=(-120.994,4.100,19.311) bounded=true
tick=11880 phase=following reason=obstacle_cleared wp=3 dist_wp=19.51 bearing_deg=-42.50 speed=0.000 pos=(-120.994,4.100,19.311) bounded=true
tick=11910 phase=following reason=obstacle_cleared wp=3 dist_wp=19.51 bearing_deg=-42.50 speed=0.000 pos=(-120.995,4.100,19.311) bounded=true
tick=11940 phase=following reason=obstacle_cleared wp=3 dist_wp=19.51 bearing_deg=-42.50 speed=0.000 pos=(-120.995,4.100,19.311) bounded=true
tick=11970 phase=following reason=obstacle_cleared wp=3 dist_wp=19.51 bearing_deg=-42.50 speed=0.000 pos=(-120.995,4.100,19.311) bounded=true
tick=12000 phase=following reason=obstacle_cleared wp=3 dist_wp=19.51 bearing_deg=-42.50 speed=0.000 pos=(-120.995,4.100,19.311) bounded=true
tick=12030 phase=following reason=obstacle_cleared wp=3 dist_wp=19.51 bearing_deg=-42.51 speed=0.000 pos=(-120.996,4.100,19.311) bounded=true
tick=12060 phase=following reason=obstacle_cleared wp=3 dist_wp=19.51 bearing_deg=-42.51 speed=0.000 pos=(-120.996,4.100,19.311) bounded=true
tick=12090 phase=following reason=obstacle_cleared wp=3 dist_wp=19.51 bearing_deg=-42.51 speed=0.000 pos=(-120.996,4.100,19.311) bounded=true
tick=12120 phase=following reason=obstacle_cleared wp=3 dist_wp=19.51 bearing_deg=-42.51 speed=0.000 pos=(-120.996,4.100,19.311) bounded=true
tick=12150 phase=following reason=obstacle_cleared wp=3 dist_wp=19.51 bearing_deg=-42.51 speed=0.000 pos=(-120.997,4.100,19.311) bounded=true
tick=12180 phase=following reason=obstacle_cleared wp=3 dist_wp=19.51 bearing_deg=-42.51 speed=0.000 pos=(-120.997,4.100,19.311) bounded=true
tick=12210 phase=following reason=obstacle_cleared wp=3 dist_wp=19.51 bearing_deg=-42.51 speed=0.000 pos=(-120.997,4.100,19.311) bounded=true
tick=12240 phase=following reason=obstacle_cleared wp=3 dist_wp=19.51 bearing_deg=-42.51 speed=0.000 pos=(-120.997,4.100,19.311) bounded=true
tick=12270 phase=following reason=obstacle_cleared wp=3 dist_wp=19.51 bearing_deg=-42.51 speed=0.000 pos=(-120.998,4.100,19.311) bounded=true
tick=12300 phase=following reason=obstacle_cleared wp=3 dist_wp=19.51 bearing_deg=-42.51 speed=0.000 pos=(-120.998,4.100,19.311) bounded=true
tick=12330 phase=following reason=obstacle_cleared wp=3 dist_wp=19.51 bearing_deg=-42.51 speed=0.000 pos=(-120.998,4.100,19.311) bounded=true
tick=12360 phase=following reason=obstacle_cleared wp=3 dist_wp=19.51 bearing_deg=-42.51 speed=0.000 pos=(-120.998,4.100,19.311) bounded=true
tick=12390 phase=following reason=obstacle_cleared wp=3 dist_wp=19.51 bearing_deg=-42.51 speed=0.000 pos=(-120.999,4.100,19.311) bounded=true
tick=12420 phase=following reason=obstacle_cleared wp=3 dist_wp=19.51 bearing_deg=-42.52 speed=0.000 pos=(-120.999,4.100,19.311) bounded=true
tick=12450 phase=following reason=obstacle_cleared wp=3 dist_wp=19.51 bearing_deg=-42.52 speed=0.000 pos=(-120.999,4.100,19.311) bounded=true
tick=12480 phase=following reason=obstacle_cleared wp=3 dist_wp=19.51 bearing_deg=-42.52 speed=0.000 pos=(-120.999,4.100,19.311) bounded=true
tick=12510 phase=following reason=obstacle_cleared wp=3 dist_wp=19.51 bearing_deg=-42.52 speed=0.000 pos=(-121.000,4.100,19.311) bounded=true
tick=12540 phase=following reason=obstacle_cleared wp=3 dist_wp=19.51 bearing_deg=-42.52 speed=0.000 pos=(-121.000,4.100,19.311) bounded=true
tick=12570 phase=following reason=obstacle_cleared wp=3 dist_wp=19.51 bearing_deg=-42.52 speed=0.000 pos=(-121.000,4.100,19.311) bounded=true
tick=12600 phase=following reason=obstacle_cleared wp=3 dist_wp=19.51 bearing_deg=-42.52 speed=0.000 pos=(-121.000,4.100,19.311) bounded=true
tick=12630 phase=following reason=obstacle_cleared wp=3 dist_wp=19.51 bearing_deg=-42.52 speed=0.000 pos=(-121.000,4.100,19.311) bounded=true
tick=12660 phase=following reason=obstacle_cleared wp=3 dist_wp=19.51 bearing_deg=-42.52 speed=0.000 pos=(-121.001,4.100,19.311) bounded=true
tick=12690 phase=following reason=obstacle_cleared wp=3 dist_wp=19.51 bearing_deg=-42.52 speed=0.000 pos=(-121.001,4.100,19.311) bounded=true
tick=12720 phase=following reason=obstacle_cleared wp=3 dist_wp=19.51 bearing_deg=-42.52 speed=0.000 pos=(-121.001,4.100,19.311) bounded=true
tick=12750 phase=following reason=obstacle_cleared wp=3 dist_wp=19.51 bearing_deg=-42.52 speed=0.000 pos=(-121.001,4.100,19.311) bounded=true
tick=12780 phase=following reason=obstacle_cleared wp=3 dist_wp=19.51 bearing_deg=-42.52 speed=0.000 pos=(-121.002,4.100,19.311) bounded=true
tick=12810 phase=following reason=obstacle_cleared wp=3 dist_wp=19.51 bearing_deg=-42.52 speed=0.000 pos=(-121.002,4.100,19.311) bounded=true
tick=12840 phase=following reason=obstacle_cleared wp=3 dist_wp=19.51 bearing_deg=-42.53 speed=0.000 pos=(-121.002,4.100,19.311) bounded=true
tick=12870 phase=following reason=obstacle_cleared wp=3 dist_wp=19.51 bearing_deg=-42.53 speed=0.000 pos=(-121.003,4.100,19.311) bounded=true
tick=12900 phase=following reason=obstacle_cleared wp=3 dist_wp=19.51 bearing_deg=-42.53 speed=0.000 pos=(-121.003,4.100,19.311) bounded=true
tick=12930 phase=following reason=obstacle_cleared wp=3 dist_wp=19.51 bearing_deg=-42.53 speed=0.000 pos=(-121.003,4.100,19.311) bounded=true
tick=12960 phase=following reason=obstacle_cleared wp=3 dist_wp=19.51 bearing_deg=-42.53 speed=0.000 pos=(-121.003,4.100,19.311) bounded=true
tick=12990 phase=following reason=obstacle_cleared wp=3 dist_wp=19.51 bearing_deg=-42.53 speed=0.000 pos=(-121.003,4.100,19.311) bounded=true
tick=13020 phase=following reason=obstacle_cleared wp=3 dist_wp=19.51 bearing_deg=-42.53 speed=0.000 pos=(-121.004,4.100,19.311) bounded=true
tick=13050 phase=following reason=obstacle_cleared wp=3 dist_wp=19.51 bearing_deg=-42.53 speed=0.000 pos=(-121.004,4.100,19.311) bounded=true
tick=13080 phase=following reason=obstacle_cleared wp=3 dist_wp=19.51 bearing_deg=-42.53 speed=0.000 pos=(-121.004,4.100,19.311) bounded=true
tick=13110 phase=following reason=obstacle_cleared wp=3 dist_wp=19.51 bearing_deg=-42.53 speed=0.000 pos=(-121.004,4.100,19.311) bounded=true
tick=13140 phase=following reason=obstacle_cleared wp=3 dist_wp=19.51 bearing_deg=-42.53 speed=0.000 pos=(-121.005,4.100,19.311) bounded=true
tick=13170 phase=following reason=obstacle_cleared wp=3 dist_wp=19.51 bearing_deg=-42.53 speed=0.000 pos=(-121.005,4.100,19.311) bounded=true
tick=13200 phase=following reason=obstacle_cleared wp=3 dist_wp=19.51 bearing_deg=-42.53 speed=0.000 pos=(-121.005,4.100,19.311) bounded=true
tick=13230 phase=following reason=obstacle_cleared wp=3 dist_wp=19.51 bearing_deg=-42.53 speed=0.000 pos=(-121.005,4.100,19.311) bounded=true
tick=13260 phase=following reason=obstacle_cleared wp=3 dist_wp=19.51 bearing_deg=-42.54 speed=0.000 pos=(-121.006,4.100,19.311) bounded=true
tick=13290 phase=following reason=obstacle_cleared wp=3 dist_wp=19.51 bearing_deg=-42.54 speed=0.000 pos=(-121.006,4.100,19.311) bounded=true
tick=13320 phase=following reason=obstacle_cleared wp=3 dist_wp=19.51 bearing_deg=-42.54 speed=0.000 pos=(-121.006,4.100,19.311) bounded=true
tick=13350 phase=following reason=obstacle_cleared wp=3 dist_wp=19.51 bearing_deg=-42.54 speed=0.000 pos=(-121.006,4.100,19.311) bounded=true
tick=13380 phase=following reason=obstacle_cleared wp=3 dist_wp=19.51 bearing_deg=-42.54 speed=0.000 pos=(-121.007,4.100,19.311) bounded=true
tick=13410 phase=following reason=obstacle_cleared wp=3 dist_wp=19.51 bearing_deg=-42.54 speed=0.000 pos=(-121.007,4.100,19.311) bounded=true
tick=13440 phase=following reason=obstacle_cleared wp=3 dist_wp=19.51 bearing_deg=-42.54 speed=0.000 pos=(-121.007,4.100,19.311) bounded=true
tick=13470 phase=following reason=obstacle_cleared wp=3 dist_wp=19.51 bearing_deg=-42.54 speed=0.000 pos=(-121.008,4.100,19.311) bounded=true
tick=13500 phase=following reason=obstacle_cleared wp=3 dist_wp=19.51 bearing_deg=-42.54 speed=0.000 pos=(-121.008,4.100,19.311) bounded=true
tick=13530 phase=following reason=obstacle_cleared wp=3 dist_wp=19.51 bearing_deg=-42.54 speed=0.000 pos=(-121.008,4.100,19.311) bounded=true
tick=13560 phase=following reason=obstacle_cleared wp=3 dist_wp=19.51 bearing_deg=-42.54 speed=0.000 pos=(-121.008,4.100,19.311) bounded=true
tick=13590 phase=following reason=obstacle_cleared wp=3 dist_wp=19.51 bearing_deg=-42.54 speed=0.000 pos=(-121.008,4.100,19.311) bounded=true
tick=13620 phase=following reason=obstacle_cleared wp=3 dist_wp=19.51 bearing_deg=-42.54 speed=0.000 pos=(-121.009,4.099,19.311) bounded=true
tick=13650 phase=following reason=obstacle_cleared wp=3 dist_wp=19.51 bearing_deg=-42.54 speed=0.000 pos=(-121.009,4.099,19.311) bounded=true
tick=13680 phase=following reason=obstacle_cleared wp=3 dist_wp=19.51 bearing_deg=-42.55 speed=0.000 pos=(-121.009,4.099,19.311) bounded=true
tick=13710 phase=following reason=obstacle_cleared wp=3 dist_wp=19.51 bearing_deg=-42.55 speed=0.000 pos=(-121.009,4.099,19.311) bounded=true
tick=13740 phase=following reason=obstacle_cleared wp=3 dist_wp=19.51 bearing_deg=-42.55 speed=0.000 pos=(-121.010,4.099,19.311) bounded=true
tick=13770 phase=following reason=obstacle_cleared wp=3 dist_wp=19.51 bearing_deg=-42.55 speed=0.000 pos=(-121.010,4.099,19.311) bounded=true
tick=13800 phase=following reason=obstacle_cleared wp=3 dist_wp=19.51 bearing_deg=-42.55 speed=0.000 pos=(-121.010,4.099,19.311) bounded=true
tick=13830 phase=following reason=obstacle_cleared wp=3 dist_wp=19.51 bearing_deg=-42.55 speed=0.000 pos=(-121.010,4.099,19.311) bounded=true
tick=13860 phase=following reason=obstacle_cleared wp=3 dist_wp=19.51 bearing_deg=-42.55 speed=0.000 pos=(-121.011,4.099,19.311) bounded=true
tick=13890 phase=following reason=obstacle_cleared wp=3 dist_wp=19.51 bearing_deg=-42.55 speed=0.000 pos=(-121.011,4.099,19.311) bounded=true
tick=13920 phase=following reason=obstacle_cleared wp=3 dist_wp=19.51 bearing_deg=-42.55 speed=0.000 pos=(-121.011,4.099,19.311) bounded=true
tick=13950 phase=following reason=obstacle_cleared wp=3 dist_wp=19.51 bearing_deg=-42.55 speed=0.000 pos=(-121.011,4.099,19.311) bounded=true
tick=13980 phase=following reason=obstacle_cleared wp=3 dist_wp=19.51 bearing_deg=-42.55 speed=0.000 pos=(-121.012,4.099,19.311) bounded=true
tick=14010 phase=following reason=obstacle_cleared wp=3 dist_wp=19.51 bearing_deg=-42.55 speed=0.000 pos=(-121.012,4.099,19.311) bounded=true
tick=14040 phase=following reason=obstacle_cleared wp=3 dist_wp=19.51 bearing_deg=-42.55 speed=0.000 pos=(-121.012,4.099,19.311) bounded=true
tick=14070 phase=following reason=obstacle_cleared wp=3 dist_wp=19.51 bearing_deg=-42.55 speed=0.000 pos=(-121.012,4.099,19.311) bounded=true
tick=14100 phase=following reason=obstacle_cleared wp=3 dist_wp=19.51 bearing_deg=-42.56 speed=0.000 pos=(-121.013,4.099,19.311) bounded=true
tick=14130 phase=following reason=obstacle_cleared wp=3 dist_wp=19.51 bearing_deg=-42.56 speed=0.000 pos=(-121.013,4.099,19.311) bounded=true
tick=14160 phase=following reason=obstacle_cleared wp=3 dist_wp=19.51 bearing_deg=-42.56 speed=0.000 pos=(-121.013,4.099,19.311) bounded=true
tick=14190 phase=following reason=obstacle_cleared wp=3 dist_wp=19.51 bearing_deg=-42.56 speed=0.000 pos=(-121.013,4.099,19.311) bounded=true
tick=14220 phase=following reason=obstacle_cleared wp=3 dist_wp=19.51 bearing_deg=-42.56 speed=0.000 pos=(-121.014,4.099,19.311) bounded=true
tick=14250 phase=following reason=obstacle_cleared wp=3 dist_wp=19.51 bearing_deg=-42.56 speed=0.000 pos=(-121.014,4.099,19.311) bounded=true
tick=14280 phase=following reason=obstacle_cleared wp=3 dist_wp=19.51 bearing_deg=-42.56 speed=0.000 pos=(-121.014,4.099,19.311) bounded=true
tick=14310 phase=following reason=obstacle_cleared wp=3 dist_wp=19.51 bearing_deg=-42.56 speed=0.000 pos=(-121.015,4.099,19.311) bounded=true
tick=14340 phase=following reason=obstacle_cleared wp=3 dist_wp=19.51 bearing_deg=-42.56 speed=0.000 pos=(-121.015,4.099,19.311) bounded=true
tick=14370 phase=following reason=obstacle_cleared wp=3 dist_wp=19.51 bearing_deg=-42.56 speed=0.000 pos=(-121.015,4.099,19.311) bounded=true
tick=14400 phase=following reason=obstacle_cleared wp=3 dist_wp=19.51 bearing_deg=-42.56 speed=0.000 pos=(-121.015,4.099,19.311) bounded=true
tick=14430 phase=following reason=obstacle_cleared wp=3 dist_wp=19.51 bearing_deg=-42.56 speed=0.000 pos=(-121.015,4.099,19.311) bounded=true
tick=14460 phase=following reason=obstacle_cleared wp=3 dist_wp=19.51 bearing_deg=-42.56 speed=0.000 pos=(-121.016,4.099,19.311) bounded=true
tick=14490 phase=following reason=obstacle_cleared wp=3 dist_wp=19.51 bearing_deg=-42.57 speed=0.000 pos=(-121.016,4.099,19.311) bounded=true
tick=14520 phase=following reason=obstacle_cleared wp=3 dist_wp=19.51 bearing_deg=-42.57 speed=0.000 pos=(-121.016,4.099,19.311) bounded=true
tick=14550 phase=following reason=obstacle_cleared wp=3 dist_wp=19.51 bearing_deg=-42.57 speed=0.000 pos=(-121.016,4.099,19.311) bounded=true
tick=14580 phase=following reason=obstacle_cleared wp=3 dist_wp=19.51 bearing_deg=-42.57 speed=0.000 pos=(-121.017,4.099,19.311) bounded=true
tick=14610 phase=following reason=obstacle_cleared wp=3 dist_wp=19.51 bearing_deg=-42.57 speed=0.000 pos=(-121.017,4.099,19.311) bounded=true
tick=14640 phase=following reason=obstacle_cleared wp=3 dist_wp=19.51 bearing_deg=-42.57 speed=0.000 pos=(-121.017,4.099,19.311) bounded=true
tick=14670 phase=following reason=obstacle_cleared wp=3 dist_wp=19.51 bearing_deg=-42.57 speed=0.000 pos=(-121.017,4.099,19.311) bounded=true
tick=14700 phase=following reason=obstacle_cleared wp=3 dist_wp=19.51 bearing_deg=-42.57 speed=0.000 pos=(-121.018,4.099,19.311) bounded=true
tick=14730 phase=following reason=obstacle_cleared wp=3 dist_wp=19.51 bearing_deg=-42.57 speed=0.000 pos=(-121.018,4.099,19.311) bounded=true
tick=14760 phase=following reason=obstacle_cleared wp=3 dist_wp=19.51 bearing_deg=-42.57 speed=0.000 pos=(-121.018,4.099,19.311) bounded=true
tick=14790 phase=following reason=obstacle_cleared wp=3 dist_wp=19.51 bearing_deg=-42.57 speed=0.000 pos=(-121.018,4.099,19.311) bounded=true
tick=14820 phase=following reason=obstacle_cleared wp=3 dist_wp=19.51 bearing_deg=-42.57 speed=0.000 pos=(-121.019,4.099,19.311) bounded=true
tick=14850 phase=following reason=obstacle_cleared wp=3 dist_wp=19.51 bearing_deg=-42.57 speed=0.000 pos=(-121.019,4.099,19.311) bounded=true
tick=14880 phase=following reason=obstacle_cleared wp=3 dist_wp=19.51 bearing_deg=-42.57 speed=0.000 pos=(-121.019,4.099,19.311) bounded=true
tick=14910 phase=following reason=obstacle_cleared wp=3 dist_wp=19.51 bearing_deg=-42.58 speed=0.000 pos=(-121.019,4.099,19.311) bounded=true
tick=14940 phase=following reason=obstacle_cleared wp=3 dist_wp=19.51 bearing_deg=-42.58 speed=0.000 pos=(-121.020,4.099,19.311) bounded=true
tick=14970 phase=following reason=obstacle_cleared wp=3 dist_wp=19.51 bearing_deg=-42.58 speed=0.000 pos=(-121.020,4.099,19.311) bounded=true
