tick=0 phase=following reason=path_ready wp=1 dist_wp=13.42 bearing_deg=26.57 speed=0.000 pos=(-27.000,0.000,116.000) bounded=true
tick=30 phase=following reason=path_ready wp=1 dist_wp=11.11 bearing_deg=7.34 speed=1.966 pos=(-27.727,0.058,113.777) bounded=true
tick=60 phase=following reason=path_ready wp=1 dist_wp=3.66 bearing_deg=5.71 speed=3.077 pos=(-30.948,0.039,107.028) bounded=true
tick=90 phase=following reason=path_ready wp=1 dist_wp=3.62 bearing_deg=166.04 speed=1.484 pos=(-35.373,0.040,101.260) bounded=true
tick=120 phase=following reason=path_ready wp=1 dist_wp=5.32 bearing_deg=137.57 speed=0.000 pos=(-37.005,0.040,100.500) bounded=true
tick=150 phase=following reason=path_ready wp=1 dist_wp=5.32 bearing_deg=100.09 speed=0.000 pos=(-37.005,0.004,100.500) bounded=true
tick=180 phase=following reason=path_ready wp=1 dist_wp=5.32 bearing_deg=62.59 speed=0.000 pos=(-37.005,0.001,100.500) bounded=true
tick=210 phase=following reason=path_ready wp=1 dist_wp=5.32 bearing_deg=25.09 speed=0.000 pos=(-37.005,0.000,100.500) bounded=true
tick=240 phase=following reason=path_ready wp=1 dist_wp=3.91 bearing_deg=7.62 speed=1.114 pos=(-36.071,0.032,101.579) bounded=true
tick=270 phase=following reason=path_ready wp=1 dist_wp=0.14 bearing_deg=71.21 speed=0.727 pos=(-33.103,0.017,104.090) bounded=true
tick=300 phase=following reason=path_ready wp=2 dist_wp=20.59 bearing_deg=-113.71 speed=0.000 pos=(-32.724,0.014,104.269) bounded=true
tick=330 phase=following reason=path_ready wp=2 dist_wp=20.59 bearing_deg=-76.21 speed=0.000 pos=(-32.724,0.002,104.269) bounded=true
tick=360 phase=following reason=path_ready wp=2 dist_wp=20.59 bearing_deg=-38.71 speed=0.000 pos=(-32.724,0.000,104.269) bounded=true
tick=390 phase=following reason=path_ready wp=2 dist_wp=19.88 bearing_deg=-9.91 speed=1.086 pos=(-33.363,0.035,104.605) bounded=true
tick=420 phase=following reason=path_ready wp=2 dist_wp=13.66 bearing_deg=-3.62 speed=2.800 pos=(-39.234,0.041,106.755) bounded=true
tick=450 phase=following reason=path_ready wp=2 dist_wp=2.23 bearing_deg=-6.07 speed=3.757 pos=(-50.288,0.021,109.731) bounded=false
tick=480 phase=following reason=path_ready wp=2 dist_wp=6.19 bearing_deg=-164.17 speed=1.831 pos=(-58.689,0.048,109.909) bounded=false
tick=510 phase=following reason=path_ready wp=2 dist_wp=8.70 bearing_deg=-136.77 speed=0.031 pos=(-61.081,0.049,108.588) bounded=false
tick=540 phase=following reason=path_ready wp=2 dist_wp=8.70 bearing_deg=-99.28 speed=0.000 pos=(-61.081,0.006,108.588) bounded=false
tick=570 phase=following reason=path_ready wp=2 dist_wp=8.70 bearing_deg=-61.78 speed=0.000 pos=(-61.081,0.001,108.588) bounded=false
tick=600 phase=following reason=path_ready wp=2 dist_wp=8.70 bearing_deg=-24.28 speed=0.000 pos=(-61.081,0.001,108.588) bounded=false
tick=630 phase=following reason=path_ready wp=2 dist_wp=6.52 bearing_deg=-7.37 speed=1.665 pos=(-58.876,0.047,108.643) bounded=false
tick=660 phase=following reason=path_ready wp=2 dist_wp=0.50 bearing_deg=-24.34 speed=1.693 pos=(-52.880,0.001,109.676) bounded=false
tick=690 phase=following reason=path_ready wp=2 dist_wp=1.86 bearing_deg=-151.80 speed=0.000 pos=(-50.807,0.044,110.759) bounded=false
tick=720 phase=following reason=path_ready wp=2 dist_wp=1.86 bearing_deg=-114.37 speed=0.000 pos=(-50.807,0.002,110.759) bounded=false
tick=750 phase=following reason=path_ready wp=2 dist_wp=1.86 bearing_deg=-76.87 speed=0.000 pos=(-50.807,0.001,110.759) bounded=false
tick=780 phase=following reason=path_ready wp=2 dist_wp=1.86 bearing_deg=-39.37 speed=0.000 pos=(-50.807,0.001,110.759) bounded=false
tick=810 phase=following reason=path_ready wp=2 dist_wp=1.75 bearing_deg=-10.31 speed=0.161 pos=(-50.914,0.006,110.735) bounded=false
tick=840 phase=following reason=path_ready wp=3 dist_wp=21.14 bearing_deg=11.30 speed=0.816 pos=(-51.534,0.022,110.687) bounded=false
tick=870 phase=following reason=path_ready wp=3 dist_wp=15.45 bearing_deg=3.81 speed=2.544 pos=(-57.175,0.037,111.641) bounded=false
tick=900 phase=following reason=path_ready wp=3 dist_wp=4.26 bearing_deg=3.86 speed=4.073 pos=(-68.001,0.035,114.518) bounded=false
tick=930 phase=following reason=path_ready wp=3 dist_wp=5.67 bearing_deg=167.51 speed=2.348 pos=(-76.975,0.043,118.730) bounded=false
tick=960 phase=following reason=path_ready wp=3 dist_wp=9.76 bearing_deg=144.04 speed=0.584 pos=(-79.441,0.048,122.314) bounded=false
tick=990 phase=following reason=path_ready wp=3 dist_wp=9.97 bearing_deg=107.75 speed=0.000 pos=(-79.485,0.012,122.583) bounded=false
tick=1020 phase=following reason=path_ready wp=3 dist_wp=9.97 bearing_deg=70.25 speed=0.000 pos=(-79.485,0.001,122.583) bounded=false
tick=1050 phase=following reason=path_ready wp=3 dist_wp=9.97 bearing_deg=32.75 speed=0.000 pos=(-79.485,0.001,122.583) bounded=false
tick=1080 phase=following reason=path_ready wp=3 dist_wp=8.72 bearing_deg=8.70 speed=1.359 pos=(-78.401,0.043,121.920) bounded=false
tick=1110 phase=following reason=path_ready wp=3 dist_wp=2.53 bearing_deg=7.43 speed=2.396 pos=(-73.600,0.026,117.964) bounded=false
tick=1140 phase=following reason=path_ready wp=3 dist_wp=2.58 bearing_deg=163.64 speed=0.873 pos=(-70.567,0.038,113.853) bounded=false
tick=1170 phase=following reason=path_ready wp=3 dist_wp=3.20 bearing_deg=131.27 speed=0.000 pos=(-70.445,0.019,113.199) bounded=false
tick=1200 phase=following reason=path_ready wp=3 dist_wp=3.20 bearing_deg=93.77 speed=0.000 pos=(-70.445,0.001,113.199) bounded=false
tick=1230 phase=following reason=path_ready wp=3 dist_wp=3.20 bearing_deg=56.27 speed=0.000 pos=(-70.445,0.000,113.199) bounded=false
tick=1260 phase=following reason=path_ready wp=3 dist_wp=3.20 bearing_deg=19.36 speed=0.000 pos=(-70.445,0.000,113.199) bounded=false
tick=1290 phase=following reason=path_ready wp=3 dist_wp=1.76 bearing_deg=7.89 speed=0.900 pos=(-71.290,0.023,114.386) bounded=false
tick=1320 phase=following reason=path_ready wp=4 dist_wp=17.20 bearing_deg=-93.01 speed=0.000 pos=(-71.871,0.022,115.448) bounded=false
tick=1350 phase=following reason=path_ready wp=4 dist_wp=17.20 bearing_deg=-55.52 speed=0.000 pos=(-71.871,0.002,115.448) bounded=false
tick=1380 phase=following reason=path_ready wp=4 dist_wp=17.20 bearing_deg=-18.78 speed=0.000 pos=(-71.871,0.001,115.448) bounded=false
tick=1410 phase=following reason=path_ready wp=4 dist_wp=13.26 bearing_deg=-5.77 speed=2.145 pos=(-74.998,0.052,112.990) bounded=false
tick=1440 phase=following reason=path_ready wp=4 dist_wp=3.61 bearing_deg=-5.76 speed=4.026 pos=(-81.827,0.053,106.138) bounded=false
tick=1470 phase=following reason=path_ready wp=4 dist_wp=5.97 bearing_deg=-166.14 speed=2.294 pos=(-86.929,0.039,98.043) bounded=false
tick=1500 phase=following reason=path_ready wp=4 dist_wp=10.02 bearing_deg=-142.98 speed=0.625 pos=(-87.011,0.045,93.690) bounded=false
tick=1530 phase=following reason=path_ready wp=4 dist_wp=10.27 bearing_deg=-106.94 speed=0.000 pos=(-86.872,0.013,93.388) bounded=false
tick=1560 phase=following reason=path_ready wp=4 dist_wp=10.27 bearing_deg=-69.44 speed=0.000 pos=(-86.872,0.001,93.388) bounded=false
tick=1590 phase=following reason=path_ready wp=4 dist_wp=10.27 bearing_deg=-31.94 speed=0.000 pos=(-86.872,0.001,93.388) bounded=false
tick=1620 phase=following reason=path_ready wp=4 dist_wp=8.79 bearing_deg=-8.67 speed=1.531 pos=(-86.210,0.048,94.746) bounded=false
tick=1650 phase=following reason=path_ready wp=4 dist_wp=2.16 bearing_deg=-8.86 speed=2.620 pos=(-84.179,0.030,101.100) bounded=false
tick=1680 phase=following reason=path_ready wp=4 dist_wp=3.26 bearing_deg=-162.69 speed=0.982 pos=(-84.001,0.038,106.506) bounded=false
tick=1710 phase=following reason=path_ready wp=4 dist_wp=4.04 bearing_deg=-130.80 speed=0.000 pos=(-84.359,0.023,107.277) bounded=false
tick=1740 phase=following reason=path_ready wp=4 dist_wp=4.04 bearing_deg=-93.30 speed=0.000 pos=(-84.359,0.001,107.277) bounded=false
tick=1770 phase=following reason=path_ready wp=4 dist_wp=4.04 bearing_deg=-55.80 speed=0.000 pos=(-84.359,0.001,107.277) bounded=false
tick=1800 phase=following reason=path_ready wp=4 dist_wp=4.04 bearing_deg=-19.00 speed=0.000 pos=(-84.359,0.001,107.277) bounded=false
tick=1830 phase=following reason=path_ready wp=4 dist_wp=2.22 bearing_deg=-7.84 speed=1.146 pos=(-84.398,0.029,105.434) bounded=false
tick=1860 phase=following reason=path_ready wp=5 dist_wp=17.41 bearing_deg=54.61 speed=0.007 pos=(-84.096,0.031,103.210) bounded=false
tick=1890 phase=following reason=path_ready wp=5 dist_wp=17.41 bearing_deg=18.09 speed=0.000 pos=(-84.096,0.003,103.210) bounded=false
tick=1920 phase=following reason=path_ready wp=5 dist_wp=13.43 bearing_deg=5.56 speed=2.126 pos=(-86.480,0.051,99.971) bounded=false
tick=1950 phase=following reason=path_ready wp=5 dist_wp=3.60 bearing_deg=5.67 speed=4.053 pos=(-93.205,0.053,92.776) bounded=false
tick=1980 phase=following reason=path_ready wp=5 dist_wp=6.06 bearing_deg=166.17 speed=2.318 pos=(-101.171,0.040,87.334) bounded=false
tick=2010 phase=following reason=path_ready wp=5 dist_wp=10.17 bearing_deg=143.02 speed=0.641 pos=(-105.575,0.045,87.088) bounded=false
tick=2040 phase=following reason=path_ready wp=5 dist_wp=10.43 bearing_deg=107.05 speed=0.000 pos=(-105.900,0.013,87.223) bounded=false
tick=2070 phase=following reason=path_ready wp=5 dist_wp=10.43 bearing_deg=69.55 speed=0.000 pos=(-105.900,0.001,87.223) bounded=false
tick=2100 phase=following reason=path_ready wp=5 dist_wp=10.43 bearing_deg=32.05 speed=0.000 pos=(-105.900,0.000,87.223) bounded=false
tick=2130 phase=following reason=path_ready wp=5 dist_wp=9.09 bearing_deg=8.51 speed=1.462 pos=(-104.697,0.047,87.860) bounded=false
tick=2160 phase=following reason=path_ready wp=5 dist_wp=2.51 bearing_deg=7.74 speed=2.621 pos=(-98.481,0.031,90.130) bounded=false
tick=2190 phase=following reason=path_ready wp=5 dist_wp=3.17 bearing_deg=163.73 speed=1.065 pos=(-92.835,0.037,90.654) bounded=false
tick=2220 phase=following reason=path_ready wp=5 dist_wp=4.10 bearing_deg=132.65 speed=0.000 pos=(-91.904,0.026,90.286) bounded=false
tick=2250 phase=following reason=path_ready wp=5 dist_wp=4.10 bearing_deg=95.15 speed=0.000 pos=(-91.904,0.001,90.286) bounded=false
tick=2280 phase=following reason=path_ready wp=5 dist_wp=4.10 bearing_deg=57.65 speed=0.000 pos=(-91.904,0.000,90.286) bounded=false
tick=2310 phase=following reason=path_ready wp=5 dist_wp=4.10 bearing_deg=20.49 speed=0.000 pos=(-91.904,0.000,90.286) bounded=false
tick=2340 phase=following reason=path_ready wp=5 dist_wp=2.38 bearing_deg=7.99 speed=1.133 pos=(-93.646,0.030,90.171) bounded=false
tick=2370 phase=following reason=path_ready wp=6 dist_wp=17.40 bearing_deg=-57.43 speed=0.076 pos=(-96.050,0.031,90.401) bounded=false
tick=2400 phase=following reason=path_ready wp=6 dist_wp=17.40 bearing_deg=-20.32 speed=0.000 pos=(-96.052,0.004,90.401) bounded=false
tick=2430 phase=following reason=path_ready wp=6 dist_wp=13.85 bearing_deg=-6.00 speed=2.102 pos=(-98.824,0.055,88.126) bounded=false
tick=2460 phase=following reason=path_ready wp=6 dist_wp=4.43 bearing_deg=-5.11 speed=4.046 pos=(-105.361,0.055,81.305) bounded=false
tick=2490 phase=following reason=path_ready wp=6 dist_wp=5.59 bearing_deg=-167.23 speed=2.425 pos=(-110.713,0.038,72.866) bounded=false
tick=2520 phase=following reason=path_ready wp=6 dist_wp=10.09 bearing_deg=-145.12 speed=0.802 pos=(-110.842,0.044,68.065) bounded=false
tick=2550 phase=following reason=path_ready wp=6 dist_wp=10.54 bearing_deg=-110.12 speed=0.000 pos=(-110.590,0.018,67.530) bounded=false
tick=2580 phase=following reason=path_ready wp=6 dist_wp=10.54 bearing_deg=-72.62 speed=0.000 pos=(-110.590,0.001,67.530) bounded=false
tick=2610 phase=following reason=path_ready wp=6 dist_wp=10.54 bearing_deg=-35.12 speed=0.000 pos=(-110.590,0.000,67.530) bounded=false
tick=2640 phase=following reason=path_ready wp=6 dist_wp=9.47 bearing_deg=-9.30 speed=1.325 pos=(-110.133,0.043,68.523) bounded=false
tick=2670 phase=following reason=path_ready wp=6 dist_wp=3.07 bearing_deg=-7.17 speed=2.602 pos=(-108.296,0.033,74.694) bounded=false
tick=2700 phase=following reason=path_ready wp=6 dist_wp=3.06 bearing_deg=-164.85 speed=1.215 pos=(-108.011,0.036,80.807) bounded=false
tick=2730 phase=following reason=path_ready wp=6 dist_wp=4.28 bearing_deg=-135.38 speed=0.000 pos=(-108.554,0.032,81.997) bounded=false
tick=2760 phase=following reason=path_ready wp=6 dist_wp=4.28 bearing_deg=-97.88 speed=0.000 pos=(-108.554,0.003,81.997) bounded=false
tick=2790 phase=following reason=path_ready wp=6 dist_wp=4.28 bearing_deg=-60.38 speed=0.000 pos=(-108.554,0.000,81.997) bounded=false
tick=2820 phase=following reason=path_ready wp=6 dist_wp=4.28 bearing_deg=-22.93 speed=0.000 pos=(-108.554,0.000,81.997) bounded=false
tick=2850 phase=following reason=path_ready wp=6 dist_wp=2.73 bearing_deg=-8.07 speed=1.113 pos=(-108.553,0.031,80.428) bounded=false
tick=2880 phase=following reason=path_ready wp=7 dist_wp=17.33 bearing_deg=66.91 speed=0.297 pos=(-108.049,0.027,77.552) bounded=false
tick=2910 phase=following reason=path_ready wp=7 dist_wp=17.30 bearing_deg=29.68 speed=0.000 pos=(-108.023,0.006,77.484) bounded=false
tick=2940 phase=following reason=path_ready wp=7 dist_wp=15.43 bearing_deg=7.65 speed=1.842 pos=(-109.105,0.057,75.922) bounded=false
tick=2970 phase=following reason=path_ready wp=7 dist_wp=7.50 bearing_deg=4.16 speed=3.582 pos=(-114.403,0.056,69.990) bounded=false
tick=3000 phase=following reason=path_ready wp=7 dist_wp=3.41 bearing_deg=170.56 speed=2.806 pos=(-122.712,0.027,62.937) bounded=false
tick=3030 phase=following reason=path_ready wp=7 dist_wp=8.96 bearing_deg=151.50 speed=1.042 pos=(-128.308,0.047,61.641) bounded=false
tick=3060 phase=following reason=path_ready wp=7 dist_wp=9.72 bearing_deg=117.79 speed=0.000 pos=(-129.205,0.025,61.868) bounded=false
tick=3090 phase=following reason=path_ready wp=7 dist_wp=9.72 bearing_deg=80.30 speed=0.000 pos=(-129.205,0.002,61.868) bounded=false
tick=3120 phase=following reason=path_ready wp=7 dist_wp=9.72 bearing_deg=42.80 speed=0.000 pos=(-129.205,0.000,61.868) bounded=false
tick=3150 phase=following reason=path_ready wp=7 dist_wp=9.36 bearing_deg=11.66 speed=0.725 pos=(-128.891,0.023,62.062) bounded=false
tick=3180 phase=following reason=path_ready wp=7 dist_wp=4.24 bearing_deg=6.26 speed=2.089 pos=(-124.136,0.030,64.065) bounded=false
tick=3210 phase=following reason=path_ready wp=7 dist_wp=1.72 bearing_deg=166.94 speed=1.241 pos=(-118.301,0.030,65.285) bounded=false
tick=3240 phase=following reason=path_ready wp=7 dist_wp=3.09 bearing_deg=140.62 speed=0.000 pos=(-116.914,0.033,64.959) bounded=false
tick=3270 phase=following reason=path_ready wp=7 dist_wp=3.09 bearing_deg=103.13 speed=0.000 pos=(-116.914,0.003,64.959) bounded=false
tick=3300 phase=following reason=path_ready wp=7 dist_wp=3.09 bearing_deg=65.63 speed=0.000 pos=(-116.914,0.000,64.959) bounded=false
tick=3330 phase=following reason=path_ready wp=7 dist_wp=3.09 bearing_deg=28.13 speed=0.000 pos=(-116.914,0.000,64.959) bounded=false
tick=3360 phase=following reason=path_ready wp=7 dist_wp=2.25 bearing_deg=8.61 speed=0.720 pos=(-117.760,0.022,64.842) bounded=false
tick=3390 phase=following reason=path_ready wp=1 dist_wp=21.51 bearing_deg=-82.71 speed=0.000 pos=(-119.376,0.025,64.831) bounded=false
tick=3420 phase=following reason=path_ready wp=1 dist_wp=21.51 bearing_deg=-45.21 speed=0.000 pos=(-119.376,0.002,64.831) bounded=false
tick=3450 phase=following reason=path_ready wp=1 dist_wp=21.24 bearing_deg=-12.52 speed=0.685 pos=(-119.449,0.020,64.565) bounded=false
tick=3480 phase=following reason=path_ready wp=1 dist_wp=15.61 bearing_deg=-4.17 speed=2.621 pos=(-120.128,0.041,58.948) bounded=false
tick=3510 phase=following reason=path_ready wp=1 dist_wp=4.14 bearing_deg=-5.19 speed=4.240 pos=(-120.364,0.131,47.458) bounded=false
tick=3540 phase=following reason=path_ready wp=1 dist_wp=6.00 bearing_deg=-164.90 speed=2.221 pos=(-118.642,0.780,37.539) bounded=false
tick=3570 phase=following reason=path_ready wp=1 dist_wp=9.41 bearing_deg=-126.83 speed=0.149 pos=(-116.256,1.000,34.750) bounded=false
tick=3600 phase=following reason=path_ready wp=1 dist_wp=9.57 bearing_deg=-92.86 speed=0.000 pos=(-116.238,1.052,34.594) bounded=false
tick=3630 phase=following reason=path_ready wp=1 dist_wp=10.01 bearing_deg=-73.22 speed=0.000 pos=(-116.223,1.157,34.125) bounded=false
tick=3660 phase=following reason=path_ready wp=1 dist_wp=10.07 bearing_deg=-57.65 speed=0.000 pos=(-116.221,1.207,34.069) bounded=false
tick=3690 phase=following reason=path_ready wp=1 dist_wp=10.07 bearing_deg=-39.17 speed=0.000 pos=(-116.221,1.206,34.069) bounded=false
tick=3720 phase=following reason=path_ready wp=1 dist_wp=9.79 bearing_deg=-10.31 speed=0.899 pos=(-116.289,1.167,34.342) bounded=false
tick=3750 phase=following reason=path_ready wp=1 dist_wp=3.81 bearing_deg=3.34 speed=2.906 pos=(-118.548,0.503,39.844) bounded=false
tick=3780 phase=following reason=path_ready wp=1 dist_wp=3.59 bearing_deg=167.82 speed=1.677 pos=(-120.907,0.132,46.807) bounded=false
tick=3810 phase=following reason=path_ready wp=1 dist_wp=6.02 bearing_deg=142.44 speed=0.094 pos=(-120.452,0.051,49.337) bounded=false
tick=3840 phase=following reason=path_ready wp=1 dist_wp=6.02 bearing_deg=104.97 speed=0.000 pos=(-120.449,0.005,49.340) bounded=false
tick=3870 phase=following reason=path_ready wp=1 dist_wp=6.02 bearing_deg=67.47 speed=0.000 pos=(-120.449,0.008,49.340) bounded=false
tick=3900 phase=following reason=path_ready wp=1 dist_wp=6.02 bearing_deg=29.97 speed=0.000 pos=(-120.449,0.015,49.340) bounded=false
tick=3930 phase=following reason=path_ready wp=1 dist_wp=4.81 bearing_deg=8.61 speed=1.152 pos=(-120.166,0.088,48.144) bounded=false
tick=3960 phase=following reason=path_ready wp=1 dist_wp=0.28 bearing_deg=99.11 speed=1.201 pos=(-119.816,0.259,43.282) bounded=false
tick=3990 phase=following reason=path_ready wp=2 dist_wp=20.14 bearing_deg=-12.87 speed=0.886 pos=(-120.174,0.343,41.537) bounded=false
tick=4020 phase=following reason=path_ready wp=2 dist_wp=14.31 bearing_deg=-7.07 speed=2.375 pos=(-120.701,0.898,35.699) bounded=false
tick=4050 phase=following reason=path_ready wp=2 dist_wp=4.13 bearing_deg=-18.60 speed=3.733 pos=(-121.149,2.740,25.531) bounded=false
tick=4080 phase=following reason=path_ready wp=2 dist_wp=3.45 bearing_deg=-150.50 speed=1.008 pos=(-120.284,4.400,18.318) bounded=false
tick=4110 phase=following reason=path_ready wp=2 dist_wp=4.25 bearing_deg=-97.93 speed=0.000 pos=(-119.910,4.556,17.519) bounded=false
tick=4140 phase=following reason=path_ready wp=2 dist_wp=4.37 bearing_deg=-64.66 speed=0.000 pos=(-119.885,4.573,17.402) bounded=false
tick=4170 phase=following reason=path_ready wp=2 dist_wp=4.37 bearing_deg=-53.78 speed=0.000 pos=(-119.885,4.571,17.401) bounded=false
tick=4200 phase=following reason=path_ready wp=2 dist_wp=4.37 bearing_deg=-47.65 speed=0.000 pos=(-119.885,4.578,17.403) bounded=false
tick=4230 phase=following reason=path_ready wp=2 dist_wp=4.37 bearing_deg=-44.45 speed=0.000 pos=(-119.885,4.578,17.403) bounded=false
tick=4260 phase=following reason=path_ready wp=2 dist_wp=4.37 bearing_deg=-42.31 speed=0.000 pos=(-119.885,4.579,17.403) bounded=false
tick=4290 phase=following reason=path_ready wp=2 dist_wp=4.37 bearing_deg=-40.81 speed=0.000 pos=(-119.885,4.579,17.403) bounded=false
tick=4320 phase=following reason=path_ready wp=2 dist_wp=4.37 bearing_deg=-39.71 speed=0.000 pos=(-119.885,4.579,17.403) bounded=false
tick=4350 phase=following reason=path_ready wp=2 dist_wp=4.37 bearing_deg=-38.85 speed=0.000 pos=(-119.885,4.579,17.403) bounded=false
tick=4380 phase=following reason=path_ready wp=2 dist_wp=4.37 bearing_deg=-38.16 speed=0.000 pos=(-119.885,4.579,17.403) bounded=false
tick=4410 phase=following reason=path_ready wp=2 dist_wp=4.37 bearing_deg=-37.21 speed=0.000 pos=(-119.885,4.576,17.402) bounded=false
tick=4440 phase=following reason=path_ready wp=2 dist_wp=4.37 bearing_deg=-36.84 speed=0.000 pos=(-119.885,4.576,17.402) bounded=false
tick=4470 phase=following reason=path_ready wp=2 dist_wp=4.37 bearing_deg=-36.47 speed=0.000 pos=(-119.885,4.576,17.402) bounded=false
tick=4500 phase=following reason=path_ready wp=2 dist_wp=4.37 bearing_deg=-36.09 speed=0.000 pos=(-119.885,4.576,17.402) bounded=false
tick=4530 phase=following reason=path_ready wp=2 dist_wp=4.37 bearing_deg=-35.69 speed=0.000 pos=(-119.885,4.576,17.402) bounded=false
tick=4560 phase=following reason=path_ready wp=2 dist_wp=4.37 bearing_deg=-35.47 speed=0.000 pos=(-119.885,4.575,17.402) bounded=false
tick=4590 phase=following reason=path_ready wp=2 dist_wp=4.37 bearing_deg=-35.32 speed=0.000 pos=(-119.885,4.575,17.402) bounded=false
tick=4620 phase=following reason=path_ready wp=2 dist_wp=4.37 bearing_deg=-35.16 speed=0.000 pos=(-119.885,4.575,17.402) bounded=false
tick=4650 phase=following reason=path_ready wp=2 dist_wp=4.37 bearing_deg=-34.99 speed=0.000 pos=(-119.885,4.575,17.402) bounded=false
tick=4680 phase=following reason=path_ready wp=2 dist_wp=4.37 bearing_deg=-34.80 speed=0.000 pos=(-119.885,4.575,17.402) bounded=false
tick=4710 phase=following reason=path_ready wp=2 dist_wp=4.37 bearing_deg=-34.59 speed=0.000 pos=(-119.885,4.575,17.402) bounded=false
tick=4740 phase=following reason=path_ready wp=2 dist_wp=4.37 bearing_deg=-34.36 speed=0.000 pos=(-119.885,4.575,17.402) bounded=false
tick=4770 phase=following reason=path_ready wp=2 dist_wp=4.37 bearing_deg=-34.09 speed=0.000 pos=(-119.885,4.575,17.402) bounded=false
tick=4800 phase=following reason=path_ready wp=2 dist_wp=4.37 bearing_deg=-33.79 speed=0.000 pos=(-119.885,4.575,17.402) bounded=false
tick=4830 phase=following reason=path_ready wp=2 dist_wp=4.37 bearing_deg=-33.45 speed=0.000 pos=(-119.885,4.575,17.402) bounded=false
tick=4860 phase=following reason=path_ready wp=2 dist_wp=4.37 bearing_deg=-33.16 speed=0.000 pos=(-119.885,4.575,17.402) bounded=false
tick=4890 phase=following reason=path_ready wp=2 dist_wp=4.37 bearing_deg=-33.21 speed=0.000 pos=(-119.885,4.576,17.402) bounded=false
tick=4920 phase=following reason=path_ready wp=2 dist_wp=4.37 bearing_deg=-33.16 speed=0.000 pos=(-119.885,4.575,17.402) bounded=false
tick=4950 phase=following reason=path_ready wp=2 dist_wp=4.37 bearing_deg=-33.22 speed=0.000 pos=(-119.885,4.576,17.402) bounded=false
tick=4980 phase=following reason=path_ready wp=2 dist_wp=4.37 bearing_deg=-33.21 speed=0.000 pos=(-119.885,4.576,17.402) bounded=false
tick=5010 phase=following reason=path_ready wp=2 dist_wp=4.37 bearing_deg=-33.16 speed=0.000 pos=(-119.885,4.575,17.402) bounded=false
tick=5040 phase=following reason=path_ready wp=2 dist_wp=4.37 bearing_deg=-33.21 speed=0.000 pos=(-119.885,4.576,17.402) bounded=false
tick=5070 phase=following reason=path_ready wp=2 dist_wp=4.37 bearing_deg=-33.16 speed=0.000 pos=(-119.885,4.575,17.402) bounded=false
tick=5100 phase=following reason=path_ready wp=2 dist_wp=4.37 bearing_deg=-33.22 speed=0.000 pos=(-119.885,4.576,17.402) bounded=false
tick=5130 phase=following reason=path_ready wp=2 dist_wp=4.37 bearing_deg=-33.21 speed=0.000 pos=(-119.885,4.576,17.402) bounded=false
tick=5160 phase=following reason=path_ready wp=2 dist_wp=4.37 bearing_deg=-33.16 speed=0.000 pos=(-119.885,4.575,17.402) bounded=false
tick=5190 phase=following reason=path_ready wp=2 dist_wp=4.37 bearing_deg=-33.21 speed=0.000 pos=(-119.885,4.576,17.402) bounded=false
tick=5220 phase=following reason=path_ready wp=2 dist_wp=4.37 bearing_deg=-33.16 speed=0.000 pos=(-119.885,4.575,17.402) bounded=false
tick=5250 phase=following reason=path_ready wp=2 dist_wp=4.37 bearing_deg=-33.22 speed=0.000 pos=(-119.885,4.576,17.402) bounded=false
tick=5280 phase=following reason=path_ready wp=2 dist_wp=4.37 bearing_deg=-33.21 speed=0.000 pos=(-119.885,4.576,17.402) bounded=false
tick=5310 phase=following reason=path_ready wp=2 dist_wp=4.37 bearing_deg=-33.16 speed=0.000 pos=(-119.885,4.575,17.402) bounded=false
tick=5340 phase=following reason=path_ready wp=2 dist_wp=4.37 bearing_deg=-33.21 speed=0.000 pos=(-119.885,4.576,17.402) bounded=false
tick=5370 phase=following reason=path_ready wp=2 dist_wp=4.37 bearing_deg=-33.16 speed=0.000 pos=(-119.885,4.575,17.402) bounded=false
tick=5400 phase=following reason=path_ready wp=2 dist_wp=4.37 bearing_deg=-33.22 speed=0.000 pos=(-119.885,4.576,17.402) bounded=false
tick=5430 phase=following reason=path_ready wp=2 dist_wp=4.37 bearing_deg=-33.21 speed=0.000 pos=(-119.885,4.576,17.402) bounded=false
tick=5460 phase=following reason=path_ready wp=2 dist_wp=4.37 bearing_deg=-33.16 speed=0.000 pos=(-119.885,4.575,17.402) bounded=false
tick=5490 phase=following reason=path_ready wp=2 dist_wp=4.37 bearing_deg=-33.21 speed=0.000 pos=(-119.885,4.576,17.402) bounded=false
tick=5520 phase=following reason=path_ready wp=2 dist_wp=4.37 bearing_deg=-33.16 speed=0.000 pos=(-119.885,4.575,17.402) bounded=false
tick=5550 phase=following reason=path_ready wp=2 dist_wp=4.37 bearing_deg=-33.22 speed=0.000 pos=(-119.885,4.576,17.402) bounded=false
tick=5580 phase=following reason=path_ready wp=2 dist_wp=4.37 bearing_deg=-33.21 speed=0.000 pos=(-119.885,4.576,17.402) bounded=false
tick=5610 phase=following reason=path_ready wp=2 dist_wp=4.37 bearing_deg=-33.16 speed=0.000 pos=(-119.885,4.575,17.402) bounded=false
tick=5640 phase=following reason=path_ready wp=2 dist_wp=4.37 bearing_deg=-33.21 speed=0.000 pos=(-119.885,4.576,17.402) bounded=false
tick=5670 phase=following reason=path_ready wp=2 dist_wp=4.37 bearing_deg=-33.16 speed=0.000 pos=(-119.885,4.575,17.402) bounded=false
tick=5700 phase=following reason=path_ready wp=2 dist_wp=4.37 bearing_deg=-33.22 speed=0.000 pos=(-119.885,4.576,17.402) bounded=false
tick=5730 phase=following reason=path_ready wp=2 dist_wp=4.37 bearing_deg=-33.21 speed=0.000 pos=(-119.885,4.576,17.402) bounded=false
tick=5760 phase=following reason=path_ready wp=2 dist_wp=4.37 bearing_deg=-33.16 speed=0.000 pos=(-119.885,4.575,17.402) bounded=false
tick=5790 phase=following reason=path_ready wp=2 dist_wp=4.37 bearing_deg=-33.21 speed=0.000 pos=(-119.885,4.576,17.402) bounded=false
tick=5820 phase=following reason=path_ready wp=2 dist_wp=4.37 bearing_deg=-33.16 speed=0.000 pos=(-119.885,4.575,17.402) bounded=false
tick=5850 phase=following reason=path_ready wp=2 dist_wp=4.37 bearing_deg=-33.22 speed=0.000 pos=(-119.885,4.576,17.402) bounded=false
tick=5880 phase=following reason=path_ready wp=2 dist_wp=4.37 bearing_deg=-33.21 speed=0.000 pos=(-119.885,4.576,17.402) bounded=false
tick=5910 phase=following reason=path_ready wp=2 dist_wp=4.37 bearing_deg=-33.16 speed=0.000 pos=(-119.885,4.575,17.402) bounded=false
tick=5940 phase=following reason=path_ready wp=2 dist_wp=4.37 bearing_deg=-33.21 speed=0.000 pos=(-119.885,4.576,17.402) bounded=false
tick=5970 phase=following reason=path_ready wp=2 dist_wp=4.37 bearing_deg=-33.16 speed=0.000 pos=(-119.885,4.575,17.402) bounded=false
tick=6000 phase=following reason=path_ready wp=2 dist_wp=4.37 bearing_deg=-33.22 speed=0.000 pos=(-119.885,4.576,17.402) bounded=false
tick=6030 phase=following reason=path_ready wp=2 dist_wp=4.37 bearing_deg=-33.21 speed=0.000 pos=(-119.885,4.576,17.402) bounded=false
tick=6060 phase=following reason=path_ready wp=2 dist_wp=4.37 bearing_deg=-33.16 speed=0.000 pos=(-119.885,4.575,17.402) bounded=false
tick=6090 phase=following reason=path_ready wp=2 dist_wp=4.37 bearing_deg=-33.21 speed=0.000 pos=(-119.885,4.576,17.402) bounded=false
tick=6120 phase=following reason=path_ready wp=2 dist_wp=4.37 bearing_deg=-33.16 speed=0.000 pos=(-119.885,4.575,17.402) bounded=false
tick=6150 phase=following reason=path_ready wp=2 dist_wp=4.37 bearing_deg=-33.22 speed=0.000 pos=(-119.885,4.576,17.402) bounded=false
tick=6180 phase=following reason=path_ready wp=2 dist_wp=4.37 bearing_deg=-33.21 speed=0.000 pos=(-119.885,4.576,17.402) bounded=false
tick=6210 phase=following reason=path_ready wp=2 dist_wp=4.37 bearing_deg=-33.16 speed=0.000 pos=(-119.885,4.575,17.402) bounded=false
tick=6240 phase=following reason=path_ready wp=2 dist_wp=4.37 bearing_deg=-33.21 speed=0.000 pos=(-119.885,4.576,17.402) bounded=false
tick=6270 phase=following reason=path_ready wp=2 dist_wp=4.37 bearing_deg=-33.16 speed=0.000 pos=(-119.885,4.575,17.402) bounded=false
tick=6300 phase=following reason=path_ready wp=2 dist_wp=4.37 bearing_deg=-33.22 speed=0.000 pos=(-119.885,4.576,17.402) bounded=false
tick=6330 phase=following reason=path_ready wp=2 dist_wp=4.37 bearing_deg=-33.21 speed=0.000 pos=(-119.885,4.576,17.402) bounded=false
tick=6360 phase=following reason=path_ready wp=2 dist_wp=4.37 bearing_deg=-33.16 speed=0.000 pos=(-119.885,4.575,17.402) bounded=false
tick=6390 phase=following reason=path_ready wp=2 dist_wp=4.37 bearing_deg=-33.21 speed=0.000 pos=(-119.885,4.576,17.402) bounded=false
tick=6420 phase=following reason=path_ready wp=2 dist_wp=4.37 bearing_deg=-33.16 speed=0.000 pos=(-119.885,4.575,17.402) bounded=false
tick=6450 phase=following reason=path_ready wp=2 dist_wp=4.37 bearing_deg=-33.22 speed=0.000 pos=(-119.885,4.576,17.402) bounded=false
tick=6480 phase=following reason=path_ready wp=2 dist_wp=4.37 bearing_deg=-33.21 speed=0.000 pos=(-119.885,4.576,17.402) bounded=false
tick=6510 phase=following reason=path_ready wp=2 dist_wp=4.37 bearing_deg=-33.16 speed=0.000 pos=(-119.885,4.575,17.402) bounded=false
tick=6540 phase=following reason=path_ready wp=2 dist_wp=4.37 bearing_deg=-33.21 speed=0.000 pos=(-119.885,4.576,17.402) bounded=false
tick=6570 phase=following reason=path_ready wp=2 dist_wp=4.37 bearing_deg=-33.16 speed=0.000 pos=(-119.885,4.575,17.402) bounded=false
tick=6600 phase=following reason=path_ready wp=2 dist_wp=4.37 bearing_deg=-33.22 speed=0.000 pos=(-119.885,4.576,17.402) bounded=false
tick=6630 phase=following reason=path_ready wp=2 dist_wp=4.37 bearing_deg=-33.21 speed=0.000 pos=(-119.885,4.576,17.402) bounded=false
tick=6660 phase=following reason=path_ready wp=2 dist_wp=4.37 bearing_deg=-33.16 speed=0.000 pos=(-119.885,4.575,17.402) bounded=false
tick=6690 phase=following reason=path_ready wp=2 dist_wp=4.37 bearing_deg=-33.21 speed=0.000 pos=(-119.885,4.576,17.402) bounded=false
tick=6720 phase=following reason=path_ready wp=2 dist_wp=4.37 bearing_deg=-33.16 speed=0.000 pos=(-119.885,4.575,17.402) bounded=false
tick=6750 phase=following reason=path_ready wp=2 dist_wp=4.37 bearing_deg=-33.22 speed=0.000 pos=(-119.885,4.576,17.402) bounded=false
tick=6780 phase=following reason=path_ready wp=2 dist_wp=4.37 bearing_deg=-33.21 speed=0.000 pos=(-119.885,4.576,17.402) bounded=false
tick=6810 phase=following reason=path_ready wp=2 dist_wp=4.37 bearing_deg=-33.16 speed=0.000 pos=(-119.885,4.575,17.402) bounded=false
tick=6840 phase=following reason=path_ready wp=2 dist_wp=4.37 bearing_deg=-33.21 speed=0.000 pos=(-119.885,4.576,17.402) bounded=false
tick=6870 phase=following reason=path_ready wp=2 dist_wp=4.37 bearing_deg=-33.16 speed=0.000 pos=(-119.885,4.575,17.402) bounded=false
tick=6900 phase=following reason=path_ready wp=2 dist_wp=4.37 bearing_deg=-33.22 speed=0.000 pos=(-119.885,4.576,17.402) bounded=false
tick=6930 phase=following reason=path_ready wp=2 dist_wp=4.37 bearing_deg=-33.21 speed=0.000 pos=(-119.885,4.576,17.402) bounded=false
tick=6960 phase=following reason=path_ready wp=2 dist_wp=4.37 bearing_deg=-33.16 speed=0.000 pos=(-119.885,4.575,17.402) bounded=false
tick=6990 phase=following reason=path_ready wp=2 dist_wp=4.37 bearing_deg=-33.21 speed=0.000 pos=(-119.885,4.576,17.402) bounded=false
tick=7020 phase=following reason=path_ready wp=2 dist_wp=4.37 bearing_deg=-33.16 speed=0.000 pos=(-119.885,4.575,17.402) bounded=false
tick=7050 phase=following reason=path_ready wp=2 dist_wp=4.37 bearing_deg=-33.22 speed=0.000 pos=(-119.885,4.576,17.402) bounded=false
tick=7080 phase=following reason=path_ready wp=2 dist_wp=4.37 bearing_deg=-33.21 speed=0.000 pos=(-119.885,4.576,17.402) bounded=false
tick=7110 phase=following reason=path_ready wp=2 dist_wp=4.37 bearing_deg=-33.16 speed=0.000 pos=(-119.885,4.575,17.402) bounded=false
tick=7140 phase=following reason=path_ready wp=2 dist_wp=4.37 bearing_deg=-33.21 speed=0.000 pos=(-119.885,4.576,17.402) bounded=false
tick=7170 phase=following reason=path_ready wp=2 dist_wp=4.37 bearing_deg=-33.16 speed=0.000 pos=(-119.885,4.575,17.402) bounded=false
tick=7200 phase=following reason=path_ready wp=2 dist_wp=4.37 bearing_deg=-33.22 speed=0.000 pos=(-119.885,4.576,17.402) bounded=false
tick=7230 phase=following reason=path_ready wp=2 dist_wp=4.37 bearing_deg=-33.21 speed=0.000 pos=(-119.885,4.576,17.402) bounded=false
tick=7260 phase=following reason=path_ready wp=2 dist_wp=4.37 bearing_deg=-33.16 speed=0.000 pos=(-119.885,4.575,17.402) bounded=false
tick=7290 phase=following reason=path_ready wp=2 dist_wp=4.37 bearing_deg=-33.21 speed=0.000 pos=(-119.885,4.576,17.402) bounded=false
tick=7320 phase=following reason=path_ready wp=2 dist_wp=4.37 bearing_deg=-33.16 speed=0.000 pos=(-119.885,4.575,17.402) bounded=false
tick=7350 phase=following reason=path_ready wp=2 dist_wp=4.37 bearing_deg=-33.22 speed=0.000 pos=(-119.885,4.576,17.402) bounded=false
tick=7380 phase=following reason=path_ready wp=2 dist_wp=4.37 bearing_deg=-33.21 speed=0.000 pos=(-119.885,4.576,17.402) bounded=false
tick=7410 phase=following reason=path_ready wp=2 dist_wp=4.37 bearing_deg=-33.16 speed=0.000 pos=(-119.885,4.575,17.402) bounded=false
tick=7440 phase=following reason=path_ready wp=2 dist_wp=4.37 bearing_deg=-33.21 speed=0.000 pos=(-119.885,4.576,17.402) bounded=false
tick=7470 phase=following reason=path_ready wp=2 dist_wp=4.37 bearing_deg=-33.16 speed=0.000 pos=(-119.885,4.575,17.402) bounded=false
tick=7500 phase=following reason=path_ready wp=2 dist_wp=4.37 bearing_deg=-33.22 speed=0.000 pos=(-119.885,4.576,17.402) bounded=false
tick=7530 phase=following reason=path_ready wp=2 dist_wp=4.37 bearing_deg=-33.21 speed=0.000 pos=(-119.885,4.576,17.402) bounded=false
tick=7560 phase=following reason=path_ready wp=2 dist_wp=4.37 bearing_deg=-33.16 speed=0.000 pos=(-119.885,4.575,17.402) bounded=false
tick=7590 phase=following reason=path_ready wp=2 dist_wp=4.37 bearing_deg=-33.21 speed=0.000 pos=(-119.885,4.576,17.402) bounded=false
tick=7620 phase=following reason=path_ready wp=2 dist_wp=4.37 bearing_deg=-33.16 speed=0.000 pos=(-119.885,4.575,17.402) bounded=false
tick=7650 phase=following reason=path_ready wp=2 dist_wp=4.37 bearing_deg=-33.22 speed=0.000 pos=(-119.885,4.576,17.402) bounded=false
tick=7680 phase=following reason=path_ready wp=2 dist_wp=4.37 bearing_deg=-33.21 speed=0.000 pos=(-119.885,4.576,17.402) bounded=false
tick=7710 phase=following reason=path_ready wp=2 dist_wp=4.37 bearing_deg=-33.16 speed=0.000 pos=(-119.885,4.575,17.402) bounded=false
tick=7740 phase=following reason=path_ready wp=2 dist_wp=4.37 bearing_deg=-33.21 speed=0.000 pos=(-119.885,4.576,17.402) bounded=false
tick=7770 phase=following reason=path_ready wp=2 dist_wp=4.37 bearing_deg=-33.16 speed=0.000 pos=(-119.885,4.575,17.402) bounded=false
tick=7800 phase=following reason=path_ready wp=2 dist_wp=4.37 bearing_deg=-33.22 speed=0.000 pos=(-119.885,4.576,17.402) bounded=false
tick=7830 phase=following reason=path_ready wp=2 dist_wp=4.37 bearing_deg=-33.21 speed=0.000 pos=(-119.885,4.576,17.402) bounded=false
tick=7860 phase=following reason=path_ready wp=2 dist_wp=4.37 bearing_deg=-33.16 speed=0.000 pos=(-119.885,4.575,17.402) bounded=false
tick=7890 phase=following reason=path_ready wp=2 dist_wp=4.37 bearing_deg=-33.21 speed=0.000 pos=(-119.885,4.576,17.402) bounded=false
tick=7920 phase=following reason=path_ready wp=2 dist_wp=4.37 bearing_deg=-33.16 speed=0.000 pos=(-119.885,4.575,17.402) bounded=false
tick=7950 phase=following reason=path_ready wp=2 dist_wp=4.37 bearing_deg=-33.22 speed=0.000 pos=(-119.885,4.576,17.402) bounded=false
tick=7980 phase=following reason=path_ready wp=2 dist_wp=4.37 bearing_deg=-33.21 speed=0.000 pos=(-119.885,4.576,17.402) bounded=false
tick=8010 phase=following reason=path_ready wp=2 dist_wp=4.37 bearing_deg=-33.16 speed=0.000 pos=(-119.885,4.575,17.402) bounded=false
tick=8040 phase=following reason=path_ready wp=2 dist_wp=4.37 bearing_deg=-33.21 speed=0.000 pos=(-119.885,4.576,17.402) bounded=false
tick=8070 phase=following reason=path_ready wp=2 dist_wp=4.37 bearing_deg=-33.16 speed=0.000 pos=(-119.885,4.575,17.402) bounded=false
tick=8100 phase=following reason=path_ready wp=2 dist_wp=4.37 bearing_deg=-33.22 speed=0.000 pos=(-119.885,4.576,17.402) bounded=false
tick=8130 phase=following reason=path_ready wp=2 dist_wp=4.37 bearing_deg=-33.21 speed=0.000 pos=(-119.885,4.576,17.402) bounded=false
tick=8160 phase=following reason=path_ready wp=2 dist_wp=4.37 bearing_deg=-33.16 speed=0.000 pos=(-119.885,4.575,17.402) bounded=false
tick=8190 phase=following reason=path_ready wp=2 dist_wp=4.37 bearing_deg=-33.21 speed=0.000 pos=(-119.885,4.576,17.402) bounded=false
tick=8220 phase=following reason=path_ready wp=2 dist_wp=4.37 bearing_deg=-33.16 speed=0.000 pos=(-119.885,4.575,17.402) bounded=false
tick=8250 phase=following reason=path_ready wp=2 dist_wp=4.37 bearing_deg=-33.22 speed=0.000 pos=(-119.885,4.576,17.402) bounded=false
tick=8280 phase=following reason=path_ready wp=2 dist_wp=4.37 bearing_deg=-33.21 speed=0.000 pos=(-119.885,4.576,17.402) bounded=false
tick=8310 phase=following reason=path_ready wp=2 dist_wp=4.37 bearing_deg=-33.16 speed=0.000 pos=(-119.885,4.575,17.402) bounded=false
tick=8340 phase=following reason=path_ready wp=2 dist_wp=4.37 bearing_deg=-33.21 speed=0.000 pos=(-119.885,4.576,17.402) bounded=false
tick=8370 phase=following reason=path_ready wp=2 dist_wp=4.37 bearing_deg=-33.16 speed=0.000 pos=(-119.885,4.575,17.402) bounded=false
tick=8400 phase=following reason=path_ready wp=2 dist_wp=4.37 bearing_deg=-33.22 speed=0.000 pos=(-119.885,4.576,17.402) bounded=false
tick=8430 phase=following reason=path_ready wp=2 dist_wp=4.37 bearing_deg=-33.21 speed=0.000 pos=(-119.885,4.576,17.402) bounded=false
tick=8460 phase=following reason=path_ready wp=2 dist_wp=4.37 bearing_deg=-33.16 speed=0.000 pos=(-119.885,4.575,17.402) bounded=false
tick=8490 phase=following reason=path_ready wp=2 dist_wp=4.37 bearing_deg=-33.21 speed=0.000 pos=(-119.885,4.576,17.402) bounded=false
tick=8520 phase=following reason=path_ready wp=2 dist_wp=4.37 bearing_deg=-33.16 speed=0.000 pos=(-119.885,4.575,17.402) bounded=false
tick=8550 phase=following reason=path_ready wp=2 dist_wp=4.37 bearing_deg=-33.22 speed=0.000 pos=(-119.885,4.576,17.402) bounded=false
tick=8580 phase=following reason=path_ready wp=2 dist_wp=4.37 bearing_deg=-33.21 speed=0.000 pos=(-119.885,4.576,17.402) bounded=false
tick=8610 phase=following reason=path_ready wp=2 dist_wp=4.37 bearing_deg=-33.16 speed=0.000 pos=(-119.885,4.575,17.402) bounded=false
tick=8640 phase=following reason=path_ready wp=2 dist_wp=4.37 bearing_deg=-33.21 speed=0.000 pos=(-119.885,4.576,17.402) bounded=false
tick=8670 phase=following reason=path_ready wp=2 dist_wp=4.37 bearing_deg=-33.16 speed=0.000 pos=(-119.885,4.575,17.402) bounded=false
tick=8700 phase=following reason=path_ready wp=2 dist_wp=4.37 bearing_deg=-33.22 speed=0.000 pos=(-119.885,4.576,17.402) bounded=false
tick=8730 phase=following reason=path_ready wp=2 dist_wp=4.37 bearing_deg=-33.21 speed=0.000 pos=(-119.885,4.576,17.402) bounded=false
tick=8760 phase=following reason=path_ready wp=2 dist_wp=4.37 bearing_deg=-33.16 speed=0.000 pos=(-119.885,4.575,17.402) bounded=false
tick=8790 phase=following reason=path_ready wp=2 dist_wp=4.37 bearing_deg=-33.21 speed=0.000 pos=(-119.885,4.576,17.402) bounded=false
tick=8820 phase=following reason=path_ready wp=2 dist_wp=4.37 bearing_deg=-33.16 speed=0.000 pos=(-119.885,4.575,17.402) bounded=false
tick=8850 phase=following reason=path_ready wp=2 dist_wp=4.37 bearing_deg=-33.22 speed=0.000 pos=(-119.885,4.576,17.402) bounded=false
tick=8880 phase=following reason=path_ready wp=2 dist_wp=4.37 bearing_deg=-33.21 speed=0.000 pos=(-119.885,4.576,17.402) bounded=false
tick=8910 phase=following reason=path_ready wp=2 dist_wp=4.37 bearing_deg=-33.16 speed=0.000 pos=(-119.885,4.575,17.402) bounded=false
tick=8940 phase=following reason=path_ready wp=2 dist_wp=4.37 bearing_deg=-33.21 speed=0.000 pos=(-119.885,4.576,17.402) bounded=false
tick=8970 phase=following reason=path_ready wp=2 dist_wp=4.37 bearing_deg=-33.16 speed=0.000 pos=(-119.885,4.575,17.402) bounded=false
tick=9000 phase=following reason=path_ready wp=2 dist_wp=4.37 bearing_deg=-33.22 speed=0.000 pos=(-119.885,4.576,17.402) bounded=false
tick=9030 phase=following reason=path_ready wp=2 dist_wp=4.37 bearing_deg=-33.21 speed=0.000 pos=(-119.885,4.576,17.402) bounded=false
tick=9060 phase=following reason=path_ready wp=2 dist_wp=4.37 bearing_deg=-33.16 speed=0.000 pos=(-119.885,4.575,17.402) bounded=false
tick=9090 phase=following reason=path_ready wp=2 dist_wp=4.37 bearing_deg=-33.21 speed=0.000 pos=(-119.885,4.576,17.402) bounded=false
tick=9120 phase=following reason=path_ready wp=2 dist_wp=4.37 bearing_deg=-33.16 speed=0.000 pos=(-119.885,4.575,17.402) bounded=false
tick=9150 phase=following reason=path_ready wp=2 dist_wp=4.37 bearing_deg=-33.22 speed=0.000 pos=(-119.885,4.576,17.402) bounded=false
tick=9180 phase=following reason=path_ready wp=2 dist_wp=4.37 bearing_deg=-33.21 speed=0.000 pos=(-119.885,4.576,17.402) bounded=false
tick=9210 phase=following reason=path_ready wp=2 dist_wp=4.37 bearing_deg=-33.16 speed=0.000 pos=(-119.885,4.575,17.402) bounded=false
tick=9240 phase=following reason=path_ready wp=2 dist_wp=4.37 bearing_deg=-33.21 speed=0.000 pos=(-119.885,4.576,17.402) bounded=false
tick=9270 phase=following reason=path_ready wp=2 dist_wp=4.37 bearing_deg=-33.16 speed=0.000 pos=(-119.885,4.575,17.402) bounded=false
tick=9300 phase=following reason=path_ready wp=2 dist_wp=4.37 bearing_deg=-33.22 speed=0.000 pos=(-119.885,4.576,17.402) bounded=false
tick=9330 phase=following reason=path_ready wp=2 dist_wp=4.37 bearing_deg=-33.21 speed=0.000 pos=(-119.885,4.576,17.402) bounded=false
tick=9360 phase=following reason=path_ready wp=2 dist_wp=4.37 bearing_deg=-33.16 speed=0.000 pos=(-119.885,4.575,17.402) bounded=false
tick=9390 phase=following reason=path_ready wp=2 dist_wp=4.37 bearing_deg=-33.21 speed=0.000 pos=(-119.885,4.576,17.402) bounded=false
tick=9420 phase=following reason=path_ready wp=2 dist_wp=4.37 bearing_deg=-33.16 speed=0.000 pos=(-119.885,4.575,17.402) bounded=false
tick=9450 phase=following reason=path_ready wp=2 dist_wp=4.37 bearing_deg=-33.22 speed=0.000 pos=(-119.885,4.576,17.402) bounded=false
tick=9480 phase=following reason=path_ready wp=2 dist_wp=4.37 bearing_deg=-33.21 speed=0.000 pos=(-119.885,4.576,17.402) bounded=false
tick=9510 phase=following reason=path_ready wp=2 dist_wp=4.37 bearing_deg=-33.16 speed=0.000 pos=(-119.885,4.575,17.402) bounded=false
tick=9540 phase=following reason=path_ready wp=2 dist_wp=4.37 bearing_deg=-33.21 speed=0.000 pos=(-119.885,4.576,17.402) bounded=false
tick=9570 phase=following reason=path_ready wp=2 dist_wp=4.37 bearing_deg=-33.16 speed=0.000 pos=(-119.885,4.575,17.402) bounded=false
tick=9600 phase=following reason=path_ready wp=2 dist_wp=4.37 bearing_deg=-33.22 speed=0.000 pos=(-119.885,4.576,17.402) bounded=false
tick=9630 phase=following reason=path_ready wp=2 dist_wp=4.37 bearing_deg=-33.21 speed=0.000 pos=(-119.885,4.576,17.402) bounded=false
tick=9660 phase=following reason=path_ready wp=2 dist_wp=4.37 bearing_deg=-33.16 speed=0.000 pos=(-119.885,4.575,17.402) bounded=false
tick=9690 phase=following reason=path_ready wp=2 dist_wp=4.37 bearing_deg=-33.21 speed=0.000 pos=(-119.885,4.576,17.402) bounded=false
tick=9720 phase=following reason=path_ready wp=2 dist_wp=4.37 bearing_deg=-33.16 speed=0.000 pos=(-119.885,4.575,17.402) bounded=false
tick=9750 phase=following reason=path_ready wp=2 dist_wp=4.37 bearing_deg=-33.22 speed=0.000 pos=(-119.885,4.576,17.402) bounded=false
tick=9780 phase=following reason=path_ready wp=2 dist_wp=4.37 bearing_deg=-33.21 speed=0.000 pos=(-119.885,4.576,17.402) bounded=false
tick=9810 phase=following reason=path_ready wp=2 dist_wp=4.37 bearing_deg=-33.16 speed=0.000 pos=(-119.885,4.575,17.402) bounded=false
tick=9840 phase=following reason=path_ready wp=2 dist_wp=4.37 bearing_deg=-33.21 speed=0.000 pos=(-119.885,4.576,17.402) bounded=false
tick=9870 phase=following reason=path_ready wp=2 dist_wp=4.37 bearing_deg=-33.16 speed=0.000 pos=(-119.885,4.575,17.402) bounded=false
tick=9900 phase=following reason=path_ready wp=2 dist_wp=4.37 bearing_deg=-33.22 speed=0.000 pos=(-119.885,4.576,17.402) bounded=false
tick=9930 phase=following reason=path_ready wp=2 dist_wp=4.37 bearing_deg=-33.21 speed=0.000 pos=(-119.885,4.576,17.402) bounded=false
tick=9960 phase=following reason=path_ready wp=2 dist_wp=4.37 bearing_deg=-33.16 speed=0.000 pos=(-119.885,4.575,17.402) bounded=false
tick=9990 phase=following reason=path_ready wp=2 dist_wp=4.37 bearing_deg=-33.21 speed=0.000 pos=(-119.885,4.576,17.402) bounded=false
tick=10020 phase=following reason=path_ready wp=2 dist_wp=4.37 bearing_deg=-33.16 speed=0.000 pos=(-119.885,4.575,17.402) bounded=false
tick=10050 phase=following reason=path_ready wp=2 dist_wp=4.37 bearing_deg=-33.22 speed=0.000 pos=(-119.885,4.576,17.402) bounded=false
tick=10080 phase=following reason=path_ready wp=2 dist_wp=4.37 bearing_deg=-33.21 speed=0.000 pos=(-119.885,4.576,17.402) bounded=false
tick=10110 phase=following reason=path_ready wp=2 dist_wp=4.37 bearing_deg=-33.16 speed=0.000 pos=(-119.885,4.575,17.402) bounded=false
tick=10140 phase=following reason=path_ready wp=2 dist_wp=4.37 bearing_deg=-33.21 speed=0.000 pos=(-119.885,4.576,17.402) bounded=false
tick=10170 phase=following reason=path_ready wp=2 dist_wp=4.37 bearing_deg=-33.16 speed=0.000 pos=(-119.885,4.575,17.402) bounded=false
tick=10200 phase=following reason=path_ready wp=2 dist_wp=4.37 bearing_deg=-33.22 speed=0.000 pos=(-119.885,4.576,17.402) bounded=false
tick=10230 phase=following reason=path_ready wp=2 dist_wp=4.37 bearing_deg=-33.21 speed=0.000 pos=(-119.885,4.576,17.402) bounded=false
tick=10260 phase=following reason=path_ready wp=2 dist_wp=4.37 bearing_deg=-33.16 speed=0.000 pos=(-119.885,4.575,17.402) bounded=false
tick=10290 phase=following reason=path_ready wp=2 dist_wp=4.37 bearing_deg=-33.21 speed=0.000 pos=(-119.885,4.576,17.402) bounded=false
tick=10320 phase=following reason=path_ready wp=2 dist_wp=4.37 bearing_deg=-33.16 speed=0.000 pos=(-119.885,4.575,17.402) bounded=false
tick=10350 phase=following reason=path_ready wp=2 dist_wp=4.37 bearing_deg=-33.22 speed=0.000 pos=(-119.885,4.576,17.402) bounded=false
tick=10380 phase=following reason=path_ready wp=2 dist_wp=4.37 bearing_deg=-33.21 speed=0.000 pos=(-119.885,4.576,17.402) bounded=false
tick=10410 phase=following reason=path_ready wp=2 dist_wp=4.37 bearing_deg=-33.16 speed=0.000 pos=(-119.885,4.575,17.402) bounded=false
tick=10440 phase=following reason=path_ready wp=2 dist_wp=4.37 bearing_deg=-33.21 speed=0.000 pos=(-119.885,4.576,17.402) bounded=false
tick=10470 phase=following reason=path_ready wp=2 dist_wp=4.37 bearing_deg=-33.16 speed=0.000 pos=(-119.885,4.575,17.402) bounded=false
tick=10500 phase=following reason=path_ready wp=2 dist_wp=4.37 bearing_deg=-33.22 speed=0.000 pos=(-119.885,4.576,17.402) bounded=false
tick=10530 phase=following reason=path_ready wp=2 dist_wp=4.37 bearing_deg=-33.21 speed=0.000 pos=(-119.885,4.576,17.402) bounded=false
tick=10560 phase=following reason=path_ready wp=2 dist_wp=4.37 bearing_deg=-33.16 speed=0.000 pos=(-119.885,4.575,17.402) bounded=false
tick=10590 phase=following reason=path_ready wp=2 dist_wp=4.37 bearing_deg=-33.21 speed=0.000 pos=(-119.885,4.576,17.402) bounded=false
tick=10620 phase=following reason=path_ready wp=2 dist_wp=4.37 bearing_deg=-33.16 speed=0.000 pos=(-119.885,4.575,17.402) bounded=false
tick=10650 phase=following reason=path_ready wp=2 dist_wp=4.37 bearing_deg=-33.22 speed=0.000 pos=(-119.885,4.576,17.402) bounded=false
tick=10680 phase=following reason=path_ready wp=2 dist_wp=4.37 bearing_deg=-33.21 speed=0.000 pos=(-119.885,4.576,17.402) bounded=false
tick=10710 phase=following reason=path_ready wp=2 dist_wp=4.37 bearing_deg=-33.16 speed=0.000 pos=(-119.885,4.575,17.402) bounded=false
tick=10740 phase=following reason=path_ready wp=2 dist_wp=4.37 bearing_deg=-33.21 speed=0.000 pos=(-119.885,4.576,17.402) bounded=false
tick=10770 phase=following reason=path_ready wp=2 dist_wp=4.37 bearing_deg=-33.16 speed=0.000 pos=(-119.885,4.575,17.402) bounded=false
tick=10800 phase=following reason=path_ready wp=2 dist_wp=4.37 bearing_deg=-33.22 speed=0.000 pos=(-119.885,4.576,17.402) bounded=false
tick=10830 phase=following reason=path_ready wp=2 dist_wp=4.37 bearing_deg=-33.21 speed=0.000 pos=(-119.885,4.576,17.402) bounded=false
tick=10860 phase=following reason=path_ready wp=2 dist_wp=4.37 bearing_deg=-33.16 speed=0.000 pos=(-119.885,4.575,17.402) bounded=false
tick=10890 phase=following reason=path_ready wp=2 dist_wp=4.37 bearing_deg=-33.21 speed=0.000 pos=(-119.885,4.576,17.402) bounded=false
tick=10920 phase=following reason=path_ready wp=2 dist_wp=4.37 bearing_deg=-33.16 speed=0.000 pos=(-119.885,4.575,17.402) bounded=false
tick=10950 phase=following reason=path_ready wp=2 dist_wp=4.37 bearing_deg=-33.22 speed=0.000 pos=(-119.885,4.576,17.402) bounded=false
tick=10980 phase=following reason=path_ready wp=2 dist_wp=4.37 bearing_deg=-33.21 speed=0.000 pos=(-119.885,4.576,17.402) bounded=false
tick=11010 phase=following reason=path_ready wp=2 dist_wp=4.37 bearing_deg=-33.16 speed=0.000 pos=(-119.885,4.575,17.402) bounded=false
tick=11040 phase=following reason=path_ready wp=2 dist_wp=4.37 bearing_deg=-33.21 speed=0.000 pos=(-119.885,4.576,17.402) bounded=false
tick=11070 phase=following reason=path_ready wp=2 dist_wp=4.37 bearing_deg=-33.16 speed=0.000 pos=(-119.885,4.575,17.402) bounded=false
tick=11100 phase=following reason=path_ready wp=2 dist_wp=4.37 bearing_deg=-33.22 speed=0.000 pos=(-119.885,4.576,17.402) bounded=false
tick=11130 phase=following reason=path_ready wp=2 dist_wp=4.37 bearing_deg=-33.21 speed=0.000 pos=(-119.885,4.576,17.402) bounded=false
tick=11160 phase=following reason=path_ready wp=2 dist_wp=4.37 bearing_deg=-33.16 speed=0.000 pos=(-119.885,4.575,17.402) bounded=false
tick=11190 phase=following reason=path_ready wp=2 dist_wp=4.37 bearing_deg=-33.21 speed=0.000 pos=(-119.885,4.576,17.402) bounded=false
tick=11220 phase=following reason=path_ready wp=2 dist_wp=4.37 bearing_deg=-33.16 speed=0.000 pos=(-119.885,4.575,17.402) bounded=false
tick=11250 phase=following reason=path_ready wp=2 dist_wp=4.37 bearing_deg=-33.22 speed=0.000 pos=(-119.885,4.576,17.402) bounded=false
tick=11280 phase=following reason=path_ready wp=2 dist_wp=4.37 bearing_deg=-33.21 speed=0.000 pos=(-119.885,4.576,17.402) bounded=false
tick=11310 phase=following reason=path_ready wp=2 dist_wp=4.37 bearing_deg=-33.16 speed=0.000 pos=(-119.885,4.575,17.402) bounded=false
tick=11340 phase=following reason=path_ready wp=2 dist_wp=4.37 bearing_deg=-33.21 speed=0.000 pos=(-119.885,4.576,17.402) bounded=false
tick=11370 phase=following reason=path_ready wp=2 dist_wp=4.37 bearing_deg=-33.16 speed=0.000 pos=(-119.885,4.575,17.402) bounded=false
tick=11400 phase=following reason=path_ready wp=2 dist_wp=4.37 bearing_deg=-33.22 speed=0.000 pos=(-119.885,4.576,17.402) bounded=false
tick=11430 phase=following reason=path_ready wp=2 dist_wp=4.37 bearing_deg=-33.21 speed=0.000 pos=(-119.885,4.576,17.402) bounded=false
tick=11460 phase=following reason=path_ready wp=2 dist_wp=4.37 bearing_deg=-33.16 speed=0.000 pos=(-119.885,4.575,17.402) bounded=false
tick=11490 phase=following reason=path_ready wp=2 dist_wp=4.37 bearing_deg=-33.21 speed=0.000 pos=(-119.885,4.576,17.402) bounded=false
tick=11520 phase=following reason=path_ready wp=2 dist_wp=4.37 bearing_deg=-33.16 speed=0.000 pos=(-119.885,4.575,17.402) bounded=false
tick=11550 phase=following reason=path_ready wp=2 dist_wp=4.37 bearing_deg=-33.22 speed=0.000 pos=(-119.885,4.576,17.402) bounded=false
tick=11580 phase=following reason=path_ready wp=2 dist_wp=4.37 bearing_deg=-33.21 speed=0.000 pos=(-119.885,4.576,17.402) bounded=false
tick=11610 phase=following reason=path_ready wp=2 dist_wp=4.37 bearing_deg=-33.16 speed=0.000 pos=(-119.885,4.575,17.402) bounded=false
tick=11640 phase=following reason=path_ready wp=2 dist_wp=4.37 bearing_deg=-33.21 speed=0.000 pos=(-119.885,4.576,17.402) bounded=false
tick=11670 phase=following reason=path_ready wp=2 dist_wp=4.37 bearing_deg=-33.16 speed=0.000 pos=(-119.885,4.575,17.402) bounded=false
tick=11700 phase=following reason=path_ready wp=2 dist_wp=4.37 bearing_deg=-33.22 speed=0.000 pos=(-119.885,4.576,17.402) bounded=false
tick=11730 phase=following reason=path_ready wp=2 dist_wp=4.37 bearing_deg=-33.21 speed=0.000 pos=(-119.885,4.576,17.402) bounded=false
tick=11760 phase=following reason=path_ready wp=2 dist_wp=4.37 bearing_deg=-33.16 speed=0.000 pos=(-119.885,4.575,17.402) bounded=false
tick=11790 phase=following reason=path_ready wp=2 dist_wp=4.37 bearing_deg=-33.21 speed=0.000 pos=(-119.885,4.576,17.402) bounded=false
tick=11820 phase=following reason=path_ready wp=2 dist_wp=4.37 bearing_deg=-33.16 speed=0.000 pos=(-119.885,4.575,17.402) bounded=false
tick=11850 phase=following reason=path_ready wp=2 dist_wp=4.37 bearing_deg=-33.22 speed=0.000 pos=(-119.885,4.576,17.402) bounded=false
tick=11880 phase=following reason=path_ready wp=2 dist_wp=4.37 bearing_deg=-33.21 speed=0.000 pos=(-119.885,4.576,17.402) bounded=false
tick=11910 phase=following reason=path_ready wp=2 dist_wp=4.37 bearing_deg=-33.16 speed=0.000 pos=(-119.885,4.575,17.402) bounded=false
tick=11940 phase=following reason=path_ready wp=2 dist_wp=4.37 bearing_deg=-33.21 speed=0.000 pos=(-119.885,4.576,17.402) bounded=false
tick=11970 phase=following reason=path_ready wp=2 dist_wp=4.37 bearing_deg=-33.16 speed=0.000 pos=(-119.885,4.575,17.402) bounded=false
tick=12000 phase=following reason=path_ready wp=2 dist_wp=4.37 bearing_deg=-33.22 speed=0.000 pos=(-119.885,4.576,17.402) bounded=false
tick=12030 phase=following reason=path_ready wp=2 dist_wp=4.37 bearing_deg=-33.21 speed=0.000 pos=(-119.885,4.576,17.402) bounded=false
tick=12060 phase=following reason=path_ready wp=2 dist_wp=4.37 bearing_deg=-33.16 speed=0.000 pos=(-119.885,4.575,17.402) bounded=false
tick=12090 phase=following reason=path_ready wp=2 dist_wp=4.37 bearing_deg=-33.21 speed=0.000 pos=(-119.885,4.576,17.402) bounded=false
tick=12120 phase=following reason=path_ready wp=2 dist_wp=4.37 bearing_deg=-33.16 speed=0.000 pos=(-119.885,4.575,17.402) bounded=false
tick=12150 phase=following reason=path_ready wp=2 dist_wp=4.37 bearing_deg=-33.22 speed=0.000 pos=(-119.885,4.576,17.402) bounded=false
tick=12180 phase=following reason=path_ready wp=2 dist_wp=4.37 bearing_deg=-33.21 speed=0.000 pos=(-119.885,4.576,17.402) bounded=false
tick=12210 phase=following reason=path_ready wp=2 dist_wp=4.37 bearing_deg=-33.16 speed=0.000 pos=(-119.885,4.575,17.402) bounded=false
tick=12240 phase=following reason=path_ready wp=2 dist_wp=4.37 bearing_deg=-33.21 speed=0.000 pos=(-119.885,4.576,17.402) bounded=false
tick=12270 phase=following reason=path_ready wp=2 dist_wp=4.37 bearing_deg=-33.16 speed=0.000 pos=(-119.885,4.575,17.402) bounded=false
tick=12300 phase=following reason=path_ready wp=2 dist_wp=4.37 bearing_deg=-33.22 speed=0.000 pos=(-119.885,4.576,17.402) bounded=false
tick=12330 phase=following reason=path_ready wp=2 dist_wp=4.37 bearing_deg=-33.21 speed=0.000 pos=(-119.885,4.576,17.402) bounded=false
tick=12360 phase=following reason=path_ready wp=2 dist_wp=4.37 bearing_deg=-33.16 speed=0.000 pos=(-119.885,4.575,17.402) bounded=false
tick=12390 phase=following reason=path_ready wp=2 dist_wp=4.37 bearing_deg=-33.21 speed=0.000 pos=(-119.885,4.576,17.402) bounded=false
tick=12420 phase=following reason=path_ready wp=2 dist_wp=4.37 bearing_deg=-33.16 speed=0.000 pos=(-119.885,4.575,17.402) bounded=false
tick=12450 phase=following reason=path_ready wp=2 dist_wp=4.37 bearing_deg=-33.22 speed=0.000 pos=(-119.885,4.576,17.402) bounded=false
tick=12480 phase=following reason=path_ready wp=2 dist_wp=4.37 bearing_deg=-33.21 speed=0.000 pos=(-119.885,4.576,17.402) bounded=false
tick=12510 phase=following reason=path_ready wp=2 dist_wp=4.37 bearing_deg=-33.16 speed=0.000 pos=(-119.885,4.575,17.402) bounded=false
tick=12540 phase=following reason=path_ready wp=2 dist_wp=4.37 bearing_deg=-33.21 speed=0.000 pos=(-119.885,4.576,17.402) bounded=false
tick=12570 phase=following reason=path_ready wp=2 dist_wp=4.37 bearing_deg=-33.16 speed=0.000 pos=(-119.885,4.575,17.402) bounded=false
tick=12600 phase=following reason=path_ready wp=2 dist_wp=4.37 bearing_deg=-33.22 speed=0.000 pos=(-119.885,4.576,17.402) bounded=false
tick=12630 phase=following reason=path_ready wp=2 dist_wp=4.37 bearing_deg=-33.21 speed=0.000 pos=(-119.885,4.576,17.402) bounded=false
tick=12660 phase=following reason=path_ready wp=2 dist_wp=4.37 bearing_deg=-33.16 speed=0.000 pos=(-119.885,4.575,17.402) bounded=false
tick=12690 phase=following reason=path_ready wp=2 dist_wp=4.37 bearing_deg=-33.21 speed=0.000 pos=(-119.885,4.576,17.402) bounded=false
tick=12720 phase=following reason=path_ready wp=2 dist_wp=4.37 bearing_deg=-33.16 speed=0.000 pos=(-119.885,4.575,17.402) bounded=false
tick=12750 phase=following reason=path_ready wp=2 dist_wp=4.37 bearing_deg=-33.22 speed=0.000 pos=(-119.885,4.576,17.402) bounded=false
tick=12780 phase=following reason=path_ready wp=2 dist_wp=4.37 bearing_deg=-33.21 speed=0.000 pos=(-119.885,4.576,17.402) bounded=false
tick=12810 phase=following reason=path_ready wp=2 dist_wp=4.37 bearing_deg=-33.16 speed=0.000 pos=(-119.885,4.575,17.402) bounded=false
tick=12840 phase=following reason=path_ready wp=2 dist_wp=4.37 bearing_deg=-33.21 speed=0.000 pos=(-119.885,4.576,17.402) bounded=false
tick=12870 phase=following reason=path_ready wp=2 dist_wp=4.37 bearing_deg=-33.16 speed=0.000 pos=(-119.885,4.575,17.402) bounded=false
tick=12900 phase=following reason=path_ready wp=2 dist_wp=4.37 bearing_deg=-33.22 speed=0.000 pos=(-119.885,4.576,17.402) bounded=false
tick=12930 phase=following reason=path_ready wp=2 dist_wp=4.37 bearing_deg=-33.21 speed=0.000 pos=(-119.885,4.576,17.402) bounded=false
tick=12960 phase=following reason=path_ready wp=2 dist_wp=4.37 bearing_deg=-33.16 speed=0.000 pos=(-119.885,4.575,17.402) bounded=false
tick=12990 phase=following reason=path_ready wp=2 dist_wp=4.37 bearing_deg=-33.21 speed=0.000 pos=(-119.885,4.576,17.402) bounded=false
tick=13020 phase=following reason=path_ready wp=2 dist_wp=4.37 bearing_deg=-33.16 speed=0.000 pos=(-119.885,4.575,17.402) bounded=false
tick=13050 phase=following reason=path_ready wp=2 dist_wp=4.37 bearing_deg=-33.22 speed=0.000 pos=(-119.885,4.576,17.402) bounded=false
tick=13080 phase=following reason=path_ready wp=2 dist_wp=4.37 bearing_deg=-33.21 speed=0.000 pos=(-119.885,4.576,17.402) bounded=false
tick=13110 phase=following reason=path_ready wp=2 dist_wp=4.37 bearing_deg=-33.16 speed=0.000 pos=(-119.885,4.575,17.402) bounded=false
tick=13140 phase=following reason=path_ready wp=2 dist_wp=4.37 bearing_deg=-33.21 speed=0.000 pos=(-119.885,4.576,17.402) bounded=false
tick=13170 phase=following reason=path_ready wp=2 dist_wp=4.37 bearing_deg=-33.16 speed=0.000 pos=(-119.885,4.575,17.402) bounded=false
tick=13200 phase=following reason=path_ready wp=2 dist_wp=4.37 bearing_deg=-33.22 speed=0.000 pos=(-119.885,4.576,17.402) bounded=false
tick=13230 phase=following reason=path_ready wp=2 dist_wp=4.37 bearing_deg=-33.21 speed=0.000 pos=(-119.885,4.576,17.402) bounded=false
tick=13260 phase=following reason=path_ready wp=2 dist_wp=4.37 bearing_deg=-33.16 speed=0.000 pos=(-119.885,4.575,17.402) bounded=false
tick=13290 phase=following reason=path_ready wp=2 dist_wp=4.37 bearing_deg=-33.21 speed=0.000 pos=(-119.885,4.576,17.402) bounded=false
tick=13320 phase=following reason=path_ready wp=2 dist_wp=4.37 bearing_deg=-33.16 speed=0.000 pos=(-119.885,4.575,17.402) bounded=false
tick=13350 phase=following reason=path_ready wp=2 dist_wp=4.37 bearing_deg=-33.22 speed=0.000 pos=(-119.885,4.576,17.402) bounded=false
tick=13380 phase=following reason=path_ready wp=2 dist_wp=4.37 bearing_deg=-33.21 speed=0.000 pos=(-119.885,4.576,17.402) bounded=false
tick=13410 phase=following reason=path_ready wp=2 dist_wp=4.37 bearing_deg=-33.16 speed=0.000 pos=(-119.885,4.575,17.402) bounded=false
tick=13440 phase=following reason=path_ready wp=2 dist_wp=4.37 bearing_deg=-33.21 speed=0.000 pos=(-119.885,4.576,17.402) bounded=false
tick=13470 phase=following reason=path_ready wp=2 dist_wp=4.37 bearing_deg=-33.16 speed=0.000 pos=(-119.885,4.575,17.402) bounded=false
tick=13500 phase=following reason=path_ready wp=2 dist_wp=4.37 bearing_deg=-33.22 speed=0.000 pos=(-119.885,4.576,17.402) bounded=false
tick=13530 phase=following reason=path_ready wp=2 dist_wp=4.37 bearing_deg=-33.21 speed=0.000 pos=(-119.885,4.576,17.402) bounded=false
tick=13560 phase=following reason=path_ready wp=2 dist_wp=4.37 bearing_deg=-33.16 speed=0.000 pos=(-119.885,4.575,17.402) bounded=false
tick=13590 phase=following reason=path_ready wp=2 dist_wp=4.37 bearing_deg=-33.21 speed=0.000 pos=(-119.885,4.576,17.402) bounded=false
tick=13620 phase=following reason=path_ready wp=2 dist_wp=4.37 bearing_deg=-33.16 speed=0.000 pos=(-119.885,4.575,17.402) bounded=false
tick=13650 phase=following reason=path_ready wp=2 dist_wp=4.37 bearing_deg=-33.22 speed=0.000 pos=(-119.885,4.576,17.402) bounded=false
tick=13680 phase=following reason=path_ready wp=2 dist_wp=4.37 bearing_deg=-33.21 speed=0.000 pos=(-119.885,4.576,17.402) bounded=false
tick=13710 phase=following reason=path_ready wp=2 dist_wp=4.37 bearing_deg=-33.16 speed=0.000 pos=(-119.885,4.575,17.402) bounded=false
tick=13740 phase=following reason=path_ready wp=2 dist_wp=4.37 bearing_deg=-33.21 speed=0.000 pos=(-119.885,4.576,17.402) bounded=false
tick=13770 phase=following reason=path_ready wp=2 dist_wp=4.37 bearing_deg=-33.16 speed=0.000 pos=(-119.885,4.575,17.402) bounded=false
tick=13800 phase=following reason=path_ready wp=2 dist_wp=4.37 bearing_deg=-33.22 speed=0.000 pos=(-119.885,4.576,17.402) bounded=false
tick=13830 phase=following reason=path_ready wp=2 dist_wp=4.37 bearing_deg=-33.21 speed=0.000 pos=(-119.885,4.576,17.402) bounded=false
tick=13860 phase=following reason=path_ready wp=2 dist_wp=4.37 bearing_deg=-33.16 speed=0.000 pos=(-119.885,4.575,17.402) bounded=false
tick=13890 phase=following reason=path_ready wp=2 dist_wp=4.37 bearing_deg=-33.21 speed=0.000 pos=(-119.885,4.576,17.402) bounded=false
tick=13920 phase=following reason=path_ready wp=2 dist_wp=4.37 bearing_deg=-33.16 speed=0.000 pos=(-119.885,4.575,17.402) bounded=false
tick=13950 phase=following reason=path_ready wp=2 dist_wp=4.37 bearing_deg=-33.22 speed=0.000 pos=(-119.885,4.576,17.402) bounded=false
tick=13980 phase=following reason=path_ready wp=2 dist_wp=4.37 bearing_deg=-33.21 speed=0.000 pos=(-119.885,4.576,17.402) bounded=false
tick=14010 phase=following reason=path_ready wp=2 dist_wp=4.37 bearing_deg=-33.16 speed=0.000 pos=(-119.885,4.575,17.402) bounded=false
tick=14040 phase=following reason=path_ready wp=2 dist_wp=4.37 bearing_deg=-33.21 speed=0.000 pos=(-119.885,4.576,17.402) bounded=false
tick=14070 phase=following reason=path_ready wp=2 dist_wp=4.37 bearing_deg=-33.16 speed=0.000 pos=(-119.885,4.575,17.402) bounded=false
tick=14100 phase=following reason=path_ready wp=2 dist_wp=4.37 bearing_deg=-33.22 speed=0.000 pos=(-119.885,4.576,17.402) bounded=false
tick=14130 phase=following reason=path_ready wp=2 dist_wp=4.37 bearing_deg=-33.21 speed=0.000 pos=(-119.885,4.576,17.402) bounded=false
tick=14160 phase=following reason=path_ready wp=2 dist_wp=4.37 bearing_deg=-33.16 speed=0.000 pos=(-119.885,4.575,17.402) bounded=false
tick=14190 phase=following reason=path_ready wp=2 dist_wp=4.37 bearing_deg=-33.21 speed=0.000 pos=(-119.885,4.576,17.402) bounded=false
tick=14220 phase=following reason=path_ready wp=2 dist_wp=4.37 bearing_deg=-33.16 speed=0.000 pos=(-119.885,4.575,17.402) bounded=false
tick=14250 phase=following reason=path_ready wp=2 dist_wp=4.37 bearing_deg=-33.22 speed=0.000 pos=(-119.885,4.576,17.402) bounded=false
tick=14280 phase=following reason=path_ready wp=2 dist_wp=4.37 bearing_deg=-33.21 speed=0.000 pos=(-119.885,4.576,17.402) bounded=false
tick=14310 phase=following reason=path_ready wp=2 dist_wp=4.37 bearing_deg=-33.16 speed=0.000 pos=(-119.885,4.575,17.402) bounded=false
tick=14340 phase=following reason=path_ready wp=2 dist_wp=4.37 bearing_deg=-33.21 speed=0.000 pos=(-119.885,4.576,17.402) bounded=false
tick=14370 phase=following reason=path_ready wp=2 dist_wp=4.37 bearing_deg=-33.16 speed=0.000 pos=(-119.885,4.575,17.402) bounded=false
tick=14400 phase=following reason=path_ready wp=2 dist_wp=4.37 bearing_deg=-33.22 speed=0.000 pos=(-119.885,4.576,17.402) bounded=false
tick=14430 phase=following reason=path_ready wp=2 dist_wp=4.37 bearing_deg=-33.21 speed=0.000 pos=(-119.885,4.576,17.402) bounded=false
tick=14460 phase=following reason=path_ready wp=2 dist_wp=4.37 bearing_deg=-33.16 speed=0.000 pos=(-119.885,4.575,17.402) bounded=false
tick=14490 phase=following reason=path_ready wp=2 dist_wp=4.37 bearing_deg=-33.21 speed=0.000 pos=(-119.885,4.576,17.402) bounded=false
tick=14520 phase=following reason=path_ready wp=2 dist_wp=4.37 bearing_deg=-33.16 speed=0.000 pos=(-119.885,4.575,17.402) bounded=false
tick=14550 phase=following reason=path_ready wp=2 dist_wp=4.37 bearing_deg=-33.22 speed=0.000 pos=(-119.885,4.576,17.402) bounded=false
tick=14580 phase=following reason=path_ready wp=2 dist_wp=4.37 bearing_deg=-33.21 speed=0.000 pos=(-119.885,4.576,17.402) bounded=false
tick=14610 phase=following reason=path_ready wp=2 dist_wp=4.37 bearing_deg=-33.16 speed=0.000 pos=(-119.885,4.575,17.402) bounded=false
tick=14640 phase=following reason=path_ready wp=2 dist_wp=4.37 bearing_deg=-33.21 speed=0.000 pos=(-119.885,4.576,17.402) bounded=false
tick=14670 phase=following reason=path_ready wp=2 dist_wp=4.37 bearing_deg=-33.16 speed=0.000 pos=(-119.885,4.575,17.402) bounded=false
tick=14700 phase=following reason=path_ready wp=2 dist_wp=4.37 bearing_deg=-33.22 speed=0.000 pos=(-119.885,4.576,17.402) bounded=false
tick=14730 phase=following reason=path_ready wp=2 dist_wp=4.37 bearing_deg=-33.21 speed=0.000 pos=(-119.885,4.576,17.402) bounded=false
tick=14760 phase=following reason=path_ready wp=2 dist_wp=4.37 bearing_deg=-33.16 speed=0.000 pos=(-119.885,4.575,17.402) bounded=false
tick=14790 phase=following reason=path_ready wp=2 dist_wp=4.37 bearing_deg=-33.21 speed=0.000 pos=(-119.885,4.576,17.402) bounded=false
tick=14820 phase=following reason=path_ready wp=2 dist_wp=4.37 bearing_deg=-33.16 speed=0.000 pos=(-119.885,4.575,17.402) bounded=false
tick=14850 phase=following reason=path_ready wp=2 dist_wp=4.37 bearing_deg=-33.22 speed=0.000 pos=(-119.885,4.576,17.402) bounded=false
tick=14880 phase=following reason=path_ready wp=2 dist_wp=4.37 bearing_deg=-33.21 speed=0.000 pos=(-119.885,4.576,17.402) bounded=false
tick=14910 phase=following reason=path_ready wp=2 dist_wp=4.37 bearing_deg=-33.16 speed=0.000 pos=(-119.885,4.575,17.402) bounded=false
tick=14940 phase=following reason=path_ready wp=2 dist_wp=4.37 bearing_deg=-33.21 speed=0.000 pos=(-119.885,4.576,17.402) bounded=false
tick=14970 phase=following reason=path_ready wp=2 dist_wp=4.37 bearing_deg=-33.16 speed=0.000 pos=(-119.885,4.575,17.402) bounded=false
