tick=0 phase=following reason=path_ready wp=0 dist_wp=5.00 bearing_deg=-0.00 speed=0.015 pos=(-120.000,0.001,60.000) thr=0.41 steer=0.00 on_floor=true still=1 grounded=true support_l=1.00 support_r=1.00 yaw_rate=0.000
tick=30 phase=following reason=path_ready wp=0 dist_wp=4.88 bearing_deg=-0.00 speed=0.450 pos=(-120.000,0.009,60.120) thr=0.40 steer=0.00 on_floor=true still=31 grounded=true support_l=1.00 support_r=1.00 yaw_rate=0.000
tick=60 phase=following reason=path_ready wp=0 dist_wp=4.55 bearing_deg=-0.00 speed=0.869 pos=(-120.000,0.009,60.454) thr=0.38 steer=0.00 on_floor=true still=0 grounded=true support_l=1.00 support_r=1.00 yaw_rate=0.000
tick=90 phase=following reason=path_ready wp=0 dist_wp=4.01 bearing_deg=-0.00 speed=1.256 pos=(-120.000,0.008,60.991) thr=0.35 steer=0.00 on_floor=true still=0 grounded=true support_l=1.00 support_r=1.00 yaw_rate=0.000
tick=120 phase=following reason=path_ready wp=0 dist_wp=3.29 bearing_deg=-0.00 speed=1.592 pos=(-120.000,0.007,61.708) thr=0.30 steer=0.00 on_floor=true still=0 grounded=true support_l=1.00 support_r=1.00 yaw_rate=0.000
tick=150 phase=following reason=path_ready wp=0 dist_wp=2.42 bearing_deg=-0.00 speed=1.855 pos=(-120.000,0.006,62.576) thr=0.23 steer=0.00 on_floor=true still=0 grounded=true support_l=1.00 support_r=1.00 yaw_rate=0.000
tick=180 phase=following reason=path_ready wp=0 dist_wp=1.54 bearing_deg=-0.00 speed=1.293 pos=(-120.000,0.014,63.463) thr=0.11 steer=0.00 on_floor=true still=0 grounded=true support_l=1.00 support_r=1.00 yaw_rate=0.000
tick=210 phase=following reason=path_ready wp=1 dist_wp=20.39 bearing_deg=-173.42 speed=0.000 pos=(-120.000,0.024,63.722) thr=0.00 steer=-1.00 on_floor=true still=0 grounded=true support_l=1.00 support_r=1.00 yaw_rate=-0.628
tick=240 phase=following reason=path_ready wp=1 dist_wp=20.39 bearing_deg=-155.42 speed=0.000 pos=(-120.000,0.002,63.722) thr=0.00 steer=-1.00 on_floor=true still=0 grounded=true support_l=1.00 support_r=1.00 yaw_rate=-0.628
tick=270 phase=following reason=path_ready wp=1 dist_wp=20.39 bearing_deg=-137.42 speed=0.000 pos=(-120.000,0.001,63.722) thr=0.00 steer=-1.00 on_floor=true still=0 grounded=true support_l=1.00 support_r=1.00 yaw_rate=-0.628
tick=300 phase=following reason=path_ready wp=1 dist_wp=20.39 bearing_deg=-119.42 speed=0.000 pos=(-120.000,0.001,63.722) thr=0.00 steer=-1.00 on_floor=true still=0 grounded=true support_l=1.00 support_r=1.00 yaw_rate=-0.628
tick=330 phase=following reason=path_ready wp=1 dist_wp=20.39 bearing_deg=-101.42 speed=0.000 pos=(-120.000,0.001,63.722) thr=0.00 steer=-1.00 on_floor=true still=0 grounded=true support_l=1.00 support_r=1.00 yaw_rate=-0.628
tick=360 phase=following reason=path_ready wp=1 dist_wp=20.39 bearing_deg=-83.42 speed=0.000 pos=(-120.000,0.001,63.722) thr=0.00 steer=-1.00 on_floor=true still=0 grounded=true support_l=1.00 support_r=1.00 yaw_rate=-0.628
tick=390 phase=following reason=path_ready wp=1 dist_wp=20.39 bearing_deg=-65.42 speed=0.000 pos=(-120.000,0.001,63.722) thr=0.00 steer=-1.00 on_floor=true still=0 grounded=true support_l=1.00 support_r=1.00 yaw_rate=-0.628
tick=420 phase=following reason=path_ready wp=1 dist_wp=20.39 bearing_deg=-47.42 speed=0.000 pos=(-120.000,0.001,63.722) thr=0.00 steer=-1.00 on_floor=true still=0 grounded=true support_l=1.00 support_r=1.00 yaw_rate=-0.628
tick=450 phase=following reason=path_ready wp=1 dist_wp=20.39 bearing_deg=-29.42 speed=0.000 pos=(-120.000,0.001,63.722) thr=0.00 steer=-1.00 on_floor=true still=0 grounded=true support_l=1.00 support_r=1.00 yaw_rate=-0.628
tick=480 phase=following reason=path_ready wp=1 dist_wp=20.36 bearing_deg=-14.46 speed=0.320 pos=(-120.007,0.008,63.696) thr=0.92 steer=-0.59 on_floor=true still=0 grounded=true support_l=1.00 support_r=1.00 yaw_rate=-0.369
tick=510 phase=following reason=path_ready wp=1 dist_wp=19.94 bearing_deg=-7.26 speed=1.367 pos=(-120.078,0.021,63.269) thr=0.91 steer=-0.30 on_floor=true still=0 grounded=true support_l=1.00 support_r=1.00 yaw_rate=-0.179
tick=540 phase=following reason=path_ready wp=1 dist_wp=19.00 bearing_deg=-3.83 speed=2.351 pos=(-120.156,0.020,62.334) thr=0.89 steer=-0.16 on_floor=true still=0 grounded=true support_l=1.00 support_r=1.00 yaw_rate=-0.091
tick=570 phase=following reason=path_ready wp=1 dist_wp=17.61 bearing_deg=-2.12 speed=2.998 pos=(-120.211,0.012,60.945) thr=0.85 steer=-0.09 on_floor=true still=0 grounded=true support_l=1.00 support_r=1.00 yaw_rate=-0.049
tick=600 phase=following reason=path_ready wp=1 dist_wp=15.88 bearing_deg=-1.22 speed=3.904 pos=(-120.235,0.018,59.209) thr=0.81 steer=-0.05 on_floor=true still=0 grounded=true support_l=1.00 support_r=1.00 yaw_rate=-0.028
tick=630 phase=following reason=path_ready wp=1 dist_wp=13.71 bearing_deg=-0.80 speed=4.727 pos=(-120.236,0.017,57.041) thr=0.75 steer=0.00 on_floor=true still=0 grounded=true support_l=1.00 support_r=1.00 yaw_rate=0.000
tick=660 phase=following reason=path_ready wp=1 dist_wp=11.15 bearing_deg=-0.80 speed=5.452 pos=(-120.224,0.015,54.485) thr=0.67 steer=0.00 on_floor=true still=0 grounded=true support_l=1.00 support_r=1.00 yaw_rate=0.000
tick=690 phase=following reason=path_ready wp=1 dist_wp=8.29 bearing_deg=-0.80 speed=5.857 pos=(-120.201,0.008,51.622) thr=0.56 steer=-0.03 on_floor=true still=0 grounded=true support_l=1.00 support_r=1.00 yaw_rate=-0.017
tick=720 phase=following reason=path_ready wp=1 dist_wp=5.45 bearing_deg=-0.80 speed=5.055 pos=(-120.164,0.028,48.785) thr=0.43 steer=-0.03 on_floor=true still=0 grounded=true support_l=1.00 support_r=1.00 yaw_rate=-0.017
tick=750 phase=following reason=path_ready wp=1 dist_wp=3.32 bearing_deg=-0.80 speed=3.546 pos=(-120.122,0.059,46.647) thr=0.31 steer=-0.03 on_floor=true still=0 grounded=true support_l=1.00 support_r=1.00 yaw_rate=-0.018
tick=780 phase=following reason=path_ready wp=1 dist_wp=1.93 bearing_deg=-0.81 speed=2.025 pos=(-120.085,0.080,45.261) thr=0.17 steer=0.00 on_floor=true still=0 grounded=true support_l=1.00 support_r=1.00 yaw_rate=0.000
tick=810 phase=following reason=path_ready wp=1 dist_wp=1.31 bearing_deg=-0.79 speed=0.474 pos=(-120.064,0.112,44.637) thr=0.04 steer=0.00 on_floor=true still=2 grounded=true support_l=1.00 support_r=1.00 yaw_rate=0.000
tick=840 phase=following reason=path_ready wp=2 dist_wp=22.86 bearing_deg=1.00 speed=1.220 pos=(-120.053,0.104,44.253) thr=0.97 steer=0.04 on_floor=true still=0 grounded=true support_l=1.00 support_r=1.00 yaw_rate=0.025
tick=870 phase=following reason=path_ready wp=2 dist_wp=21.99 bearing_deg=0.79 speed=2.161 pos=(-120.036,0.154,43.378) thr=0.95 steer=0.00 on_floor=true still=0 grounded=true support_l=1.00 support_r=1.00 yaw_rate=0.000
tick=900 phase=following reason=path_ready wp=2 dist_wp=20.68 bearing_deg=0.79 speed=2.904 pos=(-120.013,0.222,42.062) thr=0.92 steer=0.00 on_floor=true still=0 grounded=true support_l=1.00 support_r=1.00 yaw_rate=0.000
tick=930 phase=following reason=path_ready wp=2 dist_wp=19.12 bearing_deg=0.80 speed=3.343 pos=(-119.989,0.311,40.500) thr=0.88 steer=0.00 on_floor=true still=0 grounded=true support_l=1.00 support_r=1.00 yaw_rate=0.000
tick=960 phase=following reason=path_ready wp=2 dist_wp=17.28 bearing_deg=0.80 speed=3.849 pos=(-119.963,0.487,38.663) thr=0.84 steer=0.00 on_floor=true still=0 grounded=true support_l=1.00 support_r=1.00 yaw_rate=0.000
tick=990 phase=following reason=path_ready wp=2 dist_wp=15.23 bearing_deg=0.80 speed=4.155 pos=(-119.938,0.719,36.620) thr=0.78 steer=0.00 on_floor=true still=0 grounded=true support_l=1.00 support_r=1.00 yaw_rate=0.000
tick=1020 phase=following reason=path_ready wp=2 dist_wp=13.08 bearing_deg=0.79 speed=4.260 pos=(-119.917,1.049,34.486) thr=0.72 steer=0.03 on_floor=true still=0 grounded=true support_l=1.00 support_r=1.00 yaw_rate=0.018
tick=1050 phase=following reason=path_ready wp=2 dist_wp=10.92 bearing_deg=0.80 speed=4.174 pos=(-119.902,1.389,32.350) thr=0.65 steer=0.00 on_floor=true still=0 grounded=true support_l=1.00 support_r=1.00 yaw_rate=0.000
tick=1080 phase=following reason=path_ready wp=2 dist_wp=8.83 bearing_deg=0.80 speed=3.919 pos=(-119.893,1.792,30.308) thr=0.57 steer=0.00 on_floor=true still=0 grounded=true support_l=1.00 support_r=1.00 yaw_rate=0.000
tick=1110 phase=following reason=path_ready wp=2 dist_wp=6.92 bearing_deg=0.80 speed=3.511 pos=(-119.891,2.159,28.426) thr=0.50 steer=0.03 on_floor=true still=0 grounded=true support_l=1.00 support_r=1.00 yaw_rate=0.018
tick=1140 phase=following reason=path_ready wp=2 dist_wp=5.23 bearing_deg=0.80 speed=2.961 pos=(-119.894,2.507,26.779) thr=0.42 steer=0.03 on_floor=true still=0 grounded=true support_l=1.00 support_r=1.00 yaw_rate=0.018
tick=1170 phase=following reason=path_ready wp=2 dist_wp=3.84 bearing_deg=0.80 speed=2.310 pos=(-119.901,2.804,25.420) thr=0.33 steer=0.03 on_floor=true still=0 grounded=true support_l=1.00 support_r=1.00 yaw_rate=0.019
tick=1200 phase=following reason=path_ready wp=2 dist_wp=2.82 bearing_deg=0.80 speed=1.439 pos=(-119.908,3.025,24.419) thr=0.26 steer=0.03 on_floor=true still=0 grounded=true support_l=1.00 support_r=1.00 yaw_rate=0.019
tick=1230 phase=following reason=path_ready wp=2 dist_wp=2.22 bearing_deg=0.81 speed=0.583 pos=(-119.907,3.154,23.838) thr=0.20 steer=0.03 on_floor=true still=0 grounded=true support_l=1.00 support_r=1.00 yaw_rate=0.020
tick=1260 phase=following reason=path_ready wp=2 dist_wp=2.03 bearing_deg=0.82 speed=0.000 pos=(-119.894,3.191,23.651) thr=0.18 steer=0.03 on_floor=true still=24 grounded=true support_l=1.00 support_r=1.00 yaw_rate=0.021
tick=1290 phase=following reason=path_ready wp=2 dist_wp=1.95 bearing_deg=0.82 speed=0.000 pos=(-119.879,3.201,23.565) thr=0.17 steer=0.03 on_floor=true still=54 grounded=true support_l=1.00 support_r=1.00 yaw_rate=0.020
tick=1320 phase=following reason=path_ready wp=2 dist_wp=1.87 bearing_deg=0.84 speed=0.000 pos=(-119.867,3.221,23.490) thr=0.16 steer=0.03 on_floor=true still=84 grounded=true support_l=1.00 support_r=1.00 yaw_rate=0.021
tick=1350 phase=following reason=path_ready wp=2 dist_wp=1.77 bearing_deg=0.98 speed=0.000 pos=(-119.850,3.245,23.388) thr=0.14 steer=0.04 on_floor=true still=114 grounded=true support_l=1.00 support_r=1.00 yaw_rate=0.025
tick=1380 phase=following reason=path_ready wp=2 dist_wp=1.69 bearing_deg=0.91 speed=0.000 pos=(-119.837,3.263,23.313) thr=0.13 steer=0.04 on_floor=true still=144 grounded=true support_l=1.00 support_r=1.00 yaw_rate=0.023
tick=1410 phase=following reason=path_ready wp=3 dist_wp=23.46 bearing_deg=-3.63 speed=0.030 pos=(-119.821,3.287,23.214) thr=0.99 steer=-0.15 on_floor=true still=0 grounded=true support_l=1.00 support_r=1.00 yaw_rate=-0.093
tick=1440 phase=following reason=path_ready wp=3 dist_wp=23.32 bearing_deg=-1.69 speed=0.104 pos=(-119.806,3.319,23.078) thr=0.98 steer=-0.07 on_floor=true still=7 grounded=true support_l=1.00 support_r=1.00 yaw_rate=-0.044
tick=1470 phase=following reason=path_ready wp=3 dist_wp=23.15 bearing_deg=-0.80 speed=0.168 pos=(-119.792,3.357,22.910) thr=0.98 steer=0.00 on_floor=true still=37 grounded=true support_l=1.00 support_r=1.00 yaw_rate=0.000
tick=1500 phase=following reason=path_ready wp=3 dist_wp=22.95 bearing_deg=-0.76 speed=0.225 pos=(-119.778,3.401,22.713) thr=0.98 steer=0.00 on_floor=true still=67 grounded=true support_l=1.00 support_r=1.00 yaw_rate=0.000
tick=1530 phase=following reason=path_ready wp=3 dist_wp=22.72 bearing_deg=-0.72 speed=0.277 pos=(-119.765,3.451,22.491) thr=0.97 steer=0.00 on_floor=true still=97 grounded=true support_l=1.00 support_r=1.00 yaw_rate=0.000
tick=1560 phase=following reason=path_ready wp=3 dist_wp=22.47 bearing_deg=-0.68 speed=0.322 pos=(-119.753,3.506,22.245) thr=0.97 steer=0.00 on_floor=true still=127 grounded=true support_l=1.00 support_r=1.00 yaw_rate=0.000
tick=1590 phase=following reason=path_ready wp=3 dist_wp=22.20 bearing_deg=-0.63 speed=0.377 pos=(-119.741,3.576,21.982) thr=0.96 steer=0.00 on_floor=true still=13 grounded=true support_l=1.00 support_r=1.00 yaw_rate=0.000
tick=1620 phase=following reason=path_ready wp=3 dist_wp=21.90 bearing_deg=-0.59 speed=0.440 pos=(-119.731,3.641,21.686) thr=0.95 steer=0.00 on_floor=true still=0 grounded=true support_l=1.00 support_r=1.00 yaw_rate=0.000
tick=1650 phase=following reason=path_ready wp=3 dist_wp=21.57 bearing_deg=-0.55 speed=0.498 pos=(-119.721,3.714,21.363) thr=0.94 steer=0.00 on_floor=true still=0 grounded=true support_l=1.00 support_r=1.00 yaw_rate=0.000
tick=1680 phase=following reason=path_ready wp=3 dist_wp=21.21 bearing_deg=-0.52 speed=0.547 pos=(-119.711,3.790,21.013) thr=0.94 steer=0.00 on_floor=true still=0 grounded=true support_l=1.00 support_r=1.00 yaw_rate=0.000
tick=1710 phase=following reason=path_ready wp=3 dist_wp=20.84 bearing_deg=-0.48 speed=0.576 pos=(-119.702,3.871,20.644) thr=0.93 steer=0.00 on_floor=true still=0 grounded=true support_l=1.00 support_r=1.00 yaw_rate=0.000
tick=1740 phase=following reason=path_ready wp=3 dist_wp=20.45 bearing_deg=-0.44 speed=0.586 pos=(-119.693,3.956,20.265) thr=0.92 steer=0.00 on_floor=true still=0 grounded=true support_l=1.00 support_r=1.00 yaw_rate=0.000
tick=1770 phase=following reason=path_ready wp=3 dist_wp=20.06 bearing_deg=-0.39 speed=0.587 pos=(-119.683,4.041,19.885) thr=0.91 steer=0.00 on_floor=true still=0 grounded=true support_l=1.00 support_r=1.00 yaw_rate=0.000
tick=1800 phase=following reason=path_ready wp=3 dist_wp=19.67 bearing_deg=-0.34 speed=0.585 pos=(-119.673,4.125,19.505) thr=0.90 steer=0.00 on_floor=true still=0 grounded=true support_l=1.00 support_r=1.00 yaw_rate=0.000
tick=1830 phase=following reason=path_ready wp=3 dist_wp=19.29 bearing_deg=-0.30 speed=0.568 pos=(-119.663,4.209,19.129) thr=0.89 steer=0.00 on_floor=true still=0 grounded=true support_l=1.00 support_r=1.00 yaw_rate=0.000
tick=1860 phase=following reason=path_ready wp=3 dist_wp=18.92 bearing_deg=-0.24 speed=0.539 pos=(-119.653,4.290,18.764) thr=0.88 steer=0.00 on_floor=true still=0 grounded=true support_l=1.00 support_r=1.00 yaw_rate=0.000
tick=1890 phase=following reason=path_ready wp=3 dist_wp=18.56 bearing_deg=-0.19 speed=0.499 pos=(-119.642,4.368,18.416) thr=0.87 steer=0.00 on_floor=true still=0 grounded=true support_l=1.00 support_r=1.00 yaw_rate=0.000
tick=1920 phase=following reason=path_ready wp=3 dist_wp=18.23 bearing_deg=-0.10 speed=0.456 pos=(-119.630,4.444,18.093) thr=0.86 steer=0.00 on_floor=true still=0 grounded=true support_l=1.00 support_r=1.00 yaw_rate=0.000
tick=1950 phase=following reason=path_ready wp=3 dist_wp=17.91 bearing_deg=-0.04 speed=0.458 pos=(-119.618,4.509,17.779) thr=0.86 steer=0.00 on_floor=true still=0 grounded=true support_l=1.00 support_r=1.00 yaw_rate=0.000
tick=1980 phase=following reason=path_ready wp=3 dist_wp=17.59 bearing_deg=0.04 speed=0.471 pos=(-119.606,4.585,17.466) thr=0.85 steer=0.00 on_floor=true still=0 grounded=true support_l=1.00 support_r=1.00 yaw_rate=0.000
tick=2010 phase=following reason=path_ready wp=3 dist_wp=17.27 bearing_deg=0.11 speed=0.487 pos=(-119.593,4.650,17.143) thr=0.84 steer=0.00 on_floor=true still=0 grounded=true support_l=1.00 support_r=1.00 yaw_rate=0.000
tick=2040 phase=following reason=path_ready wp=3 dist_wp=16.94 bearing_deg=0.18 speed=0.485 pos=(-119.580,4.716,16.817) thr=0.83 steer=0.00 on_floor=true still=0 grounded=true support_l=1.00 support_r=1.00 yaw_rate=0.000
tick=2070 phase=following reason=path_ready wp=3 dist_wp=16.61 bearing_deg=0.25 speed=0.466 pos=(-119.566,4.782,16.496) thr=0.82 steer=0.00 on_floor=true still=0 grounded=true support_l=1.00 support_r=1.00 yaw_rate=0.000
tick=2100 phase=following reason=path_ready wp=3 dist_wp=16.30 bearing_deg=0.32 speed=0.433 pos=(-119.552,4.845,16.186) thr=0.81 steer=0.00 on_floor=true still=0 grounded=true support_l=1.00 support_r=1.00 yaw_rate=0.000
tick=2130 phase=following reason=path_ready wp=3 dist_wp=16.00 bearing_deg=0.42 speed=0.401 pos=(-119.538,4.905,15.895) thr=0.81 steer=0.00 on_floor=true still=18 grounded=true support_l=1.00 support_r=1.00 yaw_rate=0.000
tick=2160 phase=following reason=path_ready wp=3 dist_wp=15.72 bearing_deg=0.50 speed=0.376 pos=(-119.523,4.961,15.617) thr=0.80 steer=0.00 on_floor=true still=48 grounded=true support_l=1.00 support_r=1.00 yaw_rate=0.000
tick=2190 phase=following reason=path_ready wp=3 dist_wp=15.45 bearing_deg=0.59 speed=0.340 pos=(-119.508,5.015,15.353) thr=0.79 steer=0.00 on_floor=true still=78 grounded=true support_l=1.00 support_r=1.00 yaw_rate=0.000
tick=2220 phase=following reason=path_ready wp=3 dist_wp=15.20 bearing_deg=0.68 speed=0.294 pos=(-119.491,5.064,15.110) thr=0.78 steer=0.00 on_floor=true still=108 grounded=true support_l=1.00 support_r=1.00 yaw_rate=0.000
tick=2250 phase=following reason=path_ready wp=3 dist_wp=14.98 bearing_deg=0.78 speed=0.240 pos=(-119.474,5.108,14.891) thr=0.78 steer=0.00 on_floor=true still=138 grounded=true support_l=1.00 support_r=1.00 yaw_rate=0.000
tick=2280 phase=following reason=path_ready wp=3 dist_wp=14.79 bearing_deg=0.80 speed=0.179 pos=(-119.456,5.147,14.699) thr=0.77 steer=0.00 on_floor=true still=168 grounded=true support_l=1.00 support_r=1.00 yaw_rate=0.000
tick=2310 phase=following reason=path_ready wp=3 dist_wp=14.63 bearing_deg=0.80 speed=0.113 pos=(-119.437,5.180,14.538) thr=0.77 steer=0.00 on_floor=true still=198 grounded=true support_l=1.00 support_r=1.00 yaw_rate=0.000
tick=2340 phase=following reason=path_ready wp=3 dist_wp=14.50 bearing_deg=0.80 speed=0.042 pos=(-119.417,5.206,14.410) thr=0.76 steer=0.00 on_floor=true still=228 grounded=true support_l=1.00 support_r=1.00 yaw_rate=0.000
tick=2370 phase=following reason=path_ready wp=3 dist_wp=14.44 bearing_deg=0.80 speed=0.000 pos=(-119.405,5.217,14.357) thr=0.76 steer=0.00 on_floor=true still=258 grounded=true support_l=1.00 support_r=1.00 yaw_rate=0.000
tick=2400 phase=following reason=path_ready wp=3 dist_wp=14.44 bearing_deg=0.80 speed=0.000 pos=(-119.405,5.217,14.357) thr=0.76 steer=0.00 on_floor=true still=288 grounded=true support_l=1.00 support_r=1.00 yaw_rate=0.000
tick=2430 phase=reverse reason=insufficient_actual_progress wp=3 dist_wp=14.46 bearing_deg=0.82 speed=-0.445 pos=(-119.400,5.210,14.370) thr=-0.75 steer=0.00 on_floor=true still=318 grounded=true support_l=1.00 support_r=1.00 yaw_rate=0.000
tick=2460 phase=reverse reason=insufficient_actual_progress wp=3 dist_wp=14.95 bearing_deg=0.93 speed=-1.887 pos=(-119.357,5.110,14.857) thr=-0.75 steer=0.00 on_floor=true still=0 grounded=true support_l=1.00 support_r=1.00 yaw_rate=0.000
tick=2490 phase=reverse reason=insufficient_actual_progress wp=3 dist_wp=15.94 bearing_deg=0.97 speed=-2.250 pos=(-119.297,4.929,15.832) thr=-0.75 steer=0.00 on_floor=true still=0 grounded=true support_l=1.00 support_r=1.00 yaw_rate=0.000
tick=2520 phase=turn_recovery reason=reverse_complete wp=3 dist_wp=16.59 bearing_deg=-12.42 speed=-0.719 pos=(-119.187,4.791,16.464) thr=0.00 steer=1.00 on_floor=true still=0 grounded=true support_l=1.00 support_r=1.00 yaw_rate=0.572
tick=2550 phase=following reason=path_ready wp=0 dist_wp=5.36 bearing_deg=137.77 speed=0.000 pos=(-119.160,4.786,16.501) thr=0.00 steer=1.00 on_floor=true still=0 grounded=true support_l=1.00 support_r=1.00 yaw_rate=0.628
tick=2580 phase=following reason=path_ready wp=0 dist_wp=5.36 bearing_deg=119.82 speed=0.000 pos=(-119.159,4.786,16.501) thr=0.00 steer=1.00 on_floor=true still=0 grounded=true support_l=1.00 support_r=1.00 yaw_rate=0.628
tick=2610 phase=following reason=path_ready wp=0 dist_wp=5.36 bearing_deg=102.23 speed=0.000 pos=(-119.159,4.795,16.503) thr=0.00 steer=1.00 on_floor=true still=0 grounded=true support_l=1.00 support_r=1.00 yaw_rate=0.628
tick=2640 phase=following reason=path_ready wp=0 dist_wp=5.36 bearing_deg=84.62 speed=0.000 pos=(-119.159,4.798,16.504) thr=0.00 steer=1.00 on_floor=true still=0 grounded=true support_l=1.00 support_r=1.00 yaw_rate=0.628
tick=2670 phase=following reason=path_ready wp=0 dist_wp=5.36 bearing_deg=66.93 speed=0.000 pos=(-119.158,4.798,16.504) thr=0.00 steer=1.00 on_floor=true still=0 grounded=true support_l=1.00 support_r=1.00 yaw_rate=0.628
tick=2700 phase=following reason=path_ready wp=0 dist_wp=5.36 bearing_deg=49.07 speed=0.000 pos=(-119.158,4.794,16.503) thr=0.00 steer=1.00 on_floor=true still=0 grounded=true support_l=1.00 support_r=1.00 yaw_rate=0.628
tick=2730 phase=following reason=path_ready wp=0 dist_wp=5.36 bearing_deg=30.88 speed=0.000 pos=(-119.157,4.789,16.502) thr=0.00 steer=1.00 on_floor=true still=0 grounded=true support_l=1.00 support_r=1.00 yaw_rate=0.628
tick=2760 phase=following reason=path_ready wp=0 dist_wp=5.36 bearing_deg=15.18 speed=0.329 pos=(-119.160,4.791,16.499) thr=0.42 steer=0.62 on_floor=true still=0 grounded=true support_l=1.00 support_r=1.00 yaw_rate=0.387
tick=2790 phase=following reason=path_ready wp=0 dist_wp=4.95 bearing_deg=8.17 speed=1.743 pos=(-119.311,4.711,16.889) thr=0.40 steer=0.33 on_floor=true still=0 grounded=true support_l=1.00 support_r=1.00 yaw_rate=0.198
tick=2820 phase=following reason=path_ready wp=0 dist_wp=3.85 bearing_deg=5.32 speed=3.053 pos=(-119.571,4.500,17.940) thr=0.33 steer=0.22 on_floor=true still=0 grounded=true support_l=1.00 support_r=1.00 yaw_rate=0.123
tick=2850 phase=following reason=path_ready wp=0 dist_wp=2.43 bearing_deg=4.22 speed=2.604 pos=(-119.814,4.167,19.301) thr=0.22 steer=0.17 on_floor=true still=0 grounded=true support_l=1.00 support_r=1.00 yaw_rate=0.098
tick=2880 phase=following reason=path_ready wp=0 dist_wp=1.60 bearing_deg=2.95 speed=1.320 pos=(-119.912,3.989,20.116) thr=0.11 steer=0.12 on_floor=true still=0 grounded=true support_l=1.00 support_r=1.00 yaw_rate=0.072
tick=2910 phase=following reason=path_ready wp=1 dist_wp=23.28 bearing_deg=4.36 speed=0.417 pos=(-119.927,3.924,20.375) thr=0.98 steer=0.18 on_floor=true still=0 grounded=true support_l=1.00 support_r=1.00 yaw_rate=0.111
tick=2940 phase=following reason=path_ready wp=1 dist_wp=22.63 bearing_deg=2.19 speed=2.607 pos=(-119.943,3.808,21.017) thr=0.97 steer=0.09 on_floor=true still=0 grounded=true support_l=1.00 support_r=1.00 yaw_rate=0.052
tick=2970 phase=following reason=path_ready wp=1 dist_wp=21.03 bearing_deg=1.14 speed=4.360 pos=(-119.964,3.449,22.577) thr=0.93 steer=0.05 on_floor=true still=0 grounded=true support_l=1.00 support_r=1.00 yaw_rate=0.026
tick=3000 phase=following reason=path_ready wp=1 dist_wp=18.51 bearing_deg=0.80 speed=6.159 pos=(-119.973,2.906,25.049) thr=0.87 steer=0.00 on_floor=true still=0 grounded=true support_l=1.00 support_r=1.00 yaw_rate=0.000
tick=3030 phase=following reason=path_ready wp=1 dist_wp=15.16 bearing_deg=0.80 speed=7.907 pos=(-119.991,2.202,28.325) thr=0.78 steer=0.00 on_floor=true still=0 grounded=true support_l=1.00 support_r=1.00 yaw_rate=0.000
tick=3060 phase=following reason=path_ready wp=1 dist_wp=11.23 bearing_deg=0.81 speed=7.742 pos=(-120.013,1.413,32.186) thr=0.67 steer=0.00 on_floor=true still=0 grounded=true support_l=1.00 support_r=1.00 yaw_rate=0.000
tick=3090 phase=following reason=path_ready wp=1 dist_wp=7.85 bearing_deg=0.79 speed=6.302 pos=(-120.030,0.898,35.534) thr=0.54 steer=0.03 on_floor=true still=0 grounded=true support_l=1.00 support_r=1.00 yaw_rate=0.016
tick=3120 phase=following reason=path_ready wp=1 dist_wp=5.15 bearing_deg=0.81 speed=4.850 pos=(-120.038,0.550,38.212) thr=0.42 steer=0.00 on_floor=true still=0 grounded=true support_l=1.00 support_r=1.00 yaw_rate=0.000
tick=3150 phase=following reason=path_ready wp=1 dist_wp=3.15 bearing_deg=0.80 speed=3.385 pos=(-120.038,0.349,40.199) thr=0.29 steer=0.03 on_floor=true still=0 grounded=true support_l=1.00 support_r=1.00 yaw_rate=0.018
tick=3180 phase=following reason=path_ready wp=1 dist_wp=1.88 bearing_deg=0.80 speed=1.922 pos=(-120.031,0.286,41.469) thr=0.17 steer=0.00 on_floor=true still=0 grounded=true support_l=1.00 support_r=1.00 yaw_rate=0.000
tick=3210 phase=following reason=path_ready wp=1 dist_wp=1.32 bearing_deg=0.78 speed=0.487 pos=(-120.024,0.226,42.021) thr=0.04 steer=0.00 on_floor=true still=4 grounded=true support_l=1.00 support_r=1.00 yaw_rate=0.000
tick=3240 phase=following reason=path_ready wp=2 dist_wp=22.57 bearing_deg=-0.21 speed=1.535 pos=(-120.019,0.242,42.427) thr=0.97 steer=0.00 on_floor=true still=0 grounded=true support_l=1.00 support_r=1.00 yaw_rate=0.000
tick=3270 phase=following reason=path_ready wp=2 dist_wp=21.49 bearing_deg=-0.23 speed=2.826 pos=(-120.010,0.145,43.508) thr=0.95 steer=0.00 on_floor=true still=0 grounded=true support_l=1.00 support_r=1.00 yaw_rate=0.000
tick=3300 phase=following reason=path_ready wp=2 dist_wp=19.92 bearing_deg=-0.26 speed=3.673 pos=(-120.001,0.082,45.085) thr=0.91 steer=0.00 on_floor=true still=0 grounded=true support_l=1.00 support_r=1.00 yaw_rate=0.000
tick=3330 phase=following reason=path_ready wp=2 dist_wp=17.81 bearing_deg=-0.29 speed=4.720 pos=(-119.991,0.034,47.191) thr=0.86 steer=0.00 on_floor=true still=0 grounded=true support_l=1.00 support_r=1.00 yaw_rate=0.000
tick=3360 phase=following reason=path_ready wp=2 dist_wp=15.22 bearing_deg=-0.34 speed=5.595 pos=(-119.979,0.021,49.781) thr=0.79 steer=0.00 on_floor=true still=0 grounded=true support_l=1.00 support_r=1.00 yaw_rate=0.000
tick=3390 phase=following reason=path_ready wp=2 dist_wp=12.29 bearing_deg=-0.42 speed=6.094 pos=(-119.966,0.010,52.710) thr=0.70 steer=0.00 on_floor=true still=0 grounded=true support_l=1.00 support_r=1.00 yaw_rate=0.000
tick=3420 phase=following reason=path_ready wp=2 dist_wp=9.08 bearing_deg=-0.57 speed=6.720 pos=(-119.951,0.013,55.924) thr=0.59 steer=0.00 on_floor=true still=0 grounded=true support_l=1.00 support_r=1.00 yaw_rate=0.000
tick=3450 phase=following reason=path_ready wp=2 dist_wp=6.02 bearing_deg=-0.80 speed=5.384 pos=(-119.938,0.024,58.978) thr=0.46 steer=-0.03 on_floor=true still=0 grounded=true support_l=1.00 support_r=1.00 yaw_rate=-0.017
tick=3480 phase=following reason=path_ready wp=2 dist_wp=3.72 bearing_deg=-0.80 speed=3.876 pos=(-119.937,0.029,61.281) thr=0.33 steer=-0.03 on_floor=true still=0 grounded=true support_l=1.00 support_r=1.00 yaw_rate=-0.018
tick=3510 phase=following reason=path_ready wp=2 dist_wp=2.17 bearing_deg=-0.81 speed=2.364 pos=(-119.947,0.029,62.829) thr=0.20 steer=0.00 on_floor=true still=0 grounded=true support_l=1.00 support_r=1.00 yaw_rate=0.000
tick=3540 phase=following reason=path_ready wp=2 dist_wp=1.38 bearing_deg=-0.81 speed=0.838 pos=(-119.957,0.029,63.617) thr=0.07 steer=0.00 on_floor=true still=0 grounded=true support_l=1.00 support_r=1.00 yaw_rate=0.000
tick=3570 phase=following reason=path_ready wp=3 dist_wp=16.39 bearing_deg=92.17 speed=0.000 pos=(-119.959,0.013,63.722) thr=0.00 steer=1.00 on_floor=true still=0 grounded=true support_l=1.00 support_r=1.00 yaw_rate=0.628
tick=3600 phase=following reason=path_ready wp=3 dist_wp=16.39 bearing_deg=74.17 speed=0.000 pos=(-119.959,0.001,63.722) thr=0.00 steer=1.00 on_floor=true still=0 grounded=true support_l=1.00 support_r=1.00 yaw_rate=0.628
tick=3630 phase=following reason=path_ready wp=3 dist_wp=16.39 bearing_deg=56.17 speed=0.000 pos=(-119.959,0.000,63.722) thr=0.00 steer=1.00 on_floor=true still=0 grounded=true support_l=1.00 support_r=1.00 yaw_rate=0.628
tick=3660 phase=following reason=path_ready wp=3 dist_wp=16.39 bearing_deg=38.17 speed=0.000 pos=(-119.959,0.000,63.722) thr=0.00 steer=1.00 on_floor=true still=0 grounded=true support_l=1.00 support_r=1.00 yaw_rate=0.628
tick=3690 phase=following reason=path_ready wp=3 dist_wp=16.39 bearing_deg=20.56 speed=0.000 pos=(-119.959,0.000,63.722) thr=0.00 steer=0.84 on_floor=true still=0 grounded=true support_l=1.00 support_r=1.00 yaw_rate=0.529
tick=3720 phase=following reason=path_ready wp=3 dist_wp=16.24 bearing_deg=10.08 speed=0.732 pos=(-119.805,0.016,63.720) thr=0.82 steer=0.41 on_floor=true still=0 grounded=true support_l=1.00 support_r=1.00 yaw_rate=0.254
tick=3750 phase=following reason=path_ready wp=3 dist_wp=15.65 bearing_deg=5.18 speed=1.609 pos=(-119.215,0.018,63.653) thr=0.80 steer=0.21 on_floor=true still=0 grounded=true support_l=1.00 support_r=1.00 yaw_rate=0.127
tick=3780 phase=following reason=path_ready wp=3 dist_wp=14.63 bearing_deg=2.79 speed=2.446 pos=(-118.208,0.017,63.477) thr=0.77 steer=0.11 on_floor=true still=0 grounded=true support_l=1.00 support_r=1.00 yaw_rate=0.066
tick=3810 phase=following reason=path_ready wp=3 dist_wp=13.23 bearing_deg=1.59 speed=2.994 pos=(-116.837,0.010,63.191) thr=0.73 steer=0.06 on_floor=true still=0 grounded=true support_l=1.00 support_r=1.00 yaw_rate=0.037
tick=3840 phase=following reason=path_ready wp=3 dist_wp=11.53 bearing_deg=0.95 speed=3.756 pos=(-115.182,0.015,62.814) thr=0.68 steer=0.04 on_floor=true still=0 grounded=true support_l=1.00 support_r=1.00 yaw_rate=0.021
tick=3870 phase=following reason=path_ready wp=3 dist_wp=9.47 bearing_deg=0.80 speed=4.433 pos=(-113.181,0.014,62.338) thr=0.61 steer=0.00 on_floor=true still=0 grounded=true support_l=1.00 support_r=1.00 yaw_rate=0.000
tick=3900 phase=following reason=path_ready wp=3 dist_wp=7.11 bearing_deg=0.80 speed=5.003 pos=(-110.878,0.012,61.781) thr=0.51 steer=0.03 on_floor=true still=0 grounded=true support_l=1.00 support_r=1.00 yaw_rate=0.017
tick=3930 phase=following reason=path_ready wp=3 dist_wp=4.61 bearing_deg=0.80 speed=4.517 pos=(-108.451,0.013,61.181) thr=0.39 steer=0.03 on_floor=true still=0 grounded=true support_l=1.00 support_r=1.00 yaw_rate=0.017
tick=3960 phase=following reason=path_ready wp=3 dist_wp=2.74 bearing_deg=0.81 speed=3.007 pos=(-106.640,0.028,60.721) thr=0.26 steer=0.03 on_floor=true still=0 grounded=true support_l=1.00 support_r=1.00 yaw_rate=0.019
tick=3990 phase=following reason=path_ready wp=3 dist_wp=1.63 bearing_deg=0.81 speed=1.490 pos=(-105.564,0.029,60.440) thr=0.13 steer=0.03 on_floor=true still=0 grounded=true support_l=1.00 support_r=1.00 yaw_rate=0.019
tick=4020 phase=following reason=path_ready wp=4 dist_wp=18.00 bearing_deg=1.81 speed=0.539 pos=(-105.191,0.018,60.340) thr=0.86 steer=0.07 on_floor=true still=6 grounded=true support_l=1.00 support_r=1.00 yaw_rate=0.046
tick=4050 phase=following reason=path_ready wp=4 dist_wp=17.48 bearing_deg=0.92 speed=1.523 pos=(-104.687,0.018,60.196) thr=0.85 steer=0.04 on_floor=true still=0 grounded=true support_l=1.00 support_r=1.00 yaw_rate=0.023
tick=4080 phase=following reason=path_ready wp=4 dist_wp=16.47 bearing_deg=0.80 speed=2.473 pos=(-103.720,0.019,59.909) thr=0.82 steer=0.00 on_floor=true still=0 grounded=true support_l=1.00 support_r=1.00 yaw_rate=0.000
tick=4110 phase=following reason=path_ready wp=4 dist_wp=15.05 bearing_deg=0.80 speed=3.075 pos=(-102.357,0.011,59.504) thr=0.78 steer=0.00 on_floor=true still=0 grounded=true support_l=1.00 support_r=1.00 yaw_rate=0.000
tick=4140 phase=following reason=path_ready wp=4 dist_wp=13.29 bearing_deg=0.80 speed=3.905 pos=(-100.676,0.016,59.001) thr=0.73 steer=0.00 on_floor=true still=0 grounded=true support_l=1.00 support_r=1.00 yaw_rate=0.000
tick=4170 phase=following reason=path_ready wp=4 dist_wp=11.14 bearing_deg=0.81 speed=4.647 pos=(-98.619,0.015,58.381) thr=0.66 steer=0.00 on_floor=true still=0 grounded=true support_l=1.00 support_r=1.00 yaw_rate=0.000
tick=4200 phase=following reason=path_ready wp=4 dist_wp=8.65 bearing_deg=0.79 speed=5.280 pos=(-96.236,0.013,57.654) thr=0.58 steer=0.03 on_floor=true still=0 grounded=true support_l=1.00 support_r=1.00 yaw_rate=0.017
tick=4230 phase=following reason=path_ready wp=4 dist_wp=5.91 bearing_deg=0.81 speed=5.320 pos=(-93.614,0.001,56.842) thr=0.46 steer=0.00 on_floor=true still=0 grounded=true support_l=1.00 support_r=1.00 yaw_rate=0.000
tick=4260 phase=following reason=path_ready wp=4 dist_wp=3.64 bearing_deg=0.81 speed=3.812 pos=(-91.449,0.027,56.158) thr=0.33 steer=0.00 on_floor=true still=0 grounded=true support_l=1.00 support_r=1.00 yaw_rate=0.000
tick=4290 phase=following reason=path_ready wp=4 dist_wp=2.12 bearing_deg=0.80 speed=2.300 pos=(-90.008,0.029,55.691) thr=0.20 steer=0.03 on_floor=true still=0 grounded=true support_l=1.00 support_r=1.00 yaw_rate=0.019
tick=4320 phase=following reason=path_ready wp=4 dist_wp=1.37 bearing_deg=0.80 speed=0.772 pos=(-89.290,0.029,55.452) thr=0.07 steer=0.00 on_floor=true still=0 grounded=true support_l=1.00 support_r=1.00 yaw_rate=0.000
tick=4350 phase=following reason=path_ready wp=5 dist_wp=17.82 bearing_deg=-0.79 speed=1.000 pos=(-88.994,0.009,55.354) thr=0.86 steer=0.00 on_floor=true still=0 grounded=true support_l=1.00 support_r=1.00 yaw_rate=0.000
tick=4380 phase=following reason=path_ready wp=5 dist_wp=17.07 bearing_deg=-0.79 speed=1.971 pos=(-88.280,0.019,55.118) thr=0.84 steer=0.00 on_floor=true still=0 grounded=true support_l=1.00 support_r=1.00 yaw_rate=0.000
tick=4410 phase=following reason=path_ready wp=5 dist_wp=15.84 bearing_deg=-0.79 speed=2.899 pos=(-87.114,0.019,54.735) thr=0.81 steer=0.00 on_floor=true still=0 grounded=true support_l=1.00 support_r=1.00 yaw_rate=0.000
tick=4440 phase=following reason=path_ready wp=5 dist_wp=14.28 bearing_deg=-0.79 speed=3.472 pos=(-85.633,0.015,54.249) thr=0.76 steer=-0.03 on_floor=true still=0 grounded=true support_l=1.00 support_r=1.00 yaw_rate=-0.018
tick=4470 phase=following reason=path_ready wp=5 dist_wp=12.34 bearing_deg=-0.80 speed=4.263 pos=(-83.785,0.016,53.647) thr=0.70 steer=0.00 on_floor=true still=0 grounded=true support_l=1.00 support_r=1.00 yaw_rate=0.000
tick=4500 phase=following reason=path_ready wp=5 dist_wp=10.02 bearing_deg=-0.80 speed=4.957 pos=(-81.582,0.014,52.935) thr=0.63 steer=0.00 on_floor=true still=0 grounded=true support_l=1.00 support_r=1.00 yaw_rate=0.000
tick=4530 phase=following reason=path_ready wp=5 dist_wp=7.39 bearing_deg=-0.80 speed=5.531 pos=(-79.074,0.012,52.134) thr=0.52 steer=-0.03 on_floor=true still=0 grounded=true support_l=1.00 support_r=1.00 yaw_rate=-0.017
tick=4560 phase=following reason=path_ready wp=5 dist_wp=4.76 bearing_deg=-0.81 speed=4.617 pos=(-76.561,0.020,51.346) thr=0.40 steer=0.00 on_floor=true still=0 grounded=true support_l=1.00 support_r=1.00 yaw_rate=0.000
tick=4590 phase=following reason=path_ready wp=5 dist_wp=2.84 bearing_deg=-0.81 speed=3.107 pos=(-74.727,0.028,50.783) thr=0.27 steer=-0.03 on_floor=true still=0 grounded=true support_l=1.00 support_r=1.00 yaw_rate=-0.019
tick=4620 phase=following reason=path_ready wp=5 dist_wp=1.68 bearing_deg=-0.80 speed=1.590 pos=(-73.613,0.029,50.451) thr=0.14 steer=-0.03 on_floor=true still=0 grounded=true support_l=1.00 support_r=1.00 yaw_rate=-0.019
tick=4650 phase=following reason=path_ready wp=6 dist_wp=22.33 bearing_deg=24.20 speed=0.045 pos=(-73.232,0.029,50.339) thr=0.00 steer=0.99 on_floor=true still=0 grounded=true support_l=1.00 support_r=1.00 yaw_rate=0.621
tick=4680 phase=following reason=path_ready wp=6 dist_wp=22.24 bearing_deg=11.77 speed=0.636 pos=(-73.149,0.012,50.291) thr=0.97 steer=0.48 on_floor=true still=0 grounded=true support_l=1.00 support_r=1.00 yaw_rate=0.297
tick=4710 phase=following reason=path_ready wp=6 dist_wp=21.64 bearing_deg=5.99 speed=1.738 pos=(-72.658,0.022,49.940) thr=0.95 steer=0.24 on_floor=true still=0 grounded=true support_l=1.00 support_r=1.00 yaw_rate=0.146
tick=4740 phase=following reason=path_ready wp=6 dist_wp=20.50 bearing_deg=3.21 speed=2.795 pos=(-71.774,0.022,49.212) thr=0.93 steer=0.13 on_floor=true still=0 grounded=true support_l=1.00 support_r=1.00 yaw_rate=0.075
tick=4770 phase=following reason=path_ready wp=6 dist_wp=18.96 bearing_deg=1.79 speed=3.459 pos=(-70.623,0.016,48.189) thr=0.89 steer=0.07 on_floor=true still=0 grounded=true support_l=1.00 support_r=1.00 yaw_rate=0.041
tick=4800 phase=following reason=path_ready wp=6 dist_wp=16.99 bearing_deg=1.05 speed=4.389 pos=(-69.175,0.019,46.848) thr=0.84 steer=0.04 on_floor=true still=0 grounded=true support_l=1.00 support_r=1.00 yaw_rate=0.023
tick=4830 phase=following reason=path_ready wp=6 dist_wp=14.57 bearing_deg=0.79 speed=5.230 pos=(-67.421,0.017,45.187) thr=0.77 steer=0.03 on_floor=true still=0 grounded=true support_l=1.00 support_r=1.00 yaw_rate=0.017
tick=4860 phase=following reason=path_ready wp=6 dist_wp=11.77 bearing_deg=0.80 speed=5.837 pos=(-65.392,0.013,43.253) thr=0.69 steer=0.00 on_floor=true still=0 grounded=true support_l=1.00 support_r=1.00 yaw_rate=0.000
tick=4890 phase=following reason=path_ready wp=6 dist_wp=8.74 bearing_deg=0.81 speed=6.346 pos=(-63.203,0.012,41.152) thr=0.58 steer=0.00 on_floor=true still=0 grounded=true support_l=1.00 support_r=1.00 yaw_rate=0.000
tick=4920 phase=following reason=path_ready wp=6 dist_wp=5.77 bearing_deg=0.81 speed=5.240 pos=(-61.073,0.022,39.086) thr=0.45 steer=0.00 on_floor=true still=0 grounded=true support_l=1.00 support_r=1.00 yaw_rate=0.000
tick=4950 phase=following reason=path_ready wp=6 dist_wp=3.54 bearing_deg=0.80 speed=3.732 pos=(-59.481,0.028,37.524) thr=0.32 steer=0.03 on_floor=true still=0 grounded=true support_l=1.00 support_r=1.00 yaw_rate=0.018
tick=4980 phase=following reason=path_ready wp=6 dist_wp=2.06 bearing_deg=0.81 speed=2.219 pos=(-58.436,0.029,36.483) thr=0.19 steer=0.00 on_floor=true still=0 grounded=true support_l=1.00 support_r=1.00 yaw_rate=0.000
tick=5010 phase=following reason=path_ready wp=6 dist_wp=1.35 bearing_deg=0.80 speed=0.690 pos=(-57.932,0.029,35.974) thr=0.06 steer=0.00 on_floor=true still=0 grounded=true support_l=1.00 support_r=1.00 yaw_rate=0.000
tick=5040 phase=following reason=path_ready wp=7 dist_wp=22.21 bearing_deg=-0.43 speed=1.188 pos=(-57.684,0.013,35.722) thr=0.96 steer=0.00 on_floor=true still=0 grounded=true support_l=1.00 support_r=1.00 yaw_rate=0.000
tick=5070 phase=following reason=path_ready wp=7 dist_wp=21.33 bearing_deg=-0.45 speed=2.286 pos=(-57.067,0.022,35.095) thr=0.94 steer=0.00 on_floor=true still=0 grounded=true support_l=1.00 support_r=1.00 yaw_rate=0.000
tick=5100 phase=following reason=path_ready wp=7 dist_wp=19.95 bearing_deg=-0.48 speed=2.994 pos=(-56.103,0.013,34.113) thr=0.91 steer=0.00 on_floor=true still=0 grounded=true support_l=1.00 support_r=1.00 yaw_rate=0.000
tick=5130 phase=following reason=path_ready wp=7 dist_wp=18.20 bearing_deg=-0.52 speed=3.981 pos=(-54.872,0.019,32.861) thr=0.87 steer=0.00 on_floor=true still=0 grounded=true support_l=1.00 support_r=1.00 yaw_rate=0.000
tick=5160 phase=following reason=path_ready wp=7 dist_wp=15.97 bearing_deg=-0.60 speed=4.883 pos=(-53.310,0.018,31.273) thr=0.81 steer=0.00 on_floor=true still=0 grounded=true support_l=1.00 support_r=1.00 yaw_rate=0.000
tick=5190 phase=following reason=path_ready wp=7 dist_wp=13.32 bearing_deg=-0.71 speed=5.681 pos=(-51.451,0.016,29.381) thr=0.73 steer=0.00 on_floor=true still=0 grounded=true support_l=1.00 support_r=1.00 yaw_rate=0.000
tick=5220 phase=following reason=path_ready wp=7 dist_wp=10.37 bearing_deg=-0.79 speed=6.125 pos=(-49.384,0.010,27.281) thr=0.64 steer=-0.03 on_floor=true still=0 grounded=true support_l=1.00 support_r=1.00 yaw_rate=-0.016
tick=5250 phase=following reason=path_ready wp=7 dist_wp=7.22 bearing_deg=-0.80 speed=6.020 pos=(-47.166,0.005,25.043) thr=0.52 steer=-0.03 on_floor=true still=0 grounded=true support_l=1.00 support_r=1.00 yaw_rate=-0.017
tick=5280 phase=following reason=path_ready wp=7 dist_wp=4.60 bearing_deg=-0.80 speed=4.513 pos=(-45.311,0.027,23.192) thr=0.39 steer=-0.03 on_floor=true still=0 grounded=true support_l=1.00 support_r=1.00 yaw_rate=-0.017
tick=5310 phase=following reason=path_ready wp=7 dist_wp=2.73 bearing_deg=-0.81 speed=3.002 pos=(-43.981,0.029,21.882) thr=0.26 steer=0.00 on_floor=true still=0 grounded=true support_l=1.00 support_r=1.00 yaw_rate=0.000
tick=5340 phase=following reason=path_ready wp=7 dist_wp=1.62 bearing_deg=-0.80 speed=1.484 pos=(-43.184,0.029,21.109) thr=0.13 steer=-0.03 on_floor=true still=0 grounded=true support_l=1.00 support_r=1.00 yaw_rate=-0.019
tick=5370 phase=following reason=path_ready wp=8 dist_wp=19.58 bearing_deg=-16.55 speed=0.167 pos=(-42.930,0.027,20.868) thr=0.90 steer=-0.68 on_floor=true still=0 grounded=true support_l=1.00 support_r=1.00 yaw_rate=-0.424
tick=5400 phase=following reason=path_ready wp=8 dist_wp=19.26 bearing_deg=-8.24 speed=1.118 pos=(-42.657,0.016,20.682) thr=0.89 steer=-0.34 on_floor=true still=0 grounded=true support_l=1.00 support_r=1.00 yaw_rate=-0.205
tick=5430 phase=following reason=path_ready wp=8 dist_wp=18.46 bearing_deg=-4.29 speed=2.038 pos=(-41.959,0.019,20.293) thr=0.87 steer=-0.18 on_floor=true still=0 grounded=true support_l=1.00 support_r=1.00 yaw_rate=-0.103
tick=5460 phase=following reason=path_ready wp=8 dist_wp=17.22 bearing_deg=-2.34 speed=2.877 pos=(-40.847,0.017,19.744) thr=0.84 steer=-0.10 on_floor=true still=0 grounded=true support_l=1.00 support_r=1.00 yaw_rate=-0.055
tick=5490 phase=following reason=path_ready wp=8 dist_wp=15.70 bearing_deg=-1.33 speed=3.327 pos=(-39.464,0.012,19.108) thr=0.80 steer=-0.05 on_floor=true still=0 grounded=true support_l=1.00 support_r=1.00 yaw_rate=-0.031
tick=5520 phase=following reason=path_ready wp=8 dist_wp=13.87 bearing_deg=-0.80 speed=3.961 pos=(-37.787,0.013,18.368) thr=0.75 steer=0.00 on_floor=true still=0 grounded=true support_l=1.00 support_r=1.00 yaw_rate=0.000
tick=5550 phase=following reason=path_ready wp=8 dist_wp=11.74 bearing_deg=-0.80 speed=4.510 pos=(-35.837,0.012,17.520) thr=0.68 steer=0.00 on_floor=true still=0 grounded=true support_l=1.00 support_r=1.00 yaw_rate=0.000
tick=5580 phase=following reason=path_ready wp=8 dist_wp=9.36 bearing_deg=-0.79 speed=4.960 pos=(-33.654,0.010,16.578) thr=0.60 steer=-0.03 on_floor=true still=0 grounded=true support_l=1.00 support_r=1.00 yaw_rate=-0.017
tick=5610 phase=following reason=path_ready wp=8 dist_wp=6.79 bearing_deg=-0.80 speed=5.295 pos=(-31.289,0.007,15.568) thr=0.50 steer=-0.03 on_floor=true still=0 grounded=true support_l=1.00 support_r=1.00 yaw_rate=-0.017
tick=5640 phase=following reason=path_ready wp=8 dist_wp=4.31 bearing_deg=-0.80 speed=4.313 pos=(-28.999,0.021,14.603) thr=0.37 steer=-0.03 on_floor=true still=0 grounded=true support_l=1.00 support_r=1.00 yaw_rate=-0.018
tick=5670 phase=following reason=path_ready wp=8 dist_wp=2.54 bearing_deg=-0.81 speed=2.802 pos=(-27.366,0.028,13.929) thr=0.24 steer=-0.03 on_floor=true still=0 grounded=true support_l=1.00 support_r=1.00 yaw_rate=-0.019
tick=5700 phase=following reason=path_ready wp=8 dist_wp=1.53 bearing_deg=-0.79 speed=1.283 pos=(-26.431,0.029,13.550) thr=0.11 steer=-0.03 on_floor=true still=0 grounded=true support_l=1.00 support_r=1.00 yaw_rate=-0.019
tick=5730 phase=following reason=path_ready wp=9 dist_wp=19.59 bearing_deg=0.60 speed=0.602 pos=(-26.126,0.011,13.429) thr=0.90 steer=0.00 on_floor=true still=0 grounded=true support_l=1.00 support_r=1.00 yaw_rate=0.000
tick=5760 phase=following reason=path_ready wp=9 dist_wp=19.08 bearing_deg=0.61 speed=1.421 pos=(-25.649,0.016,13.239) thr=0.89 steer=0.00 on_floor=true still=0 grounded=true support_l=1.00 support_r=1.00 yaw_rate=0.000
tick=5790 phase=following reason=path_ready wp=9 dist_wp=18.16 bearing_deg=0.65 speed=2.211 pos=(-24.798,0.016,12.901) thr=0.87 steer=0.00 on_floor=true still=0 grounded=true support_l=1.00 support_r=1.00 yaw_rate=0.000
tick=5820 phase=following reason=path_ready wp=9 dist_wp=16.86 bearing_deg=0.70 speed=2.898 pos=(-23.592,0.015,12.421) thr=0.83 steer=0.00 on_floor=true still=0 grounded=true support_l=1.00 support_r=1.00 yaw_rate=0.000
tick=5850 phase=following reason=path_ready wp=9 dist_wp=15.34 bearing_deg=0.77 speed=3.337 pos=(-22.178,0.012,11.859) thr=0.79 steer=0.00 on_floor=true still=0 grounded=true support_l=1.00 support_r=1.00 yaw_rate=0.000
tick=5880 phase=following reason=path_ready wp=9 dist_wp=13.51 bearing_deg=0.80 speed=3.958 pos=(-20.476,0.013,11.182) thr=0.74 steer=0.00 on_floor=true still=0 grounded=true support_l=1.00 support_r=1.00 yaw_rate=0.000
tick=5910 phase=following reason=path_ready wp=9 dist_wp=11.39 bearing_deg=0.80 speed=4.494 pos=(-18.508,0.011,10.393) thr=0.67 steer=0.00 on_floor=true still=0 grounded=true support_l=1.00 support_r=1.00 yaw_rate=0.000
tick=5940 phase=following reason=path_ready wp=9 dist_wp=9.03 bearing_deg=0.80 speed=4.931 pos=(-16.315,0.009,9.508) thr=0.59 steer=0.00 on_floor=true still=0 grounded=true support_l=1.00 support_r=1.00 yaw_rate=0.000
tick=5970 phase=following reason=path_ready wp=9 dist_wp=6.47 bearing_deg=0.81 speed=5.251 pos=(-13.952,0.007,8.544) thr=0.48 steer=0.00 on_floor=true still=0 grounded=true support_l=1.00 support_r=1.00 yaw_rate=0.000
tick=6000 phase=following reason=path_ready wp=9 dist_wp=4.06 bearing_deg=0.81 speed=4.134 pos=(-11.723,0.023,7.620) thr=0.36 steer=0.03 on_floor=true still=0 grounded=true support_l=1.00 support_r=1.00 yaw_rate=0.018
tick=6030 phase=following reason=path_ready wp=9 dist_wp=2.38 bearing_deg=0.80 speed=2.623 pos=(-10.178,0.029,6.967) thr=0.23 steer=0.03 on_floor=true still=0 grounded=true support_l=1.00 support_r=1.00 yaw_rate=0.019
tick=6060 phase=following reason=path_ready wp=9 dist_wp=1.46 bearing_deg=0.80 speed=1.102 pos=(-9.334,0.029,6.603) thr=0.09 steer=0.03 on_floor=true still=0 grounded=true support_l=1.00 support_r=1.00 yaw_rate=0.020
tick=6090 phase=following reason=path_ready wp=10 dist_wp=12.58 bearing_deg=52.08 speed=0.000 pos=(-9.165,0.019,6.529) thr=0.00 steer=1.00 on_floor=true still=0 grounded=true support_l=1.00 support_r=1.00 yaw_rate=0.628
tick=6120 phase=following reason=path_ready wp=10 dist_wp=12.58 bearing_deg=34.08 speed=0.000 pos=(-9.165,0.001,6.529) thr=0.00 steer=1.00 on_floor=true still=0 grounded=true support_l=1.00 support_r=1.00 yaw_rate=0.628
tick=6150 phase=following reason=path_ready wp=10 dist_wp=12.58 bearing_deg=17.42 speed=0.020 pos=(-9.165,0.001,6.529) thr=0.71 steer=0.71 on_floor=true still=0 grounded=true support_l=1.00 support_r=1.00 yaw_rate=0.449
tick=6180 phase=following reason=path_ready wp=10 dist_wp=12.42 bearing_deg=8.57 speed=0.610 pos=(-9.120,0.011,6.373) thr=0.70 steer=0.35 on_floor=true still=0 grounded=true support_l=1.00 support_r=1.00 yaw_rate=0.217
tick=6210 phase=following reason=path_ready wp=10 dist_wp=11.97 bearing_deg=4.38 speed=1.184 pos=(-9.034,0.012,5.927) thr=0.69 steer=0.18 on_floor=true still=0 grounded=true support_l=1.00 support_r=1.00 yaw_rate=0.109
tick=6240 phase=following reason=path_ready wp=10 dist_wp=11.24 bearing_deg=2.32 speed=1.730 pos=(-8.932,0.012,5.200) thr=0.67 steer=0.09 on_floor=true still=0 grounded=true support_l=1.00 support_r=1.00 yaw_rate=0.057
tick=6270 phase=following reason=path_ready wp=10 dist_wp=10.24 bearing_deg=1.29 speed=2.236 pos=(-8.821,0.011,4.209) thr=0.63 steer=0.05 on_floor=true still=0 grounded=true support_l=1.00 support_r=1.00 yaw_rate=0.031
tick=6300 phase=following reason=path_ready wp=10 dist_wp=9.00 bearing_deg=0.80 speed=2.690 pos=(-8.702,0.010,2.977) thr=0.59 steer=0.00 on_floor=true still=0 grounded=true support_l=1.00 support_r=1.00 yaw_rate=0.000
tick=6330 phase=following reason=path_ready wp=10 dist_wp=7.59 bearing_deg=0.79 speed=2.877 pos=(-8.574,0.003,1.564) thr=0.53 steer=0.03 on_floor=true still=0 grounded=true support_l=1.00 support_r=1.00 yaw_rate=0.018
tick=6360 phase=following reason=path_ready wp=10 dist_wp=6.06 bearing_deg=0.79 speed=3.191 pos=(-8.440,0.007,0.047) thr=0.46 steer=0.03 on_floor=true still=0 grounded=true support_l=1.00 support_r=1.00 yaw_rate=0.018
tick=6390 phase=following reason=path_ready wp=10 dist_wp=4.41 bearing_deg=0.81 speed=3.410 pos=(-8.300,0.005,-1.604) thr=0.38 steer=0.00 on_floor=true still=0 grounded=true support_l=1.00 support_r=1.00 yaw_rate=0.000
tick=6420 phase=following reason=path_ready wp=10 dist_wp=2.72 bearing_deg=0.81 speed=2.988 pos=(-8.167,0.010,-3.287) thr=0.26 steer=0.03 on_floor=true still=0 grounded=true support_l=1.00 support_r=1.00 yaw_rate=0.019
tick=6450 phase=following reason=path_ready wp=10 dist_wp=1.62 bearing_deg=0.81 speed=1.471 pos=(-8.088,0.028,-4.386) thr=0.13 steer=0.00 on_floor=true still=0 grounded=true support_l=1.00 support_r=1.00 yaw_rate=0.000
tick=6480 phase=following reason=path_ready wp=11 dist_wp=18.85 bearing_deg=62.90 speed=0.000 pos=(-8.065,0.029,-4.722) thr=0.00 steer=1.00 on_floor=true still=0 grounded=true support_l=1.00 support_r=1.00 yaw_rate=0.628
tick=6510 phase=following reason=path_ready wp=11 dist_wp=18.85 bearing_deg=44.90 speed=0.000 pos=(-8.065,0.003,-4.722) thr=0.00 steer=1.00 on_floor=true still=0 grounded=true support_l=1.00 support_r=1.00 yaw_rate=0.628
tick=6540 phase=following reason=path_ready wp=11 dist_wp=18.85 bearing_deg=26.90 speed=0.000 pos=(-8.065,0.000,-4.722) thr=0.00 steer=1.00 on_floor=true still=0 grounded=true support_l=1.00 support_r=1.00 yaw_rate=0.628
tick=6570 phase=following reason=path_ready wp=11 dist_wp=18.81 bearing_deg=13.07 speed=0.349 pos=(-8.097,0.009,-4.748) thr=0.88 steer=0.54 on_floor=true still=0 grounded=true support_l=1.00 support_r=1.00 yaw_rate=0.333
tick=6600 phase=following reason=path_ready wp=11 dist_wp=18.43 bearing_deg=6.54 speed=1.146 pos=(-8.410,0.016,-4.964) thr=0.87 steer=0.27 on_floor=true still=0 grounded=true support_l=1.00 support_r=1.00 yaw_rate=0.163
tick=6630 phase=following reason=path_ready wp=11 dist_wp=17.66 bearing_deg=3.41 speed=1.914 pos=(-9.077,0.016,-5.354) thr=0.85 steer=0.14 on_floor=true still=0 grounded=true support_l=1.00 support_r=1.00 yaw_rate=0.082
tick=6660 phase=following reason=path_ready wp=11 dist_wp=16.52 bearing_deg=1.85 speed=2.642 pos=(-10.089,0.015,-5.893) thr=0.82 steer=0.08 on_floor=true still=0 grounded=true support_l=1.00 support_r=1.00 yaw_rate=0.044
tick=6690 phase=following reason=path_ready wp=11 dist_wp=15.09 bearing_deg=1.04 speed=3.021 pos=(-11.368,0.007,-6.539) thr=0.78 steer=0.04 on_floor=true still=0 grounded=true support_l=1.00 support_r=1.00 yaw_rate=0.024
tick=6720 phase=following reason=path_ready wp=11 dist_wp=13.41 bearing_deg=0.79 speed=3.640 pos=(-12.870,0.013,-7.276) thr=0.74 steer=0.03 on_floor=true still=0 grounded=true support_l=1.00 support_r=1.00 yaw_rate=0.018
tick=6750 phase=following reason=path_ready wp=11 dist_wp=11.45 bearing_deg=0.79 speed=4.183 pos=(-14.635,0.011,-8.137) thr=0.67 steer=0.00 on_floor=true still=0 grounded=true support_l=1.00 support_r=1.00 yaw_rate=0.000
tick=6780 phase=following reason=path_ready wp=11 dist_wp=9.24 bearing_deg=0.80 speed=4.633 pos=(-16.626,0.010,-9.101) thr=0.60 steer=0.03 on_floor=true still=0 grounded=true support_l=1.00 support_r=1.00 yaw_rate=0.017
tick=6810 phase=following reason=path_ready wp=11 dist_wp=6.83 bearing_deg=0.81 speed=4.974 pos=(-18.798,0.008,-10.144) thr=0.50 steer=0.00 on_floor=true still=0 grounded=true support_l=1.00 support_r=1.00 yaw_rate=0.000
tick=6840 phase=following reason=path_ready wp=11 dist_wp=4.39 bearing_deg=0.81 speed=4.369 pos=(-21.003,0.015,-11.189) thr=0.38 steer=0.00 on_floor=true still=0 grounded=true support_l=1.00 support_r=1.00 yaw_rate=0.000
tick=6870 phase=following reason=path_ready wp=11 dist_wp=2.59 bearing_deg=0.80 speed=2.858 pos=(-22.629,0.028,-11.947) thr=0.25 steer=0.03 on_floor=true still=0 grounded=true support_l=1.00 support_r=1.00 yaw_rate=0.018
tick=6900 phase=following reason=path_ready wp=11 dist_wp=1.56 bearing_deg=0.80 speed=1.340 pos=(-23.573,0.029,-12.378) thr=0.12 steer=0.03 on_floor=true still=0 grounded=true support_l=1.00 support_r=1.00 yaw_rate=0.020
tick=6930 phase=following reason=path_ready wp=12 dist_wp=19.60 bearing_deg=1.39 speed=0.580 pos=(-23.885,0.013,-12.518) thr=0.90 steer=0.06 on_floor=true still=16 grounded=true support_l=1.00 support_r=1.00 yaw_rate=0.035
tick=6960 phase=following reason=path_ready wp=12 dist_wp=19.10 bearing_deg=0.79 speed=1.400 pos=(-24.347,0.015,-12.718) thr=0.89 steer=0.00 on_floor=true still=0 grounded=true support_l=1.00 support_r=1.00 yaw_rate=0.000
tick=6990 phase=following reason=path_ready wp=12 dist_wp=18.19 bearing_deg=0.79 speed=2.190 pos=(-25.179,0.016,-13.074) thr=0.87 steer=0.00 on_floor=true still=0 grounded=true support_l=1.00 support_r=1.00 yaw_rate=0.000
tick=7020 phase=following reason=path_ready wp=12 dist_wp=16.90 bearing_deg=0.80 speed=2.907 pos=(-26.364,0.015,-13.581) thr=0.83 steer=0.00 on_floor=true still=0 grounded=true support_l=1.00 support_r=1.00 yaw_rate=0.000
tick=7050 phase=following reason=path_ready wp=12 dist_wp=15.39 bearing_deg=0.80 speed=3.319 pos=(-27.758,0.012,-14.174) thr=0.79 steer=0.00 on_floor=true still=0 grounded=true support_l=1.00 support_r=1.00 yaw_rate=0.000
tick=7080 phase=following reason=path_ready wp=12 dist_wp=13.56 bearing_deg=0.80 speed=3.941 pos=(-29.437,0.013,-14.887) thr=0.74 steer=0.00 on_floor=true still=0 grounded=true support_l=1.00 support_r=1.00 yaw_rate=0.000
tick=7110 phase=following reason=path_ready wp=12 dist_wp=11.45 bearing_deg=0.80 speed=4.479 pos=(-31.384,0.011,-15.708) thr=0.67 steer=0.00 on_floor=true still=0 grounded=true support_l=1.00 support_r=1.00 yaw_rate=0.000
tick=7140 phase=following reason=path_ready wp=12 dist_wp=9.09 bearing_deg=0.80 speed=4.919 pos=(-33.558,0.010,-16.619) thr=0.59 steer=0.00 on_floor=true still=0 grounded=true support_l=1.00 support_r=1.00 yaw_rate=0.000
tick=7170 phase=following reason=path_ready wp=12 dist_wp=6.55 bearing_deg=0.80 speed=5.243 pos=(-35.913,0.007,-17.594) thr=0.49 steer=0.03 on_floor=true still=0 grounded=true support_l=1.00 support_r=1.00 yaw_rate=0.017
tick=7200 phase=following reason=path_ready wp=12 dist_wp=4.12 bearing_deg=0.81 speed=4.176 pos=(-38.161,0.022,-18.511) thr=0.36 steer=0.03 on_floor=true still=0 grounded=true support_l=1.00 support_r=1.00 yaw_rate=0.018
tick=7230 phase=following reason=path_ready wp=12 dist_wp=2.42 bearing_deg=0.81 speed=2.665 pos=(-39.738,0.029,-19.142) thr=0.23 steer=0.00 on_floor=true still=0 grounded=true support_l=1.00 support_r=1.00 yaw_rate=0.000
tick=7260 phase=following reason=path_ready wp=12 dist_wp=1.48 bearing_deg=0.81 speed=1.144 pos=(-40.614,0.029,-19.485) thr=0.10 steer=0.00 on_floor=true still=0 grounded=true support_l=1.00 support_r=1.00 yaw_rate=0.000
tick=7290 phase=following reason=path_ready wp=13 dist_wp=22.38 bearing_deg=-16.07 speed=0.133 pos=(-40.805,0.019,-19.560) thr=0.97 steer=-0.66 on_floor=true still=0 grounded=true support_l=1.00 support_r=1.00 yaw_rate=-0.413
tick=7320 phase=following reason=path_ready wp=13 dist_wp=22.06 bearing_deg=-7.98 speed=1.122 pos=(-41.074,0.018,-19.737) thr=0.96 steer=-0.33 on_floor=true still=0 grounded=true support_l=1.00 support_r=1.00 yaw_rate=-0.198
tick=7350 phase=following reason=path_ready wp=13 dist_wp=21.25 bearing_deg=-4.14 speed=2.081 pos=(-41.710,0.020,-20.240) thr=0.94 steer=-0.17 on_floor=true still=0 grounded=true support_l=1.00 support_r=1.00 yaw_rate=-0.100
tick=7380 phase=following reason=path_ready wp=13 dist_wp=19.97 bearing_deg=-2.25 speed=2.909 pos=(-42.677,0.018,-21.083) thr=0.91 steer=-0.09 on_floor=true still=0 grounded=true support_l=1.00 support_r=1.00 yaw_rate=-0.053
tick=7410 phase=following reason=path_ready wp=13 dist_wp=18.38 bearing_deg=-1.26 speed=3.617 pos=(-43.851,0.017,-22.162) thr=0.87 steer=-0.05 on_floor=true still=0 grounded=true support_l=1.00 support_r=1.00 yaw_rate=-0.029
tick=7440 phase=following reason=path_ready wp=13 dist_wp=16.33 bearing_deg=-0.80 speed=4.529 pos=(-45.338,0.019,-23.569) thr=0.82 steer=0.00 on_floor=true still=0 grounded=true support_l=1.00 support_r=1.00 yaw_rate=0.000
tick=7470 phase=following reason=path_ready wp=13 dist_wp=13.85 bearing_deg=-0.80 speed=5.349 pos=(-47.131,0.017,-25.283) thr=0.75 steer=0.00 on_floor=true still=0 grounded=true support_l=1.00 support_r=1.00 yaw_rate=0.000
tick=7500 phase=following reason=path_ready wp=13 dist_wp=11.01 bearing_deg=-0.80 speed=5.847 pos=(-49.181,0.010,-27.252) thr=0.66 steer=0.00 on_floor=true still=0 grounded=true support_l=1.00 support_r=1.00 yaw_rate=0.000
tick=7530 phase=following reason=path_ready wp=13 dist_wp=7.94 bearing_deg=-0.80 speed=6.371 pos=(-51.386,0.011,-29.386) thr=0.55 steer=-0.03 on_floor=true still=0 grounded=true support_l=1.00 support_r=1.00 yaw_rate=-0.016
tick=7560 phase=following reason=path_ready wp=13 dist_wp=5.14 bearing_deg=-0.80 speed=4.865 pos=(-53.385,0.025,-31.341) thr=0.42 steer=-0.03 on_floor=true still=0 grounded=true support_l=1.00 support_r=1.00 yaw_rate=-0.017
tick=7590 phase=following reason=path_ready wp=13 dist_wp=3.10 bearing_deg=-0.81 speed=3.356 pos=(-54.836,0.029,-32.779) thr=0.29 steer=-0.03 on_floor=true still=0 grounded=true support_l=1.00 support_r=1.00 yaw_rate=-0.018
tick=7620 phase=following reason=path_ready wp=13 dist_wp=1.81 bearing_deg=-0.80 speed=1.842 pos=(-55.743,0.029,-33.691) thr=0.16 steer=-0.03 on_floor=true still=0 grounded=true support_l=1.00 support_r=1.00 yaw_rate=-0.019
tick=7650 phase=following reason=path_ready wp=13 dist_wp=1.29 bearing_deg=-0.79 speed=0.303 pos=(-56.111,0.029,-34.066) thr=0.03 steer=-0.03 on_floor=true still=6 grounded=true support_l=1.00 support_r=1.00 yaw_rate=-0.020
tick=7680 phase=following reason=path_ready wp=14 dist_wp=22.06 bearing_deg=0.57 speed=1.424 pos=(-56.420,0.018,-34.382) thr=0.96 steer=0.00 on_floor=true still=0 grounded=true support_l=1.00 support_r=1.00 yaw_rate=0.000
tick=7710 phase=following reason=path_ready wp=14 dist_wp=21.07 bearing_deg=0.59 speed=2.514 pos=(-57.115,0.022,-35.093) thr=0.94 steer=0.00 on_floor=true still=0 grounded=true support_l=1.00 support_r=1.00 yaw_rate=0.000
tick=7740 phase=following reason=path_ready wp=14 dist_wp=19.61 bearing_deg=0.64 speed=3.210 pos=(-58.131,0.013,-36.132) thr=0.90 steer=0.00 on_floor=true still=0 grounded=true support_l=1.00 support_r=1.00 yaw_rate=0.000
tick=7770 phase=following reason=path_ready wp=14 dist_wp=17.75 bearing_deg=0.71 speed=4.180 pos=(-59.430,0.019,-37.461) thr=0.86 steer=0.00 on_floor=true still=0 grounded=true support_l=1.00 support_r=1.00 yaw_rate=0.000
tick=7800 phase=following reason=path_ready wp=14 dist_wp=15.43 bearing_deg=0.80 speed=5.060 pos=(-61.053,0.018,-39.121) thr=0.80 steer=0.00 on_floor=true still=0 grounded=true support_l=1.00 support_r=1.00 yaw_rate=0.000
tick=7830 phase=following reason=path_ready wp=14 dist_wp=12.70 bearing_deg=0.79 speed=5.830 pos=(-62.967,0.016,-41.072) thr=0.72 steer=0.03 on_floor=true still=0 grounded=true support_l=1.00 support_r=1.00 yaw_rate=0.017
tick=7860 phase=following reason=path_ready wp=14 dist_wp=9.71 bearing_deg=0.80 speed=6.245 pos=(-65.068,0.011,-43.200) thr=0.62 steer=0.00 on_floor=true still=0 grounded=true support_l=1.00 support_r=1.00 yaw_rate=0.000
tick=7890 phase=following reason=path_ready wp=14 dist_wp=6.60 bearing_deg=0.80 speed=5.700 pos=(-67.263,0.015,-45.403) thr=0.49 steer=0.03 on_floor=true still=0 grounded=true support_l=1.00 support_r=1.00 yaw_rate=0.017
tick=7920 phase=following reason=path_ready wp=14 dist_wp=4.14 bearing_deg=0.81 speed=4.193 pos=(-69.009,0.028,-47.137) thr=0.36 steer=0.03 on_floor=true still=0 grounded=true support_l=1.00 support_r=1.00 yaw_rate=0.018
tick=7950 phase=following reason=path_ready wp=14 dist_wp=2.43 bearing_deg=0.81 speed=2.682 pos=(-70.229,0.029,-48.330) thr=0.23 steer=0.03 on_floor=true still=0 grounded=true support_l=1.00 support_r=1.00 yaw_rate=0.019
tick=7980 phase=following reason=path_ready wp=14 dist_wp=1.49 bearing_deg=0.80 speed=1.162 pos=(-70.911,0.029,-48.989) thr=0.10 steer=0.03 on_floor=true still=0 grounded=true support_l=1.00 support_r=1.00 yaw_rate=0.020
tick=8010 phase=following reason=path_ready wp=15 dist_wp=17.92 bearing_deg=17.42 speed=0.033 pos=(-71.063,0.022,-49.133) thr=0.86 steer=0.71 on_floor=true still=0 grounded=true support_l=1.00 support_r=1.00 yaw_rate=0.449
tick=8040 phase=following reason=path_ready wp=15 dist_wp=17.66 bearing_deg=8.63 speed=1.020 pos=(-71.298,0.017,-49.270) thr=0.85 steer=0.35 on_floor=true still=0 grounded=true support_l=1.00 support_r=1.00 yaw_rate=0.215
tick=8070 phase=following reason=path_ready wp=15 dist_wp=16.90 bearing_deg=4.50 speed=1.978 pos=(-71.987,0.020,-49.589) thr=0.83 steer=0.18 on_floor=true still=0 grounded=true support_l=1.00 support_r=1.00 yaw_rate=0.109
tick=8100 phase=following reason=path_ready wp=15 dist_wp=15.68 bearing_deg=2.47 speed=2.889 pos=(-73.125,0.019,-50.045) thr=0.80 steer=0.10 on_floor=true still=0 grounded=true support_l=1.00 support_r=1.00 yaw_rate=0.058
tick=8130 phase=following reason=path_ready wp=15 dist_wp=14.13 bearing_deg=1.42 speed=3.449 pos=(-74.580,0.014,-50.580) thr=0.76 steer=0.06 on_floor=true still=0 grounded=true support_l=1.00 support_r=1.00 yaw_rate=0.033
tick=8160 phase=following reason=path_ready wp=15 dist_wp=12.20 bearing_deg=0.86 speed=4.228 pos=(-76.401,0.016,-51.216) thr=0.70 steer=0.04 on_floor=true still=0 grounded=true support_l=1.00 support_r=1.00 yaw_rate=0.019
tick=8190 phase=following reason=path_ready wp=15 dist_wp=9.91 bearing_deg=0.79 speed=4.916 pos=(-78.574,0.014,-51.955) thr=0.62 steer=0.03 on_floor=true still=0 grounded=true support_l=1.00 support_r=1.00 yaw_rate=0.017
tick=8220 phase=following reason=path_ready wp=15 dist_wp=7.29 bearing_deg=0.81 speed=5.488 pos=(-81.049,0.012,-52.787) thr=0.52 steer=0.00 on_floor=true still=0 grounded=true support_l=1.00 support_r=1.00 yaw_rate=0.000
tick=8250 phase=following reason=path_ready wp=15 dist_wp=4.69 bearing_deg=0.80 speed=4.570 pos=(-83.527,0.020,-53.606) thr=0.39 steer=0.03 on_floor=true still=0 grounded=true support_l=1.00 support_r=1.00 yaw_rate=0.017
tick=8280 phase=following reason=path_ready wp=15 dist_wp=2.79 bearing_deg=0.80 speed=3.061 pos=(-85.330,0.028,-54.189) thr=0.26 steer=0.03 on_floor=true still=0 grounded=true support_l=1.00 support_r=1.00 yaw_rate=0.018
tick=8310 phase=following reason=path_ready wp=15 dist_wp=1.65 bearing_deg=0.79 speed=1.544 pos=(-86.416,0.029,-54.531) thr=0.13 steer=0.03 on_floor=true still=0 grounded=true support_l=1.00 support_r=1.00 yaw_rate=0.019
tick=8340 phase=following reason=path_ready wp=16 dist_wp=18.01 bearing_deg=-0.18 speed=0.510 pos=(-86.802,0.020,-54.650) thr=0.86 steer=0.00 on_floor=true still=12 grounded=true support_l=1.00 support_r=1.00 yaw_rate=0.000
tick=8370 phase=following reason=path_ready wp=16 dist_wp=17.50 bearing_deg=-0.19 speed=1.496 pos=(-87.290,0.018,-54.800) thr=0.85 steer=0.00 on_floor=true still=0 grounded=true support_l=1.00 support_r=1.00 yaw_rate=0.000
tick=8400 phase=following reason=path_ready wp=16 dist_wp=16.51 bearing_deg=-0.20 speed=2.448 pos=(-88.241,0.019,-55.092) thr=0.82 steer=0.00 on_floor=true still=0 grounded=true support_l=1.00 support_r=1.00 yaw_rate=0.000
tick=8430 phase=following reason=path_ready wp=16 dist_wp=15.09 bearing_deg=-0.22 speed=3.052 pos=(-89.592,0.011,-55.508) thr=0.78 steer=0.00 on_floor=true still=0 grounded=true support_l=1.00 support_r=1.00 yaw_rate=0.000
tick=8460 phase=following reason=path_ready wp=16 dist_wp=13.35 bearing_deg=-0.25 speed=3.885 pos=(-91.258,0.016,-56.020) thr=0.73 steer=0.00 on_floor=true still=0 grounded=true support_l=1.00 support_r=1.00 yaw_rate=0.000
tick=8490 phase=following reason=path_ready wp=16 dist_wp=11.21 bearing_deg=-0.30 speed=4.632 pos=(-93.303,0.015,-56.649) thr=0.67 steer=0.00 on_floor=true still=0 grounded=true support_l=1.00 support_r=1.00 yaw_rate=0.000
tick=8520 phase=following reason=path_ready wp=16 dist_wp=8.72 bearing_deg=-0.38 speed=5.273 pos=(-95.678,0.013,-57.379) thr=0.58 steer=0.00 on_floor=true still=0 grounded=true support_l=1.00 support_r=1.00 yaw_rate=0.000
tick=8550 phase=following reason=path_ready wp=16 dist_wp=5.98 bearing_deg=-0.56 speed=5.359 pos=(-98.304,0.003,-58.187) thr=0.46 steer=0.00 on_floor=true still=0 grounded=true support_l=1.00 support_r=1.00 yaw_rate=0.000
tick=8580 phase=following reason=path_ready wp=16 dist_wp=3.69 bearing_deg=-0.81 speed=3.852 pos=(-100.492,0.027,-58.860) thr=0.33 steer=0.00 on_floor=true still=0 grounded=true support_l=1.00 support_r=1.00 yaw_rate=0.000
tick=8610 phase=following reason=path_ready wp=16 dist_wp=2.15 bearing_deg=-0.81 speed=2.340 pos=(-101.956,0.029,-59.319) thr=0.20 steer=-0.03 on_floor=true still=0 grounded=true support_l=1.00 support_r=1.00 yaw_rate=-0.019
tick=8640 phase=following reason=path_ready wp=16 dist_wp=1.38 bearing_deg=-0.80 speed=0.816 pos=(-102.696,0.029,-59.556) thr=0.07 steer=0.00 on_floor=true still=0 grounded=true support_l=1.00 support_r=1.00 yaw_rate=0.000
tick=8670 phase=following reason=path_ready wp=17 dist_wp=17.81 bearing_deg=0.59 speed=1.044 pos=(-103.012,0.009,-59.659) thr=0.86 steer=0.00 on_floor=true still=0 grounded=true support_l=1.00 support_r=1.00 yaw_rate=0.000
tick=8700 phase=following reason=path_ready wp=17 dist_wp=17.03 bearing_deg=0.62 speed=2.015 pos=(-103.748,0.019,-59.899) thr=0.84 steer=0.00 on_floor=true still=0 grounded=true support_l=1.00 support_r=1.00 yaw_rate=0.000
tick=8730 phase=following reason=path_ready wp=17 dist_wp=15.79 bearing_deg=0.67 speed=2.913 pos=(-104.934,0.019,-60.285) thr=0.80 steer=0.00 on_floor=true still=0 grounded=true support_l=1.00 support_r=1.00 yaw_rate=0.000
tick=8760 phase=following reason=path_ready wp=17 dist_wp=14.22 bearing_deg=0.74 speed=3.512 pos=(-106.425,0.015,-60.771) thr=0.76 steer=0.00 on_floor=true still=0 grounded=true support_l=1.00 support_r=1.00 yaw_rate=0.000
tick=8790 phase=following reason=path_ready wp=17 dist_wp=12.26 bearing_deg=0.79 speed=4.300 pos=(-108.291,0.016,-61.378) thr=0.70 steer=0.03 on_floor=true still=0 grounded=true support_l=1.00 support_r=1.00 yaw_rate=0.018
tick=8820 phase=following reason=path_ready wp=17 dist_wp=9.92 bearing_deg=0.79 speed=4.990 pos=(-110.510,0.014,-62.095) thr=0.62 steer=0.03 on_floor=true still=0 grounded=true support_l=1.00 support_r=1.00 yaw_rate=0.017
tick=8850 phase=following reason=path_ready wp=17 dist_wp=7.28 bearing_deg=0.80 speed=5.559 pos=(-113.031,0.012,-62.900) thr=0.52 steer=0.03 on_floor=true still=0 grounded=true support_l=1.00 support_r=1.00 yaw_rate=0.017
tick=8880 phase=following reason=path_ready wp=17 dist_wp=4.66 bearing_deg=0.80 speed=4.557 pos=(-115.525,0.021,-63.682) thr=0.39 steer=0.03 on_floor=true still=0 grounded=true support_l=1.00 support_r=1.00 yaw_rate=0.017
tick=8910 phase=following reason=path_ready wp=17 dist_wp=2.78 bearing_deg=0.80 speed=3.048 pos=(-117.330,0.028,-64.235) thr=0.26 steer=0.03 on_floor=true still=0 grounded=true support_l=1.00 support_r=1.00 yaw_rate=0.018
tick=8940 phase=following reason=path_ready wp=17 dist_wp=1.65 bearing_deg=0.80 speed=1.532 pos=(-118.415,0.029,-64.558) thr=0.13 steer=0.03 on_floor=true still=0 grounded=true support_l=1.00 support_r=1.00 yaw_rate=0.019
tick=8970 phase=following reason=path_ready wp=18 dist_wp=21.36 bearing_deg=99.29 speed=0.000 pos=(-118.768,0.029,-64.661) thr=0.00 steer=1.00 on_floor=true still=0 grounded=true support_l=1.00 support_r=1.00 yaw_rate=0.628
