tick=0 phase=following reason=path_ready wp=0 dist_wp=5.83 bearing_deg=30.36 speed=0.000 pos=(-123.000,0.000,60.000) thr=0.00 steer=1.00 on_floor=true still=0 grounded=true support_l=1.00 support_r=1.00 yaw_rate=0.628
tick=30 phase=following reason=path_ready wp=0 dist_wp=5.82 bearing_deg=15.01 speed=0.114 pos=(-122.998,0.003,60.007) thr=0.45 steer=0.61 on_floor=true still=0 grounded=true support_l=1.00 support_r=1.00 yaw_rate=0.385
tick=60 phase=following reason=path_ready wp=0 dist_wp=5.64 bearing_deg=7.54 speed=0.600 pos=(-122.932,0.010,60.178) thr=0.44 steer=0.31 on_floor=true still=0 grounded=true support_l=1.00 support_r=1.00 yaw_rate=0.190
tick=90 phase=following reason=path_ready wp=0 dist_wp=5.22 bearing_deg=4.00 speed=1.064 pos=(-122.746,0.010,60.556) thr=0.42 steer=0.16 on_floor=true still=0 grounded=true support_l=1.00 support_r=1.00 yaw_rate=0.099
tick=120 phase=following reason=path_ready wp=0 dist_wp=4.58 bearing_deg=2.27 speed=1.491 pos=(-122.434,0.009,61.119) thr=0.38 steer=0.09 on_floor=true still=0 grounded=true support_l=1.00 support_r=1.00 yaw_rate=0.055
tick=150 phase=following reason=path_ready wp=0 dist_wp=3.74 bearing_deg=1.39 speed=1.864 pos=(-122.005,0.008,61.847) thr=0.33 steer=0.06 on_floor=true still=0 grounded=true support_l=1.00 support_r=1.00 yaw_rate=0.033
tick=180 phase=following reason=path_ready wp=0 dist_wp=2.73 bearing_deg=0.96 speed=2.147 pos=(-121.476,0.006,62.709) thr=0.26 steer=0.04 on_floor=true still=0 grounded=true support_l=1.00 support_r=1.00 yaw_rate=0.023
tick=210 phase=following reason=path_ready wp=0 dist_wp=1.69 bearing_deg=0.80 speed=1.613 pos=(-120.924,0.013,63.589) thr=0.14 steer=0.03 on_floor=true still=0 grounded=true support_l=1.00 support_r=1.00 yaw_rate=0.019
tick=240 phase=following reason=path_ready wp=1 dist_wp=20.61 bearing_deg=142.44 speed=0.068 pos=(-120.703,0.029,63.934) thr=0.00 steer=1.00 on_floor=true still=0 grounded=true support_l=1.00 support_r=1.00 yaw_rate=0.626
tick=270 phase=following reason=path_ready wp=1 dist_wp=20.61 bearing_deg=124.44 speed=0.000 pos=(-120.703,0.003,63.934) thr=0.00 steer=1.00 on_floor=true still=0 grounded=true support_l=1.00 support_r=1.00 yaw_rate=0.628
tick=300 phase=following reason=path_ready wp=1 dist_wp=20.61 bearing_deg=106.44 speed=0.000 pos=(-120.703,0.001,63.934) thr=0.00 steer=1.00 on_floor=true still=0 grounded=true support_l=1.00 support_r=1.00 yaw_rate=0.628
tick=330 phase=following reason=path_ready wp=1 dist_wp=20.61 bearing_deg=88.44 speed=0.000 pos=(-120.703,0.001,63.934) thr=0.00 steer=1.00 on_floor=true still=0 grounded=true support_l=1.00 support_r=1.00 yaw_rate=0.628
tick=360 phase=following reason=path_ready wp=1 dist_wp=20.61 bearing_deg=70.44 speed=0.000 pos=(-120.703,0.001,63.934) thr=0.00 steer=1.00 on_floor=true still=0 grounded=true support_l=1.00 support_r=1.00 yaw_rate=0.628
tick=390 phase=following reason=path_ready wp=1 dist_wp=20.61 bearing_deg=52.44 speed=0.000 pos=(-120.703,0.001,63.934) thr=0.00 steer=1.00 on_floor=true still=0 grounded=true support_l=1.00 support_r=1.00 yaw_rate=0.628
tick=420 phase=following reason=path_ready wp=1 dist_wp=20.61 bearing_deg=34.44 speed=0.000 pos=(-120.703,0.001,63.934) thr=0.00 steer=1.00 on_floor=true still=0 grounded=true support_l=1.00 support_r=1.00 yaw_rate=0.628
tick=450 phase=following reason=path_ready wp=1 dist_wp=20.61 bearing_deg=17.68 speed=0.000 pos=(-120.703,0.001,63.934) thr=0.00 steer=0.72 on_floor=true still=0 grounded=true support_l=1.00 support_r=1.00 yaw_rate=0.455
tick=480 phase=following reason=path_ready wp=1 dist_wp=20.35 bearing_deg=8.74 speed=1.026 pos=(-120.644,0.019,63.675) thr=0.92 steer=0.36 on_floor=true still=0 grounded=true support_l=1.00 support_r=1.00 yaw_rate=0.218
tick=510 phase=following reason=path_ready wp=1 dist_wp=19.58 bearing_deg=4.53 speed=2.024 pos=(-120.539,0.020,62.910) thr=0.90 steer=0.19 on_floor=true still=0 grounded=true support_l=1.00 support_r=1.00 yaw_rate=0.109
tick=540 phase=following reason=path_ready wp=1 dist_wp=18.32 bearing_deg=2.47 speed=2.920 pos=(-120.435,0.019,61.650) thr=0.87 steer=0.10 on_floor=true still=0 grounded=true support_l=1.00 support_r=1.00 yaw_rate=0.058
tick=570 phase=following reason=path_ready wp=1 dist_wp=16.72 bearing_deg=1.40 speed=3.622 pos=(-120.348,0.017,60.051) thr=0.83 steer=0.06 on_floor=true still=0 grounded=true support_l=1.00 support_r=1.00 yaw_rate=0.032
tick=600 phase=following reason=path_ready wp=1 dist_wp=14.69 bearing_deg=0.84 speed=4.480 pos=(-120.270,0.018,58.016) thr=0.77 steer=0.03 on_floor=true still=0 grounded=true support_l=1.00 support_r=1.00 yaw_rate=0.019
tick=630 phase=following reason=path_ready wp=1 dist_wp=12.24 bearing_deg=0.80 speed=5.249 pos=(-120.194,0.016,55.575) thr=0.70 steer=0.00 on_floor=true still=0 grounded=true support_l=1.00 support_r=1.00 yaw_rate=0.000
tick=660 phase=following reason=path_ready wp=1 dist_wp=9.45 bearing_deg=0.80 speed=5.825 pos=(-120.116,0.013,52.781) thr=0.61 steer=0.00 on_floor=true still=0 grounded=true support_l=1.00 support_r=1.00 yaw_rate=0.000
tick=690 phase=following reason=path_ready wp=1 dist_wp=6.50 bearing_deg=0.80 speed=5.646 pos=(-120.046,0.006,49.833) thr=0.49 steer=0.03 on_floor=true still=0 grounded=true support_l=1.00 support_r=1.00 yaw_rate=0.017
tick=720 phase=following reason=path_ready wp=1 dist_wp=4.06 bearing_deg=0.81 speed=4.138 pos=(-120.002,0.038,47.398) thr=0.36 steer=0.00 on_floor=true still=0 grounded=true support_l=1.00 support_r=1.00 yaw_rate=0.000
tick=750 phase=following reason=path_ready wp=1 dist_wp=2.38 bearing_deg=0.81 speed=2.625 pos=(-119.983,0.059,45.718) thr=0.23 steer=0.03 on_floor=true still=0 grounded=true support_l=1.00 support_r=1.00 yaw_rate=0.019
tick=780 phase=following reason=path_ready wp=1 dist_wp=1.46 bearing_deg=0.80 speed=1.087 pos=(-119.979,0.103,44.792) thr=0.09 steer=0.03 on_floor=true still=0 grounded=true support_l=1.00 support_r=1.00 yaw_rate=0.020
tick=810 phase=following reason=path_ready wp=2 dist_wp=23.07 bearing_deg=-0.09 speed=0.810 pos=(-119.979,0.095,44.468) thr=0.98 steer=0.00 on_floor=true still=0 grounded=true support_l=1.00 support_r=1.00 yaw_rate=0.000
tick=840 phase=following reason=path_ready wp=2 dist_wp=22.40 bearing_deg=-0.10 speed=1.787 pos=(-119.979,0.146,43.793) thr=0.96 steer=0.00 on_floor=true still=0 grounded=true support_l=1.00 support_r=1.00 yaw_rate=0.000
tick=870 phase=following reason=path_ready wp=2 dist_wp=21.26 bearing_deg=-0.09 speed=2.682 pos=(-119.979,0.166,42.648) thr=0.94 steer=0.00 on_floor=true still=0 grounded=true support_l=1.00 support_r=1.00 yaw_rate=0.000
tick=900 phase=following reason=path_ready wp=2 dist_wp=19.80 bearing_deg=-0.10 speed=3.094 pos=(-119.980,0.277,41.177) thr=0.90 steer=0.00 on_floor=true still=0 grounded=true support_l=1.00 support_r=1.00 yaw_rate=0.000
tick=930 phase=following reason=path_ready wp=2 dist_wp=18.07 bearing_deg=-0.11 speed=3.658 pos=(-119.982,0.414,39.446) thr=0.86 steer=0.00 on_floor=true still=0 grounded=true support_l=1.00 support_r=1.00 yaw_rate=0.000
tick=960 phase=following reason=path_ready wp=2 dist_wp=16.09 bearing_deg=-0.14 speed=4.070 pos=(-119.985,0.645,37.480) thr=0.81 steer=0.00 on_floor=true still=0 grounded=true support_l=1.00 support_r=1.00 yaw_rate=0.000
tick=990 phase=following reason=path_ready wp=2 dist_wp=13.96 bearing_deg=-0.16 speed=4.239 pos=(-119.989,0.901,35.363) thr=0.74 steer=0.00 on_floor=true still=0 grounded=true support_l=1.00 support_r=1.00 yaw_rate=0.000
tick=1020 phase=following reason=path_ready wp=2 dist_wp=11.79 bearing_deg=-0.20 speed=4.244 pos=(-119.994,1.236,33.215) thr=0.68 steer=0.00 on_floor=true still=0 grounded=true support_l=1.00 support_r=1.00 yaw_rate=0.000
tick=1050 phase=following reason=path_ready wp=2 dist_wp=9.66 bearing_deg=-0.25 speed=4.048 pos=(-120.001,1.615,31.119) thr=0.60 steer=0.00 on_floor=true still=0 grounded=true support_l=1.00 support_r=1.00 yaw_rate=0.000
tick=1080 phase=following reason=path_ready wp=2 dist_wp=7.67 bearing_deg=-0.32 speed=3.712 pos=(-120.006,1.997,29.160) thr=0.53 steer=0.00 on_floor=true still=0 grounded=true support_l=1.00 support_r=1.00 yaw_rate=0.000
tick=1110 phase=following reason=path_ready wp=2 dist_wp=5.87 bearing_deg=-0.40 speed=3.217 pos=(-120.011,2.367,27.402) thr=0.45 steer=0.00 on_floor=true still=0 grounded=true support_l=1.00 support_r=1.00 yaw_rate=0.000
tick=1140 phase=following reason=path_ready wp=2 dist_wp=4.34 bearing_deg=-0.47 speed=2.608 pos=(-120.013,2.704,25.911) thr=0.37 steer=0.00 on_floor=true still=0 grounded=true support_l=1.00 support_r=1.00 yaw_rate=0.000
tick=1170 phase=following reason=path_ready wp=2 dist_wp=3.14 bearing_deg=-0.50 speed=1.858 pos=(-120.010,2.952,24.737) thr=0.28 steer=0.00 on_floor=true still=0 grounded=true support_l=1.00 support_r=1.00 yaw_rate=0.000
tick=1200 phase=following reason=path_ready wp=2 dist_wp=2.37 bearing_deg=-0.34 speed=0.956 pos=(-120.001,3.124,23.980) thr=0.22 steer=0.00 on_floor=true still=0 grounded=true support_l=1.00 support_r=1.00 yaw_rate=0.000
tick=1230 phase=following reason=path_ready wp=2 dist_wp=2.02 bearing_deg=0.05 speed=0.053 pos=(-119.988,3.196,23.642) thr=0.18 steer=0.00 on_floor=true still=12 grounded=true support_l=1.00 support_r=1.00 yaw_rate=0.000
tick=1260 phase=following reason=path_ready wp=2 dist_wp=1.92 bearing_deg=0.58 speed=0.000 pos=(-119.971,3.205,23.540) thr=0.16 steer=0.00 on_floor=true still=42 grounded=true support_l=1.00 support_r=1.00 yaw_rate=0.000
tick=1290 phase=following reason=path_ready wp=2 dist_wp=1.85 bearing_deg=0.79 speed=0.000 pos=(-119.959,3.218,23.474) thr=0.15 steer=0.03 on_floor=true still=72 grounded=true support_l=1.00 support_r=1.00 yaw_rate=0.020
tick=1320 phase=following reason=path_ready wp=2 dist_wp=1.75 bearing_deg=0.85 speed=0.000 pos=(-119.943,3.243,23.379) thr=0.14 steer=0.03 on_floor=true still=102 grounded=true support_l=1.00 support_r=1.00 yaw_rate=0.021
tick=1350 phase=following reason=path_ready wp=2 dist_wp=1.65 bearing_deg=0.93 speed=0.000 pos=(-119.926,3.267,23.276) thr=0.12 steer=0.04 on_floor=true still=132 grounded=true support_l=1.00 support_r=1.00 yaw_rate=0.023
tick=1380 phase=following reason=path_ready wp=3 dist_wp=23.41 bearing_deg=-0.82 speed=0.062 pos=(-119.910,3.294,23.161) thr=0.99 steer=-0.03 on_floor=true still=162 grounded=true support_l=1.00 support_r=1.00 yaw_rate=-0.021
tick=1410 phase=following reason=path_ready wp=3 dist_wp=23.25 bearing_deg=-0.76 speed=0.127 pos=(-119.894,3.330,23.013) thr=0.98 steer=0.00 on_floor=true still=192 grounded=true support_l=1.00 support_r=1.00 yaw_rate=0.000
tick=1440 phase=following reason=path_ready wp=3 dist_wp=23.07 bearing_deg=-0.72 speed=0.187 pos=(-119.879,3.370,22.835) thr=0.98 steer=0.00 on_floor=true still=222 grounded=true support_l=1.00 support_r=1.00 yaw_rate=0.000
tick=1470 phase=following reason=path_ready wp=3 dist_wp=22.86 bearing_deg=-0.68 speed=0.241 pos=(-119.865,3.416,22.630) thr=0.97 steer=0.00 on_floor=true still=252 grounded=true support_l=1.00 support_r=1.00 yaw_rate=0.000
tick=1500 phase=following reason=path_ready wp=3 dist_wp=22.63 bearing_deg=-0.64 speed=0.289 pos=(-119.852,3.468,22.400) thr=0.97 steer=0.00 on_floor=true still=282 grounded=true support_l=1.00 support_r=1.00 yaw_rate=0.000
tick=1530 phase=following reason=path_ready wp=3 dist_wp=22.37 bearing_deg=-0.61 speed=0.330 pos=(-119.839,3.524,22.150) thr=0.96 steer=0.00 on_floor=true still=312 grounded=true support_l=1.00 support_r=1.00 yaw_rate=0.000
tick=1560 phase=following reason=path_ready wp=3 dist_wp=22.10 bearing_deg=-0.55 speed=0.393 pos=(-119.827,3.595,21.881) thr=0.96 steer=0.00 on_floor=true still=24 grounded=true support_l=1.00 support_r=1.00 yaw_rate=0.000
tick=1590 phase=following reason=path_ready wp=3 dist_wp=21.79 bearing_deg=-0.51 speed=0.454 pos=(-119.815,3.663,21.579) thr=0.95 steer=0.00 on_floor=true still=0 grounded=true support_l=1.00 support_r=1.00 yaw_rate=0.000
tick=1620 phase=following reason=path_ready wp=3 dist_wp=21.45 bearing_deg=-0.47 speed=0.508 pos=(-119.804,3.736,21.249) thr=0.94 steer=0.00 on_floor=true still=0 grounded=true support_l=1.00 support_r=1.00 yaw_rate=0.000
tick=1650 phase=following reason=path_ready wp=3 dist_wp=21.09 bearing_deg=-0.44 speed=0.551 pos=(-119.793,3.813,20.896) thr=0.93 steer=0.00 on_floor=true still=0 grounded=true support_l=1.00 support_r=1.00 yaw_rate=0.000
tick=1680 phase=following reason=path_ready wp=3 dist_wp=20.71 bearing_deg=-0.40 speed=0.575 pos=(-119.783,3.894,20.526) thr=0.92 steer=0.00 on_floor=true still=0 grounded=true support_l=1.00 support_r=1.00 yaw_rate=0.000
tick=1710 phase=following reason=path_ready wp=3 dist_wp=20.33 bearing_deg=-0.36 speed=0.580 pos=(-119.771,3.978,20.149) thr=0.92 steer=0.00 on_floor=true still=0 grounded=true support_l=1.00 support_r=1.00 yaw_rate=0.000
tick=1740 phase=following reason=path_ready wp=3 dist_wp=19.95 bearing_deg=-0.31 speed=0.580 pos=(-119.760,4.062,19.772) thr=0.91 steer=0.00 on_floor=true still=0 grounded=true support_l=1.00 support_r=1.00 yaw_rate=0.000
tick=1770 phase=following reason=path_ready wp=3 dist_wp=19.56 bearing_deg=-0.26 speed=0.573 pos=(-119.749,4.146,19.396) thr=0.90 steer=0.00 on_floor=true still=0 grounded=true support_l=1.00 support_r=1.00 yaw_rate=0.000
tick=1800 phase=following reason=path_ready wp=3 dist_wp=19.19 bearing_deg=-0.21 speed=0.552 pos=(-119.737,4.229,19.027) thr=0.89 steer=0.00 on_floor=true still=0 grounded=true support_l=1.00 support_r=1.00 yaw_rate=0.000
tick=1830 phase=following reason=path_ready wp=3 dist_wp=18.82 bearing_deg=-0.16 speed=0.519 pos=(-119.724,4.308,18.671) thr=0.88 steer=0.00 on_floor=true still=0 grounded=true support_l=1.00 support_r=1.00 yaw_rate=0.000
tick=1860 phase=following reason=path_ready wp=3 dist_wp=18.48 bearing_deg=-0.11 speed=0.475 pos=(-119.711,4.383,18.333) thr=0.87 steer=0.00 on_floor=true still=0 grounded=true support_l=1.00 support_r=1.00 yaw_rate=0.000
tick=1890 phase=following reason=path_ready wp=3 dist_wp=18.16 bearing_deg=-0.01 speed=0.442 pos=(-119.698,4.456,18.022) thr=0.86 steer=0.00 on_floor=true still=0 grounded=true support_l=1.00 support_r=1.00 yaw_rate=0.000
tick=1920 phase=following reason=path_ready wp=3 dist_wp=17.85 bearing_deg=0.05 speed=0.441 pos=(-119.684,4.520,17.716) thr=0.85 steer=0.00 on_floor=true still=0 grounded=true support_l=1.00 support_r=1.00 yaw_rate=0.000
tick=1950 phase=following reason=path_ready wp=3 dist_wp=17.54 bearing_deg=0.12 speed=0.458 pos=(-119.671,4.593,17.413) thr=0.85 steer=0.00 on_floor=true still=0 grounded=true support_l=1.00 support_r=1.00 yaw_rate=0.000
tick=1980 phase=following reason=path_ready wp=3 dist_wp=17.22 bearing_deg=0.19 speed=0.471 pos=(-119.658,4.656,17.098) thr=0.84 steer=0.00 on_floor=true still=0 grounded=true support_l=1.00 support_r=1.00 yaw_rate=0.000
tick=2010 phase=following reason=path_ready wp=3 dist_wp=16.90 bearing_deg=0.26 speed=0.467 pos=(-119.644,4.721,16.780) thr=0.83 steer=0.00 on_floor=true still=0 grounded=true support_l=1.00 support_r=1.00 yaw_rate=0.000
tick=2040 phase=following reason=path_ready wp=3 dist_wp=16.58 bearing_deg=0.32 speed=0.446 pos=(-119.630,4.785,16.467) thr=0.82 steer=0.00 on_floor=true still=0 grounded=true support_l=1.00 support_r=1.00 yaw_rate=0.000
tick=2070 phase=following reason=path_ready wp=3 dist_wp=16.28 bearing_deg=0.40 speed=0.412 pos=(-119.614,4.846,16.168) thr=0.81 steer=0.00 on_floor=true still=4 grounded=true support_l=1.00 support_r=1.00 yaw_rate=0.000
tick=2100 phase=following reason=path_ready wp=3 dist_wp=15.99 bearing_deg=0.50 speed=0.379 pos=(-119.598,4.904,15.887) thr=0.81 steer=0.00 on_floor=true still=34 grounded=true support_l=1.00 support_r=1.00 yaw_rate=0.000
tick=2130 phase=following reason=path_ready wp=3 dist_wp=15.72 bearing_deg=0.58 speed=0.353 pos=(-119.582,4.958,15.620) thr=0.80 steer=0.00 on_floor=true still=64 grounded=true support_l=1.00 support_r=1.00 yaw_rate=0.000
tick=2160 phase=following reason=path_ready wp=3 dist_wp=15.46 bearing_deg=0.67 speed=0.316 pos=(-119.565,5.009,15.368) thr=0.79 steer=0.00 on_floor=true still=94 grounded=true support_l=1.00 support_r=1.00 yaw_rate=0.000
tick=2190 phase=following reason=path_ready wp=3 dist_wp=15.23 bearing_deg=0.76 speed=0.270 pos=(-119.548,5.056,15.136) thr=0.78 steer=0.00 on_floor=true still=124 grounded=true support_l=1.00 support_r=1.00 yaw_rate=0.000
tick=2220 phase=following reason=path_ready wp=3 dist_wp=15.02 bearing_deg=0.80 speed=0.216 pos=(-119.529,5.098,14.929) thr=0.78 steer=0.00 on_floor=true still=154 grounded=true support_l=1.00 support_r=1.00 yaw_rate=0.000
tick=2250 phase=following reason=path_ready wp=3 dist_wp=14.84 bearing_deg=0.79 speed=0.155 pos=(-119.511,5.134,14.749) thr=0.77 steer=0.00 on_floor=true still=184 grounded=true support_l=1.00 support_r=1.00 yaw_rate=0.000
tick=2280 phase=following reason=path_ready wp=3 dist_wp=14.69 bearing_deg=0.79 speed=0.090 pos=(-119.491,5.165,14.599) thr=0.77 steer=0.00 on_floor=true still=214 grounded=true support_l=1.00 support_r=1.00 yaw_rate=0.000
tick=2310 phase=following reason=path_ready wp=3 dist_wp=14.57 bearing_deg=0.79 speed=0.020 pos=(-119.470,5.189,14.482) thr=0.77 steer=0.00 on_floor=true still=244 grounded=true support_l=1.00 support_r=1.00 yaw_rate=0.000
tick=2340 phase=following reason=path_ready wp=3 dist_wp=14.54 bearing_deg=0.78 speed=0.000 pos=(-119.464,5.194,14.457) thr=0.77 steer=0.00 on_floor=true still=274 grounded=true support_l=1.00 support_r=1.00 yaw_rate=0.000
tick=2370 phase=following reason=path_ready wp=3 dist_wp=14.54 bearing_deg=0.78 speed=0.000 pos=(-119.464,5.194,14.457) thr=0.77 steer=0.00 on_floor=true still=304 grounded=true support_l=1.00 support_r=1.00 yaw_rate=0.000
tick=2400 phase=following reason=path_ready wp=3 dist_wp=14.54 bearing_deg=0.78 speed=0.000 pos=(-119.464,5.194,14.457) thr=0.77 steer=0.00 on_floor=true still=334 grounded=true support_l=1.00 support_r=1.00 yaw_rate=0.000
tick=2430 phase=reverse reason=insufficient_actual_progress wp=3 dist_wp=14.79 bearing_deg=0.88 speed=-1.371 pos=(-119.436,5.137,14.699) thr=-0.75 steer=0.00 on_floor=true still=0 grounded=true support_l=1.00 support_r=1.00 yaw_rate=0.000
tick=2460 phase=reverse reason=insufficient_actual_progress wp=3 dist_wp=15.67 bearing_deg=0.94 speed=-2.250 pos=(-119.384,4.976,15.568) thr=-0.75 steer=0.00 on_floor=true still=0 grounded=true support_l=1.00 support_r=1.00 yaw_rate=0.000
tick=2490 phase=turn_recovery reason=reverse_complete wp=3 dist_wp=16.55 bearing_deg=-6.67 speed=-1.315 pos=(-119.302,4.804,16.428) thr=0.00 steer=1.00 on_floor=true still=0 grounded=true support_l=1.00 support_r=1.00 yaw_rate=0.528
tick=2520 phase=following reason=path_ready wp=0 dist_wp=5.25 bearing_deg=145.18 speed=0.000 pos=(-119.229,4.759,16.601) thr=0.00 steer=1.00 on_floor=true still=0 grounded=true support_l=1.00 support_r=1.00 yaw_rate=0.628
tick=2550 phase=following reason=path_ready wp=0 dist_wp=5.25 bearing_deg=127.22 speed=0.000 pos=(-119.228,4.766,16.603) thr=0.00 steer=1.00 on_floor=true still=0 grounded=true support_l=1.00 support_r=1.00 yaw_rate=0.628
tick=2580 phase=following reason=path_ready wp=0 dist_wp=5.25 bearing_deg=109.51 speed=0.000 pos=(-119.228,4.770,16.604) thr=0.00 steer=1.00 on_floor=true still=0 grounded=true support_l=1.00 support_r=1.00 yaw_rate=0.628
tick=2610 phase=following reason=path_ready wp=0 dist_wp=5.25 bearing_deg=91.89 speed=0.000 pos=(-119.228,4.774,16.605) thr=0.00 steer=1.00 on_floor=true still=0 grounded=true support_l=1.00 support_r=1.00 yaw_rate=0.628
tick=2640 phase=following reason=path_ready wp=0 dist_wp=5.25 bearing_deg=74.23 speed=0.000 pos=(-119.227,4.774,16.605) thr=0.00 steer=1.00 on_floor=true still=0 grounded=true support_l=1.00 support_r=1.00 yaw_rate=0.628
tick=2670 phase=following reason=path_ready wp=0 dist_wp=5.25 bearing_deg=56.46 speed=0.000 pos=(-119.227,4.770,16.604) thr=0.00 steer=1.00 on_floor=true still=0 grounded=true support_l=1.00 support_r=1.00 yaw_rate=0.628
tick=2700 phase=following reason=path_ready wp=0 dist_wp=5.25 bearing_deg=38.35 speed=0.000 pos=(-119.226,4.767,16.600) thr=0.00 steer=1.00 on_floor=true still=0 grounded=true support_l=1.00 support_r=1.00 yaw_rate=0.628
tick=2730 phase=following reason=path_ready wp=0 dist_wp=5.26 bearing_deg=20.53 speed=0.000 pos=(-119.224,4.768,16.593) thr=0.00 steer=0.84 on_floor=true still=0 grounded=true support_l=1.00 support_r=1.00 yaw_rate=0.529
tick=2760 phase=following reason=path_ready wp=0 dist_wp=5.10 bearing_deg=10.28 speed=1.129 pos=(-119.290,4.741,16.737) thr=0.41 steer=0.42 on_floor=true still=0 grounded=true support_l=1.00 support_r=1.00 yaw_rate=0.255
tick=2790 phase=following reason=path_ready wp=0 dist_wp=4.30 bearing_deg=6.13 speed=2.511 pos=(-119.504,4.593,17.503) thr=0.36 steer=0.25 on_floor=true still=0 grounded=true support_l=1.00 support_r=1.00 yaw_rate=0.145
tick=2820 phase=following reason=path_ready wp=0 dist_wp=2.90 bearing_deg=4.58 speed=3.096 pos=(-119.761,4.264,18.845) thr=0.27 steer=0.18 on_floor=true still=0 grounded=true support_l=1.00 support_r=1.00 yaw_rate=0.105
tick=2850 phase=following reason=path_ready wp=0 dist_wp=1.83 bearing_deg=3.44 speed=1.782 pos=(-119.900,4.034,19.885) thr=0.15 steer=0.14 on_floor=true still=0 grounded=true support_l=1.00 support_r=1.00 yaw_rate=0.083
tick=2880 phase=following reason=path_ready wp=0 dist_wp=1.37 bearing_deg=1.89 speed=0.611 pos=(-119.934,3.937,20.332) thr=0.05 steer=0.08 on_floor=true still=3 grounded=true support_l=1.00 support_r=1.00 yaw_rate=0.048
tick=2910 phase=following reason=path_ready wp=1 dist_wp=22.99 bearing_deg=2.59 speed=1.813 pos=(-119.940,3.875,20.659) thr=0.98 steer=0.11 on_floor=true still=0 grounded=true support_l=1.00 support_r=1.00 yaw_rate=0.063
tick=2940 phase=following reason=path_ready wp=1 dist_wp=21.72 bearing_deg=1.34 speed=3.597 pos=(-119.959,3.616,21.909) thr=0.95 steer=0.05 on_floor=true still=0 grounded=true support_l=1.00 support_r=1.00 yaw_rate=0.031
tick=2970 phase=following reason=path_ready wp=1 dist_wp=19.54 bearing_deg=0.79 speed=5.655 pos=(-119.968,3.131,24.041) thr=0.90 steer=0.00 on_floor=true still=0 grounded=true support_l=1.00 support_r=1.00 yaw_rate=0.000
tick=3000 phase=following reason=path_ready wp=1 dist_wp=16.49 bearing_deg=0.80 speed=7.265 pos=(-119.982,2.473,27.026) thr=0.82 steer=0.00 on_floor=true still=0 grounded=true support_l=1.00 support_r=1.00 yaw_rate=0.000
tick=3030 phase=following reason=path_ready wp=1 dist_wp=12.64 bearing_deg=0.79 speed=8.263 pos=(-120.007,1.699,30.804) thr=0.71 steer=0.00 on_floor=true still=0 grounded=true support_l=1.00 support_r=1.00 yaw_rate=0.000
tick=3060 phase=following reason=path_ready wp=1 dist_wp=9.01 bearing_deg=0.80 speed=6.831 pos=(-120.024,1.065,34.385) thr=0.59 steer=0.00 on_floor=true still=0 grounded=true support_l=1.00 support_r=1.00 yaw_rate=0.000
tick=3090 phase=following reason=path_ready wp=1 dist_wp=6.05 bearing_deg=0.80 speed=5.382 pos=(-120.036,0.662,37.313) thr=0.46 steer=0.00 on_floor=true still=0 grounded=true support_l=1.00 support_r=1.00 yaw_rate=0.000
tick=3120 phase=following reason=path_ready wp=1 dist_wp=3.80 bearing_deg=0.80 speed=3.920 pos=(-120.039,0.421,39.556) thr=0.34 steer=0.03 on_floor=true still=0 grounded=true support_l=1.00 support_r=1.00 yaw_rate=0.018
tick=3150 phase=following reason=path_ready wp=1 dist_wp=2.26 bearing_deg=0.80 speed=2.455 pos=(-120.034,0.288,41.089) thr=0.21 steer=0.03 on_floor=true still=0 grounded=true support_l=1.00 support_r=1.00 yaw_rate=0.019
tick=3180 phase=following reason=path_ready wp=1 dist_wp=1.44 bearing_deg=0.80 speed=1.007 pos=(-120.026,0.227,41.900) thr=0.09 steer=0.00 on_floor=true still=0 grounded=true support_l=1.00 support_r=1.00 yaw_rate=0.000
tick=3210 phase=following reason=path_ready wp=2 dist_wp=22.78 bearing_deg=-0.22 speed=1.110 pos=(-120.020,0.192,42.223) thr=0.98 steer=0.00 on_floor=true still=0 grounded=true support_l=1.00 support_r=1.00 yaw_rate=0.000
tick=3240 phase=following reason=path_ready wp=2 dist_wp=21.90 bearing_deg=-0.22 speed=2.441 pos=(-120.014,0.167,43.104) thr=0.96 steer=0.00 on_floor=true still=0 grounded=true support_l=1.00 support_r=1.00 yaw_rate=0.000
tick=3270 phase=following reason=path_ready wp=2 dist_wp=20.45 bearing_deg=-0.25 speed=3.325 pos=(-120.004,0.109,44.548) thr=0.92 steer=0.00 on_floor=true still=0 grounded=true support_l=1.00 support_r=1.00 yaw_rate=0.000
tick=3300 phase=following reason=path_ready wp=2 dist_wp=18.51 bearing_deg=-0.27 speed=4.433 pos=(-119.995,0.072,46.488) thr=0.88 steer=0.00 on_floor=true still=0 grounded=true support_l=1.00 support_r=1.00 yaw_rate=0.000
tick=3330 phase=following reason=path_ready wp=2 dist_wp=16.06 bearing_deg=-0.32 speed=5.344 pos=(-119.983,0.025,48.942) thr=0.81 steer=0.00 on_floor=true still=0 grounded=true support_l=1.00 support_r=1.00 yaw_rate=0.000
tick=3360 phase=following reason=path_ready wp=2 dist_wp=13.21 bearing_deg=-0.38 speed=5.879 pos=(-119.970,0.010,51.793) thr=0.73 steer=0.00 on_floor=true still=0 grounded=true support_l=1.00 support_r=1.00 yaw_rate=0.000
tick=3390 phase=following reason=path_ready wp=2 dist_wp=10.09 bearing_deg=-0.50 speed=6.546 pos=(-119.956,0.013,54.911) thr=0.63 steer=0.00 on_floor=true still=0 grounded=true support_l=1.00 support_r=1.00 yaw_rate=0.000
tick=3420 phase=following reason=path_ready wp=2 dist_wp=6.87 bearing_deg=-0.74 speed=5.844 pos=(-119.942,0.017,58.126) thr=0.50 steer=0.00 on_floor=true still=0 grounded=true support_l=1.00 support_r=1.00 yaw_rate=0.000
tick=3450 phase=following reason=path_ready wp=2 dist_wp=4.34 bearing_deg=-0.81 speed=4.337 pos=(-119.936,0.028,60.658) thr=0.37 steer=-0.03 on_floor=true still=0 grounded=true support_l=1.00 support_r=1.00 yaw_rate=-0.018
tick=3480 phase=following reason=path_ready wp=2 dist_wp=2.56 bearing_deg=-0.81 speed=2.826 pos=(-119.943,0.029,62.437) thr=0.24 steer=0.00 on_floor=true still=0 grounded=true support_l=1.00 support_r=1.00 yaw_rate=0.000
tick=3510 phase=following reason=path_ready wp=2 dist_wp=1.54 bearing_deg=-0.80 speed=1.307 pos=(-119.955,0.029,63.458) thr=0.11 steer=-0.03 on_floor=true still=0 grounded=true support_l=1.00 support_r=1.00 yaw_rate=-0.020
tick=3540 phase=following reason=path_ready wp=3 dist_wp=16.39 bearing_deg=97.57 speed=0.000 pos=(-119.959,0.025,63.722) thr=0.00 steer=1.00 on_floor=true still=0 grounded=true support_l=1.00 support_r=1.00 yaw_rate=0.628
tick=3570 phase=following reason=path_ready wp=3 dist_wp=16.39 bearing_deg=79.57 speed=0.000 pos=(-119.959,0.003,63.722) thr=0.00 steer=1.00 on_floor=true still=0 grounded=true support_l=1.00 support_r=1.00 yaw_rate=0.628
tick=3600 phase=following reason=path_ready wp=3 dist_wp=16.39 bearing_deg=61.57 speed=0.000 pos=(-119.959,0.001,63.722) thr=0.00 steer=1.00 on_floor=true still=0 grounded=true support_l=1.00 support_r=1.00 yaw_rate=0.628
tick=3630 phase=following reason=path_ready wp=3 dist_wp=16.39 bearing_deg=43.57 speed=0.000 pos=(-119.959,0.001,63.722) thr=0.00 steer=1.00 on_floor=true still=0 grounded=true support_l=1.00 support_r=1.00 yaw_rate=0.628
tick=3660 phase=following reason=path_ready wp=3 dist_wp=16.39 bearing_deg=25.57 speed=0.000 pos=(-119.959,0.001,63.722) thr=0.00 steer=1.00 on_floor=true still=0 grounded=true support_l=1.00 support_r=1.00 yaw_rate=0.628
tick=3690 phase=following reason=path_ready wp=3 dist_wp=16.33 bearing_deg=12.42 speed=0.464 pos=(-119.897,0.012,63.723) thr=0.82 steer=0.51 on_floor=true still=0 grounded=true support_l=1.00 support_r=1.00 yaw_rate=0.315
tick=3720 phase=following reason=path_ready wp=3 dist_wp=15.87 bearing_deg=6.29 speed=1.349 pos=(-119.437,0.018,63.683) thr=0.81 steer=0.26 on_floor=true still=0 grounded=true support_l=1.00 support_r=1.00 yaw_rate=0.155
tick=3750 phase=following reason=path_ready wp=3 dist_wp=14.98 bearing_deg=3.35 speed=2.200 pos=(-118.552,0.017,63.542) thr=0.78 steer=0.14 on_floor=true still=0 grounded=true support_l=1.00 support_r=1.00 yaw_rate=0.080
tick=3780 phase=following reason=path_ready wp=3 dist_wp=13.67 bearing_deg=1.87 speed=2.927 pos=(-117.268,0.016,63.285) thr=0.74 steer=0.08 on_floor=true still=0 grounded=true support_l=1.00 support_r=1.00 yaw_rate=0.044
tick=3810 phase=following reason=path_ready wp=3 dist_wp=12.08 bearing_deg=1.10 speed=3.536 pos=(-115.716,0.014,62.938) thr=0.69 steer=0.04 on_floor=true still=0 grounded=true support_l=1.00 support_r=1.00 yaw_rate=0.025
tick=3840 phase=following reason=path_ready wp=3 dist_wp=10.13 bearing_deg=0.80 speed=4.240 pos=(-113.816,0.015,62.490) thr=0.63 steer=0.00 on_floor=true still=0 grounded=true support_l=1.00 support_r=1.00 yaw_rate=0.000
tick=3870 phase=following reason=path_ready wp=3 dist_wp=7.85 bearing_deg=0.80 speed=4.846 pos=(-111.598,0.013,61.956) thr=0.54 steer=0.00 on_floor=true still=0 grounded=true support_l=1.00 support_r=1.00 yaw_rate=0.000
tick=3900 phase=following reason=path_ready wp=3 dist_wp=5.31 bearing_deg=0.80 speed=4.969 pos=(-109.138,0.004,61.352) thr=0.43 steer=0.03 on_floor=true still=0 grounded=true support_l=1.00 support_r=1.00 yaw_rate=0.017
tick=3930 phase=following reason=path_ready wp=3 dist_wp=3.22 bearing_deg=0.80 speed=3.461 pos=(-107.106,0.027,60.841) thr=0.30 steer=0.03 on_floor=true still=0 grounded=true support_l=1.00 support_r=1.00 yaw_rate=0.018
tick=3960 phase=following reason=path_ready wp=3 dist_wp=1.88 bearing_deg=0.80 speed=1.946 pos=(-105.810,0.029,60.505) thr=0.17 steer=0.03 on_floor=true still=0 grounded=true support_l=1.00 support_r=1.00 yaw_rate=0.019
tick=3990 phase=following reason=path_ready wp=3 dist_wp=1.30 bearing_deg=0.79 speed=0.410 pos=(-105.251,0.029,60.356) thr=0.04 steer=0.03 on_floor=true still=4 grounded=true support_l=1.00 support_r=1.00 yaw_rate=0.020
tick=4020 phase=following reason=path_ready wp=4 dist_wp=17.69 bearing_deg=1.12 speed=1.230 pos=(-104.887,0.015,60.254) thr=0.85 steer=0.05 on_floor=true still=0 grounded=true support_l=1.00 support_r=1.00 yaw_rate=0.028
tick=4050 phase=following reason=path_ready wp=4 dist_wp=16.82 bearing_deg=0.80 speed=2.193 pos=(-104.057,0.019,60.009) thr=0.83 steer=0.00 on_floor=true still=0 grounded=true support_l=1.00 support_r=1.00 yaw_rate=0.000
tick=4080 phase=following reason=path_ready wp=4 dist_wp=15.50 bearing_deg=0.79 speed=2.945 pos=(-102.787,0.016,59.632) thr=0.80 steer=0.00 on_floor=true still=0 grounded=true support_l=1.00 support_r=1.00 yaw_rate=0.000
tick=4110 phase=following reason=path_ready wp=4 dist_wp=13.86 bearing_deg=0.80 speed=3.665 pos=(-101.222,0.016,59.164) thr=0.75 steer=0.00 on_floor=true still=0 grounded=true support_l=1.00 support_r=1.00 yaw_rate=0.000
tick=4140 phase=following reason=path_ready wp=4 dist_wp=11.83 bearing_deg=0.79 speed=4.435 pos=(-99.273,0.016,58.578) thr=0.69 steer=0.03 on_floor=true still=0 grounded=true support_l=1.00 support_r=1.00 yaw_rate=0.017
tick=4170 phase=following reason=path_ready wp=4 dist_wp=9.43 bearing_deg=0.80 speed=5.103 pos=(-96.982,0.014,57.882) thr=0.60 steer=0.00 on_floor=true still=0 grounded=true support_l=1.00 support_r=1.00 yaw_rate=0.000
tick=4200 phase=following reason=path_ready wp=4 dist_wp=6.74 bearing_deg=0.80 speed=5.646 pos=(-94.404,0.012,57.088) thr=0.50 steer=0.03 on_floor=true still=0 grounded=true support_l=1.00 support_r=1.00 yaw_rate=0.017
tick=4230 phase=following reason=path_ready wp=4 dist_wp=4.24 bearing_deg=0.81 speed=4.265 pos=(-92.023,0.025,56.340) thr=0.37 steer=0.03 on_floor=true still=0 grounded=true support_l=1.00 support_r=1.00 yaw_rate=0.018
tick=4260 phase=following reason=path_ready wp=4 dist_wp=2.50 bearing_deg=0.81 speed=2.754 pos=(-90.364,0.029,55.807) thr=0.24 steer=0.00 on_floor=true still=0 grounded=true support_l=1.00 support_r=1.00 yaw_rate=0.000
tick=4290 phase=following reason=path_ready wp=4 dist_wp=1.51 bearing_deg=0.79 speed=1.234 pos=(-89.429,0.029,55.499) thr=0.11 steer=0.03 on_floor=true still=0 grounded=true support_l=1.00 support_r=1.00 yaw_rate=0.019
tick=4320 phase=following reason=path_ready wp=5 dist_wp=17.95 bearing_deg=-0.82 speed=0.703 pos=(-89.118,0.007,55.395) thr=0.86 steer=-0.03 on_floor=true still=0 grounded=true support_l=1.00 support_r=1.00 yaw_rate=-0.021
tick=4350 phase=following reason=path_ready wp=5 dist_wp=17.34 bearing_deg=-0.79 speed=1.683 pos=(-88.543,0.019,55.205) thr=0.85 steer=0.00 on_floor=true still=0 grounded=true support_l=1.00 support_r=1.00 yaw_rate=0.000
tick=4380 phase=following reason=path_ready wp=5 dist_wp=16.25 bearing_deg=-0.79 speed=2.626 pos=(-87.510,0.019,54.865) thr=0.82 steer=0.00 on_floor=true still=0 grounded=true support_l=1.00 support_r=1.00 yaw_rate=0.000
tick=4410 phase=following reason=path_ready wp=5 dist_wp=14.78 bearing_deg=-0.79 speed=3.218 pos=(-86.112,0.012,54.406) thr=0.78 steer=0.00 on_floor=true still=0 grounded=true support_l=1.00 support_r=1.00 yaw_rate=0.000
tick=4440 phase=following reason=path_ready wp=5 dist_wp=12.96 bearing_deg=-0.80 speed=4.035 pos=(-84.379,0.016,53.840) thr=0.72 steer=0.00 on_floor=true still=0 grounded=true support_l=1.00 support_r=1.00 yaw_rate=0.000
tick=4470 phase=following reason=path_ready wp=5 dist_wp=10.75 bearing_deg=-0.79 speed=4.760 pos=(-82.277,0.015,53.159) thr=0.65 steer=-0.03 on_floor=true still=0 grounded=true support_l=1.00 support_r=1.00 yaw_rate=-0.017
tick=4500 phase=following reason=path_ready wp=5 dist_wp=8.21 bearing_deg=-0.80 speed=5.373 pos=(-79.855,0.013,52.382) thr=0.56 steer=-0.03 on_floor=true still=0 grounded=true support_l=1.00 support_r=1.00 yaw_rate=-0.017
tick=4530 phase=following reason=path_ready wp=5 dist_wp=5.48 bearing_deg=-0.81 speed=5.069 pos=(-77.252,0.009,51.561) thr=0.44 steer=0.00 on_floor=true still=0 grounded=true support_l=1.00 support_r=1.00 yaw_rate=0.000
tick=4560 phase=following reason=path_ready wp=5 dist_wp=3.33 bearing_deg=-0.80 speed=3.561 pos=(-75.202,0.028,50.927) thr=0.31 steer=-0.03 on_floor=true still=0 grounded=true support_l=1.00 support_r=1.00 yaw_rate=-0.018
tick=4590 phase=following reason=path_ready wp=5 dist_wp=1.94 bearing_deg=-0.81 speed=2.047 pos=(-73.871,0.029,50.527) thr=0.18 steer=0.00 on_floor=true still=0 grounded=true support_l=1.00 support_r=1.00 yaw_rate=0.000
tick=4620 phase=following reason=path_ready wp=5 dist_wp=1.32 bearing_deg=-0.79 speed=0.513 pos=(-73.268,0.029,50.350) thr=0.04 steer=-0.03 on_floor=true still=2 grounded=true support_l=1.00 support_r=1.00 yaw_rate=-0.020
tick=4650 phase=following reason=path_ready wp=6 dist_wp=22.31 bearing_deg=14.57 speed=0.300 pos=(-73.212,0.002,50.328) thr=0.97 steer=0.60 on_floor=true still=0 grounded=true support_l=1.00 support_r=1.00 yaw_rate=0.372
tick=4680 phase=following reason=path_ready wp=6 dist_wp=21.88 bearing_deg=7.30 speed=1.411 pos=(-72.848,0.021,50.084) thr=0.96 steer=0.30 on_floor=true still=0 grounded=true support_l=1.00 support_r=1.00 yaw_rate=0.180
tick=4710 phase=following reason=path_ready wp=6 dist_wp=20.90 bearing_deg=3.85 speed=2.484 pos=(-72.078,0.022,49.470) thr=0.93 steer=0.16 on_floor=true still=0 grounded=true support_l=1.00 support_r=1.00 yaw_rate=0.092
tick=4740 phase=following reason=path_ready wp=6 dist_wp=19.46 bearing_deg=2.13 speed=3.164 pos=(-70.993,0.012,48.524) thr=0.90 steer=0.09 on_floor=true still=0 grounded=true support_l=1.00 support_r=1.00 yaw_rate=0.049
tick=4770 phase=following reason=path_ready wp=6 dist_wp=17.63 bearing_deg=1.23 speed=4.119 pos=(-69.643,0.019,47.286) thr=0.85 steer=0.05 on_floor=true still=0 grounded=true support_l=1.00 support_r=1.00 yaw_rate=0.028
tick=4800 phase=following reason=path_ready wp=6 dist_wp=15.34 bearing_deg=0.80 speed=4.988 pos=(-67.978,0.018,45.717) thr=0.79 steer=0.00 on_floor=true still=0 grounded=true support_l=1.00 support_r=1.00 yaw_rate=0.000
tick=4830 phase=following reason=path_ready wp=6 dist_wp=12.64 bearing_deg=0.79 speed=5.757 pos=(-66.024,0.016,43.857) thr=0.71 steer=0.03 on_floor=true still=0 grounded=true support_l=1.00 support_r=1.00 yaw_rate=0.017
tick=4860 phase=following reason=path_ready wp=6 dist_wp=9.68 bearing_deg=0.80 speed=6.176 pos=(-63.881,0.011,41.805) thr=0.61 steer=0.00 on_floor=true still=0 grounded=true support_l=1.00 support_r=1.00 yaw_rate=0.000
tick=4890 phase=following reason=path_ready wp=6 dist_wp=6.59 bearing_deg=0.80 speed=5.692 pos=(-61.657,0.013,39.656) thr=0.49 steer=0.03 on_floor=true still=0 grounded=true support_l=1.00 support_r=1.00 yaw_rate=0.017
tick=4920 phase=following reason=path_ready wp=6 dist_wp=4.13 bearing_deg=0.80 speed=4.185 pos=(-59.901,0.028,37.938) thr=0.36 steer=0.03 on_floor=true still=0 grounded=true support_l=1.00 support_r=1.00 yaw_rate=0.018
tick=4950 phase=following reason=path_ready wp=6 dist_wp=2.43 bearing_deg=0.81 speed=2.674 pos=(-58.692,0.029,36.740) thr=0.23 steer=0.03 on_floor=true still=0 grounded=true support_l=1.00 support_r=1.00 yaw_rate=0.019
tick=4980 phase=following reason=path_ready wp=6 dist_wp=1.48 bearing_deg=0.80 speed=1.152 pos=(-58.026,0.029,36.070) thr=0.10 steer=0.03 on_floor=true still=0 grounded=true support_l=1.00 support_r=1.00 yaw_rate=0.019
tick=5010 phase=following reason=path_ready wp=7 dist_wp=22.36 bearing_deg=-0.45 speed=0.851 pos=(-57.793,0.002,35.833) thr=0.97 steer=0.00 on_floor=true still=0 grounded=true support_l=1.00 support_r=1.00 yaw_rate=0.000
tick=5040 phase=following reason=path_ready wp=7 dist_wp=21.65 bearing_deg=-0.46 speed=1.960 pos=(-57.292,0.022,35.324) thr=0.95 steer=0.00 on_floor=true still=0 grounded=true support_l=1.00 support_r=1.00 yaw_rate=0.000
tick=5070 phase=following reason=path_ready wp=7 dist_wp=20.39 bearing_deg=-0.49 speed=2.932 pos=(-56.413,0.021,34.429) thr=0.92 steer=0.00 on_floor=true still=0 grounded=true support_l=1.00 support_r=1.00 yaw_rate=0.000
tick=5100 phase=following reason=path_ready wp=7 dist_wp=18.77 bearing_deg=-0.53 speed=3.693 pos=(-55.278,0.018,33.274) thr=0.88 steer=0.00 on_floor=true still=0 grounded=true support_l=1.00 support_r=1.00 yaw_rate=0.000
tick=5130 phase=following reason=path_ready wp=7 dist_wp=16.68 bearing_deg=-0.59 speed=4.621 pos=(-53.813,0.019,31.783) thr=0.83 steer=0.00 on_floor=true still=0 grounded=true support_l=1.00 support_r=1.00 yaw_rate=0.000
tick=5160 phase=following reason=path_ready wp=7 dist_wp=14.15 bearing_deg=-0.69 speed=5.452 pos=(-52.040,0.017,29.978) thr=0.76 steer=0.00 on_floor=true still=0 grounded=true support_l=1.00 support_r=1.00 yaw_rate=0.000
tick=5190 phase=following reason=path_ready wp=7 dist_wp=11.28 bearing_deg=-0.80 speed=5.933 pos=(-50.023,0.009,27.926) thr=0.67 steer=0.00 on_floor=true still=0 grounded=true support_l=1.00 support_r=1.00 yaw_rate=0.000
tick=5220 phase=following reason=path_ready wp=7 dist_wp=8.16 bearing_deg=-0.81 speed=6.473 pos=(-47.827,0.012,25.705) thr=0.56 steer=0.00 on_floor=true still=0 grounded=true support_l=1.00 support_r=1.00 yaw_rate=0.000
tick=5250 phase=following reason=path_ready wp=7 dist_wp=5.31 bearing_deg=-0.80 speed=4.966 pos=(-45.815,0.025,23.691) thr=0.43 steer=-0.03 on_floor=true still=0 grounded=true support_l=1.00 support_r=1.00 yaw_rate=-0.017
tick=5280 phase=following reason=path_ready wp=7 dist_wp=3.21 bearing_deg=-0.80 speed=3.457 pos=(-44.326,0.029,22.219) thr=0.30 steer=-0.03 on_floor=true still=0 grounded=true support_l=1.00 support_r=1.00 yaw_rate=-0.018
tick=5310 phase=following reason=path_ready wp=7 dist_wp=1.88 bearing_deg=-0.81 speed=1.942 pos=(-43.367,0.029,21.285) thr=0.17 steer=0.00 on_floor=true still=0 grounded=true support_l=1.00 support_r=1.00 yaw_rate=0.000
tick=5340 phase=following reason=path_ready wp=7 dist_wp=1.30 bearing_deg=-0.79 speed=0.401 pos=(-42.951,0.029,20.886) thr=0.03 steer=-0.03 on_floor=true still=4 grounded=true support_l=1.00 support_r=1.00 yaw_rate=-0.020
tick=5370 phase=following reason=path_ready wp=8 dist_wp=19.40 bearing_deg=-10.10 speed=0.836 pos=(-42.783,0.011,20.761) thr=0.90 steer=-0.41 on_floor=true still=0 grounded=true support_l=1.00 support_r=1.00 yaw_rate=-0.253
tick=5400 phase=following reason=path_ready wp=8 dist_wp=18.75 bearing_deg=-5.19 speed=1.767 pos=(-42.213,0.019,20.427) thr=0.88 steer=-0.21 on_floor=true still=0 grounded=true support_l=1.00 support_r=1.00 yaw_rate=-0.126
tick=5430 phase=following reason=path_ready wp=8 dist_wp=17.64 bearing_deg=-2.79 speed=2.635 pos=(-41.220,0.018,19.923) thr=0.85 steer=-0.11 on_floor=true still=0 grounded=true support_l=1.00 support_r=1.00 yaw_rate=-0.066
tick=5460 phase=following reason=path_ready wp=8 dist_wp=16.18 bearing_deg=-1.57 speed=3.114 pos=(-39.904,0.009,19.307) thr=0.81 steer=-0.06 on_floor=true still=0 grounded=true support_l=1.00 support_r=1.00 yaw_rate=-0.036
tick=5490 phase=following reason=path_ready wp=8 dist_wp=14.45 bearing_deg=-0.91 speed=3.783 pos=(-38.318,0.013,18.600) thr=0.77 steer=-0.04 on_floor=true still=0 grounded=true support_l=1.00 support_r=1.00 yaw_rate=-0.021
tick=5520 phase=following reason=path_ready wp=8 dist_wp=12.40 bearing_deg=-0.80 speed=4.356 pos=(-36.445,0.012,17.784) thr=0.71 steer=0.00 on_floor=true still=0 grounded=true support_l=1.00 support_r=1.00 yaw_rate=0.000
tick=5550 phase=following reason=path_ready wp=8 dist_wp=10.10 bearing_deg=-0.80 speed=4.837 pos=(-34.327,0.010,16.868) thr=0.63 steer=0.00 on_floor=true still=0 grounded=true support_l=1.00 support_r=1.00 yaw_rate=0.000
tick=5580 phase=following reason=path_ready wp=8 dist_wp=7.58 bearing_deg=-0.80 speed=5.208 pos=(-32.011,0.008,15.875) thr=0.53 steer=-0.03 on_floor=true still=0 grounded=true support_l=1.00 support_r=1.00 yaw_rate=-0.017
tick=5610 phase=following reason=path_ready wp=8 dist_wp=4.98 bearing_deg=-0.81 speed=4.763 pos=(-29.620,0.012,14.863) thr=0.41 steer=-0.03 on_floor=true still=0 grounded=true support_l=1.00 support_r=1.00 yaw_rate=-0.017
tick=5640 phase=following reason=path_ready wp=8 dist_wp=2.99 bearing_deg=-0.80 speed=3.253 pos=(-27.781,0.028,14.098) thr=0.28 steer=-0.03 on_floor=true still=0 grounded=true support_l=1.00 support_r=1.00 yaw_rate=-0.018
tick=5670 phase=following reason=path_ready wp=8 dist_wp=1.75 bearing_deg=-0.80 speed=1.738 pos=(-26.637,0.029,13.632) thr=0.15 steer=-0.03 on_floor=true still=0 grounded=true support_l=1.00 support_r=1.00 yaw_rate=-0.019
tick=5700 phase=following reason=path_ready wp=9 dist_wp=19.66 bearing_deg=0.60 speed=0.432 pos=(-26.191,0.027,13.454) thr=0.90 steer=0.00 on_floor=true still=8 grounded=true support_l=1.00 support_r=1.00 yaw_rate=0.000
tick=5730 phase=following reason=path_ready wp=9 dist_wp=19.23 bearing_deg=0.61 speed=1.256 pos=(-25.792,0.014,13.296) thr=0.89 steer=0.00 on_floor=true still=0 grounded=true support_l=1.00 support_r=1.00 yaw_rate=0.000
tick=5760 phase=following reason=path_ready wp=9 dist_wp=18.39 bearing_deg=0.64 speed=2.053 pos=(-25.016,0.016,12.987) thr=0.87 steer=0.00 on_floor=true still=0 grounded=true support_l=1.00 support_r=1.00 yaw_rate=0.000
tick=5790 phase=following reason=path_ready wp=9 dist_wp=17.17 bearing_deg=0.69 speed=2.808 pos=(-23.879,0.016,12.535) thr=0.84 steer=0.00 on_floor=true still=0 grounded=true support_l=1.00 support_r=1.00 yaw_rate=0.000
tick=5820 phase=following reason=path_ready wp=9 dist_wp=15.69 bearing_deg=0.75 speed=3.203 pos=(-22.499,0.010,11.987) thr=0.80 steer=0.00 on_floor=true still=0 grounded=true support_l=1.00 support_r=1.00 yaw_rate=0.000
tick=5850 phase=following reason=path_ready wp=9 dist_wp=13.92 bearing_deg=0.79 speed=3.839 pos=(-20.856,0.013,11.333) thr=0.75 steer=0.00 on_floor=true still=0 grounded=true support_l=1.00 support_r=1.00 yaw_rate=0.000
tick=5880 phase=following reason=path_ready wp=9 dist_wp=11.85 bearing_deg=0.80 speed=4.394 pos=(-18.937,0.012,10.566) thr=0.69 steer=0.00 on_floor=true still=0 grounded=true support_l=1.00 support_r=1.00 yaw_rate=0.000
tick=5910 phase=following reason=path_ready wp=9 dist_wp=9.53 bearing_deg=0.80 speed=4.852 pos=(-16.786,0.010,9.699) thr=0.61 steer=0.03 on_floor=true still=0 grounded=true support_l=1.00 support_r=1.00 yaw_rate=0.017
tick=5940 phase=following reason=path_ready wp=9 dist_wp=7.01 bearing_deg=0.80 speed=5.198 pos=(-14.451,0.008,8.749) thr=0.51 steer=0.03 on_floor=true still=0 grounded=true support_l=1.00 support_r=1.00 yaw_rate=0.017
tick=5970 phase=following reason=path_ready wp=9 dist_wp=4.50 bearing_deg=0.81 speed=4.446 pos=(-12.129,0.018,7.790) thr=0.38 steer=0.03 on_floor=true still=0 grounded=true support_l=1.00 support_r=1.00 yaw_rate=0.018
tick=6000 phase=following reason=path_ready wp=9 dist_wp=2.67 bearing_deg=0.81 speed=2.935 pos=(-10.439,0.028,7.078) thr=0.25 steer=0.03 on_floor=true still=0 grounded=true support_l=1.00 support_r=1.00 yaw_rate=0.019
tick=6030 phase=following reason=path_ready wp=9 dist_wp=1.59 bearing_deg=0.80 speed=1.417 pos=(-9.451,0.029,6.654) thr=0.12 steer=0.03 on_floor=true still=0 grounded=true support_l=1.00 support_r=1.00 yaw_rate=0.019
tick=6060 phase=following reason=path_ready wp=10 dist_wp=12.58 bearing_deg=55.68 speed=0.000 pos=(-9.166,0.029,6.529) thr=0.00 steer=1.00 on_floor=true still=0 grounded=true support_l=1.00 support_r=1.00 yaw_rate=0.628
tick=6090 phase=following reason=path_ready wp=10 dist_wp=12.58 bearing_deg=37.68 speed=0.000 pos=(-9.166,0.003,6.529) thr=0.00 steer=1.00 on_floor=true still=0 grounded=true support_l=1.00 support_r=1.00 yaw_rate=0.628
tick=6120 phase=following reason=path_ready wp=10 dist_wp=12.58 bearing_deg=20.16 speed=0.000 pos=(-9.166,0.001,6.529) thr=0.00 steer=0.83 on_floor=true still=0 grounded=true support_l=1.00 support_r=1.00 yaw_rate=0.519
tick=6150 phase=following reason=path_ready wp=10 dist_wp=12.48 bearing_deg=9.85 speed=0.492 pos=(-9.134,0.011,6.427) thr=0.71 steer=0.40 on_floor=true still=0 grounded=true support_l=1.00 support_r=1.00 yaw_rate=0.250
tick=6180 phase=following reason=path_ready wp=10 dist_wp=12.08 bearing_deg=4.99 speed=1.071 pos=(-9.053,0.012,6.039) thr=0.69 steer=0.20 on_floor=true still=0 grounded=true support_l=1.00 support_r=1.00 yaw_rate=0.124
tick=6210 phase=following reason=path_ready wp=10 dist_wp=11.41 bearing_deg=2.63 speed=1.623 pos=(-8.953,0.012,5.367) thr=0.67 steer=0.11 on_floor=true still=0 grounded=true support_l=1.00 support_r=1.00 yaw_rate=0.064
tick=6240 phase=following reason=path_ready wp=10 dist_wp=10.46 bearing_deg=1.44 speed=2.138 pos=(-8.844,0.011,4.427) thr=0.64 steer=0.06 on_floor=true still=0 grounded=true support_l=1.00 support_r=1.00 yaw_rate=0.035
tick=6270 phase=following reason=path_ready wp=10 dist_wp=9.27 bearing_deg=0.83 speed=2.603 pos=(-8.727,0.010,3.241) thr=0.60 steer=0.03 on_floor=true still=0 grounded=true support_l=1.00 support_r=1.00 yaw_rate=0.020
tick=6300 phase=following reason=path_ready wp=10 dist_wp=7.87 bearing_deg=0.80 speed=2.859 pos=(-8.599,0.006,1.849) thr=0.54 steer=0.00 on_floor=true still=0 grounded=true support_l=1.00 support_r=1.00 yaw_rate=0.000
tick=6330 phase=following reason=path_ready wp=10 dist_wp=6.38 bearing_deg=0.79 speed=3.136 pos=(-8.467,0.006,0.363) thr=0.48 steer=0.03 on_floor=true still=0 grounded=true support_l=1.00 support_r=1.00 yaw_rate=0.018
tick=6360 phase=following reason=path_ready wp=10 dist_wp=4.75 bearing_deg=0.80 speed=3.375 pos=(-8.328,0.006,-1.265) thr=0.40 steer=0.03 on_floor=true still=0 grounded=true support_l=1.00 support_r=1.00 yaw_rate=0.018
tick=6390 phase=following reason=path_ready wp=10 dist_wp=3.03 bearing_deg=0.81 speed=3.291 pos=(-8.191,0.002,-2.976) thr=0.28 steer=0.03 on_floor=true still=0 grounded=true support_l=1.00 support_r=1.00 yaw_rate=0.018
tick=6420 phase=following reason=path_ready wp=10 dist_wp=1.78 bearing_deg=0.81 speed=1.775 pos=(-8.099,0.027,-4.227) thr=0.15 steer=0.03 on_floor=true still=0 grounded=true support_l=1.00 support_r=1.00 yaw_rate=0.019
tick=6450 phase=following reason=path_ready wp=11 dist_wp=18.85 bearing_deg=66.47 speed=0.216 pos=(-8.066,0.029,-4.717) thr=0.00 steer=1.00 on_floor=true still=0 grounded=true support_l=1.00 support_r=1.00 yaw_rate=0.623
tick=6480 phase=following reason=path_ready wp=11 dist_wp=18.85 bearing_deg=48.50 speed=0.000 pos=(-8.065,0.005,-4.722) thr=0.00 steer=1.00 on_floor=true still=0 grounded=true support_l=1.00 support_r=1.00 yaw_rate=0.628
tick=6510 phase=following reason=path_ready wp=11 dist_wp=18.85 bearing_deg=30.50 speed=0.000 pos=(-8.065,0.001,-4.722) thr=0.00 steer=1.00 on_floor=true still=0 grounded=true support_l=1.00 support_r=1.00 yaw_rate=0.628
tick=6540 phase=following reason=path_ready wp=11 dist_wp=18.84 bearing_deg=15.09 speed=0.188 pos=(-8.075,0.005,-4.730) thr=0.88 steer=0.62 on_floor=true still=0 grounded=true support_l=1.00 support_r=1.00 yaw_rate=0.386
tick=6570 phase=following reason=path_ready wp=11 dist_wp=18.54 bearing_deg=7.49 speed=0.988 pos=(-8.319,0.016,-4.906) thr=0.88 steer=0.31 on_floor=true still=0 grounded=true support_l=1.00 support_r=1.00 yaw_rate=0.187
tick=6600 phase=following reason=path_ready wp=11 dist_wp=17.85 bearing_deg=3.87 speed=1.763 pos=(-8.915,0.016,-5.264) thr=0.86 steer=0.16 on_floor=true still=0 grounded=true support_l=1.00 support_r=1.00 yaw_rate=0.094
tick=6630 phase=following reason=path_ready wp=11 dist_wp=16.78 bearing_deg=2.08 speed=2.500 pos=(-9.860,0.015,-5.774) thr=0.83 steer=0.08 on_floor=true still=0 grounded=true support_l=1.00 support_r=1.00 yaw_rate=0.049
tick=6660 phase=following reason=path_ready wp=11 dist_wp=15.38 bearing_deg=1.16 speed=2.890 pos=(-11.103,0.007,-6.407) thr=0.79 steer=0.05 on_floor=true still=0 grounded=true support_l=1.00 support_r=1.00 yaw_rate=0.027
tick=6690 phase=following reason=path_ready wp=11 dist_wp=13.77 bearing_deg=0.80 speed=3.521 pos=(-12.547,0.012,-7.118) thr=0.75 steer=0.00 on_floor=true still=0 grounded=true support_l=1.00 support_r=1.00 yaw_rate=0.000
tick=6720 phase=following reason=path_ready wp=11 dist_wp=11.86 bearing_deg=0.80 speed=4.081 pos=(-14.263,0.012,-7.956) thr=0.69 steer=0.00 on_floor=true still=0 grounded=true support_l=1.00 support_r=1.00 yaw_rate=0.000
tick=6750 phase=following reason=path_ready wp=11 dist_wp=9.70 bearing_deg=0.79 speed=4.551 pos=(-16.211,0.010,-8.901) thr=0.61 steer=0.03 on_floor=true still=0 grounded=true support_l=1.00 support_r=1.00 yaw_rate=0.017
tick=6780 phase=following reason=path_ready wp=11 dist_wp=7.32 bearing_deg=0.80 speed=4.916 pos=(-18.351,0.008,-9.930) thr=0.52 steer=0.03 on_floor=true still=0 grounded=true support_l=1.00 support_r=1.00 yaw_rate=0.017
tick=6810 phase=following reason=path_ready wp=11 dist_wp=4.84 bearing_deg=0.80 speed=4.670 pos=(-20.597,0.006,-10.998) thr=0.40 steer=0.03 on_floor=true still=0 grounded=true support_l=1.00 support_r=1.00 yaw_rate=0.017
tick=6840 phase=following reason=path_ready wp=11 dist_wp=2.89 bearing_deg=0.80 speed=3.161 pos=(-22.359,0.028,-11.822) thr=0.27 steer=0.03 on_floor=true still=0 grounded=true support_l=1.00 support_r=1.00 yaw_rate=0.018
tick=6870 phase=following reason=path_ready wp=11 dist_wp=1.70 bearing_deg=0.81 speed=1.645 pos=(-23.439,0.029,-12.317) thr=0.14 steer=0.03 on_floor=true still=0 grounded=true support_l=1.00 support_r=1.00 yaw_rate=0.019
tick=6900 phase=following reason=path_ready wp=12 dist_wp=19.65 bearing_deg=1.60 speed=0.414 pos=(-23.839,0.025,-12.498) thr=0.90 steer=0.07 on_floor=true still=10 grounded=true support_l=1.00 support_r=1.00 yaw_rate=0.041
tick=6930 phase=following reason=path_ready wp=12 dist_wp=19.23 bearing_deg=0.80 speed=1.238 pos=(-24.224,0.014,-12.665) thr=0.89 steer=0.03 on_floor=true still=0 grounded=true support_l=1.00 support_r=1.00 yaw_rate=0.020
tick=6960 phase=following reason=path_ready wp=12 dist_wp=18.40 bearing_deg=0.80 speed=2.035 pos=(-24.984,0.016,-12.990) thr=0.87 steer=0.00 on_floor=true still=0 grounded=true support_l=1.00 support_r=1.00 yaw_rate=0.000
tick=6990 phase=following reason=path_ready wp=12 dist_wp=17.19 bearing_deg=0.80 speed=2.791 pos=(-26.100,0.016,-13.468) thr=0.84 steer=0.00 on_floor=true still=0 grounded=true support_l=1.00 support_r=1.00 yaw_rate=0.000
tick=7020 phase=following reason=path_ready wp=12 dist_wp=15.71 bearing_deg=0.80 speed=3.185 pos=(-27.458,0.010,-14.047) thr=0.80 steer=0.00 on_floor=true still=0 grounded=true support_l=1.00 support_r=1.00 yaw_rate=0.000
tick=7050 phase=following reason=path_ready wp=12 dist_wp=13.95 bearing_deg=0.79 speed=3.823 pos=(-29.078,0.013,-14.735) thr=0.75 steer=0.00 on_floor=true still=0 grounded=true support_l=1.00 support_r=1.00 yaw_rate=0.000
tick=7080 phase=following reason=path_ready wp=12 dist_wp=11.89 bearing_deg=0.80 speed=4.379 pos=(-30.975,0.012,-15.536) thr=0.69 steer=0.00 on_floor=true still=0 grounded=true support_l=1.00 support_r=1.00 yaw_rate=0.000
tick=7110 phase=following reason=path_ready wp=12 dist_wp=9.58 bearing_deg=0.81 speed=4.840 pos=(-33.108,0.010,-16.430) thr=0.61 steer=0.00 on_floor=true still=0 grounded=true support_l=1.00 support_r=1.00 yaw_rate=0.000
tick=7140 phase=following reason=path_ready wp=12 dist_wp=7.07 bearing_deg=0.80 speed=5.189 pos=(-35.430,0.008,-17.395) thr=0.51 steer=0.03 on_floor=true still=0 grounded=true support_l=1.00 support_r=1.00 yaw_rate=0.017
tick=7170 phase=following reason=path_ready wp=12 dist_wp=4.55 bearing_deg=0.81 speed=4.478 pos=(-37.763,0.017,-18.350) thr=0.39 steer=0.03 on_floor=true still=0 grounded=true support_l=1.00 support_r=1.00 yaw_rate=0.018
tick=7200 phase=following reason=path_ready wp=12 dist_wp=2.70 bearing_deg=0.81 speed=2.968 pos=(-39.478,0.028,-19.039) thr=0.26 steer=0.00 on_floor=true still=0 grounded=true support_l=1.00 support_r=1.00 yaw_rate=0.000
tick=7230 phase=following reason=path_ready wp=12 dist_wp=1.61 bearing_deg=0.80 speed=1.450 pos=(-40.495,0.029,-19.439) thr=0.12 steer=0.03 on_floor=true still=0 grounded=true support_l=1.00 support_r=1.00 yaw_rate=0.019
tick=7260 phase=following reason=path_ready wp=13 dist_wp=22.38 bearing_deg=-18.59 speed=0.000 pos=(-40.800,0.029,-19.557) thr=0.00 steer=-0.76 on_floor=true still=0 grounded=true support_l=1.00 support_r=1.00 yaw_rate=-0.479
tick=7290 phase=following reason=path_ready wp=13 dist_wp=22.16 bearing_deg=-9.14 speed=0.926 pos=(-40.990,0.016,-19.677) thr=0.96 steer=-0.37 on_floor=true still=0 grounded=true support_l=1.00 support_r=1.00 yaw_rate=-0.229
tick=7320 phase=following reason=path_ready wp=13 dist_wp=21.45 bearing_deg=-4.70 speed=1.893 pos=(-41.556,0.020,-20.112) thr=0.95 steer=-0.19 on_floor=true still=0 grounded=true support_l=1.00 support_r=1.00 yaw_rate=-0.114
tick=7350 phase=following reason=path_ready wp=13 dist_wp=20.26 bearing_deg=-2.53 speed=2.846 pos=(-42.460,0.020,-20.889) thr=0.92 steer=-0.10 on_floor=true still=0 grounded=true support_l=1.00 support_r=1.00 yaw_rate=-0.059
tick=7380 phase=following reason=path_ready wp=13 dist_wp=18.73 bearing_deg=-1.41 speed=3.425 pos=(-43.592,0.015,-21.921) thr=0.88 steer=-0.06 on_floor=true still=0 grounded=true support_l=1.00 support_r=1.00 yaw_rate=-0.032
tick=7410 phase=following reason=path_ready wp=13 dist_wp=16.78 bearing_deg=-0.83 speed=4.353 pos=(-45.015,0.019,-23.262) thr=0.83 steer=-0.03 on_floor=true still=0 grounded=true support_l=1.00 support_r=1.00 yaw_rate=-0.018
tick=7440 phase=following reason=path_ready wp=13 dist_wp=14.38 bearing_deg=-0.80 speed=5.194 pos=(-46.749,0.017,-24.917) thr=0.77 steer=0.00 on_floor=true still=0 grounded=true support_l=1.00 support_r=1.00 yaw_rate=0.000
tick=7470 phase=following reason=path_ready wp=13 dist_wp=11.59 bearing_deg=-0.79 speed=5.839 pos=(-48.760,0.014,-26.847) thr=0.68 steer=-0.03 on_floor=true still=0 grounded=true support_l=1.00 support_r=1.00 yaw_rate=-0.017
tick=7500 phase=following reason=path_ready wp=13 dist_wp=8.58 bearing_deg=-0.80 speed=6.302 pos=(-50.930,0.011,-28.943) thr=0.57 steer=-0.03 on_floor=true still=0 grounded=true support_l=1.00 support_r=1.00 yaw_rate=-0.016
tick=7530 phase=following reason=path_ready wp=13 dist_wp=5.64 bearing_deg=-0.81 speed=5.166 pos=(-53.029,0.023,-30.992) thr=0.44 steer=0.00 on_floor=true still=0 grounded=true support_l=1.00 support_r=1.00 yaw_rate=0.000
tick=7560 phase=following reason=path_ready wp=13 dist_wp=3.45 bearing_deg=-0.81 speed=3.658 pos=(-54.589,0.028,-32.533) thr=0.31 steer=0.00 on_floor=true still=0 grounded=true support_l=1.00 support_r=1.00 yaw_rate=0.000
tick=7590 phase=following reason=path_ready wp=13 dist_wp=2.01 bearing_deg=-0.81 speed=2.145 pos=(-55.605,0.029,-33.551) thr=0.18 steer=0.00 on_floor=true still=0 grounded=true support_l=1.00 support_r=1.00 yaw_rate=0.000
tick=7620 phase=following reason=path_ready wp=13 dist_wp=1.33 bearing_deg=-0.80 speed=0.615 pos=(-56.081,0.029,-34.035) thr=0.05 steer=0.00 on_floor=true still=0 grounded=true support_l=1.00 support_r=1.00 yaw_rate=0.000
tick=7650 phase=following reason=path_ready wp=14 dist_wp=22.19 bearing_deg=0.56 speed=1.202 pos=(-56.327,0.014,-34.287) thr=0.96 steer=0.00 on_floor=true still=0 grounded=true support_l=1.00 support_r=1.00 yaw_rate=0.000
tick=7680 phase=following reason=path_ready wp=14 dist_wp=21.31 bearing_deg=0.59 speed=2.299 pos=(-56.946,0.022,-34.920) thr=0.94 steer=0.00 on_floor=true still=0 grounded=true support_l=1.00 support_r=1.00 yaw_rate=0.000
tick=7710 phase=following reason=path_ready wp=14 dist_wp=19.93 bearing_deg=0.63 speed=3.007 pos=(-57.912,0.013,-35.909) thr=0.91 steer=0.00 on_floor=true still=0 grounded=true support_l=1.00 support_r=1.00 yaw_rate=0.000
tick=7740 phase=following reason=path_ready wp=14 dist_wp=18.16 bearing_deg=0.69 speed=3.993 pos=(-59.144,0.019,-37.168) thr=0.87 steer=0.00 on_floor=true still=0 grounded=true support_l=1.00 support_r=1.00 yaw_rate=0.000
tick=7770 phase=following reason=path_ready wp=14 dist_wp=15.93 bearing_deg=0.79 speed=4.893 pos=(-60.704,0.018,-38.764) thr=0.81 steer=0.00 on_floor=true still=0 grounded=true support_l=1.00 support_r=1.00 yaw_rate=0.000
tick=7800 phase=following reason=path_ready wp=14 dist_wp=13.28 bearing_deg=0.79 speed=5.685 pos=(-62.563,0.016,-40.661) thr=0.73 steer=0.03 on_floor=true still=0 grounded=true support_l=1.00 support_r=1.00 yaw_rate=0.017
tick=7830 phase=following reason=path_ready wp=14 dist_wp=10.33 bearing_deg=0.80 speed=6.126 pos=(-64.632,0.010,-42.760) thr=0.64 steer=0.00 on_floor=true still=0 grounded=true support_l=1.00 support_r=1.00 yaw_rate=0.000
tick=7860 phase=following reason=path_ready wp=14 dist_wp=7.18 bearing_deg=0.80 speed=6.001 pos=(-66.851,0.005,-44.992) thr=0.52 steer=0.03 on_floor=true still=0 grounded=true support_l=1.00 support_r=1.00 yaw_rate=0.016
tick=7890 phase=following reason=path_ready wp=14 dist_wp=4.57 bearing_deg=0.81 speed=4.495 pos=(-68.702,0.028,-46.833) thr=0.39 steer=0.03 on_floor=true still=0 grounded=true support_l=1.00 support_r=1.00 yaw_rate=0.018
tick=7920 phase=following reason=path_ready wp=14 dist_wp=2.72 bearing_deg=0.81 speed=2.985 pos=(-70.027,0.029,-48.134) thr=0.26 steer=0.03 on_floor=true still=0 grounded=true support_l=1.00 support_r=1.00 yaw_rate=0.019
tick=7950 phase=following reason=path_ready wp=14 dist_wp=1.61 bearing_deg=0.80 speed=1.468 pos=(-70.818,0.029,-48.900) thr=0.13 steer=0.03 on_floor=true still=0 grounded=true support_l=1.00 support_r=1.00 yaw_rate=0.019
tick=7980 phase=following reason=path_ready wp=15 dist_wp=17.92 bearing_deg=20.15 speed=0.000 pos=(-71.063,0.028,-49.133) thr=0.00 steer=0.83 on_floor=true still=0 grounded=true support_l=1.00 support_r=1.00 yaw_rate=0.519
tick=8010 phase=following reason=path_ready wp=15 dist_wp=17.75 bearing_deg=9.89 speed=0.824 pos=(-71.215,0.015,-49.225) thr=0.86 steer=0.40 on_floor=true still=0 grounded=true support_l=1.00 support_r=1.00 yaw_rate=0.248
tick=8040 phase=following reason=path_ready wp=15 dist_wp=17.09 bearing_deg=5.10 speed=1.790 pos=(-71.813,0.020,-49.513) thr=0.84 steer=0.21 on_floor=true still=0 grounded=true support_l=1.00 support_r=1.00 yaw_rate=0.124
tick=8070 phase=following reason=path_ready wp=15 dist_wp=15.96 bearing_deg=2.77 speed=2.712 pos=(-72.863,0.019,-49.944) thr=0.81 steer=0.11 on_floor=true still=0 grounded=true support_l=1.00 support_r=1.00 yaw_rate=0.065
tick=8100 phase=following reason=path_ready wp=15 dist_wp=14.47 bearing_deg=1.58 speed=3.284 pos=(-74.262,0.013,-50.466) thr=0.77 steer=0.06 on_floor=true still=0 grounded=true support_l=1.00 support_r=1.00 yaw_rate=0.036
tick=8130 phase=following reason=path_ready wp=15 dist_wp=12.62 bearing_deg=0.95 speed=4.079 pos=(-76.007,0.016,-51.080) thr=0.71 steer=0.04 on_floor=true still=0 grounded=true support_l=1.00 support_r=1.00 yaw_rate=0.021
tick=8160 phase=following reason=path_ready wp=15 dist_wp=10.39 bearing_deg=0.79 speed=4.787 pos=(-78.114,0.015,-51.799) thr=0.64 steer=0.03 on_floor=true still=0 grounded=true support_l=1.00 support_r=1.00 yaw_rate=0.017
tick=8190 phase=following reason=path_ready wp=15 dist_wp=7.84 bearing_deg=0.80 speed=5.384 pos=(-80.533,0.013,-52.615) thr=0.54 steer=0.00 on_floor=true still=0 grounded=true support_l=1.00 support_r=1.00 yaw_rate=0.000
tick=8220 phase=following reason=path_ready wp=15 dist_wp=5.15 bearing_deg=0.81 speed=4.872 pos=(-83.081,0.014,-53.460) thr=0.42 steer=0.00 on_floor=true still=0 grounded=true support_l=1.00 support_r=1.00 yaw_rate=0.000
tick=8250 phase=following reason=path_ready wp=15 dist_wp=3.11 bearing_deg=0.81 speed=3.363 pos=(-85.027,0.028,-54.092) thr=0.29 steer=0.03 on_floor=true still=0 grounded=true support_l=1.00 support_r=1.00 yaw_rate=0.018
tick=8280 phase=following reason=path_ready wp=15 dist_wp=1.82 bearing_deg=0.80 speed=1.849 pos=(-86.257,0.029,-54.482) thr=0.16 steer=0.03 on_floor=true still=0 grounded=true support_l=1.00 support_r=1.00 yaw_rate=0.019
tick=8310 phase=following reason=path_ready wp=15 dist_wp=1.29 bearing_deg=0.80 speed=0.311 pos=(-86.762,0.029,-54.638) thr=0.03 steer=0.00 on_floor=true still=6 grounded=true support_l=1.00 support_r=1.00 yaw_rate=0.000
tick=8340 phase=following reason=path_ready wp=16 dist_wp=17.64 bearing_deg=-0.18 speed=1.300 pos=(-87.155,0.016,-54.758) thr=0.85 steer=0.00 on_floor=true still=0 grounded=true support_l=1.00 support_r=1.00 yaw_rate=0.000
tick=8370 phase=following reason=path_ready wp=16 dist_wp=16.74 bearing_deg=-0.20 speed=2.261 pos=(-88.015,0.019,-55.023) thr=0.83 steer=0.00 on_floor=true still=0 grounded=true support_l=1.00 support_r=1.00 yaw_rate=0.000
tick=8400 phase=following reason=path_ready wp=16 dist_wp=15.39 bearing_deg=-0.21 speed=2.956 pos=(-89.306,0.014,-55.420) thr=0.79 steer=0.00 on_floor=true still=0 grounded=true support_l=1.00 support_r=1.00 yaw_rate=0.000
tick=8430 phase=following reason=path_ready wp=16 dist_wp=13.73 bearing_deg=-0.24 speed=3.725 pos=(-90.894,0.016,-55.908) thr=0.75 steer=0.00 on_floor=true still=0 grounded=true support_l=1.00 support_r=1.00 yaw_rate=0.000
tick=8460 phase=following reason=path_ready wp=16 dist_wp=11.67 bearing_deg=-0.28 speed=4.491 pos=(-92.866,0.016,-56.515) thr=0.68 steer=0.00 on_floor=true still=0 grounded=true support_l=1.00 support_r=1.00 yaw_rate=0.000
tick=8490 phase=following reason=path_ready wp=16 dist_wp=9.25 bearing_deg=-0.36 speed=5.154 pos=(-95.180,0.014,-57.226) thr=0.60 steer=0.00 on_floor=true still=0 grounded=true support_l=1.00 support_r=1.00 yaw_rate=0.000
tick=8520 phase=following reason=path_ready wp=16 dist_wp=6.53 bearing_deg=-0.51 speed=5.660 pos=(-97.780,0.011,-58.026) thr=0.49 steer=0.00 on_floor=true still=0 grounded=true support_l=1.00 support_r=1.00 yaw_rate=0.000
tick=8550 phase=following reason=path_ready wp=16 dist_wp=4.09 bearing_deg=-0.81 speed=4.153 pos=(-100.112,0.025,-58.743) thr=0.36 steer=0.00 on_floor=true still=0 grounded=true support_l=1.00 support_r=1.00 yaw_rate=0.000
tick=8580 phase=following reason=path_ready wp=16 dist_wp=2.40 bearing_deg=-0.81 speed=2.643 pos=(-101.722,0.029,-59.245) thr=0.23 steer=-0.03 on_floor=true still=0 grounded=true support_l=1.00 support_r=1.00 yaw_rate=-0.019
tick=8610 phase=following reason=path_ready wp=16 dist_wp=1.47 bearing_deg=-0.80 speed=1.123 pos=(-102.606,0.029,-59.527) thr=0.10 steer=-0.03 on_floor=true still=0 grounded=true support_l=1.00 support_r=1.00 yaw_rate=-0.020
tick=8640 phase=following reason=path_ready wp=17 dist_wp=17.90 bearing_deg=0.59 speed=0.846 pos=(-102.921,0.002,-59.630) thr=0.86 steer=0.00 on_floor=true still=0 grounded=true support_l=1.00 support_r=1.00 yaw_rate=0.000
tick=8670 phase=following reason=path_ready wp=17 dist_wp=17.23 bearing_deg=0.61 speed=1.824 pos=(-103.564,0.019,-59.839) thr=0.84 steer=0.00 on_floor=true still=0 grounded=true support_l=1.00 support_r=1.00 yaw_rate=0.000
tick=8700 phase=following reason=path_ready wp=17 dist_wp=16.07 bearing_deg=0.66 speed=2.760 pos=(-104.662,0.019,-60.197) thr=0.81 steer=0.00 on_floor=true still=0 grounded=true support_l=1.00 support_r=1.00 yaw_rate=0.000
tick=8730 phase=following reason=path_ready wp=17 dist_wp=14.56 bearing_deg=0.73 speed=3.344 pos=(-106.098,0.014,-60.664) thr=0.77 steer=0.00 on_floor=true still=0 grounded=true support_l=1.00 support_r=1.00 yaw_rate=0.000
tick=8760 phase=following reason=path_ready wp=17 dist_wp=12.68 bearing_deg=0.80 speed=4.150 pos=(-107.889,0.016,-61.247) thr=0.71 steer=0.00 on_floor=true still=0 grounded=true support_l=1.00 support_r=1.00 yaw_rate=0.000
tick=8790 phase=following reason=path_ready wp=17 dist_wp=10.42 bearing_deg=0.81 speed=4.860 pos=(-110.040,0.015,-61.944) thr=0.64 steer=0.00 on_floor=true still=0 grounded=true support_l=1.00 support_r=1.00 yaw_rate=0.000
tick=8820 phase=following reason=path_ready wp=17 dist_wp=7.83 bearing_deg=0.81 speed=5.456 pos=(-112.506,0.013,-62.733) thr=0.54 steer=0.00 on_floor=true still=0 grounded=true support_l=1.00 support_r=1.00 yaw_rate=0.000
tick=8850 phase=following reason=path_ready wp=17 dist_wp=5.13 bearing_deg=0.81 speed=4.858 pos=(-115.078,0.015,-63.543) thr=0.42 steer=0.03 on_floor=true still=0 grounded=true support_l=1.00 support_r=1.00 yaw_rate=0.017
tick=8880 phase=following reason=path_ready wp=17 dist_wp=3.09 bearing_deg=0.81 speed=3.350 pos=(-117.027,0.028,-64.143) thr=0.29 steer=0.03 on_floor=true still=0 grounded=true support_l=1.00 support_r=1.00 yaw_rate=0.018
tick=8910 phase=following reason=path_ready wp=17 dist_wp=1.81 bearing_deg=0.80 speed=1.836 pos=(-118.256,0.029,-64.511) thr=0.16 steer=0.03 on_floor=true still=0 grounded=true support_l=1.00 support_r=1.00 yaw_rate=0.019
tick=8940 phase=following reason=path_ready wp=17 dist_wp=1.29 bearing_deg=0.79 speed=0.299 pos=(-118.757,0.029,-64.658) thr=0.03 steer=0.00 on_floor=true still=6 grounded=true support_l=1.00 support_r=1.00 yaw_rate=0.000
tick=8970 phase=following reason=path_ready wp=18 dist_wp=21.36 bearing_deg=84.89 speed=0.000 pos=(-118.768,0.005,-64.661) thr=0.00 steer=1.00 on_floor=true still=0 grounded=true support_l=1.00 support_r=1.00 yaw_rate=0.628
