tick=0 phase=idle reason= wp=0 dist_wp=60.38 bearing_deg=179.40 speed=0.007 pos=(-120.000,0.000,60.000) thr=0.00 steer=0.00 on_floor=true still=0 grounded=true support_l=1.00 support_r=1.00 yaw_rate=0.628
tick=30 phase=idle reason= wp=0 dist_wp=60.43 bearing_deg=161.49 speed=0.218 pos=(-119.987,0.005,60.056) thr=0.00 steer=0.00 on_floor=true still=0 grounded=true support_l=1.00 support_r=1.00 yaw_rate=0.623
tick=60 phase=idle reason= wp=0 dist_wp=60.57 bearing_deg=143.79 speed=0.427 pos=(-119.909,0.005,60.199) thr=0.00 steer=0.00 on_floor=true still=0 grounded=true support_l=1.00 support_r=1.00 yaw_rate=0.618
tick=90 phase=idle reason= wp=0 dist_wp=60.76 bearing_deg=126.34 speed=0.632 pos=(-119.718,0.005,60.384) thr=0.00 steer=0.00 on_floor=true still=0 grounded=true support_l=1.00 support_r=1.00 yaw_rate=0.613
tick=120 phase=idle reason= wp=0 dist_wp=60.92 bearing_deg=109.16 speed=0.832 pos=(-119.391,0.005,60.548) thr=0.00 steer=0.00 on_floor=true still=0 grounded=true support_l=1.00 support_r=1.00 yaw_rate=0.608
tick=150 phase=idle reason= wp=0 dist_wp=61.00 bearing_deg=92.25 speed=1.025 pos=(-118.932,0.005,60.623) thr=0.00 steer=0.00 on_floor=true still=0 grounded=true support_l=1.00 support_r=1.00 yaw_rate=0.603
tick=180 phase=idle reason= wp=0 dist_wp=60.94 bearing_deg=75.56 speed=1.210 pos=(-118.379,0.004,60.546) thr=0.00 steer=0.00 on_floor=true still=0 grounded=true support_l=1.00 support_r=1.00 yaw_rate=0.599
tick=210 phase=idle reason= wp=0 dist_wp=60.69 bearing_deg=59.04 speed=1.386 pos=(-117.791,0.004,60.272) thr=0.00 steer=0.00 on_floor=true still=0 grounded=true support_l=1.00 support_r=1.00 yaw_rate=0.594
tick=240 phase=idle reason= wp=0 dist_wp=60.22 bearing_deg=42.61 speed=1.552 pos=(-117.246,0.004,59.781) thr=0.00 steer=0.00 on_floor=true still=0 grounded=true support_l=1.00 support_r=1.00 yaw_rate=0.590
tick=270 phase=idle reason= wp=0 dist_wp=59.55 bearing_deg=26.33 speed=1.708 pos=(-116.825,0.004,59.085) thr=0.00 steer=0.00 on_floor=true still=0 grounded=true support_l=1.00 support_r=1.00 yaw_rate=0.538
tick=300 phase=idle reason= wp=0 dist_wp=58.71 bearing_deg=14.77 speed=1.870 pos=(-116.571,0.004,58.228) thr=0.00 steer=0.00 on_floor=true still=0 grounded=true support_l=1.00 support_r=1.00 yaw_rate=0.318
tick=330 phase=idle reason= wp=0 dist_wp=57.76 bearing_deg=7.78 speed=2.044 pos=(-116.445,0.004,57.257) thr=0.00 steer=0.00 on_floor=true still=0 grounded=true support_l=1.00 support_r=1.00 yaw_rate=0.199
tick=360 phase=idle reason= wp=0 dist_wp=56.70 bearing_deg=3.12 speed=2.223 pos=(-116.415,0.004,56.190) thr=0.00 steer=0.00 on_floor=true still=0 grounded=true support_l=1.00 support_r=1.00 yaw_rate=0.143
tick=390 phase=idle reason= wp=0 dist_wp=55.58 bearing_deg=0.06 speed=2.321 pos=(-116.464,0.003,55.064) thr=0.00 steer=0.00 on_floor=true still=0 grounded=true support_l=1.00 support_r=1.00 yaw_rate=-0.131
tick=420 phase=idle reason= wp=0 dist_wp=54.39 bearing_deg=0.06 speed=2.497 pos=(-116.541,0.004,53.860) thr=0.00 steer=0.00 on_floor=true still=0 grounded=true support_l=1.00 support_r=1.00 yaw_rate=-0.133
tick=450 phase=idle reason= wp=0 dist_wp=53.11 bearing_deg=0.06 speed=2.667 pos=(-116.624,0.004,52.570) thr=0.00 steer=0.00 on_floor=true still=0 grounded=true support_l=1.00 support_r=1.00 yaw_rate=-0.135
tick=480 phase=idle reason= wp=0 dist_wp=51.74 bearing_deg=0.06 speed=2.831 pos=(-116.713,0.004,51.197) thr=0.00 steer=0.00 on_floor=true still=0 grounded=true support_l=1.00 support_r=1.00 yaw_rate=-0.138
tick=510 phase=idle reason= wp=0 dist_wp=50.30 bearing_deg=0.06 speed=2.983 pos=(-116.806,0.013,49.744) thr=0.00 steer=0.00 on_floor=true still=0 grounded=true support_l=1.00 support_r=1.00 yaw_rate=-0.138
tick=540 phase=idle reason= wp=0 dist_wp=48.78 bearing_deg=0.06 speed=3.120 pos=(-116.904,0.013,48.218) thr=0.00 steer=0.00 on_floor=true still=0 grounded=true support_l=1.00 support_r=1.00 yaw_rate=-0.141
tick=570 phase=idle reason= wp=0 dist_wp=47.23 bearing_deg=0.05 speed=3.129 pos=(-117.005,0.051,46.656) thr=0.00 steer=0.00 on_floor=true still=0 grounded=true support_l=1.00 support_r=1.00 yaw_rate=-0.144
tick=600 phase=idle reason= wp=0 dist_wp=45.66 bearing_deg=-0.02 speed=3.129 pos=(-117.105,0.091,45.086) thr=0.00 steer=0.00 on_floor=true still=0 grounded=true support_l=1.00 support_r=1.00 yaw_rate=0.123
tick=630 phase=idle reason= wp=0 dist_wp=44.10 bearing_deg=0.07 speed=3.119 pos=(-117.205,0.138,43.513) thr=0.00 steer=0.00 on_floor=true still=0 grounded=true support_l=1.00 support_r=1.00 yaw_rate=-0.117
tick=660 phase=idle reason= wp=0 dist_wp=42.54 bearing_deg=-0.00 speed=3.062 pos=(-117.303,0.231,41.958) thr=0.00 steer=0.00 on_floor=true still=0 grounded=true support_l=1.00 support_r=1.00 yaw_rate=-0.096
tick=690 phase=idle reason= wp=0 dist_wp=41.04 bearing_deg=-0.01 speed=2.852 pos=(-117.396,0.343,40.452) thr=0.00 steer=0.00 on_floor=true still=0 grounded=true support_l=1.00 support_r=1.00 yaw_rate=-0.079
tick=720 phase=idle reason= wp=0 dist_wp=39.64 bearing_deg=-0.06 speed=2.588 pos=(-117.481,0.484,39.067) thr=0.00 steer=0.00 on_floor=true still=0 grounded=true support_l=1.00 support_r=1.00 yaw_rate=-0.071
tick=750 phase=idle reason= wp=0 dist_wp=38.39 bearing_deg=-0.36 speed=2.280 pos=(-117.557,0.623,37.825) thr=0.00 steer=0.00 on_floor=true still=0 grounded=true support_l=1.00 support_r=1.00 yaw_rate=-0.052
tick=780 phase=idle reason= wp=0 dist_wp=37.31 bearing_deg=-2.94 speed=1.836 pos=(-117.645,0.735,36.754) thr=0.00 steer=0.00 on_floor=true still=0 grounded=true support_l=1.00 support_r=1.00 yaw_rate=-0.063
tick=810 phase=idle reason= wp=0 dist_wp=36.47 bearing_deg=-6.11 speed=1.302 pos=(-117.751,0.847,35.922) thr=0.00 steer=0.00 on_floor=true still=0 grounded=true support_l=1.00 support_r=1.00 yaw_rate=-0.120
tick=840 phase=idle reason= wp=0 dist_wp=35.89 bearing_deg=-9.87 speed=0.795 pos=(-117.848,0.943,35.360) thr=0.00 steer=0.00 on_floor=true still=0 grounded=true support_l=1.00 support_r=1.00 yaw_rate=-0.197
tick=870 phase=idle reason= wp=0 dist_wp=35.56 bearing_deg=-13.35 speed=0.320 pos=(-117.914,1.008,35.035) thr=0.00 steer=0.00 on_floor=true still=0 grounded=true support_l=1.00 support_r=1.00 yaw_rate=-0.272
tick=900 phase=idle reason= wp=0 dist_wp=35.47 bearing_deg=-16.93 speed=0.000 pos=(-117.926,1.019,34.949) thr=0.00 steer=0.00 on_floor=true still=0 grounded=true support_l=1.00 support_r=1.00 yaw_rate=-0.350
tick=930 phase=idle reason= wp=0 dist_wp=35.47 bearing_deg=-20.39 speed=0.000 pos=(-117.925,1.015,34.950) thr=0.00 steer=0.00 on_floor=true still=0 grounded=true support_l=1.00 support_r=1.00 yaw_rate=-0.422
tick=960 phase=idle reason= wp=0 dist_wp=35.47 bearing_deg=-23.33 speed=0.000 pos=(-117.924,1.012,34.950) thr=0.00 steer=0.00 on_floor=true still=0 grounded=true support_l=1.00 support_r=1.00 yaw_rate=-0.484
tick=990 phase=idle reason= wp=0 dist_wp=35.48 bearing_deg=-25.40 speed=0.000 pos=(-117.924,1.015,34.952) thr=0.00 steer=0.00 on_floor=true still=0 grounded=true support_l=1.00 support_r=1.00 yaw_rate=-0.527
tick=1020 phase=idle reason= wp=0 dist_wp=35.48 bearing_deg=-26.88 speed=0.000 pos=(-117.923,1.014,34.953) thr=0.00 steer=0.00 on_floor=true still=16 grounded=true support_l=1.00 support_r=1.00 yaw_rate=-0.558
tick=1050 phase=idle reason= wp=0 dist_wp=35.48 bearing_deg=-27.91 speed=0.000 pos=(-117.922,1.014,34.954) thr=0.00 steer=0.00 on_floor=true still=46 grounded=true support_l=1.00 support_r=1.00 yaw_rate=-0.580
tick=1080 phase=idle reason= wp=0 dist_wp=35.48 bearing_deg=-28.61 speed=0.000 pos=(-117.921,1.013,34.955) thr=0.00 steer=0.00 on_floor=true still=76 grounded=true support_l=1.00 support_r=1.00 yaw_rate=-0.595
tick=1110 phase=idle reason= wp=0 dist_wp=35.48 bearing_deg=-29.08 speed=0.000 pos=(-117.920,1.013,34.956) thr=0.00 steer=0.00 on_floor=true still=106 grounded=true support_l=1.00 support_r=1.00 yaw_rate=-0.605
tick=1140 phase=idle reason= wp=0 dist_wp=35.48 bearing_deg=-29.39 speed=0.000 pos=(-117.919,1.013,34.958) thr=0.00 steer=0.00 on_floor=true still=136 grounded=true support_l=1.00 support_r=1.00 yaw_rate=-0.612
tick=1170 phase=idle reason= wp=0 dist_wp=35.48 bearing_deg=-29.60 speed=0.000 pos=(-117.918,1.013,34.959) thr=0.00 steer=0.00 on_floor=true still=166 grounded=true support_l=1.00 support_r=1.00 yaw_rate=-0.616
tick=1200 phase=idle reason= wp=0 dist_wp=35.48 bearing_deg=-29.74 speed=0.000 pos=(-117.917,1.012,34.960) thr=0.00 steer=0.00 on_floor=true still=196 grounded=true support_l=1.00 support_r=1.00 yaw_rate=-0.619
tick=1230 phase=idle reason= wp=0 dist_wp=35.49 bearing_deg=-29.82 speed=0.000 pos=(-117.916,1.012,34.961) thr=0.00 steer=0.00 on_floor=true still=226 grounded=true support_l=1.00 support_r=1.00 yaw_rate=-0.621
tick=1260 phase=idle reason= wp=0 dist_wp=35.49 bearing_deg=-29.88 speed=0.000 pos=(-117.915,1.012,34.962) thr=0.00 steer=0.00 on_floor=true still=256 grounded=true support_l=1.00 support_r=1.00 yaw_rate=-0.622
tick=1290 phase=idle reason= wp=0 dist_wp=35.49 bearing_deg=-29.92 speed=0.000 pos=(-117.914,1.012,34.963) thr=0.00 steer=0.00 on_floor=true still=286 grounded=true support_l=1.00 support_r=1.00 yaw_rate=-0.623
tick=1320 phase=idle reason= wp=0 dist_wp=35.49 bearing_deg=-29.95 speed=0.000 pos=(-117.913,1.011,34.964) thr=0.00 steer=0.00 on_floor=true still=316 grounded=true support_l=1.00 support_r=1.00 yaw_rate=-0.623
tick=1350 phase=idle reason= wp=0 dist_wp=35.49 bearing_deg=-29.96 speed=0.000 pos=(-117.913,1.011,34.966) thr=0.00 steer=0.00 on_floor=true still=346 grounded=true support_l=1.00 support_r=1.00 yaw_rate=-0.624
tick=1380 phase=idle reason= wp=0 dist_wp=35.49 bearing_deg=-29.97 speed=0.000 pos=(-117.912,1.011,34.967) thr=0.00 steer=0.00 on_floor=true still=376 grounded=true support_l=1.00 support_r=1.00 yaw_rate=-0.624
tick=1410 phase=idle reason= wp=0 dist_wp=35.49 bearing_deg=-29.98 speed=0.000 pos=(-117.911,1.011,34.968) thr=0.00 steer=0.00 on_floor=true still=406 grounded=true support_l=1.00 support_r=1.00 yaw_rate=-0.624
tick=1440 phase=idle reason= wp=0 dist_wp=35.49 bearing_deg=-29.98 speed=0.000 pos=(-117.910,1.011,34.969) thr=0.00 steer=0.00 on_floor=true still=436 grounded=true support_l=1.00 support_r=1.00 yaw_rate=-0.624
tick=1470 phase=idle reason= wp=0 dist_wp=35.50 bearing_deg=-29.99 speed=0.000 pos=(-117.909,1.010,34.970) thr=0.00 steer=0.00 on_floor=true still=466 grounded=true support_l=1.00 support_r=1.00 yaw_rate=-0.624
tick=1500 phase=idle reason= wp=0 dist_wp=35.50 bearing_deg=-29.99 speed=0.000 pos=(-117.908,1.010,34.971) thr=0.00 steer=0.00 on_floor=true still=496 grounded=true support_l=1.00 support_r=1.00 yaw_rate=-0.624
tick=1530 phase=idle reason= wp=0 dist_wp=35.50 bearing_deg=-29.99 speed=0.000 pos=(-117.907,1.010,34.972) thr=0.00 steer=0.00 on_floor=true still=526 grounded=true support_l=1.00 support_r=1.00 yaw_rate=-0.624
tick=1560 phase=idle reason= wp=0 dist_wp=35.50 bearing_deg=-29.99 speed=0.000 pos=(-117.906,1.010,34.974) thr=0.00 steer=0.00 on_floor=true still=556 grounded=true support_l=1.00 support_r=1.00 yaw_rate=-0.624
tick=1590 phase=idle reason= wp=0 dist_wp=35.50 bearing_deg=-29.99 speed=0.000 pos=(-117.905,1.009,34.975) thr=0.00 steer=0.00 on_floor=true still=586 grounded=true support_l=1.00 support_r=1.00 yaw_rate=-0.624
tick=1620 phase=idle reason= wp=0 dist_wp=35.50 bearing_deg=-30.00 speed=0.000 pos=(-117.904,1.009,34.976) thr=0.00 steer=0.00 on_floor=true still=616 grounded=true support_l=1.00 support_r=1.00 yaw_rate=-0.624
tick=1650 phase=idle reason= wp=0 dist_wp=35.50 bearing_deg=-30.00 speed=0.000 pos=(-117.903,1.009,34.977) thr=0.00 steer=0.00 on_floor=true still=646 grounded=true support_l=1.00 support_r=1.00 yaw_rate=-0.624
tick=1680 phase=idle reason= wp=0 dist_wp=35.50 bearing_deg=-30.00 speed=0.000 pos=(-117.902,1.009,34.978) thr=0.00 steer=0.00 on_floor=true still=676 grounded=true support_l=1.00 support_r=1.00 yaw_rate=-0.624
tick=1710 phase=idle reason= wp=0 dist_wp=35.51 bearing_deg=-30.00 speed=0.000 pos=(-117.902,1.009,34.979) thr=0.00 steer=0.00 on_floor=true still=706 grounded=true support_l=1.00 support_r=1.00 yaw_rate=-0.624
tick=1740 phase=idle reason= wp=0 dist_wp=35.51 bearing_deg=-30.00 speed=0.000 pos=(-117.901,1.008,34.980) thr=0.00 steer=0.00 on_floor=true still=736 grounded=true support_l=1.00 support_r=1.00 yaw_rate=-0.624
tick=1770 phase=idle reason= wp=0 dist_wp=35.51 bearing_deg=-30.00 speed=0.000 pos=(-117.900,1.008,34.982) thr=0.00 steer=0.00 on_floor=true still=766 grounded=true support_l=1.00 support_r=1.00 yaw_rate=-0.624
tick=1800 phase=idle reason= wp=0 dist_wp=35.51 bearing_deg=-30.00 speed=0.000 pos=(-117.899,1.008,34.983) thr=0.00 steer=0.00 on_floor=true still=796 grounded=true support_l=1.00 support_r=1.00 yaw_rate=-0.624
tick=1830 phase=idle reason= wp=0 dist_wp=35.51 bearing_deg=-30.00 speed=0.000 pos=(-117.898,1.008,34.984) thr=0.00 steer=0.00 on_floor=true still=826 grounded=true support_l=1.00 support_r=1.00 yaw_rate=-0.624
tick=1860 phase=idle reason= wp=0 dist_wp=35.51 bearing_deg=-30.00 speed=0.000 pos=(-117.897,1.007,34.985) thr=0.00 steer=0.00 on_floor=true still=856 grounded=true support_l=1.00 support_r=1.00 yaw_rate=-0.624
tick=1890 phase=idle reason= wp=0 dist_wp=35.51 bearing_deg=-30.00 speed=0.000 pos=(-117.896,1.007,34.986) thr=0.00 steer=0.00 on_floor=true still=886 grounded=true support_l=1.00 support_r=1.00 yaw_rate=-0.624
tick=1920 phase=idle reason= wp=0 dist_wp=35.51 bearing_deg=-30.00 speed=0.000 pos=(-117.895,1.007,34.987) thr=0.00 steer=0.00 on_floor=true still=916 grounded=true support_l=1.00 support_r=1.00 yaw_rate=-0.624
tick=1950 phase=idle reason= wp=0 dist_wp=35.51 bearing_deg=-30.00 speed=0.000 pos=(-117.894,1.007,34.988) thr=0.00 steer=0.00 on_floor=true still=946 grounded=true support_l=1.00 support_r=1.00 yaw_rate=-0.624
tick=1980 phase=idle reason= wp=0 dist_wp=35.52 bearing_deg=-30.00 speed=0.000 pos=(-117.893,1.007,34.990) thr=0.00 steer=0.00 on_floor=true still=976 grounded=true support_l=1.00 support_r=1.00 yaw_rate=-0.624
tick=2010 phase=idle reason= wp=0 dist_wp=35.52 bearing_deg=-30.00 speed=0.000 pos=(-117.892,1.006,34.991) thr=0.00 steer=0.00 on_floor=true still=1006 grounded=true support_l=1.00 support_r=1.00 yaw_rate=-0.624
tick=2040 phase=idle reason= wp=0 dist_wp=35.52 bearing_deg=-30.00 speed=0.000 pos=(-117.891,1.006,34.992) thr=0.00 steer=0.00 on_floor=true still=1036 grounded=true support_l=1.00 support_r=1.00 yaw_rate=-0.624
tick=2070 phase=idle reason= wp=0 dist_wp=35.52 bearing_deg=-30.00 speed=0.000 pos=(-117.891,1.006,34.993) thr=0.00 steer=0.00 on_floor=true still=1066 grounded=true support_l=1.00 support_r=1.00 yaw_rate=-0.624
tick=2100 phase=idle reason= wp=0 dist_wp=35.52 bearing_deg=-30.00 speed=0.000 pos=(-117.890,1.006,34.994) thr=0.00 steer=0.00 on_floor=true still=1096 grounded=true support_l=1.00 support_r=1.00 yaw_rate=-0.624
tick=2130 phase=idle reason= wp=0 dist_wp=35.52 bearing_deg=-30.00 speed=0.000 pos=(-117.889,1.005,34.995) thr=0.00 steer=0.00 on_floor=true still=1126 grounded=true support_l=1.00 support_r=1.00 yaw_rate=-0.625
tick=2160 phase=idle reason= wp=0 dist_wp=35.52 bearing_deg=-30.01 speed=0.000 pos=(-117.888,1.005,34.996) thr=0.00 steer=0.00 on_floor=true still=1156 grounded=true support_l=1.00 support_r=1.00 yaw_rate=-0.625
tick=2190 phase=idle reason= wp=0 dist_wp=35.52 bearing_deg=-30.01 speed=0.000 pos=(-117.887,1.005,34.998) thr=0.00 steer=0.00 on_floor=true still=1186 grounded=true support_l=1.00 support_r=1.00 yaw_rate=-0.625
tick=2220 phase=idle reason= wp=0 dist_wp=35.53 bearing_deg=-30.01 speed=0.000 pos=(-117.886,1.005,34.999) thr=0.00 steer=0.00 on_floor=true still=1216 grounded=true support_l=1.00 support_r=1.00 yaw_rate=-0.625
tick=2250 phase=idle reason= wp=0 dist_wp=35.53 bearing_deg=-30.01 speed=0.000 pos=(-117.885,1.005,35.000) thr=0.00 steer=0.00 on_floor=true still=1246 grounded=true support_l=1.00 support_r=1.00 yaw_rate=-0.625
tick=2280 phase=idle reason= wp=0 dist_wp=35.53 bearing_deg=-30.01 speed=0.000 pos=(-117.884,1.004,35.001) thr=0.00 steer=0.00 on_floor=true still=1276 grounded=true support_l=1.00 support_r=1.00 yaw_rate=-0.625
tick=2310 phase=idle reason= wp=0 dist_wp=35.53 bearing_deg=-30.01 speed=0.000 pos=(-117.883,1.004,35.002) thr=0.00 steer=0.00 on_floor=true still=1306 grounded=true support_l=1.00 support_r=1.00 yaw_rate=-0.625
tick=2340 phase=idle reason= wp=0 dist_wp=35.53 bearing_deg=-30.01 speed=0.000 pos=(-117.882,1.004,35.003) thr=0.00 steer=0.00 on_floor=true still=1336 grounded=true support_l=1.00 support_r=1.00 yaw_rate=-0.625
tick=2370 phase=idle reason= wp=0 dist_wp=35.53 bearing_deg=-30.01 speed=0.000 pos=(-117.881,1.004,35.004) thr=0.00 steer=0.00 on_floor=true still=1366 grounded=true support_l=1.00 support_r=1.00 yaw_rate=-0.625
tick=2400 phase=idle reason= wp=0 dist_wp=35.53 bearing_deg=-30.01 speed=0.000 pos=(-117.881,1.003,35.006) thr=0.00 steer=0.00 on_floor=true still=1396 grounded=true support_l=1.00 support_r=1.00 yaw_rate=-0.625
tick=2430 phase=idle reason= wp=0 dist_wp=35.53 bearing_deg=-30.01 speed=0.000 pos=(-117.880,1.003,35.007) thr=0.00 steer=0.00 on_floor=true still=1426 grounded=true support_l=1.00 support_r=1.00 yaw_rate=-0.625
tick=2460 phase=idle reason= wp=0 dist_wp=35.54 bearing_deg=-30.01 speed=0.000 pos=(-117.879,1.003,35.008) thr=0.00 steer=0.00 on_floor=true still=1456 grounded=true support_l=1.00 support_r=1.00 yaw_rate=-0.625
tick=2490 phase=idle reason= wp=0 dist_wp=35.54 bearing_deg=-30.01 speed=0.000 pos=(-117.878,1.003,35.009) thr=0.00 steer=0.00 on_floor=true still=1486 grounded=true support_l=1.00 support_r=1.00 yaw_rate=-0.625
tick=2520 phase=idle reason= wp=0 dist_wp=35.54 bearing_deg=-30.01 speed=0.000 pos=(-117.877,1.003,35.010) thr=0.00 steer=0.00 on_floor=true still=1516 grounded=true support_l=1.00 support_r=1.00 yaw_rate=-0.625
tick=2550 phase=idle reason= wp=0 dist_wp=35.54 bearing_deg=-30.01 speed=0.000 pos=(-117.876,1.002,35.011) thr=0.00 steer=0.00 on_floor=true still=1546 grounded=true support_l=1.00 support_r=1.00 yaw_rate=-0.625
tick=2580 phase=idle reason= wp=0 dist_wp=35.54 bearing_deg=-30.01 speed=0.000 pos=(-117.875,1.002,35.012) thr=0.00 steer=0.00 on_floor=true still=1576 grounded=true support_l=1.00 support_r=1.00 yaw_rate=-0.625
tick=2610 phase=idle reason= wp=0 dist_wp=35.54 bearing_deg=-30.01 speed=0.000 pos=(-117.874,1.002,35.014) thr=0.00 steer=0.00 on_floor=true still=1606 grounded=true support_l=1.00 support_r=1.00 yaw_rate=-0.625
tick=2640 phase=idle reason= wp=0 dist_wp=35.54 bearing_deg=-30.01 speed=0.000 pos=(-117.873,1.002,35.015) thr=0.00 steer=0.00 on_floor=true still=1636 grounded=true support_l=1.00 support_r=1.00 yaw_rate=-0.625
tick=2670 phase=idle reason= wp=0 dist_wp=35.54 bearing_deg=-30.01 speed=0.000 pos=(-117.872,1.001,35.016) thr=0.00 steer=0.00 on_floor=true still=1666 grounded=true support_l=1.00 support_r=1.00 yaw_rate=-0.625
tick=2700 phase=idle reason= wp=0 dist_wp=35.55 bearing_deg=-30.01 speed=0.000 pos=(-117.871,1.001,35.017) thr=0.00 steer=0.00 on_floor=true still=1696 grounded=true support_l=1.00 support_r=1.00 yaw_rate=-0.625
tick=2730 phase=idle reason= wp=0 dist_wp=35.55 bearing_deg=-30.02 speed=0.000 pos=(-117.870,1.001,35.018) thr=0.00 steer=0.00 on_floor=true still=1726 grounded=true support_l=1.00 support_r=1.00 yaw_rate=-0.625
tick=2760 phase=idle reason= wp=0 dist_wp=35.55 bearing_deg=-30.02 speed=0.000 pos=(-117.870,1.001,35.019) thr=0.00 steer=0.00 on_floor=true still=1756 grounded=true support_l=1.00 support_r=1.00 yaw_rate=-0.625
tick=2790 phase=idle reason= wp=0 dist_wp=35.55 bearing_deg=-30.02 speed=0.000 pos=(-117.869,1.001,35.020) thr=0.00 steer=0.00 on_floor=true still=1786 grounded=true support_l=1.00 support_r=1.00 yaw_rate=-0.625
tick=2820 phase=idle reason= wp=0 dist_wp=35.55 bearing_deg=-30.02 speed=0.000 pos=(-117.868,1.000,35.022) thr=0.00 steer=0.00 on_floor=true still=1816 grounded=true support_l=1.00 support_r=1.00 yaw_rate=-0.625
tick=2850 phase=idle reason= wp=0 dist_wp=35.55 bearing_deg=-30.02 speed=0.000 pos=(-117.867,1.000,35.023) thr=0.00 steer=0.00 on_floor=true still=1846 grounded=true support_l=1.00 support_r=1.00 yaw_rate=-0.625
tick=2880 phase=idle reason= wp=0 dist_wp=35.55 bearing_deg=-30.02 speed=0.000 pos=(-117.866,1.000,35.024) thr=0.00 steer=0.00 on_floor=true still=1876 grounded=true support_l=1.00 support_r=1.00 yaw_rate=-0.625
tick=2910 phase=idle reason= wp=0 dist_wp=35.55 bearing_deg=-30.02 speed=0.000 pos=(-117.865,1.000,35.025) thr=0.00 steer=0.00 on_floor=true still=1906 grounded=true support_l=1.00 support_r=1.00 yaw_rate=-0.625
tick=2940 phase=idle reason= wp=0 dist_wp=35.56 bearing_deg=-30.02 speed=0.000 pos=(-117.864,0.999,35.026) thr=0.00 steer=0.00 on_floor=true still=1936 grounded=true support_l=1.00 support_r=1.00 yaw_rate=-0.625
tick=2970 phase=idle reason= wp=0 dist_wp=35.56 bearing_deg=-30.02 speed=0.000 pos=(-117.863,0.999,35.027) thr=0.00 steer=0.00 on_floor=true still=1966 grounded=true support_l=1.00 support_r=1.00 yaw_rate=-0.625
tick=3000 phase=idle reason= wp=0 dist_wp=35.56 bearing_deg=-30.02 speed=0.000 pos=(-117.862,0.999,35.028) thr=0.00 steer=0.00 on_floor=true still=1996 grounded=true support_l=1.00 support_r=1.00 yaw_rate=-0.625
tick=3030 phase=idle reason= wp=0 dist_wp=35.56 bearing_deg=-30.02 speed=0.000 pos=(-117.861,0.999,35.030) thr=0.00 steer=0.00 on_floor=true still=2026 grounded=true support_l=1.00 support_r=1.00 yaw_rate=-0.625
tick=3060 phase=idle reason= wp=0 dist_wp=35.56 bearing_deg=-30.02 speed=0.000 pos=(-117.860,0.999,35.031) thr=0.00 steer=0.00 on_floor=true still=2056 grounded=true support_l=1.00 support_r=1.00 yaw_rate=-0.625
tick=3090 phase=idle reason= wp=0 dist_wp=35.56 bearing_deg=-30.02 speed=0.000 pos=(-117.859,0.998,35.032) thr=0.00 steer=0.00 on_floor=true still=2086 grounded=true support_l=1.00 support_r=1.00 yaw_rate=-0.625
tick=3120 phase=idle reason= wp=0 dist_wp=35.56 bearing_deg=-30.02 speed=0.000 pos=(-117.859,0.998,35.033) thr=0.00 steer=0.00 on_floor=true still=2116 grounded=true support_l=1.00 support_r=1.00 yaw_rate=-0.625
tick=3150 phase=idle reason= wp=0 dist_wp=35.56 bearing_deg=-30.02 speed=0.000 pos=(-117.858,0.998,35.034) thr=0.00 steer=0.00 on_floor=true still=2146 grounded=true support_l=1.00 support_r=1.00 yaw_rate=-0.625
tick=3180 phase=idle reason= wp=0 dist_wp=35.56 bearing_deg=-30.02 speed=0.000 pos=(-117.857,0.998,35.035) thr=0.00 steer=0.00 on_floor=true still=2176 grounded=true support_l=1.00 support_r=1.00 yaw_rate=-0.625
tick=3210 phase=idle reason= wp=0 dist_wp=35.57 bearing_deg=-30.02 speed=0.000 pos=(-117.856,0.997,35.037) thr=0.00 steer=0.00 on_floor=true still=2206 grounded=true support_l=1.00 support_r=1.00 yaw_rate=-0.625
tick=3240 phase=idle reason= wp=0 dist_wp=35.57 bearing_deg=-30.02 speed=0.000 pos=(-117.855,0.997,35.038) thr=0.00 steer=0.00 on_floor=true still=2236 grounded=true support_l=1.00 support_r=1.00 yaw_rate=-0.625
tick=3270 phase=idle reason= wp=0 dist_wp=35.57 bearing_deg=-30.02 speed=0.000 pos=(-117.854,0.997,35.039) thr=0.00 steer=0.00 on_floor=true still=2266 grounded=true support_l=1.00 support_r=1.00 yaw_rate=-0.625
tick=3300 phase=idle reason= wp=0 dist_wp=35.57 bearing_deg=-30.03 speed=0.000 pos=(-117.853,0.997,35.040) thr=0.00 steer=0.00 on_floor=true still=2296 grounded=true support_l=1.00 support_r=1.00 yaw_rate=-0.625
tick=3330 phase=idle reason= wp=0 dist_wp=35.57 bearing_deg=-30.03 speed=0.000 pos=(-117.852,0.997,35.041) thr=0.00 steer=0.00 on_floor=true still=2326 grounded=true support_l=1.00 support_r=1.00 yaw_rate=-0.625
tick=3360 phase=idle reason= wp=0 dist_wp=35.57 bearing_deg=-30.03 speed=0.000 pos=(-117.851,0.996,35.042) thr=0.00 steer=0.00 on_floor=true still=2356 grounded=true support_l=1.00 support_r=1.00 yaw_rate=-0.625
tick=3390 phase=idle reason= wp=0 dist_wp=35.57 bearing_deg=-30.03 speed=0.000 pos=(-117.850,0.996,35.043) thr=0.00 steer=0.00 on_floor=true still=2386 grounded=true support_l=1.00 support_r=1.00 yaw_rate=-0.625
tick=3420 phase=idle reason= wp=0 dist_wp=35.57 bearing_deg=-30.03 speed=0.000 pos=(-117.849,0.996,35.045) thr=0.00 steer=0.00 on_floor=true still=2416 grounded=true support_l=1.00 support_r=1.00 yaw_rate=-0.625
tick=3450 phase=idle reason= wp=0 dist_wp=35.58 bearing_deg=-30.03 speed=0.000 pos=(-117.848,0.996,35.046) thr=0.00 steer=0.00 on_floor=true still=2446 grounded=true support_l=1.00 support_r=1.00 yaw_rate=-0.625
tick=3480 phase=idle reason= wp=0 dist_wp=35.58 bearing_deg=-30.03 speed=0.000 pos=(-117.848,0.995,35.047) thr=0.00 steer=0.00 on_floor=true still=2476 grounded=true support_l=1.00 support_r=1.00 yaw_rate=-0.625
tick=3510 phase=idle reason= wp=0 dist_wp=35.58 bearing_deg=-30.03 speed=0.000 pos=(-117.847,0.995,35.048) thr=0.00 steer=0.00 on_floor=true still=2506 grounded=true support_l=1.00 support_r=1.00 yaw_rate=-0.625
tick=3540 phase=idle reason= wp=0 dist_wp=35.58 bearing_deg=-30.03 speed=0.000 pos=(-117.846,0.995,35.049) thr=0.00 steer=0.00 on_floor=true still=2536 grounded=true support_l=1.00 support_r=1.00 yaw_rate=-0.625
tick=3570 phase=idle reason= wp=0 dist_wp=35.58 bearing_deg=-30.03 speed=0.000 pos=(-117.845,0.995,35.050) thr=0.00 steer=0.00 on_floor=true still=2566 grounded=true support_l=1.00 support_r=1.00 yaw_rate=-0.625
tick=3600 phase=idle reason= wp=0 dist_wp=35.58 bearing_deg=-30.03 speed=0.000 pos=(-117.844,0.995,35.051) thr=0.00 steer=0.00 on_floor=true still=2596 grounded=true support_l=1.00 support_r=1.00 yaw_rate=-0.625
tick=3630 phase=idle reason= wp=0 dist_wp=35.58 bearing_deg=-30.03 speed=0.000 pos=(-117.843,0.994,35.053) thr=0.00 steer=0.00 on_floor=true still=2626 grounded=true support_l=1.00 support_r=1.00 yaw_rate=-0.625
tick=3660 phase=idle reason= wp=0 dist_wp=35.58 bearing_deg=-30.03 speed=0.000 pos=(-117.842,0.994,35.054) thr=0.00 steer=0.00 on_floor=true still=2656 grounded=true support_l=1.00 support_r=1.00 yaw_rate=-0.625
tick=3690 phase=idle reason= wp=0 dist_wp=35.59 bearing_deg=-30.03 speed=0.000 pos=(-117.841,0.994,35.055) thr=0.00 steer=0.00 on_floor=true still=2686 grounded=true support_l=1.00 support_r=1.00 yaw_rate=-0.625
tick=3720 phase=idle reason= wp=0 dist_wp=35.59 bearing_deg=-30.03 speed=0.000 pos=(-117.840,0.994,35.056) thr=0.00 steer=0.00 on_floor=true still=2716 grounded=true support_l=1.00 support_r=1.00 yaw_rate=-0.625
tick=3750 phase=idle reason= wp=0 dist_wp=35.59 bearing_deg=-30.03 speed=0.000 pos=(-117.839,0.994,35.057) thr=0.00 steer=0.00 on_floor=true still=2746 grounded=true support_l=1.00 support_r=1.00 yaw_rate=-0.625
tick=3780 phase=idle reason= wp=0 dist_wp=35.59 bearing_deg=-30.03 speed=0.000 pos=(-117.838,0.993,35.058) thr=0.00 steer=0.00 on_floor=true still=2776 grounded=true support_l=1.00 support_r=1.00 yaw_rate=-0.625
tick=3810 phase=idle reason= wp=0 dist_wp=35.59 bearing_deg=-30.03 speed=0.000 pos=(-117.837,0.993,35.059) thr=0.00 steer=0.00 on_floor=true still=2806 grounded=true support_l=1.00 support_r=1.00 yaw_rate=-0.625
tick=3840 phase=idle reason= wp=0 dist_wp=35.59 bearing_deg=-30.03 speed=0.000 pos=(-117.837,0.993,35.061) thr=0.00 steer=0.00 on_floor=true still=2836 grounded=true support_l=1.00 support_r=1.00 yaw_rate=-0.625
tick=3870 phase=idle reason= wp=0 dist_wp=35.59 bearing_deg=-30.04 speed=0.000 pos=(-117.836,0.993,35.062) thr=0.00 steer=0.00 on_floor=true still=2866 grounded=true support_l=1.00 support_r=1.00 yaw_rate=-0.625
tick=3900 phase=idle reason= wp=0 dist_wp=35.59 bearing_deg=-30.04 speed=0.000 pos=(-117.835,0.992,35.063) thr=0.00 steer=0.00 on_floor=true still=2896 grounded=true support_l=1.00 support_r=1.00 yaw_rate=-0.625
tick=3930 phase=idle reason= wp=0 dist_wp=35.60 bearing_deg=-30.04 speed=0.000 pos=(-117.834,0.992,35.064) thr=0.00 steer=0.00 on_floor=true still=2926 grounded=true support_l=1.00 support_r=1.00 yaw_rate=-0.625
tick=3960 phase=idle reason= wp=0 dist_wp=35.60 bearing_deg=-30.04 speed=0.000 pos=(-117.833,0.992,35.065) thr=0.00 steer=0.00 on_floor=true still=2956 grounded=true support_l=1.00 support_r=1.00 yaw_rate=-0.625
tick=3990 phase=idle reason= wp=0 dist_wp=35.60 bearing_deg=-30.04 speed=0.000 pos=(-117.832,0.992,35.066) thr=0.00 steer=0.00 on_floor=true still=2986 grounded=true support_l=1.00 support_r=1.00 yaw_rate=-0.625
tick=4020 phase=idle reason= wp=0 dist_wp=35.60 bearing_deg=-30.04 speed=0.000 pos=(-117.831,0.992,35.067) thr=0.00 steer=0.00 on_floor=true still=3016 grounded=true support_l=1.00 support_r=1.00 yaw_rate=-0.625
tick=4050 phase=idle reason= wp=0 dist_wp=35.60 bearing_deg=-30.04 speed=0.000 pos=(-117.830,0.991,35.069) thr=0.00 steer=0.00 on_floor=true still=3046 grounded=true support_l=1.00 support_r=1.00 yaw_rate=-0.625
tick=4080 phase=idle reason= wp=0 dist_wp=35.60 bearing_deg=-30.04 speed=0.000 pos=(-117.829,0.991,35.070) thr=0.00 steer=0.00 on_floor=true still=3076 grounded=true support_l=1.00 support_r=1.00 yaw_rate=-0.625
tick=4110 phase=idle reason= wp=0 dist_wp=35.60 bearing_deg=-30.04 speed=0.000 pos=(-117.828,0.991,35.071) thr=0.00 steer=0.00 on_floor=true still=3106 grounded=true support_l=1.00 support_r=1.00 yaw_rate=-0.625
tick=4140 phase=idle reason= wp=0 dist_wp=35.60 bearing_deg=-30.04 speed=0.000 pos=(-117.827,0.991,35.072) thr=0.00 steer=0.00 on_floor=true still=3136 grounded=true support_l=1.00 support_r=1.00 yaw_rate=-0.625
tick=4170 phase=idle reason= wp=0 dist_wp=35.61 bearing_deg=-30.04 speed=0.000 pos=(-117.826,0.990,35.073) thr=0.00 steer=0.00 on_floor=true still=3166 grounded=true support_l=1.00 support_r=1.00 yaw_rate=-0.625
tick=4200 phase=idle reason= wp=0 dist_wp=35.61 bearing_deg=-30.04 speed=0.000 pos=(-117.826,0.990,35.074) thr=0.00 steer=0.00 on_floor=true still=3196 grounded=true support_l=1.00 support_r=1.00 yaw_rate=-0.625
tick=4230 phase=idle reason= wp=0 dist_wp=35.61 bearing_deg=-30.04 speed=0.000 pos=(-117.825,0.990,35.075) thr=0.00 steer=0.00 on_floor=true still=3226 grounded=true support_l=1.00 support_r=1.00 yaw_rate=-0.625
tick=4260 phase=idle reason= wp=0 dist_wp=35.61 bearing_deg=-30.04 speed=0.000 pos=(-117.824,0.990,35.077) thr=0.00 steer=0.00 on_floor=true still=3256 grounded=true support_l=1.00 support_r=1.00 yaw_rate=-0.625
tick=4290 phase=idle reason= wp=0 dist_wp=35.61 bearing_deg=-30.04 speed=0.000 pos=(-117.823,0.990,35.078) thr=0.00 steer=0.00 on_floor=true still=3286 grounded=true support_l=1.00 support_r=1.00 yaw_rate=-0.625
tick=4320 phase=idle reason= wp=0 dist_wp=35.61 bearing_deg=-30.04 speed=0.000 pos=(-117.822,0.989,35.079) thr=0.00 steer=0.00 on_floor=true still=3316 grounded=true support_l=1.00 support_r=1.00 yaw_rate=-0.625
tick=4350 phase=idle reason= wp=0 dist_wp=35.61 bearing_deg=-30.04 speed=0.000 pos=(-117.821,0.989,35.080) thr=0.00 steer=0.00 on_floor=true still=3346 grounded=true support_l=1.00 support_r=1.00 yaw_rate=-0.625
tick=4380 phase=idle reason= wp=0 dist_wp=35.61 bearing_deg=-30.04 speed=0.000 pos=(-117.820,0.989,35.081) thr=0.00 steer=0.00 on_floor=true still=3376 grounded=true support_l=1.00 support_r=1.00 yaw_rate=-0.625
tick=4410 phase=idle reason= wp=0 dist_wp=35.61 bearing_deg=-30.04 speed=0.000 pos=(-117.819,0.989,35.082) thr=0.00 steer=0.00 on_floor=true still=3406 grounded=true support_l=1.00 support_r=1.00 yaw_rate=-0.625
tick=4440 phase=idle reason= wp=0 dist_wp=35.62 bearing_deg=-30.05 speed=0.000 pos=(-117.818,0.988,35.083) thr=0.00 steer=0.00 on_floor=true still=3436 grounded=true support_l=1.00 support_r=1.00 yaw_rate=-0.625
tick=4470 phase=idle reason= wp=0 dist_wp=35.62 bearing_deg=-30.05 speed=0.000 pos=(-117.817,0.988,35.085) thr=0.00 steer=0.00 on_floor=true still=3466 grounded=true support_l=1.00 support_r=1.00 yaw_rate=-0.625
tick=4500 phase=idle reason= wp=0 dist_wp=35.62 bearing_deg=-30.05 speed=0.000 pos=(-117.816,0.988,35.086) thr=0.00 steer=0.00 on_floor=true still=3496 grounded=true support_l=1.00 support_r=1.00 yaw_rate=-0.625
tick=4530 phase=idle reason= wp=0 dist_wp=35.62 bearing_deg=-30.05 speed=0.000 pos=(-117.816,0.988,35.087) thr=0.00 steer=0.00 on_floor=true still=3526 grounded=true support_l=1.00 support_r=1.00 yaw_rate=-0.625
tick=4560 phase=idle reason= wp=0 dist_wp=35.62 bearing_deg=-30.05 speed=0.000 pos=(-117.815,0.988,35.088) thr=0.00 steer=0.00 on_floor=true still=3556 grounded=true support_l=1.00 support_r=1.00 yaw_rate=-0.625
tick=4590 phase=idle reason= wp=0 dist_wp=35.62 bearing_deg=-30.05 speed=0.000 pos=(-117.814,0.987,35.089) thr=0.00 steer=0.00 on_floor=true still=3586 grounded=true support_l=1.00 support_r=1.00 yaw_rate=-0.625
tick=4620 phase=idle reason= wp=0 dist_wp=35.62 bearing_deg=-30.05 speed=0.000 pos=(-117.813,0.987,35.090) thr=0.00 steer=0.00 on_floor=true still=3616 grounded=true support_l=1.00 support_r=1.00 yaw_rate=-0.625
tick=4650 phase=idle reason= wp=0 dist_wp=35.62 bearing_deg=-30.05 speed=0.000 pos=(-117.812,0.987,35.091) thr=0.00 steer=0.00 on_floor=true still=3646 grounded=true support_l=1.00 support_r=1.00 yaw_rate=-0.625
tick=4680 phase=idle reason= wp=0 dist_wp=35.63 bearing_deg=-30.05 speed=0.000 pos=(-117.811,0.987,35.093) thr=0.00 steer=0.00 on_floor=true still=3676 grounded=true support_l=1.00 support_r=1.00 yaw_rate=-0.625
tick=4710 phase=idle reason= wp=0 dist_wp=35.63 bearing_deg=-30.05 speed=0.000 pos=(-117.810,0.986,35.094) thr=0.00 steer=0.00 on_floor=true still=3706 grounded=true support_l=1.00 support_r=1.00 yaw_rate=-0.625
tick=4740 phase=idle reason= wp=0 dist_wp=35.63 bearing_deg=-30.05 speed=0.000 pos=(-117.809,0.986,35.095) thr=0.00 steer=0.00 on_floor=true still=3736 grounded=true support_l=1.00 support_r=1.00 yaw_rate=-0.625
tick=4770 phase=idle reason= wp=0 dist_wp=35.63 bearing_deg=-30.05 speed=0.000 pos=(-117.808,0.986,35.096) thr=0.00 steer=0.00 on_floor=true still=3766 grounded=true support_l=1.00 support_r=1.00 yaw_rate=-0.625
tick=4800 phase=idle reason= wp=0 dist_wp=35.63 bearing_deg=-30.05 speed=0.000 pos=(-117.807,0.986,35.097) thr=0.00 steer=0.00 on_floor=true still=3796 grounded=true support_l=1.00 support_r=1.00 yaw_rate=-0.626
tick=4830 phase=idle reason= wp=0 dist_wp=35.63 bearing_deg=-30.05 speed=0.000 pos=(-117.806,0.986,35.098) thr=0.00 steer=0.00 on_floor=true still=3826 grounded=true support_l=1.00 support_r=1.00 yaw_rate=-0.626
tick=4860 phase=idle reason= wp=0 dist_wp=35.63 bearing_deg=-30.05 speed=0.000 pos=(-117.805,0.985,35.099) thr=0.00 steer=0.00 on_floor=true still=3856 grounded=true support_l=1.00 support_r=1.00 yaw_rate=-0.626
tick=4890 phase=idle reason= wp=0 dist_wp=35.63 bearing_deg=-30.05 speed=0.000 pos=(-117.805,0.985,35.101) thr=0.00 steer=0.00 on_floor=true still=3886 grounded=true support_l=1.00 support_r=1.00 yaw_rate=-0.626
tick=4920 phase=idle reason= wp=0 dist_wp=35.64 bearing_deg=-30.05 speed=0.000 pos=(-117.804,0.985,35.102) thr=0.00 steer=0.00 on_floor=true still=3916 grounded=true support_l=1.00 support_r=1.00 yaw_rate=-0.626
tick=4950 phase=idle reason= wp=0 dist_wp=35.64 bearing_deg=-30.05 speed=0.000 pos=(-117.803,0.985,35.103) thr=0.00 steer=0.00 on_floor=true still=3946 grounded=true support_l=1.00 support_r=1.00 yaw_rate=-0.626
tick=4980 phase=idle reason= wp=0 dist_wp=35.64 bearing_deg=-30.05 speed=0.000 pos=(-117.802,0.984,35.104) thr=0.00 steer=0.00 on_floor=true still=3976 grounded=true support_l=1.00 support_r=1.00 yaw_rate=-0.626
tick=5010 phase=idle reason= wp=0 dist_wp=35.64 bearing_deg=-30.05 speed=0.000 pos=(-117.801,0.984,35.105) thr=0.00 steer=0.00 on_floor=true still=4006 grounded=true support_l=1.00 support_r=1.00 yaw_rate=-0.626
tick=5040 phase=idle reason= wp=0 dist_wp=35.64 bearing_deg=-30.06 speed=0.000 pos=(-117.800,0.984,35.106) thr=0.00 steer=0.00 on_floor=true still=4036 grounded=true support_l=1.00 support_r=1.00 yaw_rate=-0.626
tick=5070 phase=idle reason= wp=0 dist_wp=35.64 bearing_deg=-30.06 speed=0.000 pos=(-117.799,0.984,35.107) thr=0.00 steer=0.00 on_floor=true still=4066 grounded=true support_l=1.00 support_r=1.00 yaw_rate=-0.626
tick=5100 phase=idle reason= wp=0 dist_wp=35.64 bearing_deg=-30.06 speed=0.000 pos=(-117.798,0.984,35.109) thr=0.00 steer=0.00 on_floor=true still=4096 grounded=true support_l=1.00 support_r=1.00 yaw_rate=-0.626
tick=5130 phase=idle reason= wp=0 dist_wp=35.64 bearing_deg=-30.06 speed=0.000 pos=(-117.797,0.983,35.110) thr=0.00 steer=0.00 on_floor=true still=4126 grounded=true support_l=1.00 support_r=1.00 yaw_rate=-0.626
tick=5160 phase=idle reason= wp=0 dist_wp=35.65 bearing_deg=-30.06 speed=0.000 pos=(-117.796,0.983,35.111) thr=0.00 steer=0.00 on_floor=true still=4156 grounded=true support_l=1.00 support_r=1.00 yaw_rate=-0.626
tick=5190 phase=idle reason= wp=0 dist_wp=35.65 bearing_deg=-30.06 speed=0.000 pos=(-117.795,0.983,35.112) thr=0.00 steer=0.00 on_floor=true still=4186 grounded=true support_l=1.00 support_r=1.00 yaw_rate=-0.626
tick=5220 phase=idle reason= wp=0 dist_wp=35.65 bearing_deg=-30.06 speed=0.000 pos=(-117.794,0.983,35.113) thr=0.00 steer=0.00 on_floor=true still=4216 grounded=true support_l=1.00 support_r=1.00 yaw_rate=-0.626
tick=5250 phase=idle reason= wp=0 dist_wp=35.65 bearing_deg=-30.06 speed=0.000 pos=(-117.794,0.982,35.114) thr=0.00 steer=0.00 on_floor=true still=4246 grounded=true support_l=1.00 support_r=1.00 yaw_rate=-0.626
tick=5280 phase=idle reason= wp=0 dist_wp=35.65 bearing_deg=-30.06 speed=0.000 pos=(-117.793,0.982,35.115) thr=0.00 steer=0.00 on_floor=true still=4276 grounded=true support_l=1.00 support_r=1.00 yaw_rate=-0.626
tick=5310 phase=idle reason= wp=0 dist_wp=35.65 bearing_deg=-30.06 speed=0.000 pos=(-117.792,0.982,35.117) thr=0.00 steer=0.00 on_floor=true still=4306 grounded=true support_l=1.00 support_r=1.00 yaw_rate=-0.626
tick=5340 phase=idle reason= wp=0 dist_wp=35.65 bearing_deg=-30.06 speed=0.000 pos=(-117.791,0.982,35.118) thr=0.00 steer=0.00 on_floor=true still=4336 grounded=true support_l=1.00 support_r=1.00 yaw_rate=-0.626
tick=5370 phase=idle reason= wp=0 dist_wp=35.65 bearing_deg=-30.06 speed=0.000 pos=(-117.790,0.982,35.119) thr=0.00 steer=0.00 on_floor=true still=4366 grounded=true support_l=1.00 support_r=1.00 yaw_rate=-0.626
tick=5400 phase=idle reason= wp=0 dist_wp=35.66 bearing_deg=-30.06 speed=0.000 pos=(-117.789,0.981,35.120) thr=0.00 steer=0.00 on_floor=true still=4396 grounded=true support_l=1.00 support_r=1.00 yaw_rate=-0.626
tick=5430 phase=idle reason= wp=0 dist_wp=35.66 bearing_deg=-30.06 speed=0.000 pos=(-117.788,0.981,35.121) thr=0.00 steer=0.00 on_floor=true still=4426 grounded=true support_l=1.00 support_r=1.00 yaw_rate=-0.626
tick=5460 phase=idle reason= wp=0 dist_wp=35.66 bearing_deg=-30.06 speed=0.000 pos=(-117.787,0.981,35.122) thr=0.00 steer=0.00 on_floor=true still=4456 grounded=true support_l=1.00 support_r=1.00 yaw_rate=-0.626
tick=5490 phase=idle reason= wp=0 dist_wp=35.66 bearing_deg=-30.06 speed=0.000 pos=(-117.786,0.981,35.123) thr=0.00 steer=0.00 on_floor=true still=4486 grounded=true support_l=1.00 support_r=1.00 yaw_rate=-0.626
tick=5520 phase=idle reason= wp=0 dist_wp=35.66 bearing_deg=-30.06 speed=0.000 pos=(-117.785,0.980,35.125) thr=0.00 steer=0.00 on_floor=true still=4516 grounded=true support_l=1.00 support_r=1.00 yaw_rate=-0.626
tick=5550 phase=idle reason= wp=0 dist_wp=35.66 bearing_deg=-30.06 speed=0.000 pos=(-117.784,0.980,35.126) thr=0.00 steer=0.00 on_floor=true still=4546 grounded=true support_l=1.00 support_r=1.00 yaw_rate=-0.626
tick=5580 phase=idle reason= wp=0 dist_wp=35.66 bearing_deg=-30.06 speed=0.000 pos=(-117.783,0.980,35.127) thr=0.00 steer=0.00 on_floor=true still=4576 grounded=true support_l=1.00 support_r=1.00 yaw_rate=-0.626
tick=5610 phase=idle reason= wp=0 dist_wp=35.66 bearing_deg=-30.06 speed=0.000 pos=(-117.783,0.980,35.128) thr=0.00 steer=0.00 on_floor=true still=4606 grounded=true support_l=1.00 support_r=1.00 yaw_rate=-0.626
tick=5640 phase=idle reason= wp=0 dist_wp=35.66 bearing_deg=-30.07 speed=0.000 pos=(-117.782,0.980,35.129) thr=0.00 steer=0.00 on_floor=true still=4636 grounded=true support_l=1.00 support_r=1.00 yaw_rate=-0.626
tick=5670 phase=idle reason= wp=0 dist_wp=35.67 bearing_deg=-30.07 speed=0.000 pos=(-117.781,0.979,35.130) thr=0.00 steer=0.00 on_floor=true still=4666 grounded=true support_l=1.00 support_r=1.00 yaw_rate=-0.626
tick=5700 phase=idle reason= wp=0 dist_wp=35.67 bearing_deg=-30.07 speed=0.000 pos=(-117.780,0.979,35.131) thr=0.00 steer=0.00 on_floor=true still=4696 grounded=true support_l=1.00 support_r=1.00 yaw_rate=-0.626
tick=5730 phase=idle reason= wp=0 dist_wp=35.67 bearing_deg=-30.07 speed=0.000 pos=(-117.779,0.979,35.133) thr=0.00 steer=0.00 on_floor=true still=4726 grounded=true support_l=1.00 support_r=1.00 yaw_rate=-0.626
tick=5760 phase=idle reason= wp=0 dist_wp=35.67 bearing_deg=-30.07 speed=0.000 pos=(-117.778,0.979,35.134) thr=0.00 steer=0.00 on_floor=true still=4756 grounded=true support_l=1.00 support_r=1.00 yaw_rate=-0.626
tick=5790 phase=idle reason= wp=0 dist_wp=35.67 bearing_deg=-30.07 speed=0.000 pos=(-117.777,0.978,35.135) thr=0.00 steer=0.00 on_floor=true still=4786 grounded=true support_l=1.00 support_r=1.00 yaw_rate=-0.626
tick=5820 phase=idle reason= wp=0 dist_wp=35.67 bearing_deg=-30.07 speed=0.000 pos=(-117.776,0.978,35.136) thr=0.00 steer=0.00 on_floor=true still=4816 grounded=true support_l=1.00 support_r=1.00 yaw_rate=-0.626
tick=5850 phase=idle reason= wp=0 dist_wp=35.67 bearing_deg=-30.07 speed=0.000 pos=(-117.775,0.978,35.137) thr=0.00 steer=0.00 on_floor=true still=4846 grounded=true support_l=1.00 support_r=1.00 yaw_rate=-0.626
tick=5880 phase=idle reason= wp=0 dist_wp=35.67 bearing_deg=-30.07 speed=0.000 pos=(-117.774,0.978,35.138) thr=0.00 steer=0.00 on_floor=true still=4876 grounded=true support_l=1.00 support_r=1.00 yaw_rate=-0.626
tick=5910 phase=idle reason= wp=0 dist_wp=35.68 bearing_deg=-30.07 speed=0.000 pos=(-117.773,0.978,35.140) thr=0.00 steer=0.00 on_floor=true still=4906 grounded=true support_l=1.00 support_r=1.00 yaw_rate=-0.626
tick=5940 phase=idle reason= wp=0 dist_wp=35.68 bearing_deg=-30.07 speed=0.000 pos=(-117.772,0.977,35.141) thr=0.00 steer=0.00 on_floor=true still=4936 grounded=true support_l=1.00 support_r=1.00 yaw_rate=-0.626
tick=5970 phase=idle reason= wp=0 dist_wp=35.68 bearing_deg=-30.07 speed=0.000 pos=(-117.772,0.977,35.142) thr=0.00 steer=0.00 on_floor=true still=4966 grounded=true support_l=1.00 support_r=1.00 yaw_rate=-0.626
tick=6000 phase=idle reason= wp=0 dist_wp=35.68 bearing_deg=-30.07 speed=0.000 pos=(-117.771,0.977,35.143) thr=0.00 steer=0.00 on_floor=true still=4996 grounded=true support_l=1.00 support_r=1.00 yaw_rate=-0.626
tick=6030 phase=idle reason= wp=0 dist_wp=35.68 bearing_deg=-30.07 speed=0.000 pos=(-117.770,0.977,35.144) thr=0.00 steer=0.00 on_floor=true still=5026 grounded=true support_l=1.00 support_r=1.00 yaw_rate=-0.626
tick=6060 phase=idle reason= wp=0 dist_wp=35.68 bearing_deg=-30.07 speed=0.000 pos=(-117.769,0.977,35.145) thr=0.00 steer=0.00 on_floor=true still=5056 grounded=true support_l=1.00 support_r=1.00 yaw_rate=-0.626
tick=6090 phase=idle reason= wp=0 dist_wp=35.68 bearing_deg=-30.07 speed=0.000 pos=(-117.768,0.976,35.146) thr=0.00 steer=0.00 on_floor=true still=5086 grounded=true support_l=1.00 support_r=1.00 yaw_rate=-0.626
tick=6120 phase=idle reason= wp=0 dist_wp=35.68 bearing_deg=-30.07 speed=0.000 pos=(-117.767,0.976,35.148) thr=0.00 steer=0.00 on_floor=true still=5116 grounded=true support_l=1.00 support_r=1.00 yaw_rate=-0.626
tick=6150 phase=idle reason= wp=0 dist_wp=35.69 bearing_deg=-30.07 speed=0.000 pos=(-117.766,0.976,35.149) thr=0.00 steer=0.00 on_floor=true still=5146 grounded=true support_l=1.00 support_r=1.00 yaw_rate=-0.626
tick=6180 phase=idle reason= wp=0 dist_wp=35.69 bearing_deg=-30.07 speed=0.000 pos=(-117.765,0.976,35.150) thr=0.00 steer=0.00 on_floor=true still=5176 grounded=true support_l=1.00 support_r=1.00 yaw_rate=-0.626
tick=6210 phase=idle reason= wp=0 dist_wp=35.69 bearing_deg=-30.07 speed=0.000 pos=(-117.764,0.975,35.151) thr=0.00 steer=0.00 on_floor=true still=5206 grounded=true support_l=1.00 support_r=1.00 yaw_rate=-0.626
tick=6240 phase=idle reason= wp=0 dist_wp=35.69 bearing_deg=-30.08 speed=0.000 pos=(-117.763,0.975,35.152) thr=0.00 steer=0.00 on_floor=true still=5236 grounded=true support_l=1.00 support_r=1.00 yaw_rate=-0.626
tick=6270 phase=idle reason= wp=0 dist_wp=35.69 bearing_deg=-30.08 speed=0.000 pos=(-117.762,0.975,35.153) thr=0.00 steer=0.00 on_floor=true still=5266 grounded=true support_l=1.00 support_r=1.00 yaw_rate=-0.626
tick=6300 phase=idle reason= wp=0 dist_wp=35.69 bearing_deg=-30.08 speed=0.000 pos=(-117.761,0.975,35.154) thr=0.00 steer=0.00 on_floor=true still=5296 grounded=true support_l=1.00 support_r=1.00 yaw_rate=-0.626
tick=6330 phase=idle reason= wp=0 dist_wp=35.69 bearing_deg=-30.08 speed=0.000 pos=(-117.761,0.975,35.156) thr=0.00 steer=0.00 on_floor=true still=5326 grounded=true support_l=1.00 support_r=1.00 yaw_rate=-0.626
tick=6360 phase=idle reason= wp=0 dist_wp=35.69 bearing_deg=-30.08 speed=0.000 pos=(-117.760,0.974,35.157) thr=0.00 steer=0.00 on_floor=true still=5356 grounded=true support_l=1.00 support_r=1.00 yaw_rate=-0.626
tick=6390 phase=idle reason= wp=0 dist_wp=35.70 bearing_deg=-30.08 speed=0.000 pos=(-117.759,0.974,35.158) thr=0.00 steer=0.00 on_floor=true still=5386 grounded=true support_l=1.00 support_r=1.00 yaw_rate=-0.626
tick=6420 phase=idle reason= wp=0 dist_wp=35.70 bearing_deg=-30.08 speed=0.000 pos=(-117.758,0.974,35.159) thr=0.00 steer=0.00 on_floor=true still=5416 grounded=true support_l=1.00 support_r=1.00 yaw_rate=-0.626
tick=6450 phase=idle reason= wp=0 dist_wp=35.70 bearing_deg=-30.08 speed=0.000 pos=(-117.757,0.974,35.160) thr=0.00 steer=0.00 on_floor=true still=5446 grounded=true support_l=1.00 support_r=1.00 yaw_rate=-0.626
tick=6480 phase=idle reason= wp=0 dist_wp=35.70 bearing_deg=-30.08 speed=0.000 pos=(-117.756,0.973,35.161) thr=0.00 steer=0.00 on_floor=true still=5476 grounded=true support_l=1.00 support_r=1.00 yaw_rate=-0.626
tick=6510 phase=idle reason= wp=0 dist_wp=35.70 bearing_deg=-30.08 speed=0.000 pos=(-117.755,0.973,35.162) thr=0.00 steer=0.00 on_floor=true still=5506 grounded=true support_l=1.00 support_r=1.00 yaw_rate=-0.626
tick=6540 phase=idle reason= wp=0 dist_wp=35.70 bearing_deg=-30.08 speed=0.000 pos=(-117.754,0.973,35.164) thr=0.00 steer=0.00 on_floor=true still=5536 grounded=true support_l=1.00 support_r=1.00 yaw_rate=-0.626
tick=6570 phase=idle reason= wp=0 dist_wp=35.70 bearing_deg=-30.08 speed=0.000 pos=(-117.753,0.973,35.165) thr=0.00 steer=0.00 on_floor=true still=5566 grounded=true support_l=1.00 support_r=1.00 yaw_rate=-0.626
tick=6600 phase=idle reason= wp=0 dist_wp=35.70 bearing_deg=-30.08 speed=0.000 pos=(-117.752,0.973,35.166) thr=0.00 steer=0.00 on_floor=true still=5596 grounded=true support_l=1.00 support_r=1.00 yaw_rate=-0.626
tick=6630 phase=idle reason= wp=0 dist_wp=35.71 bearing_deg=-30.08 speed=0.000 pos=(-117.751,0.972,35.167) thr=0.00 steer=0.00 on_floor=true still=5626 grounded=true support_l=1.00 support_r=1.00 yaw_rate=-0.626
tick=6660 phase=idle reason= wp=0 dist_wp=35.71 bearing_deg=-30.08 speed=0.000 pos=(-117.751,0.972,35.168) thr=0.00 steer=0.00 on_floor=true still=5656 grounded=true support_l=1.00 support_r=1.00 yaw_rate=-0.626
tick=6690 phase=idle reason= wp=0 dist_wp=35.71 bearing_deg=-30.08 speed=0.000 pos=(-117.750,0.972,35.169) thr=0.00 steer=0.00 on_floor=true still=5686 grounded=true support_l=1.00 support_r=1.00 yaw_rate=-0.626
tick=6720 phase=idle reason= wp=0 dist_wp=35.71 bearing_deg=-30.08 speed=0.000 pos=(-117.749,0.972,35.170) thr=0.00 steer=0.00 on_floor=true still=5716 grounded=true support_l=1.00 support_r=1.00 yaw_rate=-0.626
tick=6750 phase=idle reason= wp=0 dist_wp=35.71 bearing_deg=-30.08 speed=0.000 pos=(-117.748,0.971,35.172) thr=0.00 steer=0.00 on_floor=true still=5746 grounded=true support_l=1.00 support_r=1.00 yaw_rate=-0.626
tick=6780 phase=idle reason= wp=0 dist_wp=35.71 bearing_deg=-30.08 speed=0.000 pos=(-117.747,0.971,35.173) thr=0.00 steer=0.00 on_floor=true still=5776 grounded=true support_l=1.00 support_r=1.00 yaw_rate=-0.626
tick=6810 phase=idle reason= wp=0 dist_wp=35.71 bearing_deg=-30.08 speed=0.000 pos=(-117.746,0.971,35.174) thr=0.00 steer=0.00 on_floor=true still=5806 grounded=true support_l=1.00 support_r=1.00 yaw_rate=-0.626
tick=6840 phase=idle reason= wp=0 dist_wp=35.71 bearing_deg=-30.09 speed=0.000 pos=(-117.745,0.971,35.175) thr=0.00 steer=0.00 on_floor=true still=5836 grounded=true support_l=1.00 support_r=1.00 yaw_rate=-0.626
tick=6870 phase=idle reason= wp=0 dist_wp=35.71 bearing_deg=-30.09 speed=0.000 pos=(-117.744,0.971,35.176) thr=0.00 steer=0.00 on_floor=true still=5866 grounded=true support_l=1.00 support_r=1.00 yaw_rate=-0.626
tick=6900 phase=idle reason= wp=0 dist_wp=35.72 bearing_deg=-30.09 speed=0.000 pos=(-117.743,0.970,35.177) thr=0.00 steer=0.00 on_floor=true still=5896 grounded=true support_l=1.00 support_r=1.00 yaw_rate=-0.626
tick=6930 phase=idle reason= wp=0 dist_wp=35.72 bearing_deg=-30.09 speed=0.000 pos=(-117.742,0.970,35.178) thr=0.00 steer=0.00 on_floor=true still=5926 grounded=true support_l=1.00 support_r=1.00 yaw_rate=-0.626
tick=6960 phase=idle reason= wp=0 dist_wp=35.72 bearing_deg=-30.09 speed=0.000 pos=(-117.741,0.970,35.180) thr=0.00 steer=0.00 on_floor=true still=5956 grounded=true support_l=1.00 support_r=1.00 yaw_rate=-0.626
tick=6990 phase=idle reason= wp=0 dist_wp=35.72 bearing_deg=-30.09 speed=0.000 pos=(-117.740,0.970,35.181) thr=0.00 steer=0.00 on_floor=true still=5986 grounded=true support_l=1.00 support_r=1.00 yaw_rate=-0.626
tick=7020 phase=idle reason= wp=0 dist_wp=35.72 bearing_deg=-30.09 speed=0.000 pos=(-117.740,0.969,35.182) thr=0.00 steer=0.00 on_floor=true still=6016 grounded=true support_l=1.00 support_r=1.00 yaw_rate=-0.626
tick=7050 phase=idle reason= wp=0 dist_wp=35.72 bearing_deg=-30.09 speed=0.000 pos=(-117.739,0.969,35.183) thr=0.00 steer=0.00 on_floor=true still=6046 grounded=true support_l=1.00 support_r=1.00 yaw_rate=-0.626
tick=7080 phase=idle reason= wp=0 dist_wp=35.72 bearing_deg=-30.09 speed=0.000 pos=(-117.738,0.969,35.184) thr=0.00 steer=0.00 on_floor=true still=6076 grounded=true support_l=1.00 support_r=1.00 yaw_rate=-0.626
tick=7110 phase=idle reason= wp=0 dist_wp=35.72 bearing_deg=-30.09 speed=0.000 pos=(-117.737,0.969,35.185) thr=0.00 steer=0.00 on_floor=true still=6106 grounded=true support_l=1.00 support_r=1.00 yaw_rate=-0.626
tick=7140 phase=idle reason= wp=0 dist_wp=35.73 bearing_deg=-30.09 speed=0.000 pos=(-117.736,0.969,35.186) thr=0.00 steer=0.00 on_floor=true still=6136 grounded=true support_l=1.00 support_r=1.00 yaw_rate=-0.626
tick=7170 phase=idle reason= wp=0 dist_wp=35.73 bearing_deg=-30.09 speed=0.000 pos=(-117.735,0.968,35.188) thr=0.00 steer=0.00 on_floor=true still=6166 grounded=true support_l=1.00 support_r=1.00 yaw_rate=-0.626
tick=7200 phase=idle reason= wp=0 dist_wp=35.73 bearing_deg=-30.09 speed=0.000 pos=(-117.734,0.968,35.189) thr=0.00 steer=0.00 on_floor=true still=6196 grounded=true support_l=1.00 support_r=1.00 yaw_rate=-0.626
tick=7230 phase=idle reason= wp=0 dist_wp=35.73 bearing_deg=-30.09 speed=0.000 pos=(-117.733,0.968,35.190) thr=0.00 steer=0.00 on_floor=true still=6226 grounded=true support_l=1.00 support_r=1.00 yaw_rate=-0.626
tick=7260 phase=idle reason= wp=0 dist_wp=35.73 bearing_deg=-30.09 speed=0.000 pos=(-117.732,0.968,35.191) thr=0.00 steer=0.00 on_floor=true still=6256 grounded=true support_l=1.00 support_r=1.00 yaw_rate=-0.626
tick=7290 phase=idle reason= wp=0 dist_wp=35.73 bearing_deg=-30.09 speed=0.000 pos=(-117.731,0.967,35.192) thr=0.00 steer=0.00 on_floor=true still=6286 grounded=true support_l=1.00 support_r=1.00 yaw_rate=-0.626
tick=7320 phase=idle reason= wp=0 dist_wp=35.73 bearing_deg=-30.09 speed=0.000 pos=(-117.730,0.967,35.193) thr=0.00 steer=0.00 on_floor=true still=6316 grounded=true support_l=1.00 support_r=1.00 yaw_rate=-0.626
tick=7350 phase=idle reason= wp=0 dist_wp=35.73 bearing_deg=-30.09 speed=0.000 pos=(-117.729,0.967,35.194) thr=0.00 steer=0.00 on_floor=true still=6346 grounded=true support_l=1.00 support_r=1.00 yaw_rate=-0.626
tick=7380 phase=idle reason= wp=0 dist_wp=35.74 bearing_deg=-30.09 speed=0.000 pos=(-117.729,0.967,35.196) thr=0.00 steer=0.00 on_floor=true still=6376 grounded=true support_l=1.00 support_r=1.00 yaw_rate=-0.626
tick=7410 phase=idle reason= wp=0 dist_wp=35.74 bearing_deg=-30.10 speed=0.000 pos=(-117.728,0.967,35.197) thr=0.00 steer=0.00 on_floor=true still=6406 grounded=true support_l=1.00 support_r=1.00 yaw_rate=-0.626
tick=7440 phase=idle reason= wp=0 dist_wp=35.74 bearing_deg=-30.10 speed=0.000 pos=(-117.727,0.966,35.198) thr=0.00 steer=0.00 on_floor=true still=6436 grounded=true support_l=1.00 support_r=1.00 yaw_rate=-0.626
tick=7470 phase=idle reason= wp=0 dist_wp=35.74 bearing_deg=-30.10 speed=0.000 pos=(-117.726,0.966,35.199) thr=0.00 steer=0.00 on_floor=true still=6466 grounded=true support_l=1.00 support_r=1.00 yaw_rate=-0.626
tick=7500 phase=idle reason= wp=0 dist_wp=35.74 bearing_deg=-30.10 speed=0.000 pos=(-117.725,0.966,35.200) thr=0.00 steer=0.00 on_floor=true still=6496 grounded=true support_l=1.00 support_r=1.00 yaw_rate=-0.626
tick=7530 phase=idle reason= wp=0 dist_wp=35.74 bearing_deg=-30.10 speed=0.000 pos=(-117.724,0.966,35.201) thr=0.00 steer=0.00 on_floor=true still=6526 grounded=true support_l=1.00 support_r=1.00 yaw_rate=-0.626
tick=7560 phase=idle reason= wp=0 dist_wp=35.74 bearing_deg=-30.10 speed=0.000 pos=(-117.723,0.965,35.202) thr=0.00 steer=0.00 on_floor=true still=6556 grounded=true support_l=1.00 support_r=1.00 yaw_rate=-0.627
tick=7590 phase=idle reason= wp=0 dist_wp=35.74 bearing_deg=-30.10 speed=0.000 pos=(-117.722,0.965,35.204) thr=0.00 steer=0.00 on_floor=true still=6586 grounded=true support_l=1.00 support_r=1.00 yaw_rate=-0.627
tick=7620 phase=idle reason= wp=0 dist_wp=35.75 bearing_deg=-30.10 speed=0.000 pos=(-117.721,0.965,35.205) thr=0.00 steer=0.00 on_floor=true still=6616 grounded=true support_l=1.00 support_r=1.00 yaw_rate=-0.627
tick=7650 phase=idle reason= wp=0 dist_wp=35.75 bearing_deg=-30.10 speed=0.000 pos=(-117.720,0.965,35.206) thr=0.00 steer=0.00 on_floor=true still=6646 grounded=true support_l=1.00 support_r=1.00 yaw_rate=-0.627
tick=7680 phase=idle reason= wp=0 dist_wp=35.75 bearing_deg=-30.10 speed=0.000 pos=(-117.719,0.965,35.207) thr=0.00 steer=0.00 on_floor=true still=6676 grounded=true support_l=1.00 support_r=1.00 yaw_rate=-0.627
tick=7710 phase=idle reason= wp=0 dist_wp=35.75 bearing_deg=-30.10 speed=0.000 pos=(-117.718,0.964,35.208) thr=0.00 steer=0.00 on_floor=true still=6706 grounded=true support_l=1.00 support_r=1.00 yaw_rate=-0.627
tick=7740 phase=idle reason= wp=0 dist_wp=35.75 bearing_deg=-30.10 speed=0.000 pos=(-117.718,0.964,35.209) thr=0.00 steer=0.00 on_floor=true still=6736 grounded=true support_l=1.00 support_r=1.00 yaw_rate=-0.627
tick=7770 phase=idle reason= wp=0 dist_wp=35.75 bearing_deg=-30.10 speed=0.000 pos=(-117.717,0.964,35.210) thr=0.00 steer=0.00 on_floor=true still=6766 grounded=true support_l=1.00 support_r=1.00 yaw_rate=-0.627
tick=7800 phase=idle reason= wp=0 dist_wp=35.75 bearing_deg=-30.10 speed=0.000 pos=(-117.716,0.964,35.212) thr=0.00 steer=0.00 on_floor=true still=6796 grounded=true support_l=1.00 support_r=1.00 yaw_rate=-0.627
tick=7830 phase=idle reason= wp=0 dist_wp=35.75 bearing_deg=-30.10 speed=0.000 pos=(-117.715,0.963,35.213) thr=0.00 steer=0.00 on_floor=true still=6826 grounded=true support_l=1.00 support_r=1.00 yaw_rate=-0.627
tick=7860 phase=idle reason= wp=0 dist_wp=35.76 bearing_deg=-30.10 speed=0.000 pos=(-117.714,0.963,35.214) thr=0.00 steer=0.00 on_floor=true still=6856 grounded=true support_l=1.00 support_r=1.00 yaw_rate=-0.627
tick=7890 phase=idle reason= wp=0 dist_wp=35.76 bearing_deg=-30.10 speed=0.000 pos=(-117.713,0.963,35.215) thr=0.00 steer=0.00 on_floor=true still=6886 grounded=true support_l=1.00 support_r=1.00 yaw_rate=-0.627
tick=7920 phase=idle reason= wp=0 dist_wp=35.76 bearing_deg=-30.10 speed=0.000 pos=(-117.712,0.963,35.216) thr=0.00 steer=0.00 on_floor=true still=6916 grounded=true support_l=1.00 support_r=1.00 yaw_rate=-0.627
tick=7950 phase=idle reason= wp=0 dist_wp=35.76 bearing_deg=-30.10 speed=0.000 pos=(-117.711,0.963,35.217) thr=0.00 steer=0.00 on_floor=true still=6946 grounded=true support_l=1.00 support_r=1.00 yaw_rate=-0.627
tick=7980 phase=idle reason= wp=0 dist_wp=35.76 bearing_deg=-30.10 speed=0.000 pos=(-117.710,0.962,35.218) thr=0.00 steer=0.00 on_floor=true still=6976 grounded=true support_l=1.00 support_r=1.00 yaw_rate=-0.627
tick=8010 phase=idle reason= wp=0 dist_wp=35.76 bearing_deg=-30.10 speed=0.000 pos=(-117.709,0.962,35.220) thr=0.00 steer=0.00 on_floor=true still=7006 grounded=true support_l=1.00 support_r=1.00 yaw_rate=-0.627
tick=8040 phase=idle reason= wp=0 dist_wp=35.76 bearing_deg=-30.11 speed=0.000 pos=(-117.708,0.962,35.221) thr=0.00 steer=0.00 on_floor=true still=7036 grounded=true support_l=1.00 support_r=1.00 yaw_rate=-0.627
tick=8070 phase=idle reason= wp=0 dist_wp=35.76 bearing_deg=-30.11 speed=0.000 pos=(-117.707,0.962,35.222) thr=0.00 steer=0.00 on_floor=true still=7066 grounded=true support_l=1.00 support_r=1.00 yaw_rate=-0.627
tick=8100 phase=idle reason= wp=0 dist_wp=35.76 bearing_deg=-30.11 speed=0.000 pos=(-117.707,0.962,35.223) thr=0.00 steer=0.00 on_floor=true still=7096 grounded=true support_l=1.00 support_r=1.00 yaw_rate=-0.627
tick=8130 phase=idle reason= wp=0 dist_wp=35.77 bearing_deg=-30.11 speed=0.000 pos=(-117.706,0.961,35.224) thr=0.00 steer=0.00 on_floor=true still=7126 grounded=true support_l=1.00 support_r=1.00 yaw_rate=-0.627
tick=8160 phase=idle reason= wp=0 dist_wp=35.77 bearing_deg=-30.11 speed=0.000 pos=(-117.705,0.961,35.225) thr=0.00 steer=0.00 on_floor=true still=7156 grounded=true support_l=1.00 support_r=1.00 yaw_rate=-0.627
tick=8190 phase=idle reason= wp=0 dist_wp=35.77 bearing_deg=-30.11 speed=0.000 pos=(-117.704,0.961,35.226) thr=0.00 steer=0.00 on_floor=true still=7186 grounded=true support_l=1.00 support_r=1.00 yaw_rate=-0.627
tick=8220 phase=idle reason= wp=0 dist_wp=35.77 bearing_deg=-30.11 speed=0.000 pos=(-117.703,0.961,35.228) thr=0.00 steer=0.00 on_floor=true still=7216 grounded=true support_l=1.00 support_r=1.00 yaw_rate=-0.627
tick=8250 phase=idle reason= wp=0 dist_wp=35.77 bearing_deg=-30.11 speed=0.000 pos=(-117.702,0.960,35.229) thr=0.00 steer=0.00 on_floor=true still=7246 grounded=true support_l=1.00 support_r=1.00 yaw_rate=-0.627
tick=8280 phase=idle reason= wp=0 dist_wp=35.77 bearing_deg=-30.11 speed=0.000 pos=(-117.701,0.960,35.230) thr=0.00 steer=0.00 on_floor=true still=7276 grounded=true support_l=1.00 support_r=1.00 yaw_rate=-0.627
tick=8310 phase=idle reason= wp=0 dist_wp=35.77 bearing_deg=-30.11 speed=0.000 pos=(-117.700,0.960,35.231) thr=0.00 steer=0.00 on_floor=true still=7306 grounded=true support_l=1.00 support_r=1.00 yaw_rate=-0.627
tick=8340 phase=idle reason= wp=0 dist_wp=35.77 bearing_deg=-30.11 speed=0.000 pos=(-117.699,0.960,35.232) thr=0.00 steer=0.00 on_floor=true still=7336 grounded=true support_l=1.00 support_r=1.00 yaw_rate=-0.627
tick=8370 phase=idle reason= wp=0 dist_wp=35.78 bearing_deg=-30.11 speed=0.000 pos=(-117.698,0.960,35.233) thr=0.00 steer=0.00 on_floor=true still=7366 grounded=true support_l=1.00 support_r=1.00 yaw_rate=-0.627
tick=8400 phase=idle reason= wp=0 dist_wp=35.78 bearing_deg=-30.11 speed=0.000 pos=(-117.697,0.959,35.234) thr=0.00 steer=0.00 on_floor=true still=7396 grounded=true support_l=1.00 support_r=1.00 yaw_rate=-0.627
tick=8430 phase=idle reason= wp=0 dist_wp=35.78 bearing_deg=-30.11 speed=0.000 pos=(-117.696,0.959,35.236) thr=0.00 steer=0.00 on_floor=true still=7426 grounded=true support_l=1.00 support_r=1.00 yaw_rate=-0.627
tick=8460 phase=idle reason= wp=0 dist_wp=35.78 bearing_deg=-30.11 speed=0.000 pos=(-117.696,0.959,35.237) thr=0.00 steer=0.00 on_floor=true still=7456 grounded=true support_l=1.00 support_r=1.00 yaw_rate=-0.627
tick=8490 phase=idle reason= wp=0 dist_wp=35.78 bearing_deg=-30.11 speed=0.000 pos=(-117.695,0.959,35.238) thr=0.00 steer=0.00 on_floor=true still=7486 grounded=true support_l=1.00 support_r=1.00 yaw_rate=-0.627
tick=8520 phase=idle reason= wp=0 dist_wp=35.78 bearing_deg=-30.11 speed=0.000 pos=(-117.694,0.958,35.239) thr=0.00 steer=0.00 on_floor=true still=7516 grounded=true support_l=1.00 support_r=1.00 yaw_rate=-0.627
tick=8550 phase=idle reason= wp=0 dist_wp=35.78 bearing_deg=-30.11 speed=0.000 pos=(-117.693,0.958,35.240) thr=0.00 steer=0.00 on_floor=true still=7546 grounded=true support_l=1.00 support_r=1.00 yaw_rate=-0.627
tick=8580 phase=idle reason= wp=0 dist_wp=35.78 bearing_deg=-30.11 speed=0.000 pos=(-117.692,0.958,35.241) thr=0.00 steer=0.00 on_floor=true still=7576 grounded=true support_l=1.00 support_r=1.00 yaw_rate=-0.627
tick=8610 phase=idle reason= wp=0 dist_wp=35.79 bearing_deg=-30.11 speed=0.000 pos=(-117.691,0.958,35.243) thr=0.00 steer=0.00 on_floor=true still=7606 grounded=true support_l=1.00 support_r=1.00 yaw_rate=-0.627
tick=8640 phase=idle reason= wp=0 dist_wp=35.79 bearing_deg=-30.12 speed=0.000 pos=(-117.690,0.958,35.244) thr=0.00 steer=0.00 on_floor=true still=7636 grounded=true support_l=1.00 support_r=1.00 yaw_rate=-0.627
tick=8670 phase=idle reason= wp=0 dist_wp=35.79 bearing_deg=-30.12 speed=0.000 pos=(-117.689,0.957,35.245) thr=0.00 steer=0.00 on_floor=true still=7666 grounded=true support_l=1.00 support_r=1.00 yaw_rate=-0.627
tick=8700 phase=idle reason= wp=0 dist_wp=35.79 bearing_deg=-30.12 speed=0.000 pos=(-117.688,0.957,35.246) thr=0.00 steer=0.00 on_floor=true still=7696 grounded=true support_l=1.00 support_r=1.00 yaw_rate=-0.627
tick=8730 phase=idle reason= wp=0 dist_wp=35.79 bearing_deg=-30.12 speed=0.000 pos=(-117.687,0.957,35.247) thr=0.00 steer=0.00 on_floor=true still=7726 grounded=true support_l=1.00 support_r=1.00 yaw_rate=-0.627
tick=8760 phase=idle reason= wp=0 dist_wp=35.79 bearing_deg=-30.12 speed=0.000 pos=(-117.686,0.957,35.248) thr=0.00 steer=0.00 on_floor=true still=7756 grounded=true support_l=1.00 support_r=1.00 yaw_rate=-0.627
tick=8790 phase=idle reason= wp=0 dist_wp=35.79 bearing_deg=-30.12 speed=0.000 pos=(-117.686,0.956,35.249) thr=0.00 steer=0.00 on_floor=true still=7786 grounded=true support_l=1.00 support_r=1.00 yaw_rate=-0.627
tick=8820 phase=idle reason= wp=0 dist_wp=35.79 bearing_deg=-30.12 speed=0.000 pos=(-117.685,0.956,35.251) thr=0.00 steer=0.00 on_floor=true still=7816 grounded=true support_l=1.00 support_r=1.00 yaw_rate=-0.627
tick=8850 phase=idle reason= wp=0 dist_wp=35.80 bearing_deg=-30.12 speed=0.000 pos=(-117.684,0.956,35.252) thr=0.00 steer=0.00 on_floor=true still=7846 grounded=true support_l=1.00 support_r=1.00 yaw_rate=-0.627
tick=8880 phase=idle reason= wp=0 dist_wp=35.80 bearing_deg=-30.12 speed=0.000 pos=(-117.683,0.956,35.253) thr=0.00 steer=0.00 on_floor=true still=7876 grounded=true support_l=1.00 support_r=1.00 yaw_rate=-0.627
tick=8910 phase=idle reason= wp=0 dist_wp=35.80 bearing_deg=-30.12 speed=0.000 pos=(-117.682,0.956,35.254) thr=0.00 steer=0.00 on_floor=true still=7906 grounded=true support_l=1.00 support_r=1.00 yaw_rate=-0.627
tick=8940 phase=idle reason= wp=0 dist_wp=35.80 bearing_deg=-30.12 speed=0.000 pos=(-117.681,0.955,35.255) thr=0.00 steer=0.00 on_floor=true still=7936 grounded=true support_l=1.00 support_r=1.00 yaw_rate=-0.627
tick=8970 phase=idle reason= wp=0 dist_wp=35.80 bearing_deg=-30.12 speed=0.000 pos=(-117.680,0.955,35.256) thr=0.00 steer=0.00 on_floor=true still=7966 grounded=true support_l=1.00 support_r=1.00 yaw_rate=-0.627
