tick=0 phase=idle reason= wp=0 dist_wp=60.38 bearing_deg=179.40 speed=0.018 pos=(-120.000,0.001,60.000) thr=0.00 steer=0.00 on_floor=true still=0 grounded=true support_l=1.00 support_r=1.00 yaw_rate=0.628
tick=30 phase=idle reason= wp=0 dist_wp=60.52 bearing_deg=161.59 speed=0.569 pos=(-119.967,0.011,60.148) thr=0.00 steer=0.00 on_floor=true still=0 grounded=true support_l=1.00 support_r=1.00 yaw_rate=0.618
tick=60 phase=idle reason= wp=0 dist_wp=60.89 bearing_deg=144.23 speed=1.109 pos=(-119.765,0.011,60.520) thr=0.00 steer=0.00 on_floor=true still=0 grounded=true support_l=1.00 support_r=1.00 yaw_rate=0.608
tick=90 phase=idle reason= wp=0 dist_wp=61.37 bearing_deg=127.42 speed=1.630 pos=(-119.275,0.011,61.002) thr=0.00 steer=0.00 on_floor=true still=0 grounded=true support_l=1.00 support_r=1.00 yaw_rate=0.598
tick=120 phase=idle reason= wp=0 dist_wp=61.82 bearing_deg=111.21 speed=2.122 pos=(-118.442,0.011,61.437) thr=0.00 steer=0.00 on_floor=true still=0 grounded=true support_l=1.00 support_r=1.00 yaw_rate=0.588
tick=150 phase=idle reason= wp=0 dist_wp=62.08 bearing_deg=95.55 speed=2.580 pos=(-117.286,0.010,61.658) thr=0.00 steer=0.00 on_floor=true still=0 grounded=true support_l=1.00 support_r=1.00 yaw_rate=0.580
tick=180 phase=idle reason= wp=0 dist_wp=62.02 bearing_deg=80.35 speed=2.900 pos=(-115.904,0.007,61.521) thr=0.00 steer=0.00 on_floor=true still=0 grounded=true support_l=1.00 support_r=1.00 yaw_rate=0.573
tick=210 phase=idle reason= wp=0 dist_wp=61.57 bearing_deg=65.32 speed=3.212 pos=(-114.505,0.008,60.953) thr=0.00 steer=0.00 on_floor=true still=0 grounded=true support_l=1.00 support_r=1.00 yaw_rate=0.568
tick=240 phase=idle reason= wp=0 dist_wp=60.66 bearing_deg=50.51 speed=3.568 pos=(-113.176,0.008,59.902) thr=0.00 steer=0.00 on_floor=true still=0 grounded=true support_l=1.00 support_r=1.00 yaw_rate=0.561
tick=270 phase=idle reason= wp=0 dist_wp=59.31 bearing_deg=35.73 speed=3.859 pos=(-112.094,0.007,58.392) thr=0.00 steer=0.00 on_floor=true still=0 grounded=true support_l=1.00 support_r=1.00 yaw_rate=0.555
tick=300 phase=idle reason= wp=0 dist_wp=57.57 bearing_deg=21.88 speed=4.092 pos=(-111.416,0.005,56.526) thr=0.00 steer=0.00 on_floor=true still=0 grounded=true support_l=1.00 support_r=1.00 yaw_rate=0.426
tick=330 phase=idle reason= wp=0 dist_wp=55.57 bearing_deg=12.84 speed=4.314 pos=(-111.129,0.005,54.446) thr=0.00 steer=0.00 on_floor=true still=0 grounded=true support_l=1.00 support_r=1.00 yaw_rate=0.269
tick=360 phase=idle reason= wp=0 dist_wp=53.41 bearing_deg=6.94 speed=4.510 pos=(-111.125,0.005,52.239) thr=0.00 steer=0.00 on_floor=true still=0 grounded=true support_l=1.00 support_r=1.00 yaw_rate=0.182
tick=390 phase=idle reason= wp=0 dist_wp=51.13 bearing_deg=2.61 speed=4.710 pos=(-111.332,0.009,49.942) thr=0.00 steer=0.00 on_floor=true still=0 grounded=true support_l=1.00 support_r=1.00 yaw_rate=0.142
tick=420 phase=idle reason= wp=0 dist_wp=48.75 bearing_deg=0.05 speed=4.898 pos=(-111.710,0.017,47.567) thr=0.00 steer=0.00 on_floor=true still=0 grounded=true support_l=1.00 support_r=1.00 yaw_rate=-0.136
tick=450 phase=idle reason= wp=0 dist_wp=46.27 bearing_deg=-0.01 speed=5.032 pos=(-112.139,0.097,45.110) thr=0.00 steer=0.00 on_floor=true still=0 grounded=true support_l=1.00 support_r=1.00 yaw_rate=-0.116
tick=480 phase=idle reason= wp=0 dist_wp=43.74 bearing_deg=-0.00 speed=5.070 pos=(-112.573,0.214,42.609) thr=0.00 steer=0.00 on_floor=true still=0 grounded=true support_l=1.00 support_r=1.00 yaw_rate=-0.114
tick=510 phase=idle reason= wp=0 dist_wp=41.21 bearing_deg=-0.04 speed=4.964 pos=(-113.005,0.362,40.113) thr=0.00 steer=0.00 on_floor=true still=0 grounded=true support_l=1.00 support_r=1.00 yaw_rate=-0.074
tick=540 phase=idle reason= wp=0 dist_wp=38.75 bearing_deg=-0.20 speed=4.779 pos=(-113.427,0.617,37.699) thr=0.00 steer=0.00 on_floor=true still=0 grounded=true support_l=1.00 support_r=1.00 yaw_rate=-0.036
tick=570 phase=idle reason= wp=0 dist_wp=36.41 bearing_deg=-3.52 speed=4.430 pos=(-113.884,0.909,35.415) thr=0.00 steer=0.00 on_floor=true still=0 grounded=true support_l=1.00 support_r=1.00 yaw_rate=-0.063
tick=600 phase=idle reason= wp=0 dist_wp=34.26 bearing_deg=-9.95 speed=4.026 pos=(-114.453,1.258,33.366) thr=0.00 steer=0.00 on_floor=true still=0 grounded=true support_l=1.00 support_r=1.00 yaw_rate=-0.175
tick=630 phase=idle reason= wp=0 dist_wp=32.39 bearing_deg=-22.64 speed=3.550 pos=(-115.233,1.568,31.622) thr=0.00 steer=0.00 on_floor=true still=0 grounded=true support_l=1.00 support_r=1.00 yaw_rate=-0.408
tick=660 phase=idle reason= wp=0 dist_wp=30.89 bearing_deg=-38.72 speed=3.141 pos=(-116.240,1.819,30.263) thr=0.00 steer=0.00 on_floor=true still=0 grounded=true support_l=1.00 support_r=1.00 yaw_rate=-0.569
tick=690 phase=idle reason= wp=0 dist_wp=29.79 bearing_deg=-56.35 speed=2.936 pos=(-117.440,1.993,29.303) thr=0.00 steer=0.00 on_floor=true still=0 grounded=true support_l=1.00 support_r=1.00 yaw_rate=-0.573
tick=720 phase=idle reason= wp=0 dist_wp=29.00 bearing_deg=-65.80 speed=2.998 pos=(-118.772,2.130,28.611) thr=0.00 steer=0.00 on_floor=true still=0 grounded=true support_l=1.00 support_r=1.00 yaw_rate=-0.572
tick=750 phase=idle reason= wp=0 dist_wp=28.33 bearing_deg=-69.62 speed=3.153 pos=(-120.189,2.220,27.965) thr=0.00 steer=0.00 on_floor=true still=0 grounded=true support_l=1.00 support_r=1.00 yaw_rate=-0.569
tick=780 phase=idle reason= wp=0 dist_wp=27.71 bearing_deg=-72.57 speed=3.313 pos=(-121.683,2.299,27.299) thr=0.00 steer=0.00 on_floor=true still=0 grounded=true support_l=1.00 support_r=1.00 yaw_rate=-0.566
tick=810 phase=idle reason= wp=0 dist_wp=27.10 bearing_deg=-72.44 speed=3.495 pos=(-123.233,2.378,26.558) thr=0.00 steer=0.00 on_floor=true still=0 grounded=true support_l=1.00 support_r=1.00 yaw_rate=-0.562
tick=840 phase=idle reason= wp=0 dist_wp=26.47 bearing_deg=-72.81 speed=3.603 pos=(-124.799,2.461,25.683) thr=0.00 steer=0.00 on_floor=true still=0 grounded=true support_l=1.00 support_r=1.00 yaw_rate=-0.560
tick=870 phase=idle reason= wp=0 dist_wp=25.85 bearing_deg=-73.51 speed=3.654 pos=(-126.348,2.529,24.709) thr=0.00 steer=0.00 on_floor=true still=0 grounded=true support_l=1.00 support_r=1.00 yaw_rate=-0.559
tick=900 phase=idle reason= wp=0 dist_wp=25.24 bearing_deg=-73.40 speed=3.663 pos=(-127.846,2.621,23.633) thr=0.00 steer=0.00 on_floor=true still=0 grounded=true support_l=1.00 support_r=1.00 yaw_rate=-0.559
tick=930 phase=idle reason= wp=0 dist_wp=24.62 bearing_deg=-73.86 speed=3.620 pos=(-129.254,2.694,22.452) thr=0.00 steer=0.00 on_floor=true still=0 grounded=true support_l=1.00 support_r=1.00 yaw_rate=-0.560
tick=960 phase=idle reason= wp=0 dist_wp=24.01 bearing_deg=-74.12 speed=3.578 pos=(-130.565,2.772,21.198) thr=0.00 steer=0.00 on_floor=true still=0 grounded=true support_l=1.00 support_r=1.00 yaw_rate=-0.561
tick=990 phase=idle reason= wp=0 dist_wp=23.43 bearing_deg=-74.51 speed=3.541 pos=(-131.782,2.849,19.881) thr=0.00 steer=0.00 on_floor=true still=0 grounded=true support_l=1.00 support_r=1.00 yaw_rate=-0.561
tick=1020 phase=idle reason= wp=0 dist_wp=22.86 bearing_deg=-74.48 speed=3.515 pos=(-132.889,2.924,18.490) thr=0.00 steer=0.00 on_floor=true still=0 grounded=true support_l=1.00 support_r=1.00 yaw_rate=-0.562
tick=1050 phase=idle reason= wp=0 dist_wp=22.29 bearing_deg=-74.86 speed=3.485 pos=(-133.886,3.015,17.033) thr=0.00 steer=0.00 on_floor=true still=0 grounded=true support_l=1.00 support_r=1.00 yaw_rate=-0.562
tick=1080 phase=idle reason= wp=0 dist_wp=21.73 bearing_deg=-75.15 speed=3.462 pos=(-134.771,3.086,15.523) thr=0.00 steer=0.00 on_floor=true still=0 grounded=true support_l=1.00 support_r=1.00 yaw_rate=-0.563
tick=1110 phase=idle reason= wp=0 dist_wp=21.22 bearing_deg=-76.21 speed=3.435 pos=(-135.560,3.163,13.975) thr=0.00 steer=0.00 on_floor=true still=0 grounded=true support_l=1.00 support_r=1.00 yaw_rate=-0.563
tick=1140 phase=idle reason= wp=0 dist_wp=20.71 bearing_deg=-75.93 speed=3.425 pos=(-136.227,3.238,12.383) thr=0.00 steer=0.00 on_floor=true still=0 grounded=true support_l=1.00 support_r=1.00 yaw_rate=-0.564
tick=1170 phase=idle reason= wp=0 dist_wp=20.20 bearing_deg=-77.67 speed=3.399 pos=(-136.764,3.329,10.747) thr=0.00 steer=0.00 on_floor=true still=0 grounded=true support_l=1.00 support_r=1.00 yaw_rate=-0.564
tick=1200 phase=idle reason= wp=0 dist_wp=19.76 bearing_deg=-77.89 speed=3.398 pos=(-137.217,3.390,9.099) thr=0.00 steer=0.00 on_floor=true still=0 grounded=true support_l=1.00 support_r=1.00 yaw_rate=-0.564
tick=1230 phase=idle reason= wp=0 dist_wp=19.30 bearing_deg=-78.07 speed=3.392 pos=(-137.514,3.462,7.411) thr=0.00 steer=0.00 on_floor=true still=0 grounded=true support_l=1.00 support_r=1.00 yaw_rate=-0.564
tick=1260 phase=idle reason= wp=0 dist_wp=18.89 bearing_deg=-80.34 speed=3.365 pos=(-137.712,3.528,5.720) thr=0.00 steer=0.00 on_floor=true still=0 grounded=true support_l=1.00 support_r=1.00 yaw_rate=-0.565
tick=1290 phase=idle reason= wp=0 dist_wp=18.48 bearing_deg=-80.11 speed=3.374 pos=(-137.763,3.602,4.021) thr=0.00 steer=0.00 on_floor=true still=0 grounded=true support_l=1.00 support_r=1.00 yaw_rate=-0.564
tick=1320 phase=idle reason= wp=0 dist_wp=18.10 bearing_deg=-82.40 speed=3.352 pos=(-137.692,3.685,2.323) thr=0.00 steer=0.00 on_floor=true still=0 grounded=true support_l=1.00 support_r=1.00 yaw_rate=-0.565
tick=1350 phase=idle reason= wp=0 dist_wp=17.77 bearing_deg=-81.71 speed=3.370 pos=(-137.511,3.743,0.643) thr=0.00 steer=0.00 on_floor=true still=0 grounded=true support_l=1.00 support_r=1.00 yaw_rate=-0.565
tick=1380 phase=idle reason= wp=0 dist_wp=17.45 bearing_deg=-83.34 speed=3.358 pos=(-137.172,3.822,-1.021) thr=0.00 steer=0.00 on_floor=true still=0 grounded=true support_l=1.00 support_r=1.00 yaw_rate=-0.565
tick=1410 phase=idle reason= wp=0 dist_wp=17.18 bearing_deg=-84.91 speed=3.350 pos=(-136.737,3.873,-2.653) thr=0.00 steer=0.00 on_floor=true still=0 grounded=true support_l=1.00 support_r=1.00 yaw_rate=-0.565
tick=1440 phase=idle reason= wp=0 dist_wp=16.92 bearing_deg=-85.21 speed=3.358 pos=(-136.147,3.958,-4.238) thr=0.00 steer=0.00 on_floor=true still=0 grounded=true support_l=1.00 support_r=1.00 yaw_rate=-0.565
tick=1470 phase=idle reason= wp=0 dist_wp=16.70 bearing_deg=-87.00 speed=3.345 pos=(-135.435,4.010,-5.773) thr=0.00 steer=0.00 on_floor=true still=0 grounded=true support_l=1.00 support_r=1.00 yaw_rate=-0.565
tick=1500 phase=idle reason= wp=0 dist_wp=16.52 bearing_deg=-87.69 speed=3.350 pos=(-134.613,4.091,-7.245) thr=0.00 steer=0.00 on_floor=true still=0 grounded=true support_l=1.00 support_r=1.00 yaw_rate=-0.565
tick=1530 phase=idle reason= wp=0 dist_wp=16.36 bearing_deg=-88.68 speed=3.351 pos=(-133.654,4.168,-8.637) thr=0.00 steer=0.00 on_floor=true still=0 grounded=true support_l=1.00 support_r=1.00 yaw_rate=-0.565
tick=1560 phase=idle reason= wp=0 dist_wp=16.24 bearing_deg=-90.00 speed=3.348 pos=(-132.589,4.228,-9.947) thr=0.00 steer=0.00 on_floor=true still=0 grounded=true support_l=1.00 support_r=1.00 yaw_rate=-0.565
tick=1590 phase=idle reason= wp=0 dist_wp=16.15 bearing_deg=-91.53 speed=3.341 pos=(-131.420,4.303,-11.163) thr=0.00 steer=0.00 on_floor=true still=0 grounded=true support_l=1.00 support_r=1.00 yaw_rate=-0.565
tick=1620 phase=idle reason= wp=0 dist_wp=16.10 bearing_deg=-91.63 speed=3.353 pos=(-130.148,4.370,-12.270) thr=0.00 steer=0.00 on_floor=true still=0 grounded=true support_l=1.00 support_r=1.00 yaw_rate=-0.565
tick=1650 phase=idle reason= wp=0 dist_wp=16.06 bearing_deg=-92.76 speed=3.351 pos=(-128.776,4.449,-13.255) thr=0.00 steer=0.00 on_floor=true still=0 grounded=true support_l=1.00 support_r=1.00 yaw_rate=-0.565
tick=1680 phase=idle reason= wp=0 dist_wp=16.05 bearing_deg=-93.87 speed=3.366 pos=(-127.316,4.511,-14.112) thr=0.00 steer=0.00 on_floor=true still=0 grounded=true support_l=1.00 support_r=1.00 yaw_rate=-0.565
tick=1710 phase=idle reason= wp=0 dist_wp=16.08 bearing_deg=-94.45 speed=3.435 pos=(-125.776,4.562,-14.851) thr=0.00 steer=0.00 on_floor=true still=0 grounded=true support_l=1.00 support_r=1.00 yaw_rate=-0.563
tick=1740 phase=idle reason= wp=0 dist_wp=16.12 bearing_deg=-95.23 speed=3.542 pos=(-124.123,4.653,-15.448) thr=0.00 steer=0.00 on_floor=true still=0 grounded=true support_l=1.00 support_r=1.00 yaw_rate=-0.561
tick=1770 phase=idle reason= wp=0 dist_wp=16.21 bearing_deg=-96.97 speed=3.675 pos=(-122.367,4.714,-15.910) thr=0.00 steer=0.00 on_floor=true still=0 grounded=true support_l=1.00 support_r=1.00 yaw_rate=-0.559
tick=1800 phase=idle reason= wp=0 dist_wp=16.33 bearing_deg=-96.30 speed=3.871 pos=(-120.493,4.794,-16.207) thr=0.00 steer=0.00 on_floor=true still=0 grounded=true support_l=1.00 support_r=1.00 yaw_rate=-0.555
tick=1830 phase=idle reason= wp=0 dist_wp=16.47 bearing_deg=-97.97 speed=4.017 pos=(-118.507,4.868,-16.293) thr=0.00 steer=0.00 on_floor=true still=0 grounded=true support_l=1.00 support_r=1.00 yaw_rate=-0.552
tick=1860 phase=idle reason= wp=0 dist_wp=16.65 bearing_deg=-96.97 speed=4.171 pos=(-116.455,4.929,-16.165) thr=0.00 steer=0.00 on_floor=true still=0 grounded=true support_l=1.00 support_r=1.00 yaw_rate=-0.549
tick=1890 phase=idle reason= wp=0 dist_wp=16.82 bearing_deg=-98.20 speed=4.199 pos=(-114.387,5.005,-15.758) thr=0.00 steer=0.00 on_floor=true still=0 grounded=true support_l=1.00 support_r=1.00 yaw_rate=-0.549
tick=1920 phase=idle reason= wp=0 dist_wp=17.00 bearing_deg=-96.26 speed=4.219 pos=(-112.381,5.053,-15.102) thr=0.00 steer=0.00 on_floor=true still=0 grounded=true support_l=1.00 support_r=1.00 yaw_rate=-0.548
tick=1950 phase=idle reason= wp=0 dist_wp=17.13 bearing_deg=-96.90 speed=4.134 pos=(-110.500,5.126,-14.162) thr=0.00 steer=0.00 on_floor=true still=0 grounded=true support_l=1.00 support_r=1.00 yaw_rate=-0.550
tick=1980 phase=idle reason= wp=0 dist_wp=17.25 bearing_deg=-95.05 speed=4.078 pos=(-108.785,5.184,-13.020) thr=0.00 steer=0.00 on_floor=true still=0 grounded=true support_l=1.00 support_r=1.00 yaw_rate=-0.551
tick=2010 phase=idle reason= wp=0 dist_wp=17.32 bearing_deg=-93.99 speed=4.017 pos=(-107.275,5.252,-11.660) thr=0.00 steer=0.00 on_floor=true still=0 grounded=true support_l=1.00 support_r=1.00 yaw_rate=-0.552
tick=2040 phase=idle reason= wp=0 dist_wp=17.34 bearing_deg=-92.20 speed=3.969 pos=(-105.990,5.279,-10.120) thr=0.00 steer=0.00 on_floor=true still=0 grounded=true support_l=1.00 support_r=1.00 yaw_rate=-0.553
tick=2070 phase=idle reason= wp=0 dist_wp=17.31 bearing_deg=-90.63 speed=3.921 pos=(-104.946,5.369,-8.438) thr=0.00 steer=0.00 on_floor=true still=0 grounded=true support_l=1.00 support_r=1.00 yaw_rate=-0.554
tick=2100 phase=idle reason= wp=0 dist_wp=17.23 bearing_deg=-90.34 speed=3.854 pos=(-104.153,5.445,-6.649) thr=0.00 steer=0.00 on_floor=true still=0 grounded=true support_l=1.00 support_r=1.00 yaw_rate=-0.555
tick=2130 phase=idle reason= wp=0 dist_wp=17.12 bearing_deg=-87.08 speed=3.840 pos=(-103.612,5.498,-4.800) thr=0.00 steer=0.00 on_floor=true still=0 grounded=true support_l=1.00 support_r=1.00 yaw_rate=-0.556
tick=2160 phase=idle reason= wp=0 dist_wp=16.90 bearing_deg=-85.48 speed=3.798 pos=(-103.388,5.560,-2.891) thr=0.00 steer=0.00 on_floor=true still=0 grounded=true support_l=1.00 support_r=1.00 yaw_rate=-0.556
tick=2190 phase=idle reason= wp=0 dist_wp=16.67 bearing_deg=-83.24 speed=3.771 pos=(-103.400,5.614,-0.997) thr=0.00 steer=0.00 on_floor=true still=0 grounded=true support_l=1.00 support_r=1.00 yaw_rate=-0.557
tick=2220 phase=idle reason= wp=0 dist_wp=16.31 bearing_deg=-80.81 speed=3.747 pos=(-103.742,5.672,0.863) thr=0.00 steer=0.00 on_floor=true still=0 grounded=true support_l=1.00 support_r=1.00 yaw_rate=-0.557
tick=2250 phase=idle reason= wp=0 dist_wp=15.93 bearing_deg=-79.27 speed=3.710 pos=(-104.323,5.712,2.642) thr=0.00 steer=0.00 on_floor=true still=0 grounded=true support_l=1.00 support_r=1.00 yaw_rate=-0.558
tick=2280 phase=idle reason= wp=0 dist_wp=15.44 bearing_deg=-75.61 speed=3.710 pos=(-105.199,5.774,4.289) thr=0.00 steer=0.00 on_floor=true still=0 grounded=true support_l=1.00 support_r=1.00 yaw_rate=-0.558
tick=2310 phase=idle reason= wp=0 dist_wp=14.88 bearing_deg=-73.66 speed=3.682 pos=(-106.318,5.803,5.772) thr=0.00 steer=0.00 on_floor=true still=0 grounded=true support_l=1.00 support_r=1.00 yaw_rate=-0.559
tick=2340 phase=idle reason= wp=0 dist_wp=14.25 bearing_deg=-71.33 speed=3.663 pos=(-107.644,5.884,7.055) thr=0.00 steer=0.00 on_floor=true still=0 grounded=true support_l=1.00 support_r=1.00 yaw_rate=-0.559
tick=2370 phase=idle reason= wp=0 dist_wp=13.57 bearing_deg=-69.32 speed=3.638 pos=(-109.149,5.946,8.105) thr=0.00 steer=0.00 on_floor=true still=0 grounded=true support_l=1.00 support_r=1.00 yaw_rate=-0.559
tick=2400 phase=idle reason= wp=0 dist_wp=12.80 bearing_deg=-65.44 speed=3.658 pos=(-110.810,5.994,8.875) thr=0.00 steer=0.00 on_floor=true still=0 grounded=true support_l=1.00 support_r=1.00 yaw_rate=-0.559
tick=2430 phase=idle reason= wp=0 dist_wp=11.92 bearing_deg=-62.38 speed=3.669 pos=(-112.597,6.041,9.313) thr=0.00 steer=0.00 on_floor=true still=0 grounded=true support_l=1.00 support_r=1.00 yaw_rate=-0.559
tick=2460 phase=idle reason= wp=0 dist_wp=10.99 bearing_deg=-61.29 speed=3.720 pos=(-114.446,6.068,9.462) thr=0.00 steer=0.00 on_floor=true still=0 grounded=true support_l=1.00 support_r=1.00 yaw_rate=-0.558
tick=2490 phase=idle reason= wp=0 dist_wp=9.96 bearing_deg=-57.87 speed=3.862 pos=(-116.336,6.137,9.240) thr=0.00 steer=0.00 on_floor=true still=0 grounded=true support_l=1.00 support_r=1.00 yaw_rate=-0.555
tick=2520 phase=idle reason= wp=0 dist_wp=8.85 bearing_deg=-57.75 speed=4.004 pos=(-118.218,6.155,8.649) thr=0.00 steer=0.00 on_floor=true still=0 grounded=true support_l=1.00 support_r=1.00 yaw_rate=-0.553
tick=2550 phase=idle reason= wp=0 dist_wp=7.69 bearing_deg=-57.20 speed=4.204 pos=(-120.025,6.218,7.671) thr=0.00 steer=0.00 on_floor=true still=0 grounded=true support_l=1.00 support_r=1.00 yaw_rate=-0.549
tick=2580 phase=idle reason= wp=0 dist_wp=6.47 bearing_deg=-58.38 speed=4.393 pos=(-121.637,6.202,6.242) thr=0.00 steer=0.00 on_floor=true still=0 grounded=true support_l=1.00 support_r=1.00 yaw_rate=-0.545
tick=2610 phase=idle reason= wp=0 dist_wp=5.32 bearing_deg=-63.62 speed=4.564 pos=(-122.935,6.265,4.418) thr=0.00 steer=0.00 on_floor=true still=0 grounded=true support_l=1.00 support_r=1.00 yaw_rate=-0.542
tick=2640 phase=idle reason= wp=0 dist_wp=4.44 bearing_deg=-75.98 speed=4.676 pos=(-123.794,6.282,2.268) thr=0.00 steer=0.00 on_floor=true still=0 grounded=true support_l=1.00 support_r=1.00 yaw_rate=-0.540
tick=2670 phase=idle reason= wp=0 dist_wp=4.12 bearing_deg=-91.99 speed=4.817 pos=(-124.099,6.294,-0.077) thr=0.00 steer=0.00 on_floor=true still=0 grounded=true support_l=1.00 support_r=1.00 yaw_rate=-0.537
tick=2700 phase=idle reason= wp=0 dist_wp=4.53 bearing_deg=-109.34 speed=4.924 pos=(-123.758,6.273,-2.485) thr=0.00 steer=0.00 on_floor=true still=0 grounded=true support_l=1.00 support_r=1.00 yaw_rate=-0.535
tick=2730 phase=idle reason= wp=0 dist_wp=5.50 bearing_deg=-118.73 speed=5.077 pos=(-122.727,6.266,-4.749) thr=0.00 steer=0.00 on_floor=true still=0 grounded=true support_l=1.00 support_r=1.00 yaw_rate=-0.532
tick=2760 phase=idle reason= wp=0 dist_wp=6.79 bearing_deg=-123.46 speed=5.206 pos=(-121.051,6.238,-6.686) thr=0.00 steer=0.00 on_floor=true still=0 grounded=true support_l=1.00 support_r=1.00 yaw_rate=-0.530
tick=2790 phase=idle reason= wp=0 dist_wp=8.20 bearing_deg=-124.17 speed=5.318 pos=(-118.843,6.235,-8.101) thr=0.00 steer=0.00 on_floor=true still=0 grounded=true support_l=1.00 support_r=1.00 yaw_rate=-0.528
tick=2820 phase=idle reason= wp=0 dist_wp=9.60 bearing_deg=-120.94 speed=5.435 pos=(-116.272,6.202,-8.828) thr=0.00 steer=0.00 on_floor=true still=0 grounded=true support_l=1.00 support_r=1.00 yaw_rate=-0.525
tick=2850 phase=idle reason= wp=0 dist_wp=10.87 bearing_deg=-117.56 speed=5.425 pos=(-113.569,6.159,-8.745) thr=0.00 steer=0.00 on_floor=true still=0 grounded=true support_l=1.00 support_r=1.00 yaw_rate=-0.526
tick=2880 phase=idle reason= wp=0 dist_wp=11.91 bearing_deg=-111.60 speed=5.378 pos=(-111.039,6.142,-7.829) thr=0.00 steer=0.00 on_floor=true still=0 grounded=true support_l=1.00 support_r=1.00 yaw_rate=-0.526
tick=2910 phase=idle reason= wp=0 dist_wp=12.70 bearing_deg=-106.00 speed=5.278 pos=(-108.938,6.087,-6.215) thr=0.00 steer=0.00 on_floor=true still=0 grounded=true support_l=1.00 support_r=1.00 yaw_rate=-0.528
tick=2940 phase=idle reason= wp=0 dist_wp=13.24 bearing_deg=-100.21 speed=5.185 pos=(-107.428,6.103,-4.100) thr=0.00 steer=0.00 on_floor=true still=0 grounded=true support_l=1.00 support_r=1.00 yaw_rate=-0.530
tick=2970 phase=idle reason= wp=0 dist_wp=13.51 bearing_deg=-95.63 speed=5.075 pos=(-106.606,6.087,-1.677) thr=0.00 steer=0.00 on_floor=true still=0 grounded=true support_l=1.00 support_r=1.00 yaw_rate=-0.532
tick=3000 phase=idle reason= wp=0 dist_wp=13.55 bearing_deg=-89.71 speed=5.003 pos=(-106.495,6.082,0.831) thr=0.00 steer=0.00 on_floor=true still=0 grounded=true support_l=1.00 support_r=1.00 yaw_rate=-0.534
tick=3030 phase=idle reason= wp=0 dist_wp=13.38 bearing_deg=-84.86 speed=4.919 pos=(-107.033,6.097,3.240) thr=0.00 steer=0.00 on_floor=true still=0 grounded=true support_l=1.00 support_r=1.00 yaw_rate=-0.535
tick=3060 phase=idle reason= wp=0 dist_wp=13.00 bearing_deg=-80.89 speed=4.830 pos=(-108.186,6.100,5.384) thr=0.00 steer=0.00 on_floor=true still=0 grounded=true support_l=1.00 support_r=1.00 yaw_rate=-0.537
tick=3090 phase=idle reason= wp=0 dist_wp=12.44 bearing_deg=-75.78 speed=4.776 pos=(-109.827,6.088,7.130) thr=0.00 steer=0.00 on_floor=true still=0 grounded=true support_l=1.00 support_r=1.00 yaw_rate=-0.538
tick=3120 phase=idle reason= wp=0 dist_wp=11.72 bearing_deg=-71.58 speed=4.716 pos=(-111.833,6.125,8.381) thr=0.00 steer=0.00 on_floor=true still=0 grounded=true support_l=1.00 support_r=1.00 yaw_rate=-0.539
tick=3150 phase=idle reason= wp=0 dist_wp=10.84 bearing_deg=-68.76 speed=4.704 pos=(-114.086,6.125,9.060) thr=0.00 steer=0.00 on_floor=true still=0 grounded=true support_l=1.00 support_r=1.00 yaw_rate=-0.539
tick=3180 phase=idle reason= wp=0 dist_wp=9.83 bearing_deg=-64.88 speed=4.785 pos=(-116.449,6.161,9.150) thr=0.00 steer=0.00 on_floor=true still=0 grounded=true support_l=1.00 support_r=1.00 yaw_rate=-0.538
tick=3210 phase=idle reason= wp=0 dist_wp=8.74 bearing_deg=-64.33 speed=4.892 pos=(-118.807,6.162,8.644) thr=0.00 steer=0.00 on_floor=true still=0 grounded=true support_l=1.00 support_r=1.00 yaw_rate=-0.536
tick=3240 phase=idle reason= wp=0 dist_wp=7.60 bearing_deg=-64.53 speed=5.029 pos=(-121.009,6.170,7.515) thr=0.00 steer=0.00 on_floor=true still=0 grounded=true support_l=1.00 support_r=1.00 yaw_rate=-0.533
tick=3270 phase=idle reason= wp=0 dist_wp=6.51 bearing_deg=-67.94 speed=5.146 pos=(-122.885,6.141,5.805) thr=0.00 steer=0.00 on_floor=true still=0 grounded=true support_l=1.00 support_r=1.00 yaw_rate=-0.531
tick=3300 phase=idle reason= wp=0 dist_wp=5.64 bearing_deg=-75.93 speed=5.206 pos=(-124.278,6.168,3.634) thr=0.00 steer=0.00 on_floor=true still=0 grounded=true support_l=1.00 support_r=1.00 yaw_rate=-0.530
tick=3330 phase=idle reason= wp=0 dist_wp=5.19 bearing_deg=-87.31 speed=5.258 pos=(-125.034,6.160,1.139) thr=0.00 steer=0.00 on_floor=true still=0 grounded=true support_l=1.00 support_r=1.00 yaw_rate=-0.529
tick=3360 phase=idle reason= wp=0 dist_wp=5.29 bearing_deg=-100.51 speed=5.269 pos=(-125.046,6.168,-1.486) thr=0.00 steer=0.00 on_floor=true still=0 grounded=true support_l=1.00 support_r=1.00 yaw_rate=-0.529
tick=3390 phase=idle reason= wp=0 dist_wp=5.94 bearing_deg=-110.39 speed=5.306 pos=(-124.341,6.140,-4.018) thr=0.00 steer=0.00 on_floor=true still=0 grounded=true support_l=1.00 support_r=1.00 yaw_rate=-0.528
tick=3420 phase=idle reason= wp=0 dist_wp=6.94 bearing_deg=-115.98 speed=5.364 pos=(-122.928,6.100,-6.266) thr=0.00 steer=0.00 on_floor=true still=0 grounded=true support_l=1.00 support_r=1.00 yaw_rate=-0.527
tick=3450 phase=idle reason= wp=0 dist_wp=8.13 bearing_deg=-118.68 speed=5.437 pos=(-120.917,6.119,-8.055) thr=0.00 steer=0.00 on_floor=true still=0 grounded=true support_l=1.00 support_r=1.00 yaw_rate=-0.526
tick=3480 phase=idle reason= wp=0 dist_wp=9.35 bearing_deg=-118.25 speed=5.510 pos=(-118.440,6.105,-9.202) thr=0.00 steer=0.00 on_floor=true still=0 grounded=true support_l=1.00 support_r=1.00 yaw_rate=-0.524
tick=3510 phase=idle reason= wp=0 dist_wp=10.55 bearing_deg=-115.44 speed=5.556 pos=(-115.715,6.070,-9.613) thr=0.00 steer=0.00 on_floor=true still=0 grounded=true support_l=1.00 support_r=1.00 yaw_rate=-0.523
tick=3540 phase=idle reason= wp=0 dist_wp=11.62 bearing_deg=-112.34 speed=5.502 pos=(-112.989,6.073,-9.243) thr=0.00 steer=0.00 on_floor=true still=0 grounded=true support_l=1.00 support_r=1.00 yaw_rate=-0.524
tick=3570 phase=idle reason= wp=0 dist_wp=12.49 bearing_deg=-109.08 speed=5.365 pos=(-110.522,6.077,-8.110) thr=0.00 steer=0.00 on_floor=true still=0 grounded=true support_l=1.00 support_r=1.00 yaw_rate=-0.527
tick=3600 phase=idle reason= wp=0 dist_wp=13.17 bearing_deg=-103.82 speed=5.250 pos=(-108.512,6.029,-6.395) thr=0.00 steer=0.00 on_floor=true still=0 grounded=true support_l=1.00 support_r=1.00 yaw_rate=-0.529
tick=3630 phase=idle reason= wp=0 dist_wp=13.59 bearing_deg=-98.04 speed=5.153 pos=(-107.101,6.052,-4.227) thr=0.00 steer=0.00 on_floor=true still=0 grounded=true support_l=1.00 support_r=1.00 yaw_rate=-0.531
tick=3660 phase=idle reason= wp=0 dist_wp=13.79 bearing_deg=-94.48 speed=5.023 pos=(-106.349,6.029,-1.798) thr=0.00 steer=0.00 on_floor=true still=0 grounded=true support_l=1.00 support_r=1.00 yaw_rate=-0.533
tick=3690 phase=idle reason= wp=0 dist_wp=13.77 bearing_deg=-88.63 speed=4.951 pos=(-106.264,6.049,0.686) thr=0.00 steer=0.00 on_floor=true still=0 grounded=true support_l=1.00 support_r=1.00 yaw_rate=-0.535
tick=3720 phase=idle reason= wp=0 dist_wp=13.57 bearing_deg=-84.30 speed=4.860 pos=(-106.797,6.073,3.069) thr=0.00 steer=0.00 on_floor=true still=0 grounded=true support_l=1.00 support_r=1.00 yaw_rate=-0.536
tick=3750 phase=idle reason= wp=0 dist_wp=13.16 bearing_deg=-80.49 speed=4.771 pos=(-107.922,6.097,5.197) thr=0.00 steer=0.00 on_floor=true still=0 grounded=true support_l=1.00 support_r=1.00 yaw_rate=-0.538
tick=3780 phase=idle reason= wp=0 dist_wp=12.61 bearing_deg=-75.82 speed=4.712 pos=(-109.505,6.083,6.956) thr=0.00 steer=0.00 on_floor=true still=0 grounded=true support_l=1.00 support_r=1.00 yaw_rate=-0.539
tick=3810 phase=idle reason= wp=0 dist_wp=11.89 bearing_deg=-71.73 speed=4.652 pos=(-111.451,6.118,8.248) thr=0.00 steer=0.00 on_floor=true still=0 grounded=true support_l=1.00 support_r=1.00 yaw_rate=-0.540
tick=3840 phase=idle reason= wp=0 dist_wp=11.02 bearing_deg=-68.43 speed=4.637 pos=(-113.650,6.119,8.984) thr=0.00 steer=0.00 on_floor=true still=0 grounded=true support_l=1.00 support_r=1.00 yaw_rate=-0.541
tick=3870 phase=idle reason= wp=0 dist_wp=10.03 bearing_deg=-64.80 speed=4.709 pos=(-115.970,6.161,9.169) thr=0.00 steer=0.00 on_floor=true still=0 grounded=true support_l=1.00 support_r=1.00 yaw_rate=-0.539
tick=3900 phase=idle reason= wp=0 dist_wp=8.94 bearing_deg=-64.42 speed=4.794 pos=(-118.308,6.154,8.765) thr=0.00 steer=0.00 on_floor=true still=0 grounded=true support_l=1.00 support_r=1.00 yaw_rate=-0.538
tick=3930 phase=idle reason= wp=0 dist_wp=7.81 bearing_deg=-63.84 speed=4.946 pos=(-120.526,6.176,7.770) thr=0.00 steer=0.00 on_floor=true still=0 grounded=true support_l=1.00 support_r=1.00 yaw_rate=-0.535
tick=3960 phase=idle reason= wp=0 dist_wp=6.68 bearing_deg=-66.38 speed=5.074 pos=(-122.461,6.135,6.187) thr=0.00 steer=0.00 on_floor=true still=0 grounded=true support_l=1.00 support_r=1.00 yaw_rate=-0.532
tick=3990 phase=idle reason= wp=0 dist_wp=5.74 bearing_deg=-73.81 speed=5.145 pos=(-123.957,6.183,4.119) thr=0.00 steer=0.00 on_floor=true still=0 grounded=true support_l=1.00 support_r=1.00 yaw_rate=-0.531
tick=4020 phase=idle reason= wp=0 dist_wp=5.18 bearing_deg=-84.96 speed=5.208 pos=(-124.854,6.141,1.698) thr=0.00 steer=0.00 on_floor=true still=0 grounded=true support_l=1.00 support_r=1.00 yaw_rate=-0.530
tick=4050 phase=idle reason= wp=0 dist_wp=5.15 bearing_deg=-97.40 speed=5.248 pos=(-125.038,6.173,-0.899) thr=0.00 steer=0.00 on_floor=true still=0 grounded=true support_l=1.00 support_r=1.00 yaw_rate=-0.529
tick=4080 phase=idle reason= wp=0 dist_wp=5.70 bearing_deg=-108.54 speed=5.278 pos=(-124.499,6.148,-3.457) thr=0.00 steer=0.00 on_floor=true still=0 grounded=true support_l=1.00 support_r=1.00 yaw_rate=-0.528
tick=4110 phase=idle reason= wp=0 dist_wp=6.65 bearing_deg=-115.28 speed=5.339 pos=(-123.232,6.111,-5.775) thr=0.00 steer=0.00 on_floor=true still=0 grounded=true support_l=1.00 support_r=1.00 yaw_rate=-0.527
tick=4140 phase=idle reason= wp=0 dist_wp=7.81 bearing_deg=-118.76 speed=5.409 pos=(-121.336,6.105,-7.667) thr=0.00 steer=0.00 on_floor=true still=0 grounded=true support_l=1.00 support_r=1.00 yaw_rate=-0.526
tick=4170 phase=idle reason= wp=0 dist_wp=9.04 bearing_deg=-118.34 speed=5.496 pos=(-118.952,6.113,-8.963) thr=0.00 steer=0.00 on_floor=true still=0 grounded=true support_l=1.00 support_r=1.00 yaw_rate=-0.524
tick=4200 phase=idle reason= wp=0 dist_wp=10.27 bearing_deg=-116.29 speed=5.552 pos=(-116.265,6.080,-9.541) thr=0.00 steer=0.00 on_floor=true still=0 grounded=true support_l=1.00 support_r=1.00 yaw_rate=-0.523
tick=4230 phase=idle reason= wp=0 dist_wp=11.38 bearing_deg=-113.86 speed=5.498 pos=(-113.519,6.073,-9.327) thr=0.00 steer=0.00 on_floor=true still=0 grounded=true support_l=1.00 support_r=1.00 yaw_rate=-0.524
tick=4260 phase=idle reason= wp=0 dist_wp=12.29 bearing_deg=-109.46 speed=5.402 pos=(-110.986,6.077,-8.336) thr=0.00 steer=0.00 on_floor=true still=0 grounded=true support_l=1.00 support_r=1.00 yaw_rate=-0.526
tick=4290 phase=idle reason= wp=0 dist_wp=13.02 bearing_deg=-104.71 speed=5.277 pos=(-108.872,6.049,-6.730) thr=0.00 steer=0.00 on_floor=true still=0 grounded=true support_l=1.00 support_r=1.00 yaw_rate=-0.528
tick=4320 phase=idle reason= wp=0 dist_wp=13.51 bearing_deg=-99.24 speed=5.172 pos=(-107.334,6.057,-4.638) thr=0.00 steer=0.00 on_floor=true still=0 grounded=true support_l=1.00 support_r=1.00 yaw_rate=-0.530
tick=4350 phase=idle reason= wp=0 dist_wp=13.74 bearing_deg=-95.24 speed=5.049 pos=(-106.464,6.051,-2.238) thr=0.00 steer=0.00 on_floor=true still=0 grounded=true support_l=1.00 support_r=1.00 yaw_rate=-0.533
tick=4380 phase=idle reason= wp=0 dist_wp=13.77 bearing_deg=-89.59 speed=4.971 pos=(-106.249,6.050,0.247) thr=0.00 steer=0.00 on_floor=true still=0 grounded=true support_l=1.00 support_r=1.00 yaw_rate=-0.534
tick=4410 phase=idle reason= wp=0 dist_wp=13.61 bearing_deg=-85.76 speed=4.868 pos=(-106.670,6.062,2.664) thr=0.00 steer=0.00 on_floor=true still=0 grounded=true support_l=1.00 support_r=1.00 yaw_rate=-0.536
tick=4440 phase=idle reason= wp=0 dist_wp=13.24 bearing_deg=-80.91 speed=4.797 pos=(-107.697,6.091,4.848) thr=0.00 steer=0.00 on_floor=true still=0 grounded=true support_l=1.00 support_r=1.00 yaw_rate=-0.537
tick=4470 phase=idle reason= wp=0 dist_wp=12.72 bearing_deg=-76.62 speed=4.728 pos=(-109.202,6.081,6.685) thr=0.00 steer=0.00 on_floor=true still=0 grounded=true support_l=1.00 support_r=1.00 yaw_rate=-0.539
tick=4500 phase=idle reason= wp=0 dist_wp=12.03 bearing_deg=-72.90 speed=4.658 pos=(-111.096,6.119,8.067) thr=0.00 steer=0.00 on_floor=true still=0 grounded=true support_l=1.00 support_r=1.00 yaw_rate=-0.540
tick=4530 phase=idle reason= wp=0 dist_wp=11.18 bearing_deg=-68.67 speed=4.644 pos=(-113.262,6.130,8.900) thr=0.00 steer=0.00 on_floor=true still=0 grounded=true support_l=1.00 support_r=1.00 yaw_rate=-0.540
tick=4560 phase=idle reason= wp=0 dist_wp=10.22 bearing_deg=-65.21 speed=4.704 pos=(-115.569,6.156,9.190) thr=0.00 steer=0.00 on_floor=true still=0 grounded=true support_l=1.00 support_r=1.00 yaw_rate=-0.539
tick=4590 phase=idle reason= wp=0 dist_wp=9.14 bearing_deg=-64.55 speed=4.776 pos=(-117.916,6.155,8.878) thr=0.00 steer=0.00 on_floor=true still=0 grounded=true support_l=1.00 support_r=1.00 yaw_rate=-0.538
tick=4620 phase=idle reason= wp=0 dist_wp=8.01 bearing_deg=-63.95 speed=4.923 pos=(-120.168,6.177,7.990) thr=0.00 steer=0.00 on_floor=true still=0 grounded=true support_l=1.00 support_r=1.00 yaw_rate=-0.535
tick=4650 phase=idle reason= wp=0 dist_wp=6.88 bearing_deg=-65.66 speed=5.059 pos=(-122.165,6.147,6.502) thr=0.00 steer=0.00 on_floor=true still=0 grounded=true support_l=1.00 support_r=1.00 yaw_rate=-0.533
tick=4680 phase=idle reason= wp=0 dist_wp=5.89 bearing_deg=-72.21 speed=5.140 pos=(-123.749,6.178,4.507) thr=0.00 steer=0.00 on_floor=true still=0 grounded=true support_l=1.00 support_r=1.00 yaw_rate=-0.531
tick=4710 phase=idle reason= wp=0 dist_wp=5.24 bearing_deg=-82.79 speed=5.201 pos=(-124.756,6.163,2.134) thr=0.00 steer=0.00 on_floor=true still=0 grounded=true support_l=1.00 support_r=1.00 yaw_rate=-0.530
tick=4740 phase=idle reason= wp=0 dist_wp=5.12 bearing_deg=-94.94 speed=5.248 pos=(-125.067,6.172,-0.448) thr=0.00 steer=0.00 on_floor=true still=0 grounded=true support_l=1.00 support_r=1.00 yaw_rate=-0.529
tick=4770 phase=idle reason= wp=0 dist_wp=5.58 bearing_deg=-107.02 speed=5.263 pos=(-124.653,6.150,-3.029) thr=0.00 steer=0.00 on_floor=true still=0 grounded=true support_l=1.00 support_r=1.00 yaw_rate=-0.529
tick=4800 phase=idle reason= wp=0 dist_wp=6.46 bearing_deg=-114.65 speed=5.322 pos=(-123.502,6.144,-5.401) thr=0.00 steer=0.00 on_floor=true still=0 grounded=true support_l=1.00 support_r=1.00 yaw_rate=-0.528
tick=4830 phase=idle reason= wp=0 dist_wp=7.60 bearing_deg=-118.12 speed=5.400 pos=(-121.706,6.102,-7.376) thr=0.00 steer=0.00 on_floor=true still=0 grounded=true support_l=1.00 support_r=1.00 yaw_rate=-0.526
tick=4860 phase=idle reason= wp=0 dist_wp=8.83 bearing_deg=-118.23 speed=5.487 pos=(-119.396,6.114,-8.787) thr=0.00 steer=0.00 on_floor=true still=0 grounded=true support_l=1.00 support_r=1.00 yaw_rate=-0.525
tick=4890 phase=idle reason= wp=0 dist_wp=10.06 bearing_deg=-116.67 speed=5.554 pos=(-116.744,6.101,-9.495) thr=0.00 steer=0.00 on_floor=true still=0 grounded=true support_l=1.00 support_r=1.00 yaw_rate=-0.523
tick=4920 phase=idle reason= wp=0 dist_wp=11.18 bearing_deg=-114.82 speed=5.502 pos=(-113.986,6.078,-9.408) thr=0.00 steer=0.00 on_floor=true still=0 grounded=true support_l=1.00 support_r=1.00 yaw_rate=-0.524
tick=4950 phase=idle reason= wp=0 dist_wp=12.15 bearing_deg=-109.89 speed=5.432 pos=(-111.400,6.074,-8.552) thr=0.00 steer=0.00 on_floor=true still=0 grounded=true support_l=1.00 support_r=1.00 yaw_rate=-0.525
tick=4980 phase=idle reason= wp=0 dist_wp=12.91 bearing_deg=-105.56 speed=5.297 pos=(-109.201,6.051,-7.045) thr=0.00 steer=0.00 on_floor=true still=0 grounded=true support_l=1.00 support_r=1.00 yaw_rate=-0.528
tick=5010 phase=idle reason= wp=0 dist_wp=13.44 bearing_deg=-100.56 speed=5.182 pos=(-107.555,6.062,-5.021) thr=0.00 steer=0.00 on_floor=true still=0 grounded=true support_l=1.00 support_r=1.00 yaw_rate=-0.530
tick=5040 phase=idle reason= wp=0 dist_wp=13.70 bearing_deg=-95.62 speed=5.075 pos=(-106.575,6.065,-2.656) thr=0.00 steer=0.00 on_floor=true still=0 grounded=true support_l=1.00 support_r=1.00 yaw_rate=-0.532
tick=5070 phase=idle reason= wp=0 dist_wp=13.78 bearing_deg=-90.33 speed=4.988 pos=(-106.242,6.049,-0.176) thr=0.00 steer=0.00 on_floor=true still=0 grounded=true support_l=1.00 support_r=1.00 yaw_rate=-0.534
tick=5100 phase=idle reason= wp=0 dist_wp=13.64 bearing_deg=-86.83 speed=4.876 pos=(-106.564,6.064,2.266) thr=0.00 steer=0.00 on_floor=true still=0 grounded=true support_l=1.00 support_r=1.00 yaw_rate=-0.536
tick=5130 phase=idle reason= wp=0 dist_wp=13.31 bearing_deg=-81.39 speed=4.815 pos=(-107.494,6.087,4.498) thr=0.00 steer=0.00 on_floor=true still=0 grounded=true support_l=1.00 support_r=1.00 yaw_rate=-0.537
tick=5160 phase=idle reason= wp=0 dist_wp=12.81 bearing_deg=-77.25 speed=4.741 pos=(-108.927,6.072,6.401) thr=0.00 steer=0.00 on_floor=true still=0 grounded=true support_l=1.00 support_r=1.00 yaw_rate=-0.539
tick=5190 phase=idle reason= wp=0 dist_wp=12.14 bearing_deg=-73.60 speed=4.667 pos=(-110.769,6.107,7.862) thr=0.00 steer=0.00 on_floor=true still=0 grounded=true support_l=1.00 support_r=1.00 yaw_rate=-0.540
tick=5220 phase=idle reason= wp=0 dist_wp=11.32 bearing_deg=-68.90 speed=4.646 pos=(-112.896,6.128,8.791) thr=0.00 steer=0.00 on_floor=true still=0 grounded=true support_l=1.00 support_r=1.00 yaw_rate=-0.540
tick=5250 phase=idle reason= wp=0 dist_wp=10.38 bearing_deg=-65.69 speed=4.692 pos=(-115.187,6.143,9.173) thr=0.00 steer=0.00 on_floor=true still=0 grounded=true support_l=1.00 support_r=1.00 yaw_rate=-0.540
tick=5280 phase=idle reason= wp=0 dist_wp=9.30 bearing_deg=-64.36 speed=4.760 pos=(-117.538,6.169,8.952) thr=0.00 steer=0.00 on_floor=true still=0 grounded=true support_l=1.00 support_r=1.00 yaw_rate=-0.538
tick=5310 phase=idle reason= wp=0 dist_wp=8.18 bearing_deg=-63.74 speed=4.904 pos=(-119.815,6.174,8.161) thr=0.00 steer=0.00 on_floor=true still=0 grounded=true support_l=1.00 support_r=1.00 yaw_rate=-0.536
tick=5340 phase=idle reason= wp=0 dist_wp=7.04 bearing_deg=-64.96 speed=5.043 pos=(-121.865,6.148,6.766) thr=0.00 steer=0.00 on_floor=true still=0 grounded=true support_l=1.00 support_r=1.00 yaw_rate=-0.533
tick=5370 phase=idle reason= wp=0 dist_wp=6.01 bearing_deg=-70.81 speed=5.134 pos=(-123.523,6.179,4.839) thr=0.00 steer=0.00 on_floor=true still=0 grounded=true support_l=1.00 support_r=1.00 yaw_rate=-0.531
tick=5400 phase=idle reason= wp=0 dist_wp=5.29 bearing_deg=-80.81 speed=5.194 pos=(-124.628,6.182,2.514) thr=0.00 steer=0.00 on_floor=true still=0 grounded=true support_l=1.00 support_r=1.00 yaw_rate=-0.530
tick=5430 phase=idle reason= wp=0 dist_wp=5.09 bearing_deg=-93.06 speed=5.244 pos=(-125.056,6.175,-0.049) thr=0.00 steer=0.00 on_floor=true still=0 grounded=true support_l=1.00 support_r=1.00 yaw_rate=-0.529
tick=5460 phase=idle reason= wp=0 dist_wp=5.47 bearing_deg=-106.00 speed=5.252 pos=(-124.750,6.139,-2.646) thr=0.00 steer=0.00 on_floor=true still=0 grounded=true support_l=1.00 support_r=1.00 yaw_rate=-0.529
tick=5490 phase=idle reason= wp=0 dist_wp=6.30 bearing_deg=-113.82 speed=5.318 pos=(-123.708,6.147,-5.063) thr=0.00 steer=0.00 on_floor=true still=0 grounded=true support_l=1.00 support_r=1.00 yaw_rate=-0.528
tick=5520 phase=idle reason= wp=0 dist_wp=7.42 bearing_deg=-117.87 speed=5.391 pos=(-122.004,6.103,-7.112) thr=0.00 steer=0.00 on_floor=true still=0 grounded=true support_l=1.00 support_r=1.00 yaw_rate=-0.526
tick=5550 phase=idle reason= wp=0 dist_wp=8.65 bearing_deg=-118.55 speed=5.475 pos=(-119.766,6.116,-8.625) thr=0.00 steer=0.00 on_floor=true still=0 grounded=true support_l=1.00 support_r=1.00 yaw_rate=-0.525
tick=5580 phase=idle reason= wp=0 dist_wp=9.89 bearing_deg=-117.47 speed=5.540 pos=(-117.151,6.102,-9.451) thr=0.00 steer=0.00 on_floor=true still=0 grounded=true support_l=1.00 support_r=1.00 yaw_rate=-0.524
tick=5610 phase=idle reason= wp=0 dist_wp=11.04 bearing_deg=-115.12 speed=5.520 pos=(-114.390,6.081,-9.482) thr=0.00 steer=0.00 on_floor=true still=0 grounded=true support_l=1.00 support_r=1.00 yaw_rate=-0.524
tick=5640 phase=idle reason= wp=0 dist_wp=12.03 bearing_deg=-110.48 speed=5.458 pos=(-111.761,6.071,-8.747) thr=0.00 steer=0.00 on_floor=true still=0 grounded=true support_l=1.00 support_r=1.00 yaw_rate=-0.525
tick=5670 phase=idle reason= wp=0 dist_wp=12.83 bearing_deg=-106.37 speed=5.316 pos=(-109.491,6.034,-7.325) thr=0.00 steer=0.00 on_floor=true still=0 grounded=true support_l=1.00 support_r=1.00 yaw_rate=-0.528
tick=5700 phase=idle reason= wp=0 dist_wp=13.39 bearing_deg=-101.54 speed=5.196 pos=(-107.754,6.037,-5.367) thr=0.00 steer=0.00 on_floor=true still=0 grounded=true support_l=1.00 support_r=1.00 yaw_rate=-0.530
tick=5730 phase=idle reason= wp=0 dist_wp=13.69 bearing_deg=-95.96 speed=5.100 pos=(-106.668,6.058,-3.042) thr=0.00 steer=0.00 on_floor=true still=0 grounded=true support_l=1.00 support_r=1.00 yaw_rate=-0.532
tick=5760 phase=idle reason= wp=0 dist_wp=13.80 bearing_deg=-91.04 speed=5.003 pos=(-106.227,6.045,-0.571) thr=0.00 steer=0.00 on_floor=true still=0 grounded=true support_l=1.00 support_r=1.00 yaw_rate=-0.534
tick=5790 phase=idle reason= wp=0 dist_wp=13.68 bearing_deg=-87.39 speed=4.892 pos=(-106.464,6.063,1.891) thr=0.00 steer=0.00 on_floor=true still=0 grounded=true support_l=1.00 support_r=1.00 yaw_rate=-0.536
tick=5820 phase=idle reason= wp=0 dist_wp=13.39 bearing_deg=-81.99 speed=4.828 pos=(-107.295,6.082,4.165) thr=0.00 steer=0.00 on_floor=true still=0 grounded=true support_l=1.00 support_r=1.00 yaw_rate=-0.537
tick=5850 phase=idle reason= wp=0 dist_wp=12.91 bearing_deg=-77.98 speed=4.749 pos=(-108.656,6.068,6.128) thr=0.00 steer=0.00 on_floor=true still=0 grounded=true support_l=1.00 support_r=1.00 yaw_rate=-0.538
tick=5880 phase=idle reason= wp=0 dist_wp=12.27 bearing_deg=-73.94 speed=4.682 pos=(-110.441,6.087,7.663) thr=0.00 steer=0.00 on_floor=true still=0 grounded=true support_l=1.00 support_r=1.00 yaw_rate=-0.540
tick=5910 phase=idle reason= wp=0 dist_wp=11.47 bearing_deg=-69.39 speed=4.648 pos=(-112.526,6.122,8.686) thr=0.00 steer=0.00 on_floor=true still=0 grounded=true support_l=1.00 support_r=1.00 yaw_rate=-0.540
tick=5940 phase=idle reason= wp=0 dist_wp=10.55 bearing_deg=-66.50 speed=4.670 pos=(-114.798,6.142,9.161) thr=0.00 steer=0.00 on_floor=true still=0 grounded=true support_l=1.00 support_r=1.00 yaw_rate=-0.540
tick=5970 phase=idle reason= wp=0 dist_wp=9.49 bearing_deg=-64.13 speed=4.743 pos=(-117.147,6.160,9.036) thr=0.00 steer=0.00 on_floor=true still=0 grounded=true support_l=1.00 support_r=1.00 yaw_rate=-0.539
tick=6000 phase=idle reason= wp=0 dist_wp=8.38 bearing_deg=-63.55 speed=4.881 pos=(-119.445,6.168,8.347) thr=0.00 steer=0.00 on_floor=true still=0 grounded=true support_l=1.00 support_r=1.00 yaw_rate=-0.536
tick=6030 phase=idle reason= wp=0 dist_wp=7.24 bearing_deg=-64.64 speed=5.016 pos=(-121.546,6.146,7.052) thr=0.00 steer=0.00 on_floor=true still=0 grounded=true support_l=1.00 support_r=1.00 yaw_rate=-0.534
tick=6060 phase=idle reason= wp=0 dist_wp=6.18 bearing_deg=-69.58 speed=5.120 pos=(-123.278,6.165,5.205) thr=0.00 steer=0.00 on_floor=true still=0 grounded=true support_l=1.00 support_r=1.00 yaw_rate=-0.531
tick=6090 phase=idle reason= wp=0 dist_wp=5.40 bearing_deg=-78.51 speed=5.187 pos=(-124.490,6.178,2.942) thr=0.00 steer=0.00 on_floor=true still=0 grounded=true support_l=1.00 support_r=1.00 yaw_rate=-0.530
tick=6120 phase=idle reason= wp=0 dist_wp=5.09 bearing_deg=-90.61 speed=5.240 pos=(-125.045,6.174,0.408) thr=0.00 steer=0.00 on_floor=true still=0 grounded=true support_l=1.00 support_r=1.00 yaw_rate=-0.529
tick=6150 phase=idle reason= wp=0 dist_wp=5.37 bearing_deg=-104.38 speed=5.239 pos=(-124.862,6.138,-2.200) thr=0.00 steer=0.00 on_floor=true still=0 grounded=true support_l=1.00 support_r=1.00 yaw_rate=-0.529
tick=6180 phase=idle reason= wp=0 dist_wp=6.14 bearing_deg=-112.64 speed=5.305 pos=(-123.950,6.149,-4.660) thr=0.00 steer=0.00 on_floor=true still=0 grounded=true support_l=1.00 support_r=1.00 yaw_rate=-0.528
tick=6210 phase=idle reason= wp=0 dist_wp=7.21 bearing_deg=-117.37 speed=5.372 pos=(-122.355,6.100,-6.786) thr=0.00 steer=0.00 on_floor=true still=0 grounded=true support_l=1.00 support_r=1.00 yaw_rate=-0.527
tick=6240 phase=idle reason= wp=0 dist_wp=8.43 bearing_deg=-118.69 speed=5.456 pos=(-120.200,6.120,-8.406) thr=0.00 steer=0.00 on_floor=true still=0 grounded=true support_l=1.00 support_r=1.00 yaw_rate=-0.525
tick=6270 phase=idle reason= wp=0 dist_wp=9.67 bearing_deg=-118.08 speed=5.520 pos=(-117.634,6.094,-9.354) thr=0.00 steer=0.00 on_floor=true still=0 grounded=true support_l=1.00 support_r=1.00 yaw_rate=-0.524
tick=6300 phase=idle reason= wp=0 dist_wp=10.83 bearing_deg=-115.09 speed=5.535 pos=(-114.881,6.078,-9.523) thr=0.00 steer=0.00 on_floor=true still=0 grounded=true support_l=1.00 support_r=1.00 yaw_rate=-0.524
tick=6330 phase=idle reason= wp=0 dist_wp=11.86 bearing_deg=-111.12 speed=5.475 pos=(-112.212,6.074,-8.925) thr=0.00 steer=0.00 on_floor=true still=0 grounded=true support_l=1.00 support_r=1.00 yaw_rate=-0.525
tick=6360 phase=idle reason= wp=0 dist_wp=12.69 bearing_deg=-107.39 speed=5.332 pos=(-109.865,6.038,-7.608) thr=0.00 steer=0.00 on_floor=true still=0 grounded=true support_l=1.00 support_r=1.00 yaw_rate=-0.527
tick=6390 phase=idle reason= wp=0 dist_wp=13.30 bearing_deg=-102.35 speed=5.216 pos=(-108.024,6.038,-5.735) thr=0.00 steer=0.00 on_floor=true still=0 grounded=true support_l=1.00 support_r=1.00 yaw_rate=-0.530
tick=6420 phase=idle reason= wp=0 dist_wp=13.65 bearing_deg=-96.67 speed=5.120 pos=(-106.818,6.056,-3.464) thr=0.00 steer=0.00 on_floor=true still=0 grounded=true support_l=1.00 support_r=1.00 yaw_rate=-0.531
tick=6450 phase=idle reason= wp=0 dist_wp=13.79 bearing_deg=-92.22 speed=5.012 pos=(-106.259,6.047,-1.005) thr=0.00 steer=0.00 on_floor=true still=0 grounded=true support_l=1.00 support_r=1.00 yaw_rate=-0.533
tick=6480 phase=idle reason= wp=0 dist_wp=13.71 bearing_deg=-87.93 speed=4.912 pos=(-106.389,6.062,1.471) thr=0.00 steer=0.00 on_floor=true still=0 grounded=true support_l=1.00 support_r=1.00 yaw_rate=-0.535
tick=6510 phase=idle reason= wp=0 dist_wp=13.45 bearing_deg=-82.73 speed=4.842 pos=(-107.109,6.079,3.789) thr=0.00 steer=0.00 on_floor=true still=0 grounded=true support_l=1.00 support_r=1.00 yaw_rate=-0.537
tick=6540 phase=idle reason= wp=0 dist_wp=13.00 bearing_deg=-78.92 speed=4.758 pos=(-108.387,6.072,5.814) thr=0.00 steer=0.00 on_floor=true still=0 grounded=true support_l=1.00 support_r=1.00 yaw_rate=-0.538
tick=6570 phase=idle reason= wp=0 dist_wp=12.39 bearing_deg=-74.42 speed=4.698 pos=(-110.107,6.082,7.430) thr=0.00 steer=0.00 on_floor=true still=0 grounded=true support_l=1.00 support_r=1.00 yaw_rate=-0.539
tick=6600 phase=idle reason= wp=0 dist_wp=11.63 bearing_deg=-70.16 speed=4.648 pos=(-112.147,6.121,8.550) thr=0.00 steer=0.00 on_floor=true still=0 grounded=true support_l=1.00 support_r=1.00 yaw_rate=-0.540
tick=6630 phase=idle reason= wp=0 dist_wp=10.72 bearing_deg=-67.50 speed=4.652 pos=(-114.398,6.130,9.119) thr=0.00 steer=0.00 on_floor=true still=0 grounded=true support_l=1.00 support_r=1.00 yaw_rate=-0.540
tick=6660 phase=idle reason= wp=0 dist_wp=9.68 bearing_deg=-64.15 speed=4.733 pos=(-116.741,6.154,9.100) thr=0.00 steer=0.00 on_floor=true still=0 grounded=true support_l=1.00 support_r=1.00 yaw_rate=-0.539
tick=6690 phase=idle reason= wp=0 dist_wp=8.58 bearing_deg=-63.62 speed=4.857 pos=(-119.057,6.167,8.513) thr=0.00 steer=0.00 on_floor=true still=0 grounded=true support_l=1.00 support_r=1.00 yaw_rate=-0.537
tick=6720 phase=idle reason= wp=0 dist_wp=7.43 bearing_deg=-64.30 speed=4.993 pos=(-121.204,6.178,7.315) thr=0.00 steer=0.00 on_floor=true still=0 grounded=true support_l=1.00 support_r=1.00 yaw_rate=-0.534
tick=6750 phase=idle reason= wp=0 dist_wp=6.34 bearing_deg=-68.20 speed=5.112 pos=(-123.009,6.150,5.554) thr=0.00 steer=0.00 on_floor=true still=0 grounded=true support_l=1.00 support_r=1.00 yaw_rate=-0.532
tick=6780 phase=idle reason= wp=0 dist_wp=5.50 bearing_deg=-76.68 speed=5.175 pos=(-124.325,6.177,3.355) thr=0.00 steer=0.00 on_floor=true still=0 grounded=true support_l=1.00 support_r=1.00 yaw_rate=-0.530
tick=6810 phase=idle reason= wp=0 dist_wp=5.10 bearing_deg=-88.42 speed=5.235 pos=(-125.002,6.166,0.854) thr=0.00 steer=0.00 on_floor=true still=0 grounded=true support_l=1.00 support_r=1.00 yaw_rate=-0.529
tick=6840 phase=idle reason= wp=0 dist_wp=5.27 bearing_deg=-102.25 speed=5.240 pos=(-124.938,6.179,-1.759) thr=0.00 steer=0.00 on_floor=true still=0 grounded=true support_l=1.00 support_r=1.00 yaw_rate=-0.529
tick=6870 phase=idle reason= wp=0 dist_wp=5.98 bearing_deg=-111.42 speed=5.295 pos=(-124.155,6.151,-4.258) thr=0.00 steer=0.00 on_floor=true still=0 grounded=true support_l=1.00 support_r=1.00 yaw_rate=-0.528
tick=6900 phase=idle reason= wp=0 dist_wp=7.01 bearing_deg=-116.70 speed=5.360 pos=(-122.667,6.106,-6.453) thr=0.00 steer=0.00 on_floor=true still=0 grounded=true support_l=1.00 support_r=1.00 yaw_rate=-0.527
tick=6930 phase=idle reason= wp=0 dist_wp=8.22 bearing_deg=-118.87 speed=5.439 pos=(-120.599,6.126,-8.172) thr=0.00 steer=0.00 on_floor=true still=0 grounded=true support_l=1.00 support_r=1.00 yaw_rate=-0.525
tick=6960 phase=idle reason= wp=0 dist_wp=9.45 bearing_deg=-118.48 speed=5.507 pos=(-118.084,6.097,-9.235) thr=0.00 steer=0.00 on_floor=true still=0 grounded=true support_l=1.00 support_r=1.00 yaw_rate=-0.524
tick=6990 phase=idle reason= wp=0 dist_wp=10.64 bearing_deg=-115.34 speed=5.546 pos=(-115.347,6.078,-9.544) thr=0.00 steer=0.00 on_floor=true still=0 grounded=true support_l=1.00 support_r=1.00 yaw_rate=-0.523
tick=7020 phase=idle reason= wp=0 dist_wp=11.70 bearing_deg=-111.81 speed=5.494 pos=(-112.644,6.077,-9.076) thr=0.00 steer=0.00 on_floor=true still=0 grounded=true support_l=1.00 support_r=1.00 yaw_rate=-0.524
tick=7050 phase=idle reason= wp=0 dist_wp=12.56 bearing_deg=-108.47 speed=5.349 pos=(-110.228,6.047,-7.860) thr=0.00 steer=0.00 on_floor=true still=0 grounded=true support_l=1.00 support_r=1.00 yaw_rate=-0.527
tick=7080 phase=idle reason= wp=0 dist_wp=13.20 bearing_deg=-103.08 speed=5.239 pos=(-108.294,6.039,-6.071) thr=0.00 steer=0.00 on_floor=true still=0 grounded=true support_l=1.00 support_r=1.00 yaw_rate=-0.529
tick=7110 phase=idle reason= wp=0 dist_wp=13.60 bearing_deg=-97.50 speed=5.139 pos=(-106.977,6.057,-3.851) thr=0.00 steer=0.00 on_floor=true still=0 grounded=true support_l=1.00 support_r=1.00 yaw_rate=-0.531
tick=7140 phase=idle reason= wp=0 dist_wp=13.78 bearing_deg=-93.62 speed=5.018 pos=(-106.313,6.051,-1.406) thr=0.00 steer=0.00 on_floor=true still=0 grounded=true support_l=1.00 support_r=1.00 yaw_rate=-0.533
tick=7170 phase=idle reason= wp=0 dist_wp=13.72 bearing_deg=-88.23 speed=4.938 pos=(-106.337,6.058,1.079) thr=0.00 steer=0.00 on_floor=true still=0 grounded=true support_l=1.00 support_r=1.00 yaw_rate=-0.535
tick=7200 phase=idle reason= wp=0 dist_wp=13.50 bearing_deg=-83.46 speed=4.857 pos=(-106.961,6.078,3.434) thr=0.00 steer=0.00 on_floor=true still=0 grounded=true support_l=1.00 support_r=1.00 yaw_rate=-0.536
tick=7230 phase=idle reason= wp=0 dist_wp=13.07 bearing_deg=-79.88 speed=4.765 pos=(-108.164,6.088,5.515) thr=0.00 steer=0.00 on_floor=true still=0 grounded=true support_l=1.00 support_r=1.00 yaw_rate=-0.538
tick=7260 phase=idle reason= wp=0 dist_wp=12.49 bearing_deg=-75.02 speed=4.711 pos=(-109.820,6.080,7.203) thr=0.00 steer=0.00 on_floor=true still=0 grounded=true support_l=1.00 support_r=1.00 yaw_rate=-0.539
tick=7290 phase=idle reason= wp=0 dist_wp=11.75 bearing_deg=-70.91 speed=4.654 pos=(-111.818,6.121,8.407) thr=0.00 steer=0.00 on_floor=true still=0 grounded=true support_l=1.00 support_r=1.00 yaw_rate=-0.540
tick=7320 phase=idle reason= wp=0 dist_wp=10.85 bearing_deg=-68.17 speed=4.644 pos=(-114.049,6.125,9.056) thr=0.00 steer=0.00 on_floor=true still=0 grounded=true support_l=1.00 support_r=1.00 yaw_rate=-0.540
tick=7350 phase=idle reason= wp=0 dist_wp=9.84 bearing_deg=-64.41 speed=4.727 pos=(-116.385,6.163,9.134) thr=0.00 steer=0.00 on_floor=true still=0 grounded=true support_l=1.00 support_r=1.00 yaw_rate=-0.539
tick=7380 phase=idle reason= wp=0 dist_wp=8.75 bearing_deg=-64.13 speed=4.829 pos=(-118.715,6.155,8.633) thr=0.00 steer=0.00 on_floor=true still=0 grounded=true support_l=1.00 support_r=1.00 yaw_rate=-0.537
tick=7410 phase=idle reason= wp=0 dist_wp=7.60 bearing_deg=-64.04 speed=4.977 pos=(-120.899,6.176,7.531) thr=0.00 steer=0.00 on_floor=true still=0 grounded=true support_l=1.00 support_r=1.00 yaw_rate=-0.534
tick=7440 phase=idle reason= wp=0 dist_wp=6.50 bearing_deg=-67.34 speed=5.099 pos=(-122.770,6.148,5.851) thr=0.00 steer=0.00 on_floor=true still=0 grounded=true support_l=1.00 support_r=1.00 yaw_rate=-0.532
tick=7470 phase=idle reason= wp=0 dist_wp=5.61 bearing_deg=-75.47 speed=5.163 pos=(-124.172,6.181,3.709) thr=0.00 steer=0.00 on_floor=true still=0 grounded=true support_l=1.00 support_r=1.00 yaw_rate=-0.531
tick=7500 phase=idle reason= wp=0 dist_wp=5.14 bearing_deg=-86.84 speed=5.225 pos=(-124.952,6.170,1.240) thr=0.00 steer=0.00 on_floor=true still=0 grounded=true support_l=1.00 support_r=1.00 yaw_rate=-0.530
tick=7530 phase=idle reason= wp=0 dist_wp=5.21 bearing_deg=-100.04 speed=5.247 pos=(-124.996,6.175,-1.371) thr=0.00 steer=0.00 on_floor=true still=0 grounded=true support_l=1.00 support_r=1.00 yaw_rate=-0.529
tick=7560 phase=idle reason= wp=0 dist_wp=5.85 bearing_deg=-110.23 speed=5.288 pos=(-124.323,6.148,-3.899) thr=0.00 steer=0.00 on_floor=true still=0 grounded=true support_l=1.00 support_r=1.00 yaw_rate=-0.528
tick=7590 phase=idle reason= wp=0 dist_wp=6.85 bearing_deg=-116.06 speed=5.349 pos=(-122.937,6.109,-6.155) thr=0.00 steer=0.00 on_floor=true still=0 grounded=true support_l=1.00 support_r=1.00 yaw_rate=-0.527
tick=7620 phase=idle reason= wp=0 dist_wp=8.04 bearing_deg=-119.05 speed=5.423 pos=(-120.949,6.118,-7.959) thr=0.00 steer=0.00 on_floor=true still=0 grounded=true support_l=1.00 support_r=1.00 yaw_rate=-0.526
tick=7650 phase=idle reason= wp=0 dist_wp=9.28 bearing_deg=-118.53 speed=5.501 pos=(-118.491,6.112,-9.131) thr=0.00 steer=0.00 on_floor=true still=0 grounded=true support_l=1.00 support_r=1.00 yaw_rate=-0.524
tick=7680 phase=idle reason= wp=0 dist_wp=10.48 bearing_deg=-115.85 speed=5.548 pos=(-115.775,6.076,-9.571) thr=0.00 steer=0.00 on_floor=true still=0 grounded=true support_l=1.00 support_r=1.00 yaw_rate=-0.523
tick=7710 phase=idle reason= wp=0 dist_wp=11.57 bearing_deg=-112.65 speed=5.499 pos=(-113.049,6.078,-9.227) thr=0.00 steer=0.00 on_floor=true still=0 grounded=true support_l=1.00 support_r=1.00 yaw_rate=-0.524
tick=7740 phase=idle reason= wp=0 dist_wp=12.45 bearing_deg=-109.25 speed=5.367 pos=(-110.574,6.080,-8.111) thr=0.00 steer=0.00 on_floor=true still=0 grounded=true support_l=1.00 support_r=1.00 yaw_rate=-0.527
tick=7770 phase=idle reason= wp=0 dist_wp=13.14 bearing_deg=-103.98 speed=5.253 pos=(-108.553,6.032,-6.408) thr=0.00 steer=0.00 on_floor=true still=0 grounded=true support_l=1.00 support_r=1.00 yaw_rate=-0.529
tick=7800 phase=idle reason= wp=0 dist_wp=13.57 bearing_deg=-98.17 speed=5.156 pos=(-107.129,6.054,-4.246) thr=0.00 steer=0.00 on_floor=true still=0 grounded=true support_l=1.00 support_r=1.00 yaw_rate=-0.531
tick=7830 phase=idle reason= wp=0 dist_wp=13.77 bearing_deg=-94.67 speed=5.025 pos=(-106.367,6.031,-1.820) thr=0.00 steer=0.00 on_floor=true still=0 grounded=true support_l=1.00 support_r=1.00 yaw_rate=-0.533
tick=7860 phase=idle reason= wp=0 dist_wp=13.76 bearing_deg=-88.71 speed=4.955 pos=(-106.275,6.051,0.666) thr=0.00 steer=0.00 on_floor=true still=0 grounded=true support_l=1.00 support_r=1.00 yaw_rate=-0.535
tick=7890 phase=idle reason= wp=0 dist_wp=13.57 bearing_deg=-84.40 speed=4.864 pos=(-106.799,6.074,3.053) thr=0.00 steer=0.00 on_floor=true still=0 grounded=true support_l=1.00 support_r=1.00 yaw_rate=-0.536
tick=7920 phase=idle reason= wp=0 dist_wp=13.16 bearing_deg=-80.53 speed=4.776 pos=(-107.920,6.098,5.185) thr=0.00 steer=0.00 on_floor=true still=0 grounded=true support_l=1.00 support_r=1.00 yaw_rate=-0.538
tick=7950 phase=idle reason= wp=0 dist_wp=12.61 bearing_deg=-75.84 speed=4.716 pos=(-109.502,6.084,6.948) thr=0.00 steer=0.00 on_floor=true still=0 grounded=true support_l=1.00 support_r=1.00 yaw_rate=-0.539
tick=7980 phase=idle reason= wp=0 dist_wp=11.89 bearing_deg=-71.75 speed=4.656 pos=(-111.448,6.118,8.243) thr=0.00 steer=0.00 on_floor=true still=0 grounded=true support_l=1.00 support_r=1.00 yaw_rate=-0.540
tick=8010 phase=idle reason= wp=0 dist_wp=11.02 bearing_deg=-68.45 speed=4.641 pos=(-113.648,6.119,8.981) thr=0.00 steer=0.00 on_floor=true still=0 grounded=true support_l=1.00 support_r=1.00 yaw_rate=-0.541
tick=8040 phase=idle reason= wp=0 dist_wp=10.03 bearing_deg=-64.82 speed=4.712 pos=(-115.970,6.161,9.168) thr=0.00 steer=0.00 on_floor=true still=0 grounded=true support_l=1.00 support_r=1.00 yaw_rate=-0.539
tick=8070 phase=idle reason= wp=0 dist_wp=8.94 bearing_deg=-64.44 speed=4.797 pos=(-118.310,6.154,8.764) thr=0.00 steer=0.00 on_floor=true still=0 grounded=true support_l=1.00 support_r=1.00 yaw_rate=-0.538
tick=8100 phase=idle reason= wp=0 dist_wp=7.81 bearing_deg=-63.87 speed=4.949 pos=(-120.529,6.175,7.768) thr=0.00 steer=0.00 on_floor=true still=0 grounded=true support_l=1.00 support_r=1.00 yaw_rate=-0.535
tick=8130 phase=idle reason= wp=0 dist_wp=6.68 bearing_deg=-66.37 speed=5.077 pos=(-122.465,6.135,6.184) thr=0.00 steer=0.00 on_floor=true still=0 grounded=true support_l=1.00 support_r=1.00 yaw_rate=-0.532
tick=8160 phase=idle reason= wp=0 dist_wp=5.74 bearing_deg=-73.84 speed=5.147 pos=(-123.960,6.183,4.113) thr=0.00 steer=0.00 on_floor=true still=0 grounded=true support_l=1.00 support_r=1.00 yaw_rate=-0.531
tick=8190 phase=idle reason= wp=0 dist_wp=5.18 bearing_deg=-85.00 speed=5.210 pos=(-124.856,6.141,1.691) thr=0.00 steer=0.00 on_floor=true still=0 grounded=true support_l=1.00 support_r=1.00 yaw_rate=-0.530
tick=8220 phase=idle reason= wp=0 dist_wp=5.15 bearing_deg=-97.47 speed=5.249 pos=(-125.038,6.172,-0.908) thr=0.00 steer=0.00 on_floor=true still=0 grounded=true support_l=1.00 support_r=1.00 yaw_rate=-0.529
tick=8250 phase=idle reason= wp=0 dist_wp=5.71 bearing_deg=-108.60 speed=5.279 pos=(-124.499,6.148,-3.466) thr=0.00 steer=0.00 on_floor=true still=0 grounded=true support_l=1.00 support_r=1.00 yaw_rate=-0.528
tick=8280 phase=idle reason= wp=0 dist_wp=6.65 bearing_deg=-115.31 speed=5.340 pos=(-123.231,6.111,-5.784) thr=0.00 steer=0.00 on_floor=true still=0 grounded=true support_l=1.00 support_r=1.00 yaw_rate=-0.527
tick=8310 phase=idle reason= wp=0 dist_wp=7.82 bearing_deg=-118.77 speed=5.409 pos=(-121.335,6.104,-7.676) thr=0.00 steer=0.00 on_floor=true still=0 grounded=true support_l=1.00 support_r=1.00 yaw_rate=-0.526
tick=8340 phase=idle reason= wp=0 dist_wp=9.05 bearing_deg=-118.34 speed=5.496 pos=(-118.950,6.112,-8.972) thr=0.00 steer=0.00 on_floor=true still=0 grounded=true support_l=1.00 support_r=1.00 yaw_rate=-0.524
tick=8370 phase=idle reason= wp=0 dist_wp=10.27 bearing_deg=-116.28 speed=5.553 pos=(-116.263,6.079,-9.549) thr=0.00 steer=0.00 on_floor=true still=0 grounded=true support_l=1.00 support_r=1.00 yaw_rate=-0.523
tick=8400 phase=idle reason= wp=0 dist_wp=11.38 bearing_deg=-113.85 speed=5.498 pos=(-113.517,6.072,-9.335) thr=0.00 steer=0.00 on_floor=true still=0 grounded=true support_l=1.00 support_r=1.00 yaw_rate=-0.524
tick=8430 phase=idle reason= wp=0 dist_wp=12.30 bearing_deg=-109.45 speed=5.403 pos=(-110.984,6.076,-8.344) thr=0.00 steer=0.00 on_floor=true still=0 grounded=true support_l=1.00 support_r=1.00 yaw_rate=-0.526
tick=8460 phase=idle reason= wp=0 dist_wp=13.03 bearing_deg=-104.69 speed=5.277 pos=(-108.870,6.048,-6.739) thr=0.00 steer=0.00 on_floor=true still=0 grounded=true support_l=1.00 support_r=1.00 yaw_rate=-0.528
tick=8490 phase=idle reason= wp=0 dist_wp=13.51 bearing_deg=-99.26 speed=5.171 pos=(-107.330,6.055,-4.647) thr=0.00 steer=0.00 on_floor=true still=0 grounded=true support_l=1.00 support_r=1.00 yaw_rate=-0.530
tick=8520 phase=idle reason= wp=0 dist_wp=13.74 bearing_deg=-95.22 speed=5.049 pos=(-106.459,6.050,-2.248) thr=0.00 steer=0.00 on_floor=true still=0 grounded=true support_l=1.00 support_r=1.00 yaw_rate=-0.533
tick=8550 phase=idle reason= wp=0 dist_wp=13.78 bearing_deg=-89.56 speed=4.971 pos=(-106.243,6.049,0.237) thr=0.00 steer=0.00 on_floor=true still=0 grounded=true support_l=1.00 support_r=1.00 yaw_rate=-0.534
tick=8580 phase=idle reason= wp=0 dist_wp=13.61 bearing_deg=-85.72 speed=4.868 pos=(-106.663,6.062,2.654) thr=0.00 steer=0.00 on_floor=true still=0 grounded=true support_l=1.00 support_r=1.00 yaw_rate=-0.536
tick=8610 phase=idle reason= wp=0 dist_wp=13.24 bearing_deg=-80.87 speed=4.797 pos=(-107.690,6.091,4.838) thr=0.00 steer=0.00 on_floor=true still=0 grounded=true support_l=1.00 support_r=1.00 yaw_rate=-0.537
tick=8640 phase=idle reason= wp=0 dist_wp=12.72 bearing_deg=-76.57 speed=4.728 pos=(-109.195,6.081,6.675) thr=0.00 steer=0.00 on_floor=true still=0 grounded=true support_l=1.00 support_r=1.00 yaw_rate=-0.539
tick=8670 phase=idle reason= wp=0 dist_wp=12.03 bearing_deg=-72.85 speed=4.658 pos=(-111.089,6.120,8.058) thr=0.00 steer=0.00 on_floor=true still=0 grounded=true support_l=1.00 support_r=1.00 yaw_rate=-0.540
tick=8700 phase=idle reason= wp=0 dist_wp=11.18 bearing_deg=-68.63 speed=4.644 pos=(-113.255,6.134,8.891) thr=0.00 steer=0.00 on_floor=true still=0 grounded=true support_l=1.00 support_r=1.00 yaw_rate=-0.540
tick=8730 phase=idle reason= wp=0 dist_wp=10.21 bearing_deg=-65.15 speed=4.703 pos=(-115.561,6.157,9.182) thr=0.00 steer=0.00 on_floor=true still=0 grounded=true support_l=1.00 support_r=1.00 yaw_rate=-0.539
tick=8760 phase=idle reason= wp=0 dist_wp=9.13 bearing_deg=-64.49 speed=4.775 pos=(-117.908,6.156,8.870) thr=0.00 steer=0.00 on_floor=true still=0 grounded=true support_l=1.00 support_r=1.00 yaw_rate=-0.538
tick=8790 phase=idle reason= wp=0 dist_wp=8.00 bearing_deg=-63.85 speed=4.923 pos=(-120.159,6.178,7.982) thr=0.00 steer=0.00 on_floor=true still=0 grounded=true support_l=1.00 support_r=1.00 yaw_rate=-0.535
tick=8820 phase=idle reason= wp=0 dist_wp=6.87 bearing_deg=-65.58 speed=5.058 pos=(-122.156,6.150,6.493) thr=0.00 steer=0.00 on_floor=true still=0 grounded=true support_l=1.00 support_r=1.00 yaw_rate=-0.533
tick=8850 phase=idle reason= wp=0 dist_wp=5.87 bearing_deg=-72.14 speed=5.140 pos=(-123.737,6.180,4.496) thr=0.00 steer=0.00 on_floor=true still=0 grounded=true support_l=1.00 support_r=1.00 yaw_rate=-0.531
tick=8880 phase=idle reason= wp=0 dist_wp=5.23 bearing_deg=-82.87 speed=5.200 pos=(-124.745,6.165,2.123) thr=0.00 steer=0.00 on_floor=true still=0 grounded=true support_l=1.00 support_r=1.00 yaw_rate=-0.530
tick=8910 phase=idle reason= wp=0 dist_wp=5.11 bearing_deg=-95.08 speed=5.248 pos=(-125.057,6.173,-0.458) thr=0.00 steer=0.00 on_floor=true still=0 grounded=true support_l=1.00 support_r=1.00 yaw_rate=-0.529
tick=8940 phase=idle reason= wp=0 dist_wp=5.58 bearing_deg=-107.17 speed=5.264 pos=(-124.643,6.151,-3.040) thr=0.00 steer=0.00 on_floor=true still=0 grounded=true support_l=1.00 support_r=1.00 yaw_rate=-0.529
tick=8970 phase=idle reason= wp=0 dist_wp=6.47 bearing_deg=-114.68 speed=5.325 pos=(-123.491,6.130,-5.412) thr=0.00 steer=0.00 on_floor=true still=0 grounded=true support_l=1.00 support_r=1.00 yaw_rate=-0.528
