tick=0 phase=following reason=path_ready wp=0 dist_wp=3.00 bearing_deg=-1.93 speed=0.000 pos=(-119.999,6.605,2.999) thr=0.28 steer=0.00 on_floor=true still=1
tick=30 phase=following reason=path_ready wp=0 dist_wp=2.97 bearing_deg=-4.10 speed=0.020 pos=(-119.974,6.609,2.969) thr=0.27 steer=-0.15 on_floor=true still=31
tick=60 phase=following reason=path_ready wp=0 dist_wp=2.93 bearing_deg=-5.43 speed=0.049 pos=(-119.949,6.613,2.926) thr=0.27 steer=-0.21 on_floor=true still=61
tick=90 phase=following reason=path_ready wp=0 dist_wp=2.87 bearing_deg=-6.08 speed=0.080 pos=(-119.927,6.617,2.868) thr=0.27 steer=-0.23 on_floor=true still=91
tick=120 phase=reverse reason=insufficient_actual_progress wp=0 dist_wp=2.80 bearing_deg=-6.39 speed=0.110 pos=(-119.908,6.622,2.794) thr=0.26 steer=-0.25 on_floor=true still=121
tick=150 phase=reverse reason=insufficient_actual_progress wp=0 dist_wp=2.95 bearing_deg=-9.75 speed=-0.724 pos=(-119.849,6.613,2.948) thr=-0.75 steer=0.00 on_floor=true still=0
tick=180 phase=reverse reason=insufficient_actual_progress wp=0 dist_wp=3.46 bearing_deg=-11.45 speed=-1.419 pos=(-119.684,6.596,3.448) thr=-0.75 steer=0.00 on_floor=true still=0
tick=210 phase=turn_recovery reason=reverse_complete wp=0 dist_wp=4.07 bearing_deg=-21.80 speed=-0.687 pos=(-119.432,6.571,4.034) thr=0.00 steer=1.00 on_floor=true still=0
tick=240 phase=following reason=path_ready wp=0 dist_wp=4.12 bearing_deg=-35.38 speed=0.009 pos=(-119.384,6.570,4.075) thr=0.13 steer=-1.00 on_floor=true still=29
tick=270 phase=following reason=path_ready wp=0 dist_wp=4.11 bearing_deg=-21.36 speed=0.000 pos=(-119.376,6.572,4.061) thr=0.13 steer=-0.87 on_floor=true still=59
tick=300 phase=following reason=path_ready wp=0 dist_wp=4.07 bearing_deg=-13.80 speed=0.101 pos=(-119.370,6.576,4.025) thr=0.35 steer=-0.56 on_floor=true still=89
tick=330 phase=following reason=path_ready wp=0 dist_wp=3.96 bearing_deg=-9.70 speed=0.271 pos=(-119.383,6.582,3.910) thr=0.35 steer=-0.39 on_floor=true still=119
tick=360 phase=following reason=path_ready wp=0 dist_wp=3.76 bearing_deg=-7.73 speed=0.431 pos=(-119.416,6.591,3.714) thr=0.33 steer=-0.31 on_floor=true still=149
tick=390 phase=following reason=path_ready wp=0 dist_wp=3.49 bearing_deg=-7.16 speed=0.579 pos=(-119.463,6.611,3.445) thr=0.31 steer=-0.28 on_floor=true still=0
tick=420 phase=following reason=path_ready wp=0 dist_wp=3.15 bearing_deg=-7.04 speed=0.699 pos=(-119.525,6.626,3.109) thr=0.29 steer=-0.28 on_floor=true still=0
tick=450 phase=following reason=path_ready wp=0 dist_wp=2.75 bearing_deg=-7.12 speed=0.781 pos=(-119.599,6.644,2.725) thr=0.26 steer=-0.28 on_floor=true still=0
tick=480 phase=following reason=path_ready wp=0 dist_wp=2.33 bearing_deg=-6.69 speed=0.835 pos=(-119.678,6.641,2.312) thr=0.22 steer=-0.27 on_floor=true still=0
tick=510 phase=following reason=path_ready wp=0 dist_wp=1.89 bearing_deg=-5.59 speed=0.885 pos=(-119.756,6.630,1.876) thr=0.17 steer=-0.23 on_floor=true still=0
tick=540 phase=following reason=path_ready wp=0 dist_wp=1.43 bearing_deg=-3.59 speed=0.941 pos=(-119.825,6.658,1.417) thr=0.09 steer=-0.15 on_floor=true still=0
tick=570 phase=following reason=path_ready wp=1 dist_wp=20.71 bearing_deg=158.58 speed=0.397 pos=(-119.850,6.678,1.181) thr=0.13 steer=1.00 on_floor=true still=23
tick=600 phase=following reason=path_ready wp=1 dist_wp=20.93 bearing_deg=143.32 speed=0.576 pos=(-119.941,6.671,0.965) thr=0.13 steer=1.00 on_floor=true still=53
tick=630 phase=following reason=path_ready wp=1 dist_wp=21.18 bearing_deg=129.53 speed=0.820 pos=(-120.150,6.651,0.706) thr=0.13 steer=1.00 on_floor=true still=0
tick=660 phase=following reason=path_ready wp=1 dist_wp=21.45 bearing_deg=117.20 speed=1.130 pos=(-120.527,6.631,0.436) thr=0.13 steer=1.00 on_floor=true still=0
tick=690 phase=following reason=path_ready wp=1 dist_wp=21.68 bearing_deg=104.74 speed=1.493 pos=(-121.112,6.601,0.217) thr=0.13 steer=1.00 on_floor=true still=0
tick=720 phase=following reason=path_ready wp=1 dist_wp=21.78 bearing_deg=90.76 speed=1.500 pos=(-121.822,6.532,0.158) thr=0.13 steer=1.00 on_floor=true still=0
tick=750 phase=following reason=path_ready wp=1 dist_wp=21.68 bearing_deg=73.21 speed=1.500 pos=(-122.501,6.447,0.322) thr=0.13 steer=1.00 on_floor=true still=0
tick=780 phase=following reason=path_ready wp=1 dist_wp=21.34 bearing_deg=51.53 speed=1.500 pos=(-123.063,6.398,0.733) thr=0.13 steer=1.00 on_floor=true still=0
tick=810 phase=following reason=path_ready wp=1 dist_wp=20.76 bearing_deg=28.10 speed=1.500 pos=(-123.389,6.361,1.371) thr=0.13 steer=1.00 on_floor=true still=0
tick=840 phase=following reason=path_ready wp=1 dist_wp=19.96 bearing_deg=11.92 speed=2.125 pos=(-123.445,6.313,2.190) thr=0.91 steer=0.42 on_floor=true still=0
tick=870 phase=following reason=path_ready wp=1 dist_wp=18.65 bearing_deg=6.59 speed=3.002 pos=(-123.264,6.294,3.496) thr=0.87 steer=0.00 on_floor=true still=0
tick=900 phase=following reason=path_ready wp=1 dist_wp=16.91 bearing_deg=-8.58 speed=4.081 pos=(-122.830,6.235,5.199) thr=0.83 steer=-0.19 on_floor=true still=0
tick=930 phase=following reason=path_ready wp=1 dist_wp=14.68 bearing_deg=-13.36 speed=5.105 pos=(-122.107,6.087,7.354) thr=0.77 steer=-0.47 on_floor=true still=0
tick=960 phase=following reason=path_ready wp=1 dist_wp=12.13 bearing_deg=-21.28 speed=5.231 pos=(-121.006,5.856,9.790) thr=0.13 steer=-0.82 on_floor=true still=0
tick=990 phase=following reason=path_ready wp=1 dist_wp=10.31 bearing_deg=-35.06 speed=3.396 pos=(-119.935,5.687,11.561) thr=0.13 steer=-1.00 on_floor=true still=0
tick=1020 phase=following reason=path_ready wp=1 dist_wp=9.45 bearing_deg=-49.54 speed=1.733 pos=(-119.129,5.556,12.455) thr=0.13 steer=-1.00 on_floor=true still=0
tick=1050 phase=following reason=path_ready wp=1 dist_wp=9.11 bearing_deg=-61.05 speed=1.500 pos=(-118.552,5.505,12.876) thr=0.13 steer=-1.00 on_floor=true still=0
tick=1080 phase=following reason=path_ready wp=1 dist_wp=8.88 bearing_deg=-70.45 speed=1.500 pos=(-117.932,5.448,13.227) thr=0.13 steer=-1.00 on_floor=true still=0
tick=1110 phase=following reason=path_ready wp=1 dist_wp=8.75 bearing_deg=-77.81 speed=1.500 pos=(-117.283,5.409,13.538) thr=0.13 steer=-1.00 on_floor=true still=0
tick=1140 phase=following reason=path_ready wp=1 dist_wp=8.73 bearing_deg=-86.56 speed=1.500 pos=(-116.624,5.390,13.810) thr=0.13 steer=-1.00 on_floor=true still=0
tick=1170 phase=following reason=path_ready wp=1 dist_wp=8.81 bearing_deg=-94.14 speed=1.500 pos=(-115.942,5.344,14.038) thr=0.13 steer=-1.00 on_floor=true still=0
tick=1200 phase=following reason=path_ready wp=1 dist_wp=9.00 bearing_deg=-103.11 speed=1.500 pos=(-115.246,5.304,14.215) thr=0.13 steer=-1.00 on_floor=true still=0
tick=1230 phase=following reason=path_ready wp=1 dist_wp=9.28 bearing_deg=-109.52 speed=1.500 pos=(-114.535,5.274,14.350) thr=0.13 steer=-1.00 on_floor=true still=0
tick=1260 phase=following reason=path_ready wp=1 dist_wp=9.63 bearing_deg=-116.36 speed=1.500 pos=(-113.821,5.209,14.455) thr=0.13 steer=-1.00 on_floor=true still=0
tick=1290 phase=following reason=path_ready wp=1 dist_wp=10.06 bearing_deg=-124.88 speed=1.500 pos=(-113.107,5.199,14.509) thr=0.13 steer=-1.00 on_floor=true still=0
tick=1320 phase=following reason=path_ready wp=1 dist_wp=10.57 bearing_deg=-131.06 speed=1.500 pos=(-112.385,5.163,14.500) thr=0.13 steer=-1.00 on_floor=true still=0
tick=1350 phase=following reason=path_ready wp=1 dist_wp=11.12 bearing_deg=-135.80 speed=1.500 pos=(-111.662,5.132,14.462) thr=0.13 steer=-1.00 on_floor=true still=0
tick=1380 phase=following reason=path_ready wp=1 dist_wp=11.71 bearing_deg=-139.74 speed=1.500 pos=(-110.940,5.103,14.394) thr=0.13 steer=-1.00 on_floor=true still=0
tick=1410 phase=following reason=path_ready wp=1 dist_wp=12.32 bearing_deg=-142.42 speed=1.500 pos=(-110.219,5.077,14.311) thr=0.13 steer=-1.00 on_floor=true still=0
tick=1440 phase=following reason=path_ready wp=1 dist_wp=12.96 bearing_deg=-147.59 speed=1.500 pos=(-109.507,5.031,14.199) thr=0.13 steer=-1.00 on_floor=true still=0
tick=1470 phase=following reason=path_ready wp=1 dist_wp=13.62 bearing_deg=-154.22 speed=1.500 pos=(-108.810,4.998,14.017) thr=0.13 steer=-1.00 on_floor=true still=0
tick=1500 phase=following reason=path_ready wp=1 dist_wp=14.32 bearing_deg=-157.33 speed=1.500 pos=(-108.119,4.973,13.789) thr=0.13 steer=-1.00 on_floor=true still=0
tick=1530 phase=following reason=path_ready wp=1 dist_wp=15.02 bearing_deg=-160.40 speed=1.500 pos=(-107.440,4.958,13.537) thr=0.13 steer=-1.00 on_floor=true still=0
tick=1560 phase=following reason=path_ready wp=1 dist_wp=15.73 bearing_deg=-162.24 speed=1.500 pos=(-106.769,4.935,13.257) thr=0.13 steer=-1.00 on_floor=true still=0
tick=1590 phase=following reason=path_ready wp=1 dist_wp=16.45 bearing_deg=-164.38 speed=1.500 pos=(-106.106,4.888,12.959) thr=0.13 steer=-1.00 on_floor=true still=0
tick=1620 phase=following reason=path_ready wp=1 dist_wp=17.16 bearing_deg=-167.41 speed=1.500 pos=(-105.461,4.849,12.626) thr=0.13 steer=-1.00 on_floor=true still=0
tick=1650 phase=following reason=path_ready wp=1 dist_wp=17.89 bearing_deg=-170.75 speed=1.500 pos=(-104.839,4.841,12.255) thr=0.13 steer=-1.00 on_floor=true still=0
tick=1680 phase=following reason=path_ready wp=1 dist_wp=18.61 bearing_deg=-172.03 speed=1.500 pos=(-104.237,4.818,11.845) thr=0.13 steer=-1.00 on_floor=true still=0
tick=1710 phase=following reason=path_ready wp=1 dist_wp=19.33 bearing_deg=-173.10 speed=1.500 pos=(-103.656,4.789,11.411) thr=0.13 steer=-1.00 on_floor=true still=0
tick=1740 phase=following reason=path_ready wp=1 dist_wp=20.03 bearing_deg=160.72 speed=1.445 pos=(-103.171,4.780,10.864) thr=0.13 steer=1.00 on_floor=true still=0
tick=1770 phase=following reason=path_ready wp=1 dist_wp=20.61 bearing_deg=152.24 speed=1.190 pos=(-102.884,4.817,10.252) thr=0.13 steer=1.00 on_floor=true still=0
tick=1800 phase=following reason=path_ready wp=1 dist_wp=21.03 bearing_deg=148.85 speed=0.863 pos=(-102.730,4.856,9.736) thr=0.13 steer=1.00 on_floor=true still=0
tick=1830 phase=following reason=path_ready wp=1 dist_wp=21.29 bearing_deg=146.96 speed=0.513 pos=(-102.668,4.900,9.373) thr=0.13 steer=1.00 on_floor=true still=2
tick=1860 phase=following reason=path_ready wp=1 dist_wp=21.40 bearing_deg=144.27 speed=0.170 pos=(-102.683,4.933,9.166) thr=0.13 steer=1.00 on_floor=true still=24
tick=1890 phase=following reason=path_ready wp=1 dist_wp=21.38 bearing_deg=143.25 speed=0.000 pos=(-102.749,4.951,9.102) thr=0.13 steer=1.00 on_floor=true still=54
tick=1920 phase=following reason=path_ready wp=1 dist_wp=21.38 bearing_deg=143.09 speed=0.000 pos=(-102.749,4.949,9.102) thr=0.13 steer=1.00 on_floor=true still=84
tick=1950 phase=following reason=path_ready wp=1 dist_wp=21.38 bearing_deg=143.08 speed=0.000 pos=(-102.749,4.949,9.102) thr=0.13 steer=1.00 on_floor=true still=114
tick=1980 phase=following reason=path_ready wp=1 dist_wp=21.38 bearing_deg=143.07 speed=0.000 pos=(-102.749,4.949,9.102) thr=0.13 steer=1.00 on_floor=true still=144
tick=2010 phase=following reason=path_ready wp=1 dist_wp=21.38 bearing_deg=143.07 speed=0.000 pos=(-102.749,4.949,9.102) thr=0.13 steer=1.00 on_floor=true still=174
tick=2040 phase=following reason=path_ready wp=1 dist_wp=21.38 bearing_deg=143.07 speed=0.000 pos=(-102.749,4.949,9.102) thr=0.13 steer=1.00 on_floor=true still=204
tick=2070 phase=following reason=path_ready wp=1 dist_wp=21.38 bearing_deg=143.07 speed=0.000 pos=(-102.749,4.949,9.103) thr=0.13 steer=1.00 on_floor=true still=234
tick=2100 phase=following reason=path_ready wp=1 dist_wp=21.38 bearing_deg=143.07 speed=0.000 pos=(-102.749,4.949,9.103) thr=0.13 steer=1.00 on_floor=true still=264
tick=2130 phase=following reason=path_ready wp=1 dist_wp=21.38 bearing_deg=143.07 speed=0.000 pos=(-102.749,4.949,9.103) thr=0.13 steer=1.00 on_floor=true still=294
tick=2160 phase=following reason=path_ready wp=1 dist_wp=21.38 bearing_deg=143.07 speed=0.000 pos=(-102.749,4.949,9.103) thr=0.13 steer=1.00 on_floor=true still=324
tick=2190 phase=following reason=path_ready wp=1 dist_wp=21.38 bearing_deg=143.07 speed=0.000 pos=(-102.749,4.949,9.103) thr=0.13 steer=1.00 on_floor=true still=354
tick=2220 phase=following reason=path_ready wp=1 dist_wp=21.38 bearing_deg=143.07 speed=0.000 pos=(-102.749,4.949,9.103) thr=0.13 steer=1.00 on_floor=true still=384
tick=2250 phase=following reason=path_ready wp=1 dist_wp=21.38 bearing_deg=143.07 speed=0.000 pos=(-102.749,4.949,9.103) thr=0.13 steer=1.00 on_floor=true still=414
tick=2280 phase=following reason=path_ready wp=1 dist_wp=21.38 bearing_deg=143.07 speed=0.000 pos=(-102.749,4.949,9.103) thr=0.13 steer=1.00 on_floor=true still=444
tick=2310 phase=following reason=path_ready wp=1 dist_wp=21.38 bearing_deg=143.07 speed=0.000 pos=(-102.749,4.949,9.103) thr=0.13 steer=1.00 on_floor=true still=474
tick=2340 phase=following reason=path_ready wp=1 dist_wp=21.38 bearing_deg=143.07 speed=0.000 pos=(-102.749,4.949,9.103) thr=0.13 steer=1.00 on_floor=true still=504
tick=2370 phase=following reason=path_ready wp=1 dist_wp=21.38 bearing_deg=143.07 speed=0.000 pos=(-102.749,4.949,9.104) thr=0.13 steer=1.00 on_floor=true still=534
tick=2400 phase=following reason=path_ready wp=1 dist_wp=21.38 bearing_deg=143.07 speed=0.000 pos=(-102.749,4.949,9.104) thr=0.13 steer=1.00 on_floor=true still=564
tick=2430 phase=following reason=path_ready wp=1 dist_wp=21.38 bearing_deg=143.07 speed=0.000 pos=(-102.749,4.949,9.104) thr=0.13 steer=1.00 on_floor=true still=594
tick=2460 phase=following reason=path_ready wp=1 dist_wp=21.38 bearing_deg=143.07 speed=0.000 pos=(-102.749,4.949,9.104) thr=0.13 steer=1.00 on_floor=true still=624
tick=2490 phase=following reason=path_ready wp=1 dist_wp=21.38 bearing_deg=143.07 speed=0.000 pos=(-102.749,4.949,9.104) thr=0.13 steer=1.00 on_floor=true still=654
tick=2520 phase=following reason=path_ready wp=1 dist_wp=21.38 bearing_deg=143.07 speed=0.000 pos=(-102.749,4.949,9.104) thr=0.13 steer=1.00 on_floor=true still=684
tick=2550 phase=following reason=path_ready wp=1 dist_wp=21.38 bearing_deg=143.07 speed=0.000 pos=(-102.749,4.949,9.104) thr=0.13 steer=1.00 on_floor=true still=714
tick=2580 phase=following reason=path_ready wp=1 dist_wp=21.38 bearing_deg=143.07 speed=0.000 pos=(-102.749,4.949,9.104) thr=0.13 steer=1.00 on_floor=true still=744
tick=2610 phase=following reason=path_ready wp=1 dist_wp=21.38 bearing_deg=143.06 speed=0.000 pos=(-102.749,4.949,9.104) thr=0.13 steer=1.00 on_floor=true still=774
tick=2640 phase=following reason=path_ready wp=1 dist_wp=21.38 bearing_deg=143.06 speed=0.000 pos=(-102.749,4.949,9.104) thr=0.13 steer=1.00 on_floor=true still=804
tick=2670 phase=following reason=path_ready wp=1 dist_wp=21.38 bearing_deg=143.06 speed=0.000 pos=(-102.749,4.949,9.105) thr=0.13 steer=1.00 on_floor=true still=834
tick=2700 phase=following reason=path_ready wp=1 dist_wp=21.38 bearing_deg=143.06 speed=0.000 pos=(-102.749,4.949,9.105) thr=0.13 steer=1.00 on_floor=true still=864
tick=2730 phase=following reason=path_ready wp=1 dist_wp=21.38 bearing_deg=143.06 speed=0.000 pos=(-102.749,4.949,9.105) thr=0.13 steer=1.00 on_floor=true still=894
tick=2760 phase=following reason=path_ready wp=1 dist_wp=21.38 bearing_deg=143.06 speed=0.000 pos=(-102.749,4.949,9.105) thr=0.13 steer=1.00 on_floor=true still=924
tick=2790 phase=following reason=path_ready wp=1 dist_wp=21.38 bearing_deg=143.06 speed=0.000 pos=(-102.749,4.949,9.105) thr=0.13 steer=1.00 on_floor=true still=954
tick=2820 phase=following reason=path_ready wp=1 dist_wp=21.38 bearing_deg=143.06 speed=0.000 pos=(-102.749,4.949,9.105) thr=0.13 steer=1.00 on_floor=true still=984
tick=2850 phase=following reason=path_ready wp=1 dist_wp=21.38 bearing_deg=143.06 speed=0.000 pos=(-102.749,4.949,9.105) thr=0.13 steer=1.00 on_floor=true still=1014
tick=2880 phase=following reason=path_ready wp=1 dist_wp=21.38 bearing_deg=143.06 speed=0.000 pos=(-102.749,4.949,9.105) thr=0.13 steer=1.00 on_floor=true still=1044
tick=2910 phase=following reason=path_ready wp=1 dist_wp=21.38 bearing_deg=143.06 speed=0.000 pos=(-102.749,4.949,9.105) thr=0.13 steer=1.00 on_floor=true still=1074
tick=2940 phase=following reason=path_ready wp=1 dist_wp=21.38 bearing_deg=143.06 speed=0.000 pos=(-102.749,4.949,9.106) thr=0.13 steer=1.00 on_floor=true still=1104
tick=2970 phase=following reason=path_ready wp=1 dist_wp=21.38 bearing_deg=143.06 speed=0.000 pos=(-102.749,4.949,9.106) thr=0.13 steer=1.00 on_floor=true still=1134
tick=3000 phase=following reason=path_ready wp=1 dist_wp=21.38 bearing_deg=143.06 speed=0.000 pos=(-102.749,4.949,9.106) thr=0.13 steer=1.00 on_floor=true still=1164
tick=3030 phase=following reason=path_ready wp=1 dist_wp=21.38 bearing_deg=143.06 speed=0.000 pos=(-102.749,4.949,9.106) thr=0.13 steer=1.00 on_floor=true still=1194
tick=3060 phase=following reason=path_ready wp=1 dist_wp=21.38 bearing_deg=143.06 speed=0.000 pos=(-102.749,4.949,9.106) thr=0.13 steer=1.00 on_floor=true still=1224
tick=3090 phase=following reason=path_ready wp=1 dist_wp=21.38 bearing_deg=143.06 speed=0.000 pos=(-102.749,4.949,9.106) thr=0.13 steer=1.00 on_floor=true still=1254
tick=3120 phase=following reason=path_ready wp=1 dist_wp=21.38 bearing_deg=143.06 speed=0.000 pos=(-102.749,4.949,9.106) thr=0.13 steer=1.00 on_floor=true still=1284
tick=3150 phase=following reason=path_ready wp=1 dist_wp=21.38 bearing_deg=143.06 speed=0.000 pos=(-102.749,4.949,9.106) thr=0.13 steer=1.00 on_floor=true still=1314
tick=3180 phase=following reason=path_ready wp=1 dist_wp=21.38 bearing_deg=143.06 speed=0.000 pos=(-102.749,4.949,9.106) thr=0.13 steer=1.00 on_floor=true still=1344
tick=3210 phase=following reason=path_ready wp=1 dist_wp=21.38 bearing_deg=143.06 speed=0.000 pos=(-102.749,4.949,9.107) thr=0.13 steer=1.00 on_floor=true still=1374
tick=3240 phase=following reason=path_ready wp=1 dist_wp=21.38 bearing_deg=143.06 speed=0.000 pos=(-102.749,4.949,9.107) thr=0.13 steer=1.00 on_floor=true still=1404
tick=3270 phase=following reason=path_ready wp=1 dist_wp=21.38 bearing_deg=143.06 speed=0.000 pos=(-102.749,4.949,9.107) thr=0.13 steer=1.00 on_floor=true still=1434
tick=3300 phase=following reason=path_ready wp=1 dist_wp=21.38 bearing_deg=143.06 speed=0.000 pos=(-102.749,4.949,9.107) thr=0.13 steer=1.00 on_floor=true still=1464
tick=3330 phase=following reason=path_ready wp=1 dist_wp=21.38 bearing_deg=143.06 speed=0.000 pos=(-102.749,4.949,9.107) thr=0.13 steer=1.00 on_floor=true still=1494
tick=3360 phase=following reason=path_ready wp=1 dist_wp=21.38 bearing_deg=143.06 speed=0.000 pos=(-102.749,4.949,9.107) thr=0.13 steer=1.00 on_floor=true still=1524
tick=3390 phase=following reason=path_ready wp=1 dist_wp=21.38 bearing_deg=143.06 speed=0.000 pos=(-102.749,4.949,9.107) thr=0.13 steer=1.00 on_floor=true still=1554
tick=3420 phase=following reason=path_ready wp=1 dist_wp=21.38 bearing_deg=143.06 speed=0.000 pos=(-102.749,4.949,9.107) thr=0.13 steer=1.00 on_floor=true still=1584
tick=3450 phase=following reason=path_ready wp=1 dist_wp=21.38 bearing_deg=143.06 speed=0.000 pos=(-102.749,4.949,9.107) thr=0.13 steer=1.00 on_floor=true still=1614
tick=3480 phase=following reason=path_ready wp=1 dist_wp=21.38 bearing_deg=143.06 speed=0.000 pos=(-102.749,4.949,9.108) thr=0.13 steer=1.00 on_floor=true still=1644
tick=3510 phase=following reason=path_ready wp=1 dist_wp=21.38 bearing_deg=143.06 speed=0.000 pos=(-102.749,4.949,9.108) thr=0.13 steer=1.00 on_floor=true still=1674
tick=3540 phase=following reason=path_ready wp=1 dist_wp=21.38 bearing_deg=143.06 speed=0.000 pos=(-102.749,4.949,9.108) thr=0.13 steer=1.00 on_floor=true still=1704
tick=3570 phase=following reason=path_ready wp=1 dist_wp=21.38 bearing_deg=143.06 speed=0.000 pos=(-102.749,4.949,9.108) thr=0.13 steer=1.00 on_floor=true still=1734
