Godot Engine v4.7.2.stable.official.ed1daf0bf - https://godotengine.org
OpenGL API 3.3.0 NVIDIA 591.86 - Compatibility - Using Device: NVIDIA - NVIDIA GeForce RTX 4070 SUPER

MODERN_MATCH_RUNTIME release=false evidence=E:/AIprogram/mcthunder-cont/logs/COMBAT-DEEPEN-01/modern-srcflow-runtime/20260920-020246-510/Godot/app_userdata/PixelArmor/tests/modern_match_shots
[PASS] modern player vehicle is present in real garage
[PASS] normal UI control is visible before click: /root/AppFlow/@CanvasLayer@2/@Control@4/Frontend/@VBoxContainer@213/@HBoxContainer@271/@Button@277 visible=true disabled=false
[PASS] normal UI control is visible before click: /root/AppFlow/@CanvasLayer@2/@Control@4/Frontend/@VBoxContainer@213/@HBoxContainer@214/@Button@220 visible=true disabled=false
[PASS] real card selects T-80B
[PASS] normal UI control is visible before click: /root/AppFlow/@CanvasLayer@2/@Control@4/Frontend/@VBoxContainer@213/@HBoxContainer@226/@PanelContainer@227/@VBoxContainer@228/@ScrollContainer@231/@VBoxContainer@232/@VBoxContainer@234/@VBoxContainer@48/@VBoxContainer@63/@VBoxContainer@64/@HBoxContainer@301/@SpinBox@305/@SpinBoxLineEdit@303 visible=true disabled=false
[PASS] normal keyboard edits ammunition count
[PASS] normal UI control is visible before click: /root/AppFlow/@CanvasLayer@2/@Control@4/Frontend/@VBoxContainer@213/@HBoxContainer@226/@PanelContainer@227/@VBoxContainer@228/@ScrollContainer@231/@VBoxContainer@232/@VBoxContainer@234/@VBoxContainer@48/@VBoxContainer@63/@VBoxContainer@64/@HBoxContainer@306/@SpinBox@310/@SpinBoxLineEdit@308 visible=true disabled=false
[PASS] normal keyboard edits ammunition count
[PASS] normal UI control is visible before click: /root/AppFlow/@CanvasLayer@2/@Control@4/Frontend/@VBoxContainer@213/@HBoxContainer@226/@PanelContainer@227/@VBoxContainer@228/@ScrollContainer@231/@VBoxContainer@232/@VBoxContainer@234/@VBoxContainer@48/@VBoxContainer@63/@VBoxContainer@64/@HBoxContainer@311/@SpinBox@315/@SpinBoxLineEdit@313 visible=true disabled=false
[PASS] normal keyboard edits ammunition count
[PASS] actual window capture 00_prepared (review pending)
[PASS] normal UI control is visible before click: /root/AppFlow/@CanvasLayer@2/@Control@4/Frontend/@VBoxContainer@213/@HBoxContainer@226/@PanelContainer@227/@VBoxContainer@228/@Button@244 visible=true disabled=false
[PASS] real deployment enters river team match
MODERN_SPAWN id=ussr_t_80b wanted_id=ussr_t_80b rounds=24 wanted_rounds=18 typed=true capacity=38 wanted_counts={"ussr_t_80b_eng_125_he_v1":6,"ussr_t_80b_eng_125_heat_v1":6,"ussr_t_80b_shell":12} first="ussr_t_80b_shell"
[FAIL] actual player spawn consumes edited eighteen-round loadout
[PASS] normal deployment saves exact edited loadout to disk
[PASS] pilot reads actual river road graph
[PASS] actual window capture 01_deployed (review pending)
MODERN_ROUTE life=1 goal=A ok=true points=41
MODERN_PLAYER { "seconds": 7.19999999999998, "life": 1, "position": "(-286.8163, 8.032321, 684.613)", "distance": 4.77201194874942, "shots": 0, "tickets": { 1: 300, 2: 300 } }
[PASS] actual window capture 03_driving (review pending)
MODERN_PLAYER { "seconds": 17.2000000000003, "life": 1, "position": "(-326.1157, 8.633718, 712.513)", "distance": 70.9686726005748, "shots": 0, "tickets": { 1: 300, 2: 300 } }
MODERN_PLAYER { "seconds": 27.1999999999997, "life": 1, "position": "(-369.5382, 8.943177, 711.3664)", "distance": 114.832823591074, "shots": 0, "tickets": { 1: 300, 2: 300 } }
MODERN_PLAYER { "seconds": 37.1999999999992, "life": 1, "position": "(-369.5386, 8.883067, 711.2213)", "distance": 114.989949661074, "shots": 0, "tickets": { 1: 300, 2: 300 } }
MODERN_PLAYER { "seconds": 47.1999999999986, "life": 1, "position": "(-369.5386, 8.885347, 711.0706)", "distance": 115.162934435997, "shots": 0, "tickets": { 1: 300, 2: 300 } }
MODERN_PLAYER { "seconds": 57.199999999998, "life": 1, "position": "(-369.5386, 8.883467, 710.9187)", "distance": 115.325073168497, "shots": 0, "tickets": { 1: 300, 2: 300 } }
MODERN_PLAYER { "seconds": 67.1999999999975, "life": 1, "position": "(-384.9779, 8.026855, 679.63)", "distance": 161.102252013981, "shots": 0, "tickets": { 1: 300, 2: 300 } }
MODERN_PLAYER { "seconds": 77.1999999999969, "life": 1, "position": "(-503.9693, 8.001581, 679.3408)", "distance": 280.121425099671, "shots": 0, "tickets": { 1: 300, 2: 300 } }
MODERN_PLAYER { "seconds": 87.1999999999963, "life": 1, "position": "(-544.7161, 8.004245, 628.2854)", "distance": 362.014325514436, "shots": 0, "tickets": { 1: 300, 2: 300 } }
MODERN_PLAYER { "seconds": 97.1999999999958, "life": 1, "position": "(-545.1994, 8.006289, 508.5277)", "distance": 482.048221603036, "shots": 0, "tickets": { 1: 300, 2: 300 } }
MODERN_PLAYER { "seconds": 107.199999999995, "life": 1, "position": "(-523.535, 8.008373, 390.5493)", "distance": 602.115162983537, "shots": 0, "tickets": { 1: 300, 2: 300 } }
MODERN_PLAYER { "seconds": 117.199999999995, "life": 1, "position": "(-498.0628, 8.005121, 273.2388)", "distance": 722.209290757775, "shots": 0, "tickets": { 1: 300, 2: 300 } }
MODERN_PLAYER { "seconds": 127.199999999994, "life": 1, "position": "(-492.9488, 8.002348, 153.8447)", "distance": 841.990324273705, "shots": 0, "tickets": { 1: 300, 2: 300 } }
MODERN_PLAYER { "seconds": 137.200000000001, "life": 1, "position": "(-510.2485, 8.000366, 102.9478)", "distance": 895.997958561406, "shots": 0, "tickets": { 1: 300, 2: 300 } }
MODERN_ROUTE life=1 goal=B ok=true points=41
MODERN_PLAYER { "seconds": 147.200000000009, "life": 1, "position": "(-520.3532, 8.003309, 28.48001)", "distance": 972.142483551055, "shots": 0, "tickets": { 1: 300, 2: 292 } }
MODERN_PLAYER { "seconds": 157.200000000017, "life": 1, "position": "(-523.9348, 8.004456, -91.19422)", "distance": 1092.25124259666, "shots": 0, "tickets": { 1: 294, 2: 282 } }
MODERN_PLAYER { "seconds": 167.200000000025, "life": 1, "position": "(-548.0977, 8.002105, -206.7301)", "distance": 1212.11615308002, "shots": 0, "tickets": { 1: 284, 2: 272 } }
MODERN_PLAYER { "seconds": 177.200000000033, "life": 1, "position": "(-484.5452, 8.008318, -219.2626)", "distance": 1288.53434603196, "shots": 0, "tickets": { 1: 274, 2: 253 } }
MODERN_PLAYER { "seconds": 187.200000000041, "life": 1, "position": "(-364.4768, 8.001676, -220.4647)", "distance": 1408.69221036416, "shots": 0, "tickets": { 1: 264, 2: 203 } }
MODERN_PLAYER { "seconds": 197.200000000049, "life": 1, "position": "(-244.3884, 8.001115, -220.5885)", "distance": 1528.84200661164, "shots": 0, "tickets": { 1: 254, 2: 183 } }
MODERN_PLAYER { "seconds": 207.200000000057, "life": 1, "position": "(-124.2183, 8.002549, -219.4876)", "distance": 1649.08379273396, "shots": 0, "tickets": { 1: 244, 2: 163 } }
MODERN_PLAYER { "seconds": 217.216666666732, "life": 1, "position": "(-50.29712, 8.007568, -219.5399)", "distance": 1723.27300237305, "shots": 1, "tickets": { 1: 204, 2: 113 } }
MODERN_PLAYER { "seconds": 227.21666666674, "life": 1, "position": "(-27.99139, 8.002451, -167.7197)", "distance": 1797.56196010299, "shots": 1, "tickets": { 1: 194, 2: 93 } }
MODERN_PLAYER { "seconds": 237.216666666748, "life": 1, "position": "(-23.55088, 8.003573, -137.9904)", "distance": 1828.05028852914, "shots": 1, "tickets": { 1: 184, 2: 73 } }
MODERN_PLAYER { "seconds": 247.216666666756, "life": 1, "position": "(-23.55124, 8.003396, -137.9912)", "distance": 1828.50499246549, "shots": 1, "tickets": { 1: 181, 2: 23 } }
MODERN_ROUTE life=1 goal=A ok=true points=42
TRAFFIC_EVIDENCE user://diagnostics/traffic/match_01.json
[PASS] normal keyboard player advances more than 100 metres
[PASS] normal player fire produces real contacts and damage
[PASS] unchanged river rules naturally finish the player's match
[PASS] engineering result settles without blocked reward receipt
[PASS] actual window capture 04_result (review pending)
[PASS] natural player flow event evidence saved
[PASS] normal UI control is visible before click: /root/AppFlow/RiverJunctionTeam/HUD/@PanelContainer@3525/@VBoxContainer@3526/@HBoxContainer@3531/@Button@3532 visible=true disabled=false
[FAIL] result button starts next river match with selected vehicle and saved loadout
[PASS] actual window capture 05_next_match (review pending)
[PASS] normal UI control is visible before click: /root/AppFlow/RiverJunctionTeam/HUD/@Control@6874/@CenterContainer@6876/@VBoxContainer@6877/@Button@6881 visible=true disabled=false
[PASS] normal UI control is visible before click: /root/AppFlow/@CanvasLayer@2/ApplicationDialog/@MarginContainer@7298/@VBoxContainer@7299/@HBoxContainer@7303/@Button@7305 visible=true disabled=false
[PASS] normal leave returns to saved garage before process restart
=== result: 30 checks, 2 failed ===
MODERN_MATCH_FAIL
