Godot Engine v4.7.2.stable.official.ed1daf0bf - https://godotengine.org

WARNING: LayoutCatalog: test_player_vehicle_layout: WARNING modules[1].barrel_box: module box outside actual vehicle armor bounds (coarse AABB check; not a verdict of physical intersection)
   at: push_warning (core/variant/variant_utility.cpp:1033)
   GDScript backtrace (most recent call first):
       [0] load_layout (res://scripts/layout/layout_catalog.gd:98)
       [1] setup (res://scripts/vehicle_actor.gd:96)
       [2] _ready (res://scripts/training/ballistics_range.gd:71)
       [3] _ready (res://scripts/battle/team_range.gd:42)
       [4] run (res://scripts/diagnostics/match_scenario_runner.gd:15)
       [5] _run (res://tests/run_match_batch_checks.gd:23)
[match seed=19001 t=0.0] tickets={ 1: 300, 2: 300 } active=8 wreck=0 shots=0
[match seed=19001 t=60.0] tickets={ 1: 270, 2: 300 } active=8 wreck=1 shots=45
[match seed=19001 t=120.0] tickets={ 1: 236, 2: 300 } active=8 wreck=1 shots=91
[match seed=19001 t=180.0] tickets={ 1: 146, 2: 240 } active=8 wreck=3 shots=142
[match seed=19001 t=240.0] tickets={ 1: 56, 2: 210 } active=8 wreck=5 shots=192
TRAFFIC_EVIDENCE user://diagnostics/traffic/match_01.json
[PASS] T019-01 seed 19001 naturally settles exactly once
[PASS] T019-02 seed 19001 keeps actors/wrecks/projectiles/cameras within budget
[PASS] all eight AI slots reach approaches and actual shots contact vehicles
[PASS] unique death ledger and one terminal record for every accepted shot
[PASS] T019-03 complete match cleanup stays bounded across restart 1
[match result] seed=19001 outcome=defeat seconds=265.866666666754 deaths=7 shots=214 max={ "actors": 14, "live": 8, "wrecks": 6, "projectiles": 3, "records": 16, "nodes": 2433, "objects": 10284, "resources": 187, "static_memory_bytes": 153397698 } cleanup={ "nodes": 1, "orphans": 0, "objects": 1936, "resources": 184, "static_memory_bytes": 114799239 }
=== 结果: 5 项检查, 0 失败 ===
MATCH_BATCH_CHECKS_PASS
