Godot Engine v4.7.2.stable.official.ed1daf0bf - https://godotengine.org

[PASS] normal garage starts map 0
NATURAL_MATCH map=0 frame=0 seconds=0.0 tickets={ 1: 300, 2: 300 }
NATURAL_MATCH map=0 frame=3600 seconds=57.0 tickets={ 1: 270, 2: 300 }
NATURAL_MATCH map=0 frame=7200 seconds=117.0 tickets={ 1: 240, 2: 270 }
NATURAL_MATCH map=0 frame=10800 seconds=177.0 tickets={ 1: 128, 2: 270 }
NATURAL_MATCH map=0 frame=14400 seconds=237.0 tickets={ 1: 68, 2: 270 }
NATURAL_MATCH map=0 frame=18000 seconds=297.0 tickets={ 1: 8, 2: 270 }
TRAFFIC_EVIDENCE user://diagnostics/traffic/match_01.json
[PASS] map 0 reaches natural rules result
NATURAL_RESULT map=0 {"combat_summary":{"capture_seconds":0.0,"deaths":0,"hits":0,"kills":0,"last_death":"","penetrations":0},"event_sequence":20,"events":[{"entity_id":"A","kind":"spawn","life_id":1,"match_id":101,"physics_tick":3,"schema_version":1,"sequence":1,"time":0.0},{"entity_id":"A2","kind":"spawn","life_id":2,"match_id":101,"physics_tick":3,"schema_version":1,"sequence":2,"time":0.0},{"entity_id":"A3","kind":"spawn","life_id":3,"match_id":101,"physics_tick":3,"schema_version":1,"sequence":3,"time":0.0},{"entity_id":"A4","kind":"spawn","life_id":4,"match_id":101,"physics_tick":3,"schema_version":1,"sequence":4,"time":0.0},{"entity_id":"B","kind":"spawn","life_id":5,"match_id":101,"physics_tick":3,"schema_version":1,"sequence":5,"time":0.0},{"entity_id":"B2","kind":"spawn","life_id":6,"match_id":101,"physics_tick":3,"schema_version":1,"sequence":6,"time":0.0},{"entity_id":"B3","kind":"spawn","life_id":7,"match_id":101,"physics_tick":3,"schema_version":1,"sequence":7,"time":0.0},{"entity_id":"B4","kind":"spawn","life_id":8,"match_id":101,"physics_tick":3,"schema_version":1,"sequence":8,"time":0.0},{"kind":"match_started","match_id":101,"physics_tick":184,"schema_version":1,"sequence":9,"time":0.0},{"cause":"ammo_detonation","entity_id":"A2","kind":"death","life_id":2,"match_id":101,"physics_tick":3534,"schema_version":1,"sequence":10,"team":1,"time":55.8333333333314},{"entity_id":"A2","kind":"spawn","life_id":9,"match_id":101,"physics_tick":4014,"schema_version":1,"sequence":11,"time":63.833333333331},{"cause":"ammo_detonation","entity_id":"A4","kind":"death","life_id":4,"match_id":101,"physics_tick":5521,"schema_version":1,"sequence":12,"team":1,"time":88.9499999999962},{"cause":"ammo_detonation","entity_id":"B","kind":"death","life_id":5,"match_id":101,"physics_tick":5899,"schema_version":1,"sequence":13,"team":2,"time":95.2499999999959},{"entity_id":"A4","kind":"spawn","life_id":10,"match_id":101,"physics_tick":6001,"schema_version":1,"sequence":14,"time":96.9499999999958},{"entity_id":"B","kind":"spawn","life_id":11,"match_id":101,"physics_tick":6379,"schema_version":1,"sequence":15,"time":103.249999999995},{"cause":"ammo_detonation","entity_id":"A2","kind":"death","life_id":9,"match_id":101,"physics_tick":7950,"schema_version":1,"sequence":16,"team":1,"time":129.433333333328},{"entity_id":"A2","kind":"spawn","life_id":12,"match_id":101,"physics_tick":8430,"schema_version":1,"sequence":17,"time":137.433333333335},{"cause":"ammo_detonation","entity_id":"A4","kind":"death","life_id":10,"match_id":101,"physics_tick":8878,"schema_version":1,"sequence":18,"team":1,"time":144.900000000007},{"entity_id":"A4","kind":"spawn","life_id":13,"match_id":101,"physics_tick":9358,"schema_version":1,"sequence":19,"time":152.900000000014},{"kind":"match_finished","match_id":101,"outcome":"defeat","physics_tick":18472,"reason":"tickets","schema_version":1,"sequence":20,"tickets":{"1":0,"2":270},"time":304.800000000051}],"match_id":101,"outcome":"defeat","reason":"tickets","seconds":304.800000000051,"shots":0,"status":"failed","tickets":{"1":0,"2":270},"title":"4对4占点"}
[PASS] natural result shows frozen combat summary 0
[PASS] natural finish commits one receipt without pending reward 0
[PASS] retry cannot duplicate natural match reward 0
[PASS] natural result restarts a fresh world 0
[PASS] restart returns to usable garage 0
[PASS] normal garage starts map 1
NATURAL_MATCH map=1 frame=0 seconds=0.0 tickets={ 1: 300, 2: 300 }
NATURAL_MATCH map=1 frame=3600 seconds=57.0 tickets={ 1: 300, 2: 300 }
NATURAL_MATCH map=1 frame=7200 seconds=117.0 tickets={ 1: 300, 2: 300 }
NATURAL_MATCH map=1 frame=10800 seconds=177.0 tickets={ 1: 240, 2: 300 }
NATURAL_MATCH map=1 frame=14400 seconds=237.0 tickets={ 1: 180, 2: 300 }
NATURAL_MATCH map=1 frame=18000 seconds=297.0 tickets={ 1: 120, 2: 300 }
NATURAL_MATCH map=1 frame=21600 seconds=357.0 tickets={ 1: 60, 2: 300 }
TRAFFIC_EVIDENCE user://diagnostics/traffic/match_03.json
[PASS] map 1 reaches natural rules result
NATURAL_RESULT map=1 {"combat_summary":{"capture_seconds":0.0,"deaths":0,"hits":0,"kills":0,"last_death":"","penetrations":0},"event_sequence":14,"events":[{"entity_id":"A","kind":"spawn","life_id":22,"match_id":103,"physics_tick":18479,"schema_version":1,"sequence":1,"time":0.0},{"entity_id":"A2","kind":"spawn","life_id":23,"match_id":103,"physics_tick":18479,"schema_version":1,"sequence":2,"time":0.0},{"entity_id":"A3","kind":"spawn","life_id":24,"match_id":103,"physics_tick":18479,"schema_version":1,"sequence":3,"time":0.0},{"entity_id":"A4","kind":"spawn","life_id":25,"match_id":103,"physics_tick":18479,"schema_version":1,"sequence":4,"time":0.0},{"entity_id":"B","kind":"spawn","life_id":26,"match_id":103,"physics_tick":18479,"schema_version":1,"sequence":5,"time":0.0},{"entity_id":"B2","kind":"spawn","life_id":27,"match_id":103,"physics_tick":18479,"schema_version":1,"sequence":6,"time":0.0},{"entity_id":"B3","kind":"spawn","life_id":28,"match_id":103,"physics_tick":18479,"schema_version":1,"sequence":7,"time":0.0},{"entity_id":"B4","kind":"spawn","life_id":29,"match_id":103,"physics_tick":18479,"schema_version":1,"sequence":8,"time":0.0},{"kind":"match_started","match_id":103,"physics_tick":18660,"schema_version":1,"sequence":9,"time":0.0},{"cause":"ammo_detonation","entity_id":"A4","kind":"death","life_id":25,"match_id":103,"physics_tick":25908,"schema_version":1,"sequence":10,"team":1,"time":120.799999999994},{"entity_id":"A4","kind":"spawn","life_id":30,"match_id":103,"physics_tick":26388,"schema_version":1,"sequence":11,"time":128.799999999995},{"cause":"ammo_detonation","entity_id":"B2","kind":"death","life_id":27,"match_id":103,"physics_tick":40950,"schema_version":1,"sequence":12,"team":2,"time":371.499999999991},{"entity_id":"B2","kind":"spawn","life_id":31,"match_id":103,"physics_tick":41430,"schema_version":1,"sequence":13,"time":379.499999999984},{"kind":"match_finished","match_id":103,"outcome":"defeat","physics_tick":43621,"reason":"tickets","schema_version":1,"sequence":14,"tickets":{"1":0,"2":270},"time":416.016666666617}],"match_id":103,"outcome":"defeat","reason":"tickets","seconds":416.016666666617,"shots":0,"status":"failed","tickets":{"1":0,"2":270},"title":"4对4占点"}
[PASS] natural result shows frozen combat summary 1
[PASS] natural finish commits one receipt without pending reward 1
[PASS] retry cannot duplicate natural match reward 1
[PASS] natural result restarts a fresh world 1
[PASS] restart returns to usable garage 1
=== 结果: 14 项检查, 0 失败 ===
APP_MATCH_CYCLE_CHECKS_PASS
