Godot Engine v4.7.2.stable.official.ed1daf0bf - https://godotengine.org
OpenGL API 3.3.0 NVIDIA 591.86 - Compatibility - Using Device: NVIDIA - NVIDIA GeForce RTX 4070 SUPER

[PASS] actual window capture 00_combat_entry
[PASS] normal garage button enters combat laboratory
[PASS] normal difficulty key restarts actual AI
[PASS] actual window capture 01_hidden_start
[PASS] normal hidden start has no target lock or shots
[PASS] normal driving exposes player outside cover
[PASS] AI sees normally driven exposed hull
[PASS] actual window capture 02_exposed_observed
[PASS] AI fires actual gun after aiming and reaction
[PASS] actual window capture 03_ai_shot
RETREAT (18.55115, -0.019058, 5.595233) caps={ "drive": false, "steer": false, "fire": true, "turret_speed": 1.0, "reload_rate": 1.0, "reasons": ["engine"], "crew_alive": 5 } input=false enabled=true paused=false
[FAIL] normal reverse returns player behind cover
[FAIL] AI loses line of sight after normal retreat
[PASS] actual window capture 04_hidden_search
RESTART (0.0, -0.01987, 6.0) bot=(0.0, -0.01987, -42.0) shots=3 observation={  } round=4
[FAIL] normal restart clears previous combat and memory
[PASS] normal menu pauses combat
[PASS] normal return releases combat actors
=== 结果: 16 项检查, 3 失败 ===
[render] fps=59
AI_COMBAT_PLAYER_CHECKS_FAIL
