Godot Engine v4.7.2.stable.official.ed1daf0bf - https://godotengine.org

[PASS] actual village scene starts the same eight-vehicle match
[PASS] final roof and decoration world preserves the graybox road envelope
[PASS] HUD reads authored village geometry instead of graybox coordinates
[natural battle 5.1s] { "A": { "position": (-27.0, -0.019893, 116.0), "dead": false, "phase": "player", "drive": "player" }, "A2": { "position": (-17.02674, -0.019059, 105.3612), "dead": false, "phase": "patrol", "drive": "following" }, "A3": { "position": (17.02679, -0.019059, 105.3611), "dead": false, "phase": "patrol", "drive": "following" }, "A4": { "position": (34.63927, -0.019059, 105.5208), "dead": false, "phase": "patrol", "drive": "following" }, "B": { "position": (-34.63924, -0.019059, -105.5207), "dead": false, "phase": "patrol", "drive": "following" }, "B2": { "position": (-17.02681, -0.019056, -105.3611), "dead": false, "phase": "patrol", "drive": "following" }, "B3": { "position": (17.02676, -0.019059, -105.361), "dead": false, "phase": "patrol", "drive": "following" }, "B4": { "position": (34.6393, -0.019058, -105.5207), "dead": false, "phase": "patrol", "drive": "following" } }
[natural battle 20.2s] { "A": { "position": (-27.0, -0.019893, 116.0), "dead": false, "phase": "player", "drive": "player" }, "A2": { "position": (-71.58825, -0.019059, 103.9767), "dead": false, "phase": "patrol", "drive": "following" }, "A3": { "position": (71.58823, -0.01906, 103.9767), "dead": false, "phase": "patrol", "drive": "following" }, "A4": { "position": (72.07824, -0.019058, 87.34043), "dead": false, "phase": "observe", "drive": "following" }, "B": { "position": (-72.07756, -0.019058, -87.33714), "dead": false, "phase": "patrol", "drive": "following" }, "B2": { "position": (-71.58911, -0.019059, -103.9767), "dead": false, "phase": "patrol", "drive": "following" }, "B3": { "position": (71.58739, -0.019058, -103.9768), "dead": false, "phase": "patrol", "drive": "following" }, "B4": { "position": (72.0789, -0.019058, -87.34348), "dead": false, "phase": "observe", "drive": "following" } }
[natural battle 35.1s] { "A": { "position": (-27.0, -0.019893, 116.0), "dead": false, "phase": "player", "drive": "player" }, "A2": { "position": (-60.01084, -0.019058, 38.09789), "dead": false, "phase": "engage", "drive": "following" }, "A3": { "position": (60.01082, -0.019058, 38.09791), "dead": false, "phase": "engage", "drive": "following" }, "A4": { "position": (47.12539, -0.019058, 24.9672), "dead": false, "phase": "engage", "drive": "following" }, "B": { "position": (-72.05472, -0.019058, -73.25516), "dead": false, "phase": "engage", "drive": "idle" }, "B2": { "position": (-72.00686, -0.019058, -82.03476), "dead": false, "phase": "patrol", "drive": "following" }, "B3": { "position": (71.90537, -0.019058, -51.2299), "dead": false, "phase": "engage", "drive": "idle" }, "B4": { "position": (47.12553, -0.019059, -24.96698), "dead": false, "phase": "engage", "drive": "following" } }
[natural battle 50.1s] { "A": { "position": (-27.0, -0.019893, 116.0), "dead": false, "phase": "player", "drive": "player" }, "A2": { "position": (-53.18707, -0.019058, 31.07387), "dead": false, "phase": "engage", "drive": "idle" }, "A3": { "position": (46.67133, -0.019058, 24.49804), "dead": false, "phase": "engage", "drive": "yielding" }, "A4": { "position": (40.74062, -0.019058, 19.75624), "dead": false, "phase": "engage", "drive": "following" }, "B": { "position": (-40.12893, -0.019058, -19.45667), "dead": false, "phase": "engage", "drive": "following" }, "B2": { "position": (-46.78147, -0.019058, -24.62663), "dead": false, "phase": "engage", "drive": "following" }, "B3": { "position": (71.90537, -0.019058, -51.2299), "dead": false, "phase": "repair", "drive": "idle" }, "B4": { "position": (26.17353, -0.019058, -13.37545), "dead": false, "phase": "repair", "drive": "following" } }
[natural battle 65.1s] { "A": { "position": (-27.0, -0.019893, 116.0), "dead": false, "phase": "player", "drive": "player" }, "A2": { "position": (-53.18707, -0.019058, 31.07387), "dead": false, "phase": "engage", "drive": "idle" }, "A3": { "position": (14.05715, -0.019058, 12.13298), "dead": false, "phase": "repair", "drive": "following" }, "A4": { "position": (9.096188, -0.019058, 6.547745), "dead": false, "phase": "repair", "drive": "following" }, "B": { "position": (-9.177057, -0.019058, -6.495407), "dead": false, "phase": "engage", "drive": "arrived" }, "B2": { "position": (0.768278, -0.019058, -7.90876), "dead": false, "phase": "engage", "drive": "turn_recovery" }, "B3": { "position": (71.90537, -0.019058, -51.2299), "dead": false, "phase": "engage", "drive": "idle" }, "B4": { "position": (9.179121, -0.019058, -6.336395), "dead": false, "phase": "repair", "drive": "following" } }
[natural battle 80.1s] { "A": { "position": (-27.0, -0.019893, 116.0), "dead": false, "phase": "player", "drive": "player" }, "A2": { "position": (-53.18707, -0.019058, 31.07387), "dead": false, "phase": "engage", "drive": "idle" }, "A3": { "position": (14.05715, -0.019058, 12.13298), "dead": true, "phase": "player", "drive": "player" }, "A4": { "position": (-15.10495, -0.019058, 105.1374), "dead": false, "phase": "patrol", "drive": "following" }, "B": { "position": (-9.177057, -0.019058, -6.495407), "dead": false, "phase": "patrol", "drive": "arrived" }, "B2": { "position": (-1.759102, -0.019058, -8.698067), "dead": false, "phase": "engage", "drive": "arrived" }, "B3": { "position": (71.8828, -0.019058, -51.18906), "dead": false, "phase": "engage", "drive": "following" }, "B4": { "position": (9.179121, -0.019058, -6.336395), "dead": false, "phase": "observe", "drive": "idle" } }
[natural battle 95.1s] { "A": { "position": (-27.0, -0.019893, 116.0), "dead": false, "phase": "player", "drive": "player" }, "A2": { "position": (-53.18707, -0.019058, 31.07387), "dead": false, "phase": "repair", "drive": "idle" }, "A3": { "position": (-31.40047, -0.019058, 107.5269), "dead": false, "phase": "patrol", "drive": "following" }, "A4": { "position": (-71.38811, -0.01906, 107.4781), "dead": false, "phase": "patrol", "drive": "following" }, "B": { "position": (-9.177057, -0.019058, -6.495407), "dead": false, "phase": "patrol", "drive": "arrived" }, "B2": { "position": (-1.759102, -0.019058, -8.698067), "dead": false, "phase": "engage", "drive": "arrived" }, "B3": { "position": (12.61748, -0.019058, -12.73812), "dead": false, "phase": "engage", "drive": "following" }, "B4": { "position": (9.179121, -0.019058, -6.336395), "dead": false, "phase": "engage", "drive": "idle" } }
[natural battle 110.1s] { "A": { "position": (-27.0, -0.019893, 116.0), "dead": false, "phase": "player", "drive": "player" }, "A2": { "position": (-53.18707, -0.019058, 31.07387), "dead": false, "phase": "engage", "drive": "idle" }, "A3": { "position": (-71.98476, -0.019058, 95.20831), "dead": false, "phase": "engage", "drive": "following" }, "A4": { "position": (-61.54382, -0.019059, 39.72916), "dead": false, "phase": "observe", "drive": "following" }, "B": { "position": (-9.177057, -0.019058, -6.495407), "dead": false, "phase": "patrol", "drive": "arrived" }, "B2": { "position": (-1.759102, -0.019058, -8.698067), "dead": false, "phase": "engage", "drive": "arrived" }, "B3": { "position": (19.45413, -0.019058, -14.18846), "dead": false, "phase": "search", "drive": "following" }, "B4": { "position": (9.179121, -0.019058, -6.336395), "dead": false, "phase": "engage", "drive": "idle" } }
[PASS] 120 seconds of normal eight-actor physics stays finite and within visible bounds
[PASS] all seven autonomous actors leave spawn and reach central approaches: ["A4", "B4", "A2", "A3", "B", "B2", "B3"]
[PASS] normal AI perception and projectile execution produce combat on the map: ["A2", "A4", "B4", "A3", "B3", "B", "B2"]
[PASS] T018-H02 actual projectile stops at visible spawn_screen_1
[PASS] T018-H02 actual projectile stops at visible house_1_1
[PASS] T018-H02 actual projectile stops at visible village_house_1
[PASS] T018-H02 actual projectile stops at visible cover_1
[PASS] T018-H02 actual projectile stops at visible fence_1
[PASS] T018-H02 actual projectile stops at visible boundary_x160
[PASS] T018-H02 actual projectile stops at visible roof
[PASS] short original grass has no physical or AI-only obstruction
[PASS] T018-H03 measured 140m clear main-route gun line side -1
[PASS] T018-H03 measured 140m clear main-route gun line side 1
[sightlines] two actual 140m clear main-route lines
[hill sightline] distance=93.5336380004883 endpoint=(-72.0, 2.4, -80.0)
[PASS] elevated western hill has a measured clear line to main-road approach -1
[hill sightline] distance=93.5336380004883 endpoint=(-72.0, 2.4, 80.0)
[PASS] elevated western hill has a measured clear line to main-road approach 1
[PASS] AppFlow normal team selection resolves the bundled village scene
[PASS] restart preserves selected village and creates a fresh match identity
[PASS] village scene cleanup returns to the ordinary garage
=== 结果: 21 项检查, 0 失败 ===
VILLAGE_BATTLE_CHECKS_PASS
