Godot Engine v4.7.2.stable.official.ed1daf0bf - https://godotengine.org

[PASS] actual AI laboratory loads bundled navigation graph
[PASS] AI binds command controller without claiming local camera
[PASS] spectator view does not poll hidden player input
[PASS] player camera switch does not steal AI binding
[PASS] authored two-metre corridor rejects full-width tank
[PASS] nonfinite authored position rejected before path search
[PASS] goal outside authored map returns explicit failure
[PASS] A-star route choice is deterministic on equal-cost alternatives
[route 0] { "bounded": true, "max_x": 0.0, "steps": 207, "position": (0.0, -0.019058, -6.710476), "phase": "arrived" }
[PASS] route 0 uses bounded real movement without teleporting
[PASS] route 0 arrives through actual VehicleActor executor
[PASS] route 0 actually parks inside goal area
[route 1] { "bounded": true, "max_x": 10.7163896560669, "steps": 451, "position": (10.71639, -0.019057, -7.918257), "phase": "arrived" }
[PASS] route 1 uses bounded real movement without teleporting
[PASS] route 1 arrives through actual VehicleActor executor
[PASS] route 1 actually parks inside goal area
[route 2] { "bounded": true, "max_x": 11.9963731765747, "steps": 1049, "position": (1.051244, -0.019057, -41.25588), "phase": "arrived" }
[PASS] route 2 uses bounded real movement without teleporting
[PASS] route 2 arrives through actual VehicleActor executor
[PASS] route 2 actually parks inside goal area
[PASS] route 2 physically travels around the box footprint
[route 3] { "bounded": true, "max_x": 0.0, "steps": 1, "position": (0.0, -0.018438, 6.0), "phase": "unreachable" }
[PASS] route 3 uses bounded real movement without teleporting
[PASS] narrow trial stops explicitly without trying to squeeze through
[route 4] { "bounded": true, "max_x": 12.1201257705688, "steps": 1318, "position": (1.054177, -0.019057, -41.25752), "phase": "arrived" }
[PASS] route 4 uses bounded real movement without teleporting
[PASS] route 4 arrives through actual VehicleActor executor
[PASS] route 4 actually parks inside goal area
[PASS] route 4 physically travels around the box footprint
[PASS] actual player-car blockage causes bounded reverse recovery
[PASS] AI cannot bypass destroyed engine capability
[PASS] reset clears old AI goal and generation-bound route
[PASS] path recomputation rate gate prevents duplicate search
[PASS] controller detach cancels old goal
[PASS] destroyed actor cancels AI path rather than retrying
[PASS] permanent obstacle reaches bounded explicit failure
[PASS] failed AI stops sending drive intent and coasts to rest
[PASS] diagnostic transition history remains bounded
[PASS] second AI actor instantiates real vehicle and independent runtime
[PASS] two oncoming AI actors arrive or explicitly fail within bounded simulation
[oncoming] closest=5.446274 B=(-11.53255, -0.019058, -0.045235) C=(-10.73218, -0.019058, -11.26672) Bphase=unreachable Cphase=unreachable
[PASS] oncoming full-size vehicles remain separate and finite
[PASS] multiple AI actors do not steal spectator camera
[PASS] freeing an actor detaches and cancels its surviving AI controller
[PASS] AI does not read or steal global player steering and fire
[PASS] reset callback during AI poll prevents committing stale command
=== 结果: 40 项检查, 0 失败 ===
AI_DRIVE_CHECKS_PASS
