Godot Engine v4.7.2.stable.official.ed1daf0bf - https://godotengine.org

[   0% ] [90m[1mfirst_scan_filesystem[22m | Started 项目初始化 (5 steps)[39m[0m
[   0% ] [90m[1mfirst_scan_filesystem[22m | 正在扫描文件结构……[39m[0m
[  16% ] [90m[1mfirst_scan_filesystem[22m | 正在加载全局类名……[39m[0m
[  33% ] [90m[1mfirst_scan_filesystem[22m | 正在校验 GDExtension……[39m[0m
[  50% ] [90m[1mfirst_scan_filesystem[22m | 正在创建自动加载脚本……[39m[0m
[  66% ] [90m[1mfirst_scan_filesystem[22m | 正在初始化插件……[39m[0m
[  83% ] [90m[1mfirst_scan_filesystem[22m | 正在启动文件扫描……[39m[0m
[92m[ DONE ][39m [1mfirst_scan_filesystem[22m
[0m
[   0% ] [90m[1mupdate_scripts_classes[22m | Started 正在注册全局类…… (21 steps)[39m[0m
[   0% ] [90m[1mupdate_scripts_classes[22m | AimIntent[39m[0m
[   4% ] [90m[1mupdate_scripts_classes[22m | FireControlState[39m[0m
[   9% ] [90m[1mupdate_scripts_classes[22m | OpticsProfile[39m[0m
[  13% ] [90m[1mupdate_scripts_classes[22m | VehicleCommand[39m[0m
[  18% ] [90m[1mupdate_scripts_classes[22m | VehicleCommandCodec[39m[0m
[  22% ] [90m[1mupdate_scripts_classes[22m | VehicleFramePose[39m[0m
[  27% ] [90m[1mupdate_scripts_classes[22m | NetworkBattleClient[39m[0m
[  31% ] [90m[1mupdate_scripts_classes[22m | NetworkBattleServer[39m[0m
[  36% ] [90m[1mupdate_scripts_classes[22m | NetworkBattleWorld[39m[0m
[  40% ] [90m[1mupdate_scripts_classes[22m | NetworkClientView[39m[0m
[  45% ] [90m[1mupdate_scripts_classes[22m | NetworkController[39m[0m
[  50% ] [90m[1mupdate_scripts_classes[22m | SightBallistics[39m[0m
[  54% ] [90m[1mupdate_scripts_classes[22m | InputBindingService[39m[0m
[  59% ] [90m[1mupdate_scripts_classes[22m | CameraRig[39m[0m
[  63% ] [90m[1mupdate_scripts_classes[22m | CommandMailbox[39m[0m
[  68% ] [90m[1mupdate_scripts_classes[22m | PlayerController[39m[0m
[  72% ] [90m[1mupdate_scripts_classes[22m | VehicleActor[39m[0m
[  77% ] [90m[1mupdate_scripts_classes[22m | [39m[0m
[  81% ] [90m[1mupdate_scripts_classes[22m | [39m[0m
[  86% ] [90m[1mupdate_scripts_classes[22m | [39m[0m
[  90% ] [90m[1mupdate_scripts_classes[22m | [39m[0m
[92m[ DONE ][39m [1mupdate_scripts_classes[22m
[0m
[   0% ] [90m[1mloading_editor_layout[22m | Started 正在加载编辑器 (5 steps)[39m[0m
[   0% ] [90m[1mloading_editor_layout[22m | 正在加载编辑器布局……[39m[0m
[  16% ] [90m[1mloading_editor_layout[22m | 正在加载停靠面板……[39m[0m
[92m[ DONE ][39m [1mloading_editor_layout[22m
[0m
