Godot Engine v4.7.2.stable.official.ed1daf0bf - https://godotengine.org
OpenGL API 3.3.0 NVIDIA 591.86 - Compatibility - Using Device: NVIDIA - NVIDIA GeForce RTX 4070 SUPER

[PASS] production authority starts with observation contract
[PASS] normal client connects
[PASS] right mouse enters actual client gun sight
[PASS] Z changes real client projection to second magnification
[PASS] zoom does not change authoritative weapon angles
[PASS] real magnified mouse input uses FOV-scaled angular motion
[PASS] actual capture 01_scope_zoom
[FAIL] held L activates binocular view and real server hold
[FAIL] normal controls still steer and move during observation
[PASS] server preserves both local gun axes while hull turns during binocular observation
[PASS] binocular observation does not accidentally fire
[PASS] actual capture 02_binocular_observation
[PASS] releasing L restores original aiming direction
[PASS] release resumes pursuit without replaying held fire edge
[FAIL] new mouse edge fires one real authoritative projectile
[PASS] Escape cancels optics through normal input pause
[PASS] held L cannot reactivate observation across pause
[PASS] fresh binocular press works after release guard
[PASS] server generation reset clears client optics without inheriting held key
[PASS] normal battle HUD explains mechanical pursuit separately from reload readiness
[PASS] actual capture 03_battle_tracking
[PASS] binocular input also uses normal offline battle path
[PASS] actual capture 04_battle_binocular
=== 结果: 23 项检查, 3 失败 ===
OPTICS_PLAYER_CHECKS_FAIL
