SCRIPT ERROR: Parse Error: Cannot infer the type of "delayed" variable because the value doesn't have a set type.
   at: GDScript::reload (res://scripts/replay/shot_record_builder.gd:184)
SCRIPT ERROR: Parse Error: Cannot infer the type of "absent_external" variable because the value doesn't have a set type.
   at: GDScript::reload (res://scripts/replay/shot_record_builder.gd:193)
SCRIPT ERROR: Compile Error: Failed to compile depended scripts.
   at: GDScript::reload (res://scripts/replay/shot_record_store.gd:0)
SCRIPT ERROR: Compile Error: Failed to compile depended scripts.
   at: GDScript::reload (res://scripts/projectiles/projectile_manager.gd:0)
SCRIPT ERROR: Compile Error: Failed to compile depended scripts.
   at: GDScript::reload (res://scripts/gunner.gd:0)
SCRIPT ERROR: Compile Error: Failed to compile depended scripts.
   at: GDScript::reload (res://scripts/vehicle_actor.gd:0)
SCRIPT ERROR: Compile Error: Failed to compile depended scripts.
   at: GDScript::reload (res://scripts/drive/track_assembly.gd:0)
SCRIPT ERROR: Compile Error: Failed to compile depended scripts.
   at: GDScript::reload (res://scripts/content/historical_vehicle_geometry.gd:0)
SCRIPT ERROR: Compile Error: Failed to compile depended scripts.
   at: GDScript::reload (res://scripts/content/vehicle_content_pipeline.gd:0)
SCRIPT ERROR: Compile Error: Failed to compile depended scripts.
   at: GDScript::reload (res://scripts/content/vehicle_catalog.gd:0)
SCRIPT ERROR: Compile Error: Failed to compile depended scripts.
   at: GDScript::reload (res://scripts/garage/garage_service.gd:0)
SCRIPT ERROR: Compile Error: Failed to compile depended scripts.
   at: GDScript::reload (res://scripts/garage/profile_store.gd:0)
SCRIPT ERROR: Compile Error: Failed to compile depended scripts.
   at: GDScript::reload (res://scripts/core/garage_shell.gd:0)
SCRIPT ERROR: Compile Error: Failed to compile depended scripts.
   at: GDScript::reload (res://scripts/core/app_flow.gd:0)
ERROR: Failed to load script "res://scripts/core/app_flow.gd" with error "Parse error".
   at: load (modules/gdscript/gdscript_resource_format.cpp:46)
