[R2-A/B post-fix regression v2]
[cmd] godot --headless --path E:\AIprogram\mcthunder -s res://tests/run_checks.gd
[exit] 2
Godot Engine v4.7.2.stable.official.ed1daf0bf - https://godotengine.org

=== PixelArmor 自动检查 ===
engine=4.7.2-stable (official)  os=Windows
font_cjk_support=false  (默认字体中文字形能力 → 决定 HUD 语言)
[PASS] 默认字体 CJK 能力已记录
[PASS] 脚本可解析加载: game_config.gd
[PASS] 脚本可解析加载: world_builder.gd
[PASS] 脚本可解析加载: target_board.gd
[PASS] 脚本可解析加载: tank.gd
[PASS] 脚本可解析加载: turret_rig.gd
[PASS] 脚本可解析加载: camera_rig.gd
[PASS] 脚本可解析加载: gunner.gd
[PASS] 脚本可解析加载: hud.gd
[PASS] 脚本可解析加载: main.gd
[PASS] 输入动作存在: move_forward
[PASS] 输入动作存在: move_back
[PASS] 输入动作存在: turn_left
[PASS] 输入动作存在: turn_right
[PASS] 输入动作存在: fire
[PASS] 输入动作存在: aim
[PASS] 输入动作存在: reset
[PASS] 输入动作存在: pause
[PASS] 输入动作存在: debug_toggle
[PASS] 主场景资源可加载
[PASS] 主场景可实例化
[PASS] 必要节点: 坦克存在
[PASS] 必要节点: 炮塔存在
[PASS] 必要节点: 相机存在
[PASS] 必要节点: 射击控制存在
[PASS] 必要节点: 界面存在
[PASS] 三块靶板存在 (实际=3)
[PASS] 首次开火成功
[PASS] 冷却期内第二次开火被拒
[PASS] 冷却期内未产生额外射击 (shots=1)
[PASS] 按住开火键不绕过冷却 (shots=1)
[PASS] 冷却自然结束
[PASS] 暂停恢复宽限期内开火被拒
[PASS] 无遮挡时开火成功
[PASS] 遮挡墙后靶板未被命中 (hits=0)
[PASS] 移除墙后同一射击代码命中靶板 (hits=1)
[PASS] 命中后靶板变色反馈触发
[PASS] 炮管穿墙时开火被阻止
[PASS] 穿墙开火未产生射击
[PASS] 穿墙未命中墙后靶板 (hits=0)
[PASS] 前进加速有效 (v=8.00)
[PASS] 前进限速 8m/s (v=8.00)
[PASS] 车辆沿 -Z 前进 (z=-2.73)
[PASS] 松开按键滑行停车 (v=0.00)
[PASS] 倒车限速 3m/s (v=-3.00)
[PASS] 倒车位移有效 (z=-6.93)
[PASS] A 键原地转向有效
[PASS] 无左右平移 (x=0.32)
[PASS] 重置清零靶板命中
[PASS] 重置清零装填状态
[PASS] 重置恢复出生位置
[FAIL] T002-03a 前提：相机视线越过近墙并选中墙后靶板（身份验证，dist=3.40）
[PASS] T002-03a 开火（炮根→炮口无遮挡）
[PASS] T002-03a 近墙挡住炮射线，墙后靶板未被命中 (hits=0)
[PASS] T002-03b 前提：炮口位于墙体内部 (muzzle_z=-3.16, 墙 -2.2..-3.4)
[PASS] T002-03b 炮口入墙时开火被阻止
[PASS] T002-03b 未命中墙后靶板 (hits=0)
[PASS] T002-03c 前提：炮口越过墙体远面 (muzzle_z=-0.96 < -0.7)
[PASS] T002-03c 贴墙开炮被阻止（炮根→炮口线段被墙截断）
[PASS] T002-03c 未命中墙后靶板 (hits=0)
[PASS] 第三人称相机贴墙防穿 (cam_z=28.70 < 29.0 内墙面)
[PASS] R2-A 相机前向俯仰响应意图（意图=-10° 实际=-10.0°）
[PASS] R2-A 相机前向俯仰响应意图（意图=0° 实际=-0.0°）
[PASS] R2-A 相机前向俯仰响应意图（意图=10° 实际=10.0°）
[PASS] R2-A 意图射线选中近靶 B1 (dist=0.20)
[PASS] R2-A 炮塔有限速自然追赶近靶 B1
[PASS] R2-A 实射命中近靶 B1 且未误中远靶 (b1=1 b2=0)
[FAIL] R2-A 意图射线选中远靶 B2 (dist=5.03)
[FAIL] R2-A 炮塔有限速自然追赶远靶 B2
Godot_v4.7.2-stable_win64_console.exe : SCRIPT ERROR: Invalid access to property or key 'hit_count' on a base object 
of type 'previously freed'.
At line:1 char:230
+ ... .exe"; $l = & $exe --headless --path $root -s res://tests/run_checks. ...
+                 ~~~~~~~~~~~~~~~~~~~~~~~~~~~~~~~~~~~~~~~~~~~~~~~~~~~~~~~~~
    + CategoryInfo          : NotSpecified: (SCRIPT ERROR: I...viously freed'.:String) [], RemoteException
    + FullyQualifiedErrorId : NativeCommandError
 
   at: _run (res://tests/run_checks.gd:293)
   GDScript backtrace (most recent call first):
       [0] _run (res://tests/run_checks.gd:293)
[WATCHDOG] 90s 超时，强制退出（存在卡死/等待）

