[R2-C negative: required screenshot write failure]
[cmd] godot --path <isolated copy with docs-as-file> --resolution 1280x720 -- --autoshot
[exit] 1 (expect 1)
Godot Engine v4.7.2.stable.official.ed1daf0bf - https://godotengine.org
OpenGL API 3.3.0 NVIDIA 591.86 - Compatibility - Using Device: NVIDIA - NVIDIA GeForce RTX 4070 SUPER

Godot_v4.7.2-stable_win64_console.exe : ERROR: Can't save PNG at path: 
'C:/Users/lapyin/AppData/Local/Temp/mcthunder_r2_negtest/docs/autoshot_1_thirdperson.png'.
At line:1 char:631
+ ... .exe"; $l = & $exe --path $tmp --resolution 1280x720 -- --autoshot 2> ...
+                 ~~~~~~~~~~~~~~~~~~~~~~~~~~~~~~~~~~~~~~~~~~~~~~~~~~~~~~~~~
    + CategoryInfo          : NotSpecified: (ERROR: Can't sa...irdperson.png'.:String) [], RemoteException
    + FullyQualifiedErrorId : NativeCommandError
 
   at: save_image (drivers/png/resource_saver_png.cpp:56)
   GDScript backtrace (most recent call first):
       [0] _shot (res://scripts/main.gd:220)
       [1] _autoshot_step (res://scripts/main.gd:161)
       [2] _process (res://scripts/main.gd:112)
[autoshot] FAILED (err=7) to save C:/Users/lapyin/AppData/Local/Temp/mcthunder_r2_negtest/docs/autoshot_1_thirdperson.png
ERROR: Can't save PNG at path: 'C:/Users/lapyin/AppData/Local/Temp/mcthunder_r2_negtest/docs/autoshot_2_sight.png'.
   at: save_image (drivers/png/resource_saver_png.cpp:56)
   GDScript backtrace (most recent call first):
       [0] _shot (res://scripts/main.gd:220)
       [1] _autoshot_step (res://scripts/main.gd:164)
       [2] _process (res://scripts/main.gd:112)
[autoshot] FAILED (err=7) to save C:/Users/lapyin/AppData/Local/Temp/mcthunder_r2_negtest/docs/autoshot_2_sight.png
ERROR: Can't save PNG at path: 'C:/Users/lapyin/AppData/Local/Temp/mcthunder_r2_negtest/docs/autoshot_3_moved.png'.
   at: save_image (drivers/png/resource_saver_png.cpp:56)
   GDScript backtrace (most recent call first):
       [0] _shot (res://scripts/main.gd:220)
       [1] _autoshot_step (res://scripts/main.gd:168)
       [2] _process (res://scripts/main.gd:112)
[autoshot] FAILED (err=7) to save C:/Users/lapyin/AppData/Local/Temp/mcthunder_r2_negtest/docs/autoshot_3_moved.png
ERROR: Can't save PNG at path: 'C:/Users/lapyin/AppData/Local/Temp/mcthunder_r2_negtest/docs/autoshot_4_paused.png'.
   at: save_image (drivers/png/resource_saver_png.cpp:56)
   GDScript backtrace (most recent call first):
       [0] _shot (res://scripts/main.gd:220)
       [1] _autoshot_step (res://scripts/main.gd:174)
       [2] _process (res://scripts/main.gd:112)
[autoshot] FAILED (err=7) to save C:/Users/lapyin/AppData/Local/Temp/mcthunder_r2_negtest/docs/autoshot_4_paused.png
[T002-04] paused: mouse_mode=0 (0=VISIBLE) shots=1 cooldown=1.96
[T002-04] resumed: mouse_mode=2 (2=CAPTURED) grace=0.25
[R2-A] after mouse down: aim_pitch=-12.03 cam_fwd_pitch=-12.03
[R2-A] after mouse level: aim_pitch=0.00 cam_fwd_pitch=-0.00
[R2-A] after mouse up: aim_pitch=12.03 cam_fwd_pitch=12.03
ERROR: Can't save PNG at path: 'C:/Users/lapyin/AppData/Local/Temp/mcthunder_r2_negtest/docs/autoshot_5_resumed.png'.
   at: save_image (drivers/png/resource_saver_png.cpp:56)
   GDScript backtrace (most recent call first):
       [0] _shot (res://scripts/main.gd:220)
       [1] _autoshot_step (res://scripts/main.gd:197)
       [2] _process (res://scripts/main.gd:112)
[autoshot] FAILED (err=7) to save C:/Users/lapyin/AppData/Local/Temp/mcthunder_r2_negtest/docs/autoshot_5_resumed.png
[T002-04] after resume+hold: shots=1（应与暂停期间一致，无补射）
[T002-05] after 3 resets: mouse_mode=2 paused=false (2=CAPTURED, false)
[autoshot] done: shots_saved=0 errors=5

