Godot Engine v4.7.2.stable.official.ed1daf0bf - https://godotengine.org

[PASS] actual village scene starts the same eight-vehicle match
[PASS] final roof and decoration world preserves the graybox road envelope
[PASS] HUD reads authored village geometry instead of graybox coordinates
[natural battle 5.2s] { "A": { "position": (-27.0, -0.019893, 116.0), "dead": false, "phase": "player", "drive": "player" }, "A2": { "position": (-15.25175, 0.003349, 105.154), "dead": false, "phase": "patrol", "drive": "following" }, "A3": { "position": (15.25181, 0.003349, 105.154), "dead": false, "phase": "patrol", "drive": "following" }, "A4": { "position": (33.10237, 0.008676, 105.2068), "dead": false, "phase": "patrol", "drive": "following" }, "B": { "position": (-33.10234, 0.008676, -105.2068), "dead": false, "phase": "patrol", "drive": "following" }, "B2": { "position": (-15.25182, 0.003349, -105.154), "dead": false, "phase": "patrol", "drive": "following" }, "B3": { "position": (15.25161, 0.003349, -105.154), "dead": false, "phase": "patrol", "drive": "following" }, "B4": { "position": (33.10221, 0.008676, -105.2068), "dead": false, "phase": "patrol", "drive": "following" } }
[natural battle 20.4s] { "A": { "position": (-27.0, -0.019893, 116.0), "dead": false, "phase": "player", "drive": "player" }, "A2": { "position": (-70.9752, 0.019557, 113.9113), "dead": false, "phase": "patrol", "drive": "following" }, "A3": { "position": (70.97507, 0.019557, 113.9113), "dead": false, "phase": "patrol", "drive": "following" }, "A4": { "position": (71.99329, 0.010309, 94.77115), "dead": false, "phase": "patrol", "drive": "following" }, "B": { "position": (-71.99319, 0.010309, -94.77063), "dead": false, "phase": "patrol", "drive": "following" }, "B2": { "position": (-70.9758, 0.019557, -113.9112), "dead": false, "phase": "patrol", "drive": "following" }, "B3": { "position": (70.97432, 0.019557, -113.9112), "dead": false, "phase": "patrol", "drive": "following" }, "B4": { "position": (71.99329, 0.010308, -94.77161), "dead": false, "phase": "patrol", "drive": "following" } }
[natural battle 35.6s] { "A": { "position": (-27.0, -0.019893, 116.0), "dead": false, "phase": "player", "drive": "player" }, "A2": { "position": (-72.10662, -0.019058, 77.59036), "dead": false, "phase": "engage", "drive": "idle" }, "A3": { "position": (72.1102, -0.019757, 81.63268), "dead": false, "phase": "patrol", "drive": "yielding" }, "A4": { "position": (72.09638, -0.019486, 76.14954), "dead": false, "phase": "engage", "drive": "idle" }, "B": { "position": (-72.07451, -0.019058, -74.72839), "dead": false, "phase": "repair", "drive": "idle" }, "B2": { "position": (-71.98224, -0.019737, -95.33691), "dead": false, "phase": "repair", "drive": "following" }, "B3": { "position": (72.10947, -0.019525, -81.75569), "dead": false, "phase": "patrol", "drive": "yielding" }, "B4": { "position": (72.0974, -0.019058, -76.27142), "dead": false, "phase": "engage", "drive": "idle" } }
[natural battle 50.8s] { "A": { "position": (-27.0, -0.019893, 116.0), "dead": false, "phase": "player", "drive": "player" }, "A2": { "position": (-60.16626, 0.006707, 38.32059), "dead": false, "phase": "engage", "drive": "following" }, "A3": { "position": (71.89962, -0.019757, 58.14156), "dead": false, "phase": "engage", "drive": "yielding" }, "A4": { "position": (71.84212, -0.019167, 52.66619), "dead": false, "phase": "repair", "drive": "following" }, "B": { "position": (-72.07451, -0.019058, -74.72839), "dead": false, "phase": "repair", "drive": "idle" }, "B2": { "position": (-72.11216, -0.019755, -80.21689), "dead": false, "phase": "repair", "drive": "yielding" }, "B3": { "position": (58.01754, 0.006938, -36.18158), "dead": false, "phase": "engage", "drive": "following" }, "B4": { "position": (47.11215, 0.005615, -25.08224), "dead": false, "phase": "engage", "drive": "following" } }
[natural battle 66.0s] { "A": { "position": (-27.0, -0.019893, 116.0), "dead": false, "phase": "player", "drive": "player" }, "A2": { "position": (-11.19852, 0.010719, 111.311), "dead": false, "phase": "patrol", "drive": "following" }, "A3": { "position": (72.20622, -0.019058, 58.99442), "dead": false, "phase": "engage", "drive": "yielding" }, "A4": { "position": (71.9187, -0.019058, 52.10195), "dead": false, "phase": "repair", "drive": "idle" }, "B": { "position": (-72.12308, -0.019058, -74.74059), "dead": false, "phase": "repair", "drive": "idle" }, "B2": { "position": (-72.14648, -0.019058, -80.34079), "dead": false, "phase": "patrol", "drive": "yielding" }, "B3": { "position": (47.22675, -0.019058, -26.05707), "dead": false, "phase": "engage", "drive": "yielding" }, "B4": { "position": (43.58086, -0.018929, -21.52016), "dead": false, "phase": "repair", "drive": "idle" } }
[natural battle 81.2s] { "A": { "position": (-27.0, -0.019893, 116.0), "dead": false, "phase": "player", "drive": "player" }, "A2": { "position": (-67.26778, 0.006609, 115.0914), "dead": false, "phase": "patrol", "drive": "following" }, "A3": { "position": (67.75697, 0.003146, 46.36167), "dead": false, "phase": "engage", "drive": "following" }, "A4": { "position": (56.9157, 0.014195, 34.93733), "dead": false, "phase": "engage", "drive": "following" }, "B": { "position": (-72.03487, 0.007001, -51.3238), "dead": false, "phase": "engage", "drive": "following" }, "B2": { "position": (-71.98788, 0.017274, -68.71796), "dead": false, "phase": "patrol", "drive": "following" }, "B3": { "position": (47.03114, -0.019058, -26.66005), "dead": false, "phase": "engage", "drive": "yielding" }, "B4": { "position": (43.58086, -0.018929, -21.52016), "dead": false, "phase": "repair", "drive": "idle" } }
[natural battle 96.4s] { "A": { "position": (-27.0, -0.019893, 116.0), "dead": false, "phase": "player", "drive": "player" }, "A2": { "position": (-71.94685, 0.004119, 58.10096), "dead": false, "phase": "engage", "drive": "following" }, "A3": { "position": (42.23676, 0.006219, 20.69856), "dead": true, "phase": "player", "drive": "player" }, "A4": { "position": (-1.647287, 0.003042, 9.412094), "dead": false, "phase": "engage", "drive": "following" }, "B": { "position": (-25.34867, -0.010691, -13.14699), "dead": false, "phase": "repair", "drive": "following" }, "B2": { "position": (-37.88833, 0.010286, -19.16366), "dead": false, "phase": "engage", "drive": "following" }, "B3": { "position": (47.02931, -0.019058, -26.88437), "dead": false, "phase": "engage", "drive": "idle" }, "B4": { "position": (43.58086, -0.018929, -21.52016), "dead": false, "phase": "repair", "drive": "idle" } }
[natural battle 111.6s] { "A": { "position": (-27.0, -0.019893, 116.0), "dead": false, "phase": "player", "drive": "player" }, "A2": { "position": (-47.89561, -0.019058, 25.89027), "dead": false, "phase": "engage", "drive": "yielding" }, "A3": { "position": (-27.0811, 0.003125, 106.8414), "dead": false, "phase": "patrol", "drive": "following" }, "A4": { "position": (-1.729282, -0.019623, 9.380569), "dead": true, "phase": "player", "drive": "player" }, "B": { "position": (-9.233438, -0.019543, -6.607819), "dead": false, "phase": "patrol", "drive": "arrived" }, "B2": { "position": (-29.56717, -0.019856, -16.6776), "dead": false, "phase": "repair", "drive": "following" }, "B3": { "position": (47.75979, -0.019058, -27.42616), "dead": false, "phase": "engage", "drive": "idle" }, "B4": { "position": (43.58086, -0.018929, -21.52016), "dead": false, "phase": "repair", "drive": "idle" } }
[PASS] 120 seconds of normal eight-actor physics stays finite and within visible bounds
[PASS] all seven autonomous actors leave spawn and reach central approaches: ["B4", "A2", "B3", "A4", "A3", "B", "B2"]
[PASS] normal AI perception and projectile execution produce combat on the map: ["A2", "A4", "B", "B4", "B3", "A3", "B2"]
[PASS] T018-H02 actual projectile stops at visible spawn_screen_1
[PASS] T018-H02 actual projectile stops at visible house_1_1
[PASS] T018-H02 actual projectile stops at visible village_house_1
[PASS] T018-H02 actual projectile stops at visible cover_1
[PASS] T018-H02 actual projectile stops at visible fence_1
[PASS] T018-H02 actual projectile stops at visible boundary_x160
[PASS] T018-H02 actual projectile stops at visible roof
[PASS] short original grass has no physical or AI-only obstruction
[PASS] T018-H03 measured 140m clear main-route gun line side -1
[PASS] T018-H03 measured 140m clear main-route gun line side 1
[sightlines] two actual 140m clear main-route lines
[hill sightline] distance=93.5336380004883 endpoint=(-72.0, 2.4, -80.0)
[PASS] elevated western hill has a measured clear line to main-road approach -1
[hill sightline] distance=93.5336380004883 endpoint=(-72.0, 2.4, 80.0)
[PASS] elevated western hill has a measured clear line to main-road approach 1
[PASS] AppFlow normal team selection resolves the bundled village scene
[PASS] restart preserves selected village and creates a fresh match identity
[PASS] village scene cleanup returns to the ordinary garage
=== 缁撴灉: 21 椤规鏌? 0 澶辫触 ===
VILLAGE_BATTLE_CHECKS_PASS
