Godot Engine v4.7.2.stable.official.ed1daf0bf - https://godotengine.org

[PASS] all historical definitions admitted for physical road matrix
[FAIL] us_m4a3_75w_vvss_1944 team 1 slot 0 starts on a clear spawn (1 bodies within margin)
[route] us_m4a3_75w_vvss_1944 team=1 slot=0 phase=arrived peak_speed=2.52389700580332 endpoint=(-6.63953, 0.029512, 5.564384)
[PASS] us_m4a3_75w_vvss_1944: actual hull from team 1 slot 0 reaches capture via roads within movement bounds
[FAIL] us_m4a3_75w_vvss_1944 team 1 slot 7 starts on a clear spawn (1 bodies within margin)
[route] us_m4a3_75w_vvss_1944 team=1 slot=7 phase=arrived peak_speed=3.07834443390408 endpoint=(6.823612, 0.034377, 5.723282)
[PASS] us_m4a3_75w_vvss_1944: actual hull from team 1 slot 7 reaches capture via roads within movement bounds
[FAIL] us_m4a3_75w_vvss_1944 team 2 slot 0 starts on a clear spawn (1 bodies within margin)
[route] us_m4a3_75w_vvss_1944 team=2 slot=0 phase=arrived peak_speed=2.97075694683006 endpoint=(-6.706984, 0.033785, -5.698051)
[PASS] us_m4a3_75w_vvss_1944: actual hull from team 2 slot 0 reaches capture via roads within movement bounds
[FAIL] us_m4a3_75w_vvss_1944 team 2 slot 7 starts on a clear spawn (1 bodies within margin)
[route] us_m4a3_75w_vvss_1944 team=2 slot=7 phase=arrived peak_speed=3.06980811542679 endpoint=(6.821838, 0.034379, -5.723251)
[PASS] us_m4a3_75w_vvss_1944: actual hull from team 2 slot 7 reaches capture via roads within movement bounds
[FAIL] us_m24_m6_t85e1_1951 team 1 slot 0 starts on a clear spawn (1 bodies within margin)
[route] us_m24_m6_t85e1_1951 team=1 slot=0 phase=arrived peak_speed=3.61931302826191 endpoint=(-6.90481, 0.027522, 5.720589)
[PASS] us_m24_m6_t85e1_1951: actual hull from team 1 slot 0 reaches capture via roads within movement bounds
[FAIL] us_m24_m6_t85e1_1951 team 1 slot 7 starts on a clear spawn (1 bodies within margin)
[route] us_m24_m6_t85e1_1951 team=1 slot=7 phase=arrived peak_speed=3.43355478378014 endpoint=(6.698471, 0.027323, 5.672874)
[PASS] us_m24_m6_t85e1_1951: actual hull from team 1 slot 7 reaches capture via roads within movement bounds
[FAIL] us_m24_m6_t85e1_1951 team 2 slot 0 starts on a clear spawn (1 bodies within margin)
[route] us_m24_m6_t85e1_1951 team=2 slot=0 phase=arrived peak_speed=3.67614204715771 endpoint=(-6.942255, 0.027524, -5.730019)
[PASS] us_m24_m6_t85e1_1951: actual hull from team 2 slot 0 reaches capture via roads within movement bounds
[FAIL] us_m24_m6_t85e1_1951 team 2 slot 7 starts on a clear spawn (1 bodies within margin)
[route] us_m24_m6_t85e1_1951 team=2 slot=7 phase=arrived peak_speed=3.63920609095482 endpoint=(6.803749, 0.027554, -5.704193)
[PASS] us_m24_m6_t85e1_1951: actual hull from team 2 slot 7 reaches capture via roads within movement bounds
[FAIL] us_m26_m3_1945 team 1 slot 0 starts on a clear spawn (1 bodies within margin)
[route] us_m26_m3_1945 team=1 slot=0 phase=failed peak_speed=2.77959092471255 endpoint=(-40.4221, 0.000478, 17.95653)
[FAIL] us_m26_m3_1945: actual hull from team 1 slot 0 reaches capture via roads within movement bounds
[route] trace saved: res://logs/route-traces/historical-us_m26_m3_1945-t1-s0-57442.log
[FAIL] us_m26_m3_1945 team 1 slot 7 starts on a clear spawn (1 bodies within margin)
[route] us_m26_m3_1945 team=1 slot=7 phase=failed peak_speed=2.73335427244297 endpoint=(40.46494, 0.000474, 17.92232)
[FAIL] us_m26_m3_1945: actual hull from team 1 slot 7 reaches capture via roads within movement bounds
[route] trace saved: res://logs/route-traces/historical-us_m26_m3_1945-t1-s7-62758.log
[FAIL] us_m26_m3_1945 team 2 slot 0 starts on a clear spawn (1 bodies within margin)
[route] us_m26_m3_1945 team=2 slot=0 phase=failed peak_speed=2.7796725059599 endpoint=(-40.45833, 0.000473, -17.92584)
[FAIL] us_m26_m3_1945: actual hull from team 2 slot 0 reaches capture via roads within movement bounds
[route] trace saved: res://logs/route-traces/historical-us_m26_m3_1945-t2-s0-68179.log
[FAIL] us_m26_m3_1945 team 2 slot 7 starts on a clear spawn (1 bodies within margin)
[route] us_m26_m3_1945 team=2 slot=7 phase=failed peak_speed=2.84378928747886 endpoint=(40.26107, 0.000963, -17.63492)
[FAIL] us_m26_m3_1945: actual hull from team 2 slot 7 reaches capture via roads within movement bounds
[route] trace saved: res://logs/route-traces/historical-us_m26_m3_1945-t2-s7-73482.log
[FAIL] us_m36_m4a1_1945 team 1 slot 0 starts on a clear spawn (1 bodies within margin)
[route] us_m36_m4a1_1945 team=1 slot=0 phase=arrived peak_speed=3.3483471244524 endpoint=(-6.785948, 0.032285, 5.621239)
[PASS] us_m36_m4a1_1945: actual hull from team 1 slot 0 reaches capture via roads within movement bounds
[FAIL] us_m36_m4a1_1945 team 1 slot 7 starts on a clear spawn (1 bodies within margin)
[route] us_m36_m4a1_1945 team=1 slot=7 phase=arrived peak_speed=3.13972710467191 endpoint=(6.67886, 0.031788, 5.563278)
[PASS] us_m36_m4a1_1945: actual hull from team 1 slot 7 reaches capture via roads within movement bounds
[FAIL] us_m36_m4a1_1945 team 2 slot 0 starts on a clear spawn (1 bodies within margin)
[route] us_m36_m4a1_1945 team=2 slot=0 phase=arrived peak_speed=3.16287136814937 endpoint=(-6.674767, 0.031781, -5.56263)
[PASS] us_m36_m4a1_1945: actual hull from team 2 slot 0 reaches capture via roads within movement bounds
[FAIL] us_m36_m4a1_1945 team 2 slot 7 starts on a clear spawn (1 bodies within margin)
[route] us_m36_m4a1_1945 team=2 slot=7 phase=arrived peak_speed=3.17021839682591 endpoint=(6.680424, 0.03179, -5.56353)
[PASS] us_m36_m4a1_1945: actual hull from team 2 slot 7 reaches capture via roads within movement bounds
=== 缁撴灉: 33 椤规鏌? 20 澶辫触 ===
