Godot Engine v4.7.2.stable.official.ed1daf0bf - https://godotengine.org

[PASS] map schema, bounds, 16 spawn candidates and independent alternate routes: { "ok": true, "errors": [] }
[bake] 1786 samples; failures=[]
[PASS] T018-03 every authored road has real ground and clears maximum vehicle envelope
[PASS] T018-01 both spawn rows blocked at 1.4/2.4/3.5m; 192 physical rays
[PASS] grass and visibly solid plank fence use explicit shared rules
[PASS] map validator rejects out-of-bounds navigation data
[PASS] actual production vehicle definitions load
[PASS] route team 1 slot 0 starts on a clear spawn (0 bodies within margin)
[route] trace saved: res://logs/route-traces/map-t1-s0-9825.log
[route] team=1 slot=0 { "phase": "arrived", "seconds": 97.9333333333333, "bounded": false, "max_x": 81.2371139526367, "min_x": -81.2371139526367, "peak_y": 0.03092516958714, "position": (-8.321373, 0.001724, 6.875801), "events": [{ "time": 0.0, "phase": "idle", "reason": "reset", "attempts": 0, "waypoint": 0, "goal": (0.0, 0.0, 0.0), "position": (-27.0, 0.03, 116.0) }, { "time": 0.0, "phase": "idle", "reason": "new_goal", "attempts": 0, "waypoint": 0, "goal": (0.0, 0.0, 0.0), "position": (-27.0, 0.03, 116.0) }, { "time": 0.0, "phase": "following", "reason": "path_ready", "attempts": 0, "waypoint": 1, "goal": (-8.0, 0.0, 6.0), "position": (-27.0, 0.03, 116.0) }, { "time": 97.9333333333291, "phase": "arrived", "reason": "goal_reached", "attempts": 0, "waypoint": 10, "goal": (-8.0, 0.0, 6.0), "position": (-8.342764, 0.00321, 6.911995) }] }
[FAIL] T018-H01 actual actor from spawn 1/0 reaches own capture position
[PASS] route team 1 slot 1 starts on a clear spawn (0 bodies within margin)
[route] team=1 slot=1 { "phase": "arrived", "seconds": 84.9666666666667, "bounded": true, "max_x": 76.0110168457031, "min_x": -76.0110168457031, "peak_y": 0.03184879943728, "position": (-2.313321, 0.017924, 8.36615), "events": [{ "time": 0.0, "phase": "idle", "reason": "reset", "attempts": 0, "waypoint": 0, "goal": (0.0, 0.0, 0.0), "position": (-9.0, 0.03, 116.0) }, { "time": 0.0, "phase": "idle", "reason": "new_goal", "attempts": 0, "waypoint": 0, "goal": (0.0, 0.0, 0.0), "position": (-9.0, 0.03, 116.0) }, { "time": 0.0, "phase": "following", "reason": "path_ready", "attempts": 0, "waypoint": 1, "goal": (-3.0, 0.0, 9.0), "position": (-9.0, 0.03, 116.0) }, { "time": 84.9666666666631, "phase": "arrived", "reason": "goal_reached", "attempts": 0, "waypoint": 11, "goal": (-3.0, 0.0, 9.0), "position": (-2.305816, 0.01725, 8.359589) }] }
[PASS] T018-H01 actual actor from spawn 1/1 reaches own capture position
[PASS] route team 1 slot 2 starts on a clear spawn (0 bodies within margin)
[route] team=1 slot=2 { "phase": "arrived", "seconds": 50.0333333333333, "bounded": true, "max_x": 72.1107482910156, "min_x": 0.0, "peak_y": 0.03179154545069, "position": (4.222296, 0.023775, 9.394234), "events": [{ "time": 0.0, "phase": "idle", "reason": "reset", "attempts": 0, "waypoint": 0, "goal": (0.0, 0.0, 0.0), "position": (9.0, 0.03, 116.0) }, { "time": 0.0, "phase": "idle", "reason": "new_goal", "attempts": 0, "waypoint": 0, "goal": (0.0, 0.0, 0.0), "position": (9.0, 0.03, 116.0) }, { "time": 0.0, "phase": "following", "reason": "path_ready", "attempts": 0, "waypoint": 1, "goal": (3.0, 0.0, 9.0), "position": (9.0, 0.03, 116.0) }, { "time": 50.0333333333318, "phase": "arrived", "reason": "goal_reached", "attempts": 0, "waypoint": 11, "goal": (3.0, 0.0, 9.0), "position": (4.226512, 0.023735, 9.395523) }] }
[PASS] T018-H01 actual actor from spawn 1/2 reaches own capture position
[PASS] route team 1 slot 3 starts on a clear spawn (0 bodies within margin)
[route] team=1 slot=3 { "phase": "arrived", "seconds": 46.4666666666667, "bounded": true, "max_x": 72.1147232055664, "min_x": 0.0, "peak_y": 0.0318321660161, "position": (9.172812, 0.022939, 6.530678), "events": [{ "time": 0.0, "phase": "idle", "reason": "reset", "attempts": 0, "waypoint": 0, "goal": (0.0, 0.0, 0.0), "position": (27.0, 0.03, 116.0) }, { "time": 0.0, "phase": "idle", "reason": "new_goal", "attempts": 0, "waypoint": 0, "goal": (0.0, 0.0, 0.0), "position": (27.0, 0.03, 116.0) }, { "time": 0.0, "phase": "following", "reason": "path_ready", "attempts": 0, "waypoint": 1, "goal": (8.0, 0.0, 6.0), "position": (27.0, 0.03, 116.0) }, { "time": 46.4666666666653, "phase": "arrived", "reason": "goal_reached", "attempts": 0, "waypoint": 10, "goal": (8.0, 0.0, 6.0), "position": (9.177248, 0.022885, 6.532616) }] }
[PASS] T018-H01 actual actor from spawn 1/3 reaches own capture position
[PASS] route team 1 slot 4 starts on a clear spawn (0 bodies within margin)
[route] team=1 slot=4 { "phase": "arrived", "seconds": 72.85, "bounded": true, "max_x": 74.9417343139648, "min_x": -74.9417343139648, "peak_y": 0.03184966742992, "position": (-7.166502, 0.009678, 5.157417), "events": [{ "time": 0.0, "phase": "idle", "reason": "reset", "attempts": 0, "waypoint": 0, "goal": (0.0, 0.0, 0.0), "position": (-27.0, 0.03, 130.0) }, { "time": 0.0, "phase": "idle", "reason": "new_goal", "attempts": 0, "waypoint": 0, "goal": (0.0, 0.0, 0.0), "position": (-27.0, 0.03, 130.0) }, { "time": 0.0, "phase": "following", "reason": "path_ready", "attempts": 0, "waypoint": 1, "goal": (-8.0, 0.0, 6.0), "position": (-27.0, 0.03, 130.0) }, { "time": 72.8499999999972, "phase": "arrived", "reason": "goal_reached", "attempts": 0, "waypoint": 10, "goal": (-8.0, 0.0, 6.0), "position": (-7.160488, 0.008433, 5.151627) }] }
[PASS] T018-H01 actual actor from spawn 1/4 reaches own capture position
[PASS] route team 1 slot 5 starts on a clear spawn (0 bodies within margin)
[route] trace saved: res://logs/route-traces/map-t1-s5-26803.log
[route] team=1 slot=5 { "phase": "arrived", "seconds": 87.6666666666667, "bounded": false, "max_x": 77.6940536499023, "min_x": -77.6940536499023, "peak_y": 0.03181854635477, "position": (-3.134079, 0.022234, 9.138336), "events": [{ "time": 0.0, "phase": "idle", "reason": "reset", "attempts": 0, "waypoint": 0, "goal": (0.0, 0.0, 0.0), "position": (-9.0, 0.03, 130.0) }, { "time": 0.0, "phase": "idle", "reason": "new_goal", "attempts": 0, "waypoint": 0, "goal": (0.0, 0.0, 0.0), "position": (-9.0, 0.03, 130.0) }, { "time": 0.0, "phase": "following", "reason": "path_ready", "attempts": 0, "waypoint": 1, "goal": (-3.0, 0.0, 9.0), "position": (-9.0, 0.03, 130.0) }, { "time": 87.666666666663, "phase": "arrived", "reason": "goal_reached", "attempts": 0, "waypoint": 11, "goal": (-3.0, 0.0, 9.0), "position": (-3.126789, 0.021981, 9.124611) }] }
[FAIL] T018-H01 actual actor from spawn 1/5 reaches own capture position
[PASS] route team 1 slot 6 starts on a clear spawn (0 bodies within margin)
[route] team=1 slot=6 { "phase": "arrived", "seconds": 56.1833333333333, "bounded": true, "max_x": 72.1117553710938, "min_x": 0.0, "peak_y": 0.03184407576919, "position": (4.24446, 0.019307, 9.334816), "events": [{ "time": 0.0, "phase": "idle", "reason": "reset", "attempts": 0, "waypoint": 0, "goal": (0.0, 0.0, 0.0), "position": (9.0, 0.03, 130.0) }, { "time": 0.0, "phase": "idle", "reason": "new_goal", "attempts": 0, "waypoint": 0, "goal": (0.0, 0.0, 0.0), "position": (9.0, 0.03, 130.0) }, { "time": 0.0, "phase": "following", "reason": "path_ready", "attempts": 0, "waypoint": 1, "goal": (3.0, 0.0, 9.0), "position": (9.0, 0.03, 130.0) }, { "time": 56.1833333333314, "phase": "arrived", "reason": "goal_reached", "attempts": 0, "waypoint": 11, "goal": (3.0, 0.0, 9.0), "position": (4.248487, 0.019183, 9.33596) }] }
[PASS] T018-H01 actual actor from spawn 1/6 reaches own capture position
[PASS] route team 1 slot 7 starts on a clear spawn (0 bodies within margin)
[route] team=1 slot=7 { "phase": "arrived", "seconds": 50.85, "bounded": true, "max_x": 72.1118240356445, "min_x": 0.0, "peak_y": 0.03184374421835, "position": (9.175423, 0.019954, 6.530136), "events": [{ "time": 0.0, "phase": "idle", "reason": "reset", "attempts": 0, "waypoint": 0, "goal": (0.0, 0.0, 0.0), "position": (27.0, 0.03, 130.0) }, { "time": 0.0, "phase": "idle", "reason": "new_goal", "attempts": 0, "waypoint": 0, "goal": (0.0, 0.0, 0.0), "position": (27.0, 0.03, 130.0) }, { "time": 0.0, "phase": "following", "reason": "path_ready", "attempts": 0, "waypoint": 1, "goal": (8.0, 0.0, 6.0), "position": (27.0, 0.03, 130.0) }, { "time": 50.8499999999984, "phase": "arrived", "reason": "goal_reached", "attempts": 0, "waypoint": 10, "goal": (8.0, 0.0, 6.0), "position": (9.179388, 0.019887, 6.53186) }] }
[PASS] T018-H01 actual actor from spawn 1/7 reaches own capture position
[PASS] route team 2 slot 0 starts on a clear spawn (0 bodies within margin)
[route] team=2 slot=0 { "phase": "arrived", "seconds": 52.8666666666667, "bounded": true, "max_x": 72.111572265625, "min_x": -72.111572265625, "peak_y": 0.03184459358454, "position": (-9.17581, 0.019332, -6.528946), "events": [{ "time": 0.0, "phase": "idle", "reason": "reset", "attempts": 0, "waypoint": 0, "goal": (0.0, 0.0, 0.0), "position": (-27.0, 0.03, -116.0) }, { "time": 0.0, "phase": "idle", "reason": "new_goal", "attempts": 0, "waypoint": 0, "goal": (0.0, 0.0, 0.0), "position": (-27.0, 0.03, -116.0) }, { "time": 0.0, "phase": "following", "reason": "path_ready", "attempts": 0, "waypoint": 1, "goal": (-8.0, 0.0, -6.0), "position": (-27.0, 0.03, -116.0) }, { "time": 52.8666666666649, "phase": "arrived", "reason": "goal_reached", "attempts": 0, "waypoint": 10, "goal": (-8.0, 0.0, -6.0), "position": (-9.179575, 0.019261, -6.530571) }] }
[PASS] T018-H01 actual actor from spawn 2/0 reaches own capture position
[PASS] route team 2 slot 1 starts on a clear spawn (0 bodies within margin)
[route] team=2 slot=1 { "phase": "arrived", "seconds": 81.1333333333333, "bounded": true, "max_x": 74.6240997314453, "min_x": -74.6240997314453, "peak_y": 0.03185310214758, "position": (-2.107163, 0.011034, -8.265945), "events": [{ "time": 0.0, "phase": "idle", "reason": "reset", "attempts": 0, "waypoint": 0, "goal": (0.0, 0.0, 0.0), "position": (-9.0, 0.03, -116.0) }, { "time": 0.0, "phase": "idle", "reason": "new_goal", "attempts": 0, "waypoint": 0, "goal": (0.0, 0.0, 0.0), "position": (-9.0, 0.03, -116.0) }, { "time": 0.0, "phase": "following", "reason": "path_ready", "attempts": 0, "waypoint": 1, "goal": (-3.0, 0.0, -9.0), "position": (-9.0, 0.03, -116.0) }, { "time": 81.13333333333, "phase": "arrived", "reason": "goal_reached", "attempts": 0, "waypoint": 11, "goal": (-3.0, 0.0, -9.0), "position": (-2.100324, 0.009855, -8.26059) }] }
[PASS] T018-H01 actual actor from spawn 2/1 reaches own capture position
[PASS] route team 2 slot 2 starts on a clear spawn (0 bodies within margin)
[route] team=2 slot=2 { "phase": "arrived", "seconds": 81.6666666666667, "bounded": true, "max_x": 77.2339477539063, "min_x": -0.92922019958496, "peak_y": 0.03184427693486, "position": (2.721513, 0.021558, -8.670181), "events": [{ "time": 0.0, "phase": "idle", "reason": "reset", "attempts": 0, "waypoint": 0, "goal": (0.0, 0.0, 0.0), "position": (9.0, 0.03, -116.0) }, { "time": 0.0, "phase": "idle", "reason": "new_goal", "attempts": 0, "waypoint": 0, "goal": (0.0, 0.0, 0.0), "position": (9.0, 0.03, -116.0) }, { "time": 0.0, "phase": "following", "reason": "path_ready", "attempts": 0, "waypoint": 1, "goal": (3.0, 0.0, -9.0), "position": (9.0, 0.03, -116.0) }, { "time": 81.6666666666633, "phase": "arrived", "reason": "goal_reached", "attempts": 0, "waypoint": 11, "goal": (3.0, 0.0, -9.0), "position": (2.713029, 0.021241, -8.661316) }] }
[PASS] T018-H01 actual actor from spawn 2/2 reaches own capture position
[PASS] route team 2 slot 3 starts on a clear spawn (0 bodies within margin)
[route] team=2 slot=3 { "phase": "arrived", "seconds": 76.7166666666667, "bounded": true, "max_x": 76.1117477416992, "min_x": 0.0, "peak_y": 0.0318508297205, "position": (7.321047, 0.016023, -5.241837), "events": [{ "time": 0.0, "phase": "idle", "reason": "reset", "attempts": 0, "waypoint": 0, "goal": (0.0, 0.0, 0.0), "position": (27.0, 0.03, -116.0) }, { "time": 0.0, "phase": "idle", "reason": "new_goal", "attempts": 0, "waypoint": 0, "goal": (0.0, 0.0, 0.0), "position": (27.0, 0.03, -116.0) }, { "time": 0.0, "phase": "following", "reason": "path_ready", "attempts": 0, "waypoint": 1, "goal": (8.0, 0.0, -6.0), "position": (27.0, 0.03, -116.0) }, { "time": 76.7166666666636, "phase": "arrived", "reason": "goal_reached", "attempts": 0, "waypoint": 10, "goal": (8.0, 0.0, -6.0), "position": (7.315001, 0.015186, -5.235451) }] }
[PASS] T018-H01 actual actor from spawn 2/3 reaches own capture position
[PASS] route team 2 slot 4 starts on a clear spawn (0 bodies within margin)
[route] trace saved: res://logs/route-traces/map-t2-s4-51103.log
[route] team=2 slot=4 { "phase": "arrived", "seconds": 79.5833333333333, "bounded": false, "max_x": 79.1160583496094, "min_x": -79.1160583496094, "peak_y": 0.03180189430714, "position": (-8.288242, 0.021765, -6.452042), "events": [{ "time": 0.0, "phase": "idle", "reason": "reset", "attempts": 0, "waypoint": 0, "goal": (0.0, 0.0, 0.0), "position": (-27.0, 0.03, -130.0) }, { "time": 0.0, "phase": "idle", "reason": "new_goal", "attempts": 0, "waypoint": 0, "goal": (0.0, 0.0, 0.0), "position": (-27.0, 0.03, -130.0) }, { "time": 0.0, "phase": "following", "reason": "path_ready", "attempts": 0, "waypoint": 1, "goal": (-8.0, 0.0, -6.0), "position": (-27.0, 0.03, -130.0) }, { "time": 79.5833333333301, "phase": "arrived", "reason": "goal_reached", "attempts": 0, "waypoint": 10, "goal": (-8.0, 0.0, -6.0), "position": (-8.283236, 0.021458, -6.434128) }] }
[FAIL] T018-H01 actual actor from spawn 2/4 reaches own capture position
[PASS] route team 2 slot 5 starts on a clear spawn (0 bodies within margin)
[route] team=2 slot=5 { "phase": "arrived", "seconds": 105.833333333333, "bounded": true, "max_x": 72.1101379394531, "min_x": -72.1101379394531, "peak_y": 0.03185448795557, "position": (-4.254731, 0.009834, -9.320282), "events": [{ "time": 0.0, "phase": "idle", "reason": "reset", "attempts": 0, "waypoint": 0, "goal": (0.0, 0.0, 0.0), "position": (-9.0, 0.03, -130.0) }, { "time": 0.0, "phase": "idle", "reason": "new_goal", "attempts": 0, "waypoint": 0, "goal": (0.0, 0.0, 0.0), "position": (-9.0, 0.03, -130.0) }, { "time": 0.0, "phase": "following", "reason": "path_ready", "attempts": 0, "waypoint": 1, "goal": (-3.0, 0.0, -9.0), "position": (-9.0, 0.03, -130.0) }, { "time": 105.833333333329, "phase": "arrived", "reason": "goal_reached", "attempts": 0, "waypoint": 11, "goal": (-3.0, 0.0, -9.0), "position": (-4.256711, 0.009709, -9.320816) }] }
[PASS] T018-H01 actual actor from spawn 2/5 reaches own capture position
[PASS] route team 2 slot 6 starts on a clear spawn (0 bodies within margin)
[route] team=2 slot=6 { "phase": "arrived", "seconds": 84.7, "bounded": true, "max_x": 75.5234985351563, "min_x": -0.00710678100586, "peak_y": 0.03184456378222, "position": (2.423789, 0.019709, -8.440659), "events": [{ "time": 0.0, "phase": "idle", "reason": "reset", "attempts": 0, "waypoint": 0, "goal": (0.0, 0.0, 0.0), "position": (9.0, 0.03, -130.0) }, { "time": 0.0, "phase": "idle", "reason": "new_goal", "attempts": 0, "waypoint": 0, "goal": (0.0, 0.0, 0.0), "position": (9.0, 0.03, -130.0) }, { "time": 0.0, "phase": "following", "reason": "path_ready", "attempts": 0, "waypoint": 1, "goal": (3.0, 0.0, -9.0), "position": (9.0, 0.03, -130.0) }, { "time": 84.6999999999965, "phase": "arrived", "reason": "goal_reached", "attempts": 0, "waypoint": 11, "goal": (3.0, 0.0, -9.0), "position": (2.41707, 0.019203, -8.434517) }] }
[PASS] T018-H01 actual actor from spawn 2/6 reaches own capture position
[PASS] route team 2 slot 7 starts on a clear spawn (0 bodies within margin)
[route] team=2 slot=7 { "phase": "arrived", "seconds": 43.4833333333333, "bounded": true, "max_x": 72.3103256225586, "min_x": 0.0, "peak_y": 0.03182473406196, "position": (8.773527, 0.02437, -6.355621), "events": [{ "time": 0.0, "phase": "idle", "reason": "reset", "attempts": 0, "waypoint": 0, "goal": (0.0, 0.0, 0.0), "position": (27.0, 0.03, -130.0) }, { "time": 0.0, "phase": "idle", "reason": "new_goal", "attempts": 0, "waypoint": 0, "goal": (0.0, 0.0, 0.0), "position": (27.0, 0.03, -130.0) }, { "time": 0.0, "phase": "following", "reason": "path_ready", "attempts": 0, "waypoint": 1, "goal": (8.0, 0.0, -6.0), "position": (27.0, 0.03, -130.0) }, { "time": 43.4833333333321, "phase": "arrived", "reason": "goal_reached", "attempts": 0, "waypoint": 10, "goal": (8.0, 0.0, -6.0), "position": (8.778496, 0.024371, -6.357826) }] }
[PASS] T018-H01 actual actor from spawn 2/7 reaches own capture position
[spawn arrival seconds] { "1_0": 97.9333333333333, "1_1": 84.9666666666667, "1_2": 50.0333333333333, "1_3": 46.4666666666667, "1_4": 72.85, "1_5": 87.6666666666667, "1_6": 56.1833333333333, "1_7": 50.85, "2_0": 52.8666666666667, "2_1": 81.1333333333333, "2_2": 81.6666666666667, "2_3": 76.7166666666667, "2_4": 79.5833333333333, "2_5": 105.833333333333, "2_6": 84.7, "2_7": 43.4833333333333 }
[PASS] route team 1 slot 0 starts on a clear spawn (0 bodies within margin)
[alternate] team=1 { "phase": "arrived", "seconds": 103.766666666667, "bounded": true, "max_x": 74.5916137695313, "min_x": -27.0, "peak_y": 0.03185091912746, "position": (-8.982658, 0.005229, 5.258705), "events": [{ "time": 0.0, "phase": "idle", "reason": "reset", "attempts": 0, "waypoint": 0, "goal": (0.0, 0.0, 0.0), "position": (-27.0, 0.03, 116.0) }, { "time": 0.0, "phase": "idle", "reason": "new_goal", "attempts": 0, "waypoint": 0, "goal": (0.0, 0.0, 0.0), "position": (-27.0, 0.03, 116.0) }, { "time": 0.0, "phase": "following", "reason": "path_ready", "attempts": 0, "waypoint": 1, "goal": (-8.0, 0.0, 6.0), "position": (-27.0, 0.03, 116.0) }, { "time": 103.766666666662, "phase": "arrived", "reason": "goal_reached", "attempts": 0, "waypoint": 14, "goal": (-8.0, 0.0, 6.0), "position": (-8.989944, 0.003894, 5.253494) }] }
[PASS] blocked western entrances force the independent eastern main route 1
[PASS] route team 2 slot 0 starts on a clear spawn (0 bodies within margin)
[alternate] team=2 { "phase": "arrived", "seconds": 105.816666666667, "bounded": true, "max_x": 76.1431503295898, "min_x": -27.0, "peak_y": 0.03184724226594, "position": (-8.720781, 0.015582, -5.361931), "events": [{ "time": 0.0, "phase": "idle", "reason": "reset", "attempts": 0, "waypoint": 0, "goal": (0.0, 0.0, 0.0), "position": (-27.0, 0.03, -116.0) }, { "time": 0.0, "phase": "idle", "reason": "new_goal", "attempts": 0, "waypoint": 0, "goal": (0.0, 0.0, 0.0), "position": (-27.0, 0.03, -116.0) }, { "time": 0.0, "phase": "following", "reason": "path_ready", "attempts": 0, "waypoint": 1, "goal": (-8.0, 0.0, -6.0), "position": (-27.0, 0.03, -116.0) }, { "time": 105.816666666662, "phase": "arrived", "reason": "goal_reached", "attempts": 0, "waypoint": 14, "goal": (-8.0, 0.0, -6.0), "position": (-8.72872, 0.014708, -5.355339) }] }
[PASS] blocked western entrances force the independent eastern main route 2
[PASS] route team 1 slot 0 starts on a clear spawn (0 bodies within margin)
[maximum-size] { "phase": "arrived", "seconds": 47.2, "bounded": true, "max_x": 72.1133651733398, "min_x": -72.1133651733398, "peak_y": 0.06347277015448, "position": (-9.171387, 0.044317, 6.529694), "events": [{ "time": 0.0, "phase": "idle", "reason": "reset", "attempts": 0, "waypoint": 0, "goal": (0.0, 0.0, 0.0), "position": (-27.0, 0.03, 116.0) }, { "time": 0.0, "phase": "idle", "reason": "new_goal", "attempts": 0, "waypoint": 0, "goal": (0.0, 0.0, 0.0), "position": (-27.0, 0.03, 116.0) }, { "time": 0.0, "phase": "following", "reason": "path_ready", "attempts": 0, "waypoint": 1, "goal": (-8.0, 0.0, 6.0), "position": (-27.0, 0.03, 116.0) }, { "time": 47.1999999999986, "phase": "arrived", "reason": "goal_reached", "attempts": 0, "waypoint": 10, "goal": (-8.0, 0.0, 6.0), "position": (-9.175247, 0.044194, 6.531372) }] }
[PASS] 4.2x2.4x8.5m physical proxy drives the real road without teleport
[PASS] route team 1 slot 0 starts on a clear spawn (0 bodies within margin)
[route] trace saved: res://logs/route-traces/map-t1-s0-wide-91014.log
[long hill flank maximum-size] { "phase": "following", "seconds": 250.0, "bounded": false, "max_x": 129.205261230469, "min_x": -129.205261230469, "peak_y": 4.581458568573, "position": (-119.8849, 4.574782, 17.40219), "events": [{ "time": 0.0, "phase": "idle", "reason": "reset", "attempts": 0, "waypoint": 0, "goal": (0.0, 0.0, 0.0), "position": (-27.0, 0.03, 116.0) }, { "time": 0.0, "phase": "idle", "reason": "new_goal", "attempts": 0, "waypoint": 0, "goal": (0.0, 0.0, 0.0), "position": (-27.0, 0.03, 116.0) }, { "time": 0.0, "phase": "following", "reason": "path_ready", "attempts": 0, "waypoint": 1, "goal": (-120.0, 0.0, 65.0), "position": (-27.0, 0.03, 116.0) }, { "time": 56.3833333333314, "phase": "arrived", "reason": "goal_reached", "attempts": 0, "waypoint": 7, "goal": (-120.0, 0.0, 65.0), "position": (-119.293, 0.009089, 64.82731) }, { "time": 56.3833333333314, "phase": "idle", "reason": "new_goal", "attempts": 0, "waypoint": 0, "goal": (-120.0, 0.0, 65.0), "position": (-119.3202, 0.011823, 64.82937) }, { "time": 56.3833333333314, "phase": "following", "reason": "path_ready", "attempts": 0, "waypoint": 1, "goal": (-120.0, 6.673919, 0.0), "position": (-119.3202, 0.011823, 64.82937) }] }
[FAIL] maximum-size proxy actually climbs and descends the western hill to far-side approach
[PASS] route team 1 slot 0 starts on a clear spawn (0 bodies within margin)
[route] trace saved: res://logs/route-traces/map-t1-s0-97114.log
[real parked vehicle blockage] { "phase": "arrived", "seconds": 130.6, "bounded": false, "max_x": 122.92276763916, "min_x": -122.92276763916, "peak_y": 0.03151909634471, "position": (-9.52487, 0.003517, 5.563751), "events": [{ "time": 0.0, "phase": "idle", "reason": "reset", "attempts": 0, "waypoint": 0, "goal": (0.0, 0.0, 0.0), "position": (-27.0, 0.03, 116.0) }, { "time": 0.0, "phase": "idle", "reason": "new_goal", "attempts": 0, "waypoint": 0, "goal": (0.0, 0.0, 0.0), "position": (-27.0, 0.03, 116.0) }, { "time": 0.0, "phase": "following", "reason": "path_ready", "attempts": 0, "waypoint": 1, "goal": (-8.0, 0.0, 6.0), "position": (-27.0, 0.03, 116.0) }, { "time": 30.2999999999996, "phase": "yielding", "reason": "physical_obstacle", "attempts": 0, "waypoint": 5, "goal": (-8.0, 0.0, 6.0), "position": (-72.00702, 0.000496, 93.08453) }, { "time": 32.2999999999995, "phase": "reverse", "reason": "insufficient_actual_progress", "attempts": 1, "waypoint": 5, "goal": (-8.0, 0.0, 6.0), "position": (-72.00702, 0.000496, 93.08453) }, { "time": 33.4999999999994, "phase": "turn_recovery", "reason": "reverse_complete", "attempts": 1, "waypoint": 5, "goal": (-8.0, 0.0, 6.0), "position": (-71.86418, 0.00512, 103.7259) }, { "time": 34.1999999999993, "phase": "following", "reason": "path_ready", "attempts": 1, "waypoint": 0, "goal": (-8.0, 0.0, 6.0), "position": (-70.78112, 0.021501, 108.1148) }, { "time": 130.599999999996, "phase": "arrived", "reason": "goal_reached", "attempts": 1, "waypoint": 11, "goal": (-8.0, 0.0, 6.0), "position": (-9.535961, 0.003635, 5.562309) }] }
[PASS] T018-02 actual parked vehicle triggers recovery and another path to the point
=== 缁撴灉: 48 椤规鏌? 4 澶辫触 ===
MAP_CHECKS_FAIL
