Godot Engine v4.7.2.stable.official.ed1daf0bf - https://godotengine.org

[PASS] actual village scene starts the same eight-vehicle match
[PASS] final roof and decoration world preserves the graybox road envelope
[PASS] HUD reads authored village geometry instead of graybox coordinates
[natural battle 5.1s] { "A": { "position": (-27.0, -0.019893, 116.0), "dead": false, "phase": "player", "drive": "player" }, "A2": { "position": (-15.17712, 0.005275, 105.1471), "dead": false, "phase": "patrol", "drive": "following" }, "A3": { "position": (15.17736, 0.005275, 105.1471), "dead": false, "phase": "patrol", "drive": "following" }, "A4": { "position": (33.03339, 0.012107, 105.1949), "dead": false, "phase": "patrol", "drive": "following" }, "B": { "position": (-33.03328, 0.012107, -105.1948), "dead": false, "phase": "patrol", "drive": "following" }, "B2": { "position": (-15.17735, 0.005275, -105.1471), "dead": false, "phase": "patrol", "drive": "following" }, "B3": { "position": (15.17716, 0.005275, -105.1471), "dead": false, "phase": "patrol", "drive": "following" }, "B4": { "position": (33.0332, 0.012107, -105.1948), "dead": false, "phase": "patrol", "drive": "following" } }
[natural battle 20.2s] { "A": { "position": (-27.0, -0.019893, 116.0), "dead": false, "phase": "player", "drive": "player" }, "A2": { "position": (-70.91504, 0.009521, 114.6165), "dead": false, "phase": "patrol", "drive": "following" }, "A3": { "position": (70.91496, 0.009522, 114.6165), "dead": false, "phase": "patrol", "drive": "following" }, "A4": { "position": (71.98795, -0.016045, 95.14637), "dead": false, "phase": "patrol", "drive": "following" }, "B": { "position": (-71.98786, -0.016035, -95.14636), "dead": false, "phase": "patrol", "drive": "following" }, "B2": { "position": (-70.91548, 0.00952, -114.6165), "dead": false, "phase": "patrol", "drive": "following" }, "B3": { "position": (70.91428, 0.009521, -114.6165), "dead": false, "phase": "patrol", "drive": "following" }, "B4": { "position": (71.98796, -0.016052, -95.14633), "dead": false, "phase": "patrol", "drive": "following" } }
[natural battle 35.4s] { "A": { "position": (-27.0, -0.019893, 116.0), "dead": false, "phase": "player", "drive": "player" }, "A2": { "position": (-72.1066, -0.019058, 77.59038), "dead": false, "phase": "engage", "drive": "idle" }, "A3": { "position": (71.98248, 0.007116, 92.64901), "dead": false, "phase": "patrol", "drive": "following" }, "A4": { "position": (72.09638, -0.019486, 76.14952), "dead": false, "phase": "engage", "drive": "idle" }, "B": { "position": (-72.07454, -0.019058, -74.72832), "dead": false, "phase": "repair", "drive": "idle" }, "B2": { "position": (-71.98224, -0.019639, -95.33692), "dead": false, "phase": "repair", "drive": "following" }, "B3": { "position": (72.04519, 0.007123, -92.65379), "dead": false, "phase": "patrol", "drive": "following" }, "B4": { "position": (72.0974, -0.019058, -76.27144), "dead": false, "phase": "engage", "drive": "idle" } }
[natural battle 50.5s] { "A": { "position": (-27.0, -0.019893, 116.0), "dead": false, "phase": "player", "drive": "player" }, "A2": { "position": (-61.10992, 0.006447, 39.34178), "dead": false, "phase": "engage", "drive": "following" }, "A3": { "position": (35.44309, 0.004637, 117.016), "dead": false, "phase": "patrol", "drive": "following" }, "A4": { "position": (71.84215, -0.01924, 52.66618), "dead": false, "phase": "repair", "drive": "following" }, "B": { "position": (-72.07454, -0.019058, -74.72832), "dead": false, "phase": "repair", "drive": "idle" }, "B2": { "position": (-72.11216, -0.019755, -80.2168), "dead": false, "phase": "repair", "drive": "yielding" }, "B3": { "position": (35.47316, 0.00247, -117.0155), "dead": false, "phase": "patrol", "drive": "following" }, "B4": { "position": (48.38179, -0.000227, -26.38272), "dead": false, "phase": "engage", "drive": "following" } }
[natural battle 65.7s] { "A": { "position": (-27.0, -0.019893, 116.0), "dead": false, "phase": "player", "drive": "player" }, "A2": { "position": (-10.40011, 0.003936, 112.9051), "dead": false, "phase": "patrol", "drive": "following" }, "A3": { "position": (-8.949163, 0.004643, 128.1391), "dead": false, "phase": "patrol", "drive": "following" }, "A4": { "position": (43.02026, 0.007064, 20.94032), "dead": false, "phase": "engage", "drive": "following" }, "B": { "position": (-72.12312, -0.019058, -74.75877), "dead": false, "phase": "repair", "drive": "idle" }, "B2": { "position": (-71.99799, 0.00739, -92.7197), "dead": false, "phase": "patrol", "drive": "following" }, "B3": { "position": (-8.922045, 0.004391, -128.1745), "dead": false, "phase": "patrol", "drive": "following" }, "B4": { "position": (9.169699, -0.019474, -6.519859), "dead": false, "phase": "repair", "drive": "arrived" } }
[natural battle 80.9s] { "A": { "position": (-27.0, -0.019893, 116.0), "dead": false, "phase": "player", "drive": "player" }, "A2": { "position": (-65.59198, 0.005355, 114.7416), "dead": false, "phase": "patrol", "drive": "following" }, "A3": { "position": (-26.41919, -0.018454, 128.8593), "dead": false, "phase": "patrol", "drive": "following" }, "A4": { "position": (9.187592, -0.018939, 6.598022), "dead": false, "phase": "engage", "drive": "arrived" }, "B": { "position": (-72.05031, 0.006898, -51.69663), "dead": false, "phase": "engage", "drive": "following" }, "B2": { "position": (-72.03913, 0.013636, -69.51935), "dead": false, "phase": "engage", "drive": "following" }, "B3": { "position": (-64.08616, -0.000716, -116.3616), "dead": false, "phase": "patrol", "drive": "following" }, "B4": { "position": (9.169699, -0.019474, -6.519859), "dead": true, "phase": "player", "drive": "player" } }
[natural battle 96.1s] { "A": { "position": (-27.0, -0.019893, 116.0), "dead": false, "phase": "player", "drive": "player" }, "A2": { "position": (-72.18619, -0.019058, 77.68486), "dead": false, "phase": "engage", "drive": "idle" }, "A3": { "position": (-70.79768, 0.017949, 115.6638), "dead": false, "phase": "observe", "drive": "following" }, "A4": { "position": (9.493685, -0.019058, 6.764931), "dead": false, "phase": "engage", "drive": "arrived" }, "B": { "position": (-26.12749, -0.010373, -13.44463), "dead": false, "phase": "engage", "drive": "following" }, "B2": { "position": (-39.08499, 0.012622, -19.52088), "dead": false, "phase": "engage", "drive": "following" }, "B3": { "position": (-71.97935, -0.006418, -59.95807), "dead": false, "phase": "engage", "drive": "following" }, "B4": { "position": (-68.14638, 0.006734, -114.7229), "dead": false, "phase": "patrol", "drive": "following" } }
[natural battle 111.3s] { "A": { "position": (-27.0, -0.019893, 116.0), "dead": false, "phase": "player", "drive": "player" }, "A2": { "position": (-71.95502, 0.007387, 51.28012), "dead": false, "phase": "engage", "drive": "following" }, "A3": { "position": (-71.98251, 0.008893, 67.82995), "dead": false, "phase": "engage", "drive": "following" }, "A4": { "position": (9.629597, -0.019058, 6.855072), "dead": false, "phase": "repair", "drive": "arrived" }, "B": { "position": (-28.19835, 0.00137, -113.3097), "dead": false, "phase": "patrol", "drive": "following" }, "B2": { "position": (-1.714402, -0.019628, -9.131363), "dead": false, "phase": "engage", "drive": "arrived" }, "B3": { "position": (-42.92519, -0.019767, -20.97832), "dead": false, "phase": "repair", "drive": "following" }, "B4": { "position": (-71.9425, 0.006104, -56.82188), "dead": false, "phase": "engage", "drive": "following" } }
[PASS] 120 seconds of normal eight-actor physics stays finite and within visible bounds
[PASS] all seven autonomous actors leave spawn and reach central approaches: ["B4", "A2", "A4", "B", "B2", "B3", "A3"]
[PASS] normal AI perception and projectile execution produce combat on the map: ["A2", "A4", "B", "B4", "B2", "B3", "A3"]
[PASS] T018-H02 actual projectile stops at visible spawn_screen_1
[PASS] T018-H02 actual projectile stops at visible house_1_1
[PASS] T018-H02 actual projectile stops at visible village_house_1
[PASS] T018-H02 actual projectile stops at visible cover_1
[PASS] T018-H02 actual projectile stops at visible fence_1
[PASS] T018-H02 actual projectile stops at visible boundary_x160
[PASS] T018-H02 actual projectile stops at visible roof
[PASS] short original grass has no physical or AI-only obstruction
[PASS] T018-H03 measured 140m clear main-route gun line side -1
[PASS] T018-H03 measured 140m clear main-route gun line side 1
[sightlines] two actual 140m clear main-route lines
[hill sightline] distance=93.5336380004883 endpoint=(-72.0, 2.4, -80.0)
[PASS] elevated western hill has a measured clear line to main-road approach -1
[hill sightline] distance=93.5336380004883 endpoint=(-72.0, 2.4, 80.0)
[PASS] elevated western hill has a measured clear line to main-road approach 1
[PASS] AppFlow normal team selection resolves the bundled village scene
[PASS] restart preserves selected village and creates a fresh match identity
[PASS] village scene cleanup returns to the ordinary garage
=== 缁撴灉: 21 椤规鏌? 0 澶辫触 ===
VILLAGE_BATTLE_CHECKS_PASS
