Godot Engine v4.7.2.stable.official.ed1daf0bf - https://godotengine.org

WARNING: LayoutCatalog: test_player_vehicle_layout: WARNING modules[1].barrel_box: module box outside actual vehicle armor bounds (coarse AABB check; not a verdict of physical intersection)
   at: push_warning (core/variant/variant_utility.cpp:1033)
   GDScript backtrace (most recent call first):
       [0] load_layout (res://scripts/layout/layout_catalog.gd:98)
       [1] setup (res://scripts/vehicle_actor.gd:96)
       [2] _ready (res://scripts/training/ballistics_range.gd:71)
       [3] _ready (res://scripts/training/damage_range.gd:13)
       [4] _ready (res://scripts/training/ai_drive_range.gd:16)
       [5] _run (res://tests/run_ai_drive_checks.gd:31)
[PASS] actual AI laboratory loads bundled navigation graph
[PASS] AI binds command controller without claiming local camera
[PASS] spectator view does not poll hidden player input
[PASS] player camera switch does not steal AI binding
[PASS] authored two-metre corridor rejects full-width tank
[PASS] nonfinite authored position rejected before path search
[PASS] goal outside authored map returns explicit failure
[PASS] A-star route choice is deterministic on equal-cost alternatives
[route 0] { "bounded": true, "max_x": 0.0, "steps": 222, "position": (0.0, 0.006619, -6.760962), "phase": "arrived" }
[PASS] route 0 uses bounded real movement without teleporting
[PASS] route 0 arrives through actual VehicleActor executor
[PASS] route 0 actually parks inside goal area
[route 1] { "bounded": true, "max_x": 10.745719909668, "steps": 480, "position": (10.74572, 0.006595, -7.925823), "phase": "arrived" }
[PASS] route 1 uses bounded real movement without teleporting
[PASS] route 1 arrives through actual VehicleActor executor
[PASS] route 1 actually parks inside goal area
[route 2] { "bounded": true, "max_x": 11.9986267089844, "steps": 1112, "position": (1.027363, -0.010037, -41.27605), "phase": "arrived" }
[PASS] route 2 uses bounded real movement without teleporting
[PASS] route 2 arrives through actual VehicleActor executor
[PASS] route 2 actually parks inside goal area
[PASS] route 2 physically travels around the box footprint
[route 3] { "bounded": true, "max_x": 0.0, "steps": 1, "position": (0.0, -0.018438, 6.0), "phase": "unreachable" }
[PASS] route 3 uses bounded real movement without teleporting
[PASS] narrow trial stops explicitly without trying to squeeze through
[route 4] { "bounded": true, "max_x": 12.1221132278442, "steps": 1380, "position": (1.030279, 0.006624, -41.2773), "phase": "arrived" }
[PASS] route 4 uses bounded real movement without teleporting
[PASS] route 4 arrives through actual VehicleActor executor
[PASS] route 4 actually parks inside goal area
[PASS] route 4 physically travels around the box footprint
[PASS] actual player-car blockage causes bounded reverse recovery
[PASS] AI cannot bypass destroyed engine capability
[PASS] reset clears old AI goal and generation-bound route
[PASS] path recomputation rate gate prevents duplicate search
[PASS] controller detach cancels old goal
[PASS] destroyed actor cancels AI path rather than retrying
[PASS] permanent obstacle reaches bounded explicit failure
[PASS] failed AI stops sending drive intent and coasts to rest
[PASS] diagnostic transition history remains bounded
[PASS] second AI actor instantiates real vehicle and independent runtime
[PASS] two oncoming AI actors arrive or explicitly fail within bounded simulation
[oncoming] closest=4.376737 B=(-1.256398, 0.00652, -7.919573) C=(-10.8376, -0.019241, -12.21614) Bphase=arrived Cphase=unreachable
[PASS] oncoming full-size vehicles remain separate and finite
[PASS] multiple AI actors do not steal spectator camera
[PASS] freeing an actor detaches and cancels its surviving AI controller
[PASS] AI does not read or steal global player steering and fire
[PASS] reset callback during AI poll prevents committing stale command
=== 结果: 40 项检查, 0 失败 ===
AI_DRIVE_CHECKS_PASS
