Godot Engine v4.7.2.stable.official.ed1daf0bf - https://godotengine.org
OpenGL API 3.3.0 NVIDIA 591.86 - Compatibility - Using Device: NVIDIA - NVIDIA GeForce RTX 4070 SUPER

[PASS] definitions load
[PASS] real target loads
[PASS] real manager admits TEST ONLY delayed round
[PASS] bounded fixture reaches real terminal state
[PASS] actual profiled APHE record accepted: cast 20.0
[PASS] new impact identity coexists with preserved legacy armor version
[PASS] replay rejects altered contact effective_mm
[PASS] replay rejects altered contact path_thickness_mm
[PASS] replay rejects altered contact adjusted_angle_deg
[PASS] replay rejects altered contact material_multiplier
[PASS] replay rejects altered contact angle_deg
[PASS] replay rejects altered contact after_mm
[PASS] replay rejects inconsistent material
[PASS] replay rejects inconsistent patch_material
[PASS] replay rejects inconsistent profile
[PASS] replay rejects inconsistent overmatch
[PASS] replay rejects inconsistent unit
[PASS] replay rejects inconsistent version
[PASS] replay rejects inconsistent missing_profile
[PASS] replay rejects inconsistent nonfinite
[PASS] replay rejects inconsistent normal
[PASS] replay rejects inconsistent surface
[PASS] real burst records actual fragment armor contact
[PASS] fragment replay rejects altered effective_mm
[PASS] fragment replay rejects altered adjusted_angle_deg
[PASS] fragment replay rejects altered material_multiplier
[PASS] fragment replay rejects altered path_thickness_mm
[PASS] fragment cannot acquire parent overmatch in replay
[PASS] real manager admits TEST ONLY delayed round
[PASS] bounded fixture reaches real terminal state
[PASS] actual profiled APHE record accepted: rolled 20.0
[PASS] real manager admits TEST ONLY delayed round
[PASS] bounded fixture reaches real terminal state
[PASS] actual profiled APHE record accepted: unknown 20.0
[PASS] real manager admits TEST ONLY delayed round
[PASS] bounded fixture reaches real terminal state
[PASS] actual profiled APHE record accepted: cast -1.0
[PASS] real manager admits TEST ONLY delayed round
[PASS] bounded fixture reaches real terminal state
[PASS] actual profiled APHE record accepted: cast 0.0
[PASS] real manager admits TEST ONLY delayed round
[PASS] bounded fixture reaches real terminal state
[PASS] legacy record without optional fields remains compatible
[PASS] material presentation uses actual window renderer
[PASS] production replay opens profiled material shot
[PASS] actual material explanation and replay screenshot saved
[PASS] material replay presentation never repeats damage
=== 结果: 47 项检查, 0 失败 ===
MATERIAL_REPLAY_CHECKS_PASS
