Godot Engine v4.7.2.stable.official.ed1daf0bf - https://godotengine.org

[PASS] four actual historical definitions load for map matrix
[PASS] historical catalog admitted into the common definitions
[PASS] registry accepts exactly the two playable maps
[PASS] hill_village: schema and alternate paths { "ok": true, "errors": [] }
[bake hill_village] 1634 samples; failures=[]
[PASS] hill_village: every road clears maximum real vehicle envelope including final scenery
[PASS] hill_village: all 192 opposing spawn rays blocked
[route] hill_village/us_m4a3_75w_vvss_1944/1/0/capture { "phase": "arrived", "seconds": 61.05, "bounded": true, "position": (-7.494663, 0.000942, 5.641167), "recovery_attempts": 0 }
[PASS] T023-02 actual driving hill_village/us_m4a3_75w_vvss_1944/1/0/capture
[route] hill_village/us_m4a3_75w_vvss_1944/1/0/supply { "phase": "arrived", "seconds": 44.2, "bounded": true, "position": (0.121758, 0.000942, 143.2999), "recovery_attempts": 0 }
[PASS] T023-02 actual driving hill_village/us_m4a3_75w_vvss_1944/1/0/supply
[route] hill_village/us_m4a3_75w_vvss_1944/1/1/capture { "phase": "arrived", "seconds": 65.8666666666667, "bounded": true, "position": (-2.310152, 0.000942, 8.597763), "recovery_attempts": 0 }
[PASS] T023-02 actual driving hill_village/us_m4a3_75w_vvss_1944/1/1/capture
[route] hill_village/us_m4a3_75w_vvss_1944/1/1/supply { "phase": "arrived", "seconds": 47.6333333333333, "bounded": true, "position": (0.121704, 0.000942, 143.2999), "recovery_attempts": 0 }
[PASS] T023-02 actual driving hill_village/us_m4a3_75w_vvss_1944/1/1/supply
[route] hill_village/us_m4a3_75w_vvss_1944/1/2/capture { "phase": "arrived", "seconds": 65.8666666666667, "bounded": true, "position": (2.310091, 0.000942, 8.597717), "recovery_attempts": 0 }
[PASS] T023-02 actual driving hill_village/us_m4a3_75w_vvss_1944/1/2/capture
[route] hill_village/us_m4a3_75w_vvss_1944/1/2/supply { "phase": "arrived", "seconds": 47.6333333333333, "bounded": true, "position": (-0.121702, 0.000942, 143.2998), "recovery_attempts": 0 }
[PASS] T023-02 actual driving hill_village/us_m4a3_75w_vvss_1944/1/2/supply
[route] hill_village/us_m4a3_75w_vvss_1944/1/3/capture { "phase": "arrived", "seconds": 61.05, "bounded": true, "position": (7.494663, 0.000942, 5.641167), "recovery_attempts": 0 }
[PASS] T023-02 actual driving hill_village/us_m4a3_75w_vvss_1944/1/3/capture
[route] hill_village/us_m4a3_75w_vvss_1944/1/3/supply { "phase": "arrived", "seconds": 44.2, "bounded": true, "position": (-0.121752, 0.000942, 143.2999), "recovery_attempts": 0 }
[PASS] T023-02 actual driving hill_village/us_m4a3_75w_vvss_1944/1/3/supply
[route] hill_village/us_m4a3_75w_vvss_1944/1/4/capture { "phase": "arrived", "seconds": 60.7833333333333, "bounded": true, "position": (-7.494802, 0.000942, 5.641258), "recovery_attempts": 0 }
[PASS] T023-02 actual driving hill_village/us_m4a3_75w_vvss_1944/1/4/capture
[route] hill_village/us_m4a3_75w_vvss_1944/1/4/supply { "phase": "arrived", "seconds": 44.7, "bounded": true, "position": (0.121704, 0.000942, 143.2999), "recovery_attempts": 0 }
[PASS] T023-02 actual driving hill_village/us_m4a3_75w_vvss_1944/1/4/supply
[route] hill_village/us_m4a3_75w_vvss_1944/1/5/capture { "phase": "arrived", "seconds": 65.65, "bounded": true, "position": (-2.310301, 0.000942, 8.597855), "recovery_attempts": 0 }
[PASS] T023-02 actual driving hill_village/us_m4a3_75w_vvss_1944/1/5/capture
[route] hill_village/us_m4a3_75w_vvss_1944/1/5/supply { "phase": "arrived", "seconds": 7.98333333333333, "bounded": true, "position": (0.15793, 0.000942, 143.3501), "recovery_attempts": 0 }
[PASS] T023-02 actual driving hill_village/us_m4a3_75w_vvss_1944/1/5/supply
[route] hill_village/us_m4a3_75w_vvss_1944/1/6/capture { "phase": "arrived", "seconds": 65.65, "bounded": true, "position": (2.310304, 0.000942, 8.597839), "recovery_attempts": 0 }
[PASS] T023-02 actual driving hill_village/us_m4a3_75w_vvss_1944/1/6/capture
[route] hill_village/us_m4a3_75w_vvss_1944/1/6/supply { "phase": "arrived", "seconds": 7.98333333333333, "bounded": true, "position": (-0.157856, 0.000942, 143.3501), "recovery_attempts": 0 }
[PASS] T023-02 actual driving hill_village/us_m4a3_75w_vvss_1944/1/6/supply
[route] hill_village/us_m4a3_75w_vvss_1944/1/7/capture { "phase": "arrived", "seconds": 60.7833333333333, "bounded": true, "position": (7.494802, 0.000942, 5.641258), "recovery_attempts": 0 }
[PASS] T023-02 actual driving hill_village/us_m4a3_75w_vvss_1944/1/7/capture
[route] hill_village/us_m4a3_75w_vvss_1944/1/7/supply { "phase": "arrived", "seconds": 44.7, "bounded": true, "position": (-0.12174, 0.000942, 143.2998), "recovery_attempts": 0 }
[PASS] T023-02 actual driving hill_village/us_m4a3_75w_vvss_1944/1/7/supply
[route] hill_village/us_m4a3_75w_vvss_1944/2/0/capture { "phase": "arrived", "seconds": 61.05, "bounded": true, "position": (-7.494162, 0.000942, -5.640472), "recovery_attempts": 0 }
[PASS] T023-02 actual driving hill_village/us_m4a3_75w_vvss_1944/2/0/capture
[route] hill_village/us_m4a3_75w_vvss_1944/2/0/supply { "phase": "arrived", "seconds": 44.2166666666667, "bounded": true, "position": (0.121906, 0.000942, -143.3002), "recovery_attempts": 0 }
[PASS] T023-02 actual driving hill_village/us_m4a3_75w_vvss_1944/2/0/supply
[route] hill_village/us_m4a3_75w_vvss_1944/2/1/capture { "phase": "arrived", "seconds": 65.9166666666667, "bounded": true, "position": (-2.3105, 0.000942, -8.597839), "recovery_attempts": 0 }
[PASS] T023-02 actual driving hill_village/us_m4a3_75w_vvss_1944/2/1/capture
[route] hill_village/us_m4a3_75w_vvss_1944/2/1/supply { "phase": "arrived", "seconds": 47.65, "bounded": true, "position": (0.121687, 0.000942, -143.2998), "recovery_attempts": 0 }
[PASS] T023-02 actual driving hill_village/us_m4a3_75w_vvss_1944/2/1/supply
[route] hill_village/us_m4a3_75w_vvss_1944/2/2/capture { "phase": "arrived", "seconds": 65.8666666666667, "bounded": true, "position": (2.309942, 0.000942, -8.597755), "recovery_attempts": 0 }
[PASS] T023-02 actual driving hill_village/us_m4a3_75w_vvss_1944/2/2/capture
[route] hill_village/us_m4a3_75w_vvss_1944/2/2/supply { "phase": "arrived", "seconds": 47.6333333333333, "bounded": true, "position": (-0.121646, 0.000942, -143.2996), "recovery_attempts": 0 }
[PASS] T023-02 actual driving hill_village/us_m4a3_75w_vvss_1944/2/2/supply
[route] hill_village/us_m4a3_75w_vvss_1944/2/3/capture { "phase": "arrived", "seconds": 60.95, "bounded": true, "position": (7.49641, 0.000942, -5.642807), "recovery_attempts": 0 }
[PASS] T023-02 actual driving hill_village/us_m4a3_75w_vvss_1944/2/3/capture
[route] hill_village/us_m4a3_75w_vvss_1944/2/3/supply { "phase": "arrived", "seconds": 44.2, "bounded": true, "position": (-0.121647, 0.000942, -143.2997), "recovery_attempts": 0 }
[PASS] T023-02 actual driving hill_village/us_m4a3_75w_vvss_1944/2/3/supply
[route] hill_village/us_m4a3_75w_vvss_1944/2/4/capture { "phase": "arrived", "seconds": 60.7833333333333, "bounded": true, "position": (-7.49431, 0.000942, -5.640747), "recovery_attempts": 0 }
[PASS] T023-02 actual driving hill_village/us_m4a3_75w_vvss_1944/2/4/capture
[route] hill_village/us_m4a3_75w_vvss_1944/2/4/supply { "phase": "arrived", "seconds": 44.7333333333333, "bounded": true, "position": (0.121714, 0.000942, -143.2998), "recovery_attempts": 0 }
[PASS] T023-02 actual driving hill_village/us_m4a3_75w_vvss_1944/2/4/supply
[route] hill_village/us_m4a3_75w_vvss_1944/2/5/capture { "phase": "arrived", "seconds": 65.6833333333333, "bounded": true, "position": (-2.310558, 0.000942, -8.597824), "recovery_attempts": 0 }
[PASS] T023-02 actual driving hill_village/us_m4a3_75w_vvss_1944/2/5/capture
[route] hill_village/us_m4a3_75w_vvss_1944/2/5/supply { "phase": "arrived", "seconds": 7.98333333333333, "bounded": true, "position": (0.158072, 0.000942, -143.35), "recovery_attempts": 0 }
[PASS] T023-02 actual driving hill_village/us_m4a3_75w_vvss_1944/2/5/supply
[route] hill_village/us_m4a3_75w_vvss_1944/2/6/capture { "phase": "arrived", "seconds": 65.65, "bounded": true, "position": (2.309875, 0.000942, -8.59771), "recovery_attempts": 0 }
[PASS] T023-02 actual driving hill_village/us_m4a3_75w_vvss_1944/2/6/capture
[route] hill_village/us_m4a3_75w_vvss_1944/2/6/supply { "phase": "arrived", "seconds": 7.98333333333333, "bounded": true, "position": (-0.157874, 0.000942, -143.3501), "recovery_attempts": 0 }
[PASS] T023-02 actual driving hill_village/us_m4a3_75w_vvss_1944/2/6/supply
[route] hill_village/us_m4a3_75w_vvss_1944/2/7/capture { "phase": "arrived", "seconds": 60.7833333333333, "bounded": true, "position": (7.494972, 0.000942, -5.641525), "recovery_attempts": 0 }
[PASS] T023-02 actual driving hill_village/us_m4a3_75w_vvss_1944/2/7/capture
[route] hill_village/us_m4a3_75w_vvss_1944/2/7/supply { "phase": "arrived", "seconds": 44.7166666666667, "bounded": true, "position": (-0.121815, 0.000942, -143.2999), "recovery_attempts": 0 }
[PASS] T023-02 actual driving hill_village/us_m4a3_75w_vvss_1944/2/7/supply
[route] hill_village/us_m24_m6_t85e1_1951/1/0/capture { "phase": "arrived", "seconds": 50.7833333333333, "bounded": true, "position": (-9.172977, 0.000942, 6.532951), "recovery_attempts": 0 }
[PASS] T023-02 actual driving hill_village/us_m24_m6_t85e1_1951/1/0/capture
[route] hill_village/us_m24_m6_t85e1_1951/1/0/supply { "phase": "arrived", "seconds": 37.1166666666667, "bounded": true, "position": (-0.735889, 0.000942, 141.9446), "recovery_attempts": 0 }
[PASS] T023-02 actual driving hill_village/us_m24_m6_t85e1_1951/1/0/supply
[route] hill_village/us_m24_m6_t85e1_1951/1/1/capture { "phase": "arrived", "seconds": 53.8666666666667, "bounded": true, "position": (-4.227142, 0.000942, 9.393478), "recovery_attempts": 0 }
[PASS] T023-02 actual driving hill_village/us_m24_m6_t85e1_1951/1/1/capture
[route] hill_village/us_m24_m6_t85e1_1951/1/1/supply { "phase": "arrived", "seconds": 39.55, "bounded": true, "position": (-0.735824, 0.000942, 141.9446), "recovery_attempts": 0 }
[PASS] T023-02 actual driving hill_village/us_m24_m6_t85e1_1951/1/1/supply
[route] hill_village/us_m24_m6_t85e1_1951/1/2/capture { "phase": "arrived", "seconds": 53.8666666666667, "bounded": true, "position": (4.227136, 0.000942, 9.393494), "recovery_attempts": 0 }
[PASS] T023-02 actual driving hill_village/us_m24_m6_t85e1_1951/1/2/capture
[route] hill_village/us_m24_m6_t85e1_1951/1/2/supply { "phase": "arrived", "seconds": 39.55, "bounded": true, "position": (0.736027, 0.000942, 141.9447), "recovery_attempts": 0 }
[PASS] T023-02 actual driving hill_village/us_m24_m6_t85e1_1951/1/2/supply
[route] hill_village/us_m24_m6_t85e1_1951/1/3/capture { "phase": "arrived", "seconds": 50.7833333333333, "bounded": true, "position": (9.172981, 0.000942, 6.532951), "recovery_attempts": 0 }
[PASS] T023-02 actual driving hill_village/us_m24_m6_t85e1_1951/1/3/capture
[route] hill_village/us_m24_m6_t85e1_1951/1/3/supply { "phase": "arrived", "seconds": 37.1166666666667, "bounded": true, "position": (0.736038, 0.000942, 141.9447), "recovery_attempts": 0 }
[PASS] T023-02 actual driving hill_village/us_m24_m6_t85e1_1951/1/3/supply
[route] hill_village/us_m24_m6_t85e1_1951/1/4/capture { "phase": "arrived", "seconds": 50.3333333333333, "bounded": true, "position": (-9.172998, 0.000942, 6.532936), "recovery_attempts": 0 }
[PASS] T023-02 actual driving hill_village/us_m24_m6_t85e1_1951/1/4/capture
[route] hill_village/us_m24_m6_t85e1_1951/1/4/supply { "phase": "arrived", "seconds": 37.2, "bounded": true, "position": (-0.733156, 0.000942, 141.9401), "recovery_attempts": 0 }
[PASS] T023-02 actual driving hill_village/us_m24_m6_t85e1_1951/1/4/supply
[route] hill_village/us_m24_m6_t85e1_1951/1/5/capture { "phase": "arrived", "seconds": 53.55, "bounded": true, "position": (-4.227141, 0.000942, 9.393463), "recovery_attempts": 0 }
[PASS] T023-02 actual driving hill_village/us_m24_m6_t85e1_1951/1/5/capture
[route] hill_village/us_m24_m6_t85e1_1951/1/5/supply { "phase": "arrived", "seconds": 7.13333333333333, "bounded": true, "position": (-0.678009, 0.000942, 141.907), "recovery_attempts": 0 }
[PASS] T023-02 actual driving hill_village/us_m24_m6_t85e1_1951/1/5/supply
[route] hill_village/us_m24_m6_t85e1_1951/1/6/capture { "phase": "arrived", "seconds": 53.55, "bounded": true, "position": (4.22714, 0.000942, 9.393486), "recovery_attempts": 0 }
[PASS] T023-02 actual driving hill_village/us_m24_m6_t85e1_1951/1/6/capture
[route] hill_village/us_m24_m6_t85e1_1951/1/6/supply { "phase": "arrived", "seconds": 7.13333333333333, "bounded": true, "position": (0.678022, 0.000942, 141.907), "recovery_attempts": 0 }
[PASS] T023-02 actual driving hill_village/us_m24_m6_t85e1_1951/1/6/supply
[route] hill_village/us_m24_m6_t85e1_1951/1/7/capture { "phase": "arrived", "seconds": 50.3333333333333, "bounded": true, "position": (9.172991, 0.000942, 6.532951), "recovery_attempts": 0 }
[PASS] T023-02 actual driving hill_village/us_m24_m6_t85e1_1951/1/7/capture
[route] hill_village/us_m24_m6_t85e1_1951/1/7/supply { "phase": "arrived", "seconds": 37.2, "bounded": true, "position": (0.732885, 0.000942, 141.9399), "recovery_attempts": 0 }
[PASS] T023-02 actual driving hill_village/us_m24_m6_t85e1_1951/1/7/supply
[route] hill_village/us_m24_m6_t85e1_1951/2/0/capture { "phase": "arrived", "seconds": 50.7833333333333, "bounded": true, "position": (-9.172964, 0.000942, -6.533264), "recovery_attempts": 0 }
[PASS] T023-02 actual driving hill_village/us_m24_m6_t85e1_1951/2/0/capture
[route] hill_village/us_m24_m6_t85e1_1951/2/0/supply { "phase": "arrived", "seconds": 37.1166666666667, "bounded": true, "position": (-0.735872, 0.000942, -141.9446), "recovery_attempts": 0 }
[PASS] T023-02 actual driving hill_village/us_m24_m6_t85e1_1951/2/0/supply
[route] hill_village/us_m24_m6_t85e1_1951/2/1/capture { "phase": "arrived", "seconds": 53.8666666666667, "bounded": true, "position": (-4.227165, 0.000942, -9.393082), "recovery_attempts": 0 }
[PASS] T023-02 actual driving hill_village/us_m24_m6_t85e1_1951/2/1/capture
[route] hill_village/us_m24_m6_t85e1_1951/2/1/supply { "phase": "arrived", "seconds": 39.55, "bounded": true, "position": (-0.736094, 0.000942, -141.9447), "recovery_attempts": 0 }
[PASS] T023-02 actual driving hill_village/us_m24_m6_t85e1_1951/2/1/supply
[route] hill_village/us_m24_m6_t85e1_1951/2/2/capture { "phase": "arrived", "seconds": 53.8666666666667, "bounded": true, "position": (4.227099, 0.000942, -9.393837), "recovery_attempts": 0 }
[PASS] T023-02 actual driving hill_village/us_m24_m6_t85e1_1951/2/2/capture
[route] hill_village/us_m24_m6_t85e1_1951/2/2/supply { "phase": "arrived", "seconds": 39.55, "bounded": true, "position": (0.735925, 0.000942, -141.9446), "recovery_attempts": 0 }
[PASS] T023-02 actual driving hill_village/us_m24_m6_t85e1_1951/2/2/supply
[route] hill_village/us_m24_m6_t85e1_1951/2/3/capture { "phase": "arrived", "seconds": 50.7833333333333, "bounded": true, "position": (9.17304, 0.000942, -6.532593), "recovery_attempts": 0 }
[PASS] T023-02 actual driving hill_village/us_m24_m6_t85e1_1951/2/3/capture
[route] hill_village/us_m24_m6_t85e1_1951/2/3/supply { "phase": "arrived", "seconds": 37.1166666666667, "bounded": true, "position": (0.735992, 0.000942, -141.9447), "recovery_attempts": 0 }
[PASS] T023-02 actual driving hill_village/us_m24_m6_t85e1_1951/2/3/supply
[route] hill_village/us_m24_m6_t85e1_1951/2/4/capture { "phase": "arrived", "seconds": 50.3333333333333, "bounded": true, "position": (-9.172905, 0.000942, -6.533142), "recovery_attempts": 0 }
[PASS] T023-02 actual driving hill_village/us_m24_m6_t85e1_1951/2/4/capture
[route] hill_village/us_m24_m6_t85e1_1951/2/4/supply { "phase": "arrived", "seconds": 37.2, "bounded": true, "position": (-0.732944, 0.000942, -141.9399), "recovery_attempts": 0 }
[PASS] T023-02 actual driving hill_village/us_m24_m6_t85e1_1951/2/4/supply
[route] hill_village/us_m24_m6_t85e1_1951/2/5/capture { "phase": "arrived", "seconds": 53.55, "bounded": true, "position": (-4.227211, 0.000942, -9.393181), "recovery_attempts": 0 }
[PASS] T023-02 actual driving hill_village/us_m24_m6_t85e1_1951/2/5/capture
[route] hill_village/us_m24_m6_t85e1_1951/2/5/supply { "phase": "arrived", "seconds": 7.13333333333333, "bounded": true, "position": (-0.67805, 0.000942, -141.907), "recovery_attempts": 0 }
[PASS] T023-02 actual driving hill_village/us_m24_m6_t85e1_1951/2/5/supply
[route] hill_village/us_m24_m6_t85e1_1951/2/6/capture { "phase": "arrived", "seconds": 53.55, "bounded": true, "position": (4.227057, 0.000942, -9.393791), "recovery_attempts": 0 }
[PASS] T023-02 actual driving hill_village/us_m24_m6_t85e1_1951/2/6/capture
[route] hill_village/us_m24_m6_t85e1_1951/2/6/supply { "phase": "arrived", "seconds": 7.13333333333333, "bounded": true, "position": (0.677985, 0.000942, -141.907), "recovery_attempts": 0 }
[PASS] T023-02 actual driving hill_village/us_m24_m6_t85e1_1951/2/6/supply
[route] hill_village/us_m24_m6_t85e1_1951/2/7/capture { "phase": "arrived", "seconds": 50.3333333333333, "bounded": true, "position": (9.173122, 0.000942, -6.532707), "recovery_attempts": 0 }
[PASS] T023-02 actual driving hill_village/us_m24_m6_t85e1_1951/2/7/capture
[route] hill_village/us_m24_m6_t85e1_1951/2/7/supply { "phase": "arrived", "seconds": 37.2, "bounded": true, "position": (0.73279, 0.000942, -141.9399), "recovery_attempts": 0 }
[PASS] T023-02 actual driving hill_village/us_m24_m6_t85e1_1951/2/7/supply
[route] hill_village/us_m26_m3_1945/1/0/capture { "phase": "arrived", "seconds": 112.366666666667, "bounded": true, "position": (-6.679928, 0.000942, 5.834686), "recovery_attempts": 0 }
[PASS] T023-02 actual driving hill_village/us_m26_m3_1945/1/0/capture
[route] hill_village/us_m26_m3_1945/1/0/supply { "phase": "arrived", "seconds": 74.45, "bounded": true, "position": (0.695276, 0.000942, 143.7318), "recovery_attempts": 0 }
[PASS] T023-02 actual driving hill_village/us_m26_m3_1945/1/0/supply
[route] hill_village/us_m26_m3_1945/1/1/capture { "phase": "arrived", "seconds": 150.316666666667, "bounded": true, "position": (-1.979974, 0.000942, 8.324844), "recovery_attempts": 0 }
[PASS] T023-02 actual driving hill_village/us_m26_m3_1945/1/1/capture
[route] hill_village/us_m26_m3_1945/1/1/supply { "phase": "arrived", "seconds": 97.7166666666667, "bounded": true, "position": (0.653378, 0.000942, 143.651), "recovery_attempts": 0 }
[PASS] T023-02 actual driving hill_village/us_m26_m3_1945/1/1/supply
[route] hill_village/us_m26_m3_1945/1/2/capture { "phase": "arrived", "seconds": 150.316666666667, "bounded": true, "position": (1.979951, 0.000942, 8.324844), "recovery_attempts": 0 }
[PASS] T023-02 actual driving hill_village/us_m26_m3_1945/1/2/capture
[route] hill_village/us_m26_m3_1945/1/2/supply { "phase": "arrived", "seconds": 97.7166666666667, "bounded": true, "position": (-0.65339, 0.000942, 143.6511), "recovery_attempts": 0 }
[PASS] T023-02 actual driving hill_village/us_m26_m3_1945/1/2/supply
[route] hill_village/us_m26_m3_1945/1/3/capture { "phase": "arrived", "seconds": 112.366666666667, "bounded": true, "position": (6.680073, 0.000942, 5.834488), "recovery_attempts": 0 }
[PASS] T023-02 actual driving hill_village/us_m26_m3_1945/1/3/capture
[route] hill_village/us_m26_m3_1945/1/3/supply { "phase": "arrived", "seconds": 74.45, "bounded": true, "position": (-0.695276, 0.000942, 143.7318), "recovery_attempts": 0 }
[PASS] T023-02 actual driving hill_village/us_m26_m3_1945/1/3/supply
[route] hill_village/us_m26_m3_1945/1/4/capture { "phase": "arrived", "seconds": 111.9, "bounded": true, "position": (-6.679928, 0.000942, 5.834656), "recovery_attempts": 0 }
[PASS] T023-02 actual driving hill_village/us_m26_m3_1945/1/4/capture
[route] hill_village/us_m26_m3_1945/1/4/supply { "phase": "arrived", "seconds": 74.9166666666667, "bounded": true, "position": (0.695299, 0.000942, 143.7318), "recovery_attempts": 0 }
[PASS] T023-02 actual driving hill_village/us_m26_m3_1945/1/4/supply
[route] hill_village/us_m26_m3_1945/1/5/capture { "phase": "arrived", "seconds": 150.65, "bounded": true, "position": (-1.979973, 0.000942, 8.324844), "recovery_attempts": 0 }
[PASS] T023-02 actual driving hill_village/us_m26_m3_1945/1/5/capture
[route] hill_village/us_m26_m3_1945/1/5/supply { "phase": "arrived", "seconds": 9.35, "bounded": true, "position": (0.400083, 0.000942, 144.0109), "recovery_attempts": 0 }
[PASS] T023-02 actual driving hill_village/us_m26_m3_1945/1/5/supply
[route] hill_village/us_m26_m3_1945/1/6/capture { "phase": "arrived", "seconds": 150.65, "bounded": true, "position": (1.979973, 0.000942, 8.324844), "recovery_attempts": 0 }
[PASS] T023-02 actual driving hill_village/us_m26_m3_1945/1/6/capture
[route] hill_village/us_m26_m3_1945/1/6/supply { "phase": "arrived", "seconds": 9.35, "bounded": true, "position": (-0.400115, 0.000942, 144.0109), "recovery_attempts": 0 }
[PASS] T023-02 actual driving hill_village/us_m26_m3_1945/1/6/supply
[route] hill_village/us_m26_m3_1945/1/7/capture { "phase": "arrived", "seconds": 111.9, "bounded": true, "position": (6.680073, 0.000942, 5.834488), "recovery_attempts": 0 }
[PASS] T023-02 actual driving hill_village/us_m26_m3_1945/1/7/capture
[route] hill_village/us_m26_m3_1945/1/7/supply { "phase": "arrived", "seconds": 74.9166666666667, "bounded": true, "position": (-0.695234, 0.000942, 143.7318), "recovery_attempts": 0 }
[PASS] T023-02 actual driving hill_village/us_m26_m3_1945/1/7/supply
[route] hill_village/us_m26_m3_1945/2/0/capture { "phase": "arrived", "seconds": 112.383333333333, "bounded": true, "position": (-6.67831, 0.000942, -5.834221), "recovery_attempts": 0 }
[PASS] T023-02 actual driving hill_village/us_m26_m3_1945/2/0/capture
[route] hill_village/us_m26_m3_1945/2/0/supply { "phase": "arrived", "seconds": 74.4833333333333, "bounded": true, "position": (0.695448, 0.000942, -143.7319), "recovery_attempts": 0 }
[PASS] T023-02 actual driving hill_village/us_m26_m3_1945/2/0/supply
[route] hill_village/us_m26_m3_1945/2/1/capture { "phase": "arrived", "seconds": 150.35, "bounded": true, "position": (-1.981331, 0.000942, -8.325623), "recovery_attempts": 0 }
[PASS] T023-02 actual driving hill_village/us_m26_m3_1945/2/1/capture
[route] hill_village/us_m26_m3_1945/2/1/supply { "phase": "arrived", "seconds": 97.75, "bounded": true, "position": (0.653341, 0.000942, -143.651), "recovery_attempts": 0 }
[PASS] T023-02 actual driving hill_village/us_m26_m3_1945/2/1/supply
[route] hill_village/us_m26_m3_1945/2/2/capture { "phase": "arrived", "seconds": 150.333333333333, "bounded": true, "position": (1.979234, 0.000942, -8.324432), "recovery_attempts": 0 }
[PASS] T023-02 actual driving hill_village/us_m26_m3_1945/2/2/capture
[route] hill_village/us_m26_m3_1945/2/2/supply { "phase": "arrived", "seconds": 97.7, "bounded": true, "position": (-0.653482, 0.000942, -143.6511), "recovery_attempts": 0 }
[PASS] T023-02 actual driving hill_village/us_m26_m3_1945/2/2/supply
[route] hill_village/us_m26_m3_1945/2/3/capture { "phase": "arrived", "seconds": 112.366666666667, "bounded": true, "position": (6.681177, 0.000942, -5.835114), "recovery_attempts": 0 }
[PASS] T023-02 actual driving hill_village/us_m26_m3_1945/2/3/capture
[route] hill_village/us_m26_m3_1945/2/3/supply { "phase": "arrived", "seconds": 74.4666666666667, "bounded": true, "position": (-0.694996, 0.000942, -143.7316), "recovery_attempts": 0 }
[PASS] T023-02 actual driving hill_village/us_m26_m3_1945/2/3/supply
[route] hill_village/us_m26_m3_1945/2/4/capture { "phase": "arrived", "seconds": 111.883333333333, "bounded": true, "position": (-6.679955, 0.000942, -5.834473), "recovery_attempts": 0 }
[PASS] T023-02 actual driving hill_village/us_m26_m3_1945/2/4/capture
[route] hill_village/us_m26_m3_1945/2/4/supply { "phase": "arrived", "seconds": 74.9166666666667, "bounded": true, "position": (0.69516, 0.000942, -143.7318), "recovery_attempts": 0 }
[PASS] T023-02 actual driving hill_village/us_m26_m3_1945/2/4/supply
[route] hill_village/us_m26_m3_1945/2/5/capture { "phase": "arrived", "seconds": 150.633333333333, "bounded": true, "position": (-1.980025, 0.000942, -8.325073), "recovery_attempts": 0 }
[PASS] T023-02 actual driving hill_village/us_m26_m3_1945/2/5/capture
[route] hill_village/us_m26_m3_1945/2/5/supply { "phase": "arrived", "seconds": 9.35, "bounded": true, "position": (0.400143, 0.000942, -144.0109), "recovery_attempts": 0 }
[PASS] T023-02 actual driving hill_village/us_m26_m3_1945/2/5/supply
[route] hill_village/us_m26_m3_1945/2/6/capture { "phase": "arrived", "seconds": 150.633333333333, "bounded": true, "position": (1.979544, 0.000942, -8.32486), "recovery_attempts": 0 }
[PASS] T023-02 actual driving hill_village/us_m26_m3_1945/2/6/capture
[route] hill_village/us_m26_m3_1945/2/6/supply { "phase": "arrived", "seconds": 9.35, "bounded": true, "position": (-0.400076, 0.000942, -144.011), "recovery_attempts": 0 }
[PASS] T023-02 actual driving hill_village/us_m26_m3_1945/2/6/supply
[route] hill_village/us_m26_m3_1945/2/7/capture { "phase": "arrived", "seconds": 111.883333333333, "bounded": true, "position": (6.710972, 0.000942, -5.835571), "recovery_attempts": 0 }
[PASS] T023-02 actual driving hill_village/us_m26_m3_1945/2/7/capture
[route] hill_village/us_m26_m3_1945/2/7/supply { "phase": "arrived", "seconds": 74.9166666666667, "bounded": true, "position": (-0.695322, 0.000942, -143.7318), "recovery_attempts": 0 }
[PASS] T023-02 actual driving hill_village/us_m26_m3_1945/2/7/supply
[route] hill_village/us_m36_m4a1_1945/1/0/capture { "phase": "arrived", "seconds": 57.8, "bounded": true, "position": (-7.8613, 0.000942, 5.925789), "recovery_attempts": 0 }
[PASS] T023-02 actual driving hill_village/us_m36_m4a1_1945/1/0/capture
[route] hill_village/us_m36_m4a1_1945/1/0/supply { "phase": "arrived", "seconds": 43.05, "bounded": true, "position": (-0.030779, 0.000942, 142.9319), "recovery_attempts": 0 }
[PASS] T023-02 actual driving hill_village/us_m36_m4a1_1945/1/0/supply
[route] hill_village/us_m36_m4a1_1945/1/1/capture { "phase": "arrived", "seconds": 61.8666666666667, "bounded": true, "position": (-2.734829, 0.000942, 8.8815), "recovery_attempts": 0 }
[PASS] T023-02 actual driving hill_village/us_m36_m4a1_1945/1/1/capture
[route] hill_village/us_m36_m4a1_1945/1/1/supply { "phase": "arrived", "seconds": 45.6166666666667, "bounded": true, "position": (-0.030981, 0.000942, 142.9316), "recovery_attempts": 0 }
[PASS] T023-02 actual driving hill_village/us_m36_m4a1_1945/1/1/supply
[route] hill_village/us_m36_m4a1_1945/1/2/capture { "phase": "arrived", "seconds": 61.8666666666667, "bounded": true, "position": (2.734824, 0.000942, 8.881485), "recovery_attempts": 0 }
[PASS] T023-02 actual driving hill_village/us_m36_m4a1_1945/1/2/capture
[route] hill_village/us_m36_m4a1_1945/1/2/supply { "phase": "arrived", "seconds": 45.6166666666667, "bounded": true, "position": (0.031044, 0.000942, 142.9317), "recovery_attempts": 0 }
[PASS] T023-02 actual driving hill_village/us_m36_m4a1_1945/1/2/supply
[route] hill_village/us_m36_m4a1_1945/1/3/capture { "phase": "arrived", "seconds": 57.8, "bounded": true, "position": (7.861292, 0.000942, 5.925789), "recovery_attempts": 0 }
[PASS] T023-02 actual driving hill_village/us_m36_m4a1_1945/1/3/capture
[route] hill_village/us_m36_m4a1_1945/1/3/supply { "phase": "arrived", "seconds": 43.05, "bounded": true, "position": (0.031071, 0.000942, 142.932), "recovery_attempts": 0 }
[PASS] T023-02 actual driving hill_village/us_m36_m4a1_1945/1/3/supply
[route] hill_village/us_m36_m4a1_1945/1/4/capture { "phase": "arrived", "seconds": 57.1833333333333, "bounded": true, "position": (-7.861263, 0.000942, 5.925774), "recovery_attempts": 0 }
[PASS] T023-02 actual driving hill_village/us_m36_m4a1_1945/1/4/capture
[route] hill_village/us_m36_m4a1_1945/1/4/supply { "phase": "arrived", "seconds": 42.1833333333333, "bounded": true, "position": (-0.030609, 0.000942, 142.9333), "recovery_attempts": 0 }
[PASS] T023-02 actual driving hill_village/us_m36_m4a1_1945/1/4/supply
[route] hill_village/us_m36_m4a1_1945/1/5/capture { "phase": "arrived", "seconds": 61.4833333333333, "bounded": true, "position": (-2.734878, 0.000942, 8.8815), "recovery_attempts": 0 }
[PASS] T023-02 actual driving hill_village/us_m36_m4a1_1945/1/5/capture
[route] hill_village/us_m36_m4a1_1945/1/5/supply { "phase": "arrived", "seconds": 8.41666666666667, "bounded": true, "position": (-0.017668, 0.000942, 142.9572), "recovery_attempts": 0 }
[PASS] T023-02 actual driving hill_village/us_m36_m4a1_1945/1/5/supply
[route] hill_village/us_m36_m4a1_1945/1/6/capture { "phase": "arrived", "seconds": 61.4833333333333, "bounded": true, "position": (2.734872, 0.000942, 8.8815), "recovery_attempts": 0 }
[PASS] T023-02 actual driving hill_village/us_m36_m4a1_1945/1/6/capture
[route] hill_village/us_m36_m4a1_1945/1/6/supply { "phase": "arrived", "seconds": 8.41666666666667, "bounded": true, "position": (0.017698, 0.000942, 142.9571), "recovery_attempts": 0 }
[PASS] T023-02 actual driving hill_village/us_m36_m4a1_1945/1/6/supply
[route] hill_village/us_m36_m4a1_1945/1/7/capture { "phase": "arrived", "seconds": 57.1833333333333, "bounded": true, "position": (7.861284, 0.000942, 5.925789), "recovery_attempts": 0 }
[PASS] T023-02 actual driving hill_village/us_m36_m4a1_1945/1/7/capture
[route] hill_village/us_m36_m4a1_1945/1/7/supply { "phase": "arrived", "seconds": 42.1833333333333, "bounded": true, "position": (0.030611, 0.000942, 142.9333), "recovery_attempts": 0 }
[PASS] T023-02 actual driving hill_village/us_m36_m4a1_1945/1/7/supply
[route] hill_village/us_m36_m4a1_1945/2/0/capture { "phase": "arrived", "seconds": 57.8, "bounded": true, "position": (-7.861265, 0.000942, -5.92585), "recovery_attempts": 0 }
[PASS] T023-02 actual driving hill_village/us_m36_m4a1_1945/2/0/capture
[route] hill_village/us_m36_m4a1_1945/2/0/supply { "phase": "arrived", "seconds": 43.1333333333333, "bounded": true, "position": (-0.030546, 0.000942, -142.9319), "recovery_attempts": 0 }
[PASS] T023-02 actual driving hill_village/us_m36_m4a1_1945/2/0/supply
[route] hill_village/us_m36_m4a1_1945/2/1/capture { "phase": "arrived", "seconds": 61.9, "bounded": true, "position": (-2.735525, 0.000942, -8.881805), "recovery_attempts": 0 }
[PASS] T023-02 actual driving hill_village/us_m36_m4a1_1945/2/1/capture
[route] hill_village/us_m36_m4a1_1945/2/1/supply { "phase": "arrived", "seconds": 45.65, "bounded": true, "position": (-0.030974, 0.000942, -142.9319), "recovery_attempts": 0 }
[PASS] T023-02 actual driving hill_village/us_m36_m4a1_1945/2/1/supply
[route] hill_village/us_m36_m4a1_1945/2/2/capture { "phase": "arrived", "seconds": 61.8666666666667, "bounded": true, "position": (2.734134, 0.000942, -8.88118), "recovery_attempts": 0 }
[PASS] T023-02 actual driving hill_village/us_m36_m4a1_1945/2/2/capture
[route] hill_village/us_m36_m4a1_1945/2/2/supply { "phase": "arrived", "seconds": 45.6166666666667, "bounded": true, "position": (0.03113, 0.000942, -142.9317), "recovery_attempts": 0 }
[PASS] T023-02 actual driving hill_village/us_m36_m4a1_1945/2/2/supply
[route] hill_village/us_m36_m4a1_1945/2/3/capture { "phase": "arrived", "seconds": 57.6666666666667, "bounded": true, "position": (7.861317, 0.000942, -5.925751), "recovery_attempts": 0 }
[PASS] T023-02 actual driving hill_village/us_m36_m4a1_1945/2/3/capture
[route] hill_village/us_m36_m4a1_1945/2/3/supply { "phase": "arrived", "seconds": 43.05, "bounded": true, "position": (0.031141, 0.000942, -142.9319), "recovery_attempts": 0 }
[PASS] T023-02 actual driving hill_village/us_m36_m4a1_1945/2/3/supply
[route] hill_village/us_m36_m4a1_1945/2/4/capture { "phase": "arrived", "seconds": 57.1833333333333, "bounded": true, "position": (-7.861427, 0.000942, -5.925957), "recovery_attempts": 0 }
[PASS] T023-02 actual driving hill_village/us_m36_m4a1_1945/2/4/capture
[route] hill_village/us_m36_m4a1_1945/2/4/supply { "phase": "arrived", "seconds": 42.1833333333333, "bounded": true, "position": (-0.030703, 0.000942, -142.9333), "recovery_attempts": 0 }
[PASS] T023-02 actual driving hill_village/us_m36_m4a1_1945/2/4/supply
[route] hill_village/us_m36_m4a1_1945/2/5/capture { "phase": "arrived", "seconds": 61.4833333333333, "bounded": true, "position": (-2.735282, 0.000942, -8.881653), "recovery_attempts": 0 }
[PASS] T023-02 actual driving hill_village/us_m36_m4a1_1945/2/5/capture
[route] hill_village/us_m36_m4a1_1945/2/5/supply { "phase": "arrived", "seconds": 8.41666666666667, "bounded": true, "position": (-0.01769, 0.000942, -142.9571), "recovery_attempts": 0 }
[PASS] T023-02 actual driving hill_village/us_m36_m4a1_1945/2/5/supply
[route] hill_village/us_m36_m4a1_1945/2/6/capture { "phase": "arrived", "seconds": 61.4666666666667, "bounded": true, "position": (2.734473, 0.000942, -8.88134), "recovery_attempts": 0 }
[PASS] T023-02 actual driving hill_village/us_m36_m4a1_1945/2/6/capture
[route] hill_village/us_m36_m4a1_1945/2/6/supply { "phase": "arrived", "seconds": 8.41666666666667, "bounded": true, "position": (0.017674, 0.000942, -142.9572), "recovery_attempts": 0 }
[PASS] T023-02 actual driving hill_village/us_m36_m4a1_1945/2/6/supply
[route] hill_village/us_m36_m4a1_1945/2/7/capture { "phase": "arrived", "seconds": 57.1833333333333, "bounded": true, "position": (7.861107, 0.000942, -5.925568), "recovery_attempts": 0 }
[PASS] T023-02 actual driving hill_village/us_m36_m4a1_1945/2/7/capture
[route] hill_village/us_m36_m4a1_1945/2/7/supply { "phase": "arrived", "seconds": 42.2166666666667, "bounded": true, "position": (0.0306, 0.000942, -142.9338), "recovery_attempts": 0 }
[PASS] T023-02 actual driving hill_village/us_m36_m4a1_1945/2/7/supply
[arrival means] hill_village us_m4a3_75w_vvss_1944 team1=63.3375 team2=63.3354166666667
[PASS] hill_village: same vehicle mean spawn arrival imbalance below 15% us_m4a3_75w_vvss_1944
[arrival means] hill_village us_m24_m6_t85e1_1951 team1=52.1333333333333 team2=52.1333333333333
[PASS] hill_village: same vehicle mean spawn arrival imbalance below 15% us_m24_m6_t85e1_1951
[arrival means] hill_village us_m26_m3_1945 team1=131.308333333333 team2=131.308333333333
[PASS] hill_village: same vehicle mean spawn arrival imbalance below 15% us_m26_m3_1945
[arrival means] hill_village us_m36_m4a1_1945 team1=59.5833333333333 team2=59.56875
[PASS] hill_village: same vehicle mean spawn arrival imbalance below 15% us_m36_m4a1_1945
[PASS] industrial_edge: schema and alternate paths { "ok": true, "errors": [] }
[bake industrial_edge] 1558 samples; failures=[]
[PASS] industrial_edge: every road clears maximum real vehicle envelope including final scenery
[PASS] industrial_edge: all 192 opposing spawn rays blocked
[PASS] T023-H02 visible/physical dimensions warehouse_1_-1
[PASS] T023-04 actual shell and LOS stop at warehouse_1_-1
[PASS] T023-H02 visible/physical dimensions outer_works_1_-1
[PASS] T023-04 actual shell and LOS stop at outer_works_1_-1
[PASS] T023-H02 visible/physical dimensions warehouse_1_1
[PASS] T023-04 actual shell and LOS stop at warehouse_1_1
[PASS] T023-H02 visible/physical dimensions outer_works_1_1
[PASS] T023-04 actual shell and LOS stop at outer_works_1_1
[PASS] T023-H02 visible/physical dimensions spawn_warehouse_1
[PASS] T023-04 actual shell and LOS stop at spawn_warehouse_1
[PASS] T023-H02 visible/physical dimensions warehouse_2_-1
[PASS] T023-04 actual shell and LOS stop at warehouse_2_-1
[PASS] T023-H02 visible/physical dimensions outer_works_2_-1
[PASS] T023-04 actual shell and LOS stop at outer_works_2_-1
[PASS] T023-H02 visible/physical dimensions warehouse_2_1
[PASS] T023-04 actual shell and LOS stop at warehouse_2_1
[PASS] T023-H02 visible/physical dimensions outer_works_2_1
[PASS] T023-04 actual shell and LOS stop at outer_works_2_1
[PASS] T023-H02 visible/physical dimensions spawn_warehouse_2
[PASS] T023-04 actual shell and LOS stop at spawn_warehouse_2
[PASS] T023-H02 visible/physical dimensions loading_block_-1
[PASS] T023-04 actual shell and LOS stop at loading_block_-1
[PASS] T023-H02 visible/physical dimensions yard_cover_-1
[PASS] T023-04 actual shell and LOS stop at yard_cover_-1
[PASS] T023-H02 visible/physical dimensions loading_block_1
[PASS] T023-04 actual shell and LOS stop at loading_block_1
[PASS] T023-H02 visible/physical dimensions yard_cover_1
[PASS] T023-04 actual shell and LOS stop at yard_cover_1
[PASS] T023-H02 visible/physical dimensions boundary_x-175
[PASS] T023-04 actual shell and LOS stop at boundary_x-175
[PASS] T023-H02 visible/physical dimensions boundary_x175
[PASS] T023-04 actual shell and LOS stop at boundary_x175
[PASS] T023-H02 visible/physical dimensions boundary_z-225
[PASS] T023-04 actual shell and LOS stop at boundary_z-225
[PASS] T023-H02 visible/physical dimensions boundary_z225
[PASS] T023-04 actual shell and LOS stop at boundary_z225
[PASS] central loading block breaks long street line -1
[PASS] independent outer road stays open for flanking -1
[PASS] central loading block breaks long street line 1
[PASS] independent outer road stays open for flanking 1
[PASS] flush decorative rails neither block vehicles nor shells
[route] industrial_edge/us_m4a3_75w_vvss_1944/1/0/capture { "phase": "arrived", "seconds": 110.466666666667, "bounded": true, "position": (-7.308128, 0.000942, 5.810501), "recovery_attempts": 0 }
[PASS] T023-02 actual driving industrial_edge/us_m4a3_75w_vvss_1944/1/0/capture
[route] industrial_edge/us_m4a3_75w_vvss_1944/1/0/supply { "phase": "arrived", "seconds": 23.0333333333333, "bounded": true, "position": (0.138693, -0.001563, 214.3373), "recovery_attempts": 0 }
[PASS] T023-02 actual driving industrial_edge/us_m4a3_75w_vvss_1944/1/0/supply
[route] industrial_edge/us_m4a3_75w_vvss_1944/1/1/capture { "phase": "arrived", "seconds": 117.016666666667, "bounded": true, "position": (-2.869346, 0.000942, 8.926315), "recovery_attempts": 0 }
[PASS] T023-02 actual driving industrial_edge/us_m4a3_75w_vvss_1944/1/1/capture
[route] industrial_edge/us_m4a3_75w_vvss_1944/1/1/supply { "phase": "arrived", "seconds": 14.7333333333333, "bounded": true, "position": (0.241634, 0.00094, 214.2364), "recovery_attempts": 0 }
[PASS] T023-02 actual driving industrial_edge/us_m4a3_75w_vvss_1944/1/1/supply
[route] industrial_edge/us_m4a3_75w_vvss_1944/1/2/capture { "phase": "arrived", "seconds": 117.016666666667, "bounded": true, "position": (2.869434, 0.000942, 8.926361), "recovery_attempts": 0 }
[PASS] T023-02 actual driving industrial_edge/us_m4a3_75w_vvss_1944/1/2/capture
[route] industrial_edge/us_m4a3_75w_vvss_1944/1/2/supply { "phase": "arrived", "seconds": 13.6166666666667, "bounded": true, "position": (-0.241771, 0.000944, 214.2409), "recovery_attempts": 0 }
[PASS] T023-02 actual driving industrial_edge/us_m4a3_75w_vvss_1944/1/2/supply
[route] industrial_edge/us_m4a3_75w_vvss_1944/1/3/capture { "phase": "arrived", "seconds": 110.466666666667, "bounded": true, "position": (7.308161, 0.000942, 5.81044), "recovery_attempts": 0 }
[PASS] T023-02 actual driving industrial_edge/us_m4a3_75w_vvss_1944/1/3/capture
[route] industrial_edge/us_m4a3_75w_vvss_1944/1/3/supply { "phase": "arrived", "seconds": 21.9833333333333, "bounded": true, "position": (-0.138937, 0.000943, 214.3376), "recovery_attempts": 0 }
[PASS] T023-02 actual driving industrial_edge/us_m4a3_75w_vvss_1944/1/3/supply
[route] industrial_edge/us_m4a3_75w_vvss_1944/1/4/capture { "phase": "arrived", "seconds": 110.216666666667, "bounded": true, "position": (-7.308195, 0.000942, 5.81044), "recovery_attempts": 0 }
[PASS] T023-02 actual driving industrial_edge/us_m4a3_75w_vvss_1944/1/4/capture
[route] industrial_edge/us_m4a3_75w_vvss_1944/1/4/supply { "phase": "arrived", "seconds": 12.3166666666667, "bounded": true, "position": (0.128231, -0.006089, 214.2962), "recovery_attempts": 0 }
[PASS] T023-02 actual driving industrial_edge/us_m4a3_75w_vvss_1944/1/4/supply
[route] industrial_edge/us_m4a3_75w_vvss_1944/1/5/capture { "phase": "arrived", "seconds": 116.683333333333, "bounded": true, "position": (-2.869429, 0.000942, 8.926346), "recovery_attempts": 0 }
[PASS] T023-02 actual driving industrial_edge/us_m4a3_75w_vvss_1944/1/5/capture
[route] industrial_edge/us_m4a3_75w_vvss_1944/1/5/supply { "phase": "arrived", "seconds": 7.98333333333333, "bounded": true, "position": (0.158056, -0.006154, 214.35), "recovery_attempts": 0 }
[PASS] T023-02 actual driving industrial_edge/us_m4a3_75w_vvss_1944/1/5/supply
[route] industrial_edge/us_m4a3_75w_vvss_1944/1/6/capture { "phase": "arrived", "seconds": 116.683333333333, "bounded": true, "position": (2.869371, 0.000942, 8.926285), "recovery_attempts": 0 }
[PASS] T023-02 actual driving industrial_edge/us_m4a3_75w_vvss_1944/1/6/capture
[route] industrial_edge/us_m4a3_75w_vvss_1944/1/6/supply { "phase": "arrived", "seconds": 7.98333333333333, "bounded": true, "position": (-0.158099, -0.015725, 214.35), "recovery_attempts": 0 }
[PASS] T023-02 actual driving industrial_edge/us_m4a3_75w_vvss_1944/1/6/supply
[route] industrial_edge/us_m4a3_75w_vvss_1944/1/7/capture { "phase": "arrived", "seconds": 110.216666666667, "bounded": true, "position": (7.308187, 0.000942, 5.810455), "recovery_attempts": 0 }
[PASS] T023-02 actual driving industrial_edge/us_m4a3_75w_vvss_1944/1/7/capture
[route] industrial_edge/us_m4a3_75w_vvss_1944/1/7/supply { "phase": "arrived", "seconds": 12.3166666666667, "bounded": true, "position": (-0.128265, -0.004267, 214.2963), "recovery_attempts": 0 }
[PASS] T023-02 actual driving industrial_edge/us_m4a3_75w_vvss_1944/1/7/supply
[route] industrial_edge/us_m4a3_75w_vvss_1944/2/0/capture { "phase": "arrived", "seconds": 110.433333333333, "bounded": true, "position": (-7.308086, 0.000941, -5.810196), "recovery_attempts": 0 }
[PASS] T023-02 actual driving industrial_edge/us_m4a3_75w_vvss_1944/2/0/capture
[route] industrial_edge/us_m4a3_75w_vvss_1944/2/0/supply { "phase": "arrived", "seconds": 21.9833333333333, "bounded": true, "position": (0.139025, -0.015726, -214.3377), "recovery_attempts": 0 }
[PASS] T023-02 actual driving industrial_edge/us_m4a3_75w_vvss_1944/2/0/supply
[route] industrial_edge/us_m4a3_75w_vvss_1944/2/1/capture { "phase": "arrived", "seconds": 117.0, "bounded": true, "position": (-2.864889, 0.000942, -8.923096), "recovery_attempts": 0 }
[PASS] T023-02 actual driving industrial_edge/us_m4a3_75w_vvss_1944/2/1/capture
[route] industrial_edge/us_m4a3_75w_vvss_1944/2/1/supply { "phase": "arrived", "seconds": 13.6166666666667, "bounded": true, "position": (0.241816, 0.00094, -214.2409), "recovery_attempts": 0 }
[PASS] T023-02 actual driving industrial_edge/us_m4a3_75w_vvss_1944/2/1/supply
[route] industrial_edge/us_m4a3_75w_vvss_1944/2/2/capture { "phase": "arrived", "seconds": 117.016666666667, "bounded": true, "position": (2.860081, 0.000941, -8.920288), "recovery_attempts": 0 }
[PASS] T023-02 actual driving industrial_edge/us_m4a3_75w_vvss_1944/2/2/capture
[route] industrial_edge/us_m4a3_75w_vvss_1944/2/2/supply { "phase": "arrived", "seconds": 14.7333333333333, "bounded": true, "position": (-0.24157, 0.00094, -214.2364), "recovery_attempts": 0 }
[PASS] T023-02 actual driving industrial_edge/us_m4a3_75w_vvss_1944/2/2/supply
[route] industrial_edge/us_m4a3_75w_vvss_1944/2/3/capture { "phase": "arrived", "seconds": 110.483333333333, "bounded": true, "position": (7.308012, 0.000942, -5.81041), "recovery_attempts": 0 }
[PASS] T023-02 actual driving industrial_edge/us_m4a3_75w_vvss_1944/2/3/capture
[route] industrial_edge/us_m4a3_75w_vvss_1944/2/3/supply { "phase": "arrived", "seconds": 23.0333333333333, "bounded": true, "position": (-0.138618, -0.006154, -214.3371), "recovery_attempts": 0 }
[PASS] T023-02 actual driving industrial_edge/us_m4a3_75w_vvss_1944/2/3/supply
[route] industrial_edge/us_m4a3_75w_vvss_1944/2/4/capture { "phase": "arrived", "seconds": 110.2, "bounded": true, "position": (-7.307858, 0.000942, -5.810196), "recovery_attempts": 0 }
[PASS] T023-02 actual driving industrial_edge/us_m4a3_75w_vvss_1944/2/4/capture
[route] industrial_edge/us_m4a3_75w_vvss_1944/2/4/supply { "phase": "arrived", "seconds": 12.3166666666667, "bounded": true, "position": (0.128244, -0.006154, -214.2963), "recovery_attempts": 0 }
[PASS] T023-02 actual driving industrial_edge/us_m4a3_75w_vvss_1944/2/4/supply
[route] industrial_edge/us_m4a3_75w_vvss_1944/2/5/capture { "phase": "arrived", "seconds": 116.716666666667, "bounded": true, "position": (-2.86855, 0.000942, -8.925705), "recovery_attempts": 0 }
[PASS] T023-02 actual driving industrial_edge/us_m4a3_75w_vvss_1944/2/5/capture
[route] industrial_edge/us_m4a3_75w_vvss_1944/2/5/supply { "phase": "arrived", "seconds": 7.98333333333333, "bounded": true, "position": (0.158265, 0.000941, -214.3501), "recovery_attempts": 0 }
[PASS] T023-02 actual driving industrial_edge/us_m4a3_75w_vvss_1944/2/5/supply
[route] industrial_edge/us_m4a3_75w_vvss_1944/2/6/capture { "phase": "arrived", "seconds": 116.666666666667, "bounded": true, "position": (2.866484, 0.000942, -8.924408), "recovery_attempts": 0 }
[PASS] T023-02 actual driving industrial_edge/us_m4a3_75w_vvss_1944/2/6/capture
[route] industrial_edge/us_m4a3_75w_vvss_1944/2/6/supply { "phase": "arrived", "seconds": 7.98333333333333, "bounded": true, "position": (-0.158031, -0.015726, -214.35), "recovery_attempts": 0 }
[PASS] T023-02 actual driving industrial_edge/us_m4a3_75w_vvss_1944/2/6/supply
[route] industrial_edge/us_m4a3_75w_vvss_1944/2/7/capture { "phase": "arrived", "seconds": 110.216666666667, "bounded": true, "position": (7.308229, 0.000942, -5.810715), "recovery_attempts": 0 }
[PASS] T023-02 actual driving industrial_edge/us_m4a3_75w_vvss_1944/2/7/capture
[route] industrial_edge/us_m4a3_75w_vvss_1944/2/7/supply { "phase": "arrived", "seconds": 12.3166666666667, "bounded": true, "position": (-0.128351, -0.015726, -214.2963), "recovery_attempts": 0 }
[PASS] T023-02 actual driving industrial_edge/us_m4a3_75w_vvss_1944/2/7/supply
[route] industrial_edge/us_m24_m6_t85e1_1951/1/0/capture { "phase": "arrived", "seconds": 89.4666666666667, "bounded": true, "position": (-9.145672, 0.000942, 6.590286), "recovery_attempts": 0 }
[PASS] T023-02 actual driving industrial_edge/us_m24_m6_t85e1_1951/1/0/capture
[route] industrial_edge/us_m24_m6_t85e1_1951/1/0/supply { "phase": "arrived", "seconds": 19.0833333333333, "bounded": true, "position": (-0.744436, -0.015723, 212.9519), "recovery_attempts": 0 }
[PASS] T023-02 actual driving industrial_edge/us_m24_m6_t85e1_1951/1/0/supply
[route] industrial_edge/us_m24_m6_t85e1_1951/1/1/capture { "phase": "arrived", "seconds": 96.2833333333333, "bounded": true, "position": (-4.176456, 0.000941, 9.52681), "recovery_attempts": 0 }
[PASS] T023-02 actual driving industrial_edge/us_m24_m6_t85e1_1951/1/1/capture
[route] industrial_edge/us_m24_m6_t85e1_1951/1/1/supply { "phase": "arrived", "seconds": 12.6666666666667, "bounded": true, "position": (-0.736116, -0.00765, 212.9454), "recovery_attempts": 0 }
[PASS] T023-02 actual driving industrial_edge/us_m24_m6_t85e1_1951/1/1/supply
[route] industrial_edge/us_m24_m6_t85e1_1951/1/2/capture { "phase": "arrived", "seconds": 96.2833333333333, "bounded": true, "position": (4.176433, 0.000942, 9.526825), "recovery_attempts": 0 }
[PASS] T023-02 actual driving industrial_edge/us_m24_m6_t85e1_1951/1/2/capture
[route] industrial_edge/us_m24_m6_t85e1_1951/1/2/supply { "phase": "arrived", "seconds": 12.5833333333333, "bounded": true, "position": (0.744068, -0.015724, 212.9481), "recovery_attempts": 0 }
[PASS] T023-02 actual driving industrial_edge/us_m24_m6_t85e1_1951/1/2/supply
[route] industrial_edge/us_m24_m6_t85e1_1951/1/3/capture { "phase": "arrived", "seconds": 89.4666666666667, "bounded": true, "position": (9.14566, 0.000942, 6.590286), "recovery_attempts": 0 }
[PASS] T023-02 actual driving industrial_edge/us_m24_m6_t85e1_1951/1/3/capture
[route] industrial_edge/us_m24_m6_t85e1_1951/1/3/supply { "phase": "arrived", "seconds": 19.0166666666667, "bounded": true, "position": (0.744417, 0.000942, 212.9518), "recovery_attempts": 0 }
[PASS] T023-02 actual driving industrial_edge/us_m24_m6_t85e1_1951/1/3/supply
[route] industrial_edge/us_m24_m6_t85e1_1951/1/4/capture { "phase": "arrived", "seconds": 89.0833333333333, "bounded": true, "position": (-9.145664, 0.000942, 6.590302), "recovery_attempts": 0 }
[PASS] T023-02 actual driving industrial_edge/us_m24_m6_t85e1_1951/1/4/capture
[route] industrial_edge/us_m24_m6_t85e1_1951/1/4/supply { "phase": "arrived", "seconds": 11.2166666666667, "bounded": true, "position": (-0.743454, 0.000942, 212.9501), "recovery_attempts": 0 }
[PASS] T023-02 actual driving industrial_edge/us_m24_m6_t85e1_1951/1/4/supply
[route] industrial_edge/us_m24_m6_t85e1_1951/1/5/capture { "phase": "arrived", "seconds": 95.9833333333333, "bounded": true, "position": (-4.17645, 0.000942, 9.526794), "recovery_attempts": 0 }
[PASS] T023-02 actual driving industrial_edge/us_m24_m6_t85e1_1951/1/5/capture
[route] industrial_edge/us_m24_m6_t85e1_1951/1/5/supply { "phase": "arrived", "seconds": 7.13333333333333, "bounded": true, "position": (-0.678034, -0.015725, 212.907), "recovery_attempts": 0 }
[PASS] T023-02 actual driving industrial_edge/us_m24_m6_t85e1_1951/1/5/supply
[route] industrial_edge/us_m24_m6_t85e1_1951/1/6/capture { "phase": "arrived", "seconds": 95.9833333333333, "bounded": true, "position": (4.17644, 0.000941, 9.526825), "recovery_attempts": 0 }
[PASS] T023-02 actual driving industrial_edge/us_m24_m6_t85e1_1951/1/6/capture
[route] industrial_edge/us_m24_m6_t85e1_1951/1/6/supply { "phase": "arrived", "seconds": 7.13333333333333, "bounded": true, "position": (0.678027, 0.000941, 212.907), "recovery_attempts": 0 }
[PASS] T023-02 actual driving industrial_edge/us_m24_m6_t85e1_1951/1/6/supply
[route] industrial_edge/us_m24_m6_t85e1_1951/1/7/capture { "phase": "arrived", "seconds": 89.0833333333333, "bounded": true, "position": (9.145649, 0.000942, 6.590363), "recovery_attempts": 0 }
[PASS] T023-02 actual driving industrial_edge/us_m24_m6_t85e1_1951/1/7/capture
[route] industrial_edge/us_m24_m6_t85e1_1951/1/7/supply { "phase": "arrived", "seconds": 11.2166666666667, "bounded": true, "position": (0.743458, 0.00094, 212.9501), "recovery_attempts": 0 }
[PASS] T023-02 actual driving industrial_edge/us_m24_m6_t85e1_1951/1/7/supply
[route] industrial_edge/us_m24_m6_t85e1_1951/2/0/capture { "phase": "arrived", "seconds": 89.4666666666667, "bounded": true, "position": (-9.145805, 0.000942, -6.590027), "recovery_attempts": 0 }
[PASS] T023-02 actual driving industrial_edge/us_m24_m6_t85e1_1951/2/0/capture
[route] industrial_edge/us_m24_m6_t85e1_1951/2/0/supply { "phase": "arrived", "seconds": 19.0166666666667, "bounded": true, "position": (-0.744225, 0.000942, -212.9518), "recovery_attempts": 0 }
[PASS] T023-02 actual driving industrial_edge/us_m24_m6_t85e1_1951/2/0/supply
[route] industrial_edge/us_m24_m6_t85e1_1951/2/1/capture { "phase": "arrived", "seconds": 96.2833333333333, "bounded": true, "position": (-4.176435, 0.000942, -9.526978), "recovery_attempts": 0 }
[PASS] T023-02 actual driving industrial_edge/us_m24_m6_t85e1_1951/2/1/capture
[route] industrial_edge/us_m24_m6_t85e1_1951/2/1/supply { "phase": "arrived", "seconds": 12.5833333333333, "bounded": true, "position": (-0.744122, -0.015725, -212.9482), "recovery_attempts": 0 }
[PASS] T023-02 actual driving industrial_edge/us_m24_m6_t85e1_1951/2/1/supply
[route] industrial_edge/us_m24_m6_t85e1_1951/2/2/capture { "phase": "arrived", "seconds": 96.2833333333333, "bounded": true, "position": (4.17641, 0.000941, -9.526657), "recovery_attempts": 0 }
[PASS] T023-02 actual driving industrial_edge/us_m24_m6_t85e1_1951/2/2/capture
[route] industrial_edge/us_m24_m6_t85e1_1951/2/2/supply { "phase": "arrived", "seconds": 12.6666666666667, "bounded": true, "position": (0.736065, -0.006024, -212.9453), "recovery_attempts": 0 }
[PASS] T023-02 actual driving industrial_edge/us_m24_m6_t85e1_1951/2/2/supply
[route] industrial_edge/us_m24_m6_t85e1_1951/2/3/capture { "phase": "arrived", "seconds": 89.4666666666667, "bounded": true, "position": (9.14547, 0.000942, -6.590652), "recovery_attempts": 0 }
[PASS] T023-02 actual driving industrial_edge/us_m24_m6_t85e1_1951/2/3/capture
[route] industrial_edge/us_m24_m6_t85e1_1951/2/3/supply { "phase": "arrived", "seconds": 19.0833333333333, "bounded": true, "position": (0.744656, 0.000731, -212.952), "recovery_attempts": 0 }
[PASS] T023-02 actual driving industrial_edge/us_m24_m6_t85e1_1951/2/3/supply
[route] industrial_edge/us_m24_m6_t85e1_1951/2/4/capture { "phase": "arrived", "seconds": 89.0833333333333, "bounded": true, "position": (-9.145746, 0.000942, -6.589996), "recovery_attempts": 0 }
[PASS] T023-02 actual driving industrial_edge/us_m24_m6_t85e1_1951/2/4/capture
[route] industrial_edge/us_m24_m6_t85e1_1951/2/4/supply { "phase": "arrived", "seconds": 11.2166666666667, "bounded": true, "position": (-0.74337, -0.015724, -212.95), "recovery_attempts": 0 }
[PASS] T023-02 actual driving industrial_edge/us_m24_m6_t85e1_1951/2/4/supply
[route] industrial_edge/us_m24_m6_t85e1_1951/2/5/capture { "phase": "arrived", "seconds": 95.9833333333333, "bounded": true, "position": (-4.176379, 0.000942, -9.526962), "recovery_attempts": 0 }
[PASS] T023-02 actual driving industrial_edge/us_m24_m6_t85e1_1951/2/5/capture
[route] industrial_edge/us_m24_m6_t85e1_1951/2/5/supply { "phase": "arrived", "seconds": 7.13333333333333, "bounded": true, "position": (-0.677988, -0.007455, -212.907), "recovery_attempts": 0 }
[PASS] T023-02 actual driving industrial_edge/us_m24_m6_t85e1_1951/2/5/supply
[route] industrial_edge/us_m24_m6_t85e1_1951/2/6/capture { "phase": "arrived", "seconds": 95.9833333333333, "bounded": true, "position": (4.176469, 0.000942, -9.526688), "recovery_attempts": 0 }
[PASS] T023-02 actual driving industrial_edge/us_m24_m6_t85e1_1951/2/6/capture
[route] industrial_edge/us_m24_m6_t85e1_1951/2/6/supply { "phase": "arrived", "seconds": 7.13333333333333, "bounded": true, "position": (0.678085, -0.015723, -212.907), "recovery_attempts": 0 }
[PASS] T023-02 actual driving industrial_edge/us_m24_m6_t85e1_1951/2/6/supply
[route] industrial_edge/us_m24_m6_t85e1_1951/2/7/capture { "phase": "arrived", "seconds": 89.0833333333333, "bounded": true, "position": (9.145576, 0.000942, -6.590652), "recovery_attempts": 0 }
[PASS] T023-02 actual driving industrial_edge/us_m24_m6_t85e1_1951/2/7/capture
[route] industrial_edge/us_m24_m6_t85e1_1951/2/7/supply { "phase": "arrived", "seconds": 11.2166666666667, "bounded": true, "position": (0.743462, 0.000941, -212.9501), "recovery_attempts": 0 }
[PASS] T023-02 actual driving industrial_edge/us_m24_m6_t85e1_1951/2/7/supply
[route] industrial_edge/us_m26_m3_1945/1/0/capture { "phase": "arrived", "seconds": 136.033333333333, "bounded": true, "position": (-6.588036, 0.000942, 5.676697), "recovery_attempts": 0 }
[PASS] T023-02 actual driving industrial_edge/us_m26_m3_1945/1/0/capture
[route] industrial_edge/us_m26_m3_1945/1/0/supply { "phase": "arrived", "seconds": 27.6, "bounded": true, "position": (0.296295, -0.015725, 215.022), "recovery_attempts": 0 }
[PASS] T023-02 actual driving industrial_edge/us_m26_m3_1945/1/0/supply
[route] industrial_edge/us_m26_m3_1945/1/1/capture { "phase": "arrived", "seconds": 143.483333333333, "bounded": true, "position": (-2.40965, 0.000942, 8.600479), "recovery_attempts": 0 }
[PASS] T023-02 actual driving industrial_edge/us_m26_m3_1945/1/1/capture
[route] industrial_edge/us_m26_m3_1945/1/1/supply { "phase": "arrived", "seconds": 17.4, "bounded": true, "position": (0.772491, 0.00094, 214.6336), "recovery_attempts": 0 }
[PASS] T023-02 actual driving industrial_edge/us_m26_m3_1945/1/1/supply
[route] industrial_edge/us_m26_m3_1945/1/2/capture { "phase": "arrived", "seconds": 143.483333333333, "bounded": true, "position": (2.409575, 0.000942, 8.60051), "recovery_attempts": 0 }
[PASS] T023-02 actual driving industrial_edge/us_m26_m3_1945/1/2/capture
[route] industrial_edge/us_m26_m3_1945/1/2/supply { "phase": "arrived", "seconds": 15.6666666666667, "bounded": true, "position": (-0.719989, 0.000944, 214.6418), "recovery_attempts": 0 }
[PASS] T023-02 actual driving industrial_edge/us_m26_m3_1945/1/2/supply
[route] industrial_edge/us_m26_m3_1945/1/3/capture { "phase": "arrived", "seconds": 136.033333333333, "bounded": true, "position": (6.588074, 0.000942, 5.676636), "recovery_attempts": 0 }
[PASS] T023-02 actual driving industrial_edge/us_m26_m3_1945/1/3/capture
[route] industrial_edge/us_m26_m3_1945/1/3/supply { "phase": "arrived", "seconds": 25.7166666666667, "bounded": true, "position": (-0.30327, -0.015725, 215.023), "recovery_attempts": 0 }
[PASS] T023-02 actual driving industrial_edge/us_m26_m3_1945/1/3/supply
[route] industrial_edge/us_m26_m3_1945/1/4/capture { "phase": "arrived", "seconds": 135.6, "bounded": true, "position": (-6.588037, 0.000942, 5.676727), "recovery_attempts": 0 }
[PASS] T023-02 actual driving industrial_edge/us_m26_m3_1945/1/4/capture
[route] industrial_edge/us_m26_m3_1945/1/4/supply { "phase": "arrived", "seconds": 13.9333333333333, "bounded": true, "position": (0.295835, -0.005829, 214.8713), "recovery_attempts": 0 }
[PASS] T023-02 actual driving industrial_edge/us_m26_m3_1945/1/4/supply
[route] industrial_edge/us_m26_m3_1945/1/5/capture { "phase": "arrived", "seconds": 143.083333333333, "bounded": true, "position": (-2.409623, 0.000942, 8.600494), "recovery_attempts": 0 }
[PASS] T023-02 actual driving industrial_edge/us_m26_m3_1945/1/5/capture
[route] industrial_edge/us_m26_m3_1945/1/5/supply { "phase": "arrived", "seconds": 9.35, "bounded": true, "position": (0.400059, 0.000682, 215.011), "recovery_attempts": 0 }
[PASS] T023-02 actual driving industrial_edge/us_m26_m3_1945/1/5/supply
[route] industrial_edge/us_m26_m3_1945/1/6/capture { "phase": "arrived", "seconds": 143.083333333333, "bounded": true, "position": (2.409641, 0.000941, 8.600479), "recovery_attempts": 0 }
[PASS] T023-02 actual driving industrial_edge/us_m26_m3_1945/1/6/capture
[route] industrial_edge/us_m26_m3_1945/1/6/supply { "phase": "arrived", "seconds": 9.35, "bounded": true, "position": (-0.400141, -0.015724, 215.0111), "recovery_attempts": 0 }
[PASS] T023-02 actual driving industrial_edge/us_m26_m3_1945/1/6/supply
[route] industrial_edge/us_m26_m3_1945/1/7/capture { "phase": "arrived", "seconds": 135.6, "bounded": true, "position": (6.588066, 0.000942, 5.676575), "recovery_attempts": 0 }
[PASS] T023-02 actual driving industrial_edge/us_m26_m3_1945/1/7/capture
[route] industrial_edge/us_m26_m3_1945/1/7/supply { "phase": "arrived", "seconds": 13.9333333333333, "bounded": true, "position": (-0.295868, -0.015726, 214.8714), "recovery_attempts": 0 }
[PASS] T023-02 actual driving industrial_edge/us_m26_m3_1945/1/7/supply
[route] industrial_edge/us_m26_m3_1945/2/0/capture { "phase": "arrived", "seconds": 136.033333333333, "bounded": true, "position": (-6.580803, 0.000942, -5.67453), "recovery_attempts": 0 }
[PASS] T023-02 actual driving industrial_edge/us_m26_m3_1945/2/0/capture
[route] industrial_edge/us_m26_m3_1945/2/0/supply { "phase": "arrived", "seconds": 25.7166666666667, "bounded": true, "position": (0.303404, 0.000633, -215.0234), "recovery_attempts": 0 }
[PASS] T023-02 actual driving industrial_edge/us_m26_m3_1945/2/0/supply
[route] industrial_edge/us_m26_m3_1945/2/1/capture { "phase": "arrived", "seconds": 143.483333333333, "bounded": true, "position": (-2.409105, 0.000942, -8.600357), "recovery_attempts": 0 }
[PASS] T023-02 actual driving industrial_edge/us_m26_m3_1945/2/1/capture
[route] industrial_edge/us_m26_m3_1945/2/1/supply { "phase": "arrived", "seconds": 15.6666666666667, "bounded": true, "position": (0.720579, 0.000941, -214.6422), "recovery_attempts": 0 }
[PASS] T023-02 actual driving industrial_edge/us_m26_m3_1945/2/1/supply
[route] industrial_edge/us_m26_m3_1945/2/2/capture { "phase": "arrived", "seconds": 143.483333333333, "bounded": true, "position": (2.409923, 0.000942, -8.600723), "recovery_attempts": 0 }
[PASS] T023-02 actual driving industrial_edge/us_m26_m3_1945/2/2/capture
[route] industrial_edge/us_m26_m3_1945/2/2/supply { "phase": "arrived", "seconds": 17.4, "bounded": true, "position": (-0.772466, 0.000941, -214.6337), "recovery_attempts": 0 }
[PASS] T023-02 actual driving industrial_edge/us_m26_m3_1945/2/2/supply
[route] industrial_edge/us_m26_m3_1945/2/3/capture { "phase": "arrived", "seconds": 136.05, "bounded": true, "position": (6.588346, 0.000942, -5.676605), "recovery_attempts": 0 }
[PASS] T023-02 actual driving industrial_edge/us_m26_m3_1945/2/3/capture
[route] industrial_edge/us_m26_m3_1945/2/3/supply { "phase": "arrived", "seconds": 27.5833333333333, "bounded": true, "position": (-0.296183, -0.015726, -215.022), "recovery_attempts": 0 }
[PASS] T023-02 actual driving industrial_edge/us_m26_m3_1945/2/3/supply
[route] industrial_edge/us_m26_m3_1945/2/4/capture { "phase": "arrived", "seconds": 135.616666666667, "bounded": true, "position": (-6.587858, 0.000942, -5.67601), "recovery_attempts": 0 }
[PASS] T023-02 actual driving industrial_edge/us_m26_m3_1945/2/4/capture
[route] industrial_edge/us_m26_m3_1945/2/4/supply { "phase": "arrived", "seconds": 13.9333333333333, "bounded": true, "position": (0.295769, -0.015725, -214.8714), "recovery_attempts": 0 }
[PASS] T023-02 actual driving industrial_edge/us_m26_m3_1945/2/4/supply
[route] industrial_edge/us_m26_m3_1945/2/5/capture { "phase": "arrived", "seconds": 143.083333333333, "bounded": true, "position": (-2.40912, 0.000942, -8.600403), "recovery_attempts": 0 }
[PASS] T023-02 actual driving industrial_edge/us_m26_m3_1945/2/5/capture
[route] industrial_edge/us_m26_m3_1945/2/5/supply { "phase": "arrived", "seconds": 9.35, "bounded": true, "position": (0.400071, -0.006349, -215.011), "recovery_attempts": 0 }
[PASS] T023-02 actual driving industrial_edge/us_m26_m3_1945/2/5/supply
[route] industrial_edge/us_m26_m3_1945/2/6/capture { "phase": "arrived", "seconds": 143.133333333333, "bounded": true, "position": (2.409921, 0.000942, -8.600784), "recovery_attempts": 0 }
[PASS] T023-02 actual driving industrial_edge/us_m26_m3_1945/2/6/capture
[route] industrial_edge/us_m26_m3_1945/2/6/supply { "phase": "arrived", "seconds": 9.35, "bounded": true, "position": (-0.400025, -0.005503, -215.0109), "recovery_attempts": 0 }
[PASS] T023-02 actual driving industrial_edge/us_m26_m3_1945/2/6/supply
[route] industrial_edge/us_m26_m3_1945/2/7/capture { "phase": "arrived", "seconds": 135.633333333333, "bounded": true, "position": (6.588301, 0.000942, -5.676758), "recovery_attempts": 0 }
[PASS] T023-02 actual driving industrial_edge/us_m26_m3_1945/2/7/capture
[route] industrial_edge/us_m26_m3_1945/2/7/supply { "phase": "arrived", "seconds": 13.9333333333333, "bounded": true, "position": (-0.295988, -0.015724, -214.8713), "recovery_attempts": 0 }
[PASS] T023-02 actual driving industrial_edge/us_m26_m3_1945/2/7/supply
[route] industrial_edge/us_m36_m4a1_1945/1/0/capture { "phase": "arrived", "seconds": 102.55, "bounded": true, "position": (-7.790026, 0.000942, 5.916122), "recovery_attempts": 0 }
[PASS] T023-02 actual driving industrial_edge/us_m36_m4a1_1945/1/0/capture
[route] industrial_edge/us_m36_m4a1_1945/1/0/supply { "phase": "arrived", "seconds": 22.95, "bounded": true, "position": (-0.026327, -0.015723, 213.9416), "recovery_attempts": 0 }
[PASS] T023-02 actual driving industrial_edge/us_m36_m4a1_1945/1/0/supply
[route] industrial_edge/us_m36_m4a1_1945/1/1/capture { "phase": "arrived", "seconds": 109.616666666667, "bounded": true, "position": (-3.156724, 0.000942, 9.07988), "recovery_attempts": 0 }
[PASS] T023-02 actual driving industrial_edge/us_m36_m4a1_1945/1/1/capture
[route] industrial_edge/us_m36_m4a1_1945/1/1/supply { "phase": "arrived", "seconds": 14.8333333333333, "bounded": true, "position": (-0.032975, 0.000944, 213.9695), "recovery_attempts": 0 }
[PASS] T023-02 actual driving industrial_edge/us_m36_m4a1_1945/1/1/supply
[route] industrial_edge/us_m36_m4a1_1945/1/2/capture { "phase": "arrived", "seconds": 109.616666666667, "bounded": true, "position": (3.156797, 0.000942, 9.079575), "recovery_attempts": 0 }
[PASS] T023-02 actual driving industrial_edge/us_m36_m4a1_1945/1/2/capture
[route] industrial_edge/us_m36_m4a1_1945/1/2/supply { "phase": "arrived", "seconds": 14.5666666666667, "bounded": true, "position": (0.032445, -0.015726, 213.9703), "recovery_attempts": 0 }
[PASS] T023-02 actual driving industrial_edge/us_m36_m4a1_1945/1/2/supply
[route] industrial_edge/us_m36_m4a1_1945/1/3/capture { "phase": "arrived", "seconds": 102.55, "bounded": true, "position": (7.790024, 0.000942, 5.916153), "recovery_attempts": 0 }
[PASS] T023-02 actual driving industrial_edge/us_m36_m4a1_1945/1/3/capture
[route] industrial_edge/us_m36_m4a1_1945/1/3/supply { "phase": "arrived", "seconds": 22.6833333333333, "bounded": true, "position": (0.026384, 0.000941, 213.9415), "recovery_attempts": 0 }
[PASS] T023-02 actual driving industrial_edge/us_m36_m4a1_1945/1/3/supply
[route] industrial_edge/us_m36_m4a1_1945/1/4/capture { "phase": "arrived", "seconds": 102.05, "bounded": true, "position": (-7.789978, 0.000942, 5.916153), "recovery_attempts": 0 }
[PASS] T023-02 actual driving industrial_edge/us_m36_m4a1_1945/1/4/capture
[route] industrial_edge/us_m36_m4a1_1945/1/4/supply { "phase": "arrived", "seconds": 12.75, "bounded": true, "position": (-0.027586, -0.015724, 213.9397), "recovery_attempts": 0 }
[PASS] T023-02 actual driving industrial_edge/us_m36_m4a1_1945/1/4/supply
[route] industrial_edge/us_m36_m4a1_1945/1/5/capture { "phase": "arrived", "seconds": 109.083333333333, "bounded": true, "position": (-3.156796, 0.000942, 9.079575), "recovery_attempts": 0 }
[PASS] T023-02 actual driving industrial_edge/us_m36_m4a1_1945/1/5/capture
[route] industrial_edge/us_m36_m4a1_1945/1/5/supply { "phase": "arrived", "seconds": 8.41666666666667, "bounded": true, "position": (-0.017722, 0.000828, 213.9571), "recovery_attempts": 0 }
[PASS] T023-02 actual driving industrial_edge/us_m36_m4a1_1945/1/5/supply
[route] industrial_edge/us_m36_m4a1_1945/1/6/capture { "phase": "arrived", "seconds": 109.083333333333, "bounded": true, "position": (3.156686, 0.000942, 9.079803), "recovery_attempts": 0 }
[PASS] T023-02 actual driving industrial_edge/us_m36_m4a1_1945/1/6/capture
[route] industrial_edge/us_m36_m4a1_1945/1/6/supply { "phase": "arrived", "seconds": 8.41666666666667, "bounded": true, "position": (0.017734, 0.000901, 213.9571), "recovery_attempts": 0 }
[PASS] T023-02 actual driving industrial_edge/us_m36_m4a1_1945/1/6/supply
[route] industrial_edge/us_m36_m4a1_1945/1/7/capture { "phase": "arrived", "seconds": 102.05, "bounded": true, "position": (7.79003, 0.000942, 5.916122), "recovery_attempts": 0 }
[PASS] T023-02 actual driving industrial_edge/us_m36_m4a1_1945/1/7/capture
[route] industrial_edge/us_m36_m4a1_1945/1/7/supply { "phase": "arrived", "seconds": 12.75, "bounded": true, "position": (0.02758, -0.015725, 213.9396), "recovery_attempts": 0 }
[PASS] T023-02 actual driving industrial_edge/us_m36_m4a1_1945/1/7/supply
[route] industrial_edge/us_m36_m4a1_1945/2/0/capture { "phase": "arrived", "seconds": 102.55, "bounded": true, "position": (-7.789597, 0.000942, -5.916077), "recovery_attempts": 0 }
[PASS] T023-02 actual driving industrial_edge/us_m36_m4a1_1945/2/0/capture
[route] industrial_edge/us_m36_m4a1_1945/2/0/supply { "phase": "arrived", "seconds": 22.6833333333333, "bounded": true, "position": (-0.026058, -0.015724, -213.9416), "recovery_attempts": 0 }
[PASS] T023-02 actual driving industrial_edge/us_m36_m4a1_1945/2/0/supply
[route] industrial_edge/us_m36_m4a1_1945/2/1/capture { "phase": "arrived", "seconds": 109.633333333333, "bounded": true, "position": (-3.157045, 0.000942, -9.079742), "recovery_attempts": 0 }
[PASS] T023-02 actual driving industrial_edge/us_m36_m4a1_1945/2/1/capture
[route] industrial_edge/us_m36_m4a1_1945/2/1/supply { "phase": "arrived", "seconds": 14.5666666666667, "bounded": true, "position": (-0.032493, 0.000438, -213.9702), "recovery_attempts": 0 }
[PASS] T023-02 actual driving industrial_edge/us_m36_m4a1_1945/2/1/supply
[route] industrial_edge/us_m36_m4a1_1945/2/2/capture { "phase": "arrived", "seconds": 109.633333333333, "bounded": true, "position": (3.159598, 0.000942, -9.080917), "recovery_attempts": 0 }
[PASS] T023-02 actual driving industrial_edge/us_m36_m4a1_1945/2/2/capture
[route] industrial_edge/us_m36_m4a1_1945/2/2/supply { "phase": "arrived", "seconds": 14.8333333333333, "bounded": true, "position": (0.032941, -0.015724, -213.9695), "recovery_attempts": 0 }
[PASS] T023-02 actual driving industrial_edge/us_m36_m4a1_1945/2/2/supply
[route] industrial_edge/us_m36_m4a1_1945/2/3/capture { "phase": "arrived", "seconds": 102.566666666667, "bounded": true, "position": (7.790573, 0.000942, -5.916275), "recovery_attempts": 0 }
[PASS] T023-02 actual driving industrial_edge/us_m36_m4a1_1945/2/3/capture
[route] industrial_edge/us_m36_m4a1_1945/2/3/supply { "phase": "arrived", "seconds": 22.95, "bounded": true, "position": (0.026506, -0.003552, -213.9413), "recovery_attempts": 0 }
[PASS] T023-02 actual driving industrial_edge/us_m36_m4a1_1945/2/3/supply
[route] industrial_edge/us_m36_m4a1_1945/2/4/capture { "phase": "arrived", "seconds": 102.05, "bounded": true, "position": (-7.789726, 0.000942, -5.916107), "recovery_attempts": 0 }
[PASS] T023-02 actual driving industrial_edge/us_m36_m4a1_1945/2/4/capture
[route] industrial_edge/us_m36_m4a1_1945/2/4/supply { "phase": "arrived", "seconds": 12.75, "bounded": true, "position": (-0.027493, 0.000755, -213.9398), "recovery_attempts": 0 }
[PASS] T023-02 actual driving industrial_edge/us_m36_m4a1_1945/2/4/supply
[route] industrial_edge/us_m36_m4a1_1945/2/5/capture { "phase": "arrived", "seconds": 109.083333333333, "bounded": true, "position": (-3.156761, 0.000942, -9.07962), "recovery_attempts": 0 }
[PASS] T023-02 actual driving industrial_edge/us_m36_m4a1_1945/2/5/capture
[route] industrial_edge/us_m36_m4a1_1945/2/5/supply { "phase": "arrived", "seconds": 8.41666666666667, "bounded": true, "position": (-0.017588, -0.008174, -213.9572), "recovery_attempts": 0 }
[PASS] T023-02 actual driving industrial_edge/us_m36_m4a1_1945/2/5/supply
[route] industrial_edge/us_m36_m4a1_1945/2/6/capture { "phase": "arrived", "seconds": 109.1, "bounded": true, "position": (3.156781, 0.000942, -9.079559), "recovery_attempts": 0 }
[PASS] T023-02 actual driving industrial_edge/us_m36_m4a1_1945/2/6/capture
[route] industrial_edge/us_m36_m4a1_1945/2/6/supply { "phase": "arrived", "seconds": 8.41666666666667, "bounded": true, "position": (0.017842, -0.015725, -213.957), "recovery_attempts": 0 }
[PASS] T023-02 actual driving industrial_edge/us_m36_m4a1_1945/2/6/supply
[route] industrial_edge/us_m36_m4a1_1945/2/7/capture { "phase": "arrived", "seconds": 102.083333333333, "bounded": true, "position": (7.790321, 0.000942, -5.916183), "recovery_attempts": 0 }
[PASS] T023-02 actual driving industrial_edge/us_m36_m4a1_1945/2/7/capture
[route] industrial_edge/us_m36_m4a1_1945/2/7/supply { "phase": "arrived", "seconds": 12.75, "bounded": true, "position": (0.027506, -0.015725, -213.9393), "recovery_attempts": 0 }
[PASS] T023-02 actual driving industrial_edge/us_m36_m4a1_1945/2/7/supply
[arrival means] industrial_edge us_m4a3_75w_vvss_1944 team1=113.595833333333 team2=113.591666666667
[PASS] industrial_edge: same vehicle mean spawn arrival imbalance below 15% us_m4a3_75w_vvss_1944
[arrival means] industrial_edge us_m24_m6_t85e1_1951 team1=92.7041666666667 team2=92.7041666666667
[PASS] industrial_edge: same vehicle mean spawn arrival imbalance below 15% us_m24_m6_t85e1_1951
[arrival means] industrial_edge us_m26_m3_1945 team1=139.55 team2=139.564583333333
[PASS] industrial_edge: same vehicle mean spawn arrival imbalance below 15% us_m26_m3_1945
[arrival means] industrial_edge us_m36_m4a1_1945 team1=105.825 team2=105.8375
[PASS] industrial_edge: same vehicle mean spawn arrival imbalance below 15% us_m36_m4a1_1945
[PASS] garage freezes chosen map industrial_edge
[PASS] T023-01 actual scene selection industrial_edge
[PASS] selected graph and minimap match industrial_edge
[PASS] restart frees old world and preserves selected map industrial_edge
[PASS] return frees point, actors and paths industrial_edge
[PASS] saved garage restores selected map industrial_edge
[PASS] garage freezes chosen map hill_village
[PASS] T023-01 actual scene selection hill_village
[PASS] selected graph and minimap match hill_village
[PASS] previous map and its actors freed
[PASS] restart frees old world and preserves selected map hill_village
[PASS] return frees point, actors and paths hill_village
[PASS] saved garage restores selected map hill_village
[PASS] garage freezes chosen map industrial_edge
[PASS] T023-01 actual scene selection industrial_edge
[PASS] selected graph and minimap match industrial_edge
[PASS] previous map and its actors freed
[PASS] restart frees old world and preserves selected map industrial_edge
[PASS] return frees point, actors and paths industrial_edge
[PASS] saved garage restores selected map industrial_edge
=== 结果: 334 项检查, 0 失败 ===
INDUSTRIAL_CHECKS_PASS
