E:\AIprogram\mcthunder-development\deliverables\tank-model-workflow-v1\authoring\vehicles\build_textured_lowpoly.py:31: DeprecationWarning: 'Material.use_nodes' is expected to be removed in Blender 6.0
  self.material=bpy.data.materials.new('Vehicle concept atlas'); self.material.use_nodes=True
Info: Saved as "us_m24_m6_t85e1_1951.blend"
INFO Draco is available, use library at E:\AIprogram\tools\blender-5.2.1-windows-x64\5.2\scripts\addons_core\io_scene_gltf2\bf_intern_draco_bridge.dll
INFO MeshOptimizer is available, use library at E:\AIprogram\tools\blender-5.2.1-windows-x64\5.2\scripts\addons_core\io_scene_gltf2\bf_intern_meshopt_bridge.dll
15:44:39 | INFO: Starting glTF 2.0 export
15:44:39 | INFO: Extracting primitive: Armor_floor_front
15:44:39 | INFO: Primitives created: 1
15:44:39 | INFO: Extracting primitive: Armor_floor_rear
15:44:39 | INFO: Primitives created: 1
15:44:39 | INFO: Extracting primitive: Armor_hull_0_0
15:44:39 | INFO: Primitives created: 1
15:44:39 | INFO: Extracting primitive: Armor_hull_0_1
15:44:39 | INFO: Primitives created: 1
15:44:39 | INFO: Extracting primitive: Armor_hull_0_2
15:44:39 | INFO: Primitives created: 1
15:44:39 | INFO: Extracting primitive: Armor_hull_0_3
15:44:39 | INFO: Primitives created: 1
15:44:39 | INFO: Extracting primitive: Armor_hull_0_4
15:44:39 | INFO: Primitives created: 1
15:44:39 | INFO: Extracting primitive: Armor_hull_0_5
15:44:39 | INFO: Primitives created: 1
15:44:39 | INFO: Extracting primitive: Armor_hull_0_6
15:44:39 | INFO: Primitives created: 1
15:44:39 | INFO: Extracting primitive: Armor_hull_0_7
15:44:39 | INFO: Primitives created: 1
15:44:39 | INFO: Extracting primitive: Armor_hull_1_0
15:44:39 | INFO: Primitives created: 1
15:44:39 | INFO: Extracting primitive: Armor_hull_1_1
15:44:39 | INFO: Primitives created: 1
15:44:39 | INFO: Extracting primitive: Armor_hull_1_2
15:44:39 | INFO: Primitives created: 1
15:44:39 | INFO: Extracting primitive: Armor_hull_1_3
15:44:39 | INFO: Primitives created: 1
15:44:39 | INFO: Extracting primitive: Armor_hull_1_4
15:44:39 | INFO: Primitives created: 1
15:44:39 | INFO: Extracting primitive: Armor_hull_1_5
15:44:39 | INFO: Primitives created: 1
15:44:39 | INFO: Extracting primitive: Armor_hull_1_6
15:44:39 | INFO: Primitives created: 1
15:44:39 | INFO: Extracting primitive: Armor_hull_1_7
15:44:39 | INFO: Primitives created: 1
15:44:39 | INFO: Extracting primitive: Armor_hull_roof_0
15:44:39 | INFO: Primitives created: 1
15:44:39 | INFO: Extracting primitive: Armor_hull_roof_1
15:44:39 | INFO: Primitives created: 1
15:44:39 | INFO: Extracting primitive: Armor_hull_roof_2
15:44:39 | INFO: Primitives created: 1
15:44:39 | INFO: Extracting primitive: Armor_hull_roof_3
15:44:39 | INFO: Primitives created: 1
15:44:39 | INFO: Extracting primitive: Armor_hull_roof_4
15:44:39 | INFO: Primitives created: 1
15:44:39 | INFO: Extracting primitive: Armor_hull_roof_5
15:44:39 | INFO: Primitives created: 1
15:44:39 | INFO: Extracting primitive: Armor_hull_roof_6
15:44:39 | INFO: Primitives created: 1
15:44:39 | INFO: Extracting primitive: Armor_hull_roof_7
15:44:39 | INFO: Primitives created: 1
15:44:39 | INFO: Extracting primitive: Cosmetic_hull_Olive
15:44:39 | INFO: Primitives created: 1
15:44:39 | INFO: Extracting primitive: Cosmetic_suspension
15:44:39 | INFO: Primitives created: 1
15:44:39 | INFO: Extracting primitive: Cosmetic_track_left
15:44:39 | INFO: Primitives created: 1
15:44:39 | INFO: Extracting primitive: Cosmetic_track_right
15:44:39 | INFO: Primitives created: 1
15:44:39 | INFO: Extracting primitive: Cosmetic_wheels
15:44:39 | INFO: Primitives created: 1
15:44:39 | INFO: Extracting primitive: Armor_turret_front_0
15:44:39 | INFO: Primitives created: 1
15:44:39 | INFO: Extracting primitive: Armor_turret_front_1
15:44:39 | INFO: Primitives created: 1
15:44:39 | INFO: Extracting primitive: Armor_turret_front_2
15:44:39 | INFO: Primitives created: 1
15:44:39 | INFO: Extracting primitive: Armor_turret_front_3
15:44:39 | INFO: Primitives created: 1
15:44:39 | INFO: Extracting primitive: Armor_turret_roof
15:44:39 | INFO: Primitives created: 1
15:44:39 | INFO: Extracting primitive: Armor_turret_wall_1
15:44:39 | INFO: Primitives created: 1
15:44:39 | INFO: Extracting primitive: Armor_turret_wall_2
15:44:39 | INFO: Primitives created: 1
15:44:39 | INFO: Extracting primitive: Armor_turret_wall_3
15:44:39 | INFO: Primitives created: 1
15:44:39 | INFO: Extracting primitive: Armor_turret_wall_4
15:44:39 | INFO: Primitives created: 1
15:44:39 | INFO: Extracting primitive: Armor_turret_wall_5
15:44:39 | INFO: Primitives created: 1
15:44:39 | INFO: Extracting primitive: Armor_turret_wall_6
15:44:39 | INFO: Primitives created: 1
15:44:39 | INFO: Extracting primitive: Armor_turret_wall_7
15:44:39 | INFO: Primitives created: 1
15:44:39 | INFO: Extracting primitive: Armor_mantlet_0
15:44:39 | INFO: Primitives created: 1
15:44:39 | INFO: Extracting primitive: Armor_mantlet_1
15:44:39 | INFO: Primitives created: 1
15:44:39 | INFO: Extracting primitive: Armor_mantlet_2
15:44:39 | INFO: Primitives created: 1
15:44:39 | INFO: Extracting primitive: Armor_mantlet_3
15:44:39 | INFO: Primitives created: 1
15:44:39 | INFO: Extracting primitive: Cosmetic_gun_recoil
15:44:39 | INFO: Primitives created: 1
15:44:39 | INFO: Extracting primitive: Cosmetic_turret
15:44:39 | INFO: Primitives created: 1
15:44:39 | INFO: Finished glTF 2.0 export in 0.0898885726928711 s

LOWPOLY_MODEL_PASS us_m24_m6_t85e1_1951 908
E:\AIprogram\mcthunder-development\deliverables\tank-model-workflow-v1\authoring\vehicles\build_textured_lowpoly.py:31: DeprecationWarning: 'Material.use_nodes' is expected to be removed in Blender 6.0
  self.material=bpy.data.materials.new('Vehicle concept atlas'); self.material.use_nodes=True
Info: Saved as "us_m26_m3_1945.blend"
15:44:40 | INFO: Starting glTF 2.0 export
15:44:40 | INFO: Extracting primitive: Armor_floor_front
15:44:40 | INFO: Primitives created: 1
15:44:40 | INFO: Extracting primitive: Armor_floor_rear
15:44:40 | INFO: Primitives created: 1
15:44:40 | INFO: Extracting primitive: Armor_hull_0_0
15:44:40 | INFO: Primitives created: 1
15:44:40 | INFO: Extracting primitive: Armor_hull_0_1
15:44:40 | INFO: Primitives created: 1
15:44:40 | INFO: Extracting primitive: Armor_hull_0_2
15:44:40 | INFO: Primitives created: 1
15:44:40 | INFO: Extracting primitive: Armor_hull_0_3
15:44:40 | INFO: Primitives created: 1
15:44:40 | INFO: Extracting primitive: Armor_hull_0_4
15:44:40 | INFO: Primitives created: 1
15:44:40 | INFO: Extracting primitive: Armor_hull_0_5
15:44:40 | INFO: Primitives created: 1
15:44:40 | INFO: Extracting primitive: Armor_hull_0_6
15:44:40 | INFO: Primitives created: 1
15:44:40 | INFO: Extracting primitive: Armor_hull_0_7
15:44:40 | INFO: Primitives created: 1
15:44:40 | INFO: Extracting primitive: Armor_hull_1_0
15:44:40 | INFO: Primitives created: 1
15:44:40 | INFO: Extracting primitive: Armor_hull_1_1
15:44:40 | INFO: Primitives created: 1
15:44:40 | INFO: Extracting primitive: Armor_hull_1_2
15:44:40 | INFO: Primitives created: 1
15:44:40 | INFO: Extracting primitive: Armor_hull_1_3
15:44:40 | INFO: Primitives created: 1
15:44:40 | INFO: Extracting primitive: Armor_hull_1_4
15:44:40 | INFO: Primitives created: 1
15:44:40 | INFO: Extracting primitive: Armor_hull_1_5
15:44:40 | INFO: Primitives created: 1
15:44:40 | INFO: Extracting primitive: Armor_hull_1_6
15:44:40 | INFO: Primitives created: 1
15:44:40 | INFO: Extracting primitive: Armor_hull_1_7
15:44:40 | INFO: Primitives created: 1
15:44:40 | INFO: Extracting primitive: Armor_hull_roof_0
15:44:40 | INFO: Primitives created: 1
15:44:40 | INFO: Extracting primitive: Armor_hull_roof_1
15:44:40 | INFO: Primitives created: 1
15:44:40 | INFO: Extracting primitive: Armor_hull_roof_2
15:44:40 | INFO: Primitives created: 1
15:44:40 | INFO: Extracting primitive: Armor_hull_roof_3
15:44:40 | INFO: Primitives created: 1
15:44:40 | INFO: Extracting primitive: Armor_hull_roof_4
15:44:40 | INFO: Primitives created: 1
15:44:40 | INFO: Extracting primitive: Armor_hull_roof_5
15:44:40 | INFO: Primitives created: 1
15:44:40 | INFO: Extracting primitive: Armor_hull_roof_6
15:44:40 | INFO: Primitives created: 1
15:44:40 | INFO: Extracting primitive: Armor_hull_roof_7
15:44:40 | INFO: Primitives created: 1
15:44:40 | INFO: Extracting primitive: Cosmetic_hull_Olive
15:44:40 | INFO: Primitives created: 1
15:44:40 | INFO: Extracting primitive: Cosmetic_suspension
15:44:40 | INFO: Primitives created: 1
15:44:40 | INFO: Extracting primitive: Cosmetic_track_left
15:44:40 | INFO: Primitives created: 1
15:44:40 | INFO: Extracting primitive: Cosmetic_track_right
15:44:40 | INFO: Primitives created: 1
15:44:40 | INFO: Extracting primitive: Cosmetic_wheels
15:44:40 | INFO: Primitives created: 1
15:44:40 | INFO: Extracting primitive: Armor_turret_front_0
15:44:40 | INFO: Primitives created: 1
15:44:40 | INFO: Extracting primitive: Armor_turret_front_1
15:44:40 | INFO: Primitives created: 1
15:44:40 | INFO: Extracting primitive: Armor_turret_front_2
15:44:40 | INFO: Primitives created: 1
15:44:40 | INFO: Extracting primitive: Armor_turret_front_3
15:44:40 | INFO: Primitives created: 1
15:44:40 | INFO: Extracting primitive: Armor_turret_roof
15:44:40 | INFO: Primitives created: 1
15:44:40 | INFO: Extracting primitive: Armor_turret_wall_1
15:44:40 | INFO: Primitives created: 1
15:44:40 | INFO: Extracting primitive: Armor_turret_wall_2
15:44:40 | INFO: Primitives created: 1
15:44:40 | INFO: Extracting primitive: Armor_turret_wall_3
15:44:40 | INFO: Primitives created: 1
15:44:40 | INFO: Extracting primitive: Armor_turret_wall_4
15:44:40 | INFO: Primitives created: 1
15:44:40 | INFO: Extracting primitive: Armor_turret_wall_5
15:44:40 | INFO: Primitives created: 1
15:44:40 | INFO: Extracting primitive: Armor_turret_wall_6
15:44:40 | INFO: Primitives created: 1
15:44:40 | INFO: Extracting primitive: Armor_turret_wall_7
15:44:40 | INFO: Primitives created: 1
15:44:40 | INFO: Extracting primitive: Armor_turret_wall_8
15:44:40 | INFO: Primitives created: 1
15:44:40 | INFO: Extracting primitive: Armor_turret_wall_9
15:44:40 | INFO: Primitives created: 1
15:44:40 | INFO: Extracting primitive: Armor_turret_wall_10
15:44:40 | INFO: Primitives created: 1
15:44:40 | INFO: Extracting primitive: Armor_turret_wall_11
15:44:40 | INFO: Primitives created: 1
15:44:40 | INFO: Extracting primitive: Armor_turret_wall_12
15:44:40 | INFO: Primitives created: 1
15:44:40 | INFO: Extracting primitive: Armor_turret_wall_13
15:44:40 | INFO: Primitives created: 1
15:44:40 | INFO: Extracting primitive: Armor_mantlet_0
15:44:40 | INFO: Primitives created: 1
15:44:40 | INFO: Extracting primitive: Armor_mantlet_1
15:44:40 | INFO: Primitives created: 1
15:44:40 | INFO: Extracting primitive: Armor_mantlet_2
15:44:40 | INFO: Primitives created: 1
15:44:40 | INFO: Extracting primitive: Armor_mantlet_3
15:44:40 | INFO: Primitives created: 1
15:44:40 | INFO: Extracting primitive: Cosmetic_gun_recoil
15:44:40 | INFO: Primitives created: 1
15:44:40 | INFO: Extracting primitive: Cosmetic_turret
15:44:40 | INFO: Primitives created: 1
15:44:40 | INFO: Finished glTF 2.0 export in 0.09536385536193848 s

LOWPOLY_MODEL_PASS us_m26_m3_1945 1018
Info: Saved as "us_m36_m4a1_1945.blend"
15:44:40 | INFO: Starting glTF 2.0 export
15:44:40 | INFO: Extracting primitive: Armor_floor_front
15:44:40 | INFO: Primitives created: 1
15:44:40 | INFO: Extracting primitive: Armor_floor_rear
15:44:40 | INFO: Primitives created: 1
15:44:40 | INFO: Extracting primitive: Armor_hull_0_0
15:44:40 | INFO: Primitives created: 1
15:44:40 | INFO: Extracting primitive: Armor_hull_0_1
15:44:40 | INFO: Primitives created: 1
15:44:40 | INFO: Extracting primitive: Armor_hull_0_2
15:44:40 | INFO: Primitives created: 1
15:44:40 | INFO: Extracting primitive: Armor_hull_0_3
15:44:40 | INFO: Primitives created: 1
15:44:40 | INFO: Extracting primitive: Armor_hull_0_4
15:44:40 | INFO: Primitives created: 1
15:44:40 | INFO: Extracting primitive: Armor_hull_0_5
15:44:40 | INFO: Primitives created: 1
15:44:40 | INFO: Extracting primitive: Armor_hull_0_6
15:44:40 | INFO: Primitives created: 1
15:44:40 | INFO: Extracting primitive: Armor_hull_0_7
15:44:40 | INFO: Primitives created: 1
15:44:40 | INFO: Extracting primitive: Armor_hull_1_0
15:44:40 | INFO: Primitives created: 1
15:44:40 | INFO: Extracting primitive: Armor_hull_1_1
15:44:40 | INFO: Primitives created: 1
15:44:40 | INFO: Extracting primitive: Armor_hull_1_2
15:44:40 | INFO: Primitives created: 1
15:44:40 | INFO: Extracting primitive: Armor_hull_1_3
15:44:40 | INFO: Primitives created: 1
15:44:40 | INFO: Extracting primitive: Armor_hull_1_4
15:44:40 | INFO: Primitives created: 1
15:44:40 | INFO: Extracting primitive: Armor_hull_1_5
15:44:40 | INFO: Primitives created: 1
15:44:40 | INFO: Extracting primitive: Armor_hull_1_6
15:44:40 | INFO: Primitives created: 1
15:44:40 | INFO: Extracting primitive: Armor_hull_1_7
15:44:40 | INFO: Primitives created: 1
15:44:40 | INFO: Extracting primitive: Armor_hull_roof_0
15:44:40 | INFO: Primitives created: 1
15:44:40 | INFO: Extracting primitive: Armor_hull_roof_1
15:44:40 | INFO: Primitives created: 1
15:44:40 | INFO: Extracting primitive: Armor_hull_roof_2
15:44:40 | INFO: Primitives created: 1
15:44:40 | INFO: Extracting primitive: Armor_hull_roof_3
15:44:40 | INFO: Primitives created: 1
15:44:40 | INFO: Extracting primitive: Armor_hull_roof_4
15:44:40 | INFO: Primitives created: 1
15:44:40 | INFO: Extracting primitive: Armor_hull_roof_5
15:44:40 | INFO: Primitives created: 1
15:44:40 | INFO: Extracting primitive: Armor_hull_roof_6
15:44:40 | INFO: Primitives created: 1
15:44:40 | INFO: Extracting primitive: Armor_hull_roof_7
15:44:40 | INFO: Primitives created: 1
15:44:40 | INFO: Extracting primitive: Cosmetic_hull_Olive
15:44:40 | INFO: Primitives created: 1
15:44:40 | INFO: Extracting primitive: Cosmetic_suspension
15:44:40 | INFO: Primitives created: 1
15:44:40 | INFO: Extracting primitive: Cosmetic_track_left
15:44:40 | INFO: Primitives created: 1
15:44:40 | INFO: Extracting primitive: Cosmetic_track_right
15:44:40 | INFO: Primitives created: 1
15:44:40 | INFO: Extracting primitive: Cosmetic_wheels
15:44:40 | INFO: Primitives created: 1
15:44:40 | INFO: Extracting primitive: Armor_turret_front_0
15:44:40 | INFO: Primitives created: 1
15:44:40 | INFO: Extracting primitive: Armor_turret_front_1
15:44:40 | INFO: Primitives created: 1
15:44:40 | INFO: Extracting primitive: Armor_turret_front_2
15:44:40 | INFO: Primitives created: 1
15:44:40 | INFO: Extracting primitive: Armor_turret_front_3
15:44:40 | INFO: Primitives created: 1
15:44:40 | INFO: Extracting primitive: Armor_turret_wall_1
15:44:40 | INFO: Primitives created: 1
15:44:40 | INFO: Extracting primitive: Armor_turret_wall_2
15:44:40 | INFO: Primitives created: 1
15:44:40 | INFO: Extracting primitive: Armor_turret_wall_3
15:44:40 | INFO: Primitives created: 1
15:44:40 | INFO: Extracting primitive: Armor_turret_wall_4
15:44:40 | INFO: Primitives created: 1
15:44:40 | INFO: Extracting primitive: Armor_turret_wall_5
15:44:40 | INFO: Primitives created: 1
15:44:40 | INFO: Extracting primitive: Armor_turret_wall_6
15:44:40 | INFO: Primitives created: 1
15:44:40 | INFO: Extracting primitive: Armor_turret_wall_7
15:44:40 | INFO: Primitives created: 1
15:44:40 | INFO: Extracting primitive: Armor_mantlet_0
15:44:40 | INFO: Primitives created: 1
15:44:40 | INFO: Extracting primitive: Armor_mantlet_1
15:44:40 | INFO: Primitives created: 1
15:44:40 | INFO: Extracting primitive: Armor_mantlet_2
15:44:40 | INFO: Primitives created: 1
15:44:40 | INFO: Extracting primitive: Armor_mantlet_3
15:44:40 | INFO: Primitives created: 1
15:44:40 | INFO: Extracting primitive: Cosmetic_gun_recoil
15:44:40 | INFO: Primitives created: 1
15:44:40 | INFO: Extracting primitive: Cosmetic_turret
15:44:40 | INFO: Primitives created: 1
15:44:40 | INFO: Finished glTF 2.0 export in 0.08159494400024414 s

LOWPOLY_MODEL_PASS us_m36_m4a1_1945 970
Info: Saved as "us_m4a3_75w_vvss_1944.blend"
15:44:40 | INFO: Starting glTF 2.0 export
15:44:40 | INFO: Extracting primitive: Armor_floor_front
15:44:40 | INFO: Primitives created: 1
15:44:40 | INFO: Extracting primitive: Armor_floor_rear
15:44:40 | INFO: Primitives created: 1
15:44:40 | INFO: Extracting primitive: Armor_hull_0_0
15:44:40 | INFO: Primitives created: 1
15:44:40 | INFO: Extracting primitive: Armor_hull_0_1
15:44:40 | INFO: Primitives created: 1
15:44:40 | INFO: Extracting primitive: Armor_hull_0_2
15:44:40 | INFO: Primitives created: 1
15:44:40 | INFO: Extracting primitive: Armor_hull_0_3
15:44:40 | INFO: Primitives created: 1
15:44:40 | INFO: Extracting primitive: Armor_hull_0_4
15:44:40 | INFO: Primitives created: 1
15:44:40 | INFO: Extracting primitive: Armor_hull_0_5
15:44:40 | INFO: Primitives created: 1
15:44:40 | INFO: Extracting primitive: Armor_hull_0_6
15:44:40 | INFO: Primitives created: 1
15:44:40 | INFO: Extracting primitive: Armor_hull_0_7
15:44:40 | INFO: Primitives created: 1
15:44:40 | INFO: Extracting primitive: Armor_hull_1_0
15:44:40 | INFO: Primitives created: 1
15:44:40 | INFO: Extracting primitive: Armor_hull_1_1
15:44:40 | INFO: Primitives created: 1
15:44:40 | INFO: Extracting primitive: Armor_hull_1_2
15:44:40 | INFO: Primitives created: 1
15:44:40 | INFO: Extracting primitive: Armor_hull_1_3
15:44:40 | INFO: Primitives created: 1
15:44:40 | INFO: Extracting primitive: Armor_hull_1_4
15:44:40 | INFO: Primitives created: 1
15:44:40 | INFO: Extracting primitive: Armor_hull_1_5
15:44:40 | INFO: Primitives created: 1
15:44:40 | INFO: Extracting primitive: Armor_hull_1_6
15:44:40 | INFO: Primitives created: 1
15:44:40 | INFO: Extracting primitive: Armor_hull_1_7
15:44:40 | INFO: Primitives created: 1
15:44:40 | INFO: Extracting primitive: Armor_hull_roof_0
15:44:40 | INFO: Primitives created: 1
15:44:40 | INFO: Extracting primitive: Armor_hull_roof_1
15:44:40 | INFO: Primitives created: 1
15:44:40 | INFO: Extracting primitive: Armor_hull_roof_2
15:44:40 | INFO: Primitives created: 1
15:44:40 | INFO: Extracting primitive: Armor_hull_roof_3
15:44:40 | INFO: Primitives created: 1
15:44:40 | INFO: Extracting primitive: Armor_hull_roof_4
15:44:40 | INFO: Primitives created: 1
15:44:40 | INFO: Extracting primitive: Armor_hull_roof_5
15:44:40 | INFO: Primitives created: 1
15:44:40 | INFO: Extracting primitive: Armor_hull_roof_6
15:44:40 | INFO: Primitives created: 1
15:44:40 | INFO: Extracting primitive: Armor_hull_roof_7
15:44:40 | INFO: Primitives created: 1
15:44:40 | INFO: Extracting primitive: Cosmetic_hull_Olive
15:44:40 | INFO: Primitives created: 1
15:44:40 | INFO: Extracting primitive: Cosmetic_suspension
15:44:40 | INFO: Primitives created: 1
15:44:40 | INFO: Extracting primitive: Cosmetic_track_left
15:44:40 | INFO: Primitives created: 1
15:44:40 | INFO: Extracting primitive: Cosmetic_track_right
15:44:40 | INFO: Primitives created: 1
15:44:40 | INFO: Extracting primitive: Cosmetic_wheels
15:44:40 | INFO: Primitives created: 1
15:44:40 | INFO: Extracting primitive: Armor_fixed_gun_shield_0
15:44:40 | INFO: Primitives created: 1
15:44:40 | INFO: Extracting primitive: Armor_fixed_gun_shield_1
15:44:40 | INFO: Primitives created: 1
15:44:40 | INFO: Extracting primitive: Armor_fixed_gun_shield_2
15:44:40 | INFO: Primitives created: 1
15:44:40 | INFO: Extracting primitive: Armor_fixed_gun_shield_3
15:44:40 | INFO: Primitives created: 1
15:44:40 | INFO: Extracting primitive: Armor_turret_front_0
15:44:40 | INFO: Primitives created: 1
15:44:40 | INFO: Extracting primitive: Armor_turret_front_1
15:44:40 | INFO: Primitives created: 1
15:44:40 | INFO: Extracting primitive: Armor_turret_front_2
15:44:40 | INFO: Primitives created: 1
15:44:40 | INFO: Extracting primitive: Armor_turret_front_3
15:44:40 | INFO: Primitives created: 1
15:44:40 | INFO: Extracting primitive: Armor_turret_roof
15:44:40 | INFO: Primitives created: 1
15:44:40 | INFO: Extracting primitive: Armor_turret_wall_1
15:44:40 | INFO: Primitives created: 1
15:44:40 | INFO: Extracting primitive: Armor_turret_wall_2
15:44:40 | INFO: Primitives created: 1
15:44:40 | INFO: Extracting primitive: Armor_turret_wall_3
15:44:40 | INFO: Primitives created: 1
15:44:40 | INFO: Extracting primitive: Armor_turret_wall_4
15:44:40 | INFO: Primitives created: 1
15:44:40 | INFO: Extracting primitive: Armor_turret_wall_5
15:44:40 | INFO: Primitives created: 1
15:44:40 | INFO: Extracting primitive: Armor_turret_wall_6
15:44:40 | INFO: Primitives created: 1
15:44:40 | INFO: Extracting primitive: Armor_turret_wall_7
15:44:40 | INFO: Primitives created: 1
15:44:40 | INFO: Extracting primitive: Armor_turret_wall_8
15:44:40 | INFO: Primitives created: 1
15:44:40 | INFO: Extracting primitive: Armor_turret_wall_9
15:44:40 | INFO: Primitives created: 1
15:44:40 | INFO: Extracting primitive: Armor_turret_wall_10
15:44:40 | INFO: Primitives created: 1
15:44:40 | INFO: Extracting primitive: Armor_turret_wall_11
15:44:40 | INFO: Primitives created: 1
15:44:40 | INFO: Extracting primitive: Armor_turret_wall_12
15:44:40 | INFO: Primitives created: 1
15:44:40 | INFO: Extracting primitive: Armor_turret_wall_13
15:44:40 | INFO: Primitives created: 1
15:44:40 | INFO: Extracting primitive: Armor_rotor_shield_0
15:44:40 | INFO: Primitives created: 1
15:44:40 | INFO: Extracting primitive: Armor_rotor_shield_1
15:44:40 | INFO: Primitives created: 1
15:44:40 | INFO: Extracting primitive: Armor_rotor_shield_2
15:44:40 | INFO: Primitives created: 1
15:44:40 | INFO: Extracting primitive: Armor_rotor_shield_3
15:44:40 | INFO: Primitives created: 1
15:44:40 | INFO: Extracting primitive: Cosmetic_gun_recoil
15:44:40 | INFO: Primitives created: 1
15:44:40 | INFO: Extracting primitive: Cosmetic_turret
15:44:40 | INFO: Primitives created: 1
15:44:41 | INFO: Finished glTF 2.0 export in 0.10731339454650879 s

LOWPOLY_MODEL_PASS us_m4a3_75w_vvss_1944 1016
Blender 5.2.1 LTS (hash 9e2066aef7ef built 2026-08-25 02:38:20)

Blender quit
00:00.562  blend            | Read blend: "E:\AIprogram\mcthunder-development\deliverables\tank-model-workflow-v1\authoring\vehicles\us_m24_m6_t85e1_1951.blend"
REPRO_MODEL_PASS us_m24_m6_t85e1_1951 908 42
00:00.594  blend            | Read blend: "E:\AIprogram\mcthunder-development\deliverables\tank-model-workflow-v1\authoring\vehicles\us_m26_m3_1945.blend"
REPRO_MODEL_PASS us_m26_m3_1945 1018 48
00:00.609  blend            | Read blend: "E:\AIprogram\mcthunder-development\deliverables\tank-model-workflow-v1\authoring\vehicles\us_m36_m4a1_1945.blend"
REPRO_MODEL_PASS us_m36_m4a1_1945 970 41
00:00.641  blend            | Read blend: "E:\AIprogram\mcthunder-development\deliverables\tank-model-workflow-v1\authoring\vehicles\us_m4a3_75w_vvss_1944.blend"
REPRO_MODEL_PASS us_m4a3_75w_vvss_1944 1016 52
REPRO_BASELINE_MATCH_PASS
Blender 5.2.1 LTS (hash 9e2066aef7ef built 2026-08-25 02:38:20)

Blender quit
REBUILD_MODELS_PASS: E:\AIprogram\mcthunder-development\deliverables\tank-model-workflow-v1\MODEL_REPRO_REPORT.json
