ERROR: ArmorPatchMesh: triangles: winding disagrees with outward normal; triangles: winding disagrees with outward normal
   at: push_error (core/variant/variant_utility.cpp:1023)
   GDScript backtrace (most recent call first):
       [0] build_surface (res://scripts/layout/armor_patch_mesh.gd:79)
       [1] _initialize (res://tests/run_layout_checks.gd:106)
ERROR: LayoutCatalog: layout not found: nonexistent_layout (res://configs/layouts/nonexistent_layout.tres)
   at: push_error (core/variant/variant_utility.cpp:1023)
   GDScript backtrace (most recent call first):
       [0] load_layout (res://scripts/layout/layout_catalog.gd:68)
       [1] _initialize (res://tests/run_layout_checks.gd:208)
ERROR: LayoutCatalog: empty layout_id
   at: push_error (core/variant/variant_utility.cpp:1023)
   GDScript backtrace (most recent call first):
       [0] load_layout (res://scripts/layout/layout_catalog.gd:61)
       [1] _initialize (res://tests/run_layout_checks.gd:209)
WARNING: LayoutCatalog: test_player_vehicle_layout: WARNING modules[1].barrel_box: module box outside actual vehicle armor bounds (coarse AABB check; not a verdict of physical intersection)
   at: push_warning (core/variant/variant_utility.cpp:1033)
   GDScript backtrace (most recent call first):
       [0] load_layout (res://scripts/layout/layout_catalog.gd:98)
       [1] setup (res://scripts/vehicle_actor.gd:55)
       [2] _ready (res://scripts/main.gd:78)
WARNING: Nodes with non-equal opposite anchors will have their size overridden after _ready(). 
If you want to set size, change the anchors or consider using set_deferred().
   at: _set_size (scene/gui/control.cpp:1519)
   GDScript backtrace (most recent call first):
       [0] _ready (res://scripts/inspection/vehicle_inspector.gd:43)
       [1] open_vehicle_inspector (res://scripts/main.gd:293)
       [2] _initialize (res://tests/run_layout_checks.gd:348)
WARNING: Nodes with non-equal opposite anchors will have their size overridden after _ready(). 
If you want to set size, change the anchors or consider using set_deferred().
   at: _set_size (scene/gui/control.cpp:1519)
   GDScript backtrace (most recent call first):
       [0] _ready (res://scripts/inspection/vehicle_inspector.gd:43)
       [1] open_vehicle_inspector (res://scripts/main.gd:293)
       [2] _initialize (res://tests/run_layout_checks.gd:439)
WARNING: Nodes with non-equal opposite anchors will have their size overridden after _ready(). 
If you want to set size, change the anchors or consider using set_deferred().
   at: _set_size (scene/gui/control.cpp:1519)
   GDScript backtrace (most recent call first):
       [0] _ready (res://scripts/inspection/vehicle_inspector.gd:43)
       [1] open_vehicle_inspector (res://scripts/main.gd:293)
       [2] _initialize (res://tests/run_layout_checks.gd:484)
WARNING: Nodes with non-equal opposite anchors will have their size overridden after _ready(). 
If you want to set size, change the anchors or consider using set_deferred().
   at: _set_size (scene/gui/control.cpp:1519)
   GDScript backtrace (most recent call first):
       [0] _ready (res://scripts/inspection/vehicle_inspector.gd:43)
       [1] open_vehicle_inspector (res://scripts/main.gd:293)
       [2] _initialize (res://tests/run_layout_checks.gd:484)
WARNING: Nodes with non-equal opposite anchors will have their size overridden after _ready(). 
If you want to set size, change the anchors or consider using set_deferred().
   at: _set_size (scene/gui/control.cpp:1519)
   GDScript backtrace (most recent call first):
       [0] _ready (res://scripts/inspection/vehicle_inspector.gd:43)
       [1] open_vehicle_inspector (res://scripts/main.gd:293)
       [2] _initialize (res://tests/run_layout_checks.gd:484)
WARNING: Nodes with non-equal opposite anchors will have their size overridden after _ready(). 
If you want to set size, change the anchors or consider using set_deferred().
   at: _set_size (scene/gui/control.cpp:1519)
   GDScript backtrace (most recent call first):
       [0] _ready (res://scripts/inspection/vehicle_inspector.gd:43)
       [1] open_vehicle_inspector (res://scripts/main.gd:293)
       [2] _initialize (res://tests/run_layout_checks.gd:484)
WARNING: Nodes with non-equal opposite anchors will have their size overridden after _ready(). 
If you want to set size, change the anchors or consider using set_deferred().
   at: _set_size (scene/gui/control.cpp:1519)
   GDScript backtrace (most recent call first):
       [0] _ready (res://scripts/inspection/vehicle_inspector.gd:43)
       [1] open_vehicle_inspector (res://scripts/main.gd:293)
       [2] _initialize (res://tests/run_layout_checks.gd:484)
WARNING: Nodes with non-equal opposite anchors will have their size overridden after _ready(). 
If you want to set size, change the anchors or consider using set_deferred().
   at: _set_size (scene/gui/control.cpp:1519)
   GDScript backtrace (most recent call first):
       [0] _ready (res://scripts/inspection/vehicle_inspector.gd:43)
       [1] open_vehicle_inspector (res://scripts/main.gd:293)
       [2] _initialize (res://tests/run_layout_checks.gd:484)
WARNING: Nodes with non-equal opposite anchors will have their size overridden after _ready(). 
If you want to set size, change the anchors or consider using set_deferred().
   at: _set_size (scene/gui/control.cpp:1519)
   GDScript backtrace (most recent call first):
       [0] _ready (res://scripts/inspection/vehicle_inspector.gd:43)
       [1] open_vehicle_inspector (res://scripts/main.gd:293)
       [2] _initialize (res://tests/run_layout_checks.gd:484)
WARNING: Nodes with non-equal opposite anchors will have their size overridden after _ready(). 
If you want to set size, change the anchors or consider using set_deferred().
   at: _set_size (scene/gui/control.cpp:1519)
   GDScript backtrace (most recent call first):
       [0] _ready (res://scripts/inspection/vehicle_inspector.gd:43)
       [1] open_vehicle_inspector (res://scripts/main.gd:293)
       [2] _initialize (res://tests/run_layout_checks.gd:484)
WARNING: Nodes with non-equal opposite anchors will have their size overridden after _ready(). 
If you want to set size, change the anchors or consider using set_deferred().
   at: _set_size (scene/gui/control.cpp:1519)
   GDScript backtrace (most recent call first):
       [0] _ready (res://scripts/inspection/vehicle_inspector.gd:43)
       [1] open_vehicle_inspector (res://scripts/main.gd:293)
       [2] _initialize (res://tests/run_layout_checks.gd:484)
WARNING: Nodes with non-equal opposite anchors will have their size overridden after _ready(). 
If you want to set size, change the anchors or consider using set_deferred().
   at: _set_size (scene/gui/control.cpp:1519)
   GDScript backtrace (most recent call first):
       [0] _ready (res://scripts/inspection/vehicle_inspector.gd:43)
       [1] open_vehicle_inspector (res://scripts/main.gd:293)
       [2] _initialize (res://tests/run_layout_checks.gd:484)
WARNING: Nodes with non-equal opposite anchors will have their size overridden after _ready(). 
If you want to set size, change the anchors or consider using set_deferred().
   at: _set_size (scene/gui/control.cpp:1519)
   GDScript backtrace (most recent call first):
       [0] _ready (res://scripts/inspection/vehicle_inspector.gd:43)
       [1] open_vehicle_inspector (res://scripts/main.gd:293)
       [2] _initialize (res://tests/run_layout_checks.gd:484)
WARNING: Nodes with non-equal opposite anchors will have their size overridden after _ready(). 
If you want to set size, change the anchors or consider using set_deferred().
   at: _set_size (scene/gui/control.cpp:1519)
   GDScript backtrace (most recent call first):
       [0] _ready (res://scripts/inspection/vehicle_inspector.gd:43)
       [1] open_vehicle_inspector (res://scripts/main.gd:293)
       [2] _initialize (res://tests/run_layout_checks.gd:484)
WARNING: Nodes with non-equal opposite anchors will have their size overridden after _ready(). 
If you want to set size, change the anchors or consider using set_deferred().
   at: _set_size (scene/gui/control.cpp:1519)
   GDScript backtrace (most recent call first):
       [0] _ready (res://scripts/inspection/vehicle_inspector.gd:43)
       [1] open_vehicle_inspector (res://scripts/main.gd:293)
       [2] _initialize (res://tests/run_layout_checks.gd:484)
WARNING: Nodes with non-equal opposite anchors will have their size overridden after _ready(). 
If you want to set size, change the anchors or consider using set_deferred().
   at: _set_size (scene/gui/control.cpp:1519)
   GDScript backtrace (most recent call first):
       [0] _ready (res://scripts/inspection/vehicle_inspector.gd:43)
       [1] open_vehicle_inspector (res://scripts/main.gd:293)
       [2] _initialize (res://tests/run_layout_checks.gd:484)
WARNING: Nodes with non-equal opposite anchors will have their size overridden after _ready(). 
If you want to set size, change the anchors or consider using set_deferred().
   at: _set_size (scene/gui/control.cpp:1519)
   GDScript backtrace (most recent call first):
       [0] _ready (res://scripts/inspection/vehicle_inspector.gd:43)
       [1] open_vehicle_inspector (res://scripts/main.gd:293)
       [2] _initialize (res://tests/run_layout_checks.gd:484)
WARNING: Nodes with non-equal opposite anchors will have their size overridden after _ready(). 
If you want to set size, change the anchors or consider using set_deferred().
   at: _set_size (scene/gui/control.cpp:1519)
   GDScript backtrace (most recent call first):
       [0] _ready (res://scripts/inspection/vehicle_inspector.gd:43)
       [1] open_vehicle_inspector (res://scripts/main.gd:293)
       [2] _initialize (res://tests/run_layout_checks.gd:484)
WARNING: Nodes with non-equal opposite anchors will have their size overridden after _ready(). 
If you want to set size, change the anchors or consider using set_deferred().
   at: _set_size (scene/gui/control.cpp:1519)
   GDScript backtrace (most recent call first):
       [0] _ready (res://scripts/inspection/vehicle_inspector.gd:43)
       [1] open_vehicle_inspector (res://scripts/main.gd:293)
       [2] _initialize (res://tests/run_layout_checks.gd:484)
WARNING: Nodes with non-equal opposite anchors will have their size overridden after _ready(). 
If you want to set size, change the anchors or consider using set_deferred().
   at: _set_size (scene/gui/control.cpp:1519)
   GDScript backtrace (most recent call first):
       [0] _ready (res://scripts/inspection/vehicle_inspector.gd:43)
       [1] open_vehicle_inspector (res://scripts/main.gd:293)
       [2] _initialize (res://tests/run_layout_checks.gd:484)
WARNING: Nodes with non-equal opposite anchors will have their size overridden after _ready(). 
If you want to set size, change the anchors or consider using set_deferred().
   at: _set_size (scene/gui/control.cpp:1519)
   GDScript backtrace (most recent call first):
       [0] _ready (res://scripts/inspection/vehicle_inspector.gd:43)
       [1] open_vehicle_inspector (res://scripts/main.gd:293)
       [2] _initialize (res://tests/run_layout_checks.gd:484)
WARNING: Nodes with non-equal opposite anchors will have their size overridden after _ready(). 
If you want to set size, change the anchors or consider using set_deferred().
   at: _set_size (scene/gui/control.cpp:1519)
   GDScript backtrace (most recent call first):
       [0] _ready (res://scripts/inspection/vehicle_inspector.gd:43)
       [1] open_vehicle_inspector (res://scripts/main.gd:293)
       [2] _initialize (res://tests/run_layout_checks.gd:515)
WARNING: VehicleInspector: layout 'test_armor_panels' rejected (2 errors); keeping current model
   at: push_warning (core/variant/variant_utility.cpp:1033)
   GDScript backtrace (most recent call first):
       [0] load_layout (res://scripts/inspection/vehicle_inspector.gd:243)
       [1] _initialize (res://tests/run_layout_checks.gd:539)
