Godot Engine v4.7.2.stable.official.ed1daf0bf - https://godotengine.org
OpenGL API 3.3.0 NVIDIA 591.86 - Compatibility - Using Device: NVIDIA - NVIDIA GeForce RTX 4070 SUPER

[PASS] real roster drives frontend cards
[PASS] capture actual frontend: 01_deployment_720
[PASS] card activation switches actual vehicle and inspection geometry
[PASS] equipment navigation exposes real ammunition and lineup controls
[PASS] capture actual frontend: 02_equipment_720
[PASS] training tab retains actual range entry
[PASS] capture actual frontend: 03_training_720
[PASS] primary deploy emits actual existing team match request
[PASS] navigation and preview do not write profile or award progress
[PASS] primary action has keyboard focus
[PASS] deployment action stays in viewport: (1280, 720)
[PASS] vehicle card stays in viewport
[PASS] vehicle card stays in viewport
[PASS] vehicle card stays in viewport
[PASS] vehicle card stays in viewport
[PASS] vehicle card stays in viewport
[PASS] capture actual frontend: 04_deployment_1280
[PASS] deployment action stays in viewport: (1920, 1080)
[PASS] vehicle card stays in viewport
[PASS] vehicle card stays in viewport
[PASS] vehicle card stays in viewport
[PASS] vehicle card stays in viewport
[PASS] vehicle card stays in viewport
[PASS] capture actual frontend: 04_deployment_1920
=== 结果: 24 项检查, 0 失败 ===
GARAGE_FRONTEND_CHECKS_PASS
