Godot Engine v4.7.2.stable.official.ed1daf0bf - https://godotengine.org

=== PixelArmor 自动检查 ===
engine=4.7.2-stable (official)  os=Windows
font_cjk_support=false  (默认字体中文字形能力 → 决定 HUD 语言)
[PASS] 默认字体 CJK 能力已记录
[PASS] 脚本可解析加载: game_config.gd
[PASS] 脚本可解析加载: world_builder.gd
[PASS] 脚本可解析加载: target_board.gd
[PASS] 脚本可解析加载: tank.gd
[PASS] 脚本可解析加载: turret_rig.gd
[PASS] 脚本可解析加载: camera_rig.gd
[PASS] 脚本可解析加载: gunner.gd
[PASS] 脚本可解析加载: hud.gd
[PASS] 脚本可解析加载: main.gd
[PASS] 脚本可解析加载: defs/vehicle_definition.gd
[PASS] 脚本可解析加载: defs/weapon_definition.gd
[PASS] 脚本可解析加载: defs/shell_definition.gd
[PASS] 脚本可解析加载: defs/vehicle_defs.gd
[PASS] 脚本可解析加载: defs/vehicle_runtime_state.gd
[PASS] 脚本可解析加载: defs/vehicle_command.gd
[PASS] 输入动作存在: move_forward
[PASS] 输入动作存在: move_back
[PASS] 输入动作存在: turn_left
[PASS] 输入动作存在: turn_right
[PASS] 输入动作存在: fire
[PASS] 输入动作存在: aim
[PASS] 输入动作存在: reset
[PASS] 输入动作存在: pause
[PASS] 输入动作存在: debug_toggle
[PASS] T003-05 缺 ID 校验失败并定位 id 字段
[PASS] T003-05 非法速度校验失败并定位 forward_max_speed 字段
[PASS] T003-05 缺武器引用校验失败并定位 weapon_id 字段
[PASS] T003-05 武器缺 ID 校验失败并定位 id 字段
[PASS] T003-05 弹种缺 ID 校验失败并定位 id 字段
[PASS] T003-05 默认配置 .tres 加载并校验通过
[PASS] T003-05 默认车辆定义校验通过
[PASS] T003-05 未知车辆引用失败并定位 vehicle_id
[PASS] T003-05 缺武器引用解析失败并定位 weapon_id 字段
[PASS] 主场景资源可加载
[PASS] 主场景可实例化
[PASS] 必要节点: 坦克存在
[PASS] 必要节点: 炮塔存在
[PASS] 必要节点: 相机存在
[PASS] 必要节点: 射击控制存在
[PASS] 必要节点: 界面存在
[PASS] 三块靶板存在 (实际=3)
[PASS] 首次开火成功
[PASS] 冷却期内第二次开火被拒
[PASS] 冷却期内未产生额外射击 (shots=1)
[PASS] 按住开火键不绕过冷却 (shots=1)
[PASS] 冷却自然结束
[PASS] 暂停恢复宽限期内开火被拒
[PASS] 遮挡前提：相机确实看见指定靶板（collider 身份验证）
[PASS] 无遮挡时开火成功
[PASS] 遮挡墙后靶板未被命中 (hits=0)
[PASS] 移除墙后同一射击代码命中靶板 (hits=1)
[PASS] 命中后靶板变色反馈触发
[PASS] 炮管穿墙时开火被阻止
[PASS] 穿墙开火未产生射击
[PASS] 穿墙未命中墙后靶板 (hits=0)
[PASS] 前进加速有效 (v=8.00)
[PASS] 前进限速 8m/s (v=8.00)
[PASS] 车辆沿 -Z 前进 (z=-2.73)
[PASS] 松开按键滑行停车 (v=0.00)
[PASS] 倒车限速 3m/s (v=-3.00)
[PASS] 倒车位移有效 (z=-6.93)
[PASS] A 键原地转向有效
[PASS] 无左右平移 (x=0.32)
[PASS] 重置清零靶板命中
[PASS] 重置清零装填状态
[PASS] 重置恢复出生位置
[PASS] T002-03a 前提：相机视线越过近墙并选中墙后靶板（collider 身份验证）
[PASS] T002-03a 前提：距离辅助 (dist=1.40)
[PASS] T002-03a 开火（炮根→炮口无遮挡）
[PASS] T002-03a 近墙挡住炮射线，墙后靶板未被命中 (hits=0)
[PASS] T002-03b 前提：炮口位于墙体内部 (muzzle_z=-3.17, 墙 -2.2..-3.4)
[PASS] T002-03b 炮口入墙时开火被阻止
[PASS] T002-03b 未命中墙后靶板 (hits=0)
[PASS] T002-03c 前提：炮口越过墙体远面 (muzzle_z=-0.97 < -0.7)
[PASS] T002-03c 贴墙开炮被阻止（炮根→炮口线段被墙截断）
[PASS] T002-03c 未命中墙后靶板 (hits=0)
[PASS] 第三人称相机贴墙防穿 (cam_z=28.70 < 29.0 内墙面)
[PASS] R2-A 相机前向俯仰响应意图（意图=-10° 实际=-10.0°）
[PASS] R2-A 相机前向俯仰响应意图（意图=0° 实际=-0.0°）
[PASS] R2-A 相机前向俯仰响应意图（意图=10° 实际=10.0°）
[PASS] R3-A 意图射线选中近靶 B1（collider 身份验证）
[PASS] R3-A 近靶 B1 距离辅助 (dist=1.43)
[PASS] R3-A 近靶 B1 稳定收敛（首次过线=97 帧，保持 1.00 秒，最大误差=0.35°，结束误差=0.00°）
[PASS] R3-A 稳定后实射命中近靶 B1 (b1=1 b2=0 b3=0)
[PASS] R3-A 第二炮前开火条件已自然满足 (cooldown=0.00 grace=0.00)
[PASS] R3-A 装填自然结束后第二炮仍命中近靶 B1 (b1=2)
[PASS] R3-A 意图射线选中右侧远靶 B2（collider 身份验证）
[PASS] R3-A 远靶 B2 距离辅助 (dist=1.37)
[PASS] R3-A 右侧远靶 B2 稳定收敛（首次过线=77 帧，保持 1.00 秒，最大误差=0.14°，结束误差=0.00°）
[PASS] R3-A 稳定后实射命中右侧远靶 B2 (b1=2 b2=1 b3=0)
[PASS] R3-A 意图射线选中左侧远靶 B3（collider 身份验证）
[PASS] R3-A 远靶 B3 距离辅助 (dist=1.37)
[PASS] R3-A 左侧远靶 B3 稳定收敛（首次过线=78 帧，保持 1.00 秒，最大误差=0.00°，结束误差=0.00°）
[PASS] R3-A 稳定后实射命中左侧远靶 B3 (b1=2 b2=1 b3=1)
[PASS] R3-A 车体转过非零角度后意图射线仍选中近靶 B1（collider 身份验证）
[PASS] R3-A 车体非零 yaw 下近靶 B1 稳定收敛（首次过线=146 帧，保持 1.00 秒，最大误差=0.27°，结束误差=0.00°）
[PASS] R3-A 车体非零 yaw 下实射命中近靶 B1 (b1=3)
[PASS] 屏幕后方瞄点标记隐藏（点积过滤）
[PASS] 屏幕前方瞄点标记保留
[PASS] T002-04 前提：持火已产生一次射击 (shots=10)
[PASS] T002-04 窗口失焦通知触发自动暂停
[PASS] T002-04 暂停期间装填计时真正冻结（暂停前=1.641，暂停0.6s后=1.641）
[PASS] T002-04 暂停期间驾驶停止
[PASS] T002-04 恢复后持火未补射 (shots=10)
[PASS] R2-B 恢复后装填计时继续推进 (1.64 → 0.94)
[PASS] R1-B 前提：无冷却持火立即合法射击 (shots=11)
[PASS] R1-B 前提：装填完成、无冷却遮掩 (cd=0.00)
[PASS] R1-B 前提：继续按钮存在且可见
[PASS] R1-B 真实鼠标事件点击“继续”按钮 → 恢复
[PASS] R1-B 恢复瞬间无误射 (shots=11)
[PASS] R1-B 宽限结束后无延迟补射（火持续按住）(shots=11)
[PASS] R1-B 宽限结束后重新按下可合法射击 (shots=12)
[PASS] T002-05 连续 20 次重置：3 块靶板/位置/朝向/速度/冷却全部复位
[PASS] R2-B 前提：无冷却持火立即合法射击 (shots=13)
[PASS] R2-B 前提：fire 处于按住状态
[PASS] R2-B 真实 Esc 事件触发暂停
[PASS] R2-B 暂停期间 fire 仍按住
[PASS] R2-B 暂停 0.5s 后 fire 仍按住
[PASS] R2-B 真实 Esc 事件触发恢复
[PASS] R2-B 恢复后 fire 仍按住
[PASS] R2-B 持续持火跨暂停/恢复/装填/宽限后无额外射击 (shots=13)
[PASS] R2-B 释放后重新按下可合法射击 (shots=14)
[PASS] R2-B 运行中真实 R 事件重置且不暂停
[PASS] R2-B 运行中 R 重置位置 (dist=0.00)
[PASS] R2-B 暂停中真实 R 事件重置且保持暂停
[PASS] R2-B 暂停中 R 重置位置 (dist=0.00)
[PASS] R2-B 真实 F3 事件开启调试显示
[PASS] R2-B 再次 F3 关闭调试显示
[PASS] Esc 暂停生效并显示暂停界面
[PASS] 恢复生效且带开炮宽限
=== 结果: 131 项检查, 0 失败 ===
CHECKS_PASS
