Godot Engine v4.7.2.stable.official.ed1daf0bf - https://godotengine.org

[PASS] actual village scene starts the same eight-vehicle match
[PASS] final roof and decoration world preserves the graybox road envelope
[PASS] HUD reads authored village geometry instead of graybox coordinates
[natural battle 5.1s] { "A": { "position": (-27.0, -0.019893, 116.0), "dead": false, "phase": "player", "drive": "player" }, "A2": { "position": (-17.02674, -0.019059, 105.3612), "dead": false, "phase": "patrol", "drive": "following" }, "A3": { "position": (17.02679, -0.019059, 105.3611), "dead": false, "phase": "patrol", "drive": "following" }, "A4": { "position": (34.63927, -0.019059, 105.5208), "dead": false, "phase": "patrol", "drive": "following" }, "B": { "position": (-34.63924, -0.019059, -105.5207), "dead": false, "phase": "patrol", "drive": "following" }, "B2": { "position": (-17.02681, -0.019056, -105.3611), "dead": false, "phase": "patrol", "drive": "following" }, "B3": { "position": (17.02676, -0.019059, -105.361), "dead": false, "phase": "patrol", "drive": "following" }, "B4": { "position": (34.6393, -0.019058, -105.5207), "dead": false, "phase": "patrol", "drive": "following" } }
[natural battle 20.2s] { "A": { "position": (-27.0, -0.019893, 116.0), "dead": false, "phase": "player", "drive": "player" }, "A2": { "position": (-71.58825, -0.019059, 103.9767), "dead": false, "phase": "patrol", "drive": "following" }, "A3": { "position": (71.58823, -0.01906, 103.9767), "dead": false, "phase": "patrol", "drive": "following" }, "A4": { "position": (72.07824, -0.019058, 87.34043), "dead": false, "phase": "observe", "drive": "following" }, "B": { "position": (-72.07756, -0.019058, -87.33714), "dead": false, "phase": "patrol", "drive": "following" }, "B2": { "position": (-71.58911, -0.019059, -103.9767), "dead": false, "phase": "patrol", "drive": "following" }, "B3": { "position": (71.58739, -0.019058, -103.9768), "dead": false, "phase": "patrol", "drive": "following" }, "B4": { "position": (72.0789, -0.019058, -87.34348), "dead": false, "phase": "observe", "drive": "following" } }
[natural battle 35.1s] { "A": { "position": (-27.0, -0.019893, 116.0), "dead": false, "phase": "player", "drive": "player" }, "A2": { "position": (-67.71631, -0.019058, 46.34761), "dead": false, "phase": "repair", "drive": "following" }, "A3": { "position": (61.62416, -0.019058, 39.8152), "dead": false, "phase": "engage", "drive": "yielding" }, "A4": { "position": (57.93954, -0.019058, 35.78407), "dead": false, "phase": "engage", "drive": "idle" }, "B": { "position": (-72.05502, -0.019058, -73.51273), "dead": false, "phase": "engage", "drive": "idle" }, "B2": { "position": (-72.00332, -0.019058, -93.97438), "dead": false, "phase": "patrol", "drive": "following" }, "B3": { "position": (71.91216, -0.019058, -51.30875), "dead": false, "phase": "engage", "drive": "idle" }, "B4": { "position": (47.33887, -0.019059, -25.1797), "dead": false, "phase": "engage", "drive": "following" } }
[natural battle 50.1s] { "A": { "position": (-27.0, -0.019893, 116.0), "dead": false, "phase": "player", "drive": "player" }, "A2": { "position": (-67.71171, -0.019058, 46.47543), "dead": false, "phase": "engage", "drive": "idle" }, "A3": { "position": (63.34896, -0.019058, 41.92303), "dead": false, "phase": "observe", "drive": "turn_recovery" }, "A4": { "position": (57.93954, -0.019058, 35.78407), "dead": false, "phase": "repair", "drive": "idle" }, "B": { "position": (-41.35705, -0.019058, -20.01872), "dead": false, "phase": "engage", "drive": "following" }, "B2": { "position": (-52.86978, -0.019058, -30.84891), "dead": false, "phase": "engage", "drive": "following" }, "B3": { "position": (71.91216, -0.019058, -51.30875), "dead": false, "phase": "repair", "drive": "idle" }, "B4": { "position": (9.19396, -0.019058, -6.45385), "dead": false, "phase": "engage", "drive": "arrived" } }
[natural battle 65.1s] { "A": { "position": (-27.0, -0.019893, 116.0), "dead": false, "phase": "player", "drive": "player" }, "A2": { "position": (-67.71171, -0.019058, 46.47543), "dead": false, "phase": "repair", "drive": "idle" }, "A3": { "position": (46.62642, -0.019058, 24.49915), "dead": false, "phase": "observe", "drive": "following" }, "A4": { "position": (30.60004, -0.019058, 15.31952), "dead": false, "phase": "engage", "drive": "following" }, "B": { "position": (-9.570612, -0.019058, -6.760727), "dead": false, "phase": "engage", "drive": "arrived" }, "B2": { "position": (3.454588, -0.019058, -7.375473), "dead": false, "phase": "engage", "drive": "reverse" }, "B3": { "position": (71.91216, -0.019058, -51.30875), "dead": false, "phase": "engage", "drive": "idle" }, "B4": { "position": (9.19396, -0.019058, -6.45385), "dead": false, "phase": "repair", "drive": "arrived" } }
[natural battle 80.1s] { "A": { "position": (-27.0, -0.019893, 116.0), "dead": false, "phase": "player", "drive": "player" }, "A2": { "position": (-67.71171, -0.019058, 46.47543), "dead": false, "phase": "engage", "drive": "idle" }, "A3": { "position": (5.921824, -0.019058, 9.666092), "dead": false, "phase": "repair", "drive": "following" }, "A4": { "position": (9.127991, -0.019058, 6.492004), "dead": true, "phase": "player", "drive": "player" }, "B": { "position": (-9.303812, -0.019058, -6.795258), "dead": false, "phase": "engage", "drive": "arrived" }, "B2": { "position": (-1.848953, -0.019058, -8.963455), "dead": false, "phase": "engage", "drive": "arrived" }, "B3": { "position": (41.18899, -0.019058, -20.18328), "dead": false, "phase": "engage", "drive": "following" }, "B4": { "position": (9.19396, -0.019058, -6.45385), "dead": false, "phase": "repair", "drive": "arrived" } }
[natural battle 95.1s] { "A": { "position": (-27.0, -0.019893, 116.0), "dead": false, "phase": "player", "drive": "player" }, "A2": { "position": (-43.4131, -0.019058, 21.48735), "dead": false, "phase": "engage", "drive": "following" }, "A3": { "position": (5.921824, -0.019058, 9.666092), "dead": true, "phase": "player", "drive": "player" }, "A4": { "position": (-35.81895, -0.019058, 108.3611), "dead": false, "phase": "patrol", "drive": "following" }, "B": { "position": (-9.122648, -0.019058, -6.841995), "dead": false, "phase": "patrol", "drive": "arrived" }, "B2": { "position": (-1.846561, -0.019058, -9.438263), "dead": false, "phase": "engage", "drive": "arrived" }, "B3": { "position": (4.218996, -0.019058, -9.381332), "dead": false, "phase": "engage", "drive": "arrived" }, "B4": { "position": (9.19396, -0.019058, -6.45385), "dead": false, "phase": "repair", "drive": "arrived" } }
[natural battle 110.1s] { "A": { "position": (-27.0, -0.019893, 116.0), "dead": false, "phase": "player", "drive": "player" }, "A2": { "position": (-4.207632, -0.019058, 9.192551), "dead": true, "phase": "player", "drive": "player" }, "A3": { "position": (-64.47601, -0.019059, 114.5046), "dead": false, "phase": "patrol", "drive": "following" }, "A4": { "position": (-72.13453, -0.019058, 84.81308), "dead": false, "phase": "engage", "drive": "following" }, "B": { "position": (-9.122648, -0.019058, -6.841995), "dead": false, "phase": "repair", "drive": "arrived" }, "B2": { "position": (-1.907529, -0.019058, -9.809982), "dead": false, "phase": "observe", "drive": "arrived" }, "B3": { "position": (4.145819, -0.019058, -9.564911), "dead": false, "phase": "patrol", "drive": "arrived" }, "B4": { "position": (9.281019, -0.019058, -6.547745), "dead": false, "phase": "patrol", "drive": "arrived" } }
[PASS] 120 seconds of normal eight-actor physics stays finite and within visible bounds
[PASS] all seven autonomous actors leave spawn and reach central approaches: ["A4", "B4", "A3", "B", "B2", "B3", "A2"]
[PASS] normal AI perception and projectile execution produce combat on the map: ["A2", "A4", "B4", "A3", "B3", "B", "B2"]
[PASS] T018-H02 actual projectile stops at visible spawn_screen_1
[PASS] T018-H02 actual projectile stops at visible house_1_1
[PASS] T018-H02 actual projectile stops at visible village_house_1
[PASS] T018-H02 actual projectile stops at visible cover_1
[PASS] T018-H02 actual projectile stops at visible fence_1
[PASS] T018-H02 actual projectile stops at visible boundary_x160
[PASS] T018-H02 actual projectile stops at visible roof
[PASS] short original grass has no physical or AI-only obstruction
[PASS] T018-H03 measured 140m clear main-route gun line side -1
[PASS] T018-H03 measured 140m clear main-route gun line side 1
[sightlines] two actual 140m clear main-route lines
[hill sightline] distance=93.5336380004883 endpoint=(-72.0, 2.4, -80.0)
[PASS] elevated western hill has a measured clear line to main-road approach -1
[hill sightline] distance=93.5336380004883 endpoint=(-72.0, 2.4, 80.0)
[PASS] elevated western hill has a measured clear line to main-road approach 1
[PASS] AppFlow normal team selection resolves the bundled village scene
[PASS] restart preserves selected village and creates a fresh match identity
[PASS] village scene cleanup returns to the ordinary garage
=== 结果: 21 项检查, 0 失败 ===
VILLAGE_BATTLE_CHECKS_PASS
