Godot Engine v4.7.2.stable.official.ed1daf0bf - https://godotengine.org

[PASS] actual village scene starts the same eight-vehicle match
[PASS] final roof and decoration world preserves the graybox road envelope
[PASS] HUD reads authored village geometry instead of graybox coordinates
[natural battle 5.1s] { "A": { "position": (-27.0, -0.019893, 116.0), "dead": false, "phase": "player", "drive": "player" }, "A2": { "position": (-15.3883, 0.007833, 105.1616), "dead": false, "phase": "patrol", "drive": "following" }, "A3": { "position": (15.38869, 0.007833, 105.1615), "dead": false, "phase": "patrol", "drive": "following" }, "A4": { "position": (33.21067, 0.006275, 105.2217), "dead": false, "phase": "patrol", "drive": "following" }, "B": { "position": (-33.21066, 0.006275, -105.2217), "dead": false, "phase": "patrol", "drive": "following" }, "B2": { "position": (-15.38873, 0.007833, -105.1616), "dead": false, "phase": "patrol", "drive": "following" }, "B3": { "position": (15.38869, 0.007833, -105.1616), "dead": false, "phase": "patrol", "drive": "following" }, "B4": { "position": (33.21012, 0.006275, -105.2217), "dead": false, "phase": "patrol", "drive": "following" } }
[natural battle 20.2s] { "A": { "position": (-27.0, -0.019893, 116.0), "dead": false, "phase": "player", "drive": "player" }, "A2": { "position": (-70.98162, 0.021072, 113.8606), "dead": false, "phase": "patrol", "drive": "following" }, "A3": { "position": (70.98154, 0.021072, 113.8605), "dead": false, "phase": "patrol", "drive": "following" }, "A4": { "position": (71.9928, 0.010362, 94.81216), "dead": false, "phase": "patrol", "drive": "following" }, "B": { "position": (-71.99279, 0.010364, -94.8119), "dead": false, "phase": "patrol", "drive": "following" }, "B2": { "position": (-70.99817, 0.018608, -113.6562), "dead": false, "phase": "patrol", "drive": "following" }, "B3": { "position": (70.98088, 0.021072, -113.8606), "dead": false, "phase": "patrol", "drive": "following" }, "B4": { "position": (71.99283, 0.010362, -94.81247), "dead": false, "phase": "patrol", "drive": "following" } }
[natural battle 35.1s] { "A": { "position": (-27.0, -0.019893, 116.0), "dead": false, "phase": "player", "drive": "player" }, "A2": { "position": (-72.10621, -0.019058, 77.52321), "dead": false, "phase": "engage", "drive": "idle" }, "A3": { "position": (72.10894, 0.002703, 82.37505), "dead": false, "phase": "patrol", "drive": "reverse" }, "A4": { "position": (72.0965, -0.019485, 76.16161), "dead": false, "phase": "engage", "drive": "idle" }, "B": { "position": (-72.0753, -0.019058, -74.78345), "dead": false, "phase": "repair", "drive": "idle" }, "B2": { "position": (-71.98354, -0.019323, -95.30032), "dead": false, "phase": "repair", "drive": "following" }, "B3": { "position": (72.10772, 0.00262, -82.53604), "dead": false, "phase": "patrol", "drive": "reverse" }, "B4": { "position": (72.09758, -0.019058, -76.28917), "dead": false, "phase": "engage", "drive": "idle" } }
[natural battle 50.1s] { "A": { "position": (-27.0, -0.019893, 116.0), "dead": false, "phase": "player", "drive": "player" }, "A2": { "position": (-61.54509, 0.006097, 39.81487), "dead": false, "phase": "engage", "drive": "following" }, "A3": { "position": (71.90204, -0.019058, 77.05457), "dead": false, "phase": "engage", "drive": "idle" }, "A4": { "position": (71.84415, -0.019254, 52.79258), "dead": false, "phase": "repair", "drive": "following" }, "B": { "position": (-72.0753, -0.019058, -74.78345), "dead": false, "phase": "repair", "drive": "idle" }, "B2": { "position": (-72.11254, -0.019539, -80.27246), "dead": false, "phase": "repair", "drive": "yielding" }, "B3": { "position": (72.08673, -0.011765, -61.55824), "dead": false, "phase": "engage", "drive": "following" }, "B4": { "position": (60.29958, -0.018991, -38.61855), "dead": false, "phase": "repair", "drive": "idle" } }
[natural battle 65.1s] { "A": { "position": (-27.0, -0.019893, 116.0), "dead": false, "phase": "player", "drive": "player" }, "A2": { "position": (-33.58154, -0.019757, 17.78168), "dead": false, "phase": "engage", "drive": "idle" }, "A3": { "position": (71.90589, -0.019058, 77.09282), "dead": false, "phase": "repair", "drive": "idle" }, "A4": { "position": (71.92558, -0.019058, 53.42735), "dead": false, "phase": "engage", "drive": "idle" }, "B": { "position": (-72.16368, -0.019058, -75.04128), "dead": false, "phase": "engage", "drive": "idle" }, "B2": { "position": (-72.21886, -0.019147, -80.51161), "dead": false, "phase": "engage", "drive": "yielding" }, "B3": { "position": (65.87766, 0.007621, -44.65694), "dead": false, "phase": "engage", "drive": "turn_recovery" }, "B4": { "position": (60.29958, -0.018991, -38.61855), "dead": false, "phase": "repair", "drive": "idle" } }
[natural battle 80.1s] { "A": { "position": (-27.0, -0.019893, 116.0), "dead": false, "phase": "player", "drive": "player" }, "A2": { "position": (-33.58154, -0.019757, 17.78168), "dead": false, "phase": "engage", "drive": "idle" }, "A3": { "position": (65.98717, 0.010561, 44.48894), "dead": false, "phase": "engage", "drive": "following" }, "A4": { "position": (59.83572, -0.019727, 37.95323), "dead": false, "phase": "engage", "drive": "idle" }, "B": { "position": (-71.9617, -0.005534, -59.88178), "dead": false, "phase": "engage", "drive": "following" }, "B2": { "position": (-74.74122, 0.014016, -105.9464), "dead": false, "phase": "engage", "drive": "following" }, "B3": { "position": (72.02565, -0.019855, -70.75928), "dead": false, "phase": "repair", "drive": "following" }, "B4": { "position": (60.29958, -0.018991, -38.61855), "dead": false, "phase": "repair", "drive": "idle" } }
[natural battle 95.1s] { "A": { "position": (-27.0, -0.019893, 116.0), "dead": false, "phase": "player", "drive": "player" }, "A2": { "position": (-33.52681, -0.019058, 17.89725), "dead": false, "phase": "repair", "drive": "idle" }, "A3": { "position": (71.01134, -0.006358, 49.19138), "dead": false, "phase": "engage", "drive": "following" }, "A4": { "position": (59.83572, -0.019727, 37.95323), "dead": false, "phase": "engage", "drive": "idle" }, "B": { "position": (-31.64171, 0.003179, -15.84296), "dead": false, "phase": "observe", "drive": "following" }, "B2": { "position": (-71.93723, 0.015928, -50.98991), "dead": false, "phase": "engage", "drive": "following" }, "B3": { "position": (59.02108, 0.00577, -116.0838), "dead": false, "phase": "observe", "drive": "following" }, "B4": { "position": (60.29958, -0.018991, -38.61855), "dead": false, "phase": "repair", "drive": "idle" } }
[natural battle 110.1s] { "A": { "position": (-27.0, -0.019893, 116.0), "dead": false, "phase": "player", "drive": "player" }, "A2": { "position": (-33.52681, -0.019058, 17.89725), "dead": false, "phase": "repair", "drive": "idle" }, "A3": { "position": (71.77209, 0.019808, 74.94537), "dead": false, "phase": "search", "drive": "following" }, "A4": { "position": (57.44883, 0.00751, 35.44414), "dead": false, "phase": "engage", "drive": "following" }, "B": { "position": (-9.194983, -0.019732, -6.451248), "dead": false, "phase": "engage", "drive": "arrived" }, "B2": { "position": (-23.33701, 0.019126, -15.0707), "dead": false, "phase": "search", "drive": "following" }, "B3": { "position": (47.32534, 0.014036, -117.2544), "dead": false, "phase": "patrol", "drive": "following" }, "B4": { "position": (-32.39725, -0.014466, -105.118), "dead": false, "phase": "patrol", "drive": "following" } }
[PASS] 120 seconds of normal eight-actor physics stays finite and within visible bounds
[PASS] all seven autonomous actors leave spawn and reach central approaches: ["B4", "A2", "B3", "A4", "A3", "B", "B2"]
[PASS] normal AI perception and projectile execution produce combat on the map: ["A2", "A4", "B", "B4", "A3", "B3", "B2"]
[PASS] T018-H02 actual projectile stops at visible spawn_screen_1
[PASS] T018-H02 actual projectile stops at visible house_1_1
[PASS] T018-H02 actual projectile stops at visible village_house_1
[PASS] T018-H02 actual projectile stops at visible cover_1
[PASS] T018-H02 actual projectile stops at visible fence_1
[PASS] T018-H02 actual projectile stops at visible boundary_x160
[PASS] T018-H02 actual projectile stops at visible roof
[PASS] short original grass has no physical or AI-only obstruction
[PASS] T018-H03 measured 140m clear main-route gun line side -1
[PASS] T018-H03 measured 140m clear main-route gun line side 1
[sightlines] two actual 140m clear main-route lines
[hill sightline] distance=93.5336380004883 endpoint=(-72.0, 2.4, -80.0)
[PASS] elevated western hill has a measured clear line to main-road approach -1
[hill sightline] distance=93.5336380004883 endpoint=(-72.0, 2.4, 80.0)
[PASS] elevated western hill has a measured clear line to main-road approach 1
[PASS] AppFlow normal team selection resolves the bundled village scene
[PASS] restart preserves selected village and creates a fresh match identity
[PASS] village scene cleanup returns to the ordinary garage
=== 结果: 21 项检查, 0 失败 ===
VILLAGE_BATTLE_CHECKS_PASS
