Godot Engine v4.7.2.stable.official.ed1daf0bf - https://godotengine.org
OpenGL API 3.3.0 NVIDIA 591.86 - Compatibility - Using Device: NVIDIA - NVIDIA GeForce RTX 4070 SUPER

[PASS] actual exported window capture 01_exported_garage
[PASS] normal exported garage click starts player plus seven AI
[PASS] actual exported window capture 02_countdown
[normal player 0.0s] tickets={ 1: 300, 2: 300 } deaths=0 player_shots=0 position=(-27.0, 0.025, 116.0)
[normal player 15.0s] tickets={ 1: 300, 2: 300 } deaths=0 player_shots=0 position=(-114.2739, -0.019058, 71.5387)
[PASS] actual exported window capture 04_hill_flank
[PASS] actual exported window capture 03_first_real_shot
[PASS] actual exported window capture 05_actual_repair
[normal player 30.0s] tickets={ 1: 300, 2: 300 } deaths=0 player_shots=4 position=(-119.8879, 6.360453, -5.960236)
[normal player 45.0s] tickets={ 1: 300, 2: 270 } deaths=0 player_shots=11 position=(-119.8811, 6.360659, -5.960457)
[normal player 60.1s] tickets={ 1: 300, 2: 268 } deaths=0 player_shots=14 position=(-119.8384, 6.368178, -5.903436)
[PASS] actual exported window capture 06_death_lineup
[PASS] actual exported window capture 07_redeployed
[normal player 75.1s] tickets={ 1: 270, 2: 253 } deaths=1 player_shots=15 position=(-27.45977, -0.019058, 115.9879)
[normal player 90.1s] tickets={ 1: 270, 2: 238 } deaths=1 player_shots=19 position=(-119.8539, -0.019058, 62.69268)
[normal player 105.1s] tickets={ 1: 270, 2: 223 } deaths=1 player_shots=24 position=(-97.33772, 1.984168, -22.80011)
[normal player 120.2s] tickets={ 1: 270, 2: 208 } deaths=1 player_shots=30 position=(-31.58943, -0.019058, -12.25664)
[normal player 135.2s] tickets={ 1: 270, 2: 193 } deaths=1 player_shots=30 position=(-7.213676, -0.019058, 6.6698)
[normal player 150.2s] tickets={ 1: 240, 2: 178 } deaths=2 player_shots=30 position=(-27.0, -0.019893, 116.0)
[normal player 165.3s] tickets={ 1: 210, 2: 133 } deaths=2 player_shots=35 position=(-115.9733, -0.019058, 69.35058)
[normal player 180.3s] tickets={ 1: 210, 2: 118 } deaths=2 player_shots=40 position=(-90.49794, 0.4437, -29.67665)
[normal player 195.3s] tickets={ 1: 150, 2: 103 } deaths=3 player_shots=42 position=(-47.7019, -0.019058, -27.35481)
[normal player 210.3s] tickets={ 1: 150, 2: 64 } deaths=3 player_shots=42 position=(-57.91011, -0.019058, 115.8551)
[normal player 225.4s] tickets={ 1: 150, 2: 64 } deaths=3 player_shots=49 position=(-120.1228, -0.019058, 55.28091)
[normal player 240.7s] tickets={ 1: 143, 2: 64 } deaths=3 player_shots=53 position=(-97.76328, 3.134897, -15.65605)
[normal player 255.8s] tickets={ 1: 98, 2: 64 } deaths=4 player_shots=53 position=(-49.33343, -0.019058, 115.9969)
[normal player 270.9s] tickets={ 1: 83, 2: 64 } deaths=4 player_shots=59 position=(-120.3942, 0.417836, 38.98611)
[normal player 286.0s] tickets={ 1: 68, 2: 34 } deaths=4 player_shots=65 position=(-101.5143, 4.595193, -9.833496)
[normal player 301.1s] tickets={ 1: 56, 2: 4 } deaths=4 player_shots=65 position=(-101.5006, 4.592654, -9.834091)
[PASS] T019-H01 normal player session naturally reaches one real result
[PASS] actual death/ordinary abandon and eight-second redeploy occurred in the full session
[PASS] player used ordinary mouse fire during the match
[PASS] actual exported window capture 08_actual_match_result
[PASS] normal result button starts a second match with correct player binding
[PASS] actual exported window capture 09_second_match
[PASS] normal pause return cleans second battle and restores garage
[PASS] actual exported window capture 10_returned_garage
=== 结果: 16 项检查, 0 失败 ===
TEAM_SLICE_PLAYER_CHECKS_PASS
