E:\AIprogram\mcthunder-development\authoring\vehicles\build_models.py:27: DeprecationWarning: 'Material.use_nodes' is expected to be removed in Blender 6.0
  m.use_nodes = True
Info: Saved as "us_m24_m6_t85e1_1951.blend"
INFO Draco is available, use library at E:\blender\5.2\scripts\addons_core\io_scene_gltf2\bf_intern_draco_bridge.dll
INFO MeshOptimizer is available, use library at E:\blender\5.2\scripts\addons_core\io_scene_gltf2\bf_intern_meshopt_bridge.dll
01:38:05 | INFO: Starting glTF 2.0 export
01:38:05 | INFO: Extracting primitive: Armor_floor_front
01:38:05 | INFO: Primitives created: 1
01:38:05 | INFO: Extracting primitive: Armor_floor_rear
01:38:05 | INFO: Primitives created: 1
01:38:05 | INFO: Extracting primitive: Armor_hull_0_0
01:38:05 | INFO: Primitives created: 1
01:38:05 | INFO: Extracting primitive: Armor_hull_0_1
01:38:05 | INFO: Primitives created: 1
01:38:05 | INFO: Extracting primitive: Armor_hull_0_2
01:38:05 | INFO: Primitives created: 1
01:38:05 | INFO: Extracting primitive: Armor_hull_0_3
01:38:05 | INFO: Primitives created: 1
01:38:05 | INFO: Extracting primitive: Armor_hull_0_4
01:38:05 | INFO: Primitives created: 1
01:38:05 | INFO: Extracting primitive: Armor_hull_0_5
01:38:05 | INFO: Primitives created: 1
01:38:05 | INFO: Extracting primitive: Armor_hull_0_6
01:38:05 | INFO: Primitives created: 1
01:38:05 | INFO: Extracting primitive: Armor_hull_0_7
01:38:05 | INFO: Primitives created: 1
01:38:05 | INFO: Extracting primitive: Armor_hull_1_0
01:38:05 | INFO: Primitives created: 1
01:38:05 | INFO: Extracting primitive: Armor_hull_1_1
01:38:05 | INFO: Primitives created: 1
01:38:05 | INFO: Extracting primitive: Armor_hull_1_2
01:38:05 | INFO: Primitives created: 1
01:38:05 | INFO: Extracting primitive: Armor_hull_1_3
01:38:05 | INFO: Primitives created: 1
01:38:05 | INFO: Extracting primitive: Armor_hull_1_4
01:38:05 | INFO: Primitives created: 1
01:38:05 | INFO: Extracting primitive: Armor_hull_1_5
01:38:05 | INFO: Primitives created: 1
01:38:05 | INFO: Extracting primitive: Armor_hull_1_6
01:38:05 | INFO: Primitives created: 1
01:38:05 | INFO: Extracting primitive: Armor_hull_1_7
01:38:05 | INFO: Primitives created: 1
01:38:05 | INFO: Extracting primitive: Armor_hull_roof_0
01:38:05 | INFO: Primitives created: 1
01:38:05 | INFO: Extracting primitive: Armor_hull_roof_1
01:38:05 | INFO: Primitives created: 1
01:38:05 | INFO: Extracting primitive: Armor_hull_roof_2
01:38:05 | INFO: Primitives created: 1
01:38:05 | INFO: Extracting primitive: Armor_hull_roof_3
01:38:05 | INFO: Primitives created: 1
01:38:05 | INFO: Extracting primitive: Armor_hull_roof_4
01:38:05 | INFO: Primitives created: 1
01:38:05 | INFO: Extracting primitive: Armor_hull_roof_5
01:38:05 | INFO: Primitives created: 1
01:38:05 | INFO: Extracting primitive: Armor_hull_roof_6
01:38:05 | INFO: Primitives created: 1
01:38:05 | INFO: Extracting primitive: Armor_hull_roof_7
01:38:05 | INFO: Primitives created: 1
01:38:05 | INFO: Extracting primitive: Cosmetic_hull_Canvas
01:38:05 | INFO: Primitives created: 1
01:38:05 | INFO: Extracting primitive: Cosmetic_hull_Dark
01:38:05 | INFO: Primitives created: 1
01:38:05 | INFO: Extracting primitive: Cosmetic_hull_Edge
01:38:05 | INFO: Primitives created: 1
01:38:05 | INFO: Extracting primitive: Cosmetic_hull_Glass
01:38:05 | INFO: Primitives created: 1
01:38:05 | INFO: Extracting primitive: Cosmetic_hull_Olive
01:38:05 | INFO: Primitives created: 1
01:38:05 | INFO: Extracting primitive: Cosmetic_hull_Rubber
01:38:05 | INFO: Primitives created: 1
01:38:05 | INFO: Extracting primitive: Cosmetic_hull_Steel
01:38:05 | INFO: Primitives created: 1
01:38:05 | INFO: Extracting primitive: Armor_turret_front_0
01:38:05 | INFO: Primitives created: 1
01:38:05 | INFO: Extracting primitive: Armor_turret_front_1
01:38:05 | INFO: Primitives created: 1
01:38:05 | INFO: Extracting primitive: Armor_turret_front_2
01:38:05 | INFO: Primitives created: 1
01:38:05 | INFO: Extracting primitive: Armor_turret_front_3
01:38:05 | INFO: Primitives created: 1
01:38:05 | INFO: Extracting primitive: Armor_turret_roof
01:38:05 | INFO: Primitives created: 1
01:38:05 | INFO: Extracting primitive: Armor_turret_wall_1
01:38:05 | INFO: Primitives created: 1
01:38:05 | INFO: Extracting primitive: Armor_turret_wall_2
01:38:05 | INFO: Primitives created: 1
01:38:05 | INFO: Extracting primitive: Armor_turret_wall_3
01:38:05 | INFO: Primitives created: 1
01:38:05 | INFO: Extracting primitive: Armor_turret_wall_4
01:38:05 | INFO: Primitives created: 1
01:38:05 | INFO: Extracting primitive: Armor_turret_wall_5
01:38:05 | INFO: Primitives created: 1
01:38:05 | INFO: Extracting primitive: Armor_turret_wall_6
01:38:05 | INFO: Primitives created: 1
01:38:05 | INFO: Extracting primitive: Armor_turret_wall_7
01:38:05 | INFO: Primitives created: 1
01:38:05 | INFO: Extracting primitive: Armor_mantlet_0
01:38:05 | INFO: Primitives created: 1
01:38:05 | INFO: Extracting primitive: Armor_mantlet_1
01:38:05 | INFO: Primitives created: 1
01:38:05 | INFO: Extracting primitive: Armor_mantlet_2
01:38:05 | INFO: Primitives created: 1
01:38:05 | INFO: Extracting primitive: Armor_mantlet_3
01:38:05 | INFO: Primitives created: 1
01:38:05 | INFO: Extracting primitive: Cosmetic_barrel_Edge
01:38:05 | INFO: Primitives created: 1
01:38:05 | INFO: Extracting primitive: Cosmetic_gun_recoil_Dark
01:38:05 | INFO: Primitives created: 1
01:38:05 | INFO: Extracting primitive: Cosmetic_gun_recoil_Olive
01:38:05 | INFO: Primitives created: 1
01:38:05 | INFO: Extracting primitive: Cosmetic_gun_recoil_Steel
01:38:05 | INFO: Primitives created: 1
01:38:05 | INFO: Extracting primitive: Cosmetic_turret_Dark
01:38:05 | INFO: Primitives created: 1
01:38:05 | INFO: Extracting primitive: Cosmetic_turret_Edge
01:38:05 | INFO: Primitives created: 1
01:38:05 | INFO: Extracting primitive: Cosmetic_turret_Glass
01:38:05 | INFO: Primitives created: 1
01:38:05 | INFO: Extracting primitive: Cosmetic_turret_Olive
01:38:05 | INFO: Primitives created: 1
01:38:05 | INFO: Extracting primitive: Cosmetic_turret_Steel
01:38:05 | INFO: Primitives created: 1
01:38:05 | INFO: Finished glTF 2.0 export in 0.08959841728210449 s
E:\AIprogram\mcthunder-development\authoring\vehicles\build_models.py:27: DeprecationWarning: 'Material.use_nodes' is expected to be removed in Blender 6.0
  m.use_nodes = True

BLENDER_MODEL_PASS us_m24_m6_t85e1_1951
Info: Saved as "us_m26_m3_1945.blend"
01:38:06 | INFO: Starting glTF 2.0 export
01:38:06 | INFO: Extracting primitive: Armor_floor_front
01:38:06 | INFO: Primitives created: 1
01:38:06 | INFO: Extracting primitive: Armor_floor_rear
01:38:06 | INFO: Primitives created: 1
01:38:06 | INFO: Extracting primitive: Armor_hull_0_0
01:38:06 | INFO: Primitives created: 1
01:38:06 | INFO: Extracting primitive: Armor_hull_0_1
01:38:06 | INFO: Primitives created: 1
01:38:06 | INFO: Extracting primitive: Armor_hull_0_2
01:38:06 | INFO: Primitives created: 1
01:38:06 | INFO: Extracting primitive: Armor_hull_0_3
01:38:06 | INFO: Primitives created: 1
01:38:06 | INFO: Extracting primitive: Armor_hull_0_4
01:38:06 | INFO: Primitives created: 1
01:38:06 | INFO: Extracting primitive: Armor_hull_0_5
01:38:06 | INFO: Primitives created: 1
01:38:06 | INFO: Extracting primitive: Armor_hull_0_6
01:38:06 | INFO: Primitives created: 1
01:38:06 | INFO: Extracting primitive: Armor_hull_0_7
01:38:06 | INFO: Primitives created: 1
01:38:06 | INFO: Extracting primitive: Armor_hull_1_0
01:38:06 | INFO: Primitives created: 1
01:38:06 | INFO: Extracting primitive: Armor_hull_1_1
01:38:06 | INFO: Primitives created: 1
01:38:06 | INFO: Extracting primitive: Armor_hull_1_2
01:38:06 | INFO: Primitives created: 1
01:38:06 | INFO: Extracting primitive: Armor_hull_1_3
01:38:06 | INFO: Primitives created: 1
01:38:06 | INFO: Extracting primitive: Armor_hull_1_4
01:38:06 | INFO: Primitives created: 1
01:38:06 | INFO: Extracting primitive: Armor_hull_1_5
01:38:06 | INFO: Primitives created: 1
01:38:06 | INFO: Extracting primitive: Armor_hull_1_6
01:38:06 | INFO: Primitives created: 1
01:38:06 | INFO: Extracting primitive: Armor_hull_1_7
01:38:06 | INFO: Primitives created: 1
01:38:06 | INFO: Extracting primitive: Armor_hull_roof_0
01:38:06 | INFO: Primitives created: 1
01:38:06 | INFO: Extracting primitive: Armor_hull_roof_1
01:38:06 | INFO: Primitives created: 1
01:38:06 | INFO: Extracting primitive: Armor_hull_roof_2
01:38:06 | INFO: Primitives created: 1
01:38:06 | INFO: Extracting primitive: Armor_hull_roof_3
01:38:06 | INFO: Primitives created: 1
01:38:06 | INFO: Extracting primitive: Armor_hull_roof_4
01:38:06 | INFO: Primitives created: 1
01:38:06 | INFO: Extracting primitive: Armor_hull_roof_5
01:38:06 | INFO: Primitives created: 1
01:38:06 | INFO: Extracting primitive: Armor_hull_roof_6
01:38:06 | INFO: Primitives created: 1
01:38:06 | INFO: Extracting primitive: Armor_hull_roof_7
01:38:06 | INFO: Primitives created: 1
01:38:06 | INFO: Extracting primitive: Cosmetic_hull_Canvas
01:38:06 | INFO: Primitives created: 1
01:38:06 | INFO: Extracting primitive: Cosmetic_hull_Dark
01:38:06 | INFO: Primitives created: 1
01:38:06 | INFO: Extracting primitive: Cosmetic_hull_Edge
01:38:06 | INFO: Primitives created: 1
01:38:06 | INFO: Extracting primitive: Cosmetic_hull_Glass
01:38:06 | INFO: Primitives created: 1
01:38:06 | INFO: Extracting primitive: Cosmetic_hull_Olive
01:38:06 | INFO: Primitives created: 1
01:38:06 | INFO: Extracting primitive: Cosmetic_hull_Rubber
01:38:06 | INFO: Primitives created: 1
01:38:06 | INFO: Extracting primitive: Cosmetic_hull_Steel
01:38:06 | INFO: Primitives created: 1
01:38:06 | INFO: Extracting primitive: Armor_turret_front_0
01:38:06 | INFO: Primitives created: 1
01:38:06 | INFO: Extracting primitive: Armor_turret_front_1
01:38:06 | INFO: Primitives created: 1
01:38:06 | INFO: Extracting primitive: Armor_turret_front_2
01:38:06 | INFO: Primitives created: 1
01:38:06 | INFO: Extracting primitive: Armor_turret_front_3
01:38:06 | INFO: Primitives created: 1
01:38:06 | INFO: Extracting primitive: Armor_turret_roof
01:38:06 | INFO: Primitives created: 1
01:38:06 | INFO: Extracting primitive: Armor_turret_wall_1
01:38:06 | INFO: Primitives created: 1
01:38:06 | INFO: Extracting primitive: Armor_turret_wall_2
01:38:06 | INFO: Primitives created: 1
01:38:06 | INFO: Extracting primitive: Armor_turret_wall_3
01:38:06 | INFO: Primitives created: 1
01:38:06 | INFO: Extracting primitive: Armor_turret_wall_4
01:38:06 | INFO: Primitives created: 1
01:38:06 | INFO: Extracting primitive: Armor_turret_wall_5
01:38:06 | INFO: Primitives created: 1
01:38:06 | INFO: Extracting primitive: Armor_turret_wall_6
01:38:06 | INFO: Primitives created: 1
01:38:06 | INFO: Extracting primitive: Armor_turret_wall_7
01:38:06 | INFO: Primitives created: 1
01:38:06 | INFO: Extracting primitive: Armor_turret_wall_8
01:38:06 | INFO: Primitives created: 1
01:38:06 | INFO: Extracting primitive: Armor_turret_wall_9
01:38:06 | INFO: Primitives created: 1
01:38:06 | INFO: Extracting primitive: Armor_turret_wall_10
01:38:06 | INFO: Primitives created: 1
01:38:06 | INFO: Extracting primitive: Armor_turret_wall_11
01:38:06 | INFO: Primitives created: 1
01:38:06 | INFO: Extracting primitive: Armor_turret_wall_12
01:38:06 | INFO: Primitives created: 1
01:38:06 | INFO: Extracting primitive: Armor_turret_wall_13
01:38:06 | INFO: Primitives created: 1
01:38:06 | INFO: Extracting primitive: Armor_mantlet_0
01:38:06 | INFO: Primitives created: 1
01:38:06 | INFO: Extracting primitive: Armor_mantlet_1
01:38:06 | INFO: Primitives created: 1
01:38:06 | INFO: Extracting primitive: Armor_mantlet_2
01:38:06 | INFO: Primitives created: 1
01:38:06 | INFO: Extracting primitive: Armor_mantlet_3
01:38:06 | INFO: Primitives created: 1
01:38:06 | INFO: Extracting primitive: Cosmetic_barrel_Edge
01:38:06 | INFO: Primitives created: 1
01:38:06 | INFO: Extracting primitive: Cosmetic_gun_recoil_Dark
01:38:06 | INFO: Primitives created: 1
01:38:06 | INFO: Extracting primitive: Cosmetic_gun_recoil_Olive
01:38:06 | INFO: Primitives created: 1
01:38:06 | INFO: Extracting primitive: Cosmetic_gun_recoil_Steel
01:38:06 | INFO: Primitives created: 1
01:38:06 | INFO: Extracting primitive: Cosmetic_turret_Dark
01:38:06 | INFO: Primitives created: 1
01:38:06 | INFO: Extracting primitive: Cosmetic_turret_Edge
01:38:06 | INFO: Primitives created: 1
01:38:06 | INFO: Extracting primitive: Cosmetic_turret_Glass
01:38:06 | INFO: Primitives created: 1
01:38:06 | INFO: Extracting primitive: Cosmetic_turret_Olive
01:38:06 | INFO: Primitives created: 1
01:38:06 | INFO: Extracting primitive: Cosmetic_turret_Steel
01:38:06 | INFO: Primitives created: 1
01:38:06 | INFO: Finished glTF 2.0 export in 0.08994317054748535 s

BLENDER_MODEL_PASS us_m26_m3_1945
Info: Saved as "us_m36_m4a1_1945.blend"
01:38:06 | INFO: Starting glTF 2.0 export
01:38:06 | INFO: Extracting primitive: Armor_floor_front
01:38:06 | INFO: Primitives created: 1
01:38:06 | INFO: Extracting primitive: Armor_floor_rear
01:38:06 | INFO: Primitives created: 1
01:38:06 | INFO: Extracting primitive: Armor_hull_0_0
01:38:06 | INFO: Primitives created: 1
01:38:06 | INFO: Extracting primitive: Armor_hull_0_1
01:38:06 | INFO: Primitives created: 1
01:38:06 | INFO: Extracting primitive: Armor_hull_0_2
01:38:06 | INFO: Primitives created: 1
01:38:06 | INFO: Extracting primitive: Armor_hull_0_3
01:38:06 | INFO: Primitives created: 1
01:38:06 | INFO: Extracting primitive: Armor_hull_0_4
01:38:06 | INFO: Primitives created: 1
01:38:06 | INFO: Extracting primitive: Armor_hull_0_5
01:38:06 | INFO: Primitives created: 1
01:38:06 | INFO: Extracting primitive: Armor_hull_0_6
01:38:06 | INFO: Primitives created: 1
01:38:06 | INFO: Extracting primitive: Armor_hull_0_7
01:38:06 | INFO: Primitives created: 1
01:38:06 | INFO: Extracting primitive: Armor_hull_1_0
01:38:06 | INFO: Primitives created: 1
01:38:06 | INFO: Extracting primitive: Armor_hull_1_1
01:38:06 | INFO: Primitives created: 1
01:38:06 | INFO: Extracting primitive: Armor_hull_1_2
01:38:06 | INFO: Primitives created: 1
01:38:06 | INFO: Extracting primitive: Armor_hull_1_3
01:38:06 | INFO: Primitives created: 1
01:38:06 | INFO: Extracting primitive: Armor_hull_1_4
01:38:06 | INFO: Primitives created: 1
01:38:06 | INFO: Extracting primitive: Armor_hull_1_5
01:38:06 | INFO: Primitives created: 1
01:38:06 | INFO: Extracting primitive: Armor_hull_1_6
01:38:06 | INFO: Primitives created: 1
01:38:06 | INFO: Extracting primitive: Armor_hull_1_7
01:38:06 | INFO: Primitives created: 1
01:38:06 | INFO: Extracting primitive: Armor_hull_roof_0
01:38:06 | INFO: Primitives created: 1
01:38:06 | INFO: Extracting primitive: Armor_hull_roof_1
01:38:06 | INFO: Primitives created: 1
01:38:06 | INFO: Extracting primitive: Armor_hull_roof_2
01:38:06 | INFO: Primitives created: 1
01:38:06 | INFO: Extracting primitive: Armor_hull_roof_3
01:38:06 | INFO: Primitives created: 1
01:38:06 | INFO: Extracting primitive: Armor_hull_roof_4
01:38:06 | INFO: Primitives created: 1
01:38:06 | INFO: Extracting primitive: Armor_hull_roof_5
01:38:06 | INFO: Primitives created: 1
01:38:06 | INFO: Extracting primitive: Armor_hull_roof_6
01:38:06 | INFO: Primitives created: 1
01:38:06 | INFO: Extracting primitive: Armor_hull_roof_7
01:38:06 | INFO: Primitives created: 1
01:38:06 | INFO: Extracting primitive: Cosmetic_hull_Canvas
01:38:06 | INFO: Primitives created: 1
01:38:06 | INFO: Extracting primitive: Cosmetic_hull_Dark
01:38:06 | INFO: Primitives created: 1
01:38:06 | INFO: Extracting primitive: Cosmetic_hull_Edge
01:38:06 | INFO: Primitives created: 1
01:38:06 | INFO: Extracting primitive: Cosmetic_hull_Glass
01:38:06 | INFO: Primitives created: 1
01:38:06 | INFO: Extracting primitive: Cosmetic_hull_Olive
01:38:06 | INFO: Primitives created: 1
01:38:06 | INFO: Extracting primitive: Cosmetic_hull_Rubber
01:38:06 | INFO: Primitives created: 1
01:38:06 | INFO: Extracting primitive: Cosmetic_hull_Steel
01:38:06 | INFO: Primitives created: 1
01:38:06 | INFO: Extracting primitive: Armor_turret_front_0
01:38:06 | INFO: Primitives created: 1
01:38:06 | INFO: Extracting primitive: Armor_turret_front_1
01:38:06 | INFO: Primitives created: 1
01:38:06 | INFO: Extracting primitive: Armor_turret_front_2
01:38:06 | INFO: Primitives created: 1
01:38:06 | INFO: Extracting primitive: Armor_turret_front_3
01:38:06 | INFO: Primitives created: 1
01:38:06 | INFO: Extracting primitive: Armor_turret_wall_1
01:38:06 | INFO: Primitives created: 1
01:38:06 | INFO: Extracting primitive: Armor_turret_wall_2
01:38:06 | INFO: Primitives created: 1
01:38:06 | INFO: Extracting primitive: Armor_turret_wall_3
01:38:06 | INFO: Primitives created: 1
01:38:06 | INFO: Extracting primitive: Armor_turret_wall_4
01:38:06 | INFO: Primitives created: 1
01:38:06 | INFO: Extracting primitive: Armor_turret_wall_5
01:38:06 | INFO: Primitives created: 1
01:38:06 | INFO: Extracting primitive: Armor_turret_wall_6
01:38:06 | INFO: Primitives created: 1
01:38:06 | INFO: Extracting primitive: Armor_turret_wall_7
01:38:06 | INFO: Primitives created: 1
01:38:06 | INFO: Extracting primitive: Armor_mantlet_0
01:38:06 | INFO: Primitives created: 1
01:38:06 | INFO: Extracting primitive: Armor_mantlet_1
01:38:06 | INFO: Primitives created: 1
01:38:06 | INFO: Extracting primitive: Armor_mantlet_2
01:38:06 | INFO: Primitives created: 1
01:38:06 | INFO: Extracting primitive: Armor_mantlet_3
01:38:06 | INFO: Primitives created: 1
01:38:06 | INFO: Extracting primitive: Cosmetic_barrel_Edge
01:38:06 | INFO: Primitives created: 1
01:38:06 | INFO: Extracting primitive: Cosmetic_barrel_Steel
01:38:06 | INFO: Primitives created: 1
01:38:06 | INFO: Extracting primitive: Cosmetic_gun_recoil_Dark
01:38:06 | INFO: Primitives created: 1
01:38:06 | INFO: Extracting primitive: Cosmetic_gun_recoil_Olive
01:38:06 | INFO: Primitives created: 1
01:38:06 | INFO: Extracting primitive: Cosmetic_gun_recoil_Steel
01:38:06 | INFO: Primitives created: 1
01:38:06 | INFO: Extracting primitive: Cosmetic_turret_Canvas
01:38:06 | INFO: Primitives created: 1
01:38:06 | INFO: Extracting primitive: Cosmetic_turret_Steel
01:38:06 | INFO: Primitives created: 1
01:38:06 | INFO: Finished glTF 2.0 export in 0.09349751472473145 s

BLENDER_MODEL_PASS us_m36_m4a1_1945
Info: Saved as "us_m4a3_75w_vvss_1944.blend"
01:38:06 | INFO: Starting glTF 2.0 export
01:38:06 | INFO: Extracting primitive: Armor_floor_front
01:38:06 | INFO: Primitives created: 1
01:38:06 | INFO: Extracting primitive: Armor_floor_rear
01:38:06 | INFO: Primitives created: 1
01:38:06 | INFO: Extracting primitive: Armor_hull_0_0
01:38:06 | INFO: Primitives created: 1
01:38:06 | INFO: Extracting primitive: Armor_hull_0_1
01:38:06 | INFO: Primitives created: 1
01:38:06 | INFO: Extracting primitive: Armor_hull_0_2
01:38:06 | INFO: Primitives created: 1
01:38:06 | INFO: Extracting primitive: Armor_hull_0_3
01:38:06 | INFO: Primitives created: 1
01:38:06 | INFO: Extracting primitive: Armor_hull_0_4
01:38:06 | INFO: Primitives created: 1
01:38:06 | INFO: Extracting primitive: Armor_hull_0_5
01:38:06 | INFO: Primitives created: 1
01:38:06 | INFO: Extracting primitive: Armor_hull_0_6
01:38:06 | INFO: Primitives created: 1
01:38:06 | INFO: Extracting primitive: Armor_hull_0_7
01:38:06 | INFO: Primitives created: 1
01:38:06 | INFO: Extracting primitive: Armor_hull_1_0
01:38:06 | INFO: Primitives created: 1
01:38:06 | INFO: Extracting primitive: Armor_hull_1_1
01:38:06 | INFO: Primitives created: 1
01:38:06 | INFO: Extracting primitive: Armor_hull_1_2
01:38:06 | INFO: Primitives created: 1
01:38:06 | INFO: Extracting primitive: Armor_hull_1_3
01:38:06 | INFO: Primitives created: 1
01:38:06 | INFO: Extracting primitive: Armor_hull_1_4
01:38:06 | INFO: Primitives created: 1
01:38:06 | INFO: Extracting primitive: Armor_hull_1_5
01:38:06 | INFO: Primitives created: 1
01:38:06 | INFO: Extracting primitive: Armor_hull_1_6
01:38:06 | INFO: Primitives created: 1
01:38:06 | INFO: Extracting primitive: Armor_hull_1_7
01:38:06 | INFO: Primitives created: 1
01:38:06 | INFO: Extracting primitive: Armor_hull_roof_0
01:38:06 | INFO: Primitives created: 1
01:38:06 | INFO: Extracting primitive: Armor_hull_roof_1
01:38:06 | INFO: Primitives created: 1
01:38:06 | INFO: Extracting primitive: Armor_hull_roof_2
01:38:06 | INFO: Primitives created: 1
01:38:06 | INFO: Extracting primitive: Armor_hull_roof_3
01:38:06 | INFO: Primitives created: 1
01:38:06 | INFO: Extracting primitive: Armor_hull_roof_4
01:38:06 | INFO: Primitives created: 1
01:38:06 | INFO: Extracting primitive: Armor_hull_roof_5
01:38:06 | INFO: Primitives created: 1
01:38:06 | INFO: Extracting primitive: Armor_hull_roof_6
01:38:06 | INFO: Primitives created: 1
01:38:06 | INFO: Extracting primitive: Armor_hull_roof_7
01:38:06 | INFO: Primitives created: 1
01:38:06 | INFO: Extracting primitive: Cosmetic_hull_Canvas
01:38:06 | INFO: Primitives created: 1
01:38:06 | INFO: Extracting primitive: Cosmetic_hull_Dark
01:38:06 | INFO: Primitives created: 1
01:38:06 | INFO: Extracting primitive: Cosmetic_hull_Edge
01:38:06 | INFO: Primitives created: 1
01:38:06 | INFO: Extracting primitive: Cosmetic_hull_Glass
01:38:06 | INFO: Primitives created: 1
01:38:06 | INFO: Extracting primitive: Cosmetic_hull_Olive
01:38:06 | INFO: Primitives created: 1
01:38:06 | INFO: Extracting primitive: Cosmetic_hull_Rubber
01:38:06 | INFO: Primitives created: 1
01:38:06 | INFO: Extracting primitive: Cosmetic_hull_Steel
01:38:06 | INFO: Primitives created: 1
01:38:06 | INFO: Extracting primitive: Armor_fixed_gun_shield_0
01:38:06 | INFO: Primitives created: 1
01:38:06 | INFO: Extracting primitive: Armor_fixed_gun_shield_1
01:38:06 | INFO: Primitives created: 1
01:38:06 | INFO: Extracting primitive: Armor_fixed_gun_shield_2
01:38:06 | INFO: Primitives created: 1
01:38:06 | INFO: Extracting primitive: Armor_fixed_gun_shield_3
01:38:06 | INFO: Primitives created: 1
01:38:06 | INFO: Extracting primitive: Armor_turret_front_0
01:38:06 | INFO: Primitives created: 1
01:38:06 | INFO: Extracting primitive: Armor_turret_front_1
01:38:06 | INFO: Primitives created: 1
01:38:06 | INFO: Extracting primitive: Armor_turret_front_2
01:38:06 | INFO: Primitives created: 1
01:38:06 | INFO: Extracting primitive: Armor_turret_front_3
01:38:06 | INFO: Primitives created: 1
01:38:06 | INFO: Extracting primitive: Armor_turret_roof
01:38:06 | INFO: Primitives created: 1
01:38:06 | INFO: Extracting primitive: Armor_turret_wall_1
01:38:06 | INFO: Primitives created: 1
01:38:06 | INFO: Extracting primitive: Armor_turret_wall_2
01:38:06 | INFO: Primitives created: 1
01:38:06 | INFO: Extracting primitive: Armor_turret_wall_3
01:38:06 | INFO: Primitives created: 1
01:38:06 | INFO: Extracting primitive: Armor_turret_wall_4
01:38:06 | INFO: Primitives created: 1
01:38:06 | INFO: Extracting primitive: Armor_turret_wall_5
01:38:06 | INFO: Primitives created: 1
01:38:06 | INFO: Extracting primitive: Armor_turret_wall_6
01:38:06 | INFO: Primitives created: 1
01:38:06 | INFO: Extracting primitive: Armor_turret_wall_7
01:38:06 | INFO: Primitives created: 1
01:38:06 | INFO: Extracting primitive: Armor_turret_wall_8
01:38:06 | INFO: Primitives created: 1
01:38:06 | INFO: Extracting primitive: Armor_turret_wall_9
01:38:06 | INFO: Primitives created: 1
01:38:06 | INFO: Extracting primitive: Armor_turret_wall_10
01:38:06 | INFO: Primitives created: 1
01:38:06 | INFO: Extracting primitive: Armor_turret_wall_11
01:38:06 | INFO: Primitives created: 1
01:38:06 | INFO: Extracting primitive: Armor_turret_wall_12
01:38:06 | INFO: Primitives created: 1
01:38:06 | INFO: Extracting primitive: Armor_turret_wall_13
01:38:06 | INFO: Primitives created: 1
01:38:06 | INFO: Extracting primitive: Armor_rotor_shield_0
01:38:06 | INFO: Primitives created: 1
01:38:06 | INFO: Extracting primitive: Armor_rotor_shield_1
01:38:06 | INFO: Primitives created: 1
01:38:06 | INFO: Extracting primitive: Armor_rotor_shield_2
01:38:06 | INFO: Primitives created: 1
01:38:06 | INFO: Extracting primitive: Armor_rotor_shield_3
01:38:06 | INFO: Primitives created: 1
01:38:06 | INFO: Extracting primitive: Cosmetic_gun_recoil_Dark
01:38:06 | INFO: Primitives created: 1
01:38:06 | INFO: Extracting primitive: Cosmetic_gun_recoil_Olive
01:38:06 | INFO: Primitives created: 1
01:38:06 | INFO: Extracting primitive: Cosmetic_gun_recoil_Steel
01:38:06 | INFO: Primitives created: 1
01:38:06 | INFO: Extracting primitive: Cosmetic_turret_Dark
01:38:06 | INFO: Primitives created: 1
01:38:06 | INFO: Extracting primitive: Cosmetic_turret_Edge
01:38:06 | INFO: Primitives created: 1
01:38:06 | INFO: Extracting primitive: Cosmetic_turret_Glass
01:38:06 | INFO: Primitives created: 1
01:38:06 | INFO: Extracting primitive: Cosmetic_turret_Olive
01:38:06 | INFO: Primitives created: 1
01:38:06 | INFO: Extracting primitive: Cosmetic_turret_Steel
01:38:06 | INFO: Primitives created: 1
01:38:06 | INFO: Finished glTF 2.0 export in 0.08964967727661133 s

BLENDER_MODEL_PASS us_m4a3_75w_vvss_1944
Blender 5.2.1 LTS (hash 9e2066aef7ef built 2026-08-25 02:38:20)

Blender quit
