Godot Engine v4.7.2.stable.official.ed1daf0bf - https://godotengine.org
OpenGL API 3.3.0 NVIDIA 591.86 - Compatibility - Using Device: NVIDIA - NVIDIA GeForce RTX 4070 SUPER

[progress] { "wall_seconds": 0.097994, "sim_seconds": 0.0, "phase": "countdown", "frames": 1, "projectiles_finished": 0 }
[progress] { "wall_seconds": 15.104717, "sim_seconds": 12.0833333333335, "phase": "playing", "frames": 902, "projectiles_finished": 0 }
[progress] { "wall_seconds": 30.120158, "sim_seconds": 27.0999999999997, "phase": "playing", "frames": 1803, "projectiles_finished": 0 }
[progress] { "wall_seconds": 45.125694, "sim_seconds": 42.0999999999989, "phase": "playing", "frames": 2688, "projectiles_finished": 10 }
[progress] { "wall_seconds": 60.136958, "sim_seconds": 57.1333333333314, "phase": "playing", "frames": 3588, "projectiles_finished": 17 }
[progress] { "wall_seconds": 75.137378, "sim_seconds": 72.1333333333305, "phase": "playing", "frames": 4488, "projectiles_finished": 24 }
[progress] { "wall_seconds": 90.154093, "sim_seconds": 87.116666666663, "phase": "playing", "frames": 5384, "projectiles_finished": 32 }
[progress] { "wall_seconds": 105.15639, "sim_seconds": 102.149999999995, "phase": "playing", "frames": 6266, "projectiles_finished": 38 }
[progress] { "wall_seconds": 120.161615, "sim_seconds": 117.149999999995, "phase": "playing", "frames": 7112, "projectiles_finished": 42 }
[progress] { "wall_seconds": 135.172761, "sim_seconds": 132.133333333331, "phase": "playing", "frames": 7958, "projectiles_finished": 49 }
[progress] { "wall_seconds": 150.210284, "sim_seconds": 147.166666666676, "phase": "playing", "frames": 8782, "projectiles_finished": 53 }
[progress] { "wall_seconds": 165.218145, "sim_seconds": 162.166666666688, "phase": "playing", "frames": 9572, "projectiles_finished": 58 }
[progress] { "wall_seconds": 180.218926, "sim_seconds": 177.2166666667, "phase": "playing", "frames": 10429, "projectiles_finished": 64 }
[progress] { "wall_seconds": 195.22504, "sim_seconds": 188.583333333376, "phase": "playing", "frames": 11293, "projectiles_finished": 70 }
[progress] { "wall_seconds": 210.227726, "sim_seconds": 203.583333333387, "phase": "playing", "frames": 12160, "projectiles_finished": 73 }
[progress] { "wall_seconds": 225.244144, "sim_seconds": 218.600000000066, "phase": "playing", "frames": 13025, "projectiles_finished": 79 }
[progress] { "wall_seconds": 240.250585, "sim_seconds": 233.616666666745, "phase": "playing", "frames": 13882, "projectiles_finished": 86 }
[progress] { "wall_seconds": 255.254765, "sim_seconds": 248.60000000009, "phase": "playing", "frames": 14742, "projectiles_finished": 94 }
[progress] { "wall_seconds": 270.260815, "sim_seconds": 263.600000000089, "phase": "playing", "frames": 15604, "projectiles_finished": 98 }
[progress] { "wall_seconds": 285.274342, "sim_seconds": 278.633333333409, "phase": "playing", "frames": 16485, "projectiles_finished": 106 }
[progress] { "wall_seconds": 300.27825, "sim_seconds": 293.633333333395, "phase": "playing", "frames": 17369, "projectiles_finished": 111 }
[progress] { "wall_seconds": 315.290091, "sim_seconds": 308.650000000048, "phase": "playing", "frames": 18231, "projectiles_finished": 114 }
[progress] { "wall_seconds": 330.296059, "sim_seconds": 323.650000000034, "phase": "playing", "frames": 19111, "projectiles_finished": 119 }
TRAFFIC_EVIDENCE user://diagnostics/traffic/match_01.json
[frame profile] from_start={ "count": 19277, "mean_ms": 17.2826223478757, "fps_from_mean": 57.8615895129431, "p50_ms": 16.475, "p95_ms": 34.304, "p99_ms": 53.728, "max_ms": 97.994 } after_warmup={ "count": 18382, "mean_ms": 17.3087223914699, "fps_from_mean": 57.7743392829975, "p50_ms": 16.446, "p95_ms": 34.676, "p99_ms": 54.185, "max_ms": 79.631 }
[load coverage] projectiles_finished=121 shells={ "us_m36_m4a1_1945_shell": 22, "us_m4a3_75w_vvss_1944_shell": 34, "us_m26_m3_1945_shell": 36, "us_m24_m6_t85e1_1951_shell": 29 } collapse=0/0 wrecks=5 audio={ "accepted": 1618, "peak_voices": 29, "peak_db": -16.4755973815918, "driver": "WASAPI", "status": "observed" }
[PASS] actual rendered frame intervals saved from match start
[PASS] original frame saved
FRAME_PROFILE_CHECKS_PASS
