Godot Engine v4.7.2.stable.official.ed1daf0bf - https://godotengine.org
OpenGL API 3.3.0 NVIDIA 591.86 - Compatibility - Using Device: NVIDIA - NVIDIA GeForce RTX 4070 SUPER

[progress] { "wall_seconds": 0.096262, "sim_seconds": 0.0, "phase": "countdown", "frames": 1, "projectiles_finished": 0 }
[progress] { "wall_seconds": 15.102906, "sim_seconds": 12.0833333333335, "phase": "playing", "frames": 902, "projectiles_finished": 0 }
[progress] { "wall_seconds": 30.117986, "sim_seconds": 27.0999999999997, "phase": "playing", "frames": 1803, "projectiles_finished": 0 }
[progress] { "wall_seconds": 45.118512, "sim_seconds": 42.1166666666656, "phase": "playing", "frames": 2685, "projectiles_finished": 12 }
[progress] { "wall_seconds": 60.126834, "sim_seconds": 57.1166666666647, "phase": "playing", "frames": 3546, "projectiles_finished": 21 }
[progress] { "wall_seconds": 75.128961, "sim_seconds": 72.1166666666639, "phase": "playing", "frames": 4261, "projectiles_finished": 27 }
[progress] { "wall_seconds": 90.195712, "sim_seconds": 87.1333333333297, "phase": "playing", "frames": 5058, "projectiles_finished": 32 }
[progress] { "wall_seconds": 105.202086, "sim_seconds": 102.183333333329, "phase": "playing", "frames": 5651, "projectiles_finished": 40 }
[progress] { "wall_seconds": 120.21104, "sim_seconds": 117.199999999995, "phase": "playing", "frames": 6367, "projectiles_finished": 48 }
[progress] { "wall_seconds": 135.257268, "sim_seconds": 131.866666666664, "phase": "playing", "frames": 6657, "projectiles_finished": 54 }
[progress] { "wall_seconds": 150.286707, "sim_seconds": 146.866666666676, "phase": "playing", "frames": 6915, "projectiles_finished": 59 }
[progress] { "wall_seconds": 165.296717, "sim_seconds": 161.066666666687, "phase": "playing", "frames": 7194, "projectiles_finished": 64 }
[progress] { "wall_seconds": 180.302352, "sim_seconds": 176.033333333366, "phase": "playing", "frames": 7715, "projectiles_finished": 70 }
[progress] { "wall_seconds": 195.309366, "sim_seconds": 191.066666666711, "phase": "playing", "frames": 8324, "projectiles_finished": 77 }
[progress] { "wall_seconds": 210.310818, "sim_seconds": 206.066666666723, "phase": "playing", "frames": 8990, "projectiles_finished": 82 }
[progress] { "wall_seconds": 225.312558, "sim_seconds": 221.066666666735, "phase": "playing", "frames": 9524, "projectiles_finished": 89 }
[progress] { "wall_seconds": 240.326431, "sim_seconds": 236.083333333413, "phase": "playing", "frames": 10201, "projectiles_finished": 94 }
[progress] { "wall_seconds": 255.37518, "sim_seconds": 251.083333333425, "phase": "playing", "frames": 10687, "projectiles_finished": 100 }
[progress] { "wall_seconds": 270.378068, "sim_seconds": 266.08333333342, "phase": "playing", "frames": 11149, "projectiles_finished": 104 }
[progress] { "wall_seconds": 285.506472, "sim_seconds": 279.983333333407, "phase": "playing", "frames": 11403, "projectiles_finished": 109 }
[progress] { "wall_seconds": 300.515816, "sim_seconds": 294.700000000061, "phase": "playing", "frames": 11681, "projectiles_finished": 115 }
[progress] { "wall_seconds": 315.649387, "sim_seconds": 308.666666666715, "phase": "playing", "frames": 11923, "projectiles_finished": 120 }
[progress] { "wall_seconds": 330.681294, "sim_seconds": 323.183333333368, "phase": "playing", "frames": 12166, "projectiles_finished": 126 }
[progress] { "wall_seconds": 345.69879, "sim_seconds": 338.233333333354, "phase": "playing", "frames": 12595, "projectiles_finished": 131 }
[progress] { "wall_seconds": 360.730518, "sim_seconds": 353.233333333341, "phase": "playing", "frames": 13182, "projectiles_finished": 137 }
[progress] { "wall_seconds": 375.734968, "sim_seconds": 368.26666666666, "phase": "playing", "frames": 13888, "projectiles_finished": 143 }
[progress] { "wall_seconds": 390.736206, "sim_seconds": 383.24999999998, "phase": "playing", "frames": 14430, "projectiles_finished": 147 }
[progress] { "wall_seconds": 405.740948, "sim_seconds": 398.266666666633, "phase": "playing", "frames": 15138, "projectiles_finished": 154 }
TRAFFIC_EVIDENCE user://diagnostics/traffic/match_01.json
[frame profile] from_start={ "count": 15337, "mean_ms": 26.6761871291648, "fps_from_mean": 37.4866166277081, "p50_ms": 16.85, "p95_ms": 75.848, "p99_ms": 143.904, "max_ms": 241.263 } after_warmup={ "count": 14442, "mean_ms": 27.2917203988368, "fps_from_mean": 36.6411492344991, "p50_ms": 16.91, "p95_ms": 77.411, "p99_ms": 145.22, "max_ms": 241.263 }
[load coverage] projectiles_finished=155 shells={ "us_m36_m4a1_1945_shell": 43, "us_m4a3_75w_vvss_1944_shell": 31, "us_m26_m3_1945_shell": 45, "us_m24_m6_t85e1_1951_shell": 36 } collapse=0/0 wrecks=4 audio={ "accepted": 5754, "peak_voices": 30, "peak_db": -15.6786117553711, "driver": "WASAPI", "status": "observed" }
[PASS] actual rendered frame intervals saved from match start
[PASS] original frame saved
FRAME_PROFILE_CHECKS_PASS
