Godot Engine v4.7.2.stable.official.ed1daf0bf - https://godotengine.org
OpenGL API 3.3.0 NVIDIA 591.86 - Compatibility - Using Device: NVIDIA - NVIDIA GeForce RTX 4070 SUPER

[PASS] normal project start opens Chinese garage
[PASS] real replay capture 01_garage
[capture] 01_garage
[PASS] real preview button shows actual armor
[PASS] real replay capture 02_armor_inspection
[capture] 02_armor_inspection
[PASS] real preview button shows modules and crew
[popup choice] requested=0 selected=0 visible=false
[PASS] normal selector chooses AP70
[popup choice] requested=0 selected=0 visible=false
[PASS] normal garage entry starts lesson 0
[PASS] actual loadout retained across entry
[PASS] one normal mouse shot creates one projectile
[PASS] actual completed shot opens corner replay
[PASS] lesson 0 completes from actual shot/state: passed
[PASS] explanation cites the actual completed projectile
[lesson 0] 车体正面：未击穿（入射 1.3°）
穿深预算 70.0 → 0.0 mm；等效厚度 240.1 mm
没有实际内部损伤，不能仅凭命中判定击毁。
目标：存活 / 可驾驶 / 可射击
[PASS] real replay capture 03_lesson_0_replay
[capture] 03_lesson_0_replay
[PASS] Enter opens Chinese result screen with paused world
[PASS] result has reachable return-to-garage control
[PASS] return to garage fully releases training
[PASS] garage preserves loadout and lesson selection
[popup choice] requested=1 selected=1 visible=false
[PASS] normal garage entry starts lesson 1
[PASS] actual loadout retained across entry
[PASS] one normal mouse shot creates one projectile
[PASS] actual completed shot opens corner replay
[PASS] lesson 1 completes from actual shot/state: passed
[PASS] explanation cites the actual completed projectile
[lesson 1] 车体左侧：击穿（入射 2.0°）
穿深预算 70.0 → 50.0 mm；等效厚度 20.0 mm
车体右侧：击穿（入射 2.0°）
穿深预算 30.0 → 10.0 mm；等效厚度 20.0 mm
油箱：部件失能
发动机：部件失能
目标：存活 / 无法驾驶 / 可射击
[PASS] real replay capture 04_lesson_1_replay
[capture] 04_lesson_1_replay
[PASS] Enter opens Chinese result screen with paused world
[PASS] result has reachable return-to-garage control
[PASS] return to garage fully releases training
[PASS] garage preserves loadout and lesson selection
[popup choice] requested=2 selected=2 visible=false
[PASS] normal garage entry starts lesson 2
[PASS] actual loadout retained across entry
[PASS] one normal mouse shot creates one projectile
[PASS] actual completed shot opens corner replay
[PASS] lesson 2 completes from actual shot/state: passed
[PASS] explanation cites the actual completed projectile
[lesson 2] 车体后部：击穿（入射 1.2°）
穿深预算 70.0 → 50.0 mm；等效厚度 20.0 mm
车体正面：未击穿（入射 1.2°）
穿深预算 40.0 → 0.0 mm；等效厚度 240.1 mm
发动机：部件失能
目标：存活 / 无法驾驶 / 可射击
[PASS] real replay capture 05_lesson_2_replay
[capture] 05_lesson_2_replay
[PASS] Enter opens Chinese result screen with paused world
[PASS] real replay capture 06_result_engine
[capture] 06_result_engine
[PASS] result has reachable return-to-garage control
[PASS] return to garage fully releases training
[PASS] garage preserves loadout and lesson selection
[popup choice] requested=3 selected=3 visible=false
[PASS] normal garage entry starts lesson 3
[PASS] actual loadout retained across entry
[PASS] one normal mouse shot creates one projectile
[PASS] actual completed shot opens corner replay
[PASS] lesson 3 completes from actual shot/state: passed
[PASS] explanation cites the actual completed projectile
[lesson 3] turret rear：击穿（入射 0.3°）
穿深预算 70.0 → 50.0 mm；等效厚度 20.0 mm
turret front：击穿（入射 0.3°）
穿深预算 40.0 → 20.0 mm；等效厚度 20.0 mm
炮闩：部件失能
目标：存活 / 可驾驶 / 无法射击
[PASS] real replay capture 06_lesson_3_replay
[capture] 06_lesson_3_replay
[PASS] Enter opens Chinese result screen with paused world
[PASS] result has reachable return-to-garage control
[PASS] return to garage fully releases training
[PASS] garage preserves loadout and lesson selection
[popup choice] requested=4 selected=4 visible=false
[PASS] normal garage entry starts lesson 4
[PASS] actual loadout retained across entry
[PASS] one normal mouse shot creates one projectile
[PASS] actual completed shot opens corner replay
[PASS] lesson 4 completes from actual shot/state: passed
[PASS] explanation cites the actual completed projectile
[lesson 4] 车体后部：击穿（入射 1.8°）
穿深预算 70.0 → 50.0 mm；等效厚度 20.0 mm
车体正面：未击穿（入射 1.8°）
穿深预算 40.0 → 0.0 mm；等效厚度 240.1 mm
弹药架：部件失能
目标：存活 / 可驾驶 / 可射击
[PASS] real replay capture 07_lesson_4_replay
[capture] 07_lesson_4_replay
[PASS] Enter opens Chinese result screen with paused world
[PASS] result has reachable return-to-garage control
[PASS] return to garage fully releases training
[PASS] garage preserves loadout and lesson selection
[popup choice] requested=5 selected=5 visible=false
[PASS] normal garage entry starts lesson 5
[PASS] actual loadout retained across entry
[PASS] one normal mouse shot creates one projectile
[PASS] actual completed shot opens corner replay
[PASS] repair lesson waits for actual repair after hit
[PASS] normal T begins stationary repair
[PASS] real replay capture 08_repair_progress
[capture] 08_repair_progress
[PASS] lesson 5 completes from actual shot/state: passed
[PASS] explanation cites the actual completed projectile
[lesson 5] 未命中目标装甲；落点来自实际弹道。
左履带：部件失能
目标：存活 / 无法驾驶 / 可射击
驻车维修已恢复履带，目标重新具备驾驶能力。
[PASS] Enter opens Chinese result screen with paused world
[PASS] result has reachable return-to-garage control
[PASS] return to garage fully releases training
[PASS] garage preserves loadout and lesson selection
[popup choice] requested=6 selected=6 visible=false
[PASS] normal garage entry starts lesson 6
[PASS] actual loadout retained across entry
[PASS] one normal mouse shot creates one projectile
[PASS] actual completed shot opens corner replay
[PASS] lesson 6 completes from actual shot/state: passed
[PASS] explanation cites the actual completed projectile
[lesson 6] plate 0：跳弹（入射 78.0°）
穿深预算 70.0 → 35.0 mm；等效厚度 192.5 mm
没有实际内部损伤，不能仅凭命中判定击毁。
目标：存活 / 可驾驶 / 可射击
[PASS] real replay capture 09_lesson_6_replay
[capture] 09_lesson_6_replay
[PASS] Enter opens Chinese result screen with paused world
[PASS] result has reachable return-to-garage control
[PASS] return to garage fully releases training
[PASS] garage preserves loadout and lesson selection
=== 结果: 86 项检查, 0 失败 ===
[render] fps=60 physics_tps=60
CORE_PLAYER_CHECKS_PASS
