WARNING: LayoutCatalog: test_player_vehicle_layout: WARNING modules[1].barrel_box: module box outside actual vehicle armor bounds (coarse AABB check; not a verdict of physical intersection)
   at: push_warning (core/variant/variant_utility.cpp:1033)
   GDScript backtrace (most recent call first):
       [0] load_layout (res://scripts/layout/layout_catalog.gd:98)
       [1] setup (res://scripts/vehicle_actor.gd:85)
       [2] _ready (res://scripts/training/ballistics_range.gd:69)
       [3] _ready (res://scripts/battle/team_range.gd:43)
       [4] run (res://tests/run_world_vehicle_phase_checks.gd:56)
ERROR: Lambda capture at index 0 was freed. Passed "null" instead.
   at: call (modules/gdscript/gdscript_lambda_callable.cpp:110)
   GDScript backtrace (most recent call first):
       [0] begin_simulation_command (res://scripts/vehicle_actor.gd:328)
       [1] _physics_process (res://scripts/battle/vehicle_simulation_driver.gd:25)
ERROR: Lambda capture at index 0 was freed. Passed "null" instead.
   at: call (modules/gdscript/gdscript_lambda_callable.cpp:110)
   GDScript backtrace (most recent call first):
       [0] begin_simulation_command (res://scripts/vehicle_actor.gd:328)
       [1] _physics_process (res://scripts/battle/vehicle_simulation_driver.gd:25)
ERROR: Lambda capture at index 0 was freed. Passed "null" instead.
   at: call (modules/gdscript/gdscript_lambda_callable.cpp:110)
   GDScript backtrace (most recent call first):
       [0] begin_simulation_command (res://scripts/vehicle_actor.gd:328)
       [1] _physics_process (res://scripts/battle/vehicle_simulation_driver.gd:25)
ERROR: Lambda capture at index 0 was freed. Passed "null" instead.
   at: call (modules/gdscript/gdscript_lambda_callable.cpp:110)
   GDScript backtrace (most recent call first):
       [0] begin_simulation_command (res://scripts/vehicle_actor.gd:328)
       [1] _physics_process (res://scripts/battle/vehicle_simulation_driver.gd:25)
ERROR: Lambda capture at index 0 was freed. Passed "null" instead.
   at: call (modules/gdscript/gdscript_lambda_callable.cpp:110)
   GDScript backtrace (most recent call first):
       [0] begin_simulation_command (res://scripts/vehicle_actor.gd:328)
       [1] _physics_process (res://scripts/battle/vehicle_simulation_driver.gd:25)
ERROR: Lambda capture at index 0 was freed. Passed "null" instead.
   at: call (modules/gdscript/gdscript_lambda_callable.cpp:110)
   GDScript backtrace (most recent call first):
       [0] begin_simulation_command (res://scripts/vehicle_actor.gd:328)
       [1] _physics_process (res://scripts/battle/vehicle_simulation_driver.gd:25)
ERROR: Lambda capture at index 0 was freed. Passed "null" instead.
   at: call (modules/gdscript/gdscript_lambda_callable.cpp:110)
   GDScript backtrace (most recent call first):
       [0] begin_simulation_command (res://scripts/vehicle_actor.gd:328)
       [1] _physics_process (res://scripts/battle/vehicle_simulation_driver.gd:25)
