Godot Engine v4.7.2.stable.official.ed1daf0bf - https://godotengine.org

[PASS] construct real authority scene with three isolated gameplay profiles
[PASS] all identical test vehicles settle on real track probes under actual PlayerController polling
[PASS] stabilizer comparison uses declared game rules without binding historical vehicles
[ROUTE] none position=(-1.807631, 1.428714, -24.32066) ramp={ "samples": 280, "pitch": 0.0048651168389, "yaw": 0.00010024447526, "hull_pitch": 0.10471972078085, "spring_pitch": 0.03001433610916, "compensation": 0.0, "valid": true } turn={ "samples": 120, "pitch": 0.00150189387302, "yaw": 0.04697804898024, "hull_pitch": 0.08727339655161, "spring_pitch": 0.00000007739491, "compensation": 0.0, "valid": true }
[PASS] real driving ramp excites sprung hull and retains valid authoritative poses: none
[ROUTE] vertical position=(-1.807712, 1.428717, -24.32065) ramp={ "samples": 280, "pitch": 0.0003680154016, "yaw": 0.00004495573895, "hull_pitch": 0.10472033172846, "spring_pitch": 0.03001475706697, "compensation": 0.54456877708435, "valid": true } turn={ "samples": 120, "pitch": 0.00149876807506, "yaw": 0.046978161484, "hull_pitch": 0.08727340400219, "spring_pitch": 0.00000008132419, "compensation": 0.00000134110451, "valid": true }
[PASS] real driving ramp excites sprung hull and retains valid authoritative poses: vertical
[ROUTE] two_axis position=(-1.807762, 1.428724, -24.32074) ramp={ "samples": 280, "pitch": 0.00036852790841, "yaw": 0.00000975749322, "hull_pitch": 0.10472191870213, "spring_pitch": 0.03001433424652, "compensation": 0.54458123445511, "valid": true } turn={ "samples": 120, "pitch": 0.00009495417277, "yaw": 0.00318665032585, "hull_pitch": 0.08727333694696, "spring_pitch": 0.00000003446633, "compensation": 0.22689834237099, "valid": true }
[PASS] real driving ramp excites sprung hull and retains valid authoritative poses: two_axis
[PASS] vertical and two-axis profiles reduce measured pitch error on the same actual ramp route
[PASS] single-axis mode retains horizontal lag while two-axis mode reduces it during real steering
[PASS] unstabilized production rig has no hull disturbance feed-forward throughout driving
[PASS] normal fire input launches exactly one actual projectile while driving: none
[PASS] same-tick projectile launch uses physical muzzle and barrel plus vehicle velocity: none
[PASS] shot preserves unstabilized barrel lag instead of snapping the projectile to optical aim
[PASS] normal fire input launches exactly one actual projectile while driving: vertical
[PASS] same-tick projectile launch uses physical muzzle and barrel plus vehicle velocity: vertical
[PASS] normal fire input launches exactly one actual projectile while driving: two_axis
[PASS] same-tick projectile launch uses physical muzzle and barrel plus vehicle velocity: two_axis
[PASS] manager admits the declared physical module path: horizontal
[AXIS HIT] horizontal contacts=1 damage=[{ "kind": "module", "entity_id": "two_axis", "life_id": 3, "part_id": "hull", "module_id": "horizontal", "t_enter": 0.22857142771993, "target_generation": 3, "t_exit": 0.34285714370864, "distance_enter_m": 0.79999999701977, "distance_exit_m": 1.20000000298023, "starts_inside": false, "grazing": false, "external": false, "distance_m": 0.79999999701977, "t": 0.22857142771993, "point_world": (29.0, 1.0, 6.2), "event_type": "enter", "box_world_transform": [X: (1.0, 0.0, 0.0), Y: (0.0, 1.0, 0.0), Z: (0.0, 0.0, 1.0), O: (29.0, 1.0, 6.0)], "box_size_m": (0.4, 0.4, 0.4), "geometry_frame": 0, "round_id": 1, "shooter_id": "test_axis_attacker", "shooter_life_id": 99, "shot_id": 1, "projectile_id": 4, "event_id": "[1,\"test_axis_attacker\",99,1,4,\"[\\\"two_axis\\\",3,\\\"module\\\",\\\"hull\\\",\\\"horizontal\\\",3]\"]", "fragment_id": -1, "ok": true, "item_id": "horizontal", "consumed_mm": 10.0, "before": { "kind": "turret_horizontal_drive", "integrity": 100.0, "max_integrity": 100.0, "resistance_mm": 10.0, "external": false, "fire_module_targets": [], "fire_crew_targets": [] }, "after": { "kind": "turret_horizontal_drive", "integrity": 0.0, "max_integrity": 100.0, "resistance_mm": 10.0, "external": false, "fire_module_targets": [], "fire_crew_targets": [] }, "person_id": "", "reason": "module_destroyed", "source": { "round_id": 1, "shooter_id": "test_axis_attacker", "shooter_life_id": 99, "shot_id": 1, "projectile_id": 4, "event_id": "[1,\"test_axis_attacker\",99,1,4,\"[\\\"two_axis\\\",3,\\\"module\\\",\\\"hull\\\",\\\"horizontal\\\",3]\"]" }, "newly_destroyed": false, "state_generation": 3, "target_id": "two_axis", "target_life_id": 3, "damage_index": 1, "flight_time_s": 0.00633333290602, "travelled_m": 3.80000019073486, "before_mm": 100.0, "after_mm": 90.0, "impact_point": (29.0, 1.0, 6.2), "impact_velocity": (0.0, 0.0, -600.0), "rules_version": "direct-hit-test-v1", "physics_tick": 888 }]
[PASS] actual plate penetration destroys exactly the intended axis module: horizontal
[PASS] isolated horizontal shot preserves vertical
[PASS] isolated horizontal shot preserves stabilizer
[PASS] HUD identifies the destroyed mechanism by module kind while the intact gun remains ready: horizontal
[PASS] horizontal drive destruction freezes only real turret traverse while elevation still responds
[PASS] normal repair input starts the damaged horizontal mechanism through production recovery
[PASS] pause freezes mechanism, suspension and repair clock and rejects queued firing
[PASS] natural repair restores the damaged drive to the configured half-strength threshold only
[PASS] HUD removes the horizontal-drive failure when actual repair restores function
[PAUSE SHOTS] before=[30, 1, 1, 2] after=[30, 1, 1, 2]
[PASS] resuming repair does not replay the rejected paused fire request
[PASS] repaired traverse resumes actual movement within its degraded maximum rate
[PASS] new life clears mechanism motion/history and repairs the fixture state
[PASS] manager admits the declared physical module path: vertical
[AXIS HIT] vertical contacts=1 damage=[{ "kind": "module", "entity_id": "two_axis", "life_id": 3, "part_id": "hull", "module_id": "vertical", "t_enter": 0.22857142771993, "target_generation": 4, "t_exit": 0.34285714370864, "distance_enter_m": 0.79999999701977, "distance_exit_m": 1.20000000298023, "starts_inside": false, "grazing": false, "external": false, "distance_m": 0.79999999701977, "t": 0.22857142771993, "point_world": (30.0, 1.0, 6.2), "event_type": "enter", "box_world_transform": [X: (1.0, 0.0, 0.0), Y: (0.0, 1.0, 0.0), Z: (0.0, 0.0, 1.0), O: (30.0, 1.0, 6.0)], "box_size_m": (0.4, 0.4, 0.4), "geometry_frame": 0, "round_id": 1, "shooter_id": "test_axis_attacker", "shooter_life_id": 99, "shot_id": 2, "projectile_id": 5, "event_id": "[1,\"test_axis_attacker\",99,2,5,\"[\\\"two_axis\\\",3,\\\"module\\\",\\\"hull\\\",\\\"vertical\\\",4]\"]", "fragment_id": -1, "ok": true, "item_id": "vertical", "consumed_mm": 10.0, "before": { "kind": "turret_vertical_drive", "integrity": 100.0, "max_integrity": 100.0, "resistance_mm": 10.0, "external": false, "fire_module_targets": [], "fire_crew_targets": [] }, "after": { "kind": "turret_vertical_drive", "integrity": 0.0, "max_integrity": 100.0, "resistance_mm": 10.0, "external": false, "fire_module_targets": [], "fire_crew_targets": [] }, "person_id": "", "reason": "module_destroyed", "source": { "round_id": 1, "shooter_id": "test_axis_attacker", "shooter_life_id": 99, "shot_id": 2, "projectile_id": 5, "event_id": "[1,\"test_axis_attacker\",99,2,5,\"[\\\"two_axis\\\",3,\\\"module\\\",\\\"hull\\\",\\\"vertical\\\",4]\"]" }, "newly_destroyed": false, "state_generation": 4, "target_id": "two_axis", "target_life_id": 3, "damage_index": 1, "flight_time_s": 0.00633333290602, "travelled_m": 3.80000019073486, "before_mm": 100.0, "after_mm": 90.0, "impact_point": (30.0, 1.0, 6.2), "impact_velocity": (0.0, 0.0, -600.0), "rules_version": "direct-hit-test-v1", "physics_tick": 1955 }]
[PASS] actual plate penetration destroys exactly the intended axis module: vertical
[PASS] isolated vertical shot preserves horizontal
[PASS] isolated vertical shot preserves stabilizer
[PASS] HUD identifies the destroyed mechanism by module kind while the intact gun remains ready: vertical
[PASS] vertical drive destruction freezes physical elevation while traverse and its stabilization remain available
[PASS] manager admits the declared physical module path: stabilizer
[AXIS HIT] stabilizer contacts=1 damage=[{ "kind": "module", "entity_id": "two_axis", "life_id": 3, "part_id": "hull", "module_id": "stabilizer", "t_enter": 0.22857142771993, "target_generation": 5, "t_exit": 0.34285714370864, "distance_enter_m": 0.79999999701977, "distance_exit_m": 1.20000000298023, "starts_inside": false, "grazing": false, "external": false, "distance_m": 0.79999999701977, "t": 0.22857142771993, "point_world": (31.0, 1.0, 6.2), "event_type": "enter", "box_world_transform": [X: (1.0, 0.0, 0.0), Y: (0.0, 1.0, 0.0), Z: (0.0, 0.0, 1.0), O: (31.0, 1.0, 6.0)], "box_size_m": (0.4, 0.4, 0.4), "geometry_frame": 0, "round_id": 1, "shooter_id": "test_axis_attacker", "shooter_life_id": 99, "shot_id": 3, "projectile_id": 6, "event_id": "[1,\"test_axis_attacker\",99,3,6,\"[\\\"two_axis\\\",3,\\\"module\\\",\\\"hull\\\",\\\"stabilizer\\\",5]\"]", "fragment_id": -1, "ok": true, "item_id": "stabilizer", "consumed_mm": 10.0, "before": { "kind": "stabilizer", "integrity": 100.0, "max_integrity": 100.0, "resistance_mm": 10.0, "external": false, "fire_module_targets": [], "fire_crew_targets": [] }, "after": { "kind": "stabilizer", "integrity": 0.0, "max_integrity": 100.0, "resistance_mm": 10.0, "external": false, "fire_module_targets": [], "fire_crew_targets": [] }, "person_id": "", "reason": "module_destroyed", "source": { "round_id": 1, "shooter_id": "test_axis_attacker", "shooter_life_id": 99, "shot_id": 3, "projectile_id": 6, "event_id": "[1,\"test_axis_attacker\",99,3,6,\"[\\\"two_axis\\\",3,\\\"module\\\",\\\"hull\\\",\\\"stabilizer\\\",5]\"]" }, "newly_destroyed": false, "state_generation": 5, "target_id": "two_axis", "target_life_id": 3, "damage_index": 1, "flight_time_s": 0.00633333290602, "travelled_m": 3.80000019073486, "before_mm": 100.0, "after_mm": 90.0, "impact_point": (31.0, 1.0, 6.2), "impact_velocity": (0.0, 0.0, -600.0), "rules_version": "direct-hit-test-v1", "physics_tick": 2230 }]
[PASS] actual plate penetration destroys exactly the intended axis module: stabilizer
[PASS] isolated stabilizer shot preserves horizontal
[PASS] isolated stabilizer shot preserves vertical
[PASS] HUD identifies the destroyed mechanism by module kind while the intact gun remains ready: stabilizer
[PASS] destroyed stabilizer removes disturbance compensation while both physical gunner drives still work
=== 结果: 41 项检查, 0 失败 ===
TURRET_MECHANISM_PLAYER_CHECKS_PASS
