Godot Engine v4.7.2.stable.official.ed1daf0bf - https://godotengine.org

[PASS] T031-01 actual Windows release template
[PASS] T031-01 independent installation has no source fallback
[PASS] T031-02 complete PCK inventory excludes non-runtime files: []
[PASS] T031-02 excluded development file: res://tests/run_release_checks.gd
[PASS] T031-02 excluded development file: res://tests/run_checks.gd
[PASS] T031-02 excluded development file: res://AGENTS.md
[PASS] T031-02 excluded development file: res://docs/PROJECT_PROGRESS.json
[PASS] T031-02 excluded development file: res://authoring/vehicles/us_m4a3_75w_vvss_1944.blend
[PASS] T031-01 Chinese glyphs and font license present
[PASS] T031-02 engine and font notices beside executable
[PASS] T031-01 four historical content packages admitted
[PASS] T031-01 relative GLB and palette: us_m4a3_75w_vvss_1944
[PASS] T031-01 relative GLB and palette: us_m24_m6_t85e1_1951
[PASS] T031-01 relative GLB and palette: us_m26_m3_1945
[PASS] T031-01 relative GLB and palette: us_m36_m4a1_1945
[PASS] T031-01 all thirteen sound streams load
[PASS] T031-01 default application opens usable garage
[PASS] T031-01 settings write into independent user directory
[PASS] T031-01 garage enters complete map 0
[PASS] T031-01 normal countdown and any focus pause resolve through player input 0
[PASS] T031-01 ordinary keyboard drives live actor 0
[PASS] T031-01 remapped key fires actual gun 0
TRAFFIC_EVIDENCE user://diagnostics/traffic/match_01.json
[PASS] T031-01 battle returns through normal navigation
[PASS] T031-01 garage enters complete map 1
[PASS] T031-01 normal countdown and any focus pause resolve through player input 1
[PASS] T031-01 ordinary keyboard drives live actor 1
[PASS] T031-01 remapped key fires actual gun 1
TRAFFIC_EVIDENCE user://diagnostics/traffic/match_02.json
[PASS] T031-01 battle returns through normal navigation
[PASS] T031-01 authored challenge opens: flank_hunter
[PASS] T031-01 authored challenge opens: hold_ground
[PASS] T031-01 authored challenge opens: td_route
[PASS] T031-01 real tutorial guide loaded without fabricated completion
[PASS] T031-01 chapter checkpoint reopens from actual disk
[PASS] T031-01 rendered paths contain no missing translation keys
=== 结果: 34 项检查, 0 失败 ===
RELEASE_CHECKS_PASS
